run-logos-standalone-ui: hot-reloading QML from <repo>/src/qml
  (export DEV_QML_PATH to override, or LOGOS_QML_HOT_RELOAD=0 to disable)
Session directory: "~/Library/Application Support/Logos/LogosStandalone"
[2026-10-06 14:11:19.493] [info] [logos] Granting host services to 'capability_module': token_registry,token_delivery
[2026-10-06 14:11:19.521] [out] [capability_module] [2026-10-06 14:11:19.521] [info] Granting host services to capability_module: ["token_registry","token_delivery"]
RemoteTransportConnection: Connecting to registry: "local:logos_capability_module_dc830b0bd070" at "14:11:19.522"
RemoteTransportConnection: Registry connect attempt started (no peer contact yet): "local:logos_capability_module_dc830b0bd070"
LogosAPIConsumer: Informing module token for module: "capability_module" with token: "redacted:d064bb77…"
RemoteTransportConnection: Requesting object: "capability_module" at "14:11:19.522"
[LogosObject] RemoteTransportConnection: returning RemoteLogosObject for: "capability_module"
[LogosObject] Created RemoteLogosObject wrapping QRemoteObjectReplica 105553174608832
[LogosObject] LogosAPIConsumer: calling LogosObject::informModuleToken for "capability_module"
LogosAPIConsumer: informModuleToken completed with result: true
[LogosObject] Destroying RemoteLogosObject 0
[2026-10-06 14:11:19.543] [info] [logos] Module loaded: capability_module
LogosAPIConsumer: Informing module token for module: "modules_state" with token: "redacted:973b9bf6…"
RemoteTransportConnection: Requesting object: "capability_module" at "14:11:19.570"
[LogosObject] RemoteTransportConnection: returning RemoteLogosObject for: "capability_module"
[LogosObject] Created RemoteLogosObject wrapping QRemoteObjectReplica 105553174556800
[LogosObject] LogosAPIConsumer: calling LogosObject::informModuleToken for "modules_state"
LogosAPIConsumer: informModuleToken completed with result: true
[LogosObject] Destroying RemoteLogosObject 0
[2026-10-06 14:11:19.570] [info] [logos] Module loaded: modules_state
RemoteTransportConnection: Connecting to registry: "local:logos_modules_state_dc830b0bd070" at "14:11:19.570"
RemoteTransportConnection: Registry connect attempt started (no peer contact yet): "local:logos_modules_state_dc830b0bd070"
RemoteTransportConnection: Connecting to registry: "local:logos_capability_module_dc830b0bd070" at "14:11:19.571"
RemoteTransportConnection: Registry connect attempt started (no peer contact yet): "local:logos_capability_module_dc830b0bd070"
LogosAPIConsumer: '"modules_state"::""' deferred pending the module becoming reachable
LogosAPIConsumer: '"modules_state"::""' deferred pending the module becoming reachable
Logos Core started (modules dir: "/nix/store/4v2cj5cr5dlsjb9cl0blr0cds0qf07iv-logos-forum_module-plugin-dir-modules" )
Set app icon from metadata: "/nix/store/2cf2rignr2kkmi3zdzsjhi0v9v7mcv58-logos-forum_module-plugin-dir/src/icons/icon.png"
[2026-10-06 14:11:19.608] [info] [logos] [delivery_module] DeliveryModuleImpl: Initializing...
LogosAPIConsumer: Informing module token for module: "delivery_module" with token: "redacted:8144c848…"
RemoteTransportConnection: Requesting object: "capability_module" at "14:11:19.609"
[LogosObject] RemoteTransportConnection: returning RemoteLogosObject for: "capability_module"
[LogosObject] Created RemoteLogosObject wrapping QRemoteObjectReplica 105553174856448
[LogosObject] LogosAPIConsumer: calling LogosObject::informModuleToken for "delivery_module"
LogosAPIConsumer: informModuleToken completed with result: true
[LogosObject] Destroying RemoteLogosObject 0
[2026-10-06 14:11:19.609] [info] [logos] Module loaded: delivery_module
RemoteTransportConnection: Connecting to registry: "local:logos_delivery_module_dc830b0bd070" at "14:11:19.610"
RemoteTransportConnection: Registry connect attempt started (no peer contact yet): "local:logos_delivery_module_dc830b0bd070"
RemoteTransportConnection: Connecting to registry: "local:logos_capability_module_dc830b0bd070" at "14:11:19.610"
RemoteTransportConnection: Registry connect attempt started (no peer contact yet): "local:logos_capability_module_dc830b0bd070"
LogosAPIConsumer: '"delivery_module"::""' deferred pending the module becoming reachable
LogosAPIClient: getToken for module: "modules_state"
LogosAPIClient: Found token for module: "modules_state"
RemoteTransportConnection: Requesting object: "modules_state" at "14:11:19.610"
[LogosObject] RemoteTransportConnection: returning RemoteLogosObject for: "modules_state"
[LogosObject] Created RemoteLogosObject wrapping QRemoteObjectReplica 105553174568512
[LogosObject] LogosAPIConsumer: async calling via LogosObject::callMethodAsync "note_transition"
[LogosObject] RemoteLogosObject::callMethodAsync "note_transition" args: 7
LogosAPIClient: getToken for module: "modules_state"
LogosAPIClient: Found token for module: "modules_state"
[LogosObject] LogosAPIConsumer: async calling via LogosObject::callMethodAsync "note_transition"
[LogosObject] RemoteLogosObject::callMethodAsync "note_transition" args: 7
Loaded dependency (with transitive deps): "delivery_module"
[2026-10-06 14:11:19.636] [info] [logos] [storage_module] StorageModuleImpl: Initializing...
LogosAPIConsumer: Informing module token for module: "storage_module" with token: "redacted:eb7aa8c7…"
RemoteTransportConnection: Requesting object: "capability_module" at "14:11:19.637"
[LogosObject] Created RemoteLogosObject wrapping QRemoteObjectReplica 105553174593248
LogosAPIClient: invoking remote method "modules_state" "apply_snapshot" args_count: 1
LogosAPIClient: getToken for module: "modules_state"
LogosAPIClient: Found token for module: "modules_state"
LogosAPIConsumer: Calling invokeRemoteMethod: "modules_state" "apply_snapshot" args_count: 1 timeout: 20000
[LogosObject] LogosAPIConsumer: calling via LogosObject::callMethod "apply_snapshot"
[LogosObject] RemoteLogosObject::callMethod "apply_snapshot" args: 1
[LogosObject] Created RemoteLogosObject wrapping QRemoteObjectReplica 105553174568352
LogosAPIClient: getToken for module: "modules_state"
LogosAPIClient: Found token for module: "modules_state"
[LogosObject] LogosAPIConsumer: async calling via LogosObject::callMethodAsync "note_transition"
[LogosObject] RemoteLogosObject::callMethodAsync "note_transition" args: 7
LogosAPIClient: getToken for module: "modules_state"
LogosAPIClient: Found token for module: "modules_state"
[LogosObject] LogosAPIConsumer: async calling via LogosObject::callMethodAsync "note_transition"
[LogosObject] RemoteLogosObject::callMethodAsync "note_transition" args: 7
[2026-10-06 14:11:19.638] [info] [logos] Pushed module snapshot to modules_state
LogosAPIClient: getToken for module: "modules_state"
LogosAPIClient: Found token for module: "modules_state"
[LogosObject] LogosAPIConsumer: async calling via LogosObject::callMethodAsync "note_transition"
[LogosObject] RemoteLogosObject::callMethodAsync "note_transition" args: 7
[LogosObject] RemoteTransportConnection: returning RemoteLogosObject for: "capability_module"
[LogosObject] Created RemoteLogosObject wrapping QRemoteObjectReplica 105553174856512
[LogosObject] LogosAPIConsumer: calling LogosObject::informModuleToken for "storage_module"
LogosAPIConsumer: informModuleToken completed with result: true
[LogosObject] Destroying RemoteLogosObject 0
[2026-10-06 14:11:19.638] [info] [logos] Module loaded: storage_module
RemoteTransportConnection: Connecting to registry: "local:logos_storage_module_dc830b0bd070" at "14:11:19.638"
RemoteTransportConnection: Registry connect attempt started (no peer contact yet): "local:logos_storage_module_dc830b0bd070"
RemoteTransportConnection: Connecting to registry: "local:logos_capability_module_dc830b0bd070" at "14:11:19.638"
RemoteTransportConnection: Registry connect attempt started (no peer contact yet): "local:logos_capability_module_dc830b0bd070"
LogosAPIConsumer: '"storage_module"::""' deferred pending the module becoming reachable
LogosAPIClient: getToken for module: "modules_state"
LogosAPIClient: Found token for module: "modules_state"
[LogosObject] LogosAPIConsumer: async calling via LogosObject::callMethodAsync "note_transition"
[LogosObject] RemoteLogosObject::callMethodAsync "note_transition" args: 7
Loaded dependency (with transitive deps): "storage_module"
DEV_QML_PATH override active: <repo>/src/qml/Main.qml
RemoteTransportConnection: Connecting to registry: "local:logos_capability_module_dc830b0bd070" at "14:11:19.639"
RemoteTransportConnection: Registry connect attempt started (no peer contact yet): "local:logos_capability_module_dc830b0bd070"
LogosAPIConsumer: Informing module token for module: "forum_module" with token: "redacted:72b3e6e0…"
RemoteTransportConnection: Requesting object: "capability_module" at "14:11:19.639"
[LogosObject] RemoteTransportConnection: returning RemoteLogosObject for: "capability_module"
[LogosObject] Created RemoteLogosObject wrapping QRemoteObjectReplica 105553174576800
[LogosObject] LogosAPIConsumer: calling LogosObject::informModuleToken for "forum_module"
[LogosObject] Created RemoteLogosObject wrapping QRemoteObjectReplica 105553174575808
LogosAPIClient: getToken for module: "modules_state"
LogosAPIClient: Found token for module: "modules_state"
[LogosObject] LogosAPIConsumer: async calling via LogosObject::callMethodAsync "note_transition"
[LogosObject] RemoteLogosObject::callMethodAsync "note_transition" args: 7
LogosAPIConsumer: informModuleToken completed with result: true
[LogosObject] Destroying RemoteLogosObject 0
Loaded UI plugin: "/nix/store/2cf2rignr2kkmi3zdzsjhi0v9v7mcv58-logos-forum_module-plugin-dir"
[QmlInspector] Inspector server listening on port 3768
[QmlInspector] Client connected from "::1"
[2026-10-06 14:11:27.424] [warning] [logos] [capability_module] Warning: QObject::connect: No such signal ::eventResponse(QString,QVariantList)
[2026-10-06 14:11:27.425] [info] [logos] [delivery_module] DeliveryModuleImpl::getNodeInfo called with nodeInfoId: MyPeerId
[2026-10-06 14:11:27.425] [info] [logos] [delivery_module] DeliveryModuleImpl: Cannot get node info - context not initialized. Call createNode first.
[2026-10-06 14:11:27.425] [info] [logos] [delivery_module] DeliveryModuleImpl::createNode called
[2026-10-06 14:11:27.430] [info] [logos] [delivery_module] DeliveryModuleImpl: Waiting for createNode callback...
[2026-10-06 14:11:27.431] [out] [delivery_module] DBG 2026-10-06 14:11:27.431+02:00 Whether to mount storeSync is not specified, defaulting to not mounting topics="waku conf builder" tid=17256342
[2026-10-06 14:11:27.431] [out] [delivery_module] NTC 2026-10-06 14:11:27.431+02:00 No node key provided, generated a new one; identity will not persist across restarts topics="waku conf builder" tid=17256342
[2026-10-06 14:11:27.431] [out] [delivery_module] INF 2026-10-06 14:11:27.431+02:00 Sharding configuration:                    topics="waku conf builder" tid=17256342 shardingConf="(kind: AutoSharding, numShardsInCluster: 8)" subscribeShards="@[0, 1, 2, 3, 4, 5, 6, 7]"
[2026-10-06 14:11:27.431] [out] [delivery_module] INF 2026-10-06 14:11:27.431+02:00 Configuration: Enabled protocols           topics="waku conf" tid=17256342 relay=true rlnRelay=false store=false filter=true lightPush=true peerExchange=true rendezvous=true
[2026-10-06 14:11:27.431] [out] [delivery_module] INF 2026-10-06 14:11:27.431+02:00 Configuration. Network                     topics="waku conf" tid=17256342 cluster=3
[2026-10-06 14:11:27.431] [out] [delivery_module] DBG 2026-10-06 14:11:27.431+02:00 Configuration. Active Relay Shards         topics="waku conf" tid=17256342 shard=0
[2026-10-06 14:11:27.431] [out] [delivery_module] DBG 2026-10-06 14:11:27.431+02:00 Configuration. Active Relay Shards         topics="waku conf" tid=17256342 shard=1
[2026-10-06 14:11:27.431] [out] [delivery_module] DBG 2026-10-06 14:11:27.431+02:00 Configuration. Active Relay Shards         topics="waku conf" tid=17256342 shard=2
[2026-10-06 14:11:27.431] [out] [delivery_module] DBG 2026-10-06 14:11:27.431+02:00 Configuration. Active Relay Shards         topics="waku conf" tid=17256342 shard=3
[2026-10-06 14:11:27.431] [out] [delivery_module] DBG 2026-10-06 14:11:27.431+02:00 Configuration. Active Relay Shards         topics="waku conf" tid=17256342 shard=4
[2026-10-06 14:11:27.431] [out] [delivery_module] DBG 2026-10-06 14:11:27.431+02:00 Configuration. Active Relay Shards         topics="waku conf" tid=17256342 shard=5
[2026-10-06 14:11:27.431] [out] [delivery_module] DBG 2026-10-06 14:11:27.431+02:00 Configuration. Active Relay Shards         topics="waku conf" tid=17256342 shard=6
[2026-10-06 14:11:27.431] [out] [delivery_module] DBG 2026-10-06 14:11:27.431+02:00 Configuration. Active Relay Shards         topics="waku conf" tid=17256342 shard=7
[2026-10-06 14:11:27.431] [out] [delivery_module] INF 2026-10-06 14:11:27.431+02:00 Setting up storage                         tid=17256342
[2026-10-06 14:11:27.431] [out] [delivery_module] INF 2026-10-06 14:11:27.431+02:00 Initializing node                          tid=17256342
[2026-10-06 14:11:27.432] [out] [delivery_module] DBG 2026-10-06 14:11:27.432+02:00 Setting up NATService                      topics="libp2p natservice" tid=17256342 portMapping=true reachability=false holePunching=false
[2026-10-06 14:11:27.432] [out] [delivery_module] INF 2026-10-06 14:11:27.432+02:00 Initializing networking                    tid=17256342 addrs="@[/ip4/0.0.0.0/tcp/0, /ip4/0.0.0.0/udp/0/quic-v1]"
[2026-10-06 14:11:27.432] [out] [delivery_module] INF 2026-10-06 14:11:27.432+02:00 Mounting protocols                         tid=17256342
[2026-10-06 14:11:27.432] [out] [delivery_module] INF 2026-10-06 14:11:27.432+02:00 Created WakuMetadata protocol              topics="waku node" tid=17256342 clusterId=3 shards="[0, 1, 2, 3, 4, 5, 6, 7]"
[2026-10-06 14:11:27.432] [out] [delivery_module] INF 2026-10-06 14:11:27.432+02:00 Mounting mix protocol                      topics="waku node" tid=17256342INF 2026-10-06 14:11:27.432+02:00 node info                                  topics="waku node" tid=17256342 wakuInfo="(listenAddresses: [/ip4/0.0.0.0/tcp/0/p2p/16Uiu2HAmHPom3qPnVAq4S6WqUV199uMuED6BH4dHguMwNg2vR6i7, /ip4/0.0.0.0/udp/0/quic-v1/p2p/16Uiu2HAmHPom3qPnVAq4S6WqUV199uMuED6BH4dHguMwNg2vR6i7], enrUri: enr:-JO4QE6OD4XHFhppk215EcXru1e2PTjaEBvcrCTf7bfuA120EevYSnAqHSvrc_5QhIyrAq-BsYiEaH86We7Vju185iMBgmlkgnY0gnJzkwADCAAAAAEAAgADAAQABQAGAAeJc2VjcDI1NmsxoQNGZr95tLAgricyJLpdYLYh5EOw3ryvGaWrJ2EQs96-9IV3YWt1Mi0, mixPubKey: none())"
[2026-10-06 14:11:27.432] [out] [delivery_module]  nodeId="(listenAddresses: [/ip4/0.0.0.0/tcp/0/p2p/16Uiu2HAmHPom3qPnVAq4S6WqUV199uMuED6BH4dHguMwNg2vR6i7, /ip4/0.0.0.0/udp/0/quic-v1/p2p/16Uiu2HAmHPom3qPnVAq4S6WqUV199uMuED6BH4dHguMwNg2vR6i7], enrUri: enr:-JO4QE6OD4XHFhppk215EcXru1e2PTjaEBvcrCTf7bfuA120EevYSnAqHSvrc_5QhIyrAq-BsYiEaH86We7Vju185iMBgmlkgnY0gnJzkwADCAAAAAEAAgADAAQABQAGAAeJc2VjcDI1NmsxoQNGZr95tLAgricyJLpdYLYh5EOw3ryvGaWrJ2EQs96-9IV3YWt1Mi0, mixPubKey: none())"
[2026-10-06 14:11:27.432] [out] [delivery_module] INF 2026-10-06 14:11:27.432+02:00 local addr                                 topics="waku node" tid=17256342 localaddr=/ip4/0.0.0.0/tcp/0
[2026-10-06 14:11:27.432] [out] [delivery_module] INF 2026-10-06 14:11:27.432+02:00 mixPubKey                                  topics="waku node" tid=17256342 mixPubKey="[42, 104, 61, 147, 185, 115, 105, 211, 86, 152, 135, 45, 13, 60, 167, 129, 121, 156, 248, 70, 40, 16, 197, 140, 151, 7, 207, 172, 150, 80, 128, 82]"
[2026-10-06 14:11:27.432] [out] [delivery_module] INF 2026-10-06 14:11:27.432+02:00 Using mix bootstrap nodes                  topics="waku mix" tid=17256342 entries=0 poolSize=0
[2026-10-06 14:11:27.432] [out] [delivery_module] INF 2026-10-06 14:11:27.432+02:00 Mix cannot publish yet, waiting for more mix nodes topics="waku node" tid=17256342 poolSize=0 required=4
[2026-10-06 14:11:27.433] [out] [delivery_module] INF 2026-10-06 14:11:27.433+02:00 mounting store client                      topics="waku node store api" tid=17256342
[2026-10-06 14:11:27.433] [out] [delivery_module] INF 2026-10-06 14:11:27.433+02:00 Mounting auto sharding                     topics="waku node" tid=17256342 clusterId=3 shardCount=8
[2026-10-06 14:11:27.433] [out] [delivery_module] DBG 2026-10-06 14:11:27.433+02:00 Shards created from content topics         tid=17256342 contentTopics=[] shards=[]
[2026-10-06 14:11:27.433] [out] [delivery_module] DBG 2026-10-06 14:11:27.433+02:00 Setting max message size                   tid=17256342 num_bytes=153600
[2026-10-06 14:11:27.433] [out] [delivery_module] INF 2026-10-06 14:11:27.433+02:00 mounting relay protocol                    topics="waku node relay api" tid=17256342
[2026-10-06 14:11:27.433] [out] [delivery_module] DBG 2026-10-06 14:11:27.433+02:00 relay mounted successfully                 topics="waku node relay api" tid=17256342
[2026-10-06 14:11:27.433] [out] [delivery_module] DBG 2026-10-06 14:11:27.433+02:00 Adding validator to signed shards          tid=17256342 protectedShards=[] clusterId=3
[2026-10-06 14:11:27.433] [out] [delivery_module] INF 2026-10-06 14:11:27.433+02:00 Mounting rendezvous discovery protocol     topics="waku node" tid=17256342
[2026-10-06 14:11:27.433] [out] [delivery_module] INF 2026-10-06 14:11:27.433+02:00 Waku rendezvous initialized                topics="waku node" tid=17256342 clusterId=3 shards="[0, 1, 2, 3, 4, 5, 6, 7]" capabilities="[Relay, Filter, Lightpush, Mix]" wakuPeerRecord="(peerId: 16U*2vR6i7, seqNo: 1791288687, addresses: [/ip4/0.0.0.0/tcp/0, /ip4/0.0.0.0/udp/0/quic-v1], mixKey: 0x2a683d93b97369d35698872d0d3ca781799cf8462810c58c9707cfac96508052)"
[2026-10-06 14:11:27.433] [out] [delivery_module] INF 2026-10-06 14:11:27.433+02:00 Mounting rendezvous client                 topics="waku node" tid=17256342
[2026-10-06 14:11:27.433] [out] [delivery_module] INF 2026-10-06 14:11:27.433+02:00 Waku rendezvous client initialized         topics="waku node" tid=17256342 clusterId=3
[2026-10-06 14:11:27.433] [out] [delivery_module] INF 2026-10-06 14:11:27.433+02:00 mounting libp2p ping protocol              topics="waku node ping api" tid=17256342
[2026-10-06 14:11:27.433] [out] [delivery_module] INF 2026-10-06 14:11:27.433+02:00 mounting light push                        topics="waku node lightpush api" tid=17256342
[2026-10-06 14:11:27.433] [out] [delivery_module] INF 2026-10-06 14:11:27.433+02:00 mounting lightpush with relay              topics="waku node lightpush api" tid=17256342
[2026-10-06 14:11:27.433] [out] [delivery_module] DBG 2026-10-06 14:11:27.433+02:00 lightpush mounted successfully             topics="waku node lightpush api" tid=17256342
[2026-10-06 14:11:27.433] [out] [delivery_module] INF 2026-10-06 14:11:27.433+02:00 mounting legacy light push                 topics="waku node lightpush api" tid=17256342
[2026-10-06 14:11:27.433] [out] [delivery_module] INF 2026-10-06 14:11:27.433+02:00 mounting legacy lightpush with relay       topics="waku node lightpush api" tid=17256342
[2026-10-06 14:11:27.433] [out] [delivery_module] DBG 2026-10-06 14:11:27.433+02:00 legacy lightpush mounted successfully      topics="waku node lightpush api" tid=17256342
[2026-10-06 14:11:27.433] [out] [delivery_module] INF 2026-10-06 14:11:27.433+02:00 mounting light push client                 topics="waku node lightpush api" tid=17256342
[2026-10-06 14:11:27.433] [out] [delivery_module] INF 2026-10-06 14:11:27.433+02:00 mounting legacy light push client          topics="waku node lightpush api" tid=17256342
[2026-10-06 14:11:27.433] [out] [delivery_module] INF 2026-10-06 14:11:27.433+02:00 mounting filter protocol                   topics="waku node filter api" tid=17256342
[2026-10-06 14:11:27.433] [out] [delivery_module] INF 2026-10-06 14:11:27.433+02:00 Starting filter protocol                   topics="waku filter" tid=17256342
[2026-10-06 14:11:27.433] [out] [delivery_module] DBG 2026-10-06 14:11:27.433+02:00 Starting to maintain subscriptions         topics="waku filter" tid=17256342
[2026-10-06 14:11:27.433] [out] [delivery_module] DBG 2026-10-06 14:11:27.433+02:00 Maintaining subscriptions                  topics="waku filter" tid=17256342
[2026-10-06 14:11:27.433] [out] [delivery_module] DBG 2026-10-06 14:11:27.433+02:00 Cleanup                                    topics="waku filter subscriptions" tid=17256342 currentPeerIds=[]
[2026-10-06 14:11:27.433] [out] [delivery_module] DBG 2026-10-06 14:11:27.433+02:00 After cleanup                              topics="waku filter subscriptions" tid=17256342 currentPeerIds=[]
[2026-10-06 14:11:27.433] [out] [delivery_module] INF 2026-10-06 14:11:27.433+02:00 mounting filter client                     topics="waku node filter api" tid=17256342
[2026-10-06 14:11:27.433] [out] [delivery_module] INF 2026-10-06 14:11:27.433+02:00 mounting waku peer exchange                topics="waku node peerexchange api" tid=17256342
[2026-10-06 14:11:27.433] [out] [delivery_module] INF 2026-10-06 14:11:27.433+02:00 mounting waku peer exchange client         topics="waku node peerexchange api" tid=17256342
[2026-10-06 14:11:27.433] [out] [delivery_module] INF 2026-10-06 14:11:27.433+02:00 No external callbacks to be set            topics="wakunode waku" tid=17256342
[2026-10-06 14:11:27.433] [out] [delivery_module] INF 2026-10-06 14:11:27.433+02:00 Setting up AutonatService                  topics="libp2p autonatservice" tid=17256342
[2026-10-06 14:11:27.433] [info] [logos] [delivery_module] DeliveryModuleImpl::createNode callback called with ret: 0
[2026-10-06 14:11:27.434] [info] [logos] [delivery_module] DeliveryModuleImpl: Delivery context created successfully
[2026-10-06 14:11:27.434] [info] [logos] [delivery_module] DeliveryModuleImpl::start called
[2026-10-06 14:11:27.434] [out] [delivery_module] INF 2026-10-06 14:11:27.434+02:00 Retrieve dynamic bootstrap nodes           topics="wakunode waku" tid=17256342
[2026-10-06 14:11:27.434] [info] [logos] [delivery_module] DeliveryModuleImpl::getNodeInfo called with nodeInfoId: MyPeerId
[2026-10-06 14:11:27.434] [out] [delivery_module] INF 2026-10-06 14:11:27.434+02:00 Running nwaku node                         tid=17256342 version=v0.39.0-gca2814
[2026-10-06 14:11:27.435] [out] [delivery_module] INF 2026-10-06 14:11:27.434+02:00 Starting Waku node                         topics="waku node" tid=17256342 version=v0.39.0-gca2814
[2026-10-06 14:11:27.435] [out] [delivery_module] DBG 2026-10-06 14:11:27.434+02:00 Waku rendezvous periodic requests started  topics="waku rendezvous client" tid=17256342 interval=10s
[2026-10-06 14:11:27.435] [out] [delivery_module] INF 2026-10-06 14:11:27.435+02:00 Waku rendezvous client started             topics="waku rendezvous client" tid=17256342
[2026-10-06 14:11:27.435] [out] [delivery_module] DBG 2026-10-06 14:11:27.435+02:00 starting switch for peer                   topics="libp2p switch" tid=17256342 peerInfo="(peerId: 16Uiu2HAmHPom3qPnVAq4S6WqUV199uMuED6BH4dHguMwNg2vR6i7, listenAddrs: [/ip4/0.0.0.0/tcp/0, /ip4/0.0.0.0/udp/0/quic-v1], addrs: [], protocols: [/ipfs/id/1.0.0, /libp2p/autonat/1.0.0, /libp2p/circuit/relay/0.2.0/hop, /vac/waku/metadata/1.0.0, /mix/1.0.0, /logos/service-discovery/1.0.0, /vac/waku/relay/2.0.0, /vac/waku/rendezvous/1.0.0, /ipfs/ping/1.0.0, /vac/waku/lightpush/3.0.0, /vac/waku/lightpush/2.0.0-beta1, /vac/waku/filter-subscribe/2.0.0-beta1, /vac/waku/filter-push/2.0.0-beta1, /vac/waku/peer-exchange/2.0.0-alpha1], protoVersion: ipfs/0.1.0, agentVersion: logos-delivery-v0.39.0-gca2814)"
[2026-10-06 14:11:27.435] [out] [delivery_module] DBG 2026-10-06 14:11:27.435+02:00 No private listen addresses to map; releasing any prior mappings topics="libp2p natservice" tid=17256342
[2026-10-06 14:11:27.435] [out] [delivery_module] DBG 2026-10-06 14:11:27.435+02:00 Configured QUIC UDP receive buffer         tid=17256342 requestedBytes=8388608 effectiveBytes=8388608
[2026-10-06 14:11:27.435] [out] [delivery_module] DBG 2026-10-06 14:11:27.435+02:00 About to accept incoming connection        topics="libp2p switch" tid=17256342
[2026-10-06 14:11:27.435] [out] [delivery_module] DBG 2026-10-06 14:11:27.435+02:00 About to accept incoming connection        topics="libp2p switch" tid=17256342
[2026-10-06 14:11:27.435] [out] [delivery_module] DBG 2026-10-06 14:11:27.435+02:00 No private listen addresses to map; releasing any prior mappings topics="libp2p natservice" tid=17256342
[2026-10-06 14:11:27.435] [out] [delivery_module] DBG 2026-10-06 14:11:27.435+02:00 Lookup query                               topics="kad-dht find" tid=17256342 peer=16U*TwqBiH
[2026-10-06 14:11:27.436] [out] [delivery_module] DBG 2026-10-06 14:11:27.436+02:00 Dialing peer                               topics="libp2p dialer" tid=17256342 peerId=16U*TwqBiH addrs="[/dns4/delivery-02.gc-us-central1-a.logos.dev.status.im/tcp/30303]"
[2026-10-06 14:11:27.436] [out] [delivery_module] DBG 2026-10-06 14:11:27.436+02:00 resolved addresses                         topics="libp2p dialer" tid=17256342 originalAddresses=/dns4/delivery-02.gc-us-central1-a.logos.dev.status.im/tcp/30303/p2p/16Uiu2HAm8Y9kgBNtjxvCnf1X6gnZJW5EGE4UwwCL3CCm55TwqBiH resolvedAddresses="[/dns4/delivery-02.gc-us-central1-a.logos.dev.status.im/tcp/30303/p2p/16Uiu2HAm8Y9kgBNtjxvCnf1X6gnZJW5EGE4UwwCL3CCm55TwqBiH]"
[2026-10-06 14:11:27.436] [out] [delivery_module] DBG 2026-10-06 14:11:27.436+02:00 Lookup query                               topics="kad-dht find" tid=17256342 peer=16U*NSkuby
[2026-10-06 14:11:27.436] [out] [delivery_module] DBG 2026-10-06 14:11:27.436+02:00 Dialing peer                               topics="libp2p dialer" tid=17256342 peerId=16U*NSkuby addrs="[/dns4/delivery-01.do-ams3.logos.dev.status.im/tcp/30303]"
[2026-10-06 14:11:27.436] [out] [delivery_module] DBG 2026-10-06 14:11:27.436+02:00 resolved addresses                         topics="libp2p dialer" tid=17256342 originalAddresses=/dns4/delivery-01.do-ams3.logos.dev.status.im/tcp/30303/p2p/16Uiu2HAmTUbnxLGT9JvV6mu9oPyDjqHK4Phs1VDJNUgESgNSkuby resolvedAddresses="[/dns4/delivery-01.do-ams3.logos.dev.status.im/tcp/30303/p2p/16Uiu2HAmTUbnxLGT9JvV6mu9oPyDjqHK4Phs1VDJNUgESgNSkuby]"
[2026-10-06 14:11:27.436] [out] [delivery_module] DBG 2026-10-06 14:11:27.436+02:00 Lookup query                               topics="kad-dht find" tid=17256342 peer=16U*kGyuEP
[2026-10-06 14:11:27.436] [out] [delivery_module] DBG 2026-10-06 14:11:27.436+02:00 Dialing peer                               topics="libp2p dialer" tid=17256342 peerId=16U*kGyuEP addrs="[/dns4/delivery-01.ac-cn-hongkong-c.logos.dev.status.im/tcp/30303]"
[2026-10-06 14:11:27.436] [out] [delivery_module] DBG 2026-10-06 14:11:27.436+02:00 resolved addresses                         topics="libp2p dialer" tid=17256342 originalAddresses=/dns4/delivery-01.ac-cn-hongkong-c.logos.dev.status.im/tcp/30303/p2p/16Uiu2HAm8YokiNun9BkeA1ZRmhLbtNUvcwRr64F69tYj9fkGyuEP resolvedAddresses="[/dns4/delivery-01.ac-cn-hongkong-c.logos.dev.status.im/tcp/30303/p2p/16Uiu2HAm8YokiNun9BkeA1ZRmhLbtNUvcwRr64F69tYj9fkGyuEP]"
[2026-10-06 14:11:27.436] [out] [delivery_module] DBG 2026-10-06 14:11:27.436+02:00 Lookup query                               topics="kad-dht find" tid=17256342 peer=16U*VpJprH
[2026-10-06 14:11:27.436] [out] [delivery_module] DBG 2026-10-06 14:11:27.436+02:00 Dialing peer                               topics="libp2p dialer" tid=17256342 peerId=16U*VpJprH addrs="[/dns4/delivery-02.do-ams3.logos.dev.status.im/tcp/30303]"
[2026-10-06 14:11:27.436] [out] [delivery_module] DBG 2026-10-06 14:11:27.436+02:00 resolved addresses                         topics="libp2p dialer" tid=17256342 originalAddresses=/dns4/delivery-02.do-ams3.logos.dev.status.im/tcp/30303/p2p/16Uiu2HAmMK7PYygBtKUQ8EHp7EfaD3bCEsJrkFooK8RQ2PVpJprH resolvedAddresses="[/dns4/delivery-02.do-ams3.logos.dev.status.im/tcp/30303/p2p/16Uiu2HAmMK7PYygBtKUQ8EHp7EfaD3bCEsJrkFooK8RQ2PVpJprH]"
[2026-10-06 14:11:27.436] [out] [delivery_module] DBG 2026-10-06 14:11:27.436+02:00 Lookup query                               topics="kad-dht find" tid=17256342 peer=16U*T3UNSE
[2026-10-06 14:11:27.436] [out] [delivery_module] DBG 2026-10-06 14:11:27.436+02:00 Dialing peer                               topics="libp2p dialer" tid=17256342 peerId=16U*T3UNSE addrs="[/dns4/delivery-02.ac-cn-hongkong-c.logos.dev.status.im/tcp/30303]"
[2026-10-06 14:11:27.436] [out] [delivery_module] DBG 2026-10-06 14:11:27.436+02:00 resolved addresses                         topics="libp2p dialer" tid=17256342 originalAddresses=/dns4/delivery-02.ac-cn-hongkong-c.logos.dev.status.im/tcp/30303/p2p/16Uiu2HAkvwhGHKNry6LACrB8TmEFoCJKEX29XR5dDUzk3UT3UNSE resolvedAddresses="[/dns4/delivery-02.ac-cn-hongkong-c.logos.dev.status.im/tcp/30303/p2p/16Uiu2HAkvwhGHKNry6LACrB8TmEFoCJKEX29XR5dDUzk3UT3UNSE]"
[2026-10-06 14:11:27.436] [out] [delivery_module] DBG 2026-10-06 14:11:27.436+02:00 Lookup query                               topics="kad-dht find" tid=17256342 peer=16U*P1S397
[2026-10-06 14:11:27.436] [out] [delivery_module] DBG 2026-10-06 14:11:27.436+02:00 Dialing peer                               topics="libp2p dialer" tid=17256342 peerId=16U*P1S397 addrs="[/dns4/delivery-01.gc-us-central1-a.logos.dev.status.im/tcp/30303]"
[2026-10-06 14:11:27.437] [out] [delivery_module] DBG 2026-10-06 14:11:27.436+02:00 resolved addresses                         topics="libp2p dialer" tid=17256342 originalAddresses=/dns4/delivery-01.gc-us-central1-a.logos.dev.status.im/tcp/30303/p2p/16Uiu2HAm4S1JYkuzDKLKQvwgAhZKs9otxXqt8SCGtB4hoJP1S397 resolvedAddresses="[/dns4/delivery-01.gc-us-central1-a.logos.dev.status.im/tcp/30303/p2p/16Uiu2HAm4S1JYkuzDKLKQvwgAhZKs9otxXqt8SCGtB4hoJP1S397]"
[2026-10-06 14:11:27.437] [out] [delivery_module] ERR 2026-10-06 14:11:27.437+02:00 Failed to create signed extended peer record topics="service-discovery" tid=17256342 error="no dialable address to publish yet"
[2026-10-06 14:11:27.437] [out] [delivery_module] INF 2026-10-06 14:11:27.437+02:00 Service Discovery started                  topics="service-discovery" tid=17256342
[2026-10-06 14:11:27.437] [out] [delivery_module] INF 2026-10-06 14:11:27.437+02:00 start                                      topics="waku relay" tid=17256342
[2026-10-06 14:11:27.437] [out] [delivery_module] DBG 2026-10-06 14:11:27.437+02:00 Waku rendezvous periodic registration started topics="waku rendezvous" tid=17256342 interval=10s
[2026-10-06 14:11:27.437] [out] [delivery_module] INF 2026-10-06 14:11:27.437+02:00 Waku rendezvous discovery started          topics="waku rendezvous" tid=17256342
[2026-10-06 14:11:27.437] [out] [delivery_module] DBG 2026-10-06 14:11:27.437+02:00 Started libp2p node                        topics="libp2p switch" tid=17256342 peer="(peerId: 16Uiu2HAmHPom3qPnVAq4S6WqUV199uMuED6BH4dHguMwNg2vR6i7, listenAddrs: [/ip4/0.0.0.0/tcp/56523, /ip4/0.0.0.0/udp/55580/quic-v1], addrs: [/ip4/0.0.0.0/tcp/56523, /ip4/0.0.0.0/udp/55580/quic-v1], protocols: [/ipfs/id/1.0.0, /libp2p/autonat/1.0.0, /libp2p/circuit/relay/0.2.0/hop, /vac/waku/metadata/1.0.0, /mix/1.0.0, /logos/service-discovery/1.0.0, /vac/waku/relay/2.0.0, /vac/waku/rendezvous/1.0.0, /ipfs/ping/1.0.0, /vac/waku/lightpush/3.0.0, /vac/waku/lightpush/2.0.0-beta1, /vac/waku/filter-subscribe/2.0.0-beta1, /vac/waku/filter-push/2.0.0-beta1, /vac/waku/peer-exchange/2.0.0-alpha1], protoVersion: ipfs/0.1.0, agentVersion: logos-delivery-v0.39.0-gca2814)"
[2026-10-06 14:11:27.438] [out] [delivery_module] INF 2026-10-06 14:11:27.438+02:00 Announced base resolved                    topics="waku node" tid=17256342 addrs="@[/ip4/172.20.10.14/tcp/56523, /ip4/172.20.10.14/udp/55580/quic-v1]" explicit=@[]
[2026-10-06 14:11:27.440] [info] [logos] [delivery_module] DeliveryModuleImpl::subscribe called with contentTopic: /lp0026forum/1/general/text
[2026-10-06 14:11:27.440] [out] [delivery_module] DBG 2026-10-06 14:11:27.440+02:00 Subscribing to pubsub topic                topics="waku relay" tid=17256342 pubsubTopic=/waku/2/rs/3/7
[2026-10-06 14:11:27.440] [out] [delivery_module] DBG 2026-10-06 14:11:27.440+02:00 No mesh peer for the given pubsub topic    topics="waku relay" tid=17256342 pubsubTopic=/waku/2/rs/3/7
[2026-10-06 14:11:27.440] [info] [logos] [delivery_module] DeliveryModuleImpl: Subscribe completed for topic: /lp0026forum/1/general/text with success
[2026-10-06 14:11:27.997] [out] [delivery_module] INF 2026-10-06 14:11:27.997+02:00 Using mix bootstrap nodes                  topics="waku mix" tid=17256342 entries=1 poolSize=1
[2026-10-06 14:11:27.998] [out] [delivery_module] INF 2026-10-06 14:11:27.998+02:00 Using mix bootstrap nodes                  topics="waku mix" tid=17256342 entries=1 poolSize=2
[2026-10-06 14:11:27.998] [out] [delivery_module] DBG 2026-10-06 14:11:27.998+02:00 Expanded address and hostname              topics="libp2p dialer" tid=17256342 expandedAddress=/dns4/delivery-01.do-ams3.logos.dev.status.im/tcp/30303 hostname=delivery-01.do-ams3.logos.dev.status.im resolvedAddresses="[/ip4/138.68.122.137/tcp/30303]"
[2026-10-06 14:11:27.998] [out] [delivery_module] DBG 2026-10-06 14:11:27.998+02:00 Expanded address and hostname              topics="libp2p dialer" tid=17256342 expandedAddress=/dns4/delivery-01.ac-cn-hongkong-c.logos.dev.status.im/tcp/30303 hostname=delivery-01.ac-cn-hongkong-c.logos.dev.status.im resolvedAddresses="[/ip4/47.242.130.189/tcp/30303]"
[2026-10-06 14:11:27.998] [out] [delivery_module] INF 2026-10-06 14:11:27.998+02:00 Using mix bootstrap nodes                  topics="waku mix" tid=17256342 entries=1 poolSize=3
[2026-10-06 14:11:27.998] [out] [delivery_module] INF 2026-10-06 14:11:27.998+02:00 Using mix bootstrap nodes                  topics="waku mix" tid=17256342 entries=1 poolSize=4
[2026-10-06 14:11:27.998] [out] [delivery_module] DBG 2026-10-06 14:11:27.998+02:00 Expanded address and hostname              topics="libp2p dialer" tid=17256342 expandedAddress=/dns4/delivery-02.ac-cn-hongkong-c.logos.dev.status.im/tcp/30303 hostname=delivery-02.ac-cn-hongkong-c.logos.dev.status.im resolvedAddresses="[/ip4/43.99.103.10/tcp/30303]"
[2026-10-06 14:11:27.998] [out] [delivery_module] DBG 2026-10-06 14:11:27.998+02:00 Expanded address and hostname              topics="libp2p dialer" tid=17256342 expandedAddress=/dns4/delivery-02.gc-us-central1-a.logos.dev.status.im/tcp/30303 hostname=delivery-02.gc-us-central1-a.logos.dev.status.im resolvedAddresses="[/ip4/34.123.201.25/tcp/30303]"
[2026-10-06 14:11:27.998] [out] [delivery_module] INF 2026-10-06 14:11:27.998+02:00 Using mix bootstrap nodes                  topics="waku mix" tid=17256342 entries=1 poolSize=5
[2026-10-06 14:11:27.999] [out] [delivery_module] INF 2026-10-06 14:11:27.999+02:00 Using mix bootstrap nodes                  topics="waku mix" tid=17256342 entries=1 poolSize=6
[2026-10-06 14:11:27.999] [out] [delivery_module] DBG 2026-10-06 14:11:27.999+02:00 Expanded address and hostname              topics="libp2p dialer" tid=17256342 expandedAddress=/dns4/delivery-02.do-ams3.logos.dev.status.im/tcp/30303 hostname=delivery-02.do-ams3.logos.dev.status.im resolvedAddresses="[/ip4/174.138.106.244/tcp/30303]"
[2026-10-06 14:11:27.999] [out] [delivery_module] DBG 2026-10-06 14:11:27.999+02:00 Expanded address and hostname              topics="libp2p dialer" tid=17256342 expandedAddress=/dns4/delivery-01.gc-us-central1-a.logos.dev.status.im/tcp/30303 hostname=delivery-01.gc-us-central1-a.logos.dev.status.im resolvedAddresses="[/ip4/136.119.156.87/tcp/30303]"
[2026-10-06 14:11:28.699] [out] [delivery_module] DBG 2026-10-06 14:11:28.699+02:00 Dial successful                            topics="libp2p dialer" tid=17256342 peerId=16U*NSkuby
[2026-10-06 14:11:28.699] [out] [delivery_module] DBG 2026-10-06 14:11:28.699+02:00 starting sendNonHighPriorityTask           topics="libp2p pubsubpeer" tid=17256342 p=16U*NSkuby
[2026-10-06 14:11:28.699] [out] [delivery_module] DBG 2026-10-06 14:11:28.699+02:00 created new pubsub peer                    topics="libp2p pubsub" tid=17256342 peerId=16U*NSkuby
[2026-10-06 14:11:28.699] [out] [delivery_module] DBG 2026-10-06 14:11:28.699+02:00 no listener registered                     tid=17256343 event=onConnectionChange
[2026-10-06 14:11:28.700] [out] [delivery_module] DBG 2026-10-06 14:11:28.700+02:00 Incoming WakuRelay connection              topics="waku relay" tid=17256342 connection=16U*NSkuby:6ac4e570bccd718010626290 protocol=/vac/waku/relay/2.0.0
[2026-10-06 14:11:28.700] [out] [delivery_module] DBG 2026-10-06 14:11:28.700+02:00 starting pubsub read loop                  topics="libp2p pubsubpeer" tid=17256342 stream=16U*NSkuby:6ac4e570bccd718010626290 peer=16U*NSkuby closed=false
[2026-10-06 14:11:28.700] [out] [delivery_module] DBG 2026-10-06 14:11:28.700+02:00 identify: info sent                        topics="libp2p identify" tid=17256342 stream=16U*NSkuby:6ac4e570bccd718010626291 info="(peerId: 16Uiu2HAmHPom3qPnVAq4S6WqUV199uMuED6BH4dHguMwNg2vR6i7, listenAddrs: [/ip4/0.0.0.0/tcp/56523, /ip4/0.0.0.0/udp/55580/quic-v1], addrs: [/ip4/0.0.0.0/tcp/56523, /ip4/0.0.0.0/udp/55580/quic-v1], protocols: [/ipfs/id/1.0.0, /libp2p/autonat/1.0.0, /libp2p/circuit/relay/0.2.0/hop, /vac/waku/metadata/1.0.0, /mix/1.0.0, /logos/service-discovery/1.0.0, /vac/waku/relay/2.0.0, /vac/waku/rendezvous/1.0.0, /ipfs/ping/1.0.0, /vac/waku/lightpush/3.0.0, /vac/waku/lightpush/2.0.0-beta1, /vac/waku/filter-subscribe/2.0.0-beta1, /vac/waku/filter-push/2.0.0-beta1, /vac/waku/peer-exchange/2.0.0-alpha1], protoVersion: ipfs/0.1.0, agentVersion: logos-delivery-v0.39.0-gca2814)"
[2026-10-06 14:11:28.728] [out] [delivery_module] DBG 2026-10-06 14:11:28.728+02:00 Dial successful                            topics="libp2p dialer" tid=17256342 peerId=16U*VpJprH
[2026-10-06 14:11:28.729] [out] [delivery_module] DBG 2026-10-06 14:11:28.729+02:00 starting sendNonHighPriorityTask           topics="libp2p pubsubpeer" tid=17256342 p=16U*VpJprH
[2026-10-06 14:11:28.729] [out] [delivery_module] DBG 2026-10-06 14:11:28.729+02:00 created new pubsub peer                    topics="libp2p pubsub" tid=17256342 peerId=16U*VpJprH
[2026-10-06 14:11:28.729] [out] [delivery_module] DBG 2026-10-06 14:11:28.729+02:00 no listener registered                     tid=17256343 event=onConnectionChange
[2026-10-06 14:11:28.729] [out] [delivery_module] DBG 2026-10-06 14:11:28.729+02:00 Incoming WakuRelay connection              topics="waku relay" tid=17256342 connection=16U*VpJprH:6ac4e570bccd718010626294 protocol=/vac/waku/relay/2.0.0
[2026-10-06 14:11:28.729] [out] [delivery_module] DBG 2026-10-06 14:11:28.729+02:00 starting pubsub read loop                  topics="libp2p pubsubpeer" tid=17256342 stream=16U*VpJprH:6ac4e570bccd718010626294 peer=16U*VpJprH closed=false
[2026-10-06 14:11:28.729] [out] [delivery_module] DBG 2026-10-06 14:11:28.729+02:00 identify: info sent                        topics="libp2p identify" tid=17256342 stream=16U*VpJprH:6ac4e570bccd718010626295 info="(peerId: 16Uiu2HAmHPom3qPnVAq4S6WqUV199uMuED6BH4dHguMwNg2vR6i7, listenAddrs: [/ip4/0.0.0.0/tcp/56523, /ip4/0.0.0.0/udp/55580/quic-v1], addrs: [/ip4/0.0.0.0/tcp/56523, /ip4/0.0.0.0/udp/55580/quic-v1], protocols: [/ipfs/id/1.0.0, /libp2p/autonat/1.0.0, /libp2p/circuit/relay/0.2.0/hop, /vac/waku/metadata/1.0.0, /mix/1.0.0, /logos/service-discovery/1.0.0, /vac/waku/relay/2.0.0, /vac/waku/rendezvous/1.0.0, /ipfs/ping/1.0.0, /vac/waku/lightpush/3.0.0, /vac/waku/lightpush/2.0.0-beta1, /vac/waku/filter-subscribe/2.0.0-beta1, /vac/waku/filter-push/2.0.0-beta1, /vac/waku/peer-exchange/2.0.0-alpha1], protoVersion: ipfs/0.1.0, agentVersion: logos-delivery-v0.39.0-gca2814)"
[2026-10-06 14:11:28.885] [out] [delivery_module] DBG 2026-10-06 14:11:28.885+02:00 identify: info received                    topics="libp2p identify" tid=17256342 stream=16U*NSkuby:6ac4e570bccd718010626293 pubkey=ok(sec...9ab7)) addresses=/ip4/138.68.122.137/tcp/30303,/ip4/138.68.122.137/udp/30303/quic-v1,/dns4/delivery-01.do-ams3.logos.dev.status.im/tcp/30303 protocols=/ipfs/id/1.0.0,/libp2p/autonat/1.0.0,/libp2p/circuit/relay/0.2.0/hop,/vac/waku/metadata/1.0.0,/mix/1.0.0,/logos/service-discovery/1.0.0,/vac/waku/store-query/3.0.0,/vac/waku/relay/2.0.0,/vac/waku/rendezvous/1.0.0,/ipfs/ping/1.0.0,/vac/waku/lightpush/3.0.0,/vac/waku/lightpush/2.0.0-beta1,/vac/waku/filter-subscribe/2.0.0-beta1,/vac/waku/filter-push/2.0.0-beta1,/vac/waku/peer-exchange/2.0.0-alpha1 observable_address=ok(/ip4/47.64.115.67/tcp/30312) proto_version=ipfs/0.1.0 agent_version=logos-delivery-v0.39.0-g890397 signedPeerRecord=None
[2026-10-06 14:11:28.887] [out] [delivery_module] DBG 2026-10-06 14:11:28.886+02:00 starting pubsub read loop                  topics="libp2p pubsubpeer" tid=17256342 stream=16U*NSkuby:6ac4e570bccd718010626292 peer=16U*NSkuby closed=false
[2026-10-06 14:11:28.887] [out] [delivery_module] DBG 2026-10-06 14:11:28.887+02:00 Event identified                           topics="waku node peer_manager" tid=17256342 peerId=16U*NSkuby
[2026-10-06 14:11:28.887] [out] [delivery_module] DBG 2026-10-06 14:11:28.887+02:00 no listener registered                     tid=17256343 event=onConnectionChange
[2026-10-06 14:11:28.905] [out] [delivery_module] DBG 2026-10-06 14:11:28.904+02:00 identify: info received                    topics="libp2p identify" tid=17256342 stream=16U*VpJprH:6ac4e570bccd718010626297 pubkey=ok(sec...7631)) addresses=/ip4/174.138.106.244/tcp/30303,/ip4/174.138.106.244/udp/30303/quic-v1,/dns4/delivery-02.do-ams3.logos.dev.status.im/tcp/30303 protocols=/ipfs/id/1.0.0,/libp2p/autonat/1.0.0,/libp2p/circuit/relay/0.2.0/hop,/vac/waku/metadata/1.0.0,/mix/1.0.0,/logos/service-discovery/1.0.0,/vac/waku/store-query/3.0.0,/vac/waku/relay/2.0.0,/vac/waku/rendezvous/1.0.0,/ipfs/ping/1.0.0,/vac/waku/lightpush/3.0.0,/vac/waku/lightpush/2.0.0-beta1,/vac/waku/filter-subscribe/2.0.0-beta1,/vac/waku/filter-push/2.0.0-beta1,/vac/waku/peer-exchange/2.0.0-alpha1 observable_address=ok(/ip4/47.64.115.67/tcp/27407) proto_version=ipfs/0.1.0 agent_version=logos-delivery-v0.39.0-g890397 signedPeerRecord=None
[2026-10-06 14:11:28.905] [out] [delivery_module] DBG 2026-10-06 14:11:28.905+02:00 starting pubsub read loop                  topics="libp2p pubsubpeer" tid=17256342 stream=16U*VpJprH:6ac4e570bccd718010626296 peer=16U*VpJprH closed=false
[2026-10-06 14:11:28.905] [out] [delivery_module] DBG 2026-10-06 14:11:28.905+02:00 Event identified                           topics="waku node peer_manager" tid=17256342 peerId=16U*VpJprH
[2026-10-06 14:11:28.905] [out] [delivery_module] DBG 2026-10-06 14:11:28.905+02:00 no listener registered                     tid=17256343 event=onConnectionChange
[2026-10-06 14:11:29.087] [out] [delivery_module] DBG 2026-10-06 14:11:29.087+02:00 Received WakuMetadata request              topics="waku metadata" tid=17256342 remoteClusterId=ok(3) remoteShards="[5, 0, 2, 1, 4, 7, 3, 6]" localClusterId=3 localShards="[7]" peer=16U*NSkuby
[2026-10-06 14:11:29.087] [out] [delivery_module] DBG 2026-10-06 14:11:29.087+02:00 Received WakuMetadata request              topics="waku metadata" tid=17256342 remoteClusterId=ok(3) remoteShards="[5, 0, 2, 1, 4, 7, 3, 6]" localClusterId=3 localShards="[7]" peer=16U*VpJprH
[2026-10-06 14:11:29.134] [out] [delivery_module] DBG 2026-10-06 14:11:29.134+02:00 Dial successful                            topics="libp2p dialer" tid=17256342 peerId=16U*P1S397
[2026-10-06 14:11:29.134] [out] [delivery_module] DBG 2026-10-06 14:11:29.134+02:00 starting sendNonHighPriorityTask           topics="libp2p pubsubpeer" tid=17256342 p=16U*P1S397
[2026-10-06 14:11:29.134] [out] [delivery_module] DBG 2026-10-06 14:11:29.134+02:00 created new pubsub peer                    topics="libp2p pubsub" tid=17256342 peerId=16U*P1S397
[2026-10-06 14:11:29.134] [out] [delivery_module] DBG 2026-10-06 14:11:29.134+02:00 no listener registered                     tid=17256343 event=onConnectionChange
[2026-10-06 14:11:29.156] [out] [delivery_module] DBG 2026-10-06 14:11:29.156+02:00 Dial successful                            topics="libp2p dialer" tid=17256342 peerId=16U*TwqBiH
[2026-10-06 14:11:29.157] [out] [delivery_module] DBG 2026-10-06 14:11:29.157+02:00 starting sendNonHighPriorityTask           topics="libp2p pubsubpeer" tid=17256342 p=16U*TwqBiH
[2026-10-06 14:11:29.157] [out] [delivery_module] DBG 2026-10-06 14:11:29.157+02:00 created new pubsub peer                    topics="libp2p pubsub" tid=17256342 peerId=16U*TwqBiH
[2026-10-06 14:11:29.157] [out] [delivery_module] DBG 2026-10-06 14:11:29.157+02:00 no listener registered                     tid=17256343 event=onConnectionChange
[2026-10-06 14:11:29.157] [out] [delivery_module] DBG 2026-10-06 14:11:29.157+02:00 Incoming WakuRelay connection              topics="waku relay" tid=17256342 connection=16U*P1S397:6ac4e571bccd7180106262a0 protocol=/vac/waku/relay/2.0.0
[2026-10-06 14:11:29.157] [out] [delivery_module] DBG 2026-10-06 14:11:29.157+02:00 starting pubsub read loop                  topics="libp2p pubsubpeer" tid=17256342 stream=16U*P1S397:6ac4e571bccd7180106262a0 peer=16U*P1S397 closed=false
[2026-10-06 14:11:29.157] [out] [delivery_module] DBG 2026-10-06 14:11:29.157+02:00 identify: info sent                        topics="libp2p identify" tid=17256342 stream=16U*P1S397:6ac4e571bccd7180106262a3 info="(peerId: 16Uiu2HAmHPom3qPnVAq4S6WqUV199uMuED6BH4dHguMwNg2vR6i7, listenAddrs: [/ip4/0.0.0.0/tcp/56523, /ip4/0.0.0.0/udp/55580/quic-v1], addrs: [/ip4/0.0.0.0/tcp/56523, /ip4/0.0.0.0/udp/55580/quic-v1], protocols: [/ipfs/id/1.0.0, /libp2p/autonat/1.0.0, /libp2p/circuit/relay/0.2.0/hop, /vac/waku/metadata/1.0.0, /mix/1.0.0, /logos/service-discovery/1.0.0, /vac/waku/relay/2.0.0, /vac/waku/rendezvous/1.0.0, /ipfs/ping/1.0.0, /vac/waku/lightpush/3.0.0, /vac/waku/lightpush/2.0.0-beta1, /vac/waku/filter-subscribe/2.0.0-beta1, /vac/waku/filter-push/2.0.0-beta1, /vac/waku/peer-exchange/2.0.0-alpha1], protoVersion: ipfs/0.1.0, agentVersion: logos-delivery-v0.39.0-gca2814)"
[2026-10-06 14:11:29.158] [out] [delivery_module] DBG 2026-10-06 14:11:29.157+02:00 Incoming WakuRelay connection              topics="waku relay" tid=17256342 connection=16U*TwqBiH:6ac4e571bccd7180106262a4 protocol=/vac/waku/relay/2.0.0
[2026-10-06 14:11:29.158] [out] [delivery_module] DBG 2026-10-06 14:11:29.157+02:00 starting pubsub read loop                  topics="libp2p pubsubpeer" tid=17256342 stream=16U*TwqBiH:6ac4e571bccd7180106262a4 peer=16U*TwqBiH closed=false
[2026-10-06 14:11:29.158] [out] [delivery_module] DBG 2026-10-06 14:11:29.158+02:00 identify: info sent                        topics="libp2p identify" tid=17256342 stream=16U*TwqBiH:6ac4e571bccd7180106262a5 info="(peerId: 16Uiu2HAmHPom3qPnVAq4S6WqUV199uMuED6BH4dHguMwNg2vR6i7, listenAddrs: [/ip4/0.0.0.0/tcp/56523, /ip4/0.0.0.0/udp/55580/quic-v1], addrs: [/ip4/0.0.0.0/tcp/56523, /ip4/0.0.0.0/udp/55580/quic-v1], protocols: [/ipfs/id/1.0.0, /libp2p/autonat/1.0.0, /libp2p/circuit/relay/0.2.0/hop, /vac/waku/metadata/1.0.0, /mix/1.0.0, /logos/service-discovery/1.0.0, /vac/waku/relay/2.0.0, /vac/waku/rendezvous/1.0.0, /ipfs/ping/1.0.0, /vac/waku/lightpush/3.0.0, /vac/waku/lightpush/2.0.0-beta1, /vac/waku/filter-subscribe/2.0.0-beta1, /vac/waku/filter-push/2.0.0-beta1, /vac/waku/peer-exchange/2.0.0-alpha1], protoVersion: ipfs/0.1.0, agentVersion: logos-delivery-v0.39.0-gca2814)"
[2026-10-06 14:11:29.293] [out] [delivery_module] DBG 2026-10-06 14:11:29.293+02:00 no listener registered                     tid=17256343 event=onConnectionChange
[2026-10-06 14:11:29.294] [out] [delivery_module] DBG 2026-10-06 14:11:29.294+02:00 no listener registered                     tid=17256343 event=onConnectionChange
[2026-10-06 14:11:29.353] [out] [delivery_module] DBG 2026-10-06 14:11:29.353+02:00 Dial successful                            topics="libp2p dialer" tid=17256342 peerId=16U*kGyuEP
[2026-10-06 14:11:29.353] [out] [delivery_module] DBG 2026-10-06 14:11:29.353+02:00 Dial successful                            topics="libp2p dialer" tid=17256342 peerId=16U*T3UNSE
[2026-10-06 14:11:29.354] [out] [delivery_module] DBG 2026-10-06 14:11:29.354+02:00 starting sendNonHighPriorityTask           topics="libp2p pubsubpeer" tid=17256342 p=16U*kGyuEP
[2026-10-06 14:11:29.354] [out] [delivery_module] DBG 2026-10-06 14:11:29.354+02:00 created new pubsub peer                    topics="libp2p pubsub" tid=17256342 peerId=16U*kGyuEP
[2026-10-06 14:11:29.354] [out] [delivery_module] DBG 2026-10-06 14:11:29.354+02:00 no listener registered                     tid=17256343 event=onConnectionChange
[2026-10-06 14:11:29.354] [out] [delivery_module] DBG 2026-10-06 14:11:29.354+02:00 starting sendNonHighPriorityTask           topics="libp2p pubsubpeer" tid=17256342 p=16U*T3UNSE
[2026-10-06 14:11:29.354] [out] [delivery_module] DBG 2026-10-06 14:11:29.354+02:00 created new pubsub peer                    topics="libp2p pubsub" tid=17256342 peerId=16U*T3UNSE
[2026-10-06 14:11:29.354] [out] [delivery_module] DBG 2026-10-06 14:11:29.354+02:00 no listener registered                     tid=17256343 event=onConnectionChange
[2026-10-06 14:11:29.354] [out] [delivery_module] DBG 2026-10-06 14:11:29.354+02:00 Incoming WakuRelay connection              topics="waku relay" tid=17256342 connection=16U*kGyuEP:6ac4e571bccd7180106262aa protocol=/vac/waku/relay/2.0.0
[2026-10-06 14:11:29.354] [out] [delivery_module] DBG 2026-10-06 14:11:29.354+02:00 starting pubsub read loop                  topics="libp2p pubsubpeer" tid=17256342 stream=16U*kGyuEP:6ac4e571bccd7180106262aa peer=16U*kGyuEP closed=false
[2026-10-06 14:11:29.354] [out] [delivery_module] DBG 2026-10-06 14:11:29.354+02:00 identify: info sent                        topics="libp2p identify" tid=17256342 stream=16U*kGyuEP:6ac4e571bccd7180106262ab info="(peerId: 16Uiu2HAmHPom3qPnVAq4S6WqUV199uMuED6BH4dHguMwNg2vR6i7, listenAddrs: [/ip4/0.0.0.0/tcp/56523, /ip4/0.0.0.0/udp/55580/quic-v1], addrs: [/ip4/0.0.0.0/tcp/56523, /ip4/0.0.0.0/udp/55580/quic-v1], protocols: [/ipfs/id/1.0.0, /libp2p/autonat/1.0.0, /libp2p/circuit/relay/0.2.0/hop, /vac/waku/metadata/1.0.0, /mix/1.0.0, /logos/service-discovery/1.0.0, /vac/waku/relay/2.0.0, /vac/waku/rendezvous/1.0.0, /ipfs/ping/1.0.0, /vac/waku/lightpush/3.0.0, /vac/waku/lightpush/2.0.0-beta1, /vac/waku/filter-subscribe/2.0.0-beta1, /vac/waku/filter-push/2.0.0-beta1, /vac/waku/peer-exchange/2.0.0-alpha1], protoVersion: ipfs/0.1.0, agentVersion: logos-delivery-v0.39.0-gca2814)"
[2026-10-06 14:11:29.354] [out] [delivery_module] DBG 2026-10-06 14:11:29.354+02:00 Incoming WakuRelay connection              topics="waku relay" tid=17256342 connection=16U*T3UNSE:6ac4e571bccd7180106262ac protocol=/vac/waku/relay/2.0.0
[2026-10-06 14:11:29.354] [out] [delivery_module] DBG 2026-10-06 14:11:29.354+02:00 starting pubsub read loop                  topics="libp2p pubsubpeer" tid=17256342 stream=16U*T3UNSE:6ac4e571bccd7180106262ac peer=16U*T3UNSE closed=false
[2026-10-06 14:11:29.354] [out] [delivery_module] DBG 2026-10-06 14:11:29.354+02:00 identify: info sent                        topics="libp2p identify" tid=17256342 stream=16U*T3UNSE:6ac4e571bccd7180106262ad info="(peerId: 16Uiu2HAmHPom3qPnVAq4S6WqUV199uMuED6BH4dHguMwNg2vR6i7, listenAddrs: [/ip4/0.0.0.0/tcp/56523, /ip4/0.0.0.0/udp/55580/quic-v1], addrs: [/ip4/0.0.0.0/tcp/56523, /ip4/0.0.0.0/udp/55580/quic-v1], protocols: [/ipfs/id/1.0.0, /libp2p/autonat/1.0.0, /libp2p/circuit/relay/0.2.0/hop, /vac/waku/metadata/1.0.0, /mix/1.0.0, /logos/service-discovery/1.0.0, /vac/waku/relay/2.0.0, /vac/waku/rendezvous/1.0.0, /ipfs/ping/1.0.0, /vac/waku/lightpush/3.0.0, /vac/waku/lightpush/2.0.0-beta1, /vac/waku/filter-subscribe/2.0.0-beta1, /vac/waku/filter-push/2.0.0-beta1, /vac/waku/peer-exchange/2.0.0-alpha1], protoVersion: ipfs/0.1.0, agentVersion: logos-delivery-v0.39.0-gca2814)"
[2026-10-06 14:11:29.444] [out] [delivery_module] WRN 2026-10-06 14:11:29.444+02:00 NAT port mapping failed                    topics="libp2p natservice" tid=17256342 port=56523 proto=mpTcp err="plum: mapping 0 failed"
[2026-10-06 14:11:29.604] [out] [delivery_module] DBG 2026-10-06 14:11:29.604+02:00 starting pubsub read loop                  topics="libp2p pubsubpeer" tid=17256342 stream=16U*P1S397:6ac4e571bccd7180106262a1 peer=16U*P1S397 closed=false
[2026-10-06 14:11:29.687] [out] [delivery_module] DBG 2026-10-06 14:11:29.687+02:00 identify: info received                    topics="libp2p identify" tid=17256342 stream=16U*P1S397:6ac4e571bccd7180106262a2 pubkey=ok(sec...97dc)) addresses=/ip4/136.119.156.87/tcp/30303,/ip4/136.119.156.87/udp/30303/quic-v1,/dns4/delivery-01.gc-us-central1-a.logos.dev.status.im/tcp/30303 protocols=/ipfs/id/1.0.0,/libp2p/autonat/1.0.0,/libp2p/circuit/relay/0.2.0/hop,/vac/waku/metadata/1.0.0,/mix/1.0.0,/logos/service-discovery/1.0.0,/vac/waku/store-query/3.0.0,/vac/waku/relay/2.0.0,/vac/waku/rendezvous/1.0.0,/ipfs/ping/1.0.0,/vac/waku/lightpush/3.0.0,/vac/waku/lightpush/2.0.0-beta1,/vac/waku/filter-subscribe/2.0.0-beta1,/vac/waku/filter-push/2.0.0-beta1,/vac/waku/peer-exchange/2.0.0-alpha1 observable_address=ok(/ip4/47.64.115.67/tcp/17438) proto_version=ipfs/0.1.0 agent_version=logos-delivery-v0.39.0-g890397 signedPeerRecord=None
[2026-10-06 14:11:29.688] [out] [delivery_module] DBG 2026-10-06 14:11:29.688+02:00 identify: info received                    topics="libp2p identify" tid=17256342 stream=16U*TwqBiH:6ac4e571bccd7180106262a7 pubkey=ok(sec...fed6)) addresses=/ip4/34.123.201.25/tcp/30303,/ip4/34.123.201.25/udp/30303/quic-v1,/dns4/delivery-02.gc-us-central1-a.logos.dev.status.im/tcp/30303 protocols=/ipfs/id/1.0.0,/libp2p/autonat/1.0.0,/libp2p/circuit/relay/0.2.0/hop,/vac/waku/metadata/1.0.0,/mix/1.0.0,/logos/service-discovery/1.0.0,/vac/waku/store-query/3.0.0,/vac/waku/relay/2.0.0,/vac/waku/rendezvous/1.0.0,/ipfs/ping/1.0.0,/vac/waku/lightpush/3.0.0,/vac/waku/lightpush/2.0.0-beta1,/vac/waku/filter-subscribe/2.0.0-beta1,/vac/waku/filter-push/2.0.0-beta1,/vac/waku/peer-exchange/2.0.0-alpha1 observable_address=ok(/ip4/47.64.115.67/tcp/8299) proto_version=ipfs/0.1.0 agent_version=logos-delivery-v0.39.0-g890397 signedPeerRecord=None
[2026-10-06 14:11:29.689] [out] [delivery_module] DBG 2026-10-06 14:11:29.689+02:00 Event identified                           topics="waku node peer_manager" tid=17256342 peerId=16U*P1S397
[2026-10-06 14:11:29.689] [out] [delivery_module] DBG 2026-10-06 14:11:29.689+02:00 no listener registered                     tid=17256343 event=onConnectionChange
[2026-10-06 14:11:29.689] [out] [delivery_module] DBG 2026-10-06 14:11:29.689+02:00 starting pubsub read loop                  topics="libp2p pubsubpeer" tid=17256342 stream=16U*TwqBiH:6ac4e571bccd7180106262a6 peer=16U*TwqBiH closed=false
[2026-10-06 14:11:29.689] [out] [delivery_module] DBG 2026-10-06 14:11:29.689+02:00 Event identified                           topics="waku node peer_manager" tid=17256342 peerId=16U*TwqBiH
[2026-10-06 14:11:29.689] [out] [delivery_module] DBG 2026-10-06 14:11:29.689+02:00 no listener registered                     tid=17256343 event=onConnectionChange
[2026-10-06 14:11:29.707] [out] [delivery_module] DBG 2026-10-06 14:11:29.707+02:00 identify: info received                    topics="libp2p identify" tid=17256342 stream=16U*T3UNSE:6ac4e571bccd7180106262b1 pubkey=ok(sec...6d2a)) addresses=/ip4/43.99.103.10/tcp/30303,/ip4/43.99.103.10/udp/30303/quic-v1,/dns4/delivery-02.ac-cn-hongkong-c.logos.dev.status.im/tcp/30303 protocols=/ipfs/id/1.0.0,/libp2p/autonat/1.0.0,/libp2p/circuit/relay/0.2.0/hop,/vac/waku/metadata/1.0.0,/mix/1.0.0,/logos/service-discovery/1.0.0,/vac/waku/store-query/3.0.0,/vac/waku/relay/2.0.0,/vac/waku/rendezvous/1.0.0,/ipfs/ping/1.0.0,/vac/waku/lightpush/3.0.0,/vac/waku/lightpush/2.0.0-beta1,/vac/waku/filter-subscribe/2.0.0-beta1,/vac/waku/filter-push/2.0.0-beta1,/vac/waku/peer-exchange/2.0.0-alpha1 observable_address=ok(/ip4/47.64.115.67/tcp/19814) proto_version=ipfs/0.1.0 agent_version=logos-delivery-v0.39.0-g890397 signedPeerRecord=None
[2026-10-06 14:11:29.707] [out] [delivery_module] DBG 2026-10-06 14:11:29.707+02:00 starting pubsub read loop                  topics="libp2p pubsubpeer" tid=17256342 stream=16U*kGyuEP:6ac4e571bccd7180106262ae peer=16U*kGyuEP closed=false
[2026-10-06 14:11:29.707] [out] [delivery_module] DBG 2026-10-06 14:11:29.707+02:00 starting pubsub read loop                  topics="libp2p pubsubpeer" tid=17256342 stream=16U*T3UNSE:6ac4e571bccd7180106262b0 peer=16U*T3UNSE closed=false
[2026-10-06 14:11:29.707] [out] [delivery_module] DBG 2026-10-06 14:11:29.707+02:00 Event identified                           topics="waku node peer_manager" tid=17256342 peerId=16U*T3UNSE
[2026-10-06 14:11:29.707] [out] [delivery_module] DBG 2026-10-06 14:11:29.707+02:00 no listener registered                     tid=17256343 event=onConnectionChange
[2026-10-06 14:11:29.732] [out] [delivery_module] DBG 2026-10-06 14:11:29.732+02:00 identify: info received                    topics="libp2p identify" tid=17256342 stream=16U*kGyuEP:6ac4e571bccd7180106262af pubkey=ok(sec...c56e)) addresses=/ip4/47.242.130.189/tcp/30303,/ip4/47.242.130.189/udp/30303/quic-v1,/dns4/delivery-01.ac-cn-hongkong-c.logos.dev.status.im/tcp/30303 protocols=/ipfs/id/1.0.0,/libp2p/autonat/1.0.0,/libp2p/circuit/relay/0.2.0/hop,/vac/waku/metadata/1.0.0,/mix/1.0.0,/logos/service-discovery/1.0.0,/vac/waku/store-query/3.0.0,/vac/waku/relay/2.0.0,/vac/waku/rendezvous/1.0.0,/ipfs/ping/1.0.0,/vac/waku/lightpush/3.0.0,/vac/waku/lightpush/2.0.0-beta1,/vac/waku/filter-subscribe/2.0.0-beta1,/vac/waku/filter-push/2.0.0-beta1,/vac/waku/peer-exchange/2.0.0-alpha1 observable_address=ok(/ip4/47.64.115.67/tcp/13665) proto_version=ipfs/0.1.0 agent_version=logos-delivery-v0.39.0-g890397 signedPeerRecord=None
[2026-10-06 14:11:29.732] [out] [delivery_module] DBG 2026-10-06 14:11:29.732+02:00 Event identified                           topics="waku node peer_manager" tid=17256342 peerId=16U*kGyuEP
[2026-10-06 14:11:29.732] [out] [delivery_module] DBG 2026-10-06 14:11:29.732+02:00 no listener registered                     tid=17256343 event=onConnectionChange
[2026-10-06 14:11:30.340] [out] [delivery_module] DBG 2026-10-06 14:11:30.340+02:00 Received WakuMetadata request              topics="waku metadata" tid=17256342 remoteClusterId=ok(3) remoteShards="[5, 0, 2, 1, 4, 7, 3, 6]" localClusterId=3 localShards="[7]" peer=16U*P1S397
[2026-10-06 14:11:30.342] [out] [delivery_module] DBG 2026-10-06 14:11:30.342+02:00 Dialing peer                               topics="libp2p dialer" tid=17256342 peerId=16U*7ZEp3L addrs="[/ip4/192.168.1.3/udp/56395/quic-v1, /ip4/192.168.1.3/tcp/49737]"
[2026-10-06 14:11:30.342] [out] [delivery_module] DBG 2026-10-06 14:11:30.342+02:00 Expanded address and hostname              topics="libp2p dialer" tid=17256342 expandedAddress=/ip4/192.168.1.3/udp/56395/quic-v1 hostname=192.168.1.3 resolvedAddresses="[/ip4/192.168.1.3/udp/56395/quic-v1]"
[2026-10-06 14:11:30.342] [out] [delivery_module] DBG 2026-10-06 14:11:30.342+02:00 New connection established: client         tid=17256342
[2026-10-06 14:11:30.343] [out] [delivery_module] DBG 2026-10-06 14:11:30.343+02:00 Dialing peer                               topics="libp2p dialer" tid=17256342 peerId=16U*B3TT6o addrs="[/ip4/172.20.10.14/udp/53555/quic-v1, /ip4/172.20.10.14/tcp/56336]"
[2026-10-06 14:11:30.343] [out] [delivery_module] DBG 2026-10-06 14:11:30.343+02:00 Expanded address and hostname              topics="libp2p dialer" tid=17256342 expandedAddress=/ip4/172.20.10.14/udp/53555/quic-v1 hostname=172.20.10.14 resolvedAddresses="[/ip4/172.20.10.14/udp/53555/quic-v1]"
[2026-10-06 14:11:30.343] [out] [delivery_module] DBG 2026-10-06 14:11:30.343+02:00 New connection established: client         tid=17256342
[2026-10-06 14:11:30.344] [out] [delivery_module] DBG 2026-10-06 14:11:30.344+02:00 Lookup query                               topics="kad-dht find" tid=17256342 peer=16U*7ZEp3L
[2026-10-06 14:11:30.344] [out] [delivery_module] DBG 2026-10-06 14:11:30.344+02:00 Lookup query                               topics="kad-dht find" tid=17256342 peer=16U*B3TT6o
[2026-10-06 14:11:30.423] [out] [delivery_module] DBG 2026-10-06 14:11:30.423+02:00 Received WakuMetadata request              topics="waku metadata" tid=17256342 remoteClusterId=ok(3) remoteShards="[5, 0, 2, 1, 4, 7, 3, 6]" localClusterId=3 localShards="[7]" peer=16U*TwqBiH
[2026-10-06 14:11:30.423] [out] [delivery_module] DBG 2026-10-06 14:11:30.423+02:00 Received WakuMetadata request              topics="waku metadata" tid=17256342 remoteClusterId=ok(3) remoteShards="[5, 0, 2, 1, 4, 7, 3, 6]" localClusterId=3 localShards="[7]" peer=16U*kGyuEP
[2026-10-06 14:11:30.423] [out] [delivery_module] DBG 2026-10-06 14:11:30.423+02:00 Received WakuMetadata request              topics="waku metadata" tid=17256342 remoteClusterId=ok(3) remoteShards="[5, 0, 2, 1, 4, 7, 3, 6]" localClusterId=3 localShards="[7]" peer=16U*T3UNSE
[2026-10-06 14:11:30.524] [out] [delivery_module] DBG 2026-10-06 14:11:30.524+02:00 no listener registered                     tid=17256343 event=onConnectionChange
[2026-10-06 14:11:30.531] [out] [delivery_module] DBG 2026-10-06 14:11:30.531+02:00 no listener registered                     tid=17256343 event=onConnectionChange
[2026-10-06 14:11:30.673] [out] [delivery_module] DBG 2026-10-06 14:11:30.673+02:00 no listener registered                     tid=17256343 event=onConnectionChange
[2026-10-06 14:11:30.707] [out] [delivery_module] DBG 2026-10-06 14:11:30.707+02:00 no listener registered                     tid=17256343 event=onConnectionChange
[2026-10-06 14:11:31.446] [out] [delivery_module] WRN 2026-10-06 14:11:31.446+02:00 NAT port mapping failed                    topics="libp2p natservice" tid=17256342 port=55580 proto=mpUdp err="plum: mapping 0 failed"
[2026-10-06 14:11:31.447] [out] [delivery_module] INF 2026-10-06 14:11:31.447+02:00 Mix self hop set                           topics="waku node" tid=17256342 hop=/ip4/172.20.10.14/tcp/56523 before=/ip4/0.0.0.0/tcp/0
[2026-10-06 14:11:31.447] [out] [delivery_module] DBG 2026-10-06 14:11:31.447+02:00 ENR addresses updated                      topics="waku enr" tid=17256342 retained=0 total=0
[2026-10-06 14:11:31.448] [out] [delivery_module] DBG 2026-10-06 14:11:31.448+02:00 ENR addresses updated                      topics="waku enr" tid=17256342 retained=0 total=0
[2026-10-06 14:11:31.448] [out] [delivery_module] INF 2026-10-06 14:11:31.448+02:00 Found previous WakuRelay peers. Reconnecting. topics="waku node" tid=17256342
[2026-10-06 14:11:31.448] [out] [delivery_module] DBG 2026-10-06 14:11:31.448+02:00 Reconnecting peers                         topics="waku node peer_manager" tid=17256342 proto=/vac/waku/relay/2.0.0
[2026-10-06 14:11:31.448] [out] [delivery_module] INF 2026-10-06 14:11:31.448+02:00 Random kademlia lookups disabled           topics="waku service discovery" tid=17256342
[2026-10-06 14:11:31.448] [out] [delivery_module] DBG 2026-10-06 14:11:31.448+02:00 Periodic service lookup started            topics="waku service discovery" tid=17256342 interval=1m services={}
[2026-10-06 14:11:31.448] [out] [delivery_module] INF 2026-10-06 14:11:31.448+02:00 Kademlia discovery started                 topics="waku service discovery" tid=17256342
[2026-10-06 14:11:31.448] [out] [delivery_module] INF 2026-10-06 14:11:31.448+02:00 Discovery ENR initialized                  topics="eth p2p discv5" tid=17256342 enrAutoUpdate=false seqNum=4 ip=none() tcpPort=none() udpPort=none() customEnrFields=@[] uri=enr:-Ka4QLd_VifgRF-ITObjfGbb5HyMHbbZHPHTT2mzgqIAcrY_QPW9Sug6ND7niT26NxunJMZk_53JQs87736nEg2GPZ4EgmlkgnY0im11bHRpYWRkcnOAgnJzkwADCAAAAAEAAgADAAQABQAGAAeJc2VjcDI1NmsxoQNGZr95tLAgricyJLpdYLYh5EOw3ryvGaWrJ2EQs96-9IN0Y3CC3MuFd2FrdTIt
[2026-10-06 14:11:31.448] [out] [delivery_module] WRN 2026-10-06 14:11:31.448+02:00 No external IP provided for the ENR, this node will not be discoverable topics="eth p2p discv5" tid=17256342
[2026-10-06 14:11:31.448] [out] [delivery_module] DBG 2026-10-06 14:11:31.448+02:00 peer filtering updated                     topics="waku discv5" tid=17256342
[2026-10-06 14:11:31.448] [out] [delivery_module] INF 2026-10-06 14:11:31.448+02:00 Starting discovery v5 service              topics="waku discv5" tid=17256342
[2026-10-06 14:11:31.448] [out] [delivery_module] INF 2026-10-06 14:11:31.448+02:00 Start listening on udp port                topics="waku discv5" tid=17256342 address=0.0.0.0 port=57302
[2026-10-06 14:11:31.448] [out] [delivery_module] INF 2026-10-06 14:11:31.448+02:00 Starting discovery node                    topics="eth p2p discv5" tid=17256342 node=e2*87b6d8:unaddressable bindAddress=0.0.0.0:57302
[2026-10-06 14:11:31.449] [out] [delivery_module] DBG 2026-10-06 14:11:31.449+02:00 Total nodes in routing table after populate topics="eth p2p discv5" tid=17256342 total=0
[2026-10-06 14:11:31.449] [out] [delivery_module] DBG 2026-10-06 14:11:31.449+02:00 Starting discovery v5 search               topics="waku discv5" tid=17256342
[2026-10-06 14:11:31.449] [out] [delivery_module] DBG 2026-10-06 14:11:31.449+02:00 Successfully started discovery v5 service  topics="waku discv5" tid=17256342
[2026-10-06 14:11:31.449] [out] [delivery_module] INF 2026-10-06 14:11:31.449+02:00 Discv5: discoverable ENR                   topics="waku discv5" tid=17256342 enrUri=enr:-Ka4QLd_VifgRF-ITObjfGbb5HyMHbbZHPHTT2mzgqIAcrY_QPW9Sug6ND7niT26NxunJMZk_53JQs87736nEg2GPZ4EgmlkgnY0im11bHRpYWRkcnOAgnJzkwADCAAAAAEAAgADAAQABQAGAAeJc2VjcDI1NmsxoQNGZr95tLAgricyJLpdYLYh5EOw3ryvGaWrJ2EQs96-9IN0Y3CC3MuFd2FrdTIt enr="(4, id: \"v4\", multiaddrs: 0x, rs: 0x00030800000001000200030004000500060007, secp256k1: 0x034666BF79B4B020AE273224BA5D60B621E443B0DEBCAF19A5AB276110B3DEBEF4, tcp: 56523, waku2: 0x2D)"
[2026-10-06 14:11:31.449] [out] [delivery_module] INF 2026-10-06 14:11:31.449+02:00 Node started successfully                  topics="waku node" tid=17256342
[2026-10-06 14:11:31.449] [out] [delivery_module] DBG 2026-10-06 14:11:31.449+02:00 Publishing Signed XPR                      topics="service-discovery" tid=17256342 xpr="(envelope: (publicKey: secp256k1 key (044666bf79b4b020ae273224ba5d60b621e443b0debcaf19a5ab276110b3debef43e92d6ee8d30f7338043e989d881d483ce96297ad4bbe3a7534b9b804950e401), payloadType: @[3, 1], payload: @[10, 39, 0, 37, 8, 2, 18, 33, 3, 70, 102, 191, 121, 180, 176, 32, 174, 39, 50, 36, 186, 93, 96, 182, 33, 228, 67, 176, 222, 188, 175, 25, 165, 171, 39, 97, 16, 179, 222, 190, 244, 16, 175, 197, 17, 26, 10, 10, 8, 4, 172, 20, 10, 14, 6, 220, 203, 26, 13, 10, 11, 4, 172, 20, 10, 14, 145, 2, 217, 28, 205, 3], signature: 304402207F8E1762FF5D2FE385970920C062AF078ADED689959D01112EFCD729A0D09E2E022044C388877B95C6C9F7B22FBB094AF897A91C1B56F534A32DF7FEF15FE5C844AF), data: (peerId: 16Uiu2HAmHPom3qPnVAq4S6WqUV199uMuED6BH4dHguMwNg2vR6i7, seqNo: 287407, addresses: @[(address: /ip4/172.20.10.14/tcp/56523), (address: /ip4/172.20.10.14/udp/55580/quic-v1)], services: @[]))"
[2026-10-06 14:11:31.449] [out] [delivery_module] DBG 2026-10-06 14:11:31.449+02:00 Lookup query                               topics="kad-dht find" tid=17256342 peer=16U*TwqBiH
[2026-10-06 14:11:31.450] [out] [delivery_module] DBG 2026-10-06 14:11:31.450+02:00 Lookup query                               topics="kad-dht find" tid=17256342 peer=16U*NSkuby
[2026-10-06 14:11:31.450] [out] [delivery_module] DBG 2026-10-06 14:11:31.450+02:00 Lookup query                               topics="kad-dht find" tid=17256342 peer=16U*kGyuEP
[2026-10-06 14:11:31.450] [out] [delivery_module] DBG 2026-10-06 14:11:31.450+02:00 Lookup query                               topics="kad-dht find" tid=17256342 peer=16U*VpJprH
[2026-10-06 14:11:31.450] [out] [delivery_module] DBG 2026-10-06 14:11:31.450+02:00 Lookup query                               topics="kad-dht find" tid=17256342 peer=16U*T3UNSE
[2026-10-06 14:11:31.450] [out] [delivery_module] DBG 2026-10-06 14:11:31.450+02:00 Lookup query                               topics="kad-dht find" tid=17256342 peer=16U*P1S397
[2026-10-06 14:11:31.450] [out] [delivery_module] DBG 2026-10-06 14:11:31.450+02:00 Dialing multiple peers                     tid=17256342 numOfPeers=6 nodes="@[\"/dns4/delivery-01.do-ams3.logos.dev.status.im/tcp/30303/p2p/16Uiu2HAmTUbnxLGT9JvV6mu9oPyDjqHK4Phs1VDJNUgESgNSkuby\", \"/dns4/delivery-02.do-ams3.logos.dev.status.im/tcp/30303/p2p/16Uiu2HAmMK7PYygBtKUQ8EHp7EfaD3bCEsJrkFooK8RQ2PVpJprH\", \"/dns4/delivery-01.gc-us-central1-a.logos.dev.status.im/tcp/30303/p2p/16Uiu2HAm4S1JYkuzDKLKQvwgAhZKs9otxXqt8SCGtB4hoJP1S397\", \"/dns4/delivery-02.gc-us-central1-a.logos.dev.status.im/tcp/30303/p2p/16Uiu2HAm8Y9kgBNtjxvCnf1X6gnZJW5EGE4UwwCL3CCm55TwqBiH\", \"/dns4/delivery-01.ac-cn-hongkong-c.logos.dev.status.im/tcp/30303/p2p/16Uiu2HAm8YokiNun9BkeA1ZRmhLbtNUvcwRr64F69tYj9fkGyuEP\", \"/dns4/delivery-02.ac-cn-hongkong-c.logos.dev.status.im/tcp/30303/p2p/16Uiu2HAkvwhGHKNry6LACrB8TmEFoCJKEX29XR5dDUzk3UT3UNSE\"]"
[2026-10-06 14:11:31.451] [out] [delivery_module] DBG 2026-10-06 14:11:31.451+02:00 Finished dialing multiple peers            tid=17256342 successfulConns=6 attempted=6
[2026-10-06 14:11:31.451] [out] [delivery_module] DBG 2026-10-06 14:11:31.451+02:00 Dialing multiple peers                     topics="waku node peer_manager" tid=17256342 numOfPeers=2 nodes="@[16Uiu2HAkvj4Pd3uNLjAUqmySs4rNqVe9KhZsX9toFdKv71B3TT6o, 16Uiu2HAmAResE15q4BDR96fpXuErsrxP4kzNDeA9LpPsbh7ZEp3L]"
[2026-10-06 14:11:31.452] [out] [delivery_module] INF 2026-10-06 14:11:31.452+02:00 Relay peer connections                     topics="waku node peer_manager" tid=17256342 inRelayConns=0/50 outRelayConns=6/25 totalConnections=6/150 notConnectedPeers=2 outsideBackoffPeers=2
[2026-10-06 14:11:31.453] [out] [delivery_module] DBG 2026-10-06 14:11:31.453+02:00 ENR addresses updated                      topics="waku enr" tid=17256342 retained=0 total=0
[2026-10-06 14:11:31.453] [out] [delivery_module] DBG 2026-10-06 14:11:31.453+02:00 Subscribing to pubsub topic                topics="waku relay" tid=17256342 pubsubTopic=/waku/2/rs/3/0
[2026-10-06 14:11:31.454] [out] [delivery_module] DBG 2026-10-06 14:11:31.454+02:00 peer filtering updated                     topics="waku discv5" tid=17256342
[2026-10-06 14:11:31.454] [out] [delivery_module] DBG 2026-10-06 14:11:31.454+02:00 ENR shards updated                         topics="waku discv5" tid=17256342 enrUri=enr:-K24QOdDLkLC7uQRtuBA40nsOZWuYyCQDTv2_oWARn6CAF3sL1TS69TsCo07cG1eOY-LTiAE0daDP1TlVLKZwmf6-SMHgmlkgnY0im11bHRpYWRkcnOAgnJzkwADCAAAAAEAAgADAAQABQAGAAeJc2VjcDI1NmsxoQNGZr95tLAgricyJLpdYLYh5EOw3ryvGaWrJ2EQs96-9IN0Y3CC3MuDdWRwgt_WhXdha3UyLQ add=true
[2026-10-06 14:11:31.454] [out] [delivery_module] DBG 2026-10-06 14:11:31.454+02:00 Subscribing to pubsub topic                topics="waku relay" tid=17256342 pubsubTopic=/waku/2/rs/3/1
[2026-10-06 14:11:31.454] [out] [delivery_module] DBG 2026-10-06 14:11:31.454+02:00 peer filtering updated                     topics="waku discv5" tid=17256342
[2026-10-06 14:11:31.454] [out] [delivery_module] DBG 2026-10-06 14:11:31.454+02:00 ENR shards updated                         topics="waku discv5" tid=17256342 enrUri=enr:-K24QN4LmU6S-MMZ2cq4EFGAeh-x5ESrf0vNf-7ItqDlEqDjMzvsdBA2n4s8mx5uL01ip-FSQd3wr7w1KexXItAlb6AIgmlkgnY0im11bHRpYWRkcnOAgnJzkwADCAAAAAEAAgADAAQABQAGAAeJc2VjcDI1NmsxoQNGZr95tLAgricyJLpdYLYh5EOw3ryvGaWrJ2EQs96-9IN0Y3CC3MuDdWRwgt_WhXdha3UyLQ add=true
[2026-10-06 14:11:31.454] [out] [delivery_module] DBG 2026-10-06 14:11:31.454+02:00 Subscribing to pubsub topic                topics="waku relay" tid=17256342 pubsubTopic=/waku/2/rs/3/2
[2026-10-06 14:11:31.455] [out] [delivery_module] DBG 2026-10-06 14:11:31.455+02:00 peer filtering updated                     topics="waku discv5" tid=17256342
[2026-10-06 14:11:31.455] [out] [delivery_module] DBG 2026-10-06 14:11:31.455+02:00 ENR shards updated                         topics="waku discv5" tid=17256342 enrUri=enr:-K24QCUE--tAqac35LVpMiUnR3gwDBljx7Xy-ilUfE-0xd3KCnUrWmY-67MQqdqBXz5UMzOHl5e2nOLg8IHiiqqry0kJgmlkgnY0im11bHRpYWRkcnOAgnJzkwADCAAAAAEAAgADAAQABQAGAAeJc2VjcDI1NmsxoQNGZr95tLAgricyJLpdYLYh5EOw3ryvGaWrJ2EQs96-9IN0Y3CC3MuDdWRwgt_WhXdha3UyLQ add=true
[2026-10-06 14:11:31.455] [out] [delivery_module] DBG 2026-10-06 14:11:31.455+02:00 Subscribing to pubsub topic                topics="waku relay" tid=17256342 pubsubTopic=/waku/2/rs/3/3
[2026-10-06 14:11:31.455] [out] [delivery_module] DBG 2026-10-06 14:11:31.455+02:00 peer filtering updated                     topics="waku discv5" tid=17256342
[2026-10-06 14:11:31.455] [out] [delivery_module] DBG 2026-10-06 14:11:31.455+02:00 ENR shards updated                         topics="waku discv5" tid=17256342 enrUri=enr:-K24QKIQd62_YDpbAM8GLDOsaAd_uT2o81WsW-HpdckQWoU7Gb5GhQ49vj_GsGOG3InGFrHY6GLJ3gMlUY4M-N1ROa8KgmlkgnY0im11bHRpYWRkcnOAgnJzkwADCAAAAAEAAgADAAQABQAGAAeJc2VjcDI1NmsxoQNGZr95tLAgricyJLpdYLYh5EOw3ryvGaWrJ2EQs96-9IN0Y3CC3MuDdWRwgt_WhXdha3UyLQ add=true
[2026-10-06 14:11:31.455] [out] [delivery_module] DBG 2026-10-06 14:11:31.455+02:00 Subscribing to pubsub topic                topics="waku relay" tid=17256342 pubsubTopic=/waku/2/rs/3/4
[2026-10-06 14:11:31.455] [out] [delivery_module] DBG 2026-10-06 14:11:31.455+02:00 peer filtering updated                     topics="waku discv5" tid=17256342
[2026-10-06 14:11:31.455] [out] [delivery_module] DBG 2026-10-06 14:11:31.455+02:00 ENR shards updated                         topics="waku discv5" tid=17256342 enrUri=enr:-K24QCKQJbuCivsExjXt5-RLoAU83cV23hLhTu57StwP1rEbUqb8KzHxKp4CWNZGKalA2g8WLTyIypXPkzW60Fn_iRkLgmlkgnY0im11bHRpYWRkcnOAgnJzkwADCAAAAAEAAgADAAQABQAGAAeJc2VjcDI1NmsxoQNGZr95tLAgricyJLpdYLYh5EOw3ryvGaWrJ2EQs96-9IN0Y3CC3MuDdWRwgt_WhXdha3UyLQ add=true
[2026-10-06 14:11:31.455] [out] [delivery_module] DBG 2026-10-06 14:11:31.455+02:00 Subscribing to pubsub topic                topics="waku relay" tid=17256342 pubsubTopic=/waku/2/rs/3/5
[2026-10-06 14:11:31.456] [out] [delivery_module] DBG 2026-10-06 14:11:31.456+02:00 peer filtering updated                     topics="waku discv5" tid=17256342
[2026-10-06 14:11:31.456] [out] [delivery_module] DBG 2026-10-06 14:11:31.456+02:00 ENR shards updated                         topics="waku discv5" tid=17256342 enrUri=enr:-K24QLg_gW-PJOK_WvZj2-u9gJDsOwCf3j1R3eC4h26mQmucPyAOI7F35VO672pkiVWXdtCNnZnoRQC6JiNUdJQP2X0MgmlkgnY0im11bHRpYWRkcnOAgnJzkwADCAAAAAEAAgADAAQABQAGAAeJc2VjcDI1NmsxoQNGZr95tLAgricyJLpdYLYh5EOw3ryvGaWrJ2EQs96-9IN0Y3CC3MuDdWRwgt_WhXdha3UyLQ add=true
[2026-10-06 14:11:31.456] [out] [delivery_module] DBG 2026-10-06 14:11:31.456+02:00 Subscribing to pubsub topic                topics="waku relay" tid=17256342 pubsubTopic=/waku/2/rs/3/6
[2026-10-06 14:11:31.456] [out] [delivery_module] DBG 2026-10-06 14:11:31.456+02:00 peer filtering updated                     topics="waku discv5" tid=17256342
[2026-10-06 14:11:31.456] [out] [delivery_module] DBG 2026-10-06 14:11:31.456+02:00 ENR shards updated                         topics="waku discv5" tid=17256342 enrUri=enr:-K24QMDY4ujoVfoDmuPZzOAuu7NEaeibrhf5Avokl5A0iSA0DFx0udqTJWpMSc59ulvO0ObqZGo2rm66U6hxzU8y89ENgmlkgnY0im11bHRpYWRkcnOAgnJzkwADCAAAAAEAAgADAAQABQAGAAeJc2VjcDI1NmsxoQNGZr95tLAgricyJLpdYLYh5EOw3ryvGaWrJ2EQs96-9IN0Y3CC3MuDdWRwgt_WhXdha3UyLQ add=true
[2026-10-06 14:11:31.456] [out] [delivery_module] NTC 2026-10-06 14:11:31.456+02:00 ENR carries no reachable host, so peers cannot dial this node. Set --nat, --ext-ip, --dns4-domain-name or --ext-multiaddr to advertise one topics="wakunode waku" tid=17256342
[2026-10-06 14:11:31.456] [out] [delivery_module] DBG 2026-10-06 14:11:31.456+02:00 register interest                          topics="service-disco discoverer" tid=17256342 service=/logos/delivery serviceId=key:E6738033B5D413D13CF58622CEB4EF8F392E8D4EB073B56A5486CB0431B2F5D8
[2026-10-06 14:11:31.457] [out] [delivery_module] DBG 2026-10-06 14:11:31.457+02:00 Lookup query                               topics="kad-dht find" tid=17256342 peer=16U*P1S397
[2026-10-06 14:11:31.457] [out] [delivery_module] DBG 2026-10-06 14:11:31.457+02:00 Lookup query                               topics="kad-dht find" tid=17256342 peer=16U*T3UNSE
[2026-10-06 14:11:31.457] [out] [delivery_module] DBG 2026-10-06 14:11:31.457+02:00 Lookup query                               topics="kad-dht find" tid=17256342 peer=16U*VpJprH
[2026-10-06 14:11:31.457] [out] [delivery_module] DBG 2026-10-06 14:11:31.457+02:00 Lookup query                               topics="kad-dht find" tid=17256342 peer=16U*kGyuEP
[2026-10-06 14:11:31.457] [out] [delivery_module] DBG 2026-10-06 14:11:31.457+02:00 Lookup query                               topics="kad-dht find" tid=17256342 peer=16U*NSkuby
[2026-10-06 14:11:31.457] [out] [delivery_module] DBG 2026-10-06 14:11:31.457+02:00 Lookup query                               topics="kad-dht find" tid=17256342 peer=16U*TwqBiH
[2026-10-06 14:11:31.457] [out] [delivery_module] DBG 2026-10-06 14:11:31.457+02:00 Added service to discover                  topics="waku service discovery" tid=17256342 service=/logos/delivery
[2026-10-06 14:11:31.457] [out] [delivery_module] DBG 2026-10-06 14:11:31.457+02:00 Added provided service                     topics="service-disco advertiser" tid=17256342 service=/logos/delivery serviceId=key:E6738033B5D413D13CF58622CEB4EF8F392E8D4EB073B56A5486CB0431B2F5D8
[2026-10-06 14:11:31.458] [out] [delivery_module] DBG 2026-10-06 14:11:31.458+02:00 Cannot insert self in routing table        topics="kad-dht rtable" tid=17256342 nodeId=key:002508021221034666BF79B4B020AE273224BA5D60B621E443B0DEBCAF19A5AB276110B3DEBEF4
[2026-10-06 14:11:31.458] [out] [delivery_module] DBG 2026-10-06 14:11:31.458+02:00 Cannot insert self in routing table        topics="kad-dht rtable" tid=17256342 nodeId=key:002508021221034666BF79B4B020AE273224BA5D60B621E443B0DEBCAF19A5AB276110B3DEBEF4
[2026-10-06 14:11:31.459] [out] [delivery_module] DBG 2026-10-06 14:11:31.459+02:00 Added service to advertise                 topics="waku service discovery" tid=17256342 service=/logos/delivery
[2026-10-06 14:11:31.459] [out] [delivery_module] INF 2026-10-06 14:11:31.459+02:00 advertising this node on the delivery network topics="waku discovery advertise" tid=17256342 backend=service protocols="[/vac/waku/relay/2.0.0, /vac/waku/filter-subscribe/2.0.0-beta1, /vac/waku/lightpush/3.0.0, /mix/1.0.0]"
[2026-10-06 14:11:31.459] [out] [delivery_module] DBG 2026-10-06 14:11:31.459+02:00 register interest                          topics="service-disco discoverer" tid=17256342 service=/mix/1.0.0 serviceId=key:913B5C5DBE691438693215140388EC0C7DE80DE328BDE5BD7FC06F90568CEA40
[2026-10-06 14:11:31.459] [out] [delivery_module] DBG 2026-10-06 14:11:31.459+02:00 Lookup query                               topics="kad-dht find" tid=17256342 peer=16U*kGyuEP
[2026-10-06 14:11:31.459] [out] [delivery_module] DBG 2026-10-06 14:11:31.459+02:00 Lookup query                               topics="kad-dht find" tid=17256342 peer=16U*T3UNSE
[2026-10-06 14:11:31.459] [out] [delivery_module] DBG 2026-10-06 14:11:31.459+02:00 Lookup query                               topics="kad-dht find" tid=17256342 peer=16U*P1S397
[2026-10-06 14:11:31.459] [out] [delivery_module] DBG 2026-10-06 14:11:31.459+02:00 Lookup query                               topics="kad-dht find" tid=17256342 peer=16U*VpJprH
[2026-10-06 14:11:31.459] [out] [delivery_module] DBG 2026-10-06 14:11:31.459+02:00 Lookup query                               topics="kad-dht find" tid=17256342 peer=16U*TwqBiH
[2026-10-06 14:11:31.459] [out] [delivery_module] DBG 2026-10-06 14:11:31.459+02:00 Lookup query                               topics="kad-dht find" tid=17256342 peer=16U*NSkuby
[2026-10-06 14:11:31.459] [out] [delivery_module] DBG 2026-10-06 14:11:31.459+02:00 Added service to discover                  topics="waku service discovery" tid=17256342 service=/mix/1.0.0
[2026-10-06 14:11:31.460] [out] [delivery_module] DBG 2026-10-06 14:11:31.460+02:00 Added provided service                     topics="service-disco advertiser" tid=17256342 service=/mix/1.0.0 serviceId=key:913B5C5DBE691438693215140388EC0C7DE80DE328BDE5BD7FC06F90568CEA40
[2026-10-06 14:11:31.460] [out] [delivery_module] DBG 2026-10-06 14:11:31.460+02:00 Added service to advertise                 topics="waku service discovery" tid=17256342 service=/mix/1.0.0
[2026-10-06 14:11:31.460] [out] [delivery_module] INF 2026-10-06 14:11:31.460+02:00 advertising this node as a mix node        topics="waku discovery advertise" tid=17256342 backend=service
[2026-10-06 14:11:31.460] [out] [delivery_module] INF 2026-10-06 14:11:31.460+02:00 Node is online                             topics="waku online monitor" tid=17256342
[2026-10-06 14:11:31.460] [out] [delivery_module] INF 2026-10-06 14:11:31.460+02:00 Health monitor loop start                  tid=17256342
[2026-10-06 14:11:31.462] [out] [delivery_module] DBG 2026-10-06 14:11:31.462+02:00 calculateConnectionState                   tid=17256342 relayCount=6 storeClientCount=6 lightpushCount=6 filterCount=6
[2026-10-06 14:11:31.462] [out] [delivery_module] DBG 2026-10-06 14:11:31.462+02:00 connectionStatus change                    tid=17256342 oldstatus=Disconnected newstatus=Connected
[2026-10-06 14:11:31.462] [out] [delivery_module] INF 2026-10-06 14:11:31.462+02:00 starting keepalive                         tid=17256342 randomPeersKeepalive=10s allPeersKeepalive=2m
[2026-10-06 14:11:31.462] [out] [delivery_module] DBG 2026-10-06 14:11:31.462+02:00 no listener registered                     tid=17256343 event=onTopicHealthChange
[2026-10-06 14:11:31.462] [out] [delivery_module] DBG 2026-10-06 14:11:31.462+02:00 no listener registered                     tid=17256343 event=onTopicHealthChange
[2026-10-06 14:11:31.462] [out] [delivery_module] DBG 2026-10-06 14:11:31.462+02:00 no listener registered                     tid=17256343 event=onTopicHealthChange
[2026-10-06 14:11:31.462] [out] [delivery_module] DBG 2026-10-06 14:11:31.462+02:00 no listener registered                     tid=17256343 event=onTopicHealthChange
[2026-10-06 14:11:31.462] [out] [delivery_module] DBG 2026-10-06 14:11:31.462+02:00 no listener registered                     tid=17256343 event=onTopicHealthChange
[2026-10-06 14:11:31.462] [out] [delivery_module] DBG 2026-10-06 14:11:31.462+02:00 no listener registered                     tid=17256343 event=onTopicHealthChange
[2026-10-06 14:11:31.462] [out] [delivery_module] DBG 2026-10-06 14:11:31.462+02:00 no listener registered                     tid=17256343 event=onTopicHealthChange
[2026-10-06 14:11:31.565] [out] [delivery_module] DBG 2026-10-06 14:11:31.565+02:00 calculateConnectionState                   tid=17256342 relayCount=6 storeClientCount=6 lightpushCount=6 filterCount=6
[2026-10-06 14:11:31.762] [out] [delivery_module] DBG 2026-10-06 14:11:31.762+02:00 Lookup query                               topics="kad-dht find" tid=17256342 peer=16U*7ZEp3L
[2026-10-06 14:11:31.762] [out] [delivery_module] DBG 2026-10-06 14:11:31.762+02:00 Lookup query                               topics="kad-dht find" tid=17256342 peer=16U*B3TT6o
[2026-10-06 14:11:31.974] [out] [delivery_module] DBG 2026-10-06 14:11:31.974+02:00 Lookup query                               topics="kad-dht find" tid=17256342 peer=16U*B3TT6o
[2026-10-06 14:11:31.974] [out] [delivery_module] DBG 2026-10-06 14:11:31.974+02:00 Lookup query                               topics="kad-dht find" tid=17256342 peer=16U*7ZEp3L
[2026-10-06 14:11:32.173] [out] [delivery_module] DBG 2026-10-06 14:11:32.173+02:00 Lookup query                               topics="kad-dht find" tid=17256342 peer=16U*7ZEp3L
[2026-10-06 14:11:32.173] [out] [delivery_module] DBG 2026-10-06 14:11:32.173+02:00 Lookup query                               topics="kad-dht find" tid=17256342 peer=16U*B3TT6o
[2026-10-06 14:11:32.244] [out] [delivery_module] INF 2026-10-06 14:11:32.244+02:00 Message received                           tid=17256342 msg_hash=0xcf2396778ba331cdf619a6024465d9fbead0d36809fc7800790d91a8ec091b6e contentTopic=/lp0026forum/1/general/text pubsubTopic=/waku/2/rs/3/7 source=history
[2026-10-06 14:11:32.443] [info] [logos] [delivery_module] DeliveryModuleImpl::storeQuery called with peerAddr: /dns4/delivery-01.do-ams3.logos.dev.status.im/tcp/30303/p2p/16Uiu2HAmTUbnxLGT9JvV6mu9oPyDjqHK4Phs1VDJNUgESgNSkuby
[2026-10-06 14:11:33.101] [info] [logos] [delivery_module] DeliveryModuleImpl::storeQuery called with peerAddr: /dns4/delivery-01.do-ams3.logos.dev.status.im/tcp/30303/p2p/16Uiu2HAmTUbnxLGT9JvV6mu9oPyDjqHK4Phs1VDJNUgESgNSkuby
[2026-10-06 14:11:33.345] [out] [delivery_module] DBG 2026-10-06 14:11:33.345+02:00 Dialing failed                             topics="libp2p dialer" tid=17256342 description="quic dial timed out after 3s" peerId=16U*7ZEp3L address=/ip4/192.168.1.3/udp/56395/quic-v1 hostname=192.168.1.3
[2026-10-06 14:11:33.345] [out] [delivery_module] DBG 2026-10-06 14:11:33.345+02:00 Dialing failed                             topics="libp2p dialer" tid=17256342 description="quic dial timed out after 3s" peerId=16U*B3TT6o address=/ip4/172.20.10.14/udp/53555/quic-v1 hostname=172.20.10.14
[2026-10-06 14:11:33.345] [out] [delivery_module] DBG 2026-10-06 14:11:33.345+02:00 Expanded address and hostname              topics="libp2p dialer" tid=17256342 expandedAddress=/ip4/192.168.1.3/tcp/49737 hostname=192.168.1.3 resolvedAddresses="[/ip4/192.168.1.3/tcp/49737]"
[2026-10-06 14:11:33.347] [out] [delivery_module] DBG 2026-10-06 14:11:33.347+02:00 Expanded address and hostname              topics="libp2p dialer" tid=17256342 expandedAddress=/ip4/172.20.10.14/tcp/56336 hostname=172.20.10.14 resolvedAddresses="[/ip4/172.20.10.14/tcp/56336]"
[2026-10-06 14:11:33.347] [out] [delivery_module] DBG 2026-10-06 14:11:33.347+02:00 Dialing failed                             topics="libp2p dialer" tid=17256342 description="TcpTransport dial error: (61) Connection refused" peerId=16U*B3TT6o address=/ip4/172.20.10.14/tcp/56336 hostname=172.20.10.14
[2026-10-06 14:11:33.347] [out] [delivery_module] DBG 2026-10-06 14:11:33.347+02:00 Error dialing                              topics="libp2p dialer" tid=17256342 conn=nil peerId=16U*B3TT6o protos="[/logos/service-discovery/1.0.0]" addrs="[/ip4/172.20.10.14/udp/53555/quic-v1, /ip4/172.20.10.14/tcp/56336]" description="Unable to establish outgoing link in establishConnection: peer_id=16U*B3TT6o addrs=@[/ip4/172.20.10.14/udp/53555/quic-v1, /ip4/172.20.10.14/tcp/56336]"
[2026-10-06 14:11:33.348] [out] [delivery_module] DBG 2026-10-06 14:11:33.347+02:00 Dialing peer                               topics="libp2p dialer" tid=17256342 peerId=16U*B3TT6o addrs="[/ip4/172.20.10.14/udp/53555/quic-v1, /ip4/172.20.10.14/tcp/56336]"
[2026-10-06 14:11:33.348] [out] [delivery_module] DBG 2026-10-06 14:11:33.348+02:00 Expanded address and hostname              topics="libp2p dialer" tid=17256342 expandedAddress=/ip4/172.20.10.14/udp/53555/quic-v1 hostname=172.20.10.14 resolvedAddresses="[/ip4/172.20.10.14/udp/53555/quic-v1]"
[2026-10-06 14:11:33.348] [out] [delivery_module] DBG 2026-10-06 14:11:33.348+02:00 New connection established: client         tid=17256342
[QmlInspector] Client disconnected
