run-logos-standalone-ui: hot-reloading QML from <repo>/src/qml
  (export DEV_QML_PATH to override, or LOGOS_QML_HOT_RELOAD=0 to disable)
Session directory: "~/Library/Application Support/Logos/LogosStandalone"
[2026-10-10 16:10:51.586] [info] [logos] Granting host services to 'capability_module': token_registry,token_delivery
[2026-10-10 16:10:51.616] [out] [capability_module] [2026-10-10 16:10:51.616] [info] Granting host services to capability_module: ["token_registry","token_delivery"]
RemoteTransportConnection: Connecting to registry: "local:logos_capability_module_7305ce727ded" at "16:10:51.618"
RemoteTransportConnection: Registry connect attempt started (no peer contact yet): "local:logos_capability_module_7305ce727ded"
LogosAPIConsumer: Informing module token for module: "capability_module" with token: "redacted:c6fa142c…"
RemoteTransportConnection: Requesting object: "capability_module" at "16:10:51.618"
[LogosObject] RemoteTransportConnection: returning RemoteLogosObject for: "capability_module"
[LogosObject] Created RemoteLogosObject wrapping QRemoteObjectReplica 105553127354592
[LogosObject] LogosAPIConsumer: calling LogosObject::informModuleToken for "capability_module"
LogosAPIConsumer: informModuleToken completed with result: true
[LogosObject] Destroying RemoteLogosObject 0
[2026-10-10 16:10:51.640] [info] [logos] Module loaded: capability_module
LogosAPIConsumer: Informing module token for module: "modules_state" with token: "redacted:0074e087…"
RemoteTransportConnection: Requesting object: "capability_module" at "16:10:51.671"
[LogosObject] RemoteTransportConnection: returning RemoteLogosObject for: "capability_module"
[LogosObject] Created RemoteLogosObject wrapping QRemoteObjectReplica 105553127693088
[LogosObject] LogosAPIConsumer: calling LogosObject::informModuleToken for "modules_state"
LogosAPIConsumer: informModuleToken completed with result: true
[LogosObject] Destroying RemoteLogosObject 0
[2026-10-10 16:10:51.671] [info] [logos] Module loaded: modules_state
RemoteTransportConnection: Connecting to registry: "local:logos_modules_state_7305ce727ded" at "16:10:51.672"
RemoteTransportConnection: Registry connect attempt started (no peer contact yet): "local:logos_modules_state_7305ce727ded"
RemoteTransportConnection: Connecting to registry: "local:logos_capability_module_7305ce727ded" at "16:10:51.672"
RemoteTransportConnection: Registry connect attempt started (no peer contact yet): "local:logos_capability_module_7305ce727ded"
LogosAPIConsumer: '"modules_state"::""' deferred pending the module becoming reachable
LogosAPIConsumer: '"modules_state"::""' deferred pending the module becoming reachable
Logos Core started (modules dir: "/nix/store/gxna1vv93drk0r01vph163c8q3dw4ng4-logos-forum_module-plugin-dir-modules" )
Set app icon from metadata: "/nix/store/wd83ygnz6jpfs1xvl899azdz7a723s4n-logos-forum_module-plugin-dir/src/icons/icon.png"
[2026-10-10 16:10:51.734] [info] [logos] [delivery_module] DeliveryModuleImpl: Initializing...
LogosAPIConsumer: Informing module token for module: "delivery_module" with token: "redacted:860009bd…"
RemoteTransportConnection: Requesting object: "capability_module" at "16:10:51.735"
[LogosObject] RemoteTransportConnection: returning RemoteLogosObject for: "capability_module"
[LogosObject] Created RemoteLogosObject wrapping QRemoteObjectReplica 105553127365344
[LogosObject] LogosAPIConsumer: calling LogosObject::informModuleToken for "delivery_module"
LogosAPIConsumer: informModuleToken completed with result: true
[LogosObject] Destroying RemoteLogosObject 0
[2026-10-10 16:10:51.735] [info] [logos] Module loaded: delivery_module
RemoteTransportConnection: Connecting to registry: "local:logos_delivery_module_7305ce727ded" at "16:10:51.736"
RemoteTransportConnection: Registry connect attempt started (no peer contact yet): "local:logos_delivery_module_7305ce727ded"
RemoteTransportConnection: Connecting to registry: "local:logos_capability_module_7305ce727ded" at "16:10:51.736"
RemoteTransportConnection: Registry connect attempt started (no peer contact yet): "local:logos_capability_module_7305ce727ded"
LogosAPIConsumer: '"delivery_module"::""' deferred pending the module becoming reachable
LogosAPIClient: getToken for module: "modules_state"
LogosAPIClient: Found token for module: "modules_state"
RemoteTransportConnection: Requesting object: "modules_state" at "16:10:51.736"
[LogosObject] RemoteTransportConnection: returning RemoteLogosObject for: "modules_state"
[LogosObject] Created RemoteLogosObject wrapping QRemoteObjectReplica 105553127677952
[LogosObject] LogosAPIConsumer: async calling via LogosObject::callMethodAsync "note_transition"
[LogosObject] RemoteLogosObject::callMethodAsync "note_transition" args: 7
LogosAPIClient: getToken for module: "modules_state"
LogosAPIClient: Found token for module: "modules_state"
[LogosObject] LogosAPIConsumer: async calling via LogosObject::callMethodAsync "note_transition"
[LogosObject] RemoteLogosObject::callMethodAsync "note_transition" args: 7
Loaded dependency (with transitive deps): "delivery_module"
[2026-10-10 16:10:51.775] [info] [logos] [storage_module] StorageModuleImpl: Initializing...
LogosAPIConsumer: Informing module token for module: "storage_module" with token: "redacted:3256095b…"
RemoteTransportConnection: Requesting object: "capability_module" at "16:10:51.776"
[LogosObject] Created RemoteLogosObject wrapping QRemoteObjectReplica 105553127369920
LogosAPIClient: invoking remote method "modules_state" "apply_snapshot" args_count: 1
LogosAPIClient: getToken for module: "modules_state"
LogosAPIClient: Found token for module: "modules_state"
LogosAPIConsumer: Calling invokeRemoteMethod: "modules_state" "apply_snapshot" args_count: 1 timeout: 20000
[LogosObject] LogosAPIConsumer: calling via LogosObject::callMethod "apply_snapshot"
[LogosObject] RemoteLogosObject::callMethod "apply_snapshot" args: 1
[LogosObject] Created RemoteLogosObject wrapping QRemoteObjectReplica 105553127677728
LogosAPIClient: getToken for module: "modules_state"
LogosAPIClient: Found token for module: "modules_state"
[LogosObject] LogosAPIConsumer: async calling via LogosObject::callMethodAsync "note_transition"
[LogosObject] RemoteLogosObject::callMethodAsync "note_transition" args: 7
LogosAPIClient: getToken for module: "modules_state"
LogosAPIClient: Found token for module: "modules_state"
[LogosObject] LogosAPIConsumer: async calling via LogosObject::callMethodAsync "note_transition"
[LogosObject] RemoteLogosObject::callMethodAsync "note_transition" args: 7
[2026-10-10 16:10:51.778] [info] [logos] Pushed module snapshot to modules_state
LogosAPIClient: getToken for module: "modules_state"
LogosAPIClient: Found token for module: "modules_state"
[LogosObject] LogosAPIConsumer: async calling via LogosObject::callMethodAsync "note_transition"
[LogosObject] RemoteLogosObject::callMethodAsync "note_transition" args: 7
[LogosObject] RemoteTransportConnection: returning RemoteLogosObject for: "capability_module"
[LogosObject] Created RemoteLogosObject wrapping QRemoteObjectReplica 105553127691040
[LogosObject] LogosAPIConsumer: calling LogosObject::informModuleToken for "storage_module"
LogosAPIConsumer: informModuleToken completed with result: true
[LogosObject] Destroying RemoteLogosObject 0
[2026-10-10 16:10:51.778] [info] [logos] Module loaded: storage_module
RemoteTransportConnection: Connecting to registry: "local:logos_storage_module_7305ce727ded" at "16:10:51.779"
RemoteTransportConnection: Registry connect attempt started (no peer contact yet): "local:logos_storage_module_7305ce727ded"
RemoteTransportConnection: Connecting to registry: "local:logos_capability_module_7305ce727ded" at "16:10:51.779"
RemoteTransportConnection: Registry connect attempt started (no peer contact yet): "local:logos_capability_module_7305ce727ded"
LogosAPIConsumer: '"storage_module"::""' deferred pending the module becoming reachable
LogosAPIClient: getToken for module: "modules_state"
LogosAPIClient: Found token for module: "modules_state"
[LogosObject] LogosAPIConsumer: async calling via LogosObject::callMethodAsync "note_transition"
[LogosObject] RemoteLogosObject::callMethodAsync "note_transition" args: 7
Loaded dependency (with transitive deps): "storage_module"
DEV_QML_PATH override active: <repo>/src/qml/Main.qml
RemoteTransportConnection: Connecting to registry: "local:logos_capability_module_7305ce727ded" at "16:10:51.779"
RemoteTransportConnection: Registry connect attempt started (no peer contact yet): "local:logos_capability_module_7305ce727ded"
LogosAPIConsumer: Informing module token for module: "forum_module" with token: "redacted:47683040…"
RemoteTransportConnection: Requesting object: "capability_module" at "16:10:51.779"
[LogosObject] RemoteTransportConnection: returning RemoteLogosObject for: "capability_module"
[LogosObject] Created RemoteLogosObject wrapping QRemoteObjectReplica 105553127695008
[LogosObject] LogosAPIConsumer: calling LogosObject::informModuleToken for "forum_module"
[LogosObject] Created RemoteLogosObject wrapping QRemoteObjectReplica 105553127694016
LogosAPIClient: getToken for module: "modules_state"
LogosAPIClient: Found token for module: "modules_state"
[LogosObject] LogosAPIConsumer: async calling via LogosObject::callMethodAsync "note_transition"
[LogosObject] RemoteLogosObject::callMethodAsync "note_transition" args: 7
LogosAPIConsumer: informModuleToken completed with result: true
[LogosObject] Destroying RemoteLogosObject 0
qt.qpa.fonts: Populating font family aliases took 47 ms. Replace uses of missing font family "Public Sans" with one that exists to avoid this cost. 
Loaded UI plugin: "/nix/store/wd83ygnz6jpfs1xvl899azdz7a723s4n-logos-forum_module-plugin-dir"
[QmlInspector] Inspector server listening on port 3768
[QmlInspector] Client connected from "::1"
[2026-10-10 16:11:00.212] [warning] [logos] [capability_module] Warning: QObject::connect: No such signal ::eventResponse(QString,QVariantList)
[2026-10-10 16:11:00.213] [info] [logos] [delivery_module] DeliveryModuleImpl::getNodeInfo called with nodeInfoId: MyPeerId
[2026-10-10 16:11:00.213] [info] [logos] [delivery_module] DeliveryModuleImpl: Cannot get node info - context not initialized. Call createNode first.
[2026-10-10 16:11:00.214] [info] [logos] [delivery_module] DeliveryModuleImpl::createNode called
[2026-10-10 16:11:00.288] [info] [logos] [delivery_module] DeliveryModuleImpl: Waiting for createNode callback...
[2026-10-10 16:11:00.293] [out] [delivery_module] DBG 2026-10-10 16:11:00.292+02:00 Whether to mount storeSync is not specified, defaulting to not mounting topics="waku conf builder" tid=19681635
[2026-10-10 16:11:00.293] [out] [delivery_module] NTC 2026-10-10 16:11:00.293+02:00 No node key provided, generated a new one; identity will not persist across restarts topics="waku conf builder" tid=19681635
[2026-10-10 16:11:00.293] [out] [delivery_module] INF 2026-10-10 16:11:00.293+02:00 Sharding configuration:                    topics="waku conf builder" tid=19681635 shardingConf="(kind: AutoSharding, numShardsInCluster: 8)" subscribeShards="@[0, 1, 2, 3, 4, 5, 6, 7]"
[2026-10-10 16:11:00.295] [out] [delivery_module] WRN 2026-10-10 16:11:00.295+02:00 configuration flag ignored                 topics="waku cli args" tid=19681635 detail="--websocket-port is ignored: --websocket-support is not enabled"
[2026-10-10 16:11:00.295] [out] [delivery_module] INF 2026-10-10 16:11:00.295+02:00 Configuration: Enabled protocols           topics="waku conf" tid=19681635 relay=true rlnRelay=false store=false filter=true lightPush=true peerExchange=true rendezvous=true
[2026-10-10 16:11:00.295] [out] [delivery_module] INF 2026-10-10 16:11:00.295+02:00 Configuration. Network                     topics="waku conf" tid=19681635 cluster=3
[2026-10-10 16:11:00.295] [out] [delivery_module] DBG 2026-10-10 16:11:00.295+02:00 Configuration. Active Relay Shards         topics="waku conf" tid=19681635 shard=0
[2026-10-10 16:11:00.295] [out] [delivery_module] DBG 2026-10-10 16:11:00.295+02:00 Configuration. Active Relay Shards         topics="waku conf" tid=19681635 shard=1
[2026-10-10 16:11:00.295] [out] [delivery_module] DBG 2026-10-10 16:11:00.295+02:00 Configuration. Active Relay Shards         topics="waku conf" tid=19681635 shard=2
[2026-10-10 16:11:00.295] [out] [delivery_module] DBG 2026-10-10 16:11:00.295+02:00 Configuration. Active Relay Shards         topics="waku conf" tid=19681635 shard=3
[2026-10-10 16:11:00.296] [out] [delivery_module] DBG 2026-10-10 16:11:00.295+02:00 Configuration. Active Relay Shards         topics="waku conf" tid=19681635 shard=4
[2026-10-10 16:11:00.296] [out] [delivery_module] DBG 2026-10-10 16:11:00.295+02:00 Configuration. Active Relay Shards         topics="waku conf" tid=19681635 shard=5
[2026-10-10 16:11:00.296] [out] [delivery_module] DBG 2026-10-10 16:11:00.295+02:00 Configuration. Active Relay Shards         topics="waku conf" tid=19681635 shard=6
[2026-10-10 16:11:00.296] [out] [delivery_module] DBG 2026-10-10 16:11:00.295+02:00 Configuration. Active Relay Shards         topics="waku conf" tid=19681635 shard=7
[2026-10-10 16:11:00.298] [out] [delivery_module] INF 2026-10-10 16:11:00.295+02:00 Setting up storage                         tid=19681635
[2026-10-10 16:11:00.298] [out] [delivery_module] INF 2026-10-10 16:11:00.295+02:00 Initializing node                          tid=19681635
[2026-10-10 16:11:00.298] [out] [delivery_module] INF 2026-10-10 16:11:00.296+02:00 Setting up NATService                      topics="libp2p natservice" tid=19681635 portMapping=true reachability=false holePunching=false
[2026-10-10 16:11:00.298] [out] [delivery_module] INF 2026-10-10 16:11:00.297+02:00 Initializing networking                    tid=19681635 addrs="@[/ip4/0.0.0.0/tcp/0, /ip4/0.0.0.0/udp/0/quic-v1]"
[2026-10-10 16:11:00.298] [out] [delivery_module] INF 2026-10-10 16:11:00.297+02:00 Mounting protocols                         tid=19681635
[2026-10-10 16:11:00.298] [out] [delivery_module] INF 2026-10-10 16:11:00.297+02:00 Created WakuMetadata protocol              topics="waku node" tid=19681635 clusterId=3 shards="[0, 1, 2, 3, 4, 5, 6, 7]"
[2026-10-10 16:11:00.298] [out] [delivery_module] INF 2026-10-10 16:11:00.297+02:00 Mounting mix protocol                      topics="waku node" tid=19681635INF 2026-10-10 16:11:00.297+02:00 node info                                  topics="waku node" tid=19681635 wakuInfo="(listenAddresses: [/ip4/0.0.0.0/tcp/0/p2p/16Uiu2HAm5MnsAfGwyNkWjzq8Xgk6LF9mKy4W5qFEPT1owmrfgs65, /ip4/0.0.0.0/udp/0/quic-v1/p2p/16Uiu2HAm5MnsAfGwyNkWjzq8Xgk6LF9mKy4W5qFEPT1owmrfgs65], enrUri: enr:-JO4QKjk3_833uVNHqDdbYk4uIa1DXC3AIRSN5vuhdzzwB8GKlgw8uqBusMaNkEC4t_hkg-k8ps5IH1qZtzNMKv9HqcBgmlkgnY0gnJzkwADCAAAAAEAAgADAAQABQAGAAeJc2VjcDI1NmsxoQKTllTvTBSdd6xVNzDbQe60O5sF0SVJ0kmXzG_bb1TCRoV3YWt1Mi0, mixPubKey: none())"
[2026-10-10 16:11:00.298] [out] [delivery_module]  nodeId="(listenAddresses: [/ip4/0.0.0.0/tcp/0/p2p/16Uiu2HAm5MnsAfGwyNkWjzq8Xgk6LF9mKy4W5qFEPT1owmrfgs65, /ip4/0.0.0.0/udp/0/quic-v1/p2p/16Uiu2HAm5MnsAfGwyNkWjzq8Xgk6LF9mKy4W5qFEPT1owmrfgs65], enrUri: enr:-JO4QKjk3_833uVNHqDdbYk4uIa1DXC3AIRSN5vuhdzzwB8GKlgw8uqBusMaNkEC4t_hkg-k8ps5IH1qZtzNMKv9HqcBgmlkgnY0gnJzkwADCAAAAAEAAgADAAQABQAGAAeJc2VjcDI1NmsxoQKTllTvTBSdd6xVNzDbQe60O5sF0SVJ0kmXzG_bb1TCRoV3YWt1Mi0, mixPubKey: none())"
[2026-10-10 16:11:00.298] [out] [delivery_module] INF 2026-10-10 16:11:00.297+02:00 local addr                                 topics="waku node" tid=19681635 localaddr=/ip4/0.0.0.0/tcp/0
[2026-10-10 16:11:00.298] [out] [delivery_module] INF 2026-10-10 16:11:00.297+02:00 mixPubKey                                  topics="waku node" tid=19681635 mixPubKey="[5, 124, 7, 19, 99, 65, 112, 195, 196, 228, 186, 71, 119, 9, 44, 21, 108, 25, 13, 120, 216, 156, 20, 39, 47, 110, 247, 89, 131, 38, 206, 12]"
[2026-10-10 16:11:00.298] [out] [delivery_module] INF 2026-10-10 16:11:00.297+02:00 Using mix bootstrap nodes                  topics="waku mix" tid=19681635 entries=0 poolSize=0
[2026-10-10 16:11:00.298] [out] [delivery_module] INF 2026-10-10 16:11:00.297+02:00 Mix cannot publish yet, waiting for more mix nodes topics="waku node" tid=19681635 poolSize=0 required=4
[2026-10-10 16:11:00.300] [out] [delivery_module] INF 2026-10-10 16:11:00.300+02:00 mounting store client                      topics="waku node store api" tid=19681635
[2026-10-10 16:11:00.300] [out] [delivery_module] INF 2026-10-10 16:11:00.300+02:00 Mounting auto sharding                     topics="waku node" tid=19681635 clusterId=3 shardCount=8
[2026-10-10 16:11:00.300] [out] [delivery_module] DBG 2026-10-10 16:11:00.300+02:00 Setting max message size                   tid=19681635 num_bytes=153600
[2026-10-10 16:11:00.300] [out] [delivery_module] INF 2026-10-10 16:11:00.300+02:00 mounting relay protocol                    topics="waku node relay api" tid=19681635
[2026-10-10 16:11:00.300] [out] [delivery_module] DBG 2026-10-10 16:11:00.300+02:00 relay mounted successfully                 topics="waku node relay api" tid=19681635
[2026-10-10 16:11:00.300] [out] [delivery_module] DBG 2026-10-10 16:11:00.300+02:00 Adding validator to signed shards          tid=19681635 protectedShards=[] clusterId=3
[2026-10-10 16:11:00.300] [out] [delivery_module] INF 2026-10-10 16:11:00.300+02:00 Mounting rendezvous discovery protocol     topics="waku node" tid=19681635
[2026-10-10 16:11:00.301] [out] [delivery_module] INF 2026-10-10 16:11:00.300+02:00 Waku rendezvous initialized                topics="waku node" tid=19681635 clusterId=3 shards="[0, 1, 2, 3, 4, 5, 6, 7]" capabilities="[Relay, Filter, Lightpush, Mix]" wakuPeerRecord="(peerId: 16Uiu2...rfgs65, seqNo: 1791641460, addresses: [/ip4/0.0.0.0/tcp/0, /ip4/0.0.0.0/udp/0/quic-v1], mixKey: 0x057c0713634170c3c4e4ba4777092c156c190d78d89c14272f6ef7598326ce0c)"
[2026-10-10 16:11:00.301] [out] [delivery_module] INF 2026-10-10 16:11:00.301+02:00 Mounting rendezvous client                 topics="waku node" tid=19681635
[2026-10-10 16:11:00.301] [out] [delivery_module] INF 2026-10-10 16:11:00.301+02:00 Waku rendezvous client initialized         topics="waku node" tid=19681635 clusterId=3
[2026-10-10 16:11:00.302] [out] [delivery_module] INF 2026-10-10 16:11:00.301+02:00 mounting libp2p ping protocol              topics="waku node ping api" tid=19681635
[2026-10-10 16:11:00.302] [out] [delivery_module] INF 2026-10-10 16:11:00.302+02:00 No RLN backend configured; RLN is off      tid=19681635
[2026-10-10 16:11:00.302] [out] [delivery_module] INF 2026-10-10 16:11:00.302+02:00 mounting light push                        topics="waku node lightpush api" tid=19681635
[2026-10-10 16:11:00.302] [out] [delivery_module] INF 2026-10-10 16:11:00.302+02:00 mounting lightpush with relay              topics="waku node lightpush api" tid=19681635
[2026-10-10 16:11:00.302] [out] [delivery_module] DBG 2026-10-10 16:11:00.302+02:00 lightpush mounted successfully             topics="waku node lightpush api" tid=19681635
[2026-10-10 16:11:00.302] [out] [delivery_module] INF 2026-10-10 16:11:00.302+02:00 mounting legacy light push                 topics="waku node lightpush api" tid=19681635
[2026-10-10 16:11:00.302] [out] [delivery_module] INF 2026-10-10 16:11:00.302+02:00 mounting legacy lightpush with relay       topics="waku node lightpush api" tid=19681635
[2026-10-10 16:11:00.302] [out] [delivery_module] DBG 2026-10-10 16:11:00.302+02:00 legacy lightpush mounted successfully      topics="waku node lightpush api" tid=19681635
[2026-10-10 16:11:00.302] [out] [delivery_module] INF 2026-10-10 16:11:00.302+02:00 mounting light push client                 topics="waku node lightpush api" tid=19681635
[2026-10-10 16:11:00.302] [out] [delivery_module] INF 2026-10-10 16:11:00.302+02:00 mounting legacy light push client          topics="waku node lightpush api" tid=19681635
[2026-10-10 16:11:00.302] [out] [delivery_module] INF 2026-10-10 16:11:00.302+02:00 mounting filter protocol                   topics="waku node filter api" tid=19681635
[2026-10-10 16:11:00.304] [out] [delivery_module] INF 2026-10-10 16:11:00.302+02:00 Starting filter protocol                   topics="waku filter" tid=19681635
[2026-10-10 16:11:00.304] [out] [delivery_module] DBG 2026-10-10 16:11:00.302+02:00 Starting to maintain subscriptions         topics="waku filter" tid=19681635
[2026-10-10 16:11:00.304] [out] [delivery_module] DBG 2026-10-10 16:11:00.302+02:00 Maintaining subscriptions                  topics="waku filter" tid=19681635
[2026-10-10 16:11:00.304] [out] [delivery_module] DBG 2026-10-10 16:11:00.302+02:00 Cleanup                                    topics="waku filter subscriptions" tid=19681635 currentPeerIds=[]
[2026-10-10 16:11:00.304] [out] [delivery_module] DBG 2026-10-10 16:11:00.302+02:00 After cleanup                              topics="waku filter subscriptions" tid=19681635 currentPeerIds=[]
[2026-10-10 16:11:00.304] [out] [delivery_module] INF 2026-10-10 16:11:00.302+02:00 mounting filter client                     topics="waku node filter api" tid=19681635
[2026-10-10 16:11:00.304] [out] [delivery_module] INF 2026-10-10 16:11:00.302+02:00 mounting waku peer exchange                topics="waku node peerexchange api" tid=19681635
[2026-10-10 16:11:00.304] [out] [delivery_module] INF 2026-10-10 16:11:00.302+02:00 mounting waku peer exchange client         topics="waku node peerexchange api" tid=19681635
[2026-10-10 16:11:00.304] [out] [delivery_module] INF 2026-10-10 16:11:00.302+02:00 No external callbacks to be set            topics="wakunode waku" tid=19681635
[2026-10-10 16:11:00.304] [out] [delivery_module] INF 2026-10-10 16:11:00.302+02:00 Setting up AutonatService                  topics="libp2p autonatservice" tid=19681635
[2026-10-10 16:11:00.304] [out] [delivery_module] INF 2026-10-10 16:11:00.302+02:00 Messaging API settings                     topics="logosdelivery" tid=19681635 reliability=true anonymityLevel=Required rateLimitEnabled=false rateLimitEpochPeriodSec=600 rateLimitMessagesPerEpoch=1 maxParkedAgeSec=1800 sendQueueCapacity=1000 backfillEnabled=true backfillRequestTimeout=10s
[2026-10-10 16:11:00.305] [info] [logos] [delivery_module] DeliveryModuleImpl::createNode callback called with ret: 0
[2026-10-10 16:11:00.315] [info] [logos] [delivery_module] DeliveryModuleImpl: Delivery context created successfully
[2026-10-10 16:11:00.315] [info] [logos] [delivery_module] DeliveryModuleImpl::start called
[2026-10-10 16:11:00.315] [out] [delivery_module] INF 2026-10-10 16:11:00.315+02:00 Retrieve dynamic bootstrap nodes           topics="wakunode waku" tid=19681635
[2026-10-10 16:11:00.315] [out] [delivery_module] INF 2026-10-10 16:11:00.315+02:00 Running nwaku node                         tid=19681635 version=v0.39.0-g3a478e
[2026-10-10 16:11:00.315] [out] [delivery_module] INF 2026-10-10 16:11:00.315+02:00 Starting Waku node                         topics="waku node" tid=19681635 version=v0.39.0-g3a478e
[2026-10-10 16:11:00.315] [out] [delivery_module] DBG 2026-10-10 16:11:00.315+02:00 Waku rendezvous periodic requests started  topics="waku rendezvous client" tid=19681635 interval=10s
[2026-10-10 16:11:00.315] [out] [delivery_module] INF 2026-10-10 16:11:00.315+02:00 Waku rendezvous client started             topics="waku rendezvous client" tid=19681635
[2026-10-10 16:11:00.316] [out] [delivery_module] INF 2026-10-10 16:11:00.315+02:00 Starting switch for peer                   topics="libp2p switch" tid=19681635 peerInfo="(peerId: 16Uiu2HAm5MnsAfGwyNkWjzq8Xgk6LF9mKy4W5qFEPT1owmrfgs65, listenAddrs: [/ip4/0.0.0.0/tcp/0, /ip4/0.0.0.0/udp/0/quic-v1], addrs: [], protocols: [/ipfs/id/1.0.0, /libp2p/autonat/1.0.0, /libp2p/circuit/relay/0.2.0/hop, /vac/waku/metadata/1.0.0, /mix/1.0.0, /logos/service-discovery/1.0.0, /vac/waku/relay/2.0.0, /vac/waku/rendezvous/1.0.0, /ipfs/ping/1.0.0, /vac/waku/lightpush/3.0.0, /vac/waku/lightpush/2.0.0-beta1, /vac/waku/filter-subscribe/2.0.0-beta1, /vac/waku/filter-push/2.0.0-beta1, /vac/waku/peer-exchange/2.0.0-alpha1], protoVersion: ipfs/0.1.0, agentVersion: logos-delivery-v0.39.0-g3a478e)"
[2026-10-10 16:11:00.316] [out] [delivery_module] INF 2026-10-10 16:11:00.315+02:00 Starting NATService                        topics="libp2p natservice" tid=19681635
[2026-10-10 16:11:00.316] [out] [delivery_module] INF 2026-10-10 16:11:00.315+02:00 Running AutonatService                     topics="libp2p autonatservice" tid=19681635
[2026-10-10 16:11:00.316] [info] [logos] [delivery_module] DeliveryModuleImpl::getNodeInfo called with nodeInfoId: MyPeerId
[2026-10-10 16:11:00.317] [out] [delivery_module] DBG 2026-10-10 16:11:00.317+02:00 No private listen addresses to map; releasing any prior mappings topics="libp2p natservice" tid=19681635
[2026-10-10 16:11:00.317] [out] [delivery_module] INF 2026-10-10 16:11:00.317+02:00 Starting TCP transport                     topics="libp2p tcptransport" tid=19681635
[2026-10-10 16:11:00.317] [out] [delivery_module] INF 2026-10-10 16:11:00.317+02:00 Transport starting                         topics="libp2p transport" tid=19681635 addresses=[/ip4/0.0.0.0/tcp/50404]
[2026-10-10 16:11:00.319] [out] [delivery_module] DBG 2026-10-10 16:11:00.318+02:00 Configured QUIC UDP receive buffer         tid=19681635 requestedBytes=8388608 effectiveBytes=8388608
[2026-10-10 16:11:00.321] [out] [delivery_module] INF 2026-10-10 16:11:00.321+02:00 Transport starting                         topics="libp2p transport" tid=19681635 addresses=[/ip4/0.0.0.0/udp/50300/quic-v1]
[2026-10-10 16:11:00.321] [out] [delivery_module] DBG 2026-10-10 16:11:00.321+02:00 Transport connection acceptance started    topics="libp2p switch" tid=19681635
[2026-10-10 16:11:00.321] [out] [delivery_module] DBG 2026-10-10 16:11:00.321+02:00 Transport connection acceptance started    topics="libp2p switch" tid=19681635
[2026-10-10 16:11:00.326] [info] [logos] [delivery_module] DeliveryModuleImpl::subscribe called with contentTopic: /lp0026forum/1/general/text
[2026-10-10 16:11:00.326] [out] [delivery_module] DBG 2026-10-10 16:11:00.326+02:00 Subscribing to pubsub topic                topics="waku relay" tid=19681635 pubsubTopic=/waku/2/rs/3/7
[2026-10-10 16:11:00.328] [info] [logos] [delivery_module] DeliveryModuleImpl: Subscribe completed for topic: /lp0026forum/1/general/text with success
[2026-10-10 16:11:00.345] [out] [delivery_module] INF 2026-10-10 16:11:00.345+02:00 Using mix bootstrap nodes                  topics="waku mix" tid=19681635 entries=1 poolSize=1
[2026-10-10 16:11:00.346] [out] [delivery_module] INF 2026-10-10 16:11:00.346+02:00 Using mix bootstrap nodes                  topics="waku mix" tid=19681635 entries=1 poolSize=2
[2026-10-10 16:11:00.352] [out] [delivery_module] INF 2026-10-10 16:11:00.352+02:00 Using mix bootstrap nodes                  topics="waku mix" tid=19681635 entries=1 poolSize=3
[2026-10-10 16:11:00.360] [out] [delivery_module] INF 2026-10-10 16:11:00.360+02:00 Using mix bootstrap nodes                  topics="waku mix" tid=19681635 entries=1 poolSize=4
[2026-10-10 16:11:00.360] [out] [delivery_module] INF 2026-10-10 16:11:00.360+02:00 Using mix bootstrap nodes                  topics="waku mix" tid=19681635 entries=1 poolSize=5
[2026-10-10 16:11:00.364] [out] [delivery_module] INF 2026-10-10 16:11:00.364+02:00 Using mix bootstrap nodes                  topics="waku mix" tid=19681635 entries=1 poolSize=6
[2026-10-10 16:11:01.325] [out] [delivery_module] WRN 2026-10-10 16:11:01.325+02:00 NAT port mapping failed                    topics="libp2p natservice" tid=19681635 port=50404 protocol=mpTcp err="plum: mapping 0 failed"
[2026-10-10 16:11:03.327] [out] [delivery_module] WRN 2026-10-10 16:11:03.327+02:00 NAT port mapping failed                    topics="libp2p natservice" tid=19681635 port=50300 protocol=mpUdp err="plum: mapping 0 failed"
[2026-10-10 16:11:03.328] [out] [delivery_module] INF 2026-10-10 16:11:03.328+02:00 Mix self hop set                           topics="waku node" tid=19681635 hop=/ip4/172.20.10.14/tcp/50404 before=/ip4/0.0.0.0/tcp/0
[2026-10-10 16:11:03.328] [out] [delivery_module] DBG 2026-10-10 16:11:03.328+02:00 ENR addresses updated                      topics="waku enr" tid=19681635 retained=0 total=0
[2026-10-10 16:11:03.329] [out] [delivery_module] DBG 2026-10-10 16:11:03.329+02:00 Peer dial started                          topics="libp2p dialer" tid=19681635 peerId=16Uiu2...TwqBiH addresses="[/ip4/34.123.201.25/tcp/30303, /dns4/delivery-02.gc-us-central1-a.logos.dev.status.im/tcp/30303]"
[2026-10-10 16:11:03.329] [out] [delivery_module] DBG 2026-10-10 16:11:03.329+02:00 Peer dial started                          topics="libp2p dialer" tid=19681635 peerId=16Uiu2...NSkuby addresses="[/ip4/138.68.122.137/tcp/30303, /dns4/delivery-01.do-ams3.logos.dev.status.im/tcp/30303]"
[2026-10-10 16:11:03.329] [out] [delivery_module] DBG 2026-10-10 16:11:03.329+02:00 Peer dial started                          topics="libp2p dialer" tid=19681635 peerId=16Uiu2...kGyuEP addresses="[/ip4/47.242.130.189/tcp/30303, /dns4/delivery-01.ac-cn-hongkong-c.logos.dev.status.im/tcp/30303]"
[2026-10-10 16:11:03.329] [out] [delivery_module] DBG 2026-10-10 16:11:03.329+02:00 Peer dial started                          topics="libp2p dialer" tid=19681635 peerId=16Uiu2...VpJprH addresses="[/ip4/174.138.106.244/tcp/30303, /dns4/delivery-02.do-ams3.logos.dev.status.im/tcp/30303]"
[2026-10-10 16:11:03.330] [out] [delivery_module] DBG 2026-10-10 16:11:03.330+02:00 Peer dial started                          topics="libp2p dialer" tid=19681635 peerId=16Uiu2...T3UNSE addresses="[/ip4/43.99.103.10/tcp/30303, /dns4/delivery-02.ac-cn-hongkong-c.logos.dev.status.im/tcp/30303]"
[2026-10-10 16:11:03.330] [out] [delivery_module] DBG 2026-10-10 16:11:03.330+02:00 Peer dial started                          topics="libp2p dialer" tid=19681635 peerId=16Uiu2...P1S397 addresses="[/ip4/136.119.156.87/tcp/30303, /dns4/delivery-01.gc-us-central1-a.logos.dev.status.im/tcp/30303]"
[2026-10-10 16:11:03.330] [out] [delivery_module] INF 2026-10-10 16:11:03.330+02:00 Kademlia DHT started                       topics="kad-dht" tid=19681635
[2026-10-10 16:11:03.330] [out] [delivery_module] DBG 2026-10-10 16:11:03.330+02:00 Publishing Signed XPR                      topics="service-discovery" tid=19681635 xpr="(envelope: (publicKey: secp256k1 key (04939654ef4c149d77ac553730db41eeb43b9b05d12549d24997cc6fdb6f54c2463e33b6498f0ba10adde88b1ae0fa1253f0f77479ca0c50ef059104461fa33024), payloadType: @[3, 1], payload: @[10, 39, 0, 37, 8, 2, 18, 33, 2, 147, 150, 84, 239, 76, 20, 157, 119, 172, 85, 55, 48, 219, 65, 238, 180, 59, 155, 5, 209, 37, 73, 210, 73, 151, 204, 111, 219, 111, 84, 194, 70, 16, 135, 179, 18, 26, 10, 10, 8, 4, 172, 20, 10, 14, 6, 196, 228, 26, 13, 10, 11, 4, 172, 20, 10, 14, 145, 2, 196, 124, 205, 3], signature: 3044022071747ECAEC8A7A406B2B2BBAAE72DD0C27D8A4A2A246552D3D337D5B19A934D202201FABAF0D107815C69433ACE34E458DEAB084D8AFD9099B912D08AE6BB2EA4D66), data: (peerId: 16Uiu2HAm5MnsAfGwyNkWjzq8Xgk6LF9mKy4W5qFEPT1owmrfgs65, seqNo: 301447, addresses: @[(address: /ip4/172.20.10.14/tcp/50404), (address: /ip4/172.20.10.14/udp/50300/quic-v1)], services: @[]))"
[2026-10-10 16:11:03.330] [out] [delivery_module] INF 2026-10-10 16:11:03.330+02:00 Service Discovery started                  topics="service-discovery" tid=19681635
[2026-10-10 16:11:03.330] [out] [delivery_module] INF 2026-10-10 16:11:03.330+02:00 start                                      topics="waku relay" tid=19681635
[2026-10-10 16:11:03.330] [out] [delivery_module] INF 2026-10-10 16:11:03.330+02:00 gossipsub start                            topics="libp2p gossipsub" tid=19681635
[2026-10-10 16:11:03.330] [out] [delivery_module] DBG 2026-10-10 16:11:03.330+02:00 No mesh peer for the given pubsub topic    topics="waku relay" tid=19681635 pubsubTopic=/waku/2/rs/3/7
[2026-10-10 16:11:03.331] [out] [delivery_module] DBG 2026-10-10 16:11:03.331+02:00 Waku rendezvous periodic registration started topics="waku rendezvous" tid=19681635 interval=10s
[2026-10-10 16:11:03.331] [out] [delivery_module] INF 2026-10-10 16:11:03.331+02:00 Waku rendezvous discovery started          topics="waku rendezvous" tid=19681635
[2026-10-10 16:11:03.331] [out] [delivery_module] INF 2026-10-10 16:11:03.331+02:00 Started libp2p node                        topics="libp2p switch" tid=19681635 peerId="(peerId: 16Uiu2HAm5MnsAfGwyNkWjzq8Xgk6LF9mKy4W5qFEPT1owmrfgs65, listenAddrs: [/ip4/0.0.0.0/tcp/50404, /ip4/0.0.0.0/udp/50300/quic-v1], addrs: [/ip4/172.20.10.14/tcp/50404, /ip4/172.20.10.14/udp/50300/quic-v1], protocols: [/ipfs/id/1.0.0, /libp2p/autonat/1.0.0, /libp2p/circuit/relay/0.2.0/hop, /vac/waku/metadata/1.0.0, /mix/1.0.0, /logos/service-discovery/1.0.0, /vac/waku/relay/2.0.0, /vac/waku/rendezvous/1.0.0, /ipfs/ping/1.0.0, /vac/waku/lightpush/3.0.0, /vac/waku/lightpush/2.0.0-beta1, /vac/waku/filter-subscribe/2.0.0-beta1, /vac/waku/filter-push/2.0.0-beta1, /vac/waku/peer-exchange/2.0.0-alpha1], protoVersion: ipfs/0.1.0, agentVersion: logos-delivery-v0.39.0-g3a478e)"
[2026-10-10 16:11:03.331] [out] [delivery_module] DBG 2026-10-10 16:11:03.331+02:00 ENR addresses updated                      topics="waku enr" tid=19681635 retained=0 total=0
[2026-10-10 16:11:03.331] [out] [delivery_module] INF 2026-10-10 16:11:03.331+02:00 Announced addresses resolved               topics="waku node" tid=19681635 addrs="@[/ip4/172.20.10.14/tcp/50404, /ip4/172.20.10.14/udp/50300/quic-v1]"
[2026-10-10 16:11:03.331] [out] [delivery_module] INF 2026-10-10 16:11:03.331+02:00 Random kademlia lookups disabled           topics="waku service discovery" tid=19681635
[2026-10-10 16:11:03.331] [out] [delivery_module] DBG 2026-10-10 16:11:03.331+02:00 Periodic service lookup started            topics="waku service discovery" tid=19681635 interval=1m services={}
[2026-10-10 16:11:03.331] [out] [delivery_module] INF 2026-10-10 16:11:03.331+02:00 Kademlia discovery started                 topics="waku service discovery" tid=19681635
[2026-10-10 16:11:03.332] [out] [delivery_module] INF 2026-10-10 16:11:03.332+02:00 Discovery ENR initialized                  topics="eth p2p discv5" tid=19681635 enrAutoUpdate=false seqNum=4 ip=none() tcpPort=none() udpPort=none() customEnrFields=@[] uri=enr:-Ka4QK0kl2DZ9iaiIXfrxYW7W9ioizoHrgXxjqhigunaTRXaVtSEw2uxI6ZwAwW9cYRg9ooJ2-J7_srk2MKKh1nVa7QEgmlkgnY0im11bHRpYWRkcnOAgnJzkwADCAAAAAEAAgADAAQABQAGAAeJc2VjcDI1NmsxoQKTllTvTBSdd6xVNzDbQe60O5sF0SVJ0kmXzG_bb1TCRoN0Y3CCxOSFd2FrdTIt
[2026-10-10 16:11:03.332] [out] [delivery_module] WRN 2026-10-10 16:11:03.332+02:00 No external IP provided for the ENR, this node will not be discoverable topics="eth p2p discv5" tid=19681635
[2026-10-10 16:11:03.332] [out] [delivery_module] DBG 2026-10-10 16:11:03.332+02:00 peer filtering updated                     topics="waku discv5" tid=19681635
[2026-10-10 16:11:03.332] [out] [delivery_module] INF 2026-10-10 16:11:03.332+02:00 Starting discovery v5 service              topics="waku discv5" tid=19681635
[2026-10-10 16:11:03.332] [out] [delivery_module] INF 2026-10-10 16:11:03.332+02:00 Start listening on udp port                topics="waku discv5" tid=19681635 address=0.0.0.0 port=55864
[2026-10-10 16:11:03.332] [out] [delivery_module] INF 2026-10-10 16:11:03.332+02:00 Starting discovery node                    topics="eth p2p discv5" tid=19681635 node=2a*b3c605:unaddressable bindAddress=0.0.0.0:55864
[2026-10-10 16:11:03.332] [out] [delivery_module] DBG 2026-10-10 16:11:03.332+02:00 Total nodes in routing table after populate topics="eth p2p discv5" tid=19681635 total=0
[2026-10-10 16:11:03.332] [out] [delivery_module] DBG 2026-10-10 16:11:03.332+02:00 Starting discovery v5 search               topics="waku discv5" tid=19681635
[2026-10-10 16:11:03.332] [out] [delivery_module] DBG 2026-10-10 16:11:03.332+02:00 Successfully started discovery v5 service  topics="waku discv5" tid=19681635
[2026-10-10 16:11:03.332] [out] [delivery_module] INF 2026-10-10 16:11:03.332+02:00 Discv5: discoverable ENR                   topics="waku discv5" tid=19681635 enrUri=enr:-Ka4QK0kl2DZ9iaiIXfrxYW7W9ioizoHrgXxjqhigunaTRXaVtSEw2uxI6ZwAwW9cYRg9ooJ2-J7_srk2MKKh1nVa7QEgmlkgnY0im11bHRpYWRkcnOAgnJzkwADCAAAAAEAAgADAAQABQAGAAeJc2VjcDI1NmsxoQKTllTvTBSdd6xVNzDbQe60O5sF0SVJ0kmXzG_bb1TCRoN0Y3CCxOSFd2FrdTIt enr="(4, id: \"v4\", multiaddrs: 0x, rs: 0x00030800000001000200030004000500060007, secp256k1: 0x02939654EF4C149D77AC553730DB41EEB43B9B05D12549D24997CC6FDB6F54C246, tcp: 50404, waku2: 0x2D)"
[2026-10-10 16:11:03.332] [out] [delivery_module] INF 2026-10-10 16:11:03.332+02:00 Node started successfully                  topics="waku node" tid=19681635
[2026-10-10 16:11:03.332] [out] [delivery_module] DBG 2026-10-10 16:11:03.332+02:00 Dialing multiple peers                     tid=19681635 numOfPeers=6 nodes="@[\"/dns4/delivery-01.do-ams3.logos.dev.status.im/tcp/30303/p2p/16Uiu2HAmTUbnxLGT9JvV6mu9oPyDjqHK4Phs1VDJNUgESgNSkuby\", \"/dns4/delivery-02.do-ams3.logos.dev.status.im/tcp/30303/p2p/16Uiu2HAmMK7PYygBtKUQ8EHp7EfaD3bCEsJrkFooK8RQ2PVpJprH\", \"/dns4/delivery-01.gc-us-central1-a.logos.dev.status.im/tcp/30303/p2p/16Uiu2HAm4S1JYkuzDKLKQvwgAhZKs9otxXqt8SCGtB4hoJP1S397\", \"/dns4/delivery-02.gc-us-central1-a.logos.dev.status.im/tcp/30303/p2p/16Uiu2HAm8Y9kgBNtjxvCnf1X6gnZJW5EGE4UwwCL3CCm55TwqBiH\", \"/dns4/delivery-01.ac-cn-hongkong-c.logos.dev.status.im/tcp/30303/p2p/16Uiu2HAm8YokiNun9BkeA1ZRmhLbtNUvcwRr64F69tYj9fkGyuEP\", \"/dns4/delivery-02.ac-cn-hongkong-c.logos.dev.status.im/tcp/30303/p2p/16Uiu2HAkvwhGHKNry6LACrB8TmEFoCJKEX29XR5dDUzk3UT3UNSE\"]"
[2026-10-10 16:11:03.724] [out] [delivery_module] DBG 2026-10-10 16:11:03.724+02:00 created new pubsub peer                    topics="libp2p pubsub" tid=19681635 peerId=16Uiu2...VpJprH
[2026-10-10 16:11:03.724] [out] [delivery_module] DBG 2026-10-10 16:11:03.724+02:00 no listener registered                     tid=19681636 event=onConnectionChange
[2026-10-10 16:11:03.724] [out] [delivery_module] DBG 2026-10-10 16:11:03.724+02:00 Incoming WakuRelay connection              topics="waku relay" tid=19681635 connection=16Uiu2...VpJprH:6aca477796f407125655b2f4 protocol=/vac/waku/relay/2.0.0
[2026-10-10 16:11:03.883] [out] [delivery_module] DBG 2026-10-10 16:11:03.883+02:00 Event identified                           topics="waku node peer_manager" tid=19681635 peerId=16Uiu2...VpJprH
[2026-10-10 16:11:03.883] [out] [delivery_module] DBG 2026-10-10 16:11:03.883+02:00 no listener registered                     tid=19681636 event=onConnectionChange
[2026-10-10 16:11:04.000] [out] [delivery_module] DBG 2026-10-10 16:11:04.000+02:00 Received WakuMetadata request              topics="waku metadata" tid=19681635 remoteClusterId=ok(3) remoteShards="[5, 0, 2, 1, 4, 7, 3, 6]" localClusterId=3 localShards="[7]" peer=16Uiu2...VpJprH
[2026-10-10 16:11:04.033] [out] [delivery_module] DBG 2026-10-10 16:11:04.033+02:00 created new pubsub peer                    topics="libp2p pubsub" tid=19681635 peerId=16Uiu2...P1S397
[2026-10-10 16:11:04.033] [out] [delivery_module] DBG 2026-10-10 16:11:04.033+02:00 no listener registered                     tid=19681636 event=onConnectionChange
[2026-10-10 16:11:04.042] [out] [delivery_module] DBG 2026-10-10 16:11:04.041+02:00 created new pubsub peer                    topics="libp2p pubsub" tid=19681635 peerId=16Uiu2...TwqBiH
[2026-10-10 16:11:04.042] [out] [delivery_module] DBG 2026-10-10 16:11:04.042+02:00 no listener registered                     tid=19681636 event=onConnectionChange
[2026-10-10 16:11:04.042] [out] [delivery_module] DBG 2026-10-10 16:11:04.042+02:00 Incoming WakuRelay connection              topics="waku relay" tid=19681635 connection=16Uiu2...P1S397:6aca477896f407125655b2fc protocol=/vac/waku/relay/2.0.0
[2026-10-10 16:11:04.042] [out] [delivery_module] DBG 2026-10-10 16:11:04.042+02:00 Incoming WakuRelay connection              topics="waku relay" tid=19681635 connection=16Uiu2...TwqBiH:6aca477896f407125655b301 protocol=/vac/waku/relay/2.0.0
[2026-10-10 16:11:04.122] [out] [delivery_module] DBG 2026-10-10 16:11:04.122+02:00 no listener registered                     tid=19681636 event=onConnectionChange
[2026-10-10 16:11:04.246] [out] [delivery_module] DBG 2026-10-10 16:11:04.246+02:00 Event identified                           topics="waku node peer_manager" tid=19681635 peerId=16Uiu2...TwqBiH
[2026-10-10 16:11:04.246] [out] [delivery_module] DBG 2026-10-10 16:11:04.246+02:00 no listener registered                     tid=19681636 event=onConnectionChange
[2026-10-10 16:11:04.246] [out] [delivery_module] DBG 2026-10-10 16:11:04.246+02:00 Event identified                           topics="waku node peer_manager" tid=19681635 peerId=16Uiu2...P1S397
[2026-10-10 16:11:04.246] [out] [delivery_module] DBG 2026-10-10 16:11:04.246+02:00 no listener registered                     tid=19681636 event=onConnectionChange
[2026-10-10 16:11:04.263] [out] [delivery_module] DBG 2026-10-10 16:11:04.263+02:00 Peer dial started                          topics="libp2p dialer" tid=19681635 peerId=16Uiu2...BGbc3h addresses="[/ip4/172.20.10.14/udp/62748/quic-v1, /ip4/172.20.10.14/tcp/57735]"
[2026-10-10 16:11:04.264] [out] [delivery_module] DBG 2026-10-10 16:11:04.264+02:00 New connection established: client         tid=19681635
[2026-10-10 16:11:04.266] [out] [delivery_module] DBG 2026-10-10 16:11:04.265+02:00 Peer dial started                          topics="libp2p dialer" tid=19681635 peerId=16Uiu2...TaWeKu addresses="[/ip4/172.20.10.14/udp/54671/quic-v1, /ip4/172.20.10.14/tcp/58681]"
[2026-10-10 16:11:04.266] [out] [delivery_module] DBG 2026-10-10 16:11:04.266+02:00 New connection established: client         tid=19681635
[2026-10-10 16:11:04.267] [out] [delivery_module] DBG 2026-10-10 16:11:04.267+02:00 Peer dial started                          topics="libp2p dialer" tid=19681635 peerId=16Uiu2...NmmnVv addresses="[/ip4/143.105.219.245/udp/60401/quic-v1, /ip4/143.105.219.245/tcp/61976]"
[2026-10-10 16:11:04.267] [out] [delivery_module] DBG 2026-10-10 16:11:04.267+02:00 New connection established: client         tid=19681635
[2026-10-10 16:11:04.267] [out] [delivery_module] DBG 2026-10-10 16:11:04.267+02:00 Peer dial started                          topics="libp2p dialer" tid=19681635 peerId=16Uiu2...hijbaN addresses="[/ip4/172.20.10.14/udp/64349/quic-v1, /ip4/172.20.10.14/tcp/58842]"
[2026-10-10 16:11:04.268] [out] [delivery_module] DBG 2026-10-10 16:11:04.268+02:00 New connection established: client         tid=19681635
[2026-10-10 16:11:04.268] [out] [delivery_module] DBG 2026-10-10 16:11:04.268+02:00 Peer dial started                          topics="libp2p dialer" tid=19681635 peerId=16Uiu2...JuYMPY addresses="[/ip4/172.20.10.14/udp/53720/quic-v1, /ip4/172.20.10.14/tcp/52306]"
[2026-10-10 16:11:04.268] [out] [delivery_module] DBG 2026-10-10 16:11:04.268+02:00 New connection established: client         tid=19681635
[2026-10-10 16:11:04.268] [out] [delivery_module] DBG 2026-10-10 16:11:04.268+02:00 Peer dial started                          topics="libp2p dialer" tid=19681635 peerId=16Uiu2...HZTWbR addresses="[/ip4/172.20.10.14/udp/56528/quic-v1, /ip4/172.20.10.14/tcp/57915]"
[2026-10-10 16:11:04.272] [out] [delivery_module] DBG 2026-10-10 16:11:04.268+02:00 New connection established: client         tid=19681635
[2026-10-10 16:11:04.272] [out] [delivery_module] DBG 2026-10-10 16:11:04.269+02:00 Peer dial started                          topics="libp2p dialer" tid=19681635 peerId=16Uiu2...BjtNZZ addresses=[/ip4/173.42.114.210/tcp/46341]
[2026-10-10 16:11:04.272] [out] [delivery_module] DBG 2026-10-10 16:11:04.270+02:00 Peer dial started                          topics="libp2p dialer" tid=19681635 peerId=16Uiu2...bHQ8Hg addresses="[/ip4/172.20.10.14/udp/57136/quic-v1, /ip4/172.20.10.14/tcp/52288]"
[2026-10-10 16:11:04.272] [out] [delivery_module] DBG 2026-10-10 16:11:04.270+02:00 New connection established: client         tid=19681635
[2026-10-10 16:11:04.272] [out] [delivery_module] DBG 2026-10-10 16:11:04.270+02:00 Peer dial started                          topics="libp2p dialer" tid=19681635 peerId=16Uiu2...s3TSyR addresses="[/ip4/172.20.10.14/udp/63140/quic-v1, /ip4/172.20.10.14/tcp/57736]"
[2026-10-10 16:11:04.272] [out] [delivery_module] DBG 2026-10-10 16:11:04.270+02:00 New connection established: client         tid=19681635
[2026-10-10 16:11:04.380] [out] [delivery_module] DBG 2026-10-10 16:11:04.380+02:00 created new pubsub peer                    topics="libp2p pubsub" tid=19681635 peerId=16Uiu2...kGyuEP
[2026-10-10 16:11:04.380] [out] [delivery_module] DBG 2026-10-10 16:11:04.380+02:00 no listener registered                     tid=19681636 event=onConnectionChange
[2026-10-10 16:11:04.380] [out] [delivery_module] DBG 2026-10-10 16:11:04.380+02:00 Incoming WakuRelay connection              topics="waku relay" tid=19681635 connection=16Uiu2...kGyuEP:6aca477896f407125655b30b protocol=/vac/waku/relay/2.0.0
[2026-10-10 16:11:04.424] [out] [delivery_module] DBG 2026-10-10 16:11:04.424+02:00 Received WakuMetadata request              topics="waku metadata" tid=19681635 remoteClusterId=ok(3) remoteShards="[5, 0, 2, 1, 4, 7, 3, 6]" localClusterId=3 localShards="[7]" peer=16Uiu2...P1S397
[2026-10-10 16:11:04.424] [out] [delivery_module] DBG 2026-10-10 16:11:04.424+02:00 Received WakuMetadata request              topics="waku metadata" tid=19681635 remoteClusterId=ok(3) remoteShards="[5, 0, 2, 1, 4, 7, 3, 6]" localClusterId=3 localShards="[7]" peer=16Uiu2...TwqBiH
[2026-10-10 16:11:04.484] [out] [delivery_module] DBG 2026-10-10 16:11:04.484+02:00 created new pubsub peer                    topics="libp2p pubsub" tid=19681635 peerId=16Uiu2...NSkuby
[2026-10-10 16:11:04.484] [out] [delivery_module] DBG 2026-10-10 16:11:04.484+02:00 no listener registered                     tid=19681636 event=onConnectionChange
[2026-10-10 16:11:04.510] [out] [delivery_module] DBG 2026-10-10 16:11:04.510+02:00 Incoming WakuRelay connection              topics="waku relay" tid=19681635 connection=16Uiu2...NSkuby:6aca477896f407125655b313 protocol=/vac/waku/relay/2.0.0
[2026-10-10 16:11:04.583] [out] [delivery_module] DBG 2026-10-10 16:11:04.583+02:00 no listener registered                     tid=19681636 event=onConnectionChange
[2026-10-10 16:11:04.583] [out] [delivery_module] DBG 2026-10-10 16:11:04.583+02:00 no listener registered                     tid=19681636 event=onConnectionChange
[2026-10-10 16:11:04.727] [out] [delivery_module] DBG 2026-10-10 16:11:04.727+02:00 Event identified                           topics="waku node peer_manager" tid=19681635 peerId=16Uiu2...kGyuEP
[2026-10-10 16:11:04.727] [out] [delivery_module] DBG 2026-10-10 16:11:04.727+02:00 no listener registered                     tid=19681636 event=onConnectionChange
[2026-10-10 16:11:04.780] [out] [delivery_module] DBG 2026-10-10 16:11:04.780+02:00 Event identified                           topics="waku node peer_manager" tid=19681635 peerId=16Uiu2...NSkuby
[2026-10-10 16:11:04.780] [out] [delivery_module] DBG 2026-10-10 16:11:04.780+02:00 no listener registered                     tid=19681636 event=onConnectionChange
[2026-10-10 16:11:04.848] [out] [delivery_module] DBG 2026-10-10 16:11:04.848+02:00 Received WakuMetadata request              topics="waku metadata" tid=19681635 remoteClusterId=ok(3) remoteShards="[5, 0, 2, 1, 4, 7, 3, 6]" localClusterId=3 localShards="[7]" peer=16Uiu2...NSkuby
[2026-10-10 16:11:04.893] [out] [delivery_module] DBG 2026-10-10 16:11:04.893+02:00 Peer dial started                          topics="libp2p dialer" tid=19681635 peerId=16Uiu2...C2W9C5 addresses="[/ip4/172.20.10.14/udp/49215/quic-v1, /ip4/172.20.10.14/tcp/52228]"
[2026-10-10 16:11:04.893] [out] [delivery_module] DBG 2026-10-10 16:11:04.893+02:00 New connection established: client         tid=19681635
[2026-10-10 16:11:04.906] [out] [delivery_module] DBG 2026-10-10 16:11:04.906+02:00 no listener registered                     tid=19681636 event=onConnectionChange
[2026-10-10 16:11:04.932] [out] [delivery_module] DBG 2026-10-10 16:11:04.932+02:00 created new pubsub peer                    topics="libp2p pubsub" tid=19681635 peerId=16Uiu2...BjtNZZ
[2026-10-10 16:11:04.932] [out] [delivery_module] DBG 2026-10-10 16:11:04.932+02:00 no listener registered                     tid=19681636 event=onConnectionChange
[2026-10-10 16:11:04.932] [out] [delivery_module] DBG 2026-10-10 16:11:04.932+02:00 Incoming WakuRelay connection              topics="waku relay" tid=19681635 connection=16Uiu2...BjtNZZ:6aca477896f407125655b320 protocol=/vac/waku/relay/2.0.0
[2026-10-10 16:11:04.960] [out] [delivery_module] DBG 2026-10-10 16:11:04.960+02:00 created new pubsub peer                    topics="libp2p pubsub" tid=19681635 peerId=16Uiu2...T3UNSE
[2026-10-10 16:11:04.961] [out] [delivery_module] DBG 2026-10-10 16:11:04.961+02:00 no listener registered                     tid=19681636 event=onConnectionChange
[2026-10-10 16:11:04.961] [out] [delivery_module] DBG 2026-10-10 16:11:04.961+02:00 Incoming WakuRelay connection              topics="waku relay" tid=19681635 connection=16Uiu2...T3UNSE:6aca477896f407125655b324 protocol=/vac/waku/relay/2.0.0
[2026-10-10 16:11:04.970] [out] [delivery_module] DBG 2026-10-10 16:11:04.970+02:00 Received WakuMetadata request              topics="waku metadata" tid=19681635 remoteClusterId=ok(3) remoteShards="[5, 0, 2, 1, 4, 7, 3, 6]" localClusterId=3 localShards="[7]" peer=16Uiu2...kGyuEP
[2026-10-10 16:11:05.056] [out] [delivery_module] DBG 2026-10-10 16:11:05.056+02:00 Peer dial started                          topics="libp2p dialer" tid=19681635 peerId=16Uiu2...sR6GDs addresses="[/ip4/100.126.175.80/udp/56339/quic-v1, /ip4/100.126.175.80/tcp/49964]"
[2026-10-10 16:11:05.056] [out] [delivery_module] DBG 2026-10-10 16:11:05.056+02:00 New connection established: client         tid=19681635
[2026-10-10 16:11:05.057] [out] [delivery_module] DBG 2026-10-10 16:11:05.057+02:00 Peer dial started                          topics="libp2p dialer" tid=19681635 peerId=16Uiu2...V8NBt8 addresses="[/ip4/172.20.10.14/udp/52304/quic-v1, /ip4/172.20.10.14/tcp/50403]"
[2026-10-10 16:11:05.057] [out] [delivery_module] DBG 2026-10-10 16:11:05.057+02:00 New connection established: client         tid=19681635
[2026-10-10 16:11:05.058] [out] [delivery_module] DBG 2026-10-10 16:11:05.058+02:00 Handshake done                             tid=19681635 status=1
[2026-10-10 16:11:05.059] [out] [delivery_module] DBG 2026-10-10 16:11:05.059+02:00 created new pubsub peer                    topics="libp2p pubsub" tid=19681635 peerId=16Uiu2...V8NBt8
[2026-10-10 16:11:05.060] [out] [delivery_module] DBG 2026-10-10 16:11:05.059+02:00 Creating stream                            tid=19681635
[2026-10-10 16:11:05.060] [out] [delivery_module] DBG 2026-10-10 16:11:05.059+02:00 New stream created                         tid=19681635
[2026-10-10 16:11:05.060] [out] [delivery_module] DBG 2026-10-10 16:11:05.060+02:00 Creating stream                            tid=19681635
[2026-10-10 16:11:05.060] [out] [delivery_module] DBG 2026-10-10 16:11:05.060+02:00 New stream created                         tid=19681635
[2026-10-10 16:11:05.060] [out] [delivery_module] DBG 2026-10-10 16:11:05.060+02:00 no listener registered                     tid=19681636 event=onConnectionChange
[2026-10-10 16:11:05.061] [out] [delivery_module] DBG 2026-10-10 16:11:05.061+02:00 New stream created                         tid=19681635
[2026-10-10 16:11:05.061] [out] [delivery_module] DBG 2026-10-10 16:11:05.061+02:00 New stream created                         tid=19681635
[2026-10-10 16:11:05.064] [out] [delivery_module] DBG 2026-10-10 16:11:05.064+02:00 Incoming WakuRelay connection              topics="waku relay" tid=19681635 connection=16Uiu2...V8NBt8:6aca477996f407125655b32c protocol=/vac/waku/relay/2.0.0
[2026-10-10 16:11:05.065] [out] [delivery_module] DBG 2026-10-10 16:11:05.065+02:00 Event identified                           topics="waku node peer_manager" tid=19681635 peerId=16Uiu2...V8NBt8
[2026-10-10 16:11:05.065] [out] [delivery_module] DBG 2026-10-10 16:11:05.065+02:00 Creating stream                            tid=19681635
[2026-10-10 16:11:05.065] [out] [delivery_module] DBG 2026-10-10 16:11:05.065+02:00 New stream created                         tid=19681635
[2026-10-10 16:11:05.065] [out] [delivery_module] DBG 2026-10-10 16:11:05.065+02:00 no listener registered                     tid=19681636 event=onConnectionChange
[2026-10-10 16:11:05.065] [out] [delivery_module] DBG 2026-10-10 16:11:05.065+02:00 New stream created                         tid=19681635
[2026-10-10 16:11:05.067] [out] [delivery_module] DBG 2026-10-10 16:11:05.066+02:00 Received WakuMetadata request              topics="waku metadata" tid=19681635 remoteClusterId=ok(3) remoteShards="[7]" localClusterId=3 localShards="[7]" peer=16Uiu2...V8NBt8
[2026-10-10 16:11:05.068] [out] [delivery_module] DBG 2026-10-10 16:11:05.068+02:00 no listener registered                     tid=19681636 event=onConnectionChange
[2026-10-10 16:11:05.068] [out] [delivery_module] DBG 2026-10-10 16:11:05.068+02:00 Creating stream                            tid=19681635
[2026-10-10 16:11:05.068] [out] [delivery_module] DBG 2026-10-10 16:11:05.068+02:00 New stream created                         tid=19681635
[2026-10-10 16:11:05.071] [out] [delivery_module] DBG 2026-10-10 16:11:05.071+02:00 New stream created                         tid=19681635
[2026-10-10 16:11:05.096] [out] [delivery_module] DBG 2026-10-10 16:11:05.096+02:00 Event identified                           topics="waku node peer_manager" tid=19681635 peerId=16Uiu2...BjtNZZ
[2026-10-10 16:11:05.096] [out] [delivery_module] DBG 2026-10-10 16:11:05.096+02:00 no listener registered                     tid=19681636 event=onConnectionChange
[2026-10-10 16:11:05.197] [out] [delivery_module] DBG 2026-10-10 16:11:05.197+02:00 Event identified                           topics="waku node peer_manager" tid=19681635 peerId=16Uiu2...T3UNSE
[2026-10-10 16:11:05.197] [out] [delivery_module] DBG 2026-10-10 16:11:05.197+02:00 no listener registered                     tid=19681636 event=onConnectionChange
[2026-10-10 16:11:05.273] [out] [delivery_module] DBG 2026-10-10 16:11:05.273+02:00 Received WakuMetadata request              topics="waku metadata" tid=19681635 remoteClusterId=ok(3) remoteShards="[5, 0, 2, 1, 4, 7, 3, 6]" localClusterId=3 localShards="[7]" peer=16Uiu2...BjtNZZ
[2026-10-10 16:11:05.324] [out] [delivery_module] WRN 2026-10-10 16:11:05.323+02:00 ffi request still in flight; caller notified via RET_STALE_WARN tid=19681635 reqId=LogosdeliveryStartNodeReq elapsedMs=5000
[2026-10-10 16:11:05.457] [out] [delivery_module] DBG 2026-10-10 16:11:05.456+02:00 Received WakuMetadata request              topics="waku metadata" tid=19681635 remoteClusterId=ok(3) remoteShards="[5, 0, 2, 1, 4, 7, 3, 6]" localClusterId=3 localShards="[7]" peer=16Uiu2...T3UNSE
[2026-10-10 16:11:05.457] [out] [delivery_module] DBG 2026-10-10 16:11:05.457+02:00 no listener registered                     tid=19681636 event=onConnectionChange
[2026-10-10 16:11:05.686] [out] [delivery_module] DBG 2026-10-10 16:11:05.685+02:00 no listener registered                     tid=19681636 event=onConnectionChange
[2026-10-10 16:11:05.705] [out] [delivery_module] DBG 2026-10-10 16:11:05.705+02:00 New stream created                         tid=19681635
[2026-10-10 16:11:05.707] [out] [delivery_module] DBG 2026-10-10 16:11:05.707+02:00 New stream created                         tid=19681635
[2026-10-10 16:11:05.795] [out] [delivery_module] DBG 2026-10-10 16:11:05.795+02:00 no listener registered                     tid=19681636 event=onConnectionChange
[2026-10-10 16:11:05.796] [out] [delivery_module] DBG 2026-10-10 16:11:05.796+02:00 Finished dialing multiple peers            tid=19681635 successfulConns=6 attempted=6
[2026-10-10 16:11:05.796] [out] [delivery_module] DBG 2026-10-10 16:11:05.796+02:00 Dialing multiple peers                     topics="waku node peer_manager" tid=19681635 numOfPeers=10 nodes="@[16Uiu2HAmUUJaxzkjLqJtAsUJFADKn88qE1EYHUnzvhJWwPBGbc3h, 16Uiu2HAm4mBUgFqkwfcuxo9zTsXDDfh33SrXo3LgHdgyG9sR6GDs, 16Uiu2HAmFRyUMY6bBFLzSuAm9C1CqEj7Dm8Yvv5cRsLLPXbHQ8Hg, 16Uiu2HAmDPbttdkejTkQgjb7UL2jZpFs6nJC6F8ZbMqv2nTaWeKu, 16Uiu2HAmUxFMimGfqHD7PjLYPtnhZ1K9d5eVmGQZSNzhxmhijbaN, 16Uiu2HAmJNrJiCcwCCpBL47CYGnAtsfxPBz3ta8Yb4BzUqC2W9C5, 16Uiu2HAm1MeL9HxBACouZAWXsHDmSwVU2VcV6VZ3UXp1qNNmmnVv, 16Uiu2HAmUPi43VSrBqCKDwJRYXyR4QvoK5dq35zKgN8CWgHZTWbR, 16Uiu2HAm4pwESJJjm9qDBo6jj7vxbBTXfu2rqbZ4y9MDiAJuYMPY, 16Uiu2HAmJxDBoxGjP6CTQuQigNstyXUxF8P6ypMyA5jUcss3TSyR]"
[2026-10-10 16:11:05.796] [out] [delivery_module] INF 2026-10-10 16:11:05.796+02:00 Relay peer connections                     topics="waku node peer_manager" tid=19681635 inRelayConns=0/50 outRelayConns=8/25 totalConnections=8/150 notConnectedPeers=10 outsideBackoffPeers=10
[2026-10-10 16:11:05.797] [out] [delivery_module] DBG 2026-10-10 16:11:05.797+02:00 ENR addresses updated                      topics="waku enr" tid=19681635 retained=0 total=0
[2026-10-10 16:11:05.797] [out] [delivery_module] DBG 2026-10-10 16:11:05.797+02:00 Subscribing to pubsub topic                topics="waku relay" tid=19681635 pubsubTopic=/waku/2/rs/3/0
[2026-10-10 16:11:05.798] [out] [delivery_module] DBG 2026-10-10 16:11:05.798+02:00 peer filtering updated                     topics="waku discv5" tid=19681635
[2026-10-10 16:11:05.798] [out] [delivery_module] DBG 2026-10-10 16:11:05.798+02:00 ENR shards updated                         topics="waku discv5" tid=19681635 enrUri=enr:-K24QGVsWMDfCRhYc1Mmgj8yPBVXz35nPClD2Vv_Z6eu-jUxeQUXL2QbryPQEeG3yonXu2WWvKibNOYJHBBcf2bsnjkHgmlkgnY0im11bHRpYWRkcnOAgnJzkwADCAAAAAEAAgADAAQABQAGAAeJc2VjcDI1NmsxoQKTllTvTBSdd6xVNzDbQe60O5sF0SVJ0kmXzG_bb1TCRoN0Y3CCxOSDdWRwgto4hXdha3UyLQ add=true
[2026-10-10 16:11:05.798] [out] [delivery_module] DBG 2026-10-10 16:11:05.798+02:00 Subscribing to pubsub topic                topics="waku relay" tid=19681635 pubsubTopic=/waku/2/rs/3/1
[2026-10-10 16:11:05.798] [out] [delivery_module] DBG 2026-10-10 16:11:05.798+02:00 peer filtering updated                     topics="waku discv5" tid=19681635
[2026-10-10 16:11:05.798] [out] [delivery_module] DBG 2026-10-10 16:11:05.798+02:00 ENR shards updated                         topics="waku discv5" tid=19681635 enrUri=enr:-K24QAE9sq-GFunPqSxgnQbJRyF6uK0bK1R5FI-qElt0PeboTgQcaHTL9d_r8psMaNxlMqDKx1-Mt2pLMoWFA3WSM1IIgmlkgnY0im11bHRpYWRkcnOAgnJzkwADCAAAAAEAAgADAAQABQAGAAeJc2VjcDI1NmsxoQKTllTvTBSdd6xVNzDbQe60O5sF0SVJ0kmXzG_bb1TCRoN0Y3CCxOSDdWRwgto4hXdha3UyLQ add=true
[2026-10-10 16:11:05.798] [out] [delivery_module] DBG 2026-10-10 16:11:05.798+02:00 Subscribing to pubsub topic                topics="waku relay" tid=19681635 pubsubTopic=/waku/2/rs/3/2
[2026-10-10 16:11:05.798] [out] [delivery_module] DBG 2026-10-10 16:11:05.798+02:00 peer filtering updated                     topics="waku discv5" tid=19681635
[2026-10-10 16:11:05.798] [out] [delivery_module] DBG 2026-10-10 16:11:05.798+02:00 ENR shards updated                         topics="waku discv5" tid=19681635 enrUri=enr:-K24QBX1-7epUpPefYcF6wp_sKMC4wMx0P9CWAedxkK1mt8MBx-MraiOa_q4DltNOvbJsfDnlJea79O3jpW81xsekoEJgmlkgnY0im11bHRpYWRkcnOAgnJzkwADCAAAAAEAAgADAAQABQAGAAeJc2VjcDI1NmsxoQKTllTvTBSdd6xVNzDbQe60O5sF0SVJ0kmXzG_bb1TCRoN0Y3CCxOSDdWRwgto4hXdha3UyLQ add=true
[2026-10-10 16:11:05.798] [out] [delivery_module] DBG 2026-10-10 16:11:05.798+02:00 Subscribing to pubsub topic                topics="waku relay" tid=19681635 pubsubTopic=/waku/2/rs/3/3
[2026-10-10 16:11:05.799] [out] [delivery_module] DBG 2026-10-10 16:11:05.799+02:00 peer filtering updated                     topics="waku discv5" tid=19681635
[2026-10-10 16:11:05.799] [out] [delivery_module] DBG 2026-10-10 16:11:05.799+02:00 ENR shards updated                         topics="waku discv5" tid=19681635 enrUri=enr:-K24QByDancP5_CkGGdHKcKd2ouQQl3OvgHD9PUT8iZazGCDKiVZR4OYttuKjuUschFkCnbrz1mefAJwcqNd6mjubq4KgmlkgnY0im11bHRpYWRkcnOAgnJzkwADCAAAAAEAAgADAAQABQAGAAeJc2VjcDI1NmsxoQKTllTvTBSdd6xVNzDbQe60O5sF0SVJ0kmXzG_bb1TCRoN0Y3CCxOSDdWRwgto4hXdha3UyLQ add=true
[2026-10-10 16:11:05.799] [out] [delivery_module] DBG 2026-10-10 16:11:05.799+02:00 Subscribing to pubsub topic                topics="waku relay" tid=19681635 pubsubTopic=/waku/2/rs/3/4
[2026-10-10 16:11:05.799] [out] [delivery_module] DBG 2026-10-10 16:11:05.799+02:00 peer filtering updated                     topics="waku discv5" tid=19681635
[2026-10-10 16:11:05.799] [out] [delivery_module] DBG 2026-10-10 16:11:05.799+02:00 ENR shards updated                         topics="waku discv5" tid=19681635 enrUri=enr:-K24QDpk1M-wXW4Aj0fnKjrGcbXgJQCnhe3T1QtxOLLIjUsMBXdU8yw3OxUYdPyt7Y-Zb-JsVlcUVEomMvjgV-uwWJ0LgmlkgnY0im11bHRpYWRkcnOAgnJzkwADCAAAAAEAAgADAAQABQAGAAeJc2VjcDI1NmsxoQKTllTvTBSdd6xVNzDbQe60O5sF0SVJ0kmXzG_bb1TCRoN0Y3CCxOSDdWRwgto4hXdha3UyLQ add=true
[2026-10-10 16:11:05.799] [out] [delivery_module] DBG 2026-10-10 16:11:05.799+02:00 Subscribing to pubsub topic                topics="waku relay" tid=19681635 pubsubTopic=/waku/2/rs/3/5
[2026-10-10 16:11:05.799] [out] [delivery_module] DBG 2026-10-10 16:11:05.799+02:00 peer filtering updated                     topics="waku discv5" tid=19681635
[2026-10-10 16:11:05.799] [out] [delivery_module] DBG 2026-10-10 16:11:05.799+02:00 ENR shards updated                         topics="waku discv5" tid=19681635 enrUri=enr:-K24QOVj3vHBfC0J_ILAIjvYT0Eokjp1ImkQ0O8VAoS5GkpCCx4M8vUS1R6MPReV3_kCcsft3TZCjGn5p_RWA1FzgGcMgmlkgnY0im11bHRpYWRkcnOAgnJzkwADCAAAAAEAAgADAAQABQAGAAeJc2VjcDI1NmsxoQKTllTvTBSdd6xVNzDbQe60O5sF0SVJ0kmXzG_bb1TCRoN0Y3CCxOSDdWRwgto4hXdha3UyLQ add=true
[2026-10-10 16:11:05.799] [out] [delivery_module] DBG 2026-10-10 16:11:05.799+02:00 Subscribing to pubsub topic                topics="waku relay" tid=19681635 pubsubTopic=/waku/2/rs/3/6
[2026-10-10 16:11:05.799] [out] [delivery_module] DBG 2026-10-10 16:11:05.799+02:00 peer filtering updated                     topics="waku discv5" tid=19681635
[2026-10-10 16:11:05.799] [out] [delivery_module] DBG 2026-10-10 16:11:05.799+02:00 ENR shards updated                         topics="waku discv5" tid=19681635 enrUri=enr:-K24QAO1BAXgH8_4qQVr8wD9GNPS2n2DCveZ7xtqiHJJe6RIApmo5F6DufQZjPtHw6shckFQ4e4lgG2PGsymdp9RRD0NgmlkgnY0im11bHRpYWRkcnOAgnJzkwADCAAAAAEAAgADAAQABQAGAAeJc2VjcDI1NmsxoQKTllTvTBSdd6xVNzDbQe60O5sF0SVJ0kmXzG_bb1TCRoN0Y3CCxOSDdWRwgto4hXdha3UyLQ add=true
[2026-10-10 16:11:05.799] [out] [delivery_module] NTC 2026-10-10 16:11:05.799+02:00 ENR carries no reachable host, so peers cannot dial this node. Set --nat, --ext-ip, --dns4-domain-name or --ext-multiaddr to advertise one topics="wakunode waku" tid=19681635
[2026-10-10 16:11:05.799] [out] [delivery_module] DBG 2026-10-10 16:11:05.799+02:00 Register interest                          topics="service-disco discoverer" tid=19681635 service=/logos/delivery serviceId=e6738033b5d4...cb0431b2f5d8
[2026-10-10 16:11:05.799] [out] [delivery_module] DBG 2026-10-10 16:11:05.799+02:00 Added service to discover                  topics="waku service discovery" tid=19681635 service=/logos/delivery
[2026-10-10 16:11:05.799] [out] [delivery_module] DBG 2026-10-10 16:11:05.799+02:00 Added provided service                     topics="service-disco advertiser" tid=19681635 service=/logos/delivery serviceId=e6738033b5d4...cb0431b2f5d8
[2026-10-10 16:11:05.800] [out] [delivery_module] DBG 2026-10-10 16:11:05.800+02:00 Creating stream                            tid=19681635
[2026-10-10 16:11:05.800] [out] [delivery_module] DBG 2026-10-10 16:11:05.800+02:00 New stream created                         tid=19681635
[2026-10-10 16:11:05.802] [out] [delivery_module] DBG 2026-10-10 16:11:05.801+02:00 Added service to advertise                 topics="waku service discovery" tid=19681635 service=/logos/delivery
[2026-10-10 16:11:05.802] [out] [delivery_module] INF 2026-10-10 16:11:05.801+02:00 advertising this node on the delivery network topics="waku discovery advertise" tid=19681635 backend=service protocols="[/vac/waku/relay/2.0.0, /vac/waku/filter-subscribe/2.0.0-beta1, /vac/waku/lightpush/3.0.0, /mix/1.0.0]"
[2026-10-10 16:11:05.802] [out] [delivery_module] DBG 2026-10-10 16:11:05.801+02:00 Register interest                          topics="service-disco discoverer" tid=19681635 service=/mix/1.0.0 serviceId=913b5c5dbe69...6f90568cea40
[2026-10-10 16:11:05.802] [out] [delivery_module] DBG 2026-10-10 16:11:05.801+02:00 Added service to discover                  topics="waku service discovery" tid=19681635 service=/mix/1.0.0
[2026-10-10 16:11:05.802] [out] [delivery_module] DBG 2026-10-10 16:11:05.802+02:00 Added provided service                     topics="service-disco advertiser" tid=19681635 service=/mix/1.0.0 serviceId=913b5c5dbe69...6f90568cea40
[2026-10-10 16:11:05.802] [out] [delivery_module] DBG 2026-10-10 16:11:05.802+02:00 Creating stream                            tid=19681635
[2026-10-10 16:11:05.802] [out] [delivery_module] DBG 2026-10-10 16:11:05.802+02:00 New stream created                         tid=19681635
[2026-10-10 16:11:05.802] [out] [delivery_module] DBG 2026-10-10 16:11:05.802+02:00 Added service to advertise                 topics="waku service discovery" tid=19681635 service=/mix/1.0.0
[2026-10-10 16:11:05.802] [out] [delivery_module] INF 2026-10-10 16:11:05.802+02:00 advertising this node as a mix node        topics="waku discovery advertise" tid=19681635 backend=service
[2026-10-10 16:11:05.802] [out] [delivery_module] INF 2026-10-10 16:11:05.802+02:00 Node is online                             topics="waku online monitor" tid=19681635
[2026-10-10 16:11:05.802] [out] [delivery_module] INF 2026-10-10 16:11:05.802+02:00 Health monitor loop start                  tid=19681635
[2026-10-10 16:11:05.803] [out] [delivery_module] DBG 2026-10-10 16:11:05.803+02:00 calculateConnectionState                   tid=19681635 relayCount=8 storeClientCount=6 lightpushCount=8 filterCount=8
[2026-10-10 16:11:05.803] [out] [delivery_module] DBG 2026-10-10 16:11:05.803+02:00 connectionStatus change                    tid=19681635 oldstatus=Disconnected newstatus=Connected
[2026-10-10 16:11:05.803] [out] [delivery_module] INF 2026-10-10 16:11:05.803+02:00 starting keepalive                         tid=19681635 randomPeersKeepalive=10s allPeersKeepalive=2m
[2026-10-10 16:11:05.803] [out] [delivery_module] DBG 2026-10-10 16:11:05.803+02:00 no listener registered                     tid=19681636 event=onTopicHealthChange
[2026-10-10 16:11:05.803] [out] [delivery_module] DBG 2026-10-10 16:11:05.803+02:00 no listener registered                     tid=19681636 event=onTopicHealthChange
[2026-10-10 16:11:05.803] [out] [delivery_module] DBG 2026-10-10 16:11:05.803+02:00 no listener registered                     tid=19681636 event=onTopicHealthChange
[2026-10-10 16:11:05.803] [out] [delivery_module] DBG 2026-10-10 16:11:05.803+02:00 no listener registered                     tid=19681636 event=onTopicHealthChange
[2026-10-10 16:11:05.803] [out] [delivery_module] DBG 2026-10-10 16:11:05.803+02:00 no listener registered                     tid=19681636 event=onTopicHealthChange
[2026-10-10 16:11:05.803] [out] [delivery_module] DBG 2026-10-10 16:11:05.803+02:00 no listener registered                     tid=19681636 event=onTopicHealthChange
[2026-10-10 16:11:05.804] [out] [delivery_module] DBG 2026-10-10 16:11:05.803+02:00 no listener registered                     tid=19681636 event=onTopicHealthChange
[2026-10-10 16:11:05.804] [info] [logos] [delivery_module] DeliveryModuleImpl::send called with contentTopic: /lp0026forum/1/general/text
[2026-10-10 16:11:05.809] [out] [delivery_module] DBG 2026-10-10 16:11:05.808+02:00 SendService.send: processing delivery task topics="send service" tid=19681635 requestId=e2a1e0c00637a7d3955e msgHash=0x7757ff645471add7d4f9865c83d124a37f45bc0a2bc1ec443d26ed6e6a4ba67d
[2026-10-10 16:11:05.809] [info] [logos] [delivery_module] DeliveryModuleImpl: Send initiated for topic: /lp0026forum/1/general/text, with success, requestId: e2a1e0c00637a7d3955e
[2026-10-10 16:11:05.809] [out] [delivery_module] DBG 2026-10-10 16:11:05.809+02:00 Trying message delivery via Mix            topics="send service mix processor" tid=19681635 requestId=e2a1e0c00637a7d3955e msgHash=0x7757ff645471add7d4f9865c83d124a37f45bc0a2bc1ec443d26ed6e6a4ba67d tryCount=1
[2026-10-10 16:11:05.809] [out] [delivery_module] DBG 2026-10-10 16:11:05.809+02:00 Publishing message with lightpush          topics="waku node lightpush api" tid=19681635 pubsubTopic=/waku/2/rs/3/7 contentTopic=/lp0026forum/1/general/text target_peer_id=16Uiu2...T3UNSE msg_hash=0x7757ff645471add7d4f9865c83d124a37f45bc0a2bc1ec443d26ed6e6a4ba67d mixify=true
[2026-10-10 16:11:05.809] [out] [delivery_module] DBG 2026-10-10 16:11:05.809+02:00 Publish                                    topics="waku lightpush client" tid=19681635 myPeerId=16Uiu2...rfgs65 peerId= msgHash=0x7757ff645471add7d4f9865c83d124a37f45bc0a2bc1ec443d26ed6e6a4ba67d sentTime=1791641465809953024
[2026-10-10 16:11:05.810] [out] [delivery_module] DBG 2026-10-10 16:11:05.809+02:00 Destination data                           tid=19681635 destination=MixDestination[MixNode](16Uiu2HAkvwhGHKNry6LACrB8TmEFoCJKEX29XR5dDUzk3UT3UNSE)
[2026-10-10 16:11:05.810] [out] [delivery_module] DBG 2026-10-10 16:11:05.810+02:00 Selected mix node:                         tid=19681635 indexInPath=0 peerId=16Uiu2...P1S397
[2026-10-10 16:11:05.810] [out] [delivery_module] DBG 2026-10-10 16:11:05.810+02:00 Selected mix node:                         tid=19681635 indexInPath=1 peerId=16Uiu2...VpJprH
[2026-10-10 16:11:05.810] [out] [delivery_module] DBG 2026-10-10 16:11:05.810+02:00 Selected mix node:                         tid=19681635 indexInPath=2 peerId=16Uiu2...T3UNSE
[2026-10-10 16:11:05.810] [out] [delivery_module] DBG 2026-10-10 16:11:05.810+02:00 Selected mix node for surbs:               tid=19681635 indexInPath=0 peerId=16Uiu2...VpJprH
[2026-10-10 16:11:05.810] [out] [delivery_module] DBG 2026-10-10 16:11:05.810+02:00 Selected mix node for surbs:               tid=19681635 indexInPath=1 peerId=16Uiu2...TwqBiH
[2026-10-10 16:11:05.907] [out] [delivery_module] DBG 2026-10-10 16:11:05.907+02:00 calculateConnectionState                   tid=19681635 relayCount=8 storeClientCount=6 lightpushCount=8 filterCount=8
[2026-10-10 16:11:06.732] [out] [delivery_module] INF 2026-10-10 16:11:06.732+02:00 Message received                           tid=19681635 msg_hash=0x7757ff645471add7d4f9865c83d124a37f45bc0a2bc1ec443d26ed6e6a4ba67d contentTopic=/lp0026forum/1/general/text pubsubTopic=/waku/2/rs/3/7 source=live
[2026-10-10 16:11:07.267] [out] [delivery_module] DBG 2026-10-10 16:11:07.267+02:00 Address dial failed                        topics="libp2p dialer" tid=19681635 err="quic dial timed out after 3s" peerId=16Uiu2...BGbc3h address=/ip4/172.20.10.14/udp/62748/quic-v1 hostname=172.20.10.14
[2026-10-10 16:11:07.267] [out] [delivery_module] DBG 2026-10-10 16:11:07.267+02:00 Address dial failed                        topics="libp2p dialer" tid=19681635 err="quic dial timed out after 3s" peerId=16Uiu2...TaWeKu address=/ip4/172.20.10.14/udp/54671/quic-v1 hostname=172.20.10.14
[2026-10-10 16:11:07.268] [out] [delivery_module] DBG 2026-10-10 16:11:07.268+02:00 Address dial failed                        topics="libp2p dialer" tid=19681635 err="TcpTransport dial error: (61) Connection refused" peerId=16Uiu2...BGbc3h address=/ip4/172.20.10.14/tcp/57735 hostname=172.20.10.14
[2026-10-10 16:11:07.268] [out] [delivery_module] DBG 2026-10-10 16:11:07.268+02:00 Address dial failed                        topics="libp2p dialer" tid=19681635 err="TcpTransport dial error: (61) Connection refused" peerId=16Uiu2...TaWeKu address=/ip4/172.20.10.14/tcp/58681 hostname=172.20.10.14
[2026-10-10 16:11:07.268] [out] [delivery_module] DBG 2026-10-10 16:11:07.268+02:00 Address dial failed                        topics="libp2p dialer" tid=19681635 err="quic dial timed out after 3s" peerId=16Uiu2...NmmnVv address=/ip4/143.105.219.245/udp/60401/quic-v1 hostname=143.105.219.245
[2026-10-10 16:11:07.268] [out] [delivery_module] DBG 2026-10-10 16:11:07.268+02:00 Address dial failed                        topics="libp2p dialer" tid=19681635 err="quic dial timed out after 3s" peerId=16Uiu2...hijbaN address=/ip4/172.20.10.14/udp/64349/quic-v1 hostname=172.20.10.14
[2026-10-10 16:11:07.271] [out] [delivery_module] DBG 2026-10-10 16:11:07.268+02:00 Protocol stream establishment failed       topics="libp2p dialer" tid=19681635 err="Unable to establish outgoing link in establishConnection: peer_id=16Uiu2...BGbc3h addrs=[/ip4/172.20.10.14/udp/62748/quic-v1, /ip4/172.20.10.14/tcp/57735]" peerId=16Uiu2...BGbc3h protocols="[/logos/service-discovery/1.0.0]" addresses="[/ip4/172.20.10.14/udp/62748/quic-v1, /ip4/172.20.10.14/tcp/57735]" conn=nil
[2026-10-10 16:11:07.271] [out] [delivery_module] DBG 2026-10-10 16:11:07.268+02:00 Peer dial started                          topics="libp2p dialer" tid=19681635 peerId=16Uiu2...BGbc3h addresses="[/ip4/172.20.10.14/udp/62748/quic-v1, /ip4/172.20.10.14/tcp/57735]"
[2026-10-10 16:11:07.271] [out] [delivery_module] DBG 2026-10-10 16:11:07.269+02:00 New connection established: client         tid=19681635
[2026-10-10 16:11:07.271] [out] [delivery_module] DBG 2026-10-10 16:11:07.269+02:00 Protocol stream establishment failed       topics="libp2p dialer" tid=19681635 err="Unable to establish outgoing link in establishConnection: peer_id=16Uiu2...TaWeKu addrs=[/ip4/172.20.10.14/udp/54671/quic-v1, /ip4/172.20.10.14/tcp/58681]" peerId=16Uiu2...TaWeKu protocols="[/logos/service-discovery/1.0.0]" addresses="[/ip4/172.20.10.14/udp/54671/quic-v1, /ip4/172.20.10.14/tcp/58681]" conn=nil
[2026-10-10 16:11:07.273] [out] [delivery_module] DBG 2026-10-10 16:11:07.271+02:00 Peer dial started                          topics="libp2p dialer" tid=19681635 peerId=16Uiu2...TaWeKu addresses="[/ip4/172.20.10.14/udp/54671/quic-v1, /ip4/172.20.10.14/tcp/58681]"
[2026-10-10 16:11:07.274] [out] [delivery_module] DBG 2026-10-10 16:11:07.271+02:00 New connection established: client         tid=19681635
[2026-10-10 16:11:07.274] [out] [delivery_module] DBG 2026-10-10 16:11:07.274+02:00 Address dial failed                        topics="libp2p dialer" tid=19681635 err="TcpTransport dial error: (61) Connection refused" peerId=16Uiu2...hijbaN address=/ip4/172.20.10.14/tcp/58842 hostname=172.20.10.14
[2026-10-10 16:11:07.275] [out] [delivery_module] DBG 2026-10-10 16:11:07.275+02:00 Address dial failed                        topics="libp2p dialer" tid=19681635 err="quic dial timed out after 3s" peerId=16Uiu2...JuYMPY address=/ip4/172.20.10.14/udp/53720/quic-v1 hostname=172.20.10.14
[2026-10-10 16:11:07.275] [out] [delivery_module] DBG 2026-10-10 16:11:07.275+02:00 Address dial failed                        topics="libp2p dialer" tid=19681635 err="quic dial timed out after 3s" peerId=16Uiu2...HZTWbR address=/ip4/172.20.10.14/udp/56528/quic-v1 hostname=172.20.10.14
[2026-10-10 16:11:07.275] [out] [delivery_module] DBG 2026-10-10 16:11:07.275+02:00 Protocol stream establishment failed       topics="libp2p dialer" tid=19681635 err="Unable to establish outgoing link in establishConnection: peer_id=16Uiu2...hijbaN addrs=[/ip4/172.20.10.14/udp/64349/quic-v1, /ip4/172.20.10.14/tcp/58842]" peerId=16Uiu2...hijbaN protocols="[/logos/service-discovery/1.0.0]" addresses="[/ip4/172.20.10.14/udp/64349/quic-v1, /ip4/172.20.10.14/tcp/58842]" conn=nil
[2026-10-10 16:11:07.275] [out] [delivery_module] DBG 2026-10-10 16:11:07.275+02:00 Address dial failed                        topics="libp2p dialer" tid=19681635 err="quic dial timed out after 3s" peerId=16Uiu2...bHQ8Hg address=/ip4/172.20.10.14/udp/57136/quic-v1 hostname=172.20.10.14
[2026-10-10 16:11:07.275] [out] [delivery_module] DBG 2026-10-10 16:11:07.275+02:00 Address dial failed                        topics="libp2p dialer" tid=19681635 err="quic dial timed out after 3s" peerId=16Uiu2...s3TSyR address=/ip4/172.20.10.14/udp/63140/quic-v1 hostname=172.20.10.14
[2026-10-10 16:11:07.275] [out] [delivery_module] DBG 2026-10-10 16:11:07.275+02:00 Peer dial started                          topics="libp2p dialer" tid=19681635 peerId=16Uiu2...hijbaN addresses="[/ip4/172.20.10.14/udp/64349/quic-v1, /ip4/172.20.10.14/tcp/58842]"
[2026-10-10 16:11:07.276] [out] [delivery_module] DBG 2026-10-10 16:11:07.276+02:00 New connection established: client         tid=19681635
[2026-10-10 16:11:07.276] [out] [delivery_module] DBG 2026-10-10 16:11:07.276+02:00 Address dial failed                        topics="libp2p dialer" tid=19681635 err="TcpTransport dial error: (61) Connection refused" peerId=16Uiu2...JuYMPY address=/ip4/172.20.10.14/tcp/52306 hostname=172.20.10.14
[2026-10-10 16:11:07.276] [out] [delivery_module] DBG 2026-10-10 16:11:07.276+02:00 Address dial failed                        topics="libp2p dialer" tid=19681635 err="TcpTransport dial error: (61) Connection refused" peerId=16Uiu2...HZTWbR address=/ip4/172.20.10.14/tcp/57915 hostname=172.20.10.14
[2026-10-10 16:11:07.276] [out] [delivery_module] DBG 2026-10-10 16:11:07.276+02:00 Address dial failed                        topics="libp2p dialer" tid=19681635 err="TcpTransport dial error: (61) Connection refused" peerId=16Uiu2...bHQ8Hg address=/ip4/172.20.10.14/tcp/52288 hostname=172.20.10.14
[2026-10-10 16:11:07.276] [out] [delivery_module] DBG 2026-10-10 16:11:07.276+02:00 Address dial failed                        topics="libp2p dialer" tid=19681635 err="TcpTransport dial error: (61) Connection refused" peerId=16Uiu2...s3TSyR address=/ip4/172.20.10.14/tcp/57736 hostname=172.20.10.14
[2026-10-10 16:11:07.276] [out] [delivery_module] DBG 2026-10-10 16:11:07.276+02:00 Protocol stream establishment failed       topics="libp2p dialer" tid=19681635 err="Unable to establish outgoing link in establishConnection: peer_id=16Uiu2...JuYMPY addrs=[/ip4/172.20.10.14/udp/53720/quic-v1, /ip4/172.20.10.14/tcp/52306]" peerId=16Uiu2...JuYMPY protocols="[/logos/service-discovery/1.0.0]" addresses="[/ip4/172.20.10.14/udp/53720/quic-v1, /ip4/172.20.10.14/tcp/52306]" conn=nil
[2026-10-10 16:11:07.276] [out] [delivery_module] DBG 2026-10-10 16:11:07.276+02:00 Protocol stream establishment failed       topics="libp2p dialer" tid=19681635 err="Unable to establish outgoing link in establishConnection: peer_id=16Uiu2...HZTWbR addrs=[/ip4/172.20.10.14/udp/56528/quic-v1, /ip4/172.20.10.14/tcp/57915]" peerId=16Uiu2...HZTWbR protocols="[/logos/service-discovery/1.0.0]" addresses="[/ip4/172.20.10.14/udp/56528/quic-v1, /ip4/172.20.10.14/tcp/57915]" conn=nil
[2026-10-10 16:11:07.276] [out] [delivery_module] DBG 2026-10-10 16:11:07.276+02:00 Peer dial started                          topics="libp2p dialer" tid=19681635 peerId=16Uiu2...JuYMPY addresses="[/ip4/172.20.10.14/udp/53720/quic-v1, /ip4/172.20.10.14/tcp/52306]"
[2026-10-10 16:11:07.276] [out] [delivery_module] DBG 2026-10-10 16:11:07.276+02:00 New connection established: client         tid=19681635
[2026-10-10 16:11:07.277] [out] [delivery_module] DBG 2026-10-10 16:11:07.277+02:00 Peer dial started                          topics="libp2p dialer" tid=19681635 peerId=16Uiu2...HZTWbR addresses="[/ip4/172.20.10.14/udp/56528/quic-v1, /ip4/172.20.10.14/tcp/57915]"
[2026-10-10 16:11:07.277] [out] [delivery_module] DBG 2026-10-10 16:11:07.277+02:00 New connection established: client         tid=19681635
[2026-10-10 16:11:07.277] [out] [delivery_module] DBG 2026-10-10 16:11:07.277+02:00 Protocol stream establishment failed       topics="libp2p dialer" tid=19681635 err="Unable to establish outgoing link in establishConnection: peer_id=16Uiu2...bHQ8Hg addrs=[/ip4/172.20.10.14/udp/57136/quic-v1, /ip4/172.20.10.14/tcp/52288]" peerId=16Uiu2...bHQ8Hg protocols="[/logos/service-discovery/1.0.0]" addresses="[/ip4/172.20.10.14/udp/57136/quic-v1, /ip4/172.20.10.14/tcp/52288]" conn=nil
[2026-10-10 16:11:07.277] [out] [delivery_module] DBG 2026-10-10 16:11:07.277+02:00 Peer dial started                          topics="libp2p dialer" tid=19681635 peerId=16Uiu2...bHQ8Hg addresses="[/ip4/172.20.10.14/udp/57136/quic-v1, /ip4/172.20.10.14/tcp/52288]"
[2026-10-10 16:11:07.277] [out] [delivery_module] DBG 2026-10-10 16:11:07.277+02:00 New connection established: client         tid=19681635
[2026-10-10 16:11:07.277] [out] [delivery_module] DBG 2026-10-10 16:11:07.277+02:00 Protocol stream establishment failed       topics="libp2p dialer" tid=19681635 err="Unable to establish outgoing link in establishConnection: peer_id=16Uiu2...s3TSyR addrs=[/ip4/172.20.10.14/udp/63140/quic-v1, /ip4/172.20.10.14/tcp/57736]" peerId=16Uiu2...s3TSyR protocols="[/logos/service-discovery/1.0.0]" addresses="[/ip4/172.20.10.14/udp/63140/quic-v1, /ip4/172.20.10.14/tcp/57736]" conn=nil
[2026-10-10 16:11:07.277] [out] [delivery_module] DBG 2026-10-10 16:11:07.277+02:00 Peer dial started                          topics="libp2p dialer" tid=19681635 peerId=16Uiu2...s3TSyR addresses="[/ip4/172.20.10.14/udp/63140/quic-v1, /ip4/172.20.10.14/tcp/57736]"
[2026-10-10 16:11:07.277] [out] [delivery_module] DBG 2026-10-10 16:11:07.277+02:00 New connection established: client         tid=19681635
[2026-10-10 16:11:07.635] [out] [delivery_module] DBG 2026-10-10 16:11:07.635+02:00 Message propagated via Mix                 topics="send service mix processor" tid=19681635 requestId=e2a1e0c00637a7d3955e msgHash=0x7757ff645471add7d4f9865c83d124a37f45bc0a2bc1ec443d26ed6e6a4ba67d
[2026-10-10 16:11:07.636] [out] [delivery_module] INF 2026-10-10 16:11:07.636+02:00 Message successfully propagated            topics="send service" tid=19681635 requestId=e2a1e0c00637a7d3955e msgHash=withheld
[2026-10-10 16:11:07.636] [out] [delivery_module] INF 2026-10-10 16:11:07.636+02:00 Message successfully sent over mix         topics="send service" tid=19681635 requestId=e2a1e0c00637a7d3955e
[QmlInspector] Client disconnected
