run-logos-standalone-ui: hot-reloading QML from <repo>/src/qml
  (export DEV_QML_PATH to override, or LOGOS_QML_HOT_RELOAD=0 to disable)
Session directory: "~/Library/Application Support/Logos/LogosStandalone"
[2026-10-10 16:10:51.586] [info] [logos] Granting host services to 'capability_module': token_registry,token_delivery
[2026-10-10 16:10:51.617] [out] [capability_module] [2026-10-10 16:10:51.616] [info] Granting host services to capability_module: ["token_registry","token_delivery"]
RemoteTransportConnection: Connecting to registry: "local:logos_capability_module_c19bb6dbf102" at "16:10:51.618"
RemoteTransportConnection: Registry connect attempt started (no peer contact yet): "local:logos_capability_module_c19bb6dbf102"
LogosAPIConsumer: Informing module token for module: "capability_module" with token: "redacted:4a8d5469…"
RemoteTransportConnection: Requesting object: "capability_module" at "16:10:51.618"
[LogosObject] RemoteTransportConnection: returning RemoteLogosObject for: "capability_module"
[LogosObject] Created RemoteLogosObject wrapping QRemoteObjectReplica 105553178956000
[LogosObject] LogosAPIConsumer: calling LogosObject::informModuleToken for "capability_module"
LogosAPIConsumer: informModuleToken completed with result: true
[LogosObject] Destroying RemoteLogosObject 0
[2026-10-10 16:10:51.640] [info] [logos] Module loaded: capability_module
LogosAPIConsumer: Informing module token for module: "modules_state" with token: "redacted:b9286145…"
RemoteTransportConnection: Requesting object: "capability_module" at "16:10:51.671"
[LogosObject] RemoteTransportConnection: returning RemoteLogosObject for: "capability_module"
[LogosObject] Created RemoteLogosObject wrapping QRemoteObjectReplica 105553178920512
[LogosObject] LogosAPIConsumer: calling LogosObject::informModuleToken for "modules_state"
LogosAPIConsumer: informModuleToken completed with result: true
[LogosObject] Destroying RemoteLogosObject 0
[2026-10-10 16:10:51.671] [info] [logos] Module loaded: modules_state
RemoteTransportConnection: Connecting to registry: "local:logos_modules_state_c19bb6dbf102" at "16:10:51.672"
RemoteTransportConnection: Registry connect attempt started (no peer contact yet): "local:logos_modules_state_c19bb6dbf102"
RemoteTransportConnection: Connecting to registry: "local:logos_capability_module_c19bb6dbf102" at "16:10:51.672"
RemoteTransportConnection: Registry connect attempt started (no peer contact yet): "local:logos_capability_module_c19bb6dbf102"
LogosAPIConsumer: '"modules_state"::""' deferred pending the module becoming reachable
LogosAPIConsumer: '"modules_state"::""' deferred pending the module becoming reachable
Logos Core started (modules dir: "/nix/store/gxna1vv93drk0r01vph163c8q3dw4ng4-logos-forum_module-plugin-dir-modules" )
Set app icon from metadata: "/nix/store/wd83ygnz6jpfs1xvl899azdz7a723s4n-logos-forum_module-plugin-dir/src/icons/icon.png"
[2026-10-10 16:10:51.734] [info] [logos] [delivery_module] DeliveryModuleImpl: Initializing...
LogosAPIConsumer: Informing module token for module: "delivery_module" with token: "redacted:b925f8c2…"
RemoteTransportConnection: Requesting object: "capability_module" at "16:10:51.735"
[LogosObject] RemoteTransportConnection: returning RemoteLogosObject for: "capability_module"
[LogosObject] Created RemoteLogosObject wrapping QRemoteObjectReplica 105553178920256
[LogosObject] LogosAPIConsumer: calling LogosObject::informModuleToken for "delivery_module"
LogosAPIConsumer: informModuleToken completed with result: true
[LogosObject] Destroying RemoteLogosObject 0
[2026-10-10 16:10:51.735] [info] [logos] Module loaded: delivery_module
RemoteTransportConnection: Connecting to registry: "local:logos_delivery_module_c19bb6dbf102" at "16:10:51.736"
RemoteTransportConnection: Registry connect attempt started (no peer contact yet): "local:logos_delivery_module_c19bb6dbf102"
RemoteTransportConnection: Connecting to registry: "local:logos_capability_module_c19bb6dbf102" at "16:10:51.736"
RemoteTransportConnection: Registry connect attempt started (no peer contact yet): "local:logos_capability_module_c19bb6dbf102"
LogosAPIConsumer: '"delivery_module"::""' deferred pending the module becoming reachable
LogosAPIClient: getToken for module: "modules_state"
LogosAPIClient: Found token for module: "modules_state"
RemoteTransportConnection: Requesting object: "modules_state" at "16:10:51.736"
[LogosObject] RemoteTransportConnection: returning RemoteLogosObject for: "modules_state"
[LogosObject] Created RemoteLogosObject wrapping QRemoteObjectReplica 105553178889184
[LogosObject] LogosAPIConsumer: async calling via LogosObject::callMethodAsync "note_transition"
[LogosObject] RemoteLogosObject::callMethodAsync "note_transition" args: 7
LogosAPIClient: getToken for module: "modules_state"
LogosAPIClient: Found token for module: "modules_state"
[LogosObject] LogosAPIConsumer: async calling via LogosObject::callMethodAsync "note_transition"
[LogosObject] RemoteLogosObject::callMethodAsync "note_transition" args: 7
Loaded dependency (with transitive deps): "delivery_module"
[2026-10-10 16:10:51.775] [info] [logos] [storage_module] StorageModuleImpl: Initializing...
LogosAPIConsumer: Informing module token for module: "storage_module" with token: "redacted:81936e83…"
RemoteTransportConnection: Requesting object: "capability_module" at "16:10:51.776"
[LogosObject] Created RemoteLogosObject wrapping QRemoteObjectReplica 105553178921920
LogosAPIClient: invoking remote method "modules_state" "apply_snapshot" args_count: 1
LogosAPIClient: getToken for module: "modules_state"
LogosAPIClient: Found token for module: "modules_state"
LogosAPIConsumer: Calling invokeRemoteMethod: "modules_state" "apply_snapshot" args_count: 1 timeout: 20000
[LogosObject] LogosAPIConsumer: calling via LogosObject::callMethod "apply_snapshot"
[LogosObject] RemoteLogosObject::callMethod "apply_snapshot" args: 1
[LogosObject] Created RemoteLogosObject wrapping QRemoteObjectReplica 105553178892128
LogosAPIClient: getToken for module: "modules_state"
LogosAPIClient: Found token for module: "modules_state"
[LogosObject] LogosAPIConsumer: async calling via LogosObject::callMethodAsync "note_transition"
[LogosObject] RemoteLogosObject::callMethodAsync "note_transition" args: 7
LogosAPIClient: getToken for module: "modules_state"
LogosAPIClient: Found token for module: "modules_state"
[LogosObject] LogosAPIConsumer: async calling via LogosObject::callMethodAsync "note_transition"
[LogosObject] RemoteLogosObject::callMethodAsync "note_transition" args: 7
[2026-10-10 16:10:51.778] [info] [logos] Pushed module snapshot to modules_state
LogosAPIClient: getToken for module: "modules_state"
LogosAPIClient: Found token for module: "modules_state"
[LogosObject] LogosAPIConsumer: async calling via LogosObject::callMethodAsync "note_transition"
[LogosObject] RemoteLogosObject::callMethodAsync "note_transition" args: 7
[LogosObject] RemoteTransportConnection: returning RemoteLogosObject for: "capability_module"
[LogosObject] Created RemoteLogosObject wrapping QRemoteObjectReplica 105553178889216
[LogosObject] LogosAPIConsumer: calling LogosObject::informModuleToken for "storage_module"
LogosAPIConsumer: informModuleToken completed with result: true
[LogosObject] Destroying RemoteLogosObject 0
[2026-10-10 16:10:51.778] [info] [logos] Module loaded: storage_module
RemoteTransportConnection: Connecting to registry: "local:logos_storage_module_c19bb6dbf102" at "16:10:51.779"
RemoteTransportConnection: Registry connect attempt started (no peer contact yet): "local:logos_storage_module_c19bb6dbf102"
RemoteTransportConnection: Connecting to registry: "local:logos_capability_module_c19bb6dbf102" at "16:10:51.779"
RemoteTransportConnection: Registry connect attempt started (no peer contact yet): "local:logos_capability_module_c19bb6dbf102"
LogosAPIConsumer: '"storage_module"::""' deferred pending the module becoming reachable
LogosAPIClient: getToken for module: "modules_state"
LogosAPIClient: Found token for module: "modules_state"
[LogosObject] LogosAPIConsumer: async calling via LogosObject::callMethodAsync "note_transition"
[LogosObject] RemoteLogosObject::callMethodAsync "note_transition" args: 7
Loaded dependency (with transitive deps): "storage_module"
DEV_QML_PATH override active: <repo>/src/qml/Main.qml
RemoteTransportConnection: Connecting to registry: "local:logos_capability_module_c19bb6dbf102" at "16:10:51.779"
RemoteTransportConnection: Registry connect attempt started (no peer contact yet): "local:logos_capability_module_c19bb6dbf102"
LogosAPIConsumer: Informing module token for module: "forum_module" with token: "redacted:f3233a79…"
RemoteTransportConnection: Requesting object: "capability_module" at "16:10:51.779"
[LogosObject] RemoteTransportConnection: returning RemoteLogosObject for: "capability_module"
[LogosObject] Created RemoteLogosObject wrapping QRemoteObjectReplica 105553178924512
[LogosObject] LogosAPIConsumer: calling LogosObject::informModuleToken for "forum_module"
[LogosObject] Created RemoteLogosObject wrapping QRemoteObjectReplica 105553178923520
LogosAPIClient: getToken for module: "modules_state"
LogosAPIClient: Found token for module: "modules_state"
[LogosObject] LogosAPIConsumer: async calling via LogosObject::callMethodAsync "note_transition"
[LogosObject] RemoteLogosObject::callMethodAsync "note_transition" args: 7
LogosAPIConsumer: informModuleToken completed with result: true
[LogosObject] Destroying RemoteLogosObject 0
qt.qpa.fonts: Populating font family aliases took 41 ms. Replace uses of missing font family "Public Sans" with one that exists to avoid this cost. 
Loaded UI plugin: "/nix/store/wd83ygnz6jpfs1xvl899azdz7a723s4n-logos-forum_module-plugin-dir"
[QmlInspector] Inspector server listening on port 3769
[QmlInspector] Client connected from "::1"
[2026-10-10 16:11:00.212] [warning] [logos] [capability_module] Warning: QObject::connect: No such signal ::eventResponse(QString,QVariantList)
[2026-10-10 16:11:00.213] [info] [logos] [delivery_module] DeliveryModuleImpl::getNodeInfo called with nodeInfoId: MyPeerId
[2026-10-10 16:11:00.213] [info] [logos] [delivery_module] DeliveryModuleImpl: Cannot get node info - context not initialized. Call createNode first.
[2026-10-10 16:11:00.214] [info] [logos] [delivery_module] DeliveryModuleImpl::createNode called
[2026-10-10 16:11:00.288] [info] [logos] [delivery_module] DeliveryModuleImpl: Waiting for createNode callback...
[2026-10-10 16:11:00.293] [out] [delivery_module] DBG 2026-10-10 16:11:00.293+02:00 Whether to mount storeSync is not specified, defaulting to not mounting topics="waku conf builder" tid=19681634
[2026-10-10 16:11:00.293] [out] [delivery_module] NTC 2026-10-10 16:11:00.293+02:00 No node key provided, generated a new one; identity will not persist across restarts topics="waku conf builder" tid=19681634
[2026-10-10 16:11:00.293] [out] [delivery_module] INF 2026-10-10 16:11:00.293+02:00 Sharding configuration:                    topics="waku conf builder" tid=19681634 shardingConf="(kind: AutoSharding, numShardsInCluster: 8)" subscribeShards="@[0, 1, 2, 3, 4, 5, 6, 7]"
[2026-10-10 16:11:00.295] [out] [delivery_module] WRN 2026-10-10 16:11:00.295+02:00 configuration flag ignored                 topics="waku cli args" tid=19681634 detail="--websocket-port is ignored: --websocket-support is not enabled"
[2026-10-10 16:11:00.295] [out] [delivery_module] INF 2026-10-10 16:11:00.295+02:00 Configuration: Enabled protocols           topics="waku conf" tid=19681634 relay=true rlnRelay=false store=false filter=true lightPush=true peerExchange=true rendezvous=true
[2026-10-10 16:11:00.295] [out] [delivery_module] INF 2026-10-10 16:11:00.295+02:00 Configuration. Network                     topics="waku conf" tid=19681634 cluster=3
[2026-10-10 16:11:00.295] [out] [delivery_module] DBG 2026-10-10 16:11:00.295+02:00 Configuration. Active Relay Shards         topics="waku conf" tid=19681634 shard=0
[2026-10-10 16:11:00.295] [out] [delivery_module] DBG 2026-10-10 16:11:00.295+02:00 Configuration. Active Relay Shards         topics="waku conf" tid=19681634 shard=1
[2026-10-10 16:11:00.295] [out] [delivery_module] DBG 2026-10-10 16:11:00.295+02:00 Configuration. Active Relay Shards         topics="waku conf" tid=19681634 shard=2
[2026-10-10 16:11:00.295] [out] [delivery_module] DBG 2026-10-10 16:11:00.295+02:00 Configuration. Active Relay Shards         topics="waku conf" tid=19681634 shard=3
[2026-10-10 16:11:00.296] [out] [delivery_module] DBG 2026-10-10 16:11:00.295+02:00 Configuration. Active Relay Shards         topics="waku conf" tid=19681634 shard=4
[2026-10-10 16:11:00.296] [out] [delivery_module] DBG 2026-10-10 16:11:00.295+02:00 Configuration. Active Relay Shards         topics="waku conf" tid=19681634 shard=5
[2026-10-10 16:11:00.296] [out] [delivery_module] DBG 2026-10-10 16:11:00.295+02:00 Configuration. Active Relay Shards         topics="waku conf" tid=19681634 shard=6
[2026-10-10 16:11:00.296] [out] [delivery_module] DBG 2026-10-10 16:11:00.295+02:00 Configuration. Active Relay Shards         topics="waku conf" tid=19681634 shard=7
[2026-10-10 16:11:00.298] [out] [delivery_module] INF 2026-10-10 16:11:00.295+02:00 Setting up storage                         tid=19681634
[2026-10-10 16:11:00.298] [out] [delivery_module] INF 2026-10-10 16:11:00.295+02:00 Initializing node                          tid=19681634
[2026-10-10 16:11:00.298] [out] [delivery_module] INF 2026-10-10 16:11:00.296+02:00 Setting up NATService                      topics="libp2p natservice" tid=19681634 portMapping=true reachability=false holePunching=false
[2026-10-10 16:11:00.298] [out] [delivery_module] INF 2026-10-10 16:11:00.297+02:00 Initializing networking                    tid=19681634 addrs="@[/ip4/0.0.0.0/tcp/0, /ip4/0.0.0.0/udp/0/quic-v1]"
[2026-10-10 16:11:00.298] [out] [delivery_module] INF 2026-10-10 16:11:00.297+02:00 Mounting protocols                         tid=19681634
[2026-10-10 16:11:00.298] [out] [delivery_module] INF 2026-10-10 16:11:00.297+02:00 Created WakuMetadata protocol              topics="waku node" tid=19681634 clusterId=3 shards="[0, 1, 2, 3, 4, 5, 6, 7]"
[2026-10-10 16:11:00.298] [out] [delivery_module] INF 2026-10-10 16:11:00.297+02:00 Mounting mix protocol                      topics="waku node" tid=19681634INF 2026-10-10 16:11:00.297+02:00 node info                                  topics="waku node" tid=19681634 wakuInfo="(listenAddresses: [/ip4/0.0.0.0/tcp/0/p2p/16Uiu2HAmT1naVYSVK99kVrnZ8M65ExGxF3uQfe17AeBTGFV8NBt8, /ip4/0.0.0.0/udp/0/quic-v1/p2p/16Uiu2HAmT1naVYSVK99kVrnZ8M65ExGxF3uQfe17AeBTGFV8NBt8], enrUri: enr:-JO4QHwkl_NLzb0YKi22vDYZa9QJuT18w-cUJGNEVlHcRQ6uTCxq8bL9wxQn28moaAh1NhFLz2xDhEL48XMWEefT5bMBgmlkgnY0gnJzkwADCAAAAAEAAgADAAQABQAGAAeJc2VjcDI1NmsxoQPVV4C-lsBukx4dwMSOsGAGIKJ8yPbe-2oLspQtHfmcNYV3YWt1Mi0, mixPubKey: none())"
[2026-10-10 16:11:00.298] [out] [delivery_module]  nodeId="(listenAddresses: [/ip4/0.0.0.0/tcp/0/p2p/16Uiu2HAmT1naVYSVK99kVrnZ8M65ExGxF3uQfe17AeBTGFV8NBt8, /ip4/0.0.0.0/udp/0/quic-v1/p2p/16Uiu2HAmT1naVYSVK99kVrnZ8M65ExGxF3uQfe17AeBTGFV8NBt8], enrUri: enr:-JO4QHwkl_NLzb0YKi22vDYZa9QJuT18w-cUJGNEVlHcRQ6uTCxq8bL9wxQn28moaAh1NhFLz2xDhEL48XMWEefT5bMBgmlkgnY0gnJzkwADCAAAAAEAAgADAAQABQAGAAeJc2VjcDI1NmsxoQPVV4C-lsBukx4dwMSOsGAGIKJ8yPbe-2oLspQtHfmcNYV3YWt1Mi0, mixPubKey: none())"
[2026-10-10 16:11:00.298] [out] [delivery_module] INF 2026-10-10 16:11:00.297+02:00 local addr                                 topics="waku node" tid=19681634 localaddr=/ip4/0.0.0.0/tcp/0
[2026-10-10 16:11:00.298] [out] [delivery_module] INF 2026-10-10 16:11:00.297+02:00 mixPubKey                                  topics="waku node" tid=19681634 mixPubKey="[206, 227, 218, 168, 52, 35, 230, 81, 76, 59, 131, 11, 75, 77, 109, 126, 13, 124, 108, 183, 7, 126, 213, 241, 235, 175, 211, 143, 184, 251, 6, 73]"
[2026-10-10 16:11:00.299] [out] [delivery_module] INF 2026-10-10 16:11:00.298+02:00 Using mix bootstrap nodes                  topics="waku mix" tid=19681634 entries=0 poolSize=0
[2026-10-10 16:11:00.299] [out] [delivery_module] INF 2026-10-10 16:11:00.298+02:00 Mix cannot publish yet, waiting for more mix nodes topics="waku node" tid=19681634 poolSize=0 required=4
[2026-10-10 16:11:00.300] [out] [delivery_module] INF 2026-10-10 16:11:00.300+02:00 mounting store client                      topics="waku node store api" tid=19681634
[2026-10-10 16:11:00.300] [out] [delivery_module] INF 2026-10-10 16:11:00.300+02:00 Mounting auto sharding                     topics="waku node" tid=19681634 clusterId=3 shardCount=8
[2026-10-10 16:11:00.300] [out] [delivery_module] DBG 2026-10-10 16:11:00.300+02:00 Setting max message size                   tid=19681634 num_bytes=153600
[2026-10-10 16:11:00.300] [out] [delivery_module] INF 2026-10-10 16:11:00.300+02:00 mounting relay protocol                    topics="waku node relay api" tid=19681634
[2026-10-10 16:11:00.300] [out] [delivery_module] DBG 2026-10-10 16:11:00.300+02:00 relay mounted successfully                 topics="waku node relay api" tid=19681634
[2026-10-10 16:11:00.300] [out] [delivery_module] DBG 2026-10-10 16:11:00.300+02:00 Adding validator to signed shards          tid=19681634 protectedShards=[] clusterId=3
[2026-10-10 16:11:00.300] [out] [delivery_module] INF 2026-10-10 16:11:00.300+02:00 Mounting rendezvous discovery protocol     topics="waku node" tid=19681634
[2026-10-10 16:11:00.301] [out] [delivery_module] INF 2026-10-10 16:11:00.300+02:00 Waku rendezvous initialized                topics="waku node" tid=19681634 clusterId=3 shards="[0, 1, 2, 3, 4, 5, 6, 7]" capabilities="[Relay, Filter, Lightpush, Mix]" wakuPeerRecord="(peerId: 16Uiu2...V8NBt8, seqNo: 1791641460, addresses: [/ip4/0.0.0.0/tcp/0, /ip4/0.0.0.0/udp/0/quic-v1], mixKey: 0xcee3daa83423e6514c3b830b4b4d6d7e0d7c6cb7077ed5f1ebafd38fb8fb0649)"
[2026-10-10 16:11:00.301] [out] [delivery_module] INF 2026-10-10 16:11:00.301+02:00 Mounting rendezvous client                 topics="waku node" tid=19681634
[2026-10-10 16:11:00.301] [out] [delivery_module] INF 2026-10-10 16:11:00.301+02:00 Waku rendezvous client initialized         topics="waku node" tid=19681634 clusterId=3
[2026-10-10 16:11:00.302] [out] [delivery_module] INF 2026-10-10 16:11:00.301+02:00 mounting libp2p ping protocol              topics="waku node ping api" tid=19681634
[2026-10-10 16:11:00.302] [out] [delivery_module] INF 2026-10-10 16:11:00.302+02:00 No RLN backend configured; RLN is off      tid=19681634
[2026-10-10 16:11:00.302] [out] [delivery_module] INF 2026-10-10 16:11:00.302+02:00 mounting light push                        topics="waku node lightpush api" tid=19681634
[2026-10-10 16:11:00.302] [out] [delivery_module] INF 2026-10-10 16:11:00.302+02:00 mounting lightpush with relay              topics="waku node lightpush api" tid=19681634
[2026-10-10 16:11:00.302] [out] [delivery_module] DBG 2026-10-10 16:11:00.302+02:00 lightpush mounted successfully             topics="waku node lightpush api" tid=19681634
[2026-10-10 16:11:00.302] [out] [delivery_module] INF 2026-10-10 16:11:00.302+02:00 mounting legacy light push                 topics="waku node lightpush api" tid=19681634
[2026-10-10 16:11:00.302] [out] [delivery_module] INF 2026-10-10 16:11:00.302+02:00 mounting legacy lightpush with relay       topics="waku node lightpush api" tid=19681634
[2026-10-10 16:11:00.302] [out] [delivery_module] DBG 2026-10-10 16:11:00.302+02:00 legacy lightpush mounted successfully      topics="waku node lightpush api" tid=19681634
[2026-10-10 16:11:00.302] [out] [delivery_module] INF 2026-10-10 16:11:00.302+02:00 mounting light push client                 topics="waku node lightpush api" tid=19681634
[2026-10-10 16:11:00.302] [out] [delivery_module] INF 2026-10-10 16:11:00.302+02:00 mounting legacy light push client          topics="waku node lightpush api" tid=19681634
[2026-10-10 16:11:00.302] [out] [delivery_module] INF 2026-10-10 16:11:00.302+02:00 mounting filter protocol                   topics="waku node filter api" tid=19681634
[2026-10-10 16:11:00.304] [out] [delivery_module] INF 2026-10-10 16:11:00.302+02:00 Starting filter protocol                   topics="waku filter" tid=19681634
[2026-10-10 16:11:00.304] [out] [delivery_module] DBG 2026-10-10 16:11:00.302+02:00 Starting to maintain subscriptions         topics="waku filter" tid=19681634
[2026-10-10 16:11:00.304] [out] [delivery_module] DBG 2026-10-10 16:11:00.302+02:00 Maintaining subscriptions                  topics="waku filter" tid=19681634
[2026-10-10 16:11:00.304] [out] [delivery_module] DBG 2026-10-10 16:11:00.302+02:00 Cleanup                                    topics="waku filter subscriptions" tid=19681634 currentPeerIds=[]
[2026-10-10 16:11:00.304] [out] [delivery_module] DBG 2026-10-10 16:11:00.302+02:00 After cleanup                              topics="waku filter subscriptions" tid=19681634 currentPeerIds=[]
[2026-10-10 16:11:00.304] [out] [delivery_module] INF 2026-10-10 16:11:00.302+02:00 mounting filter client                     topics="waku node filter api" tid=19681634
[2026-10-10 16:11:00.304] [out] [delivery_module] INF 2026-10-10 16:11:00.302+02:00 mounting waku peer exchange                topics="waku node peerexchange api" tid=19681634
[2026-10-10 16:11:00.304] [out] [delivery_module] INF 2026-10-10 16:11:00.302+02:00 mounting waku peer exchange client         topics="waku node peerexchange api" tid=19681634
[2026-10-10 16:11:00.304] [out] [delivery_module] INF 2026-10-10 16:11:00.302+02:00 No external callbacks to be set            topics="wakunode waku" tid=19681634
[2026-10-10 16:11:00.304] [out] [delivery_module] INF 2026-10-10 16:11:00.302+02:00 Setting up AutonatService                  topics="libp2p autonatservice" tid=19681634
[2026-10-10 16:11:00.304] [out] [delivery_module] INF 2026-10-10 16:11:00.302+02:00 Messaging API settings                     topics="logosdelivery" tid=19681634 reliability=true anonymityLevel=Required rateLimitEnabled=false rateLimitEpochPeriodSec=600 rateLimitMessagesPerEpoch=1 maxParkedAgeSec=1800 sendQueueCapacity=1000 backfillEnabled=true backfillRequestTimeout=10s
[2026-10-10 16:11:00.304] [info] [logos] [delivery_module] DeliveryModuleImpl::createNode callback called with ret: 0
[2026-10-10 16:11:00.310] [info] [logos] [delivery_module] DeliveryModuleImpl: Delivery context created successfully
[2026-10-10 16:11:00.312] [info] [logos] [delivery_module] DeliveryModuleImpl::start called
[2026-10-10 16:11:00.312] [info] [logos] [delivery_module] DeliveryModuleImpl::getNodeInfo called with nodeInfoId: MyPeerId
[2026-10-10 16:11:00.312] [out] [delivery_module] INF 2026-10-10 16:11:00.312+02:00 Retrieve dynamic bootstrap nodes           topics="wakunode waku" tid=19681634
[2026-10-10 16:11:00.312] [out] [delivery_module] INF 2026-10-10 16:11:00.312+02:00 Running nwaku node                         tid=19681634 version=v0.39.0-g3a478e
[2026-10-10 16:11:00.312] [out] [delivery_module] INF 2026-10-10 16:11:00.312+02:00 Starting Waku node                         topics="waku node" tid=19681634 version=v0.39.0-g3a478e
[2026-10-10 16:11:00.313] [out] [delivery_module] DBG 2026-10-10 16:11:00.312+02:00 Waku rendezvous periodic requests started  topics="waku rendezvous client" tid=19681634 interval=10s
[2026-10-10 16:11:00.313] [out] [delivery_module] INF 2026-10-10 16:11:00.312+02:00 Waku rendezvous client started             topics="waku rendezvous client" tid=19681634
[2026-10-10 16:11:00.313] [out] [delivery_module] INF 2026-10-10 16:11:00.312+02:00 Starting switch for peer                   topics="libp2p switch" tid=19681634 peerInfo="(peerId: 16Uiu2HAmT1naVYSVK99kVrnZ8M65ExGxF3uQfe17AeBTGFV8NBt8, listenAddrs: [/ip4/0.0.0.0/tcp/0, /ip4/0.0.0.0/udp/0/quic-v1], addrs: [], protocols: [/ipfs/id/1.0.0, /libp2p/autonat/1.0.0, /libp2p/circuit/relay/0.2.0/hop, /vac/waku/metadata/1.0.0, /mix/1.0.0, /logos/service-discovery/1.0.0, /vac/waku/relay/2.0.0, /vac/waku/rendezvous/1.0.0, /ipfs/ping/1.0.0, /vac/waku/lightpush/3.0.0, /vac/waku/lightpush/2.0.0-beta1, /vac/waku/filter-subscribe/2.0.0-beta1, /vac/waku/filter-push/2.0.0-beta1, /vac/waku/peer-exchange/2.0.0-alpha1], protoVersion: ipfs/0.1.0, agentVersion: logos-delivery-v0.39.0-g3a478e)"
[2026-10-10 16:11:00.313] [out] [delivery_module] INF 2026-10-10 16:11:00.313+02:00 Starting NATService                        topics="libp2p natservice" tid=19681634
[2026-10-10 16:11:00.313] [out] [delivery_module] INF 2026-10-10 16:11:00.313+02:00 Running AutonatService                     topics="libp2p autonatservice" tid=19681634
[2026-10-10 16:11:00.314] [out] [delivery_module] DBG 2026-10-10 16:11:00.314+02:00 No private listen addresses to map; releasing any prior mappings topics="libp2p natservice" tid=19681634
[2026-10-10 16:11:00.315] [out] [delivery_module] INF 2026-10-10 16:11:00.315+02:00 Starting TCP transport                     topics="libp2p tcptransport" tid=19681634
[2026-10-10 16:11:00.315] [out] [delivery_module] INF 2026-10-10 16:11:00.315+02:00 Transport starting                         topics="libp2p transport" tid=19681634 addresses=[/ip4/0.0.0.0/tcp/50403]
[2026-10-10 16:11:00.318] [out] [delivery_module] DBG 2026-10-10 16:11:00.318+02:00 Configured QUIC UDP receive buffer         tid=19681634 requestedBytes=8388608 effectiveBytes=8388608
[2026-10-10 16:11:00.321] [out] [delivery_module] INF 2026-10-10 16:11:00.321+02:00 Transport starting                         topics="libp2p transport" tid=19681634 addresses=[/ip4/0.0.0.0/udp/52304/quic-v1]
[2026-10-10 16:11:00.321] [out] [delivery_module] DBG 2026-10-10 16:11:00.321+02:00 Transport connection acceptance started    topics="libp2p switch" tid=19681634
[2026-10-10 16:11:00.321] [out] [delivery_module] DBG 2026-10-10 16:11:00.321+02:00 Transport connection acceptance started    topics="libp2p switch" tid=19681634
[2026-10-10 16:11:00.326] [info] [logos] [delivery_module] DeliveryModuleImpl::subscribe called with contentTopic: /lp0026forum/1/general/text
[2026-10-10 16:11:00.326] [out] [delivery_module] DBG 2026-10-10 16:11:00.326+02:00 Subscribing to pubsub topic                topics="waku relay" tid=19681634 pubsubTopic=/waku/2/rs/3/7
[2026-10-10 16:11:00.328] [info] [logos] [delivery_module] DeliveryModuleImpl: Subscribe completed for topic: /lp0026forum/1/general/text with success
[2026-10-10 16:11:00.352] [out] [delivery_module] INF 2026-10-10 16:11:00.352+02:00 Using mix bootstrap nodes                  topics="waku mix" tid=19681634 entries=1 poolSize=1
[2026-10-10 16:11:00.352] [out] [delivery_module] INF 2026-10-10 16:11:00.352+02:00 Using mix bootstrap nodes                  topics="waku mix" tid=19681634 entries=1 poolSize=2
[2026-10-10 16:11:00.352] [out] [delivery_module] INF 2026-10-10 16:11:00.352+02:00 Using mix bootstrap nodes                  topics="waku mix" tid=19681634 entries=1 poolSize=3
[2026-10-10 16:11:00.352] [out] [delivery_module] INF 2026-10-10 16:11:00.352+02:00 Using mix bootstrap nodes                  topics="waku mix" tid=19681634 entries=1 poolSize=4
[2026-10-10 16:11:00.360] [out] [delivery_module] INF 2026-10-10 16:11:00.359+02:00 Using mix bootstrap nodes                  topics="waku mix" tid=19681634 entries=1 poolSize=5
[2026-10-10 16:11:00.364] [out] [delivery_module] INF 2026-10-10 16:11:00.364+02:00 Using mix bootstrap nodes                  topics="waku mix" tid=19681634 entries=1 poolSize=6
[2026-10-10 16:11:02.324] [out] [delivery_module] WRN 2026-10-10 16:11:02.324+02:00 NAT port mapping failed                    topics="libp2p natservice" tid=19681634 port=50403 protocol=mpTcp err="plum: mapping 0 failed"
[2026-10-10 16:11:03.326] [out] [delivery_module] WRN 2026-10-10 16:11:03.326+02:00 NAT port mapping failed                    topics="libp2p natservice" tid=19681634 port=52304 protocol=mpUdp err="plum: mapping 0 failed"
[2026-10-10 16:11:03.327] [out] [delivery_module] INF 2026-10-10 16:11:03.327+02:00 Mix self hop set                           topics="waku node" tid=19681634 hop=/ip4/172.20.10.14/tcp/50403 before=/ip4/0.0.0.0/tcp/0
[2026-10-10 16:11:03.327] [out] [delivery_module] DBG 2026-10-10 16:11:03.327+02:00 ENR addresses updated                      topics="waku enr" tid=19681634 retained=0 total=0
[2026-10-10 16:11:03.329] [out] [delivery_module] DBG 2026-10-10 16:11:03.328+02:00 Peer dial started                          topics="libp2p dialer" tid=19681634 peerId=16Uiu2...T3UNSE addresses="[/ip4/43.99.103.10/tcp/30303, /dns4/delivery-02.ac-cn-hongkong-c.logos.dev.status.im/tcp/30303]"
[2026-10-10 16:11:03.329] [out] [delivery_module] DBG 2026-10-10 16:11:03.329+02:00 Peer dial started                          topics="libp2p dialer" tid=19681634 peerId=16Uiu2...P1S397 addresses="[/ip4/136.119.156.87/tcp/30303, /dns4/delivery-01.gc-us-central1-a.logos.dev.status.im/tcp/30303]"
[2026-10-10 16:11:03.329] [out] [delivery_module] DBG 2026-10-10 16:11:03.329+02:00 Peer dial started                          topics="libp2p dialer" tid=19681634 peerId=16Uiu2...VpJprH addresses="[/ip4/174.138.106.244/tcp/30303, /dns4/delivery-02.do-ams3.logos.dev.status.im/tcp/30303]"
[2026-10-10 16:11:03.329] [out] [delivery_module] DBG 2026-10-10 16:11:03.329+02:00 Peer dial started                          topics="libp2p dialer" tid=19681634 peerId=16Uiu2...kGyuEP addresses="[/ip4/47.242.130.189/tcp/30303, /dns4/delivery-01.ac-cn-hongkong-c.logos.dev.status.im/tcp/30303]"
[2026-10-10 16:11:03.330] [out] [delivery_module] DBG 2026-10-10 16:11:03.330+02:00 Peer dial started                          topics="libp2p dialer" tid=19681634 peerId=16Uiu2...NSkuby addresses="[/ip4/138.68.122.137/tcp/30303, /dns4/delivery-01.do-ams3.logos.dev.status.im/tcp/30303]"
[2026-10-10 16:11:03.330] [out] [delivery_module] DBG 2026-10-10 16:11:03.330+02:00 Peer dial started                          topics="libp2p dialer" tid=19681634 peerId=16Uiu2...TwqBiH addresses="[/ip4/34.123.201.25/tcp/30303, /dns4/delivery-02.gc-us-central1-a.logos.dev.status.im/tcp/30303]"
[2026-10-10 16:11:03.330] [out] [delivery_module] INF 2026-10-10 16:11:03.330+02:00 Kademlia DHT started                       topics="kad-dht" tid=19681634
[2026-10-10 16:11:03.330] [out] [delivery_module] DBG 2026-10-10 16:11:03.330+02:00 Publishing Signed XPR                      topics="service-discovery" tid=19681634 xpr="(envelope: (publicKey: secp256k1 key (04d55780be96c06e931e1dc0c48eb0600620a27cc8f6defb6a0bb2942d1df99c350ccab44e800e7fdc215c2a47619817ac2586453b157e3d6c48a7625fd88a51c9), payloadType: @[3, 1], payload: @[10, 39, 0, 37, 8, 2, 18, 33, 3, 213, 87, 128, 190, 150, 192, 110, 147, 30, 29, 192, 196, 142, 176, 96, 6, 32, 162, 124, 200, 246, 222, 251, 106, 11, 178, 148, 45, 29, 249, 156, 53, 16, 135, 179, 18, 26, 10, 10, 8, 4, 172, 20, 10, 14, 6, 196, 227, 26, 13, 10, 11, 4, 172, 20, 10, 14, 145, 2, 204, 80, 205, 3], signature: 3045022100922FADDB0B70B31DF7E8C0766892BB45B34C51FCA3177188CDBC42A2FF7B3BE00220469EA77FB48DD20849460E26269BAAF35828DC2B0D2722F4E9844760B8941B9E), data: (peerId: 16Uiu2HAmT1naVYSVK99kVrnZ8M65ExGxF3uQfe17AeBTGFV8NBt8, seqNo: 301447, addresses: @[(address: /ip4/172.20.10.14/tcp/50403), (address: /ip4/172.20.10.14/udp/52304/quic-v1)], services: @[]))"
[2026-10-10 16:11:03.331] [out] [delivery_module] INF 2026-10-10 16:11:03.331+02:00 Service Discovery started                  topics="service-discovery" tid=19681634
[2026-10-10 16:11:03.331] [out] [delivery_module] INF 2026-10-10 16:11:03.331+02:00 start                                      topics="waku relay" tid=19681634
[2026-10-10 16:11:03.331] [out] [delivery_module] INF 2026-10-10 16:11:03.331+02:00 gossipsub start                            topics="libp2p gossipsub" tid=19681634
[2026-10-10 16:11:03.331] [out] [delivery_module] DBG 2026-10-10 16:11:03.331+02:00 No mesh peer for the given pubsub topic    topics="waku relay" tid=19681634 pubsubTopic=/waku/2/rs/3/7
[2026-10-10 16:11:03.331] [out] [delivery_module] DBG 2026-10-10 16:11:03.331+02:00 Waku rendezvous periodic registration started topics="waku rendezvous" tid=19681634 interval=10s
[2026-10-10 16:11:03.331] [out] [delivery_module] INF 2026-10-10 16:11:03.331+02:00 Waku rendezvous discovery started          topics="waku rendezvous" tid=19681634
[2026-10-10 16:11:03.331] [out] [delivery_module] INF 2026-10-10 16:11:03.331+02:00 Started libp2p node                        topics="libp2p switch" tid=19681634 peerId="(peerId: 16Uiu2HAmT1naVYSVK99kVrnZ8M65ExGxF3uQfe17AeBTGFV8NBt8, listenAddrs: [/ip4/0.0.0.0/tcp/50403, /ip4/0.0.0.0/udp/52304/quic-v1], addrs: [/ip4/172.20.10.14/tcp/50403, /ip4/172.20.10.14/udp/52304/quic-v1], protocols: [/ipfs/id/1.0.0, /libp2p/autonat/1.0.0, /libp2p/circuit/relay/0.2.0/hop, /vac/waku/metadata/1.0.0, /mix/1.0.0, /logos/service-discovery/1.0.0, /vac/waku/relay/2.0.0, /vac/waku/rendezvous/1.0.0, /ipfs/ping/1.0.0, /vac/waku/lightpush/3.0.0, /vac/waku/lightpush/2.0.0-beta1, /vac/waku/filter-subscribe/2.0.0-beta1, /vac/waku/filter-push/2.0.0-beta1, /vac/waku/peer-exchange/2.0.0-alpha1], protoVersion: ipfs/0.1.0, agentVersion: logos-delivery-v0.39.0-g3a478e)"
[2026-10-10 16:11:03.331] [out] [delivery_module] DBG 2026-10-10 16:11:03.331+02:00 ENR addresses updated                      topics="waku enr" tid=19681634 retained=0 total=0
[2026-10-10 16:11:03.331] [out] [delivery_module] INF 2026-10-10 16:11:03.331+02:00 Announced addresses resolved               topics="waku node" tid=19681634 addrs="@[/ip4/172.20.10.14/tcp/50403, /ip4/172.20.10.14/udp/52304/quic-v1]"
[2026-10-10 16:11:03.331] [out] [delivery_module] INF 2026-10-10 16:11:03.331+02:00 Random kademlia lookups disabled           topics="waku service discovery" tid=19681634
[2026-10-10 16:11:03.331] [out] [delivery_module] DBG 2026-10-10 16:11:03.331+02:00 Periodic service lookup started            topics="waku service discovery" tid=19681634 interval=1m services={}
[2026-10-10 16:11:03.331] [out] [delivery_module] INF 2026-10-10 16:11:03.331+02:00 Kademlia discovery started                 topics="waku service discovery" tid=19681634
[2026-10-10 16:11:03.332] [out] [delivery_module] INF 2026-10-10 16:11:03.332+02:00 Discovery ENR initialized                  topics="eth p2p discv5" tid=19681634 enrAutoUpdate=false seqNum=4 ip=none() tcpPort=none() udpPort=none() customEnrFields=@[] uri=enr:-Ka4QA2IoINpJIrjINbt2fLFFty10_UJONarSvtNtGrFbn5eDmoUOMUIxWZFnEoiWShi_EI6AsaDBK7ImPjPzfV5jJMEgmlkgnY0im11bHRpYWRkcnOAgnJzkwADCAAAAAEAAgADAAQABQAGAAeJc2VjcDI1NmsxoQPVV4C-lsBukx4dwMSOsGAGIKJ8yPbe-2oLspQtHfmcNYN0Y3CCxOOFd2FrdTIt
[2026-10-10 16:11:03.332] [out] [delivery_module] WRN 2026-10-10 16:11:03.332+02:00 No external IP provided for the ENR, this node will not be discoverable topics="eth p2p discv5" tid=19681634
[2026-10-10 16:11:03.332] [out] [delivery_module] DBG 2026-10-10 16:11:03.332+02:00 peer filtering updated                     topics="waku discv5" tid=19681634
[2026-10-10 16:11:03.332] [out] [delivery_module] INF 2026-10-10 16:11:03.332+02:00 Starting discovery v5 service              topics="waku discv5" tid=19681634
[2026-10-10 16:11:03.332] [out] [delivery_module] INF 2026-10-10 16:11:03.332+02:00 Start listening on udp port                topics="waku discv5" tid=19681634 address=0.0.0.0 port=54349
[2026-10-10 16:11:03.332] [out] [delivery_module] INF 2026-10-10 16:11:03.332+02:00 Starting discovery node                    topics="eth p2p discv5" tid=19681634 node=fc*ae9afc:unaddressable bindAddress=0.0.0.0:54349
[2026-10-10 16:11:03.332] [out] [delivery_module] DBG 2026-10-10 16:11:03.332+02:00 Total nodes in routing table after populate topics="eth p2p discv5" tid=19681634 total=0
[2026-10-10 16:11:03.332] [out] [delivery_module] DBG 2026-10-10 16:11:03.332+02:00 Starting discovery v5 search               topics="waku discv5" tid=19681634
[2026-10-10 16:11:03.332] [out] [delivery_module] DBG 2026-10-10 16:11:03.332+02:00 Successfully started discovery v5 service  topics="waku discv5" tid=19681634
[2026-10-10 16:11:03.332] [out] [delivery_module] INF 2026-10-10 16:11:03.332+02:00 Discv5: discoverable ENR                   topics="waku discv5" tid=19681634 enrUri=enr:-Ka4QA2IoINpJIrjINbt2fLFFty10_UJONarSvtNtGrFbn5eDmoUOMUIxWZFnEoiWShi_EI6AsaDBK7ImPjPzfV5jJMEgmlkgnY0im11bHRpYWRkcnOAgnJzkwADCAAAAAEAAgADAAQABQAGAAeJc2VjcDI1NmsxoQPVV4C-lsBukx4dwMSOsGAGIKJ8yPbe-2oLspQtHfmcNYN0Y3CCxOOFd2FrdTIt enr="(4, id: \"v4\", multiaddrs: 0x, rs: 0x00030800000001000200030004000500060007, secp256k1: 0x03D55780BE96C06E931E1DC0C48EB0600620A27CC8F6DEFB6A0BB2942D1DF99C35, tcp: 50403, waku2: 0x2D)"
[2026-10-10 16:11:03.332] [out] [delivery_module] INF 2026-10-10 16:11:03.332+02:00 Node started successfully                  topics="waku node" tid=19681634
[2026-10-10 16:11:03.332] [out] [delivery_module] DBG 2026-10-10 16:11:03.332+02:00 Dialing multiple peers                     tid=19681634 numOfPeers=6 nodes="@[\"/dns4/delivery-01.do-ams3.logos.dev.status.im/tcp/30303/p2p/16Uiu2HAmTUbnxLGT9JvV6mu9oPyDjqHK4Phs1VDJNUgESgNSkuby\", \"/dns4/delivery-02.do-ams3.logos.dev.status.im/tcp/30303/p2p/16Uiu2HAmMK7PYygBtKUQ8EHp7EfaD3bCEsJrkFooK8RQ2PVpJprH\", \"/dns4/delivery-01.gc-us-central1-a.logos.dev.status.im/tcp/30303/p2p/16Uiu2HAm4S1JYkuzDKLKQvwgAhZKs9otxXqt8SCGtB4hoJP1S397\", \"/dns4/delivery-02.gc-us-central1-a.logos.dev.status.im/tcp/30303/p2p/16Uiu2HAm8Y9kgBNtjxvCnf1X6gnZJW5EGE4UwwCL3CCm55TwqBiH\", \"/dns4/delivery-01.ac-cn-hongkong-c.logos.dev.status.im/tcp/30303/p2p/16Uiu2HAm8YokiNun9BkeA1ZRmhLbtNUvcwRr64F69tYj9fkGyuEP\", \"/dns4/delivery-02.ac-cn-hongkong-c.logos.dev.status.im/tcp/30303/p2p/16Uiu2HAkvwhGHKNry6LACrB8TmEFoCJKEX29XR5dDUzk3UT3UNSE\"]"
[2026-10-10 16:11:03.669] [out] [delivery_module] DBG 2026-10-10 16:11:03.669+02:00 created new pubsub peer                    topics="libp2p pubsub" tid=19681634 peerId=16Uiu2...NSkuby
[2026-10-10 16:11:03.669] [out] [delivery_module] DBG 2026-10-10 16:11:03.669+02:00 no listener registered                     tid=19681637 event=onConnectionChange
[2026-10-10 16:11:03.669] [out] [delivery_module] DBG 2026-10-10 16:11:03.669+02:00 created new pubsub peer                    topics="libp2p pubsub" tid=19681634 peerId=16Uiu2...VpJprH
[2026-10-10 16:11:03.669] [out] [delivery_module] DBG 2026-10-10 16:11:03.669+02:00 no listener registered                     tid=19681637 event=onConnectionChange
[2026-10-10 16:11:03.688] [out] [delivery_module] DBG 2026-10-10 16:11:03.687+02:00 Incoming WakuRelay connection              topics="waku relay" tid=19681634 connection=16Uiu2...NSkuby:6aca477796f407125655b2f8 protocol=/vac/waku/relay/2.0.0
[2026-10-10 16:11:03.688] [out] [delivery_module] DBG 2026-10-10 16:11:03.688+02:00 Incoming WakuRelay connection              topics="waku relay" tid=19681634 connection=16Uiu2...VpJprH:6aca477796f407125655b2fa protocol=/vac/waku/relay/2.0.0
[2026-10-10 16:11:03.806] [out] [delivery_module] DBG 2026-10-10 16:11:03.806+02:00 Event identified                           topics="waku node peer_manager" tid=19681634 peerId=16Uiu2...VpJprH
[2026-10-10 16:11:03.806] [out] [delivery_module] DBG 2026-10-10 16:11:03.806+02:00 no listener registered                     tid=19681637 event=onConnectionChange
[2026-10-10 16:11:03.806] [out] [delivery_module] DBG 2026-10-10 16:11:03.806+02:00 Event identified                           topics="waku node peer_manager" tid=19681634 peerId=16Uiu2...NSkuby
[2026-10-10 16:11:03.806] [out] [delivery_module] DBG 2026-10-10 16:11:03.806+02:00 no listener registered                     tid=19681637 event=onConnectionChange
[2026-10-10 16:11:03.889] [out] [delivery_module] DBG 2026-10-10 16:11:03.889+02:00 Received WakuMetadata request              topics="waku metadata" tid=19681634 remoteClusterId=ok(3) remoteShards="[5, 0, 2, 1, 4, 7, 3, 6]" localClusterId=3 localShards="[7]" peer=16Uiu2...NSkuby
[2026-10-10 16:11:03.889] [out] [delivery_module] DBG 2026-10-10 16:11:03.889+02:00 Received WakuMetadata request              topics="waku metadata" tid=19681634 remoteClusterId=ok(3) remoteShards="[5, 0, 2, 1, 4, 7, 3, 6]" localClusterId=3 localShards="[7]" peer=16Uiu2...VpJprH
[2026-10-10 16:11:04.000] [out] [delivery_module] DBG 2026-10-10 16:11:04.000+02:00 no listener registered                     tid=19681637 event=onConnectionChange
[2026-10-10 16:11:04.006] [out] [delivery_module] DBG 2026-10-10 16:11:04.006+02:00 no listener registered                     tid=19681637 event=onConnectionChange
[2026-10-10 16:11:04.098] [out] [delivery_module] DBG 2026-10-10 16:11:04.098+02:00 created new pubsub peer                    topics="libp2p pubsub" tid=19681634 peerId=16Uiu2...P1S397
[2026-10-10 16:11:04.098] [out] [delivery_module] DBG 2026-10-10 16:11:04.098+02:00 no listener registered                     tid=19681637 event=onConnectionChange
[2026-10-10 16:11:04.098] [out] [delivery_module] DBG 2026-10-10 16:11:04.098+02:00 Incoming WakuRelay connection              topics="waku relay" tid=19681634 connection=16Uiu2...P1S397:6aca477896f407125655b305 protocol=/vac/waku/relay/2.0.0
[2026-10-10 16:11:04.288] [out] [delivery_module] DBG 2026-10-10 16:11:04.288+02:00 Event identified                           topics="waku node peer_manager" tid=19681634 peerId=16Uiu2...P1S397
[2026-10-10 16:11:04.288] [out] [delivery_module] DBG 2026-10-10 16:11:04.288+02:00 no listener registered                     tid=19681637 event=onConnectionChange
[2026-10-10 16:11:04.382] [out] [delivery_module] DBG 2026-10-10 16:11:04.382+02:00 Peer dial started                          topics="libp2p dialer" tid=19681634 peerId=16Uiu2...HZTWbR addresses="[/ip4/172.20.10.14/udp/56528/quic-v1, /ip4/172.20.10.14/tcp/57915]"
[2026-10-10 16:11:04.383] [out] [delivery_module] DBG 2026-10-10 16:11:04.383+02:00 New connection established: client         tid=19681634
[2026-10-10 16:11:04.385] [out] [delivery_module] DBG 2026-10-10 16:11:04.384+02:00 Peer dial started                          topics="libp2p dialer" tid=19681634 peerId=16Uiu2...BjtNZZ addresses=[/ip4/173.42.114.210/tcp/46341]
[2026-10-10 16:11:04.385] [out] [delivery_module] DBG 2026-10-10 16:11:04.384+02:00 Peer dial started                          topics="libp2p dialer" tid=19681634 peerId=16Uiu2...s3TSyR addresses="[/ip4/172.20.10.14/udp/63140/quic-v1, /ip4/172.20.10.14/tcp/57736]"
[2026-10-10 16:11:04.385] [out] [delivery_module] DBG 2026-10-10 16:11:04.384+02:00 New connection established: client         tid=19681634
[2026-10-10 16:11:04.385] [out] [delivery_module] DBG 2026-10-10 16:11:04.384+02:00 Peer dial started                          topics="libp2p dialer" tid=19681634 peerId=16Uiu2...bHQ8Hg addresses="[/ip4/172.20.10.14/udp/57136/quic-v1, /ip4/172.20.10.14/tcp/52288]"
[2026-10-10 16:11:04.385] [out] [delivery_module] DBG 2026-10-10 16:11:04.384+02:00 New connection established: client         tid=19681634
[2026-10-10 16:11:04.385] [out] [delivery_module] DBG 2026-10-10 16:11:04.385+02:00 Peer dial started                          topics="libp2p dialer" tid=19681634 peerId=16Uiu2...JuYMPY addresses="[/ip4/172.20.10.14/udp/53720/quic-v1, /ip4/172.20.10.14/tcp/52306]"
[2026-10-10 16:11:04.385] [out] [delivery_module] DBG 2026-10-10 16:11:04.385+02:00 New connection established: client         tid=19681634
[2026-10-10 16:11:04.385] [out] [delivery_module] DBG 2026-10-10 16:11:04.385+02:00 Peer dial started                          topics="libp2p dialer" tid=19681634 peerId=16Uiu2...TaWeKu addresses="[/ip4/172.20.10.14/udp/54671/quic-v1, /ip4/172.20.10.14/tcp/58681]"
[2026-10-10 16:11:04.385] [out] [delivery_module] DBG 2026-10-10 16:11:04.385+02:00 New connection established: client         tid=19681634
[2026-10-10 16:11:04.386] [out] [delivery_module] DBG 2026-10-10 16:11:04.386+02:00 Peer dial started                          topics="libp2p dialer" tid=19681634 peerId=16Uiu2...BGbc3h addresses="[/ip4/172.20.10.14/udp/62748/quic-v1, /ip4/172.20.10.14/tcp/57735]"
[2026-10-10 16:11:04.386] [out] [delivery_module] DBG 2026-10-10 16:11:04.386+02:00 New connection established: client         tid=19681634
[2026-10-10 16:11:04.386] [out] [delivery_module] DBG 2026-10-10 16:11:04.386+02:00 Peer dial started                          topics="libp2p dialer" tid=19681634 peerId=16Uiu2...hijbaN addresses="[/ip4/172.20.10.14/udp/64349/quic-v1, /ip4/172.20.10.14/tcp/58842]"
[2026-10-10 16:11:04.386] [out] [delivery_module] DBG 2026-10-10 16:11:04.386+02:00 New connection established: client         tid=19681634
[2026-10-10 16:11:04.387] [out] [delivery_module] DBG 2026-10-10 16:11:04.387+02:00 Peer dial started                          topics="libp2p dialer" tid=19681634 peerId=16Uiu2...NmmnVv addresses="[/ip4/143.105.219.245/udp/60401/quic-v1, /ip4/143.105.219.245/tcp/61976]"
[2026-10-10 16:11:04.388] [out] [delivery_module] DBG 2026-10-10 16:11:04.388+02:00 New connection established: client         tid=19681634
[2026-10-10 16:11:04.391] [out] [delivery_module] DBG 2026-10-10 16:11:04.391+02:00 Peer dial started                          topics="libp2p dialer" tid=19681634 peerId=16Uiu2...sR6GDs addresses="[/ip4/100.126.175.80/udp/56339/quic-v1, /ip4/100.126.175.80/tcp/49964]"
[2026-10-10 16:11:04.391] [out] [delivery_module] DBG 2026-10-10 16:11:04.391+02:00 New connection established: client         tid=19681634
[2026-10-10 16:11:04.395] [out] [delivery_module] DBG 2026-10-10 16:11:04.395+02:00 created new pubsub peer                    topics="libp2p pubsub" tid=19681634 peerId=16Uiu2...T3UNSE
[2026-10-10 16:11:04.395] [out] [delivery_module] DBG 2026-10-10 16:11:04.395+02:00 no listener registered                     tid=19681637 event=onConnectionChange
[2026-10-10 16:11:04.395] [out] [delivery_module] DBG 2026-10-10 16:11:04.395+02:00 created new pubsub peer                    topics="libp2p pubsub" tid=19681634 peerId=16Uiu2...kGyuEP
[2026-10-10 16:11:04.395] [out] [delivery_module] DBG 2026-10-10 16:11:04.395+02:00 no listener registered                     tid=19681637 event=onConnectionChange
[2026-10-10 16:11:04.395] [out] [delivery_module] DBG 2026-10-10 16:11:04.395+02:00 Incoming WakuRelay connection              topics="waku relay" tid=19681634 connection=16Uiu2...T3UNSE:6aca477896f407125655b30d protocol=/vac/waku/relay/2.0.0
[2026-10-10 16:11:04.395] [out] [delivery_module] DBG 2026-10-10 16:11:04.395+02:00 Incoming WakuRelay connection              topics="waku relay" tid=19681634 connection=16Uiu2...kGyuEP:6aca477896f407125655b30f protocol=/vac/waku/relay/2.0.0
[2026-10-10 16:11:04.447] [out] [delivery_module] DBG 2026-10-10 16:11:04.447+02:00 Received WakuMetadata request              topics="waku metadata" tid=19681634 remoteClusterId=ok(3) remoteShards="[5, 0, 2, 1, 4, 7, 3, 6]" localClusterId=3 localShards="[7]" peer=16Uiu2...P1S397
[2026-10-10 16:11:04.689] [out] [delivery_module] DBG 2026-10-10 16:11:04.689+02:00 no listener registered                     tid=19681637 event=onConnectionChange
[2026-10-10 16:11:04.727] [out] [delivery_module] DBG 2026-10-10 16:11:04.727+02:00 Event identified                           topics="waku node peer_manager" tid=19681634 peerId=16Uiu2...kGyuEP
[2026-10-10 16:11:04.727] [out] [delivery_module] DBG 2026-10-10 16:11:04.727+02:00 no listener registered                     tid=19681637 event=onConnectionChange
[2026-10-10 16:11:04.942] [out] [delivery_module] DBG 2026-10-10 16:11:04.942+02:00 Event identified                           topics="waku node peer_manager" tid=19681634 peerId=16Uiu2...T3UNSE
[2026-10-10 16:11:04.942] [out] [delivery_module] DBG 2026-10-10 16:11:04.942+02:00 no listener registered                     tid=19681637 event=onConnectionChange
[2026-10-10 16:11:04.970] [out] [delivery_module] DBG 2026-10-10 16:11:04.970+02:00 Received WakuMetadata request              topics="waku metadata" tid=19681634 remoteClusterId=ok(3) remoteShards="[5, 0, 2, 1, 4, 7, 3, 6]" localClusterId=3 localShards="[7]" peer=16Uiu2...kGyuEP
[2026-10-10 16:11:05.037] [out] [delivery_module] DBG 2026-10-10 16:11:05.037+02:00 created new pubsub peer                    topics="libp2p pubsub" tid=19681634 peerId=16Uiu2...TwqBiH
[2026-10-10 16:11:05.037] [out] [delivery_module] DBG 2026-10-10 16:11:05.037+02:00 no listener registered                     tid=19681637 event=onConnectionChange
[2026-10-10 16:11:05.043] [out] [delivery_module] DBG 2026-10-10 16:11:05.043+02:00 Incoming WakuRelay connection              topics="waku relay" tid=19681634 connection=16Uiu2...TwqBiH:6aca477996f407125655b31f protocol=/vac/waku/relay/2.0.0
[2026-10-10 16:11:05.051] [out] [delivery_module] DBG 2026-10-10 16:11:05.051+02:00 created new pubsub peer                    topics="libp2p pubsub" tid=19681634 peerId=16Uiu2...BjtNZZ
[2026-10-10 16:11:05.051] [out] [delivery_module] DBG 2026-10-10 16:11:05.051+02:00 no listener registered                     tid=19681637 event=onConnectionChange
[2026-10-10 16:11:05.057] [out] [delivery_module] DBG 2026-10-10 16:11:05.057+02:00 Incoming WakuRelay connection              topics="waku relay" tid=19681634 connection=16Uiu2...BjtNZZ:6aca477996f407125655b325 protocol=/vac/waku/relay/2.0.0
[2026-10-10 16:11:05.059] [out] [delivery_module] DBG 2026-10-10 16:11:05.059+02:00 New connection established: server         tid=19681634
[2026-10-10 16:11:05.060] [out] [delivery_module] DBG 2026-10-10 16:11:05.060+02:00 New stream created                         tid=19681634
[2026-10-10 16:11:05.060] [out] [delivery_module] DBG 2026-10-10 16:11:05.060+02:00 Transport connection accepted              topics="libp2p switch" tid=19681634 conn=:6aca477996f407125655b327
[2026-10-10 16:11:05.060] [out] [delivery_module] DBG 2026-10-10 16:11:05.060+02:00 created new pubsub peer                    topics="libp2p pubsub" tid=19681634 peerId=16Uiu2...rfgs65
[2026-10-10 16:11:05.060] [out] [delivery_module] DBG 2026-10-10 16:11:05.060+02:00 Creating stream                            tid=19681634
[2026-10-10 16:11:05.060] [out] [delivery_module] DBG 2026-10-10 16:11:05.060+02:00 New stream created                         tid=19681634
[2026-10-10 16:11:05.060] [out] [delivery_module] DBG 2026-10-10 16:11:05.060+02:00 no listener registered                     tid=19681637 event=onConnectionChange
[2026-10-10 16:11:05.060] [out] [delivery_module] DBG 2026-10-10 16:11:05.060+02:00 Creating stream                            tid=19681634
[2026-10-10 16:11:05.060] [out] [delivery_module] DBG 2026-10-10 16:11:05.060+02:00 New stream created                         tid=19681634
[2026-10-10 16:11:05.060] [out] [delivery_module] DBG 2026-10-10 16:11:05.060+02:00 Transport connection acceptance started    topics="libp2p switch" tid=19681634
[2026-10-10 16:11:05.060] [out] [delivery_module] DBG 2026-10-10 16:11:05.060+02:00 New stream created                         tid=19681634
[2026-10-10 16:11:05.060] [out] [delivery_module] DBG 2026-10-10 16:11:05.060+02:00 Incoming WakuRelay connection              topics="waku relay" tid=19681634 connection=16Uiu2...rfgs65:6aca477996f407125655b328 protocol=/vac/waku/relay/2.0.0
[2026-10-10 16:11:05.065] [out] [delivery_module] DBG 2026-10-10 16:11:05.065+02:00 Event identified                           topics="waku node peer_manager" tid=19681634 peerId=16Uiu2...rfgs65
[2026-10-10 16:11:05.065] [out] [delivery_module] DBG 2026-10-10 16:11:05.065+02:00 Creating stream                            tid=19681634
[2026-10-10 16:11:05.065] [out] [delivery_module] DBG 2026-10-10 16:11:05.065+02:00 New stream created                         tid=19681634
[2026-10-10 16:11:05.065] [out] [delivery_module] DBG 2026-10-10 16:11:05.065+02:00 no listener registered                     tid=19681637 event=onConnectionChange
[2026-10-10 16:11:05.065] [out] [delivery_module] DBG 2026-10-10 16:11:05.065+02:00 New stream created                         tid=19681634
[2026-10-10 16:11:05.067] [out] [delivery_module] DBG 2026-10-10 16:11:05.067+02:00 Received WakuMetadata request              topics="waku metadata" tid=19681634 remoteClusterId=ok(3) remoteShards="[7]" localClusterId=3 localShards="[7]" peer=16Uiu2...rfgs65
[2026-10-10 16:11:05.067] [out] [delivery_module] DBG 2026-10-10 16:11:05.067+02:00 no listener registered                     tid=19681637 event=onConnectionChange
[2026-10-10 16:11:05.068] [out] [delivery_module] DBG 2026-10-10 16:11:05.068+02:00 New stream created                         tid=19681634
[2026-10-10 16:11:05.071] [out] [delivery_module] DBG 2026-10-10 16:11:05.071+02:00 Creating stream                            tid=19681634
[2026-10-10 16:11:05.071] [out] [delivery_module] DBG 2026-10-10 16:11:05.071+02:00 New stream created                         tid=19681634
[2026-10-10 16:11:05.196] [out] [delivery_module] DBG 2026-10-10 16:11:05.196+02:00 Received WakuMetadata request              topics="waku metadata" tid=19681634 remoteClusterId=ok(3) remoteShards="[5, 0, 2, 1, 4, 7, 3, 6]" localClusterId=3 localShards="[7]" peer=16Uiu2...T3UNSE
[2026-10-10 16:11:05.202] [out] [delivery_module] DBG 2026-10-10 16:11:05.202+02:00 Event identified                           topics="waku node peer_manager" tid=19681634 peerId=16Uiu2...TwqBiH
[2026-10-10 16:11:05.202] [out] [delivery_module] DBG 2026-10-10 16:11:05.202+02:00 no listener registered                     tid=19681637 event=onConnectionChange
[2026-10-10 16:11:05.216] [out] [delivery_module] DBG 2026-10-10 16:11:05.216+02:00 Event identified                           topics="waku node peer_manager" tid=19681634 peerId=16Uiu2...BjtNZZ
[2026-10-10 16:11:05.216] [out] [delivery_module] DBG 2026-10-10 16:11:05.216+02:00 no listener registered                     tid=19681637 event=onConnectionChange
[2026-10-10 16:11:05.323] [out] [delivery_module] WRN 2026-10-10 16:11:05.323+02:00 ffi request still in flight; caller notified via RET_STALE_WARN tid=19681634 reqId=LogosdeliveryStartNodeReq elapsedMs=5000
[2026-10-10 16:11:05.378] [out] [delivery_module] DBG 2026-10-10 16:11:05.378+02:00 Received WakuMetadata request              topics="waku metadata" tid=19681634 remoteClusterId=ok(3) remoteShards="[5, 0, 2, 1, 4, 7, 3, 6]" localClusterId=3 localShards="[7]" peer=16Uiu2...BjtNZZ
[2026-10-10 16:11:05.431] [out] [delivery_module] DBG 2026-10-10 16:11:05.431+02:00 no listener registered                     tid=19681637 event=onConnectionChange
[2026-10-10 16:11:05.514] [out] [delivery_module] DBG 2026-10-10 16:11:05.514+02:00 no listener registered                     tid=19681637 event=onConnectionChange
[2026-10-10 16:11:05.556] [out] [delivery_module] DBG 2026-10-10 16:11:05.555+02:00 no listener registered                     tid=19681637 event=onConnectionChange
[2026-10-10 16:11:05.696] [out] [delivery_module] DBG 2026-10-10 16:11:05.696+02:00 Received WakuMetadata request              topics="waku metadata" tid=19681634 remoteClusterId=ok(3) remoteShards="[5, 0, 2, 1, 4, 7, 3, 6]" localClusterId=3 localShards="[7]" peer=16Uiu2...TwqBiH
[2026-10-10 16:11:05.696] [out] [delivery_module] DBG 2026-10-10 16:11:05.696+02:00 no listener registered                     tid=19681637 event=onConnectionChange
[2026-10-10 16:11:05.696] [out] [delivery_module] DBG 2026-10-10 16:11:05.696+02:00 Finished dialing multiple peers            tid=19681634 successfulConns=6 attempted=6
[2026-10-10 16:11:05.697] [out] [delivery_module] DBG 2026-10-10 16:11:05.696+02:00 Dialing multiple peers                     topics="waku node peer_manager" tid=19681634 numOfPeers=9 nodes="@[16Uiu2HAmDPbttdkejTkQgjb7UL2jZpFs6nJC6F8ZbMqv2nTaWeKu, 16Uiu2HAmUUJaxzkjLqJtAsUJFADKn88qE1EYHUnzvhJWwPBGbc3h, 16Uiu2HAm1MeL9HxBACouZAWXsHDmSwVU2VcV6VZ3UXp1qNNmmnVv, 16Uiu2HAmFRyUMY6bBFLzSuAm9C1CqEj7Dm8Yvv5cRsLLPXbHQ8Hg, 16Uiu2HAmJxDBoxGjP6CTQuQigNstyXUxF8P6ypMyA5jUcss3TSyR, 16Uiu2HAm4mBUgFqkwfcuxo9zTsXDDfh33SrXo3LgHdgyG9sR6GDs, 16Uiu2HAmUxFMimGfqHD7PjLYPtnhZ1K9d5eVmGQZSNzhxmhijbaN, 16Uiu2HAmUPi43VSrBqCKDwJRYXyR4QvoK5dq35zKgN8CWgHZTWbR, 16Uiu2HAm4pwESJJjm9qDBo6jj7vxbBTXfu2rqbZ4y9MDiAJuYMPY]"
[2026-10-10 16:11:05.697] [out] [delivery_module] INF 2026-10-10 16:11:05.697+02:00 Relay peer connections                     topics="waku node peer_manager" tid=19681634 inRelayConns=1/50 outRelayConns=7/25 totalConnections=8/150 notConnectedPeers=9 outsideBackoffPeers=9
[2026-10-10 16:11:05.698] [out] [delivery_module] DBG 2026-10-10 16:11:05.698+02:00 ENR addresses updated                      topics="waku enr" tid=19681634 retained=0 total=0
[2026-10-10 16:11:05.698] [out] [delivery_module] DBG 2026-10-10 16:11:05.698+02:00 Subscribing to pubsub topic                topics="waku relay" tid=19681634 pubsubTopic=/waku/2/rs/3/0
[2026-10-10 16:11:05.698] [out] [delivery_module] DBG 2026-10-10 16:11:05.698+02:00 peer filtering updated                     topics="waku discv5" tid=19681634
[2026-10-10 16:11:05.698] [out] [delivery_module] DBG 2026-10-10 16:11:05.698+02:00 ENR shards updated                         topics="waku discv5" tid=19681634 enrUri=enr:-K24QHtOAcbPnxzwqZnJ3fk1QZcA6H6wA7hT-9B3BAiQ5wfsSZ-eNM19p7D56xVQP7Rfg1Iha-tbL727Wbv5CHRlzccHgmlkgnY0im11bHRpYWRkcnOAgnJzkwADCAAAAAEAAgADAAQABQAGAAeJc2VjcDI1NmsxoQPVV4C-lsBukx4dwMSOsGAGIKJ8yPbe-2oLspQtHfmcNYN0Y3CCxOODdWRwgtRNhXdha3UyLQ add=true
[2026-10-10 16:11:05.698] [out] [delivery_module] DBG 2026-10-10 16:11:05.698+02:00 Subscribing to pubsub topic                topics="waku relay" tid=19681634 pubsubTopic=/waku/2/rs/3/1
[2026-10-10 16:11:05.699] [out] [delivery_module] DBG 2026-10-10 16:11:05.699+02:00 peer filtering updated                     topics="waku discv5" tid=19681634
[2026-10-10 16:11:05.699] [out] [delivery_module] DBG 2026-10-10 16:11:05.699+02:00 ENR shards updated                         topics="waku discv5" tid=19681634 enrUri=enr:-K24QHG7erJ0eEXr83xMp34PhbEXXPdZxq3Sk73n5puYSdk7YZ7eILtNSdVEbjalG9YQ6Egb6FjC7ulEXu2YNSIGtFwIgmlkgnY0im11bHRpYWRkcnOAgnJzkwADCAAAAAEAAgADAAQABQAGAAeJc2VjcDI1NmsxoQPVV4C-lsBukx4dwMSOsGAGIKJ8yPbe-2oLspQtHfmcNYN0Y3CCxOODdWRwgtRNhXdha3UyLQ add=true
[2026-10-10 16:11:05.699] [out] [delivery_module] DBG 2026-10-10 16:11:05.699+02:00 Subscribing to pubsub topic                topics="waku relay" tid=19681634 pubsubTopic=/waku/2/rs/3/2
[2026-10-10 16:11:05.699] [out] [delivery_module] DBG 2026-10-10 16:11:05.699+02:00 peer filtering updated                     topics="waku discv5" tid=19681634
[2026-10-10 16:11:05.699] [out] [delivery_module] DBG 2026-10-10 16:11:05.699+02:00 ENR shards updated                         topics="waku discv5" tid=19681634 enrUri=enr:-K24QDmFEJjhyCDE3yZ8i0idhY8-RvYYvYf4er0MOeswdIGgZswwozrT3ZpmZ53i1UUQIW9w88-s9m2_1tZwuXRS4xIJgmlkgnY0im11bHRpYWRkcnOAgnJzkwADCAAAAAEAAgADAAQABQAGAAeJc2VjcDI1NmsxoQPVV4C-lsBukx4dwMSOsGAGIKJ8yPbe-2oLspQtHfmcNYN0Y3CCxOODdWRwgtRNhXdha3UyLQ add=true
[2026-10-10 16:11:05.699] [out] [delivery_module] DBG 2026-10-10 16:11:05.699+02:00 Subscribing to pubsub topic                topics="waku relay" tid=19681634 pubsubTopic=/waku/2/rs/3/3
[2026-10-10 16:11:05.699] [out] [delivery_module] DBG 2026-10-10 16:11:05.699+02:00 peer filtering updated                     topics="waku discv5" tid=19681634
[2026-10-10 16:11:05.699] [out] [delivery_module] DBG 2026-10-10 16:11:05.699+02:00 ENR shards updated                         topics="waku discv5" tid=19681634 enrUri=enr:-K24QCsCuPt412qqeKKUTDx4dopGFtBvNXNgHiLvtj0UnCBdD1z1YTz0ACF8EQy6IrxUpitnomHOwO5gg-HJC-I1cPMKgmlkgnY0im11bHRpYWRkcnOAgnJzkwADCAAAAAEAAgADAAQABQAGAAeJc2VjcDI1NmsxoQPVV4C-lsBukx4dwMSOsGAGIKJ8yPbe-2oLspQtHfmcNYN0Y3CCxOODdWRwgtRNhXdha3UyLQ add=true
[2026-10-10 16:11:05.699] [out] [delivery_module] DBG 2026-10-10 16:11:05.699+02:00 Subscribing to pubsub topic                topics="waku relay" tid=19681634 pubsubTopic=/waku/2/rs/3/4
[2026-10-10 16:11:05.700] [out] [delivery_module] DBG 2026-10-10 16:11:05.700+02:00 peer filtering updated                     topics="waku discv5" tid=19681634
[2026-10-10 16:11:05.700] [out] [delivery_module] DBG 2026-10-10 16:11:05.700+02:00 ENR shards updated                         topics="waku discv5" tid=19681634 enrUri=enr:-K24QL4jz5cJ3heuzGW0to-RLzAAqQ_Tlgq4ONYKZ17YgU2jbrL4mt2LRw29GG6na-MTaohvhYVuEt53j_FGrBwaF9sLgmlkgnY0im11bHRpYWRkcnOAgnJzkwADCAAAAAEAAgADAAQABQAGAAeJc2VjcDI1NmsxoQPVV4C-lsBukx4dwMSOsGAGIKJ8yPbe-2oLspQtHfmcNYN0Y3CCxOODdWRwgtRNhXdha3UyLQ add=true
[2026-10-10 16:11:05.700] [out] [delivery_module] DBG 2026-10-10 16:11:05.700+02:00 Subscribing to pubsub topic                topics="waku relay" tid=19681634 pubsubTopic=/waku/2/rs/3/5
[2026-10-10 16:11:05.700] [out] [delivery_module] DBG 2026-10-10 16:11:05.700+02:00 peer filtering updated                     topics="waku discv5" tid=19681634
[2026-10-10 16:11:05.700] [out] [delivery_module] DBG 2026-10-10 16:11:05.700+02:00 ENR shards updated                         topics="waku discv5" tid=19681634 enrUri=enr:-K24QP0kX-ZX73uVg4alkS8qAhMX83XTRPHEu0zF55c_KNy8NBrp4m-d3gKMBDAKOhapmIQjHiPxu_uXTUlnTWgBbdsMgmlkgnY0im11bHRpYWRkcnOAgnJzkwADCAAAAAEAAgADAAQABQAGAAeJc2VjcDI1NmsxoQPVV4C-lsBukx4dwMSOsGAGIKJ8yPbe-2oLspQtHfmcNYN0Y3CCxOODdWRwgtRNhXdha3UyLQ add=true
[2026-10-10 16:11:05.700] [out] [delivery_module] DBG 2026-10-10 16:11:05.700+02:00 Subscribing to pubsub topic                topics="waku relay" tid=19681634 pubsubTopic=/waku/2/rs/3/6
[2026-10-10 16:11:05.700] [out] [delivery_module] DBG 2026-10-10 16:11:05.700+02:00 peer filtering updated                     topics="waku discv5" tid=19681634
[2026-10-10 16:11:05.700] [out] [delivery_module] DBG 2026-10-10 16:11:05.700+02:00 ENR shards updated                         topics="waku discv5" tid=19681634 enrUri=enr:-K24QGBnSQH6M6xqcwjRTjrn2Z5-JDoRyPNUOIBmGQ9AnJ02WpmuWiamS9_ZWGuGH5P3L9avNBijV2sYeR5ZzUKtoKQNgmlkgnY0im11bHRpYWRkcnOAgnJzkwADCAAAAAEAAgADAAQABQAGAAeJc2VjcDI1NmsxoQPVV4C-lsBukx4dwMSOsGAGIKJ8yPbe-2oLspQtHfmcNYN0Y3CCxOODdWRwgtRNhXdha3UyLQ add=true
[2026-10-10 16:11:05.700] [out] [delivery_module] NTC 2026-10-10 16:11:05.700+02:00 ENR carries no reachable host, so peers cannot dial this node. Set --nat, --ext-ip, --dns4-domain-name or --ext-multiaddr to advertise one topics="wakunode waku" tid=19681634
[2026-10-10 16:11:05.700] [out] [delivery_module] DBG 2026-10-10 16:11:05.700+02:00 Register interest                          topics="service-disco discoverer" tid=19681634 service=/logos/delivery serviceId=e6738033b5d4...cb0431b2f5d8
[2026-10-10 16:11:05.701] [out] [delivery_module] DBG 2026-10-10 16:11:05.701+02:00 Added service to discover                  topics="waku service discovery" tid=19681634 service=/logos/delivery
[2026-10-10 16:11:05.702] [out] [delivery_module] DBG 2026-10-10 16:11:05.702+02:00 Added provided service                     topics="service-disco advertiser" tid=19681634 service=/logos/delivery serviceId=e6738033b5d4...cb0431b2f5d8
[2026-10-10 16:11:05.702] [out] [delivery_module] DBG 2026-10-10 16:11:05.702+02:00 Creating stream                            tid=19681634
[2026-10-10 16:11:05.702] [out] [delivery_module] DBG 2026-10-10 16:11:05.702+02:00 New stream created                         tid=19681634
[2026-10-10 16:11:05.704] [out] [delivery_module] DBG 2026-10-10 16:11:05.703+02:00 Cannot insert self in routing table        topics="kad-dht rtable" tid=19681634 nodeId=002508021221...942d1df99c35
[2026-10-10 16:11:05.704] [out] [delivery_module] DBG 2026-10-10 16:11:05.704+02:00 Added service to advertise                 topics="waku service discovery" tid=19681634 service=/logos/delivery
[2026-10-10 16:11:05.704] [out] [delivery_module] INF 2026-10-10 16:11:05.704+02:00 advertising this node on the delivery network topics="waku discovery advertise" tid=19681634 backend=service protocols="[/vac/waku/relay/2.0.0, /vac/waku/filter-subscribe/2.0.0-beta1, /vac/waku/lightpush/3.0.0, /mix/1.0.0]"
[2026-10-10 16:11:05.704] [out] [delivery_module] DBG 2026-10-10 16:11:05.704+02:00 Register interest                          topics="service-disco discoverer" tid=19681634 service=/mix/1.0.0 serviceId=913b5c5dbe69...6f90568cea40
[2026-10-10 16:11:05.705] [out] [delivery_module] DBG 2026-10-10 16:11:05.704+02:00 Added service to discover                  topics="waku service discovery" tid=19681634 service=/mix/1.0.0
[2026-10-10 16:11:05.705] [out] [delivery_module] DBG 2026-10-10 16:11:05.705+02:00 Added provided service                     topics="service-disco advertiser" tid=19681634 service=/mix/1.0.0 serviceId=913b5c5dbe69...6f90568cea40
[2026-10-10 16:11:05.705] [out] [delivery_module] DBG 2026-10-10 16:11:05.705+02:00 Creating stream                            tid=19681634
[2026-10-10 16:11:05.705] [out] [delivery_module] DBG 2026-10-10 16:11:05.705+02:00 New stream created                         tid=19681634
[2026-10-10 16:11:05.707] [out] [delivery_module] DBG 2026-10-10 16:11:05.705+02:00 Added service to advertise                 topics="waku service discovery" tid=19681634 service=/mix/1.0.0
[2026-10-10 16:11:05.707] [out] [delivery_module] INF 2026-10-10 16:11:05.705+02:00 advertising this node as a mix node        topics="waku discovery advertise" tid=19681634 backend=service
[2026-10-10 16:11:05.707] [out] [delivery_module] INF 2026-10-10 16:11:05.705+02:00 Node is online                             topics="waku online monitor" tid=19681634
[2026-10-10 16:11:05.707] [out] [delivery_module] INF 2026-10-10 16:11:05.705+02:00 Health monitor loop start                  tid=19681634
[2026-10-10 16:11:05.707] [out] [delivery_module] DBG 2026-10-10 16:11:05.706+02:00 calculateConnectionState                   tid=19681634 relayCount=8 storeClientCount=6 lightpushCount=8 filterCount=8
[2026-10-10 16:11:05.707] [out] [delivery_module] DBG 2026-10-10 16:11:05.706+02:00 connectionStatus change                    tid=19681634 oldstatus=Disconnected newstatus=Connected
[2026-10-10 16:11:05.707] [out] [delivery_module] INF 2026-10-10 16:11:05.707+02:00 starting keepalive                         tid=19681634 randomPeersKeepalive=10s allPeersKeepalive=2m
[2026-10-10 16:11:05.708] [out] [delivery_module] DBG 2026-10-10 16:11:05.708+02:00 no listener registered                     tid=19681637 event=onTopicHealthChange
[2026-10-10 16:11:05.708] [out] [delivery_module] DBG 2026-10-10 16:11:05.708+02:00 no listener registered                     tid=19681637 event=onTopicHealthChange
[2026-10-10 16:11:05.708] [out] [delivery_module] DBG 2026-10-10 16:11:05.708+02:00 no listener registered                     tid=19681637 event=onTopicHealthChange
[2026-10-10 16:11:05.708] [out] [delivery_module] DBG 2026-10-10 16:11:05.708+02:00 no listener registered                     tid=19681637 event=onTopicHealthChange
[2026-10-10 16:11:05.708] [out] [delivery_module] DBG 2026-10-10 16:11:05.708+02:00 no listener registered                     tid=19681637 event=onTopicHealthChange
[2026-10-10 16:11:05.708] [out] [delivery_module] DBG 2026-10-10 16:11:05.708+02:00 no listener registered                     tid=19681637 event=onTopicHealthChange
[2026-10-10 16:11:05.708] [out] [delivery_module] DBG 2026-10-10 16:11:05.708+02:00 no listener registered                     tid=19681637 event=onTopicHealthChange
[2026-10-10 16:11:05.802] [out] [delivery_module] DBG 2026-10-10 16:11:05.802+02:00 New stream created                         tid=19681634
[2026-10-10 16:11:05.803] [out] [delivery_module] DBG 2026-10-10 16:11:05.803+02:00 New stream created                         tid=19681634
[2026-10-10 16:11:05.810] [out] [delivery_module] DBG 2026-10-10 16:11:05.810+02:00 calculateConnectionState                   tid=19681634 relayCount=8 storeClientCount=6 lightpushCount=8 filterCount=8
[2026-10-10 16:11:05.826] [out] [delivery_module] DBG 2026-10-10 16:11:05.826+02:00 Provider found                             topics="service-disco tracker" tid=19681634 serviceId=e6738033b5d4...cb0431b2f5d8 provider=16Uiu2...rfgs65 rank=1 elapsedMs=125 source=FromRegistration
[2026-10-10 16:11:05.826] [out] [delivery_module] DBG 2026-10-10 16:11:05.826+02:00 Provider found                             topics="service-disco tracker" tid=19681634 serviceId=913b5c5dbe69...6f90568cea40 provider=16Uiu2...rfgs65 rank=1 elapsedMs=122 source=FromRegistration
[2026-10-10 16:11:06.733] [out] [delivery_module] INF 2026-10-10 16:11:06.733+02:00 Message received                           tid=19681634 msg_hash=0x7757ff645471add7d4f9865c83d124a37f45bc0a2bc1ec443d26ed6e6a4ba67d contentTopic=/lp0026forum/1/general/text pubsubTopic=/waku/2/rs/3/7 source=live
[2026-10-10 16:11:07.384] [out] [delivery_module] DBG 2026-10-10 16:11:07.384+02:00 Address dial failed                        topics="libp2p dialer" tid=19681634 err="quic dial timed out after 3s" peerId=16Uiu2...HZTWbR address=/ip4/172.20.10.14/udp/56528/quic-v1 hostname=172.20.10.14
[2026-10-10 16:11:07.384] [out] [delivery_module] DBG 2026-10-10 16:11:07.384+02:00 Address dial failed                        topics="libp2p dialer" tid=19681634 err="TcpTransport dial error: (61) Connection refused" peerId=16Uiu2...HZTWbR address=/ip4/172.20.10.14/tcp/57915 hostname=172.20.10.14
[2026-10-10 16:11:07.384] [out] [delivery_module] DBG 2026-10-10 16:11:07.384+02:00 Protocol stream establishment failed       topics="libp2p dialer" tid=19681634 err="Unable to establish outgoing link in establishConnection: peer_id=16Uiu2...HZTWbR addrs=[/ip4/172.20.10.14/udp/56528/quic-v1, /ip4/172.20.10.14/tcp/57915]" peerId=16Uiu2...HZTWbR protocols="[/logos/service-discovery/1.0.0]" addresses="[/ip4/172.20.10.14/udp/56528/quic-v1, /ip4/172.20.10.14/tcp/57915]" conn=nil
[2026-10-10 16:11:07.384] [out] [delivery_module] DBG 2026-10-10 16:11:07.384+02:00 Peer dial started                          topics="libp2p dialer" tid=19681634 peerId=16Uiu2...HZTWbR addresses="[/ip4/172.20.10.14/udp/56528/quic-v1, /ip4/172.20.10.14/tcp/57915]"
[2026-10-10 16:11:07.384] [out] [delivery_module] DBG 2026-10-10 16:11:07.384+02:00 New connection established: client         tid=19681634
[2026-10-10 16:11:07.385] [out] [delivery_module] DBG 2026-10-10 16:11:07.385+02:00 Address dial failed                        topics="libp2p dialer" tid=19681634 err="quic dial timed out after 3s" peerId=16Uiu2...s3TSyR address=/ip4/172.20.10.14/udp/63140/quic-v1 hostname=172.20.10.14
[2026-10-10 16:11:07.385] [out] [delivery_module] DBG 2026-10-10 16:11:07.385+02:00 Address dial failed                        topics="libp2p dialer" tid=19681634 err="quic dial timed out after 3s" peerId=16Uiu2...bHQ8Hg address=/ip4/172.20.10.14/udp/57136/quic-v1 hostname=172.20.10.14
[2026-10-10 16:11:07.385] [out] [delivery_module] DBG 2026-10-10 16:11:07.385+02:00 Address dial failed                        topics="libp2p dialer" tid=19681634 err="TcpTransport dial error: (61) Connection refused" peerId=16Uiu2...s3TSyR address=/ip4/172.20.10.14/tcp/57736 hostname=172.20.10.14
[2026-10-10 16:11:07.385] [out] [delivery_module] DBG 2026-10-10 16:11:07.385+02:00 Address dial failed                        topics="libp2p dialer" tid=19681634 err="quic dial timed out after 3s" peerId=16Uiu2...JuYMPY address=/ip4/172.20.10.14/udp/53720/quic-v1 hostname=172.20.10.14
[2026-10-10 16:11:07.385] [out] [delivery_module] DBG 2026-10-10 16:11:07.385+02:00 Address dial failed                        topics="libp2p dialer" tid=19681634 err="TcpTransport dial error: (61) Connection refused" peerId=16Uiu2...bHQ8Hg address=/ip4/172.20.10.14/tcp/52288 hostname=172.20.10.14
[2026-10-10 16:11:07.385] [out] [delivery_module] DBG 2026-10-10 16:11:07.385+02:00 Protocol stream establishment failed       topics="libp2p dialer" tid=19681634 err="Unable to establish outgoing link in establishConnection: peer_id=16Uiu2...s3TSyR addrs=[/ip4/172.20.10.14/udp/63140/quic-v1, /ip4/172.20.10.14/tcp/57736]" peerId=16Uiu2...s3TSyR protocols="[/logos/service-discovery/1.0.0]" addresses="[/ip4/172.20.10.14/udp/63140/quic-v1, /ip4/172.20.10.14/tcp/57736]" conn=nil
[2026-10-10 16:11:07.385] [out] [delivery_module] DBG 2026-10-10 16:11:07.385+02:00 Peer dial started                          topics="libp2p dialer" tid=19681634 peerId=16Uiu2...s3TSyR addresses="[/ip4/172.20.10.14/udp/63140/quic-v1, /ip4/172.20.10.14/tcp/57736]"
[2026-10-10 16:11:07.386] [out] [delivery_module] DBG 2026-10-10 16:11:07.385+02:00 New connection established: client         tid=19681634
[2026-10-10 16:11:07.386] [out] [delivery_module] DBG 2026-10-10 16:11:07.386+02:00 Protocol stream establishment failed       topics="libp2p dialer" tid=19681634 err="Unable to establish outgoing link in establishConnection: peer_id=16Uiu2...bHQ8Hg addrs=[/ip4/172.20.10.14/udp/57136/quic-v1, /ip4/172.20.10.14/tcp/52288]" peerId=16Uiu2...bHQ8Hg protocols="[/logos/service-discovery/1.0.0]" addresses="[/ip4/172.20.10.14/udp/57136/quic-v1, /ip4/172.20.10.14/tcp/52288]" conn=nil
[2026-10-10 16:11:07.386] [out] [delivery_module] DBG 2026-10-10 16:11:07.386+02:00 Peer dial started                          topics="libp2p dialer" tid=19681634 peerId=16Uiu2...bHQ8Hg addresses="[/ip4/172.20.10.14/udp/57136/quic-v1, /ip4/172.20.10.14/tcp/52288]"
[2026-10-10 16:11:07.386] [out] [delivery_module] DBG 2026-10-10 16:11:07.386+02:00 New connection established: client         tid=19681634
[2026-10-10 16:11:07.386] [out] [delivery_module] DBG 2026-10-10 16:11:07.386+02:00 Address dial failed                        topics="libp2p dialer" tid=19681634 err="TcpTransport dial error: (61) Connection refused" peerId=16Uiu2...JuYMPY address=/ip4/172.20.10.14/tcp/52306 hostname=172.20.10.14
[2026-10-10 16:11:07.386] [out] [delivery_module] DBG 2026-10-10 16:11:07.386+02:00 Address dial failed                        topics="libp2p dialer" tid=19681634 err="quic dial timed out after 3s" peerId=16Uiu2...TaWeKu address=/ip4/172.20.10.14/udp/54671/quic-v1 hostname=172.20.10.14
[2026-10-10 16:11:07.386] [out] [delivery_module] DBG 2026-10-10 16:11:07.386+02:00 Protocol stream establishment failed       topics="libp2p dialer" tid=19681634 err="Unable to establish outgoing link in establishConnection: peer_id=16Uiu2...JuYMPY addrs=[/ip4/172.20.10.14/udp/53720/quic-v1, /ip4/172.20.10.14/tcp/52306]" peerId=16Uiu2...JuYMPY protocols="[/logos/service-discovery/1.0.0]" addresses="[/ip4/172.20.10.14/udp/53720/quic-v1, /ip4/172.20.10.14/tcp/52306]" conn=nil
[2026-10-10 16:11:07.386] [out] [delivery_module] DBG 2026-10-10 16:11:07.386+02:00 Peer dial started                          topics="libp2p dialer" tid=19681634 peerId=16Uiu2...JuYMPY addresses="[/ip4/172.20.10.14/udp/53720/quic-v1, /ip4/172.20.10.14/tcp/52306]"
[2026-10-10 16:11:07.387] [out] [delivery_module] DBG 2026-10-10 16:11:07.387+02:00 New connection established: client         tid=19681634
[2026-10-10 16:11:07.387] [out] [delivery_module] DBG 2026-10-10 16:11:07.387+02:00 Address dial failed                        topics="libp2p dialer" tid=19681634 err="quic dial timed out after 3s" peerId=16Uiu2...BGbc3h address=/ip4/172.20.10.14/udp/62748/quic-v1 hostname=172.20.10.14
[2026-10-10 16:11:07.387] [out] [delivery_module] DBG 2026-10-10 16:11:07.387+02:00 Address dial failed                        topics="libp2p dialer" tid=19681634 err="TcpTransport dial error: (61) Connection refused" peerId=16Uiu2...TaWeKu address=/ip4/172.20.10.14/tcp/58681 hostname=172.20.10.14
[2026-10-10 16:11:07.387] [out] [delivery_module] DBG 2026-10-10 16:11:07.387+02:00 Address dial failed                        topics="libp2p dialer" tid=19681634 err="quic dial timed out after 3s" peerId=16Uiu2...hijbaN address=/ip4/172.20.10.14/udp/64349/quic-v1 hostname=172.20.10.14
[2026-10-10 16:11:07.387] [out] [delivery_module] DBG 2026-10-10 16:11:07.387+02:00 Protocol stream establishment failed       topics="libp2p dialer" tid=19681634 err="Unable to establish outgoing link in establishConnection: peer_id=16Uiu2...TaWeKu addrs=[/ip4/172.20.10.14/udp/54671/quic-v1, /ip4/172.20.10.14/tcp/58681]" peerId=16Uiu2...TaWeKu protocols="[/logos/service-discovery/1.0.0]" addresses="[/ip4/172.20.10.14/udp/54671/quic-v1, /ip4/172.20.10.14/tcp/58681]" conn=nil
[2026-10-10 16:11:07.387] [out] [delivery_module] DBG 2026-10-10 16:11:07.387+02:00 Peer dial started                          topics="libp2p dialer" tid=19681634 peerId=16Uiu2...TaWeKu addresses="[/ip4/172.20.10.14/udp/54671/quic-v1, /ip4/172.20.10.14/tcp/58681]"
[2026-10-10 16:11:07.387] [out] [delivery_module] DBG 2026-10-10 16:11:07.387+02:00 New connection established: client         tid=19681634
[2026-10-10 16:11:07.387] [out] [delivery_module] DBG 2026-10-10 16:11:07.387+02:00 Address dial failed                        topics="libp2p dialer" tid=19681634 err="TcpTransport dial error: (61) Connection refused" peerId=16Uiu2...BGbc3h address=/ip4/172.20.10.14/tcp/57735 hostname=172.20.10.14
[2026-10-10 16:11:07.388] [out] [delivery_module] DBG 2026-10-10 16:11:07.388+02:00 Address dial failed                        topics="libp2p dialer" tid=19681634 err="TcpTransport dial error: (61) Connection refused" peerId=16Uiu2...hijbaN address=/ip4/172.20.10.14/tcp/58842 hostname=172.20.10.14
[2026-10-10 16:11:07.388] [out] [delivery_module] DBG 2026-10-10 16:11:07.388+02:00 Protocol stream establishment failed       topics="libp2p dialer" tid=19681634 err="Unable to establish outgoing link in establishConnection: peer_id=16Uiu2...BGbc3h addrs=[/ip4/172.20.10.14/udp/62748/quic-v1, /ip4/172.20.10.14/tcp/57735]" peerId=16Uiu2...BGbc3h protocols="[/logos/service-discovery/1.0.0]" addresses="[/ip4/172.20.10.14/udp/62748/quic-v1, /ip4/172.20.10.14/tcp/57735]" conn=nil
[2026-10-10 16:11:07.388] [out] [delivery_module] DBG 2026-10-10 16:11:07.388+02:00 Peer dial started                          topics="libp2p dialer" tid=19681634 peerId=16Uiu2...BGbc3h addresses="[/ip4/172.20.10.14/udp/62748/quic-v1, /ip4/172.20.10.14/tcp/57735]"
[2026-10-10 16:11:07.388] [out] [delivery_module] DBG 2026-10-10 16:11:07.388+02:00 New connection established: client         tid=19681634
[2026-10-10 16:11:07.388] [out] [delivery_module] DBG 2026-10-10 16:11:07.388+02:00 Protocol stream establishment failed       topics="libp2p dialer" tid=19681634 err="Unable to establish outgoing link in establishConnection: peer_id=16Uiu2...hijbaN addrs=[/ip4/172.20.10.14/udp/64349/quic-v1, /ip4/172.20.10.14/tcp/58842]" peerId=16Uiu2...hijbaN protocols="[/logos/service-discovery/1.0.0]" addresses="[/ip4/172.20.10.14/udp/64349/quic-v1, /ip4/172.20.10.14/tcp/58842]" conn=nil
[2026-10-10 16:11:07.388] [out] [delivery_module] DBG 2026-10-10 16:11:07.388+02:00 Peer dial started                          topics="libp2p dialer" tid=19681634 peerId=16Uiu2...hijbaN addresses="[/ip4/172.20.10.14/udp/64349/quic-v1, /ip4/172.20.10.14/tcp/58842]"
[2026-10-10 16:11:07.388] [out] [delivery_module] DBG 2026-10-10 16:11:07.388+02:00 New connection established: client         tid=19681634
[2026-10-10 16:11:07.388] [out] [delivery_module] DBG 2026-10-10 16:11:07.388+02:00 Address dial failed                        topics="libp2p dialer" tid=19681634 err="quic dial timed out after 3s" peerId=16Uiu2...NmmnVv address=/ip4/143.105.219.245/udp/60401/quic-v1 hostname=143.105.219.245
[2026-10-10 16:11:07.392] [out] [delivery_module] DBG 2026-10-10 16:11:07.392+02:00 Address dial failed                        topics="libp2p dialer" tid=19681634 err="quic dial timed out after 3s" peerId=16Uiu2...sR6GDs address=/ip4/100.126.175.80/udp/56339/quic-v1 hostname=100.126.175.80
[QmlInspector] Client disconnected
