run-logos-standalone-ui: hot-reloading QML from <repo>/src/qml
  (export DEV_QML_PATH to override, or LOGOS_QML_HOT_RELOAD=0 to disable)
Session directory: "~/Library/Application Support/Logos/LogosStandalone"
[2026-10-01 22:50:01.721] [info] [logos] Granting host services to 'capability_module': token_registry,token_delivery
[2026-10-01 22:50:01.755] [out] [capability_module] [2026-10-01 22:50:01.755] [info] Granting host services to capability_module: ["token_registry","token_delivery"]
RemoteTransportConnection: Connecting to registry: "local:logos_capability_module_d2fd36678957" at "22:50:01.756"
RemoteTransportConnection: Registry connect attempt started (no peer contact yet): "local:logos_capability_module_d2fd36678957"
LogosAPIConsumer: Informing module token for module: "capability_module" with token: "redacted:20abf513…"
RemoteTransportConnection: Requesting object: "capability_module" at "22:50:01.756"
[LogosObject] RemoteTransportConnection: returning RemoteLogosObject for: "capability_module"
[LogosObject] Created RemoteLogosObject wrapping QRemoteObjectReplica 105553130913792
[LogosObject] LogosAPIConsumer: calling LogosObject::informModuleToken for "capability_module"
LogosAPIConsumer: informModuleToken completed with result: true
[LogosObject] Destroying RemoteLogosObject 0
[2026-10-01 22:50:01.778] [info] [logos] Module loaded: capability_module
LogosAPIConsumer: Informing module token for module: "modules_state" with token: "redacted:406a9126…"
RemoteTransportConnection: Requesting object: "capability_module" at "22:50:01.814"
[LogosObject] RemoteTransportConnection: returning RemoteLogosObject for: "capability_module"
[LogosObject] Created RemoteLogosObject wrapping QRemoteObjectReplica 105553130933536
[LogosObject] LogosAPIConsumer: calling LogosObject::informModuleToken for "modules_state"
LogosAPIConsumer: informModuleToken completed with result: true
[LogosObject] Destroying RemoteLogosObject 0
[2026-10-01 22:50:01.815] [info] [logos] Module loaded: modules_state
RemoteTransportConnection: Connecting to registry: "local:logos_modules_state_d2fd36678957" at "22:50:01.815"
RemoteTransportConnection: Registry connect attempt started (no peer contact yet): "local:logos_modules_state_d2fd36678957"
RemoteTransportConnection: Connecting to registry: "local:logos_capability_module_d2fd36678957" at "22:50:01.815"
RemoteTransportConnection: Registry connect attempt started (no peer contact yet): "local:logos_capability_module_d2fd36678957"
LogosAPIConsumer: '"modules_state"::""' deferred pending the module becoming reachable
LogosAPIConsumer: '"modules_state"::""' deferred pending the module becoming reachable
Logos Core started (modules dir: "/nix/store/4v2cj5cr5dlsjb9cl0blr0cds0qf07iv-logos-forum_module-plugin-dir-modules" )
Set app icon from metadata: "/nix/store/4yzrcx4m116p10g92a1mldh59mpd3hq7-logos-forum_module-plugin-dir/src/icons/icon.png"
[2026-10-01 22:50:01.881] [info] [logos] [delivery_module] DeliveryModuleImpl: Initializing...
LogosAPIConsumer: Informing module token for module: "delivery_module" with token: "redacted:fd354ef0…"
RemoteTransportConnection: Requesting object: "capability_module" at "22:50:01.882"
[LogosObject] RemoteTransportConnection: returning RemoteLogosObject for: "capability_module"
[LogosObject] Created RemoteLogosObject wrapping QRemoteObjectReplica 105553130852704
[LogosObject] LogosAPIConsumer: calling LogosObject::informModuleToken for "delivery_module"
LogosAPIConsumer: informModuleToken completed with result: true
[LogosObject] Destroying RemoteLogosObject 0
[2026-10-01 22:50:01.882] [info] [logos] Module loaded: delivery_module
RemoteTransportConnection: Connecting to registry: "local:logos_delivery_module_d2fd36678957" at "22:50:01.882"
RemoteTransportConnection: Registry connect attempt started (no peer contact yet): "local:logos_delivery_module_d2fd36678957"
RemoteTransportConnection: Connecting to registry: "local:logos_capability_module_d2fd36678957" at "22:50:01.882"
RemoteTransportConnection: Registry connect attempt started (no peer contact yet): "local:logos_capability_module_d2fd36678957"
LogosAPIConsumer: '"delivery_module"::""' deferred pending the module becoming reachable
LogosAPIClient: getToken for module: "modules_state"
LogosAPIClient: Found token for module: "modules_state"
RemoteTransportConnection: Requesting object: "modules_state" at "22:50:01.882"
[LogosObject] RemoteTransportConnection: returning RemoteLogosObject for: "modules_state"
[LogosObject] Created RemoteLogosObject wrapping QRemoteObjectReplica 105553130926784
[LogosObject] LogosAPIConsumer: async calling via LogosObject::callMethodAsync "note_transition"
[LogosObject] RemoteLogosObject::callMethodAsync "note_transition" args: 7
LogosAPIClient: getToken for module: "modules_state"
LogosAPIClient: Found token for module: "modules_state"
[LogosObject] LogosAPIConsumer: async calling via LogosObject::callMethodAsync "note_transition"
[LogosObject] RemoteLogosObject::callMethodAsync "note_transition" args: 7
Loaded dependency (with transitive deps): "delivery_module"
[2026-10-01 22:50:01.926] [info] [logos] [storage_module] StorageModuleImpl: Initializing...
LogosAPIConsumer: Informing module token for module: "storage_module" with token: "redacted:84fc84c5…"
RemoteTransportConnection: Requesting object: "capability_module" at "22:50:01.927"
[LogosObject] Created RemoteLogosObject wrapping QRemoteObjectReplica 105553130925600
LogosAPIClient: invoking remote method "modules_state" "apply_snapshot" args_count: 1
LogosAPIClient: getToken for module: "modules_state"
LogosAPIClient: Found token for module: "modules_state"
LogosAPIConsumer: Calling invokeRemoteMethod: "modules_state" "apply_snapshot" args_count: 1 timeout: 20000
[LogosObject] LogosAPIConsumer: calling via LogosObject::callMethod "apply_snapshot"
[LogosObject] RemoteLogosObject::callMethod "apply_snapshot" args: 1
[LogosObject] Created RemoteLogosObject wrapping QRemoteObjectReplica 105553130926528
LogosAPIClient: getToken for module: "modules_state"
LogosAPIClient: Found token for module: "modules_state"
[LogosObject] LogosAPIConsumer: async calling via LogosObject::callMethodAsync "note_transition"
[LogosObject] RemoteLogosObject::callMethodAsync "note_transition" args: 7
LogosAPIClient: getToken for module: "modules_state"
LogosAPIClient: Found token for module: "modules_state"
[LogosObject] LogosAPIConsumer: async calling via LogosObject::callMethodAsync "note_transition"
[LogosObject] RemoteLogosObject::callMethodAsync "note_transition" args: 7
[2026-10-01 22:50:01.928] [info] [logos] Pushed module snapshot to modules_state
LogosAPIClient: getToken for module: "modules_state"
LogosAPIClient: Found token for module: "modules_state"
[LogosObject] LogosAPIConsumer: async calling via LogosObject::callMethodAsync "note_transition"
[LogosObject] RemoteLogosObject::callMethodAsync "note_transition" args: 7
[LogosObject] RemoteTransportConnection: returning RemoteLogosObject for: "capability_module"
[LogosObject] Created RemoteLogosObject wrapping QRemoteObjectReplica 105553130854848
[LogosObject] LogosAPIConsumer: calling LogosObject::informModuleToken for "storage_module"
LogosAPIConsumer: informModuleToken completed with result: true
[LogosObject] Destroying RemoteLogosObject 0
[2026-10-01 22:50:01.931] [info] [logos] Module loaded: storage_module
RemoteTransportConnection: Connecting to registry: "local:logos_storage_module_d2fd36678957" at "22:50:01.932"
RemoteTransportConnection: Registry connect attempt started (no peer contact yet): "local:logos_storage_module_d2fd36678957"
RemoteTransportConnection: Connecting to registry: "local:logos_capability_module_d2fd36678957" at "22:50:01.932"
RemoteTransportConnection: Registry connect attempt started (no peer contact yet): "local:logos_capability_module_d2fd36678957"
LogosAPIConsumer: '"storage_module"::""' deferred pending the module becoming reachable
LogosAPIClient: getToken for module: "modules_state"
LogosAPIClient: Found token for module: "modules_state"
[LogosObject] LogosAPIConsumer: async calling via LogosObject::callMethodAsync "note_transition"
[LogosObject] RemoteLogosObject::callMethodAsync "note_transition" args: 7
Loaded dependency (with transitive deps): "storage_module"
DEV_QML_PATH override active: <repo>/src/qml/Main.qml
RemoteTransportConnection: Connecting to registry: "local:logos_capability_module_d2fd36678957" at "22:50:01.932"
RemoteTransportConnection: Registry connect attempt started (no peer contact yet): "local:logos_capability_module_d2fd36678957"
LogosAPIConsumer: Informing module token for module: "forum_module" with token: "redacted:a471e5e8…"
RemoteTransportConnection: Requesting object: "capability_module" at "22:50:01.932"
[LogosObject] RemoteTransportConnection: returning RemoteLogosObject for: "capability_module"
[LogosObject] Created RemoteLogosObject wrapping QRemoteObjectReplica 105553130927584
[LogosObject] LogosAPIConsumer: calling LogosObject::informModuleToken for "forum_module"
[LogosObject] Created RemoteLogosObject wrapping QRemoteObjectReplica 105553130928736
LogosAPIClient: getToken for module: "modules_state"
LogosAPIClient: Found token for module: "modules_state"
[LogosObject] LogosAPIConsumer: async calling via LogosObject::callMethodAsync "note_transition"
[LogosObject] RemoteLogosObject::callMethodAsync "note_transition" args: 7
LogosAPIConsumer: informModuleToken completed with result: true
[LogosObject] Destroying RemoteLogosObject 0
[2026-10-01 22:50:02.441] [warning] [logos] [capability_module] Warning: QObject::connect: No such signal ::eventResponse(QString,QVariantList)
[2026-10-01 22:50:02.443] [info] [logos] [delivery_module] DeliveryModuleImpl::getNodeInfo called with nodeInfoId: MyPeerId
[2026-10-01 22:50:02.443] [info] [logos] [delivery_module] DeliveryModuleImpl: Cannot get node info - context not initialized. Call createNode first.
[2026-10-01 22:50:02.443] [info] [logos] [delivery_module] DeliveryModuleImpl::createNode called
[2026-10-01 22:50:02.501] [info] [logos] [delivery_module] DeliveryModuleImpl: Waiting for createNode callback...
[2026-10-01 22:50:02.506] [out] [delivery_module] DBG 2026-10-01 22:50:02.506+02:00 Whether to mount storeSync is not specified, defaulting to not mounting topics="waku conf builder" tid=41708115
[2026-10-01 22:50:02.506] [out] [delivery_module] INF 2026-10-01 22:50:02.506+02:00 Sharding configuration:                    topics="waku conf builder" tid=41708115 shardingConf="(kind: AutoSharding, numShardsInCluster: 1)" subscribeShards=@[0]
[2026-10-01 22:50:02.507] [out] [delivery_module] INF 2026-10-01 22:50:02.507+02:00 Configuration: Enabled protocols           topics="waku conf" tid=41708115 relay=true rlnRelay=false store=false filter=false lightPush=false peerExchange=false rendezvous=false
[2026-10-01 22:50:02.507] [out] [delivery_module] INF 2026-10-01 22:50:02.507+02:00 Configuration. Network                     topics="waku conf" tid=41708115 cluster=42
[2026-10-01 22:50:02.507] [out] [delivery_module] DBG 2026-10-01 22:50:02.507+02:00 Configuration. Active Relay Shards         topics="waku conf" tid=41708115 shard=0
[2026-10-01 22:50:02.507] [out] [delivery_module] INF 2026-10-01 22:50:02.507+02:00 Setting up storage                         tid=41708115
[2026-10-01 22:50:02.507] [out] [delivery_module] INF 2026-10-01 22:50:02.507+02:00 Initializing node                          tid=41708115
[2026-10-01 22:50:02.508] [out] [delivery_module] INF 2026-10-01 22:50:02.508+02:00 Initializing networking                    tid=41708115 addrs=@[/ip4/127.0.0.1/tcp/55604]
[2026-10-01 22:50:02.508] [out] [delivery_module] INF 2026-10-01 22:50:02.508+02:00 Mounting protocols                         tid=41708115
[2026-10-01 22:50:02.509] [out] [delivery_module] INF 2026-10-01 22:50:02.509+02:00 Created WakuMetadata protocol              topics="waku node" tid=41708115 clusterId=42 shards="[0]"
[2026-10-01 22:50:02.509] [out] [delivery_module] INF 2026-10-01 22:50:02.509+02:00 Mounting mix protocol                      topics="waku node" tid=41708115INF 2026-10-01 22:50:02.509+02:00 node info                                  topics="waku node" tid=41708115 wakuInfo="(listenAddresses: [/ip4/127.0.0.1/tcp/55604/p2p/16Uiu2HAm7UVMNVRfXYJQTGp5YfcJB7sxbgqzdTmwyzUoMm3nhUmS], enrUri: enr:-JS4QDTYXrKIxLIKQg7f8vsy6dMMCjuZZNw_4BphAfam5xvlBC9hv0BsBKY_bVR-LgRSoz7X10s-rnkZhWDhHtAwKwABgmlkgnY0gmlwhH8AAAGCcnOFACoBAACJc2VjcDI1NmsxoQKzBPftDyzYMOvA8MSZauHSflH_7sojCYGVnI5y_AmvLYN0Y3CC2TSFd2FrdTIh, mixPubKey: none())"
[2026-10-01 22:50:02.509] [out] [delivery_module]  nodeId="(listenAddresses: [/ip4/127.0.0.1/tcp/55604/p2p/16Uiu2HAm7UVMNVRfXYJQTGp5YfcJB7sxbgqzdTmwyzUoMm3nhUmS], enrUri: enr:-JS4QDTYXrKIxLIKQg7f8vsy6dMMCjuZZNw_4BphAfam5xvlBC9hv0BsBKY_bVR-LgRSoz7X10s-rnkZhWDhHtAwKwABgmlkgnY0gmlwhH8AAAGCcnOFACoBAACJc2VjcDI1NmsxoQKzBPftDyzYMOvA8MSZauHSflH_7sojCYGVnI5y_AmvLYN0Y3CC2TSFd2FrdTIh, mixPubKey: none())"
[2026-10-01 22:50:02.509] [out] [delivery_module] INF 2026-10-01 22:50:02.509+02:00 local addr                                 topics="waku node" tid=41708115 localaddr=/ip4/127.0.0.1/tcp/55604
[2026-10-01 22:50:02.509] [out] [delivery_module] INF 2026-10-01 22:50:02.509+02:00 mixPubKey                                  topics="waku node" tid=41708115 mixPubKey="[250, 167, 18, 179, 253, 32, 136, 120, 20, 196, 107, 219, 163, 131, 62, 188, 122, 238, 134, 189, 176, 95, 172, 86, 108, 111, 182, 0, 238, 220, 128, 101]"
[2026-10-01 22:50:02.511] [out] [delivery_module] INF 2026-10-01 22:50:02.511+02:00 Using mix bootstrap nodes                  topics="waku mix" tid=41708115 entries=4 poolSize=4
[2026-10-01 22:50:02.511] [out] [delivery_module] INF 2026-10-01 22:50:02.511+02:00 mounting store client                      topics="waku node store api" tid=41708115
[2026-10-01 22:50:02.511] [out] [delivery_module] INF 2026-10-01 22:50:02.511+02:00 Mounting auto sharding                     topics="waku node" tid=41708115 clusterId=42 shardCount=1
[2026-10-01 22:50:02.511] [out] [delivery_module] DBG 2026-10-01 22:50:02.511+02:00 Shards created from content topics         tid=41708115 contentTopics=[] shards=[]
[2026-10-01 22:50:02.511] [out] [delivery_module] DBG 2026-10-01 22:50:02.511+02:00 Setting max message size                   tid=41708115 num_bytes=153600
[2026-10-01 22:50:02.511] [out] [delivery_module] INF 2026-10-01 22:50:02.511+02:00 mounting relay protocol                    topics="waku node relay api" tid=41708115
[2026-10-01 22:50:02.511] [out] [delivery_module] DBG 2026-10-01 22:50:02.511+02:00 relay mounted successfully                 topics="waku node relay api" tid=41708115
[2026-10-01 22:50:02.511] [out] [delivery_module] DBG 2026-10-01 22:50:02.511+02:00 Adding validator to signed shards          tid=41708115 protectedShards=[] clusterId=42
[2026-10-01 22:50:02.511] [out] [delivery_module] INF 2026-10-01 22:50:02.511+02:00 mounting libp2p ping protocol              topics="waku node ping api" tid=41708115
[2026-10-01 22:50:02.511] [out] [delivery_module] INF 2026-10-01 22:50:02.511+02:00 mounting light push client                 topics="waku node lightpush api" tid=41708115
[2026-10-01 22:50:02.511] [out] [delivery_module] INF 2026-10-01 22:50:02.511+02:00 mounting legacy light push client          topics="waku node lightpush api" tid=41708115
[2026-10-01 22:50:02.511] [out] [delivery_module] DBG 2026-10-01 22:50:02.511+02:00 Adding peer to service slots               topics="waku node peer_manager" tid=41708115 peerId=16U*n1Zd3L addr=/ip4/127.0.0.1/tcp/55600 service=/vac/waku/lightpush/3.0.0
[2026-10-01 22:50:02.511] [out] [delivery_module] DBG 2026-10-01 22:50:02.511+02:00 Adding peer to service slots               topics="waku node peer_manager" tid=41708115 peerId=16U*n1Zd3L addr=/ip4/127.0.0.1/tcp/55600 service=/vac/waku/lightpush/2.0.0-beta1
[2026-10-01 22:50:02.511] [out] [delivery_module] INF 2026-10-01 22:50:02.511+02:00 mounting filter client                     topics="waku node filter api" tid=41708115
[2026-10-01 22:50:02.511] [out] [delivery_module] INF 2026-10-01 22:50:02.511+02:00 mounting waku peer exchange client         topics="waku node peerexchange api" tid=41708115
[2026-10-01 22:50:02.511] [out] [delivery_module] INF 2026-10-01 22:50:02.511+02:00 No external callbacks to be set            topics="wakunode waku" tid=41708115
[2026-10-01 22:50:02.511] [out] [delivery_module] INF 2026-10-01 22:50:02.511+02:00 Setting up AutonatService                  topics="libp2p autonatservice" tid=41708115
[2026-10-01 22:50:02.512] [info] [logos] [delivery_module] DeliveryModuleImpl::createNode callback called with ret: 0
[2026-10-01 22:50:02.514] [info] [logos] [delivery_module] DeliveryModuleImpl: Delivery context created successfully
[2026-10-01 22:50:02.515] [info] [logos] [delivery_module] DeliveryModuleImpl::start called
[2026-10-01 22:50:02.515] [out] [delivery_module] INF 2026-10-01 22:50:02.515+02:00 Retrieve dynamic bootstrap nodes           topics="wakunode waku" tid=41708115
[2026-10-01 22:50:02.515] [info] [logos] [delivery_module] DeliveryModuleImpl::getNodeInfo called with nodeInfoId: MyPeerId
[2026-10-01 22:50:02.515] [out] [delivery_module] INF 2026-10-01 22:50:02.515+02:00 Running nwaku node                         tid=41708115 version=v0.39.0-gca2814
[2026-10-01 22:50:02.515] [out] [delivery_module] INF 2026-10-01 22:50:02.515+02:00 Starting Waku node                         topics="waku node" tid=41708115 version=v0.39.0-gca2814
[2026-10-01 22:50:02.515] [out] [delivery_module] DBG 2026-10-01 22:50:02.515+02:00 starting switch for peer                   topics="libp2p switch" tid=41708115 peerInfo="(peerId: 16Uiu2HAm7UVMNVRfXYJQTGp5YfcJB7sxbgqzdTmwyzUoMm3nhUmS, listenAddrs: [/ip4/127.0.0.1/tcp/55604], addrs: [], protocols: [/ipfs/id/1.0.0, /libp2p/autonat/1.0.0, /libp2p/circuit/relay/0.2.0/hop, /vac/waku/metadata/1.0.0, /mix/1.0.0, /vac/waku/relay/2.0.0, /ipfs/ping/1.0.0, /vac/waku/filter-push/2.0.0-beta1], protoVersion: ipfs/0.1.0, agentVersion: logos-delivery-v0.39.0-gca2814)"
[2026-10-01 22:50:02.516] [out] [delivery_module] DBG 2026-10-01 22:50:02.516+02:00 About to accept incoming connection        topics="libp2p switch" tid=41708115
[2026-10-01 22:50:02.517] [out] [delivery_module] INF 2026-10-01 22:50:02.517+02:00 start                                      topics="waku relay" tid=41708115
[2026-10-01 22:50:02.518] [out] [delivery_module] DBG 2026-10-01 22:50:02.518+02:00 Started libp2p node                        topics="libp2p switch" tid=41708115 peer="(peerId: 16Uiu2HAm7UVMNVRfXYJQTGp5YfcJB7sxbgqzdTmwyzUoMm3nhUmS, listenAddrs: [/ip4/127.0.0.1/tcp/55604], addrs: [/ip4/127.0.0.1/tcp/55604], protocols: [/ipfs/id/1.0.0, /libp2p/autonat/1.0.0, /libp2p/circuit/relay/0.2.0/hop, /vac/waku/metadata/1.0.0, /mix/1.0.0, /vac/waku/relay/2.0.0, /ipfs/ping/1.0.0, /vac/waku/filter-push/2.0.0-beta1], protoVersion: ipfs/0.1.0, agentVersion: logos-delivery-v0.39.0-gca2814)"
[2026-10-01 22:50:02.519] [out] [delivery_module] INF 2026-10-01 22:50:02.519+02:00 Announced base resolved                    topics="waku node" tid=41708115 addrs=@[/ip4/127.0.0.1/tcp/55604] explicit=@[/ip4/127.0.0.1/tcp/55604]
[2026-10-01 22:50:02.519] [out] [delivery_module] DBG 2026-10-01 22:50:02.519+02:00 ENR addresses updated                      topics="waku enr" tid=41708115 retained=1 total=1
[2026-10-01 22:50:02.519] [out] [delivery_module] INF 2026-10-01 22:50:02.519+02:00 Node started successfully                  topics="waku node" tid=41708115
[2026-10-01 22:50:02.519] [out] [delivery_module] DBG 2026-10-01 22:50:02.519+02:00 Dialing multiple peers                     tid=41708115 numOfPeers=4 nodes="@[\"/ip4/127.0.0.1/tcp/55600/p2p/16Uiu2HAmSqZK3wWAoEZzBDUTwz7RDyduQQd66KC1WaVjgzn1Zd3L\", \"/ip4/127.0.0.1/tcp/55601/p2p/16Uiu2HAkyju1HCvZ7d77gQJXWy1xJT5f2myLFZPGW5jK5TwFvUFo\", \"/ip4/127.0.0.1/tcp/55602/p2p/16Uiu2HAmVqWd5KaXpFDguTHm9NEsw4TDTTtB6YTGJSc9ojTrtoHe\", \"/ip4/127.0.0.1/tcp/55603/p2p/16Uiu2HAmGTwVaCHjngCvMzfWre8BCL2vqhR7WnvVu7RgSbXoSAnA\"]"
[2026-10-01 22:50:02.519] [out] [delivery_module] DBG 2026-10-01 22:50:02.519+02:00 Dialing peer                               topics="libp2p dialer" tid=41708115 peerId=16U*n1Zd3L addrs="[/ip4/127.0.0.1/tcp/55600]"
[2026-10-01 22:50:02.519] [out] [delivery_module] DBG 2026-10-01 22:50:02.519+02:00 Expanded address and hostname              topics="libp2p dialer" tid=41708115 expandedAddress=/ip4/127.0.0.1/tcp/55600 hostname=127.0.0.1 resolvedAddresses="[/ip4/127.0.0.1/tcp/55600]"
[2026-10-01 22:50:02.520] [out] [delivery_module] DBG 2026-10-01 22:50:02.520+02:00 Dialing peer                               topics="libp2p dialer" tid=41708115 peerId=16U*wFvUFo addrs="[/ip4/127.0.0.1/tcp/55601]"
[2026-10-01 22:50:02.520] [out] [delivery_module] DBG 2026-10-01 22:50:02.520+02:00 Expanded address and hostname              topics="libp2p dialer" tid=41708115 expandedAddress=/ip4/127.0.0.1/tcp/55601 hostname=127.0.0.1 resolvedAddresses="[/ip4/127.0.0.1/tcp/55601]"
[2026-10-01 22:50:02.520] [out] [delivery_module] DBG 2026-10-01 22:50:02.520+02:00 Dialing peer                               topics="libp2p dialer" tid=41708115 peerId=16U*TrtoHe addrs="[/ip4/127.0.0.1/tcp/55602]"
[2026-10-01 22:50:02.520] [out] [delivery_module] DBG 2026-10-01 22:50:02.520+02:00 Expanded address and hostname              topics="libp2p dialer" tid=41708115 expandedAddress=/ip4/127.0.0.1/tcp/55602 hostname=127.0.0.1 resolvedAddresses="[/ip4/127.0.0.1/tcp/55602]"
[2026-10-01 22:50:02.520] [out] [delivery_module] DBG 2026-10-01 22:50:02.520+02:00 Dialing peer                               topics="libp2p dialer" tid=41708115 peerId=16U*XoSAnA addrs="[/ip4/127.0.0.1/tcp/55603]"
[2026-10-01 22:50:02.520] [out] [delivery_module] DBG 2026-10-01 22:50:02.520+02:00 Expanded address and hostname              topics="libp2p dialer" tid=41708115 expandedAddress=/ip4/127.0.0.1/tcp/55603 hostname=127.0.0.1 resolvedAddresses="[/ip4/127.0.0.1/tcp/55603]"
[2026-10-01 22:50:02.521] [info] [logos] [delivery_module] DeliveryModuleImpl::subscribe called with contentTopic: /lp0026forum/1/general/text
[2026-10-01 22:50:02.521] [out] [delivery_module] DBG 2026-10-01 22:50:02.521+02:00 Subscribing to pubsub topic                topics="waku relay" tid=41708115 pubsubTopic=/waku/2/rs/42/0
[2026-10-01 22:50:02.522] [out] [delivery_module] DBG 2026-10-01 22:50:02.522+02:00 No mesh peer for the given pubsub topic    topics="waku relay" tid=41708115 pubsubTopic=/waku/2/rs/42/0
[2026-10-01 22:50:02.522] [info] [logos] [delivery_module] DeliveryModuleImpl: Subscribe completed for topic: /lp0026forum/1/general/text with success
[2026-10-01 22:50:02.527] [out] [delivery_module] DBG 2026-10-01 22:50:02.527+02:00 Dial successful                            topics="libp2p dialer" tid=41708115 peerId=16U*n1Zd3L
[2026-10-01 22:50:02.527] [out] [delivery_module] DBG 2026-10-01 22:50:02.527+02:00 starting sendNonHighPriorityTask           topics="libp2p pubsubpeer" tid=41708115 p=16U*n1Zd3L
[2026-10-01 22:50:02.527] [out] [delivery_module] DBG 2026-10-01 22:50:02.527+02:00 created new pubsub peer                    topics="libp2p pubsub" tid=41708115 peerId=16U*n1Zd3L
[2026-10-01 22:50:02.527] [out] [delivery_module] DBG 2026-10-01 22:50:02.527+02:00 no listener registered                     tid=41708117 event=onConnectionChange
[2026-10-01 22:50:02.527] [out] [delivery_module] DBG 2026-10-01 22:50:02.527+02:00 Incoming WakuRelay connection              topics="waku relay" tid=41708115 connection=16U*n1Zd3L:6abec77a41a84fb264f8a68a protocol=/vac/waku/relay/2.0.0
[2026-10-01 22:50:02.527] [out] [delivery_module] DBG 2026-10-01 22:50:02.527+02:00 starting pubsub read loop                  topics="libp2p pubsubpeer" tid=41708115 stream=16U*n1Zd3L:6abec77a41a84fb264f8a68a peer=16U*n1Zd3L closed=false
[2026-10-01 22:50:02.528] [out] [delivery_module] DBG 2026-10-01 22:50:02.527+02:00 identify: info sent                        topics="libp2p identify" tid=41708115 stream=16U*n1Zd3L:6abec77a41a84fb264f8a68b info="(peerId: 16Uiu2HAm7UVMNVRfXYJQTGp5YfcJB7sxbgqzdTmwyzUoMm3nhUmS, listenAddrs: [/ip4/127.0.0.1/tcp/55604], addrs: [/ip4/127.0.0.1/tcp/55604], protocols: [/ipfs/id/1.0.0, /libp2p/autonat/1.0.0, /libp2p/circuit/relay/0.2.0/hop, /vac/waku/metadata/1.0.0, /mix/1.0.0, /vac/waku/relay/2.0.0, /ipfs/ping/1.0.0, /vac/waku/filter-push/2.0.0-beta1], protoVersion: ipfs/0.1.0, agentVersion: logos-delivery-v0.39.0-gca2814)"
[2026-10-01 22:50:02.528] [out] [delivery_module] DBG 2026-10-01 22:50:02.528+02:00 Dial successful                            topics="libp2p dialer" tid=41708115 peerId=16U*wFvUFo
[2026-10-01 22:50:02.528] [out] [delivery_module] DBG 2026-10-01 22:50:02.528+02:00 Dial successful                            topics="libp2p dialer" tid=41708115 peerId=16U*TrtoHe
[2026-10-01 22:50:02.528] [out] [delivery_module] DBG 2026-10-01 22:50:02.528+02:00 Dial successful                            topics="libp2p dialer" tid=41708115 peerId=16U*XoSAnA
[2026-10-01 22:50:02.529] [out] [delivery_module] DBG 2026-10-01 22:50:02.529+02:00 starting sendNonHighPriorityTask           topics="libp2p pubsubpeer" tid=41708115 p=16U*wFvUFo
[2026-10-01 22:50:02.529] [out] [delivery_module] DBG 2026-10-01 22:50:02.529+02:00 created new pubsub peer                    topics="libp2p pubsub" tid=41708115 peerId=16U*wFvUFo
[2026-10-01 22:50:02.529] [out] [delivery_module] DBG 2026-10-01 22:50:02.529+02:00 no listener registered                     tid=41708117 event=onConnectionChange
[2026-10-01 22:50:02.529] [out] [delivery_module] DBG 2026-10-01 22:50:02.529+02:00 starting sendNonHighPriorityTask           topics="libp2p pubsubpeer" tid=41708115 p=16U*TrtoHe
[2026-10-01 22:50:02.529] [out] [delivery_module] DBG 2026-10-01 22:50:02.529+02:00 created new pubsub peer                    topics="libp2p pubsub" tid=41708115 peerId=16U*TrtoHe
[2026-10-01 22:50:02.529] [out] [delivery_module] DBG 2026-10-01 22:50:02.529+02:00 no listener registered                     tid=41708117 event=onConnectionChange
[2026-10-01 22:50:02.529] [out] [delivery_module] DBG 2026-10-01 22:50:02.529+02:00 starting sendNonHighPriorityTask           topics="libp2p pubsubpeer" tid=41708115 p=16U*XoSAnA
[2026-10-01 22:50:02.529] [out] [delivery_module] DBG 2026-10-01 22:50:02.529+02:00 created new pubsub peer                    topics="libp2p pubsub" tid=41708115 peerId=16U*XoSAnA
[2026-10-01 22:50:02.529] [out] [delivery_module] DBG 2026-10-01 22:50:02.529+02:00 no listener registered                     tid=41708117 event=onConnectionChange
[2026-10-01 22:50:02.529] [out] [delivery_module] DBG 2026-10-01 22:50:02.529+02:00 Incoming WakuRelay connection              topics="waku relay" tid=41708115 connection=16U*wFvUFo:6abec77a41a84fb264f8a68e protocol=/vac/waku/relay/2.0.0
[2026-10-01 22:50:02.529] [out] [delivery_module] DBG 2026-10-01 22:50:02.529+02:00 starting pubsub read loop                  topics="libp2p pubsubpeer" tid=41708115 stream=16U*wFvUFo:6abec77a41a84fb264f8a68e peer=16U*wFvUFo closed=false
[2026-10-01 22:50:02.529] [out] [delivery_module] DBG 2026-10-01 22:50:02.529+02:00 identify: info sent                        topics="libp2p identify" tid=41708115 stream=16U*wFvUFo:6abec77a41a84fb264f8a68f info="(peerId: 16Uiu2HAm7UVMNVRfXYJQTGp5YfcJB7sxbgqzdTmwyzUoMm3nhUmS, listenAddrs: [/ip4/127.0.0.1/tcp/55604], addrs: [/ip4/127.0.0.1/tcp/55604], protocols: [/ipfs/id/1.0.0, /libp2p/autonat/1.0.0, /libp2p/circuit/relay/0.2.0/hop, /vac/waku/metadata/1.0.0, /mix/1.0.0, /vac/waku/relay/2.0.0, /ipfs/ping/1.0.0, /vac/waku/filter-push/2.0.0-beta1], protoVersion: ipfs/0.1.0, agentVersion: logos-delivery-v0.39.0-gca2814)"
[2026-10-01 22:50:02.529] [out] [delivery_module] DBG 2026-10-01 22:50:02.529+02:00 Incoming WakuRelay connection              topics="waku relay" tid=41708115 connection=16U*TrtoHe:6abec77a41a84fb264f8a690 protocol=/vac/waku/relay/2.0.0
[2026-10-01 22:50:02.529] [out] [delivery_module] DBG 2026-10-01 22:50:02.529+02:00 starting pubsub read loop                  topics="libp2p pubsubpeer" tid=41708115 stream=16U*TrtoHe:6abec77a41a84fb264f8a690 peer=16U*TrtoHe closed=false
[2026-10-01 22:50:02.529] [out] [delivery_module] DBG 2026-10-01 22:50:02.529+02:00 identify: info sent                        topics="libp2p identify" tid=41708115 stream=16U*TrtoHe:6abec77a41a84fb264f8a691 info="(peerId: 16Uiu2HAm7UVMNVRfXYJQTGp5YfcJB7sxbgqzdTmwyzUoMm3nhUmS, listenAddrs: [/ip4/127.0.0.1/tcp/55604], addrs: [/ip4/127.0.0.1/tcp/55604], protocols: [/ipfs/id/1.0.0, /libp2p/autonat/1.0.0, /libp2p/circuit/relay/0.2.0/hop, /vac/waku/metadata/1.0.0, /mix/1.0.0, /vac/waku/relay/2.0.0, /ipfs/ping/1.0.0, /vac/waku/filter-push/2.0.0-beta1], protoVersion: ipfs/0.1.0, agentVersion: logos-delivery-v0.39.0-gca2814)"
[2026-10-01 22:50:02.529] [out] [delivery_module] DBG 2026-10-01 22:50:02.529+02:00 Incoming WakuRelay connection              topics="waku relay" tid=41708115 connection=16U*XoSAnA:6abec77a41a84fb264f8a692 protocol=/vac/waku/relay/2.0.0
[2026-10-01 22:50:02.529] [out] [delivery_module] DBG 2026-10-01 22:50:02.529+02:00 starting pubsub read loop                  topics="libp2p pubsubpeer" tid=41708115 stream=16U*XoSAnA:6abec77a41a84fb264f8a692 peer=16U*XoSAnA closed=false
[2026-10-01 22:50:02.529] [out] [delivery_module] DBG 2026-10-01 22:50:02.529+02:00 identify: info sent                        topics="libp2p identify" tid=41708115 stream=16U*XoSAnA:6abec77a41a84fb264f8a693 info="(peerId: 16Uiu2HAm7UVMNVRfXYJQTGp5YfcJB7sxbgqzdTmwyzUoMm3nhUmS, listenAddrs: [/ip4/127.0.0.1/tcp/55604], addrs: [/ip4/127.0.0.1/tcp/55604], protocols: [/ipfs/id/1.0.0, /libp2p/autonat/1.0.0, /libp2p/circuit/relay/0.2.0/hop, /vac/waku/metadata/1.0.0, /mix/1.0.0, /vac/waku/relay/2.0.0, /ipfs/ping/1.0.0, /vac/waku/filter-push/2.0.0-beta1], protoVersion: ipfs/0.1.0, agentVersion: logos-delivery-v0.39.0-gca2814)"
[2026-10-01 22:50:02.529] [out] [delivery_module] DBG 2026-10-01 22:50:02.529+02:00 identify: info received                    topics="libp2p identify" tid=41708115 stream=16U*n1Zd3L:6abec77a41a84fb264f8a68d pubkey=ok(sec...0bcb)) addresses=/ip4/127.0.0.1/tcp/55600 protocols=/ipfs/id/1.0.0,/libp2p/autonat/1.0.0,/libp2p/circuit/relay/0.2.0/hop,/vac/waku/metadata/1.0.0,/mix/1.0.0,/vac/waku/relay/2.0.0,/ipfs/ping/1.0.0,/vac/waku/lightpush/3.0.0,/vac/waku/lightpush/2.0.0-beta1,/vac/waku/filter-push/2.0.0-beta1 observable_address=ok(/ip4/127.0.0.1/tcp/55670) proto_version=ipfs/0.1.0 agent_version=logos-delivery-v0.39.0-gca2814 signedPeerRecord=None
[2026-10-01 22:50:02.530] [out] [delivery_module] DBG 2026-10-01 22:50:02.530+02:00 starting pubsub read loop                  topics="libp2p pubsubpeer" tid=41708115 stream=16U*n1Zd3L:6abec77a41a84fb264f8a68c peer=16U*n1Zd3L closed=false
[2026-10-01 22:50:02.530] [out] [delivery_module] DBG 2026-10-01 22:50:02.530+02:00 Event identified                           topics="waku node peer_manager" tid=41708115 peerId=16U*n1Zd3L
[2026-10-01 22:50:02.530] [out] [delivery_module] DBG 2026-10-01 22:50:02.530+02:00 no listener registered                     tid=41708117 event=onConnectionChange
[2026-10-01 22:50:02.530] [out] [delivery_module] DBG 2026-10-01 22:50:02.530+02:00 identify: info received                    topics="libp2p identify" tid=41708115 stream=16U*wFvUFo:6abec77a41a84fb264f8a695 pubkey=ok(sec...3d9a)) addresses=/ip4/127.0.0.1/tcp/55601 protocols=/ipfs/id/1.0.0,/libp2p/autonat/1.0.0,/libp2p/circuit/relay/0.2.0/hop,/vac/waku/metadata/1.0.0,/mix/1.0.0,/vac/waku/relay/2.0.0,/ipfs/ping/1.0.0,/vac/waku/lightpush/3.0.0,/vac/waku/lightpush/2.0.0-beta1,/vac/waku/filter-push/2.0.0-beta1 observable_address=ok(/ip4/127.0.0.1/tcp/55671) proto_version=ipfs/0.1.0 agent_version=logos-delivery-v0.39.0-gca2814 signedPeerRecord=None
[2026-10-01 22:50:02.530] [out] [delivery_module] DBG 2026-10-01 22:50:02.530+02:00 identify: info received                    topics="libp2p identify" tid=41708115 stream=16U*TrtoHe:6abec77a41a84fb264f8a697 pubkey=ok(sec...c08b)) addresses=/ip4/127.0.0.1/tcp/55602 protocols=/ipfs/id/1.0.0,/libp2p/autonat/1.0.0,/libp2p/circuit/relay/0.2.0/hop,/vac/waku/metadata/1.0.0,/mix/1.0.0,/vac/waku/relay/2.0.0,/ipfs/ping/1.0.0,/vac/waku/lightpush/3.0.0,/vac/waku/lightpush/2.0.0-beta1,/vac/waku/filter-push/2.0.0-beta1 observable_address=ok(/ip4/127.0.0.1/tcp/55672) proto_version=ipfs/0.1.0 agent_version=logos-delivery-v0.39.0-gca2814 signedPeerRecord=None
[2026-10-01 22:50:02.531] [out] [delivery_module] DBG 2026-10-01 22:50:02.531+02:00 starting pubsub read loop                  topics="libp2p pubsubpeer" tid=41708115 stream=16U*wFvUFo:6abec77a41a84fb264f8a694 peer=16U*wFvUFo closed=false
[2026-10-01 22:50:02.531] [out] [delivery_module] DBG 2026-10-01 22:50:02.531+02:00 Event identified                           topics="waku node peer_manager" tid=41708115 peerId=16U*wFvUFo
[2026-10-01 22:50:02.531] [out] [delivery_module] DBG 2026-10-01 22:50:02.531+02:00 starting pubsub read loop                  topics="libp2p pubsubpeer" tid=41708115 stream=16U*TrtoHe:6abec77a41a84fb264f8a696 peer=16U*TrtoHe closed=false
[2026-10-01 22:50:02.531] [out] [delivery_module] DBG 2026-10-01 22:50:02.531+02:00 no listener registered                     tid=41708117 event=onConnectionChange
[2026-10-01 22:50:02.531] [out] [delivery_module] DBG 2026-10-01 22:50:02.531+02:00 Event identified                           topics="waku node peer_manager" tid=41708115 peerId=16U*TrtoHe
[2026-10-01 22:50:02.531] [out] [delivery_module] DBG 2026-10-01 22:50:02.531+02:00 no listener registered                     tid=41708117 event=onConnectionChange
[2026-10-01 22:50:02.531] [out] [delivery_module] DBG 2026-10-01 22:50:02.531+02:00 identify: info received                    topics="libp2p identify" tid=41708115 stream=16U*XoSAnA:6abec77a41a84fb264f8a699 pubkey=ok(sec...41dd)) addresses=/ip4/127.0.0.1/tcp/55603 protocols=/ipfs/id/1.0.0,/libp2p/autonat/1.0.0,/libp2p/circuit/relay/0.2.0/hop,/vac/waku/metadata/1.0.0,/mix/1.0.0,/vac/waku/relay/2.0.0,/ipfs/ping/1.0.0,/vac/waku/lightpush/3.0.0,/vac/waku/lightpush/2.0.0-beta1,/vac/waku/filter-push/2.0.0-beta1 observable_address=ok(/ip4/127.0.0.1/tcp/55673) proto_version=ipfs/0.1.0 agent_version=logos-delivery-v0.39.0-gca2814 signedPeerRecord=None
[2026-10-01 22:50:02.532] [out] [delivery_module] DBG 2026-10-01 22:50:02.532+02:00 Received WakuMetadata request              topics="waku metadata" tid=41708115 remoteClusterId=ok(42) remoteShards="[0]" localClusterId=42 localShards="[0]" peer=16U*n1Zd3L
[2026-10-01 22:50:02.532] [out] [delivery_module] DBG 2026-10-01 22:50:02.532+02:00 starting pubsub read loop                  topics="libp2p pubsubpeer" tid=41708115 stream=16U*XoSAnA:6abec77a41a84fb264f8a698 peer=16U*XoSAnA closed=false
[2026-10-01 22:50:02.532] [out] [delivery_module] DBG 2026-10-01 22:50:02.532+02:00 Event identified                           topics="waku node peer_manager" tid=41708115 peerId=16U*XoSAnA
[2026-10-01 22:50:02.532] [out] [delivery_module] DBG 2026-10-01 22:50:02.532+02:00 no listener registered                     tid=41708117 event=onConnectionChange
[2026-10-01 22:50:02.533] [out] [delivery_module] DBG 2026-10-01 22:50:02.533+02:00 Received WakuMetadata request              topics="waku metadata" tid=41708115 remoteClusterId=ok(42) remoteShards="[0]" localClusterId=42 localShards="[0]" peer=16U*wFvUFo
[2026-10-01 22:50:02.533] [out] [delivery_module] DBG 2026-10-01 22:50:02.533+02:00 Received WakuMetadata request              topics="waku metadata" tid=41708115 remoteClusterId=ok(42) remoteShards="[0]" localClusterId=42 localShards="[0]" peer=16U*TrtoHe
[2026-10-01 22:50:02.533] [out] [delivery_module] DBG 2026-10-01 22:50:02.533+02:00 no listener registered                     tid=41708117 event=onConnectionChange
[2026-10-01 22:50:02.533] [out] [delivery_module] DBG 2026-10-01 22:50:02.533+02:00 Received WakuMetadata request              topics="waku metadata" tid=41708115 remoteClusterId=ok(42) remoteShards="[0]" localClusterId=42 localShards="[0]" peer=16U*XoSAnA
[2026-10-01 22:50:02.534] [out] [delivery_module] DBG 2026-10-01 22:50:02.534+02:00 no listener registered                     tid=41708117 event=onConnectionChange
[2026-10-01 22:50:02.534] [out] [delivery_module] DBG 2026-10-01 22:50:02.534+02:00 no listener registered                     tid=41708117 event=onConnectionChange
[2026-10-01 22:50:02.534] [out] [delivery_module] DBG 2026-10-01 22:50:02.534+02:00 no listener registered                     tid=41708117 event=onConnectionChange
[2026-10-01 22:50:02.534] [out] [delivery_module] DBG 2026-10-01 22:50:02.534+02:00 Finished dialing multiple peers            tid=41708115 successfulConns=4 attempted=4
[2026-10-01 22:50:02.534] [out] [delivery_module] DBG 2026-10-01 22:50:02.534+02:00 Starting peer exchange loop                topics="waku node peerexchange api" tid=41708115
[2026-10-01 22:50:02.534] [out] [delivery_module] DBG 2026-10-01 22:50:02.534+02:00 Retrieving peer info via peer exchange protocol topics="waku node peerexchange api" tid=41708115 amount=5
[2026-10-01 22:50:02.534] [out] [delivery_module] DBG 2026-10-01 22:50:02.534+02:00 Peer exchange request could not be made as no peer exchange peers found topics="waku peer_exchange client" tid=41708115
[2026-10-01 22:50:02.535] [out] [delivery_module] DBG 2026-10-01 22:50:02.534+02:00 Failed to retrieve peer info via peer exchange protocol topics="waku node peerexchange api" tid=41708115 error="(status_code: SERVICE_UNAVAILABLE, status_desc: ok(peer_not_found_failure))"
[2026-10-01 22:50:02.535] [out] [delivery_module] DBG 2026-10-01 22:50:02.535+02:00 Cannot fetch peers from peer exchange      topics="waku node peerexchange api" tid=41708115 cause="(status_code: SERVICE_UNAVAILABLE, status_desc: ok(peer_not_found_failure))"
[2026-10-01 22:50:02.535] [out] [delivery_module] INF 2026-10-01 22:50:02.535+02:00 Relay peer connections                     topics="waku node peer_manager" tid=41708115 inRelayConns=0/50 outRelayConns=4/25 totalConnections=4/150 notConnectedPeers=0 outsideBackoffPeers=0
[2026-10-01 22:50:02.536] [out] [delivery_module] DBG 2026-10-01 22:50:02.536+02:00 ENR addresses updated                      topics="waku enr" tid=41708115 retained=1 total=1
[2026-10-01 22:50:02.536] [out] [delivery_module] INF 2026-10-01 22:50:02.536+02:00 Node is online                             topics="waku online monitor" tid=41708115
[2026-10-01 22:50:02.536] [out] [delivery_module] INF 2026-10-01 22:50:02.536+02:00 Health monitor loop start                  tid=41708115
[2026-10-01 22:50:02.537] [out] [delivery_module] DBG 2026-10-01 22:50:02.537+02:00 calculateConnectionState                   tid=41708115 relayCount=4 storeClientCount=0 lightpushCount=4 filterCount=0
[2026-10-01 22:50:02.537] [out] [delivery_module] DBG 2026-10-01 22:50:02.537+02:00 connectionStatus change                    tid=41708115 oldstatus=Disconnected newstatus=Connected
[2026-10-01 22:50:02.537] [out] [delivery_module] INF 2026-10-01 22:50:02.537+02:00 starting keepalive                         tid=41708115 randomPeersKeepalive=10s allPeersKeepalive=2m
[2026-10-01 22:50:02.625] [out] [delivery_module] DBG 2026-10-01 22:50:02.625+02:00 no listener registered                     tid=41708117 event=onTopicHealthChange
[2026-10-01 22:50:02.640] [out] [delivery_module] DBG 2026-10-01 22:50:02.640+02:00 calculateConnectionState                   tid=41708115 relayCount=4 storeClientCount=0 lightpushCount=4 filterCount=0
Loaded UI plugin: "/nix/store/4yzrcx4m116p10g92a1mldh59mpd3hq7-logos-forum_module-plugin-dir"
[QmlInspector] Inspector server listening on port 3768
[QmlInspector] Client connected from "::1"
[QmlInspector] Client disconnected
[2026-10-01 22:50:32.494] [out] [delivery_module] DBG 2026-10-01 22:50:32.494+02:00 Accepted an incoming connection            topics="libp2p switch" tid=41708115 conn=:6abec79841a84fb264f8a6b7
[2026-10-01 22:50:32.494] [out] [delivery_module] DBG 2026-10-01 22:50:32.494+02:00 About to accept incoming connection        topics="libp2p switch" tid=41708115
[2026-10-01 22:50:32.497] [out] [delivery_module] DBG 2026-10-01 22:50:32.497+02:00 dialMe answer is reachable                 topics="libp2p autonatservice" tid=41708115 peerId=16Uiu2HAmGTwVaCHjngCvMzfWre8BCL2vqhR7WnvVu7RgSbXoSAnA
[2026-10-01 22:50:32.497] [out] [delivery_module] DBG 2026-10-01 22:50:32.497+02:00 Current status                             topics="libp2p autonatservice" tid=41708115 currentStats=Unknown confidence=none() answers=[Reachable]
[2026-10-01 22:50:32.499] [out] [delivery_module] DBG 2026-10-01 22:50:32.499+02:00 Accepted an incoming connection            topics="libp2p switch" tid=41708115 conn=:6abec79841a84fb264f8a6bb
[2026-10-01 22:50:32.500] [out] [delivery_module] DBG 2026-10-01 22:50:32.499+02:00 About to accept incoming connection        topics="libp2p switch" tid=41708115
[2026-10-01 22:50:32.502] [out] [delivery_module] DBG 2026-10-01 22:50:32.502+02:00 dialMe answer is reachable                 topics="libp2p autonatservice" tid=41708115 peerId=16Uiu2HAmSqZK3wWAoEZzBDUTwz7RDyduQQd66KC1WaVjgzn1Zd3L
[2026-10-01 22:50:32.502] [out] [delivery_module] DBG 2026-10-01 22:50:32.502+02:00 Current status                             topics="libp2p autonatservice" tid=41708115 currentStats=Unknown confidence=none() answers=[Reachable, Reachable]
[2026-10-01 22:50:32.504] [out] [delivery_module] DBG 2026-10-01 22:50:32.504+02:00 Accepted an incoming connection            topics="libp2p switch" tid=41708115 conn=:6abec79841a84fb264f8a6bf
[2026-10-01 22:50:32.504] [out] [delivery_module] DBG 2026-10-01 22:50:32.504+02:00 About to accept incoming connection        topics="libp2p switch" tid=41708115
[2026-10-01 22:50:32.506] [out] [delivery_module] DBG 2026-10-01 22:50:32.506+02:00 dialMe answer is reachable                 topics="libp2p autonatservice" tid=41708115 peerId=16Uiu2HAkyju1HCvZ7d77gQJXWy1xJT5f2myLFZPGW5jK5TwFvUFo
[2026-10-01 22:50:32.506] [out] [delivery_module] DBG 2026-10-01 22:50:32.506+02:00 Current status                             topics="libp2p autonatservice" tid=41708115 currentStats=Reachable confidence=ok(1.0) answers=[Reachable, Reachable, Reachable]
[2026-10-01 22:50:32.506] [out] [delivery_module] DBG 2026-10-01 22:50:32.506+02:00 Peer reachability status                   tid=41708115 networkReachability=Reachable confidence=1.0
