=== lgx-portable 2026-10-01T16:49:57Z
these 5 derivations will be built:
  /nix/store/78yi8f66s4y14wi3gpk32x46l4g0akkg-logos-forum_module-module-lib-0.1.0.drv
  /nix/store/7z6sv8r5li18w76qfqpvrssdmhidqng3-logos-forum_module-module.drv
  /nix/store/gxf3r418k4mx4akck9nzgb492lyvm66a-closure-info.drv
  /nix/store/v4yz8qvqv00y0grxiis6w85mcizhwl7g-logos-forum_module-module-bundle-0.1.0.drv
  /nix/store/h7akmg92rgsz81fh2cmlv976gg7xcd1c-logos-forum_module-module-lgx-0.1.0.drv
this path will be fetched (2.5 KiB download, 7.6 KiB unpacked):
  /nix/store/y2f6yak1mppkfz0vbczard914xajb663-file-5.45-dev
copying path '/nix/store/y2f6yak1mppkfz0vbczard914xajb663-file-5.45-dev' from 'https://cache.nixos.org'...
building '/nix/store/78yi8f66s4y14wi3gpk32x46l4g0akkg-logos-forum_module-module-lib-0.1.0.drv'...
logos-forum_module-module-lib> Running phase: qtPreHook
logos-forum_module-module-lib> Running phase: unpackPhase
logos-forum_module-module-lib> unpacking source archive /nix/store/mzwnjvvqnrhv8vpwqcg1x222c833fk54-0q8xvvpszw33mqg95v2dc457wjp88fiq-source
logos-forum_module-module-lib> source root is 0q8xvvpszw33mqg95v2dc457wjp88fiq-source
logos-forum_module-module-lib> Running phase: patchPhase
logos-forum_module-module-lib> Running phase: updateAutotoolsGnuConfigScriptsPhase
logos-forum_module-module-lib> Running phase: configurePhase
logos-forum_module-module-lib> Running logos-cpp-generator (api-style=qt)...
logos-forum_module-module-lib> Generated logos_sdk.h and logos_sdk.cpp
logos-forum_module-module-lib> Running logos-qt-generator --backend consumer for the Qt-typed dependency wrappers...
logos-forum_module-module-lib> Checking generated files in generated_code:
logos-forum_module-module-lib> total 8
logos-forum_module-module-lib> drwxr-xr-x  4 _nixbld1 nixbld 128 Oct  1 16:50 .
logos-forum_module-module-lib> drwxr-xr-x 18 _nixbld1 nixbld 576 Oct  1 16:50 ..
logos-forum_module-module-lib> -rw-r--r--  1 _nixbld1 nixbld  25 Oct  1 16:50 logos_sdk.cpp
logos-forum_module-module-lib> -rw-r--r--  1 _nixbld1 nixbld 167 Oct  1 16:50 logos_sdk.h
logos-forum_module-module-lib> Creating include directory and moving generated files...
logos-forum_module-module-lib> Generated include directory:
logos-forum_module-module-lib> total 8
logos-forum_module-module-lib> drwxr-xr-x 4 _nixbld1 nixbld 128 Oct  1 16:50 .
logos-forum_module-module-lib> drwxr-xr-x 4 _nixbld1 nixbld 128 Oct  1 16:50 ..
logos-forum_module-module-lib> -rw-r--r-- 1 _nixbld1 nixbld  25 Oct  1 16:50 logos_sdk.cpp
logos-forum_module-module-lib> -rw-r--r-- 1 _nixbld1 nixbld 167 Oct  1 16:50 logos_sdk.h
logos-forum_module-module-lib> Stamped logos_protocol_version=0.9.0 into metadata.json
logos-forum_module-module-lib> logos-module-builder: generating ui plugin glue (forum_module)...
logos-forum_module-module-lib> Generated: ./generated_code/forum_module_ui_interface.h
logos-forum_module-module-lib> Generated: ./generated_code/forum_module_ui_glue.h
logos-forum_module-module-lib> Generated: ./generated_code/forum_module_ui_glue.cpp
logos-forum_module-module-lib> fixing cmake files...
logos-forum_module-module-lib> cmake flags: -GNinja -DCMAKE_FIND_USE_SYSTEM_PACKAGE_REGISTRY=OFF -DCMAKE_FIND_USE_PACKAGE_REGISTRY=OFF -DCMAKE_EXPORT_NO_PACKAGE_REGISTRY=ON -DCMAKE_BUILD_TYPE=Release -DBUILD_TESTING=OFF -DCMAKE_INSTALL_LOCALEDIR=/nix/store/h9hjxvq47bhimlbbqikyg3b131800rg0-logos-forum_module-module-lib-0.1.0/share/locale -DCMAKE_INSTALL_LIBEXECDIR=/nix/store/h9hjxvq47bhimlbbqikyg3b131800rg0-logos-forum_module-module-lib-0.1.0/libexec -DCMAKE_INSTALL_LIBDIR=/nix/store/h9hjxvq47bhimlbbqikyg3b131800rg0-logos-forum_module-module-lib-0.1.0/lib -DCMAKE_INSTALL_DOCDIR=/nix/store/h9hjxvq47bhimlbbqikyg3b131800rg0-logos-forum_module-module-lib-0.1.0/share/doc/ForumPlugin -DCMAKE_INSTALL_INFODIR=/nix/store/h9hjxvq47bhimlbbqikyg3b131800rg0-logos-forum_module-module-lib-0.1.0/share/info -DCMAKE_INSTALL_MANDIR=/nix/store/h9hjxvq47bhimlbbqikyg3b131800rg0-logos-forum_module-module-lib-0.1.0/share/man -DCMAKE_INSTALL_INCLUDEDIR=/nix/store/h9hjxvq47bhimlbbqikyg3b131800rg0-logos-forum_module-module-lib-0.1.0/include -DCMAKE_INSTALL_SBINDIR=/nix/store/h9hjxvq47bhimlbbqikyg3b131800rg0-logos-forum_module-module-lib-0.1.0/sbin -DCMAKE_INSTALL_BINDIR=/nix/store/h9hjxvq47bhimlbbqikyg3b131800rg0-logos-forum_module-module-lib-0.1.0/bin -DCMAKE_INSTALL_NAME_DIR=/nix/store/h9hjxvq47bhimlbbqikyg3b131800rg0-logos-forum_module-module-lib-0.1.0/lib -DCMAKE_POLICY_DEFAULT_CMP0025=NEW -DCMAKE_FIND_FRAMEWORK=LAST -DCMAKE_STRIP=/nix/store/zzx6cfl99zknfrj9v7lmrshwzslfjv26-clang-wrapper-19.1.7/bin/strip -DCMAKE_RANLIB=/nix/store/zzx6cfl99zknfrj9v7lmrshwzslfjv26-clang-wrapper-19.1.7/bin/ranlib -DCMAKE_AR=/nix/store/zzx6cfl99zknfrj9v7lmrshwzslfjv26-clang-wrapper-19.1.7/bin/ar -DCMAKE_C_COMPILER=clang -DCMAKE_CXX_COMPILER=clang++ -DCMAKE_INSTALL_PREFIX=/nix/store/h9hjxvq47bhimlbbqikyg3b131800rg0-logos-forum_module-module-lib-0.1.0 -GNinja -DLOGOS_MODULE_ROOT=/nix/store/82rsdw74zycrwvy6aad94jnrg27f9a9a-logos-module-0.1.0 -DLOGOS_CPP_SDK_ROOT=/nix/store/a33v9dppa4k88xlv8cbls5n67vdrsik0-logos-cpp-sdk -DLOGOS_QT_SDK_ROOT=/nix/store/rwvd3ymqb9qq9z1pifq6gynvgwp07493-logos-qt-sdk -DLOGOS_QT_HOST_ROOT=/nix/store/awgcgwqqr529fg6lph2mhb3mjscs0a73-logos-qt-host-0.1.0 -DLOGOS_PROTOCOL_ROOT=/nix/store/l61qallmailjkxr24ynyi91hq2cy96qm-logos-protocol -DLOGOS_VIEW_TEMPLATE_DIR=/nix/store/py6wzmragypgh2lbaimz1z23qzcv8ckr-logos-view-templates -DLOGOS_VIEW_INCLUDE_DIR=/nix/store/ndn52sc7anhfvn2h047ffwsqn25hs62i-logos-view-module-include
logos-forum_module-module-lib> -- The CXX compiler identification is Clang 19.1.7
logos-forum_module-module-lib> -- Detecting CXX compiler ABI info
logos-forum_module-module-lib> -- Detecting CXX compiler ABI info - done
logos-forum_module-module-lib> -- Check for working CXX compiler: /nix/store/zzx6cfl99zknfrj9v7lmrshwzslfjv26-clang-wrapper-19.1.7/bin/clang++ - skipped
logos-forum_module-module-lib> -- Detecting CXX compile features
logos-forum_module-module-lib> -- Detecting CXX compile features - done
logos-forum_module-module-lib> -- LogosModule.cmake: /nix/store/wfvnsjzflhgh2mihmj16yx655x8zqhk3-fi97x4xl2saxayr1qrynyycm45ifshqg-source/cmake/LogosModule.cmake
logos-forum_module-module-lib> -- Found logos-module at: /nix/store/82rsdw74zycrwvy6aad94jnrg27f9a9a-logos-module-0.1.0
logos-forum_module-module-lib> -- Found logos-cpp-sdk at: /nix/store/a33v9dppa4k88xlv8cbls5n67vdrsik0-logos-cpp-sdk
logos-forum_module-module-lib> -- Found logos-qt-sdk at: /nix/store/rwvd3ymqb9qq9z1pifq6gynvgwp07493-logos-qt-sdk
logos-forum_module-module-lib> -- Found logos-protocol at: /nix/store/l61qallmailjkxr24ynyi91hq2cy96qm-logos-protocol
logos-forum_module-module-lib> -- Qt host runtime: logos-qt-host::logos_qt_host at /nix/store/awgcgwqqr529fg6lph2mhb3mjscs0a73-logos-qt-host-0.1.0
logos-forum_module-module-lib> -- Performing Test CMAKE_HAVE_LIBC_PTHREAD
logos-forum_module-module-lib> -- Performing Test CMAKE_HAVE_LIBC_PTHREAD - Success
logos-forum_module-module-lib> -- Found Threads: TRUE
logos-forum_module-module-lib> -- Performing Test HAVE_STDATOMIC
logos-forum_module-module-lib> -- Performing Test HAVE_STDATOMIC - Success
logos-forum_module-module-lib> -- Found WrapAtomic: TRUE
logos-forum_module-module-lib> CMake Warning (dev) at /nix/store/qvv2ddin29xa8fqmsv567b6xlnhbvpv0-cmake-3.31.7/share/cmake-3.31/Modules/CMakeFindDependencyMacro.cmake:76 (find_package):
logos-forum_module-module-lib>   Policy CMP0167 is not set: The FindBoost module is removed.  Run "cmake
logos-forum_module-module-lib>   --help-policy CMP0167" for policy details.  Use the cmake_policy command to
logos-forum_module-module-lib>   set the policy and suppress this warning.
logos-forum_module-module-lib> 
logos-forum_module-module-lib> Call Stack (most recent call first):
logos-forum_module-module-lib>   /nix/store/l61qallmailjkxr24ynyi91hq2cy96qm-logos-protocol/lib/cmake/logos-protocol/logos-protocolConfig.cmake:48 (find_dependency)
logos-forum_module-module-lib>   /nix/store/wfvnsjzflhgh2mihmj16yx655x8zqhk3-fi97x4xl2saxayr1qrynyycm45ifshqg-source/cmake/LogosModule.cmake:622 (find_package)
logos-forum_module-module-lib>   CMakeLists.txt:16 (logos_module)
logos-forum_module-module-lib> This warning is for project developers.  Use -Wno-dev to suppress it.
logos-forum_module-module-lib> 
logos-forum_module-module-lib> -- Found Boost: /nix/store/2blqfsz18yp066ky15nvkihcvwqq7bqz-boost-1.87.0-dev/lib/cmake/Boost-1.87.0/BoostConfig.cmake (found version "1.87.0")
logos-forum_module-module-lib> CMake Warning (dev) at /nix/store/l61qallmailjkxr24ynyi91hq2cy96qm-logos-protocol/lib/cmake/logos-protocol/logos-protocolConfig.cmake:49 (find_package):
logos-forum_module-module-lib>   Policy CMP0167 is not set: The FindBoost module is removed.  Run "cmake
logos-forum_module-module-lib>   --help-policy CMP0167" for policy details.  Use the cmake_policy command to
logos-forum_module-module-lib>   set the policy and suppress this warning.
logos-forum_module-module-lib> 
logos-forum_module-module-lib> Call Stack (most recent call first):
logos-forum_module-module-lib>   /nix/store/wfvnsjzflhgh2mihmj16yx655x8zqhk3-fi97x4xl2saxayr1qrynyycm45ifshqg-source/cmake/LogosModule.cmake:622 (find_package)
logos-forum_module-module-lib>   CMakeLists.txt:16 (logos_module)
logos-forum_module-module-lib> This warning is for project developers.  Use -Wno-dev to suppress it.
logos-forum_module-module-lib> 
logos-forum_module-module-lib> -- Found OpenSSL: /nix/store/0ais7wnqw8xzj0331c2jka53s6g14wqb-openssl-3.5.1/lib/libcrypto.dylib (found version "3.5.1")
logos-forum_module-module-lib> -- Found nlohmann_json: /nix/store/hs7wcady8i97dqq7qiaiaq05srnq6yih-nlohmann_json-3.11.3/share/cmake/nlohmann_json/nlohmann_jsonConfig.cmake (found version "3.11.3")
logos-forum_module-module-lib> CMake Warning (dev) at /nix/store/l61qallmailjkxr24ynyi91hq2cy96qm-logos-protocol/lib/cmake/logos-protocol/logos-protocolConfig.cmake:49 (find_package):
logos-forum_module-module-lib>   Policy CMP0167 is not set: The FindBoost module is removed.  Run "cmake
logos-forum_module-module-lib>   --help-policy CMP0167" for policy details.  Use the cmake_policy command to
logos-forum_module-module-lib>   set the policy and suppress this warning.
logos-forum_module-module-lib> 
logos-forum_module-module-lib> Call Stack (most recent call first):
logos-forum_module-module-lib>   /nix/store/qvv2ddin29xa8fqmsv567b6xlnhbvpv0-cmake-3.31.7/share/cmake-3.31/Modules/CMakeFindDependencyMacro.cmake:76 (find_package)
logos-forum_module-module-lib>   /nix/store/awgcgwqqr529fg6lph2mhb3mjscs0a73-logos-qt-host-0.1.0/lib/cmake/logos-qt-host/logos-qt-hostConfig.cmake:34 (find_dependency)
logos-forum_module-module-lib>   /nix/store/wfvnsjzflhgh2mihmj16yx655x8zqhk3-fi97x4xl2saxayr1qrynyycm45ifshqg-source/cmake/LogosModule.cmake:625 (find_package)
logos-forum_module-module-lib>   CMakeLists.txt:16 (logos_module)
logos-forum_module-module-lib> This warning is for project developers.  Use -Wno-dev to suppress it.
logos-forum_module-module-lib> 
logos-forum_module-module-lib> -- Logos module forum_module: replica factory plugin from src/forum_module.rep (class Forum, QML Logos.Forum.Forum)
logos-forum_module-module-lib> -- Logos module forum_module configured successfully
logos-forum_module-module-lib> -- Configuring done (4.3s)
logos-forum_module-module-lib> -- Generating done (1.2s)
logos-forum_module-module-lib> CMake Warning:
logos-forum_module-module-lib>   Manually-specified variables were not used by the project:
logos-forum_module-module-lib> 
logos-forum_module-module-lib>     BUILD_TESTING
logos-forum_module-module-lib>     CMAKE_C_COMPILER
logos-forum_module-module-lib>     CMAKE_EXPORT_NO_PACKAGE_REGISTRY
logos-forum_module-module-lib>     CMAKE_POLICY_DEFAULT_CMP0025
logos-forum_module-module-lib> 
logos-forum_module-module-lib> 
logos-forum_module-module-lib> -- Build files have been written to: /nix/var/nix/builds/nix-36446-979271891/0q8xvvpszw33mqg95v2dc457wjp88fiq-source/build
logos-forum_module-module-lib> cmake: enabled parallel building
logos-forum_module-module-lib> cmake: enabled parallel installing
logos-forum_module-module-lib> Running phase: buildPhase
logos-forum_module-module-lib> build flags: -j4
logos-forum_module-module-lib> [0/2] Re-checking globbed directories...
logos-forum_module-module-lib> [1/18] Automatic MOC for target forum_module_replica_factory
logos-forum_module-module-lib> [2/18] Automatic MOC for target forum_module_module_plugin
logos-forum_module-module-lib> [3/18] Generating rep_forum_module_replica.h
logos-forum_module-module-lib> [4/18] Generating rep_forum_module_source.h
logos-forum_module-module-lib> [5/18] Generating moc_rep_forum_module_replica.cpp
logos-forum_module-module-lib> [6/18] Generating moc_rep_forum_module_source.cpp
logos-forum_module-module-lib> [7/18] Building CXX object CMakeFiles/forum_module_replica_factory.dir/forum_module_replica_factory_autogen/mocs_compilation.cpp.o
logos-forum_module-module-lib> [8/18] Building CXX object CMakeFiles/forum_module_module_plugin.dir/forum_module_module_plugin_autogen/mocs_compilation.cpp.o
logos-forum_module-module-lib> [9/18] Building CXX object CMakeFiles/forum_module_replica_factory.dir/moc_rep_forum_module_replica.cpp.o
logos-forum_module-module-lib> [10/18] Building CXX object CMakeFiles/forum_module_replica_factory.dir/replica_factory_forum_module/LogosViewReplicaFactory.cpp.o
logos-forum_module-module-lib> [11/18] Building CXX object CMakeFiles/forum_module_module_plugin.dir/src/forum_module_backend.cpp.o
logos-forum_module-module-lib> [12/18] Building CXX object CMakeFiles/forum_module_module_plugin.dir/moc_rep_forum_module_source.cpp.o
logos-forum_module-module-lib> [13/18] Linking CXX shared library modules/forum_module_replica_factory.dylib
logos-forum_module-module-lib> ld: warning: dylib (/nix/store/a0z4ipq0hcakknsi5f1icgpdmch3simf-qtremoteobjects-6.9.2/lib/QtRemoteObjects.framework/Versions/A/QtRemoteObjects) was built for newer macOS version (12.0) than being linked (11.3)
logos-forum_module-module-lib> ld: warning: dylib (/nix/store/a9aq909fc6ymnawnk877qcs4gklzm1c1-qtbase-6.9.2/lib/QtCore.framework/Versions/A/QtCore) was built for newer macOS version (12.0) than being linked (11.3)
logos-forum_module-module-lib> ld: warning: dylib (/nix/store/a9aq909fc6ymnawnk877qcs4gklzm1c1-qtbase-6.9.2/lib/QtNetwork.framework/Versions/A/QtNetwork) was built for newer macOS version (12.0) than being linked (11.3)
logos-forum_module-module-lib> ld: warning: dylib (/nix/store/fn7iqppsl6z7ikbspxnjirwdz345w8mj-qtdeclarative-6.9.2/lib/QtQml.framework/Versions/A/QtQml) was built for newer macOS version (12.0) than being linked (11.3)
logos-forum_module-module-lib> [14/18] Building CXX object CMakeFiles/forum_module_module_plugin.dir/generated_code/logos_sdk.cpp.o
logos-forum_module-module-lib> [15/18] Building CXX object CMakeFiles/forum_module_module_plugin.dir/generated_code/forum_module_ui_glue.cpp.o
logos-forum_module-module-lib> [16/18] Building CXX object CMakeFiles/forum_module_module_plugin.dir/view_plugin_base_forum_module/LogosViewPluginBase.cpp.o
logos-forum_module-module-lib> [17/18] Linking CXX shared library modules/forum_module_plugin.dylib
logos-forum_module-module-lib> ld: warning: dylib (/nix/store/a0z4ipq0hcakknsi5f1icgpdmch3simf-qtremoteobjects-6.9.2/lib/QtRemoteObjects.framework/Versions/A/QtRemoteObjects) was built for newer macOS version (12.0) than being linked (11.3)
logos-forum_module-module-lib> ld: warning: dylib (/nix/store/a9aq909fc6ymnawnk877qcs4gklzm1c1-qtbase-6.9.2/lib/QtCore.framework/Versions/A/QtCore) was built for newer macOS version (12.0) than being linked (11.3)
logos-forum_module-module-lib> ld: warning: dylib (/nix/store/a9aq909fc6ymnawnk877qcs4gklzm1c1-qtbase-6.9.2/lib/QtNetwork.framework/Versions/A/QtNetwork) was built for newer macOS version (12.0) than being linked (11.3)
logos-forum_module-module-lib> Running phase: glibPreInstallPhase
logos-forum_module-module-lib> Running phase: installPhase
logos-forum_module-module-lib> Copying replica factory plugin: forum_module_replica_factory.dylib
logos-forum_module-module-lib> Running phase: qtOwnPathsHook
logos-forum_module-module-lib> Running phase: fixupPhase
logos-forum_module-module-lib> checking for references to /nix/var/nix/builds/nix-36446-979271891/ in /nix/store/h9hjxvq47bhimlbbqikyg3b131800rg0-logos-forum_module-module-lib-0.1.0...
logos-forum_module-module-lib> patching script interpreter paths in /nix/store/h9hjxvq47bhimlbbqikyg3b131800rg0-logos-forum_module-module-lib-0.1.0
logos-forum_module-module-lib> Running phase: postPatchMkspecs
building '/nix/store/7z6sv8r5li18w76qfqpvrssdmhidqng3-logos-forum_module-module.drv'...
logos-forum_module-module> Copied QML view directory from src/qml
logos-forum_module-module> Generated qmldir at qml/qmldir (module com.logos.module.forum_module)
building '/nix/store/gxf3r418k4mx4akck9nzgb492lyvm66a-closure-info.drv'...
closure-info> structuredAttrs is enabled
building '/nix/store/v4yz8qvqv00y0grxiis6w85mcizhwl7g-logos-forum_module-module-bundle-0.1.0.drv'...
logos-forum_module-module-bundle> Running phase: patchPhase
logos-forum_module-module-bundle> Running phase: updateAutotoolsGnuConfigScriptsPhase
logos-forum_module-module-bundle> Running phase: configurePhase
logos-forum_module-module-bundle> no configure script, doing nothing
logos-forum_module-module-bundle> Running phase: buildPhase
logos-forum_module-module-bundle> Phase 1: Copying executables and libraries...
logos-forum_module-module-bundle> Phase 2: Tracing shared library dependencies...
logos-forum_module-module-bundle>   Skipping (host-provided): QtRemoteObjects
logos-forum_module-module-bundle>   Skipping (host-provided): QtNetwork
logos-forum_module-module-bundle>   Skipping (host-provided): QtCore
logos-forum_module-module-bundle>   libboost_system.dylib
logos-forum_module-module-bundle>   Skipping (system): libc++.1.0.dylib
logos-forum_module-module-bundle>   libssl.3.dylib
logos-forum_module-module-bundle>   libcrypto.3.dylib
logos-forum_module-module-bundle>   Skipping (host-provided): libintl.8.dylib
logos-forum_module-module-bundle>   Skipping (host-provided): QtQml
logos-forum_module-module-bundle> Phase 2b: Skipping Qt plugin/QML bundling (Qt is host-provided)
logos-forum_module-module-bundle>   Restructuring frameworks...
logos-forum_module-module-bundle> Phase 3: Rewriting dynamic linking references...
logos-forum_module-module-bundle>   lib/forum_module_replica_factory.dylib
logos-forum_module-module-bundle>   lib/libssl.3.dylib
logos-forum_module-module-bundle>   lib/forum_module_plugin.dylib
logos-forum_module-module-bundle>   lib/libcrypto.3.dylib
logos-forum_module-module-bundle>   lib/libboost_system.dylib
logos-forum_module-module-bundle> Phase 4: Code signing...
logos-forum_module-module-bundle> Phase 5: Rewriting shebangs...
logos-forum_module-module-bundle> Phase 6: Verifying portability...
logos-forum_module-module-bundle>   Checking for embedded /nix/ paths...
logos-forum_module-module-bundle>   WARNING: lib/forum_module_plugin.dylib contains 32 embedded /nix/ reference(s) in binary data
logos-forum_module-module-bundle>     /nix/store/eeeeeeeeeeeeeeeeeeeeeeeeeeeeeeee-boost-1.87.0-dev/include/boost/align/detail/aligned_alloc_posix.hpp
logos-forum_module-module-bundle>     /nix/store/eeeeeeeeeeeeeeeeeeeeeeeeeeeeeeee-boost-1.87.0-dev/include/boost/asio/basic_socket_acceptor.hpp
logos-forum_module-module-bundle>     /nix/store/eeeeeeeeeeeeeeeeeeeeeeeeeeeeeeee-boost-1.87.0-dev/include/boost/asio/detail/impl/kqueue_reactor.ipp
logos-forum_module-module-bundle>     /nix/store/eeeeeeeeeeeeeeeeeeeeeeeeeeeeeeee-boost-1.87.0-dev/include/boost/asio/detail/impl/pipe_select_interrupter.ipp
logos-forum_module-module-bundle>     /nix/store/eeeeeeeeeeeeeeeeeeeeeeeeeeeeeeee-boost-1.87.0-dev/include/boost/asio/detail/impl/posix_event.ipp
logos-forum_module-module-bundle>     /nix/store/eeeeeeeeeeeeeeeeeeeeeeeeeeeeeeee-boost-1.87.0-dev/include/boost/asio/detail/impl/posix_mutex.ipp
logos-forum_module-module-bundle>     /nix/store/eeeeeeeeeeeeeeeeeeeeeeeeeeeeeeee-boost-1.87.0-dev/include/boost/asio/detail/impl/posix_thread.ipp
logos-forum_module-module-bundle>     /nix/store/eeeeeeeeeeeeeeeeeeeeeeeeeeeeeeee-boost-1.87.0-dev/include/boost/asio/detail/posix_event.hpp
logos-forum_module-module-bundle>     /nix/store/eeeeeeeeeeeeeeeeeeeeeeeeeeeeeeee-boost-1.87.0-dev/include/boost/asio/detail/reactive_socket_accept_op.hpp
logos-forum_module-module-bundle>     /nix/store/eeeeeeeeeeeeeeeeeeeeeeeeeeeeeeee-boost-1.87.0-dev/include/boost/asio/detail/reactive_socket_connect_op.hpp
logos-forum_module-module-bundle>     /nix/store/eeeeeeeeeeeeeeeeeeeeeeeeeeeeeeee-boost-1.87.0-dev/include/boost/asio/detail/reactive_socket_recv_op.hpp
logos-forum_module-module-bundle>     /nix/store/eeeeeeeeeeeeeeeeeeeeeeeeeeeeeeee-boost-1.87.0-dev/include/boost/asio/detail/reactive_socket_send_op.hpp
logos-forum_module-module-bundle>     /nix/store/eeeeeeeeeeeeeeeeeeeeeeeeeeeeeeee-boost-1.87.0-dev/include/boost/asio/detail/reactive_socket_service.hpp
logos-forum_module-module-bundle>     /nix/store/eeeeeeeeeeeeeeeeeeeeeeeeeeeeeeee-boost-1.87.0-dev/include/boost/asio/detail/resolver_service.hpp
logos-forum_module-module-bundle>     /nix/store/eeeeeeeeeeeeeeeeeeeeeeeeeeeeeeee-boost-1.87.0-dev/include/boost/asio/impl/cancellation_signal.ipp
logos-forum_module-module-bundle>     /nix/store/eeeeeeeeeeeeeeeeeeeeeeeeeeeeeeee-boost-1.87.0-dev/include/boost/asio/impl/connect.hpp
logos-forum_module-module-bundle>     /nix/store/eeeeeeeeeeeeeeeeeeeeeeeeeeeeeeee-boost-1.87.0-dev/include/boost/asio/impl/io_context.ipp
logos-forum_module-module-bundle>     /nix/store/eeeeeeeeeeeeeeeeeeeeeeeeeeeeeeee-boost-1.87.0-dev/include/boost/asio/ip/basic_resolver.hpp
logos-forum_module-module-bundle>     /nix/store/eeeeeeeeeeeeeeeeeeeeeeeeeeeeeeee-boost-1.87.0-dev/include/boost/asio/ip/detail/impl/endpoint.ipp
logos-forum_module-module-bundle>     /nix/store/eeeeeeeeeeeeeeeeeeeeeeeeeeeeeeee-boost-1.87.0-dev/include/boost/asio/ssl/detail/impl/engine.ipp
logos-forum_module-module-bundle>     /nix/store/eeeeeeeeeeeeeeeeeeeeeeeeeeeeeeee-boost-1.87.0-dev/include/boost/asio/ssl/impl/context.ipp
logos-forum_module-module-bundle>     /nix/store/eeeeeeeeeeeeeeeeeeeeeeeeeeeeeeee-boost-1.87.0-dev/include/boost/asio/ssl/impl/host_name_verification.ipp
logos-forum_module-module-bundle>     /nix/store/eeeeeeeeeeeeeeeeeeeeeeeeeeeeeeee-boost-1.87.0-dev/include/boost/asio/ssl/stream.hpp
logos-forum_module-module-bundle>     /nix/store/eeeeeeeeeeeeeeeeeeeeeeeeeeeeeeee-nlohmann_json-3.11.3/include/nlohmann/detail/conversions/to_chars.hpp
logos-forum_module-module-bundle>     /nix/store/eeeeeeeeeeeeeeeeeeeeeeeeeeeeeeee-nlohmann_json-3.11.3/include/nlohmann/detail/input/binary_reader.hpp
logos-forum_module-module-bundle>     /nix/store/eeeeeeeeeeeeeeeeeeeeeeeeeeeeeeee-nlohmann_json-3.11.3/include/nlohmann/detail/input/json_sax.hpp
logos-forum_module-module-bundle>     /nix/store/eeeeeeeeeeeeeeeeeeeeeeeeeeeeeeee-nlohmann_json-3.11.3/include/nlohmann/detail/input/lexer.hpp
logos-forum_module-module-bundle>     /nix/store/eeeeeeeeeeeeeeeeeeeeeeeeeeeeeeee-nlohmann_json-3.11.3/include/nlohmann/detail/input/parser.hpp
logos-forum_module-module-bundle>     /nix/store/eeeeeeeeeeeeeeeeeeeeeeeeeeeeeeee-nlohmann_json-3.11.3/include/nlohmann/detail/iterators/iter_impl.hpp
logos-forum_module-module-bundle>     /nix/store/eeeeeeeeeeeeeeeeeeeeeeeeeeeeeeee-nlohmann_json-3.11.3/include/nlohmann/detail/output/binary_writer.hpp
logos-forum_module-module-bundle>     /nix/store/eeeeeeeeeeeeeeeeeeeeeeeeeeeeeeee-nlohmann_json-3.11.3/include/nlohmann/detail/output/serializer.hpp
logos-forum_module-module-bundle>     /nix/store/eeeeeeeeeeeeeeeeeeeeeeeeeeeeeeee-nlohmann_json-3.11.3/include/nlohmann/json.hpp
logos-forum_module-module-bundle>   WARNING: lib/libcrypto.3.dylib contains 10 embedded /nix/ reference(s) in binary data
logos-forum_module-module-bundle>     /nix/store/0ais7wnqw8xzj0331c2jka53s6g14wqb-openssl-3.5.1/etc/ssl
logos-forum_module-module-bundle>     /nix/store/0ais7wnqw8xzj0331c2jka53s6g14wqb-openssl-3.5.1/etc/ssl/certs
logos-forum_module-module-bundle>     /nix/store/0ais7wnqw8xzj0331c2jka53s6g14wqb-openssl-3.5.1/etc/ssl/ct_log_list.cnf
logos-forum_module-module-bundle>     /nix/store/0ais7wnqw8xzj0331c2jka53s6g14wqb-openssl-3.5.1/etc/ssl/private
logos-forum_module-module-bundle>     /nix/store/0ais7wnqw8xzj0331c2jka53s6g14wqb-openssl-3.5.1/lib/engines-3
logos-forum_module-module-bundle>     /nix/store/0ais7wnqw8xzj0331c2jka53s6g14wqb-openssl-3.5.1/lib/ossl-modules
logos-forum_module-module-bundle>     /nix/var/nix/profiles/default/etc/ssl/certs/ca-bundle.crt
logos-forum_module-module-bundle>     ENGINESDIR: "/nix/store/0ais7wnqw8xzj0331c2jka53s6g14wqb-openssl-3.5.1/lib/engines-3"
logos-forum_module-module-bundle>     MODULESDIR: "/nix/store/0ais7wnqw8xzj0331c2jka53s6g14wqb-openssl-3.5.1/lib/ossl-modules"
logos-forum_module-module-bundle>     OPENSSLDIR: "/nix/store/0ais7wnqw8xzj0331c2jka53s6g14wqb-openssl-3.5.1/etc/ssl"
logos-forum_module-module-bundle>   All references are portable.
logos-forum_module-module-bundle> Done!
logos-forum_module-module-bundle> Running phase: installPhase
building '/nix/store/h7akmg92rgsz81fh2cmlv976gg7xcd1c-logos-forum_module-module-lgx-0.1.0.drv'...
logos-forum_module-module-lgx> Running phase: patchPhase
logos-forum_module-module-lgx> Running phase: updateAutotoolsGnuConfigScriptsPhase
logos-forum_module-module-lgx> Running phase: configurePhase
logos-forum_module-module-lgx> no configure script, doing nothing
logos-forum_module-module-lgx> Running phase: buildPhase
logos-forum_module-module-lgx> Created package: logos-forum_module-module.lgx
logos-forum_module-module-lgx> Patching manifest from metadata...
logos-forum_module-module-lgx> Staged 8 entries from /nix/store/7qza4m780j806zy4kf4nxn5napbcxpkl-logos-forum_module-module-bundle-0.1.0/lib
logos-forum_module-module-lgx> Bundling icon: icon.png -> assets/icon.png
logos-forum_module-module-lgx> No LGX assets at /nix/store/7qza4m780j806zy4kf4nxn5napbcxpkl-logos-forum_module-module-bundle-0.1.0/share/logos; skipping lidl
logos-forum_module-module-lgx> Adding variant darwin-arm64 to logos-forum_module-module.lgx (main: forum_module_plugin.dylib)...
logos-forum_module-module-lgx> Added variant 'darwin-arm64' to logos-forum_module-module.lgx
logos-forum_module-module-lgx> Done: logos-forum_module-module.lgx
logos-forum_module-module-lgx> Running phase: installPhase
=== lgx-portable exit=0 2026-10-01T16:50:22Z
total 1000
drwxr-xr-x   17 evinova-self  staff     544  1 Oct 18:50 .
drwxr-xr-x  168 evinova-self  staff    5376  1 Oct 18:22 ..
drwxr-xr-x    3 evinova-self  staff      96  1 Oct 18:22 .github
-rw-r--r--    1 evinova-self  staff     188  1 Oct 18:24 .gitignore
-rw-r--r--    1 evinova-self  staff     812  1 Oct 18:23 CMakeLists.txt
drwxr-xr-x    4 evinova-self  staff     128  1 Oct 18:24 docs
drwxr-xr-x    5 evinova-self  staff     160  1 Oct 18:46 evidence
-rw-r--r--    1 evinova-self  staff  471276  1 Oct 18:26 flake.lock
-rw-r--r--    1 evinova-self  staff     721  1 Oct 18:23 flake.nix
-rw-r--r--    1 evinova-self  staff   11358  1 Oct 18:22 LICENSE-APACHE-2.0
-rw-r--r--    1 evinova-self  staff    1083  1 Oct 18:22 LICENSE-MIT
-rw-r--r--    1 evinova-self  staff     682  1 Oct 18:23 metadata.json
lrwxr-xr-x    1 evinova-self  staff      79  1 Oct 18:50 result -> /nix/store/x43sldgb6lpazi3dzg6dn2bkjs9m7cwp-logos-forum_module-module-lgx-0.1.0
drwxr-xr-x    7 evinova-self  staff     224  1 Oct 18:32 src
-rw-r--r--    1 evinova-self  staff    1856  1 Oct 18:24 STATUS.md
drwxr-xr-x    3 evinova-self  staff      96  1 Oct 18:37 tests
drwxr-xr-x    3 evinova-self  staff      96  1 Oct 18:24 tools
