=== m0 build 2 start 2026-10-01T16:31:37Z
these 2 derivations will be built:
  /nix/store/l1kjxinjmd2askkga388b5avv4fh0dmj-logos-forum_module-module-lib-0.1.0.drv
  /nix/store/f9lhkwb9pxrajix39w9nyc814mg9zysc-logos-forum_module-module.drv
building '/nix/store/l1kjxinjmd2askkga388b5avv4fh0dmj-logos-forum_module-module-lib-0.1.0.drv'...
logos-forum_module-module-lib> Running phase: qtPreHook
logos-forum_module-module-lib> Running phase: unpackPhase
logos-forum_module-module-lib> unpacking source archive /nix/store/2kiz0k86m9axjljgkwj7j9q6szqfqq9i-bxvx1b9abgxf81dllwq6aa546p4v97s0-source
logos-forum_module-module-lib> source root is bxvx1b9abgxf81dllwq6aa546p4v97s0-source
logos-forum_module-module-lib> Running phase: patchPhase
logos-forum_module-module-lib> Running phase: updateAutotoolsGnuConfigScriptsPhase
logos-forum_module-module-lib> Running phase: configurePhase
logos-forum_module-module-lib> Running logos-cpp-generator (api-style=qt)...
logos-forum_module-module-lib> Generated logos_sdk.h and logos_sdk.cpp
logos-forum_module-module-lib> Running logos-qt-generator --backend consumer for the Qt-typed dependency wrappers...
logos-forum_module-module-lib> Checking generated files in generated_code:
logos-forum_module-module-lib> total 8
logos-forum_module-module-lib> drwxr-xr-x  4 _nixbld1 nixbld 128 Oct  1 16:31 .
logos-forum_module-module-lib> drwxr-xr-x 17 _nixbld1 nixbld 544 Oct  1 16:31 ..
logos-forum_module-module-lib> -rw-r--r--  1 _nixbld1 nixbld  25 Oct  1 16:31 logos_sdk.cpp
logos-forum_module-module-lib> -rw-r--r--  1 _nixbld1 nixbld 167 Oct  1 16:31 logos_sdk.h
logos-forum_module-module-lib> Creating include directory and moving generated files...
logos-forum_module-module-lib> Generated include directory:
logos-forum_module-module-lib> total 8
logos-forum_module-module-lib> drwxr-xr-x 4 _nixbld1 nixbld 128 Oct  1 16:31 .
logos-forum_module-module-lib> drwxr-xr-x 4 _nixbld1 nixbld 128 Oct  1 16:31 ..
logos-forum_module-module-lib> -rw-r--r-- 1 _nixbld1 nixbld  25 Oct  1 16:31 logos_sdk.cpp
logos-forum_module-module-lib> -rw-r--r-- 1 _nixbld1 nixbld 167 Oct  1 16:31 logos_sdk.h
logos-forum_module-module-lib> Stamped logos_protocol_version=0.9.0 into metadata.json
logos-forum_module-module-lib> logos-module-builder: generating ui plugin glue (forum_module)...
logos-forum_module-module-lib> Generated: ./generated_code/forum_module_ui_interface.h
logos-forum_module-module-lib> Generated: ./generated_code/forum_module_ui_glue.h
logos-forum_module-module-lib> Generated: ./generated_code/forum_module_ui_glue.cpp
logos-forum_module-module-lib> fixing cmake files...
logos-forum_module-module-lib> cmake flags: -GNinja -DCMAKE_FIND_USE_SYSTEM_PACKAGE_REGISTRY=OFF -DCMAKE_FIND_USE_PACKAGE_REGISTRY=OFF -DCMAKE_EXPORT_NO_PACKAGE_REGISTRY=ON -DCMAKE_BUILD_TYPE=Release -DBUILD_TESTING=OFF -DCMAKE_INSTALL_LOCALEDIR=/nix/store/wbdn8znxavyzr3ykwgm3k60drc48n7nk-logos-forum_module-module-lib-0.1.0/share/locale -DCMAKE_INSTALL_LIBEXECDIR=/nix/store/wbdn8znxavyzr3ykwgm3k60drc48n7nk-logos-forum_module-module-lib-0.1.0/libexec -DCMAKE_INSTALL_LIBDIR=/nix/store/wbdn8znxavyzr3ykwgm3k60drc48n7nk-logos-forum_module-module-lib-0.1.0/lib -DCMAKE_INSTALL_DOCDIR=/nix/store/wbdn8znxavyzr3ykwgm3k60drc48n7nk-logos-forum_module-module-lib-0.1.0/share/doc/ForumPlugin -DCMAKE_INSTALL_INFODIR=/nix/store/wbdn8znxavyzr3ykwgm3k60drc48n7nk-logos-forum_module-module-lib-0.1.0/share/info -DCMAKE_INSTALL_MANDIR=/nix/store/wbdn8znxavyzr3ykwgm3k60drc48n7nk-logos-forum_module-module-lib-0.1.0/share/man -DCMAKE_INSTALL_INCLUDEDIR=/nix/store/wbdn8znxavyzr3ykwgm3k60drc48n7nk-logos-forum_module-module-lib-0.1.0/include -DCMAKE_INSTALL_SBINDIR=/nix/store/wbdn8znxavyzr3ykwgm3k60drc48n7nk-logos-forum_module-module-lib-0.1.0/sbin -DCMAKE_INSTALL_BINDIR=/nix/store/wbdn8znxavyzr3ykwgm3k60drc48n7nk-logos-forum_module-module-lib-0.1.0/bin -DCMAKE_INSTALL_NAME_DIR=/nix/store/wbdn8znxavyzr3ykwgm3k60drc48n7nk-logos-forum_module-module-lib-0.1.0/lib -DCMAKE_POLICY_DEFAULT_CMP0025=NEW -DCMAKE_FIND_FRAMEWORK=LAST -DCMAKE_STRIP=/nix/store/zzx6cfl99zknfrj9v7lmrshwzslfjv26-clang-wrapper-19.1.7/bin/strip -DCMAKE_RANLIB=/nix/store/zzx6cfl99zknfrj9v7lmrshwzslfjv26-clang-wrapper-19.1.7/bin/ranlib -DCMAKE_AR=/nix/store/zzx6cfl99zknfrj9v7lmrshwzslfjv26-clang-wrapper-19.1.7/bin/ar -DCMAKE_C_COMPILER=clang -DCMAKE_CXX_COMPILER=clang++ -DCMAKE_INSTALL_PREFIX=/nix/store/wbdn8znxavyzr3ykwgm3k60drc48n7nk-logos-forum_module-module-lib-0.1.0 -GNinja -DLOGOS_MODULE_ROOT=/nix/store/82rsdw74zycrwvy6aad94jnrg27f9a9a-logos-module-0.1.0 -DLOGOS_CPP_SDK_ROOT=/nix/store/a33v9dppa4k88xlv8cbls5n67vdrsik0-logos-cpp-sdk -DLOGOS_QT_SDK_ROOT=/nix/store/rwvd3ymqb9qq9z1pifq6gynvgwp07493-logos-qt-sdk -DLOGOS_QT_HOST_ROOT=/nix/store/awgcgwqqr529fg6lph2mhb3mjscs0a73-logos-qt-host-0.1.0 -DLOGOS_PROTOCOL_ROOT=/nix/store/l61qallmailjkxr24ynyi91hq2cy96qm-logos-protocol -DLOGOS_VIEW_TEMPLATE_DIR=/nix/store/py6wzmragypgh2lbaimz1z23qzcv8ckr-logos-view-templates -DLOGOS_VIEW_INCLUDE_DIR=/nix/store/ndn52sc7anhfvn2h047ffwsqn25hs62i-logos-view-module-include
logos-forum_module-module-lib> -- The CXX compiler identification is Clang 19.1.7
logos-forum_module-module-lib> -- Detecting CXX compiler ABI info
logos-forum_module-module-lib> -- Detecting CXX compiler ABI info - done
logos-forum_module-module-lib> -- Check for working CXX compiler: /nix/store/zzx6cfl99zknfrj9v7lmrshwzslfjv26-clang-wrapper-19.1.7/bin/clang++ - skipped
logos-forum_module-module-lib> -- Detecting CXX compile features
logos-forum_module-module-lib> -- Detecting CXX compile features - done
logos-forum_module-module-lib> -- LogosModule.cmake: /nix/store/wfvnsjzflhgh2mihmj16yx655x8zqhk3-fi97x4xl2saxayr1qrynyycm45ifshqg-source/cmake/LogosModule.cmake
logos-forum_module-module-lib> -- Found logos-module at: /nix/store/82rsdw74zycrwvy6aad94jnrg27f9a9a-logos-module-0.1.0
logos-forum_module-module-lib> -- Found logos-cpp-sdk at: /nix/store/a33v9dppa4k88xlv8cbls5n67vdrsik0-logos-cpp-sdk
logos-forum_module-module-lib> -- Found logos-qt-sdk at: /nix/store/rwvd3ymqb9qq9z1pifq6gynvgwp07493-logos-qt-sdk
logos-forum_module-module-lib> -- Found logos-protocol at: /nix/store/l61qallmailjkxr24ynyi91hq2cy96qm-logos-protocol
logos-forum_module-module-lib> -- Qt host runtime: logos-qt-host::logos_qt_host at /nix/store/awgcgwqqr529fg6lph2mhb3mjscs0a73-logos-qt-host-0.1.0
logos-forum_module-module-lib> -- Performing Test CMAKE_HAVE_LIBC_PTHREAD
logos-forum_module-module-lib> -- Performing Test CMAKE_HAVE_LIBC_PTHREAD - Success
logos-forum_module-module-lib> -- Found Threads: TRUE
logos-forum_module-module-lib> -- Performing Test HAVE_STDATOMIC
logos-forum_module-module-lib> -- Performing Test HAVE_STDATOMIC - Success
logos-forum_module-module-lib> -- Found WrapAtomic: TRUE
logos-forum_module-module-lib> CMake Warning (dev) at /nix/store/qvv2ddin29xa8fqmsv567b6xlnhbvpv0-cmake-3.31.7/share/cmake-3.31/Modules/CMakeFindDependencyMacro.cmake:76 (find_package):
logos-forum_module-module-lib>   Policy CMP0167 is not set: The FindBoost module is removed.  Run "cmake
logos-forum_module-module-lib>   --help-policy CMP0167" for policy details.  Use the cmake_policy command to
logos-forum_module-module-lib>   set the policy and suppress this warning.
logos-forum_module-module-lib> 
logos-forum_module-module-lib> Call Stack (most recent call first):
logos-forum_module-module-lib>   /nix/store/l61qallmailjkxr24ynyi91hq2cy96qm-logos-protocol/lib/cmake/logos-protocol/logos-protocolConfig.cmake:48 (find_dependency)
logos-forum_module-module-lib>   /nix/store/wfvnsjzflhgh2mihmj16yx655x8zqhk3-fi97x4xl2saxayr1qrynyycm45ifshqg-source/cmake/LogosModule.cmake:622 (find_package)
logos-forum_module-module-lib>   CMakeLists.txt:16 (logos_module)
logos-forum_module-module-lib> This warning is for project developers.  Use -Wno-dev to suppress it.
logos-forum_module-module-lib> 
logos-forum_module-module-lib> -- Found Boost: /nix/store/2blqfsz18yp066ky15nvkihcvwqq7bqz-boost-1.87.0-dev/lib/cmake/Boost-1.87.0/BoostConfig.cmake (found version "1.87.0")
logos-forum_module-module-lib> CMake Warning (dev) at /nix/store/l61qallmailjkxr24ynyi91hq2cy96qm-logos-protocol/lib/cmake/logos-protocol/logos-protocolConfig.cmake:49 (find_package):
logos-forum_module-module-lib>   Policy CMP0167 is not set: The FindBoost module is removed.  Run "cmake
logos-forum_module-module-lib>   --help-policy CMP0167" for policy details.  Use the cmake_policy command to
logos-forum_module-module-lib>   set the policy and suppress this warning.
logos-forum_module-module-lib> 
logos-forum_module-module-lib> Call Stack (most recent call first):
logos-forum_module-module-lib>   /nix/store/wfvnsjzflhgh2mihmj16yx655x8zqhk3-fi97x4xl2saxayr1qrynyycm45ifshqg-source/cmake/LogosModule.cmake:622 (find_package)
logos-forum_module-module-lib>   CMakeLists.txt:16 (logos_module)
logos-forum_module-module-lib> This warning is for project developers.  Use -Wno-dev to suppress it.
logos-forum_module-module-lib> 
logos-forum_module-module-lib> -- Found OpenSSL: /nix/store/0ais7wnqw8xzj0331c2jka53s6g14wqb-openssl-3.5.1/lib/libcrypto.dylib (found version "3.5.1")
logos-forum_module-module-lib> -- Found nlohmann_json: /nix/store/hs7wcady8i97dqq7qiaiaq05srnq6yih-nlohmann_json-3.11.3/share/cmake/nlohmann_json/nlohmann_jsonConfig.cmake (found version "3.11.3")
logos-forum_module-module-lib> CMake Warning (dev) at /nix/store/l61qallmailjkxr24ynyi91hq2cy96qm-logos-protocol/lib/cmake/logos-protocol/logos-protocolConfig.cmake:49 (find_package):
logos-forum_module-module-lib>   Policy CMP0167 is not set: The FindBoost module is removed.  Run "cmake
logos-forum_module-module-lib>   --help-policy CMP0167" for policy details.  Use the cmake_policy command to
logos-forum_module-module-lib>   set the policy and suppress this warning.
logos-forum_module-module-lib> 
logos-forum_module-module-lib> Call Stack (most recent call first):
logos-forum_module-module-lib>   /nix/store/qvv2ddin29xa8fqmsv567b6xlnhbvpv0-cmake-3.31.7/share/cmake-3.31/Modules/CMakeFindDependencyMacro.cmake:76 (find_package)
logos-forum_module-module-lib>   /nix/store/awgcgwqqr529fg6lph2mhb3mjscs0a73-logos-qt-host-0.1.0/lib/cmake/logos-qt-host/logos-qt-hostConfig.cmake:34 (find_dependency)
logos-forum_module-module-lib>   /nix/store/wfvnsjzflhgh2mihmj16yx655x8zqhk3-fi97x4xl2saxayr1qrynyycm45ifshqg-source/cmake/LogosModule.cmake:625 (find_package)
logos-forum_module-module-lib>   CMakeLists.txt:16 (logos_module)
logos-forum_module-module-lib> This warning is for project developers.  Use -Wno-dev to suppress it.
logos-forum_module-module-lib> 
logos-forum_module-module-lib> -- Logos module forum_module: replica factory plugin from src/forum_module.rep (class Forum, QML Logos.Forum.Forum)
logos-forum_module-module-lib> -- Logos module forum_module configured successfully
logos-forum_module-module-lib> -- Configuring done (2.2s)
logos-forum_module-module-lib> -- Generating done (0.1s)
logos-forum_module-module-lib> CMake Warning:
logos-forum_module-module-lib>   Manually-specified variables were not used by the project:
logos-forum_module-module-lib> 
logos-forum_module-module-lib>     BUILD_TESTING
logos-forum_module-module-lib>     CMAKE_C_COMPILER
logos-forum_module-module-lib>     CMAKE_EXPORT_NO_PACKAGE_REGISTRY
logos-forum_module-module-lib>     CMAKE_POLICY_DEFAULT_CMP0025
logos-forum_module-module-lib> 
logos-forum_module-module-lib> 
logos-forum_module-module-lib> -- Build files have been written to: /nix/var/nix/builds/nix-61455-3775120107/bxvx1b9abgxf81dllwq6aa546p4v97s0-source/build
logos-forum_module-module-lib> cmake: enabled parallel building
logos-forum_module-module-lib> cmake: enabled parallel installing
logos-forum_module-module-lib> Running phase: buildPhase
logos-forum_module-module-lib> build flags: -j4
logos-forum_module-module-lib> [0/2] Re-checking globbed directories...
logos-forum_module-module-lib> [1/18] Automatic MOC for target forum_module_replica_factory
logos-forum_module-module-lib> [2/18] Automatic MOC for target forum_module_module_plugin
logos-forum_module-module-lib> [3/18] Generating rep_forum_module_replica.h
logos-forum_module-module-lib> [4/18] Generating rep_forum_module_source.h
logos-forum_module-module-lib> [5/18] Generating moc_rep_forum_module_replica.cpp
logos-forum_module-module-lib> [6/18] Generating moc_rep_forum_module_source.cpp
logos-forum_module-module-lib> [7/18] Building CXX object CMakeFiles/forum_module_replica_factory.dir/forum_module_replica_factory_autogen/mocs_compilation.cpp.o
logos-forum_module-module-lib> [8/18] Building CXX object CMakeFiles/forum_module_module_plugin.dir/forum_module_module_plugin_autogen/mocs_compilation.cpp.o
logos-forum_module-module-lib> FAILED: [code=1] CMakeFiles/forum_module_module_plugin.dir/forum_module_module_plugin_autogen/mocs_compilation.cpp.o
logos-forum_module-module-lib> /nix/store/zzx6cfl99zknfrj9v7lmrshwzslfjv26-clang-wrapper-19.1.7/bin/clang++ -DBOOST_SYSTEM_DYN_LINK -DBOOST_SYSTEM_NO_LIB -DQT_CORE_LIB -DQT_NETWORK_LIB -DQT_NO_DEBUG -DQT_REMOTEOBJECTS_LIB -Dforum_module_module_plugin_EXPORTS -I/nix/var/nix/builds/nix-61455-3775120107/bxvx1b9abgxf81dllwq6aa546p4v97s0-source/build/forum_module_module_plugin_autogen/include -I/nix/store/ndn52sc7anhfvn2h047ffwsqn25hs62i-logos-view-module-include/include -I/nix/var/nix/builds/nix-61455-3775120107/bxvx1b9abgxf81dllwq6aa546p4v97s0-source/generated_code -I/nix/var/nix/builds/nix-61455-3775120107/bxvx1b9abgxf81dllwq6aa546p4v97s0-source -I/nix/var/nix/builds/nix-61455-3775120107/bxvx1b9abgxf81dllwq6aa546p4v97s0-source/src -I/nix/var/nix/builds/nix-61455-3775120107/bxvx1b9abgxf81dllwq6aa546p4v97s0-source/build -I/nix/store/82rsdw74zycrwvy6aad94jnrg27f9a9a-logos-module-0.1.0/include/module_lib -I/nix/store/a33v9dppa4k88xlv8cbls5n67vdrsik0-logos-cpp-sdk/include/cpp -I/nix/var/nix/builds/nix-61455-3775120107/bxvx1b9abgxf81dllwq6aa546p4v97s0-source/generated_code/include -I/nix/store/awgcgwqqr529fg6lph2mhb3mjscs0a73-logos-qt-host-0.1.0/include/cpp -I/nix/store/awgcgwqqr529fg6lph2mhb3mjscs0a73-logos-qt-host-0.1.0/include/core -I/nix/store/rwvd3ymqb9qq9z1pifq6gynvgwp07493-logos-qt-sdk/include/cpp -I/nix/store/l61qallmailjkxr24ynyi91hq2cy96qm-logos-protocol/include/cpp -I/nix/var/nix/builds/nix-61455-3775120107/bxvx1b9abgxf81dllwq6aa546p4v97s0-source/build/view_plugin_base_forum_module -isystem /nix/store/a9aq909fc6ymnawnk877qcs4gklzm1c1-qtbase-6.9.2/lib/QtCore.framework/Headers -iframework /nix/store/a9aq909fc6ymnawnk877qcs4gklzm1c1-qtbase-6.9.2/lib -isystem /nix/store/a9aq909fc6ymnawnk877qcs4gklzm1c1-qtbase-6.9.2/mkspecs/macx-clang -isystem /nix/store/a0z4ipq0hcakknsi5f1icgpdmch3simf-qtremoteobjects-6.9.2/lib/QtRemoteObjects.framework/Headers -iframework /nix/store/a0z4ipq0hcakknsi5f1icgpdmch3simf-qtremoteobjects-6.9.2/lib -isystem /nix/store/a9aq909fc6ymnawnk877qcs4gklzm1c1-qtbase-6.9.2/lib/QtNetwork.framework/Headers -isystem /nix/store/l61qallmailjkxr24ynyi91hq2cy96qm-logos-protocol/include/implementations/qt_local -isystem /nix/store/l61qallmailjkxr24ynyi91hq2cy96qm-logos-protocol/include/implementations/qt_remote -isystem /nix/store/l61qallmailjkxr24ynyi91hq2cy96qm-logos-protocol/include/implementations/mock -isystem /nix/store/l61qallmailjkxr24ynyi91hq2cy96qm-logos-protocol/include/implementations/plain -O3 -DNDEBUG -isysroot /nix/store/rhlyld20zdzdi5wghb4b12gw52s9whr9-apple-sdk-11.3/Platforms/MacOSX.platform/Developer/SDKs/MacOSX.sdk -fPIC -MD -MT CMakeFiles/forum_module_module_plugin.dir/forum_module_module_plugin_autogen/mocs_compilation.cpp.o -MF CMakeFiles/forum_module_module_plugin.dir/forum_module_module_plugin_autogen/mocs_compilation.cpp.o.d -o CMakeFiles/forum_module_module_plugin.dir/forum_module_module_plugin_autogen/mocs_compilation.cpp.o -c /nix/var/nix/builds/nix-61455-3775120107/bxvx1b9abgxf81dllwq6aa546p4v97s0-source/build/forum_module_module_plugin_autogen/mocs_compilation.cpp
logos-forum_module-module-lib> In file included from /nix/var/nix/builds/nix-61455-3775120107/bxvx1b9abgxf81dllwq6aa546p4v97s0-source/build/forum_module_module_plugin_autogen/mocs_compilation.cpp:2:
logos-forum_module-module-lib> In file included from /nix/var/nix/builds/nix-61455-3775120107/bxvx1b9abgxf81dllwq6aa546p4v97s0-source/build/forum_module_module_plugin_autogen/2LLIQEBBVP/moc_forum_module_ui_glue.cpp:9:
logos-forum_module-module-lib> /nix/var/nix/builds/nix-61455-3775120107/bxvx1b9abgxf81dllwq6aa546p4v97s0-source/build/forum_module_module_plugin_autogen/2LLIQEBBVP/../../../generated_code/forum_module_ui_glue.h:47:21: error: use of undeclared identifier 'ForumModuleBackend'
logos-forum_module-module-lib>    47 |     std::unique_ptr<ForumModuleBackend> m_backend;
logos-forum_module-module-lib>       |                     ^
logos-forum_module-module-lib> In file included from /nix/var/nix/builds/nix-61455-3775120107/bxvx1b9abgxf81dllwq6aa546p4v97s0-source/build/forum_module_module_plugin_autogen/mocs_compilation.cpp:2:
logos-forum_module-module-lib> /nix/var/nix/builds/nix-61455-3775120107/bxvx1b9abgxf81dllwq6aa546p4v97s0-source/build/forum_module_module_plugin_autogen/2LLIQEBBVP/moc_forum_module_ui_glue.cpp:119:16: error: static_cast from 'ForumModulePlugin *' to 'ForumModuleInterface *', which are not related by inheritance, is not allowed
logos-forum_module-module-lib>   119 |         return static_cast< ForumModuleInterface*>(this);
logos-forum_module-module-lib>       |                ^~~~~~~~~~~~~~~~~~~~~~~~~~~~~~~~~~~~~~~~~
logos-forum_module-module-lib> /nix/var/nix/builds/nix-61455-3775120107/bxvx1b9abgxf81dllwq6aa546p4v97s0-source/build/forum_module_module_plugin_autogen/2LLIQEBBVP/moc_forum_module_ui_glue.cpp:121:16: error: static_cast from 'ForumModulePlugin *' to 'ForumViewPluginBase *', which are not related by inheritance, is not allowed
logos-forum_module-module-lib>   121 |         return static_cast< ForumViewPluginBase*>(this);
logos-forum_module-module-lib>       |                ^~~~~~~~~~~~~~~~~~~~~~~~~~~~~~~~~~~~~~~~
logos-forum_module-module-lib> /nix/var/nix/builds/nix-61455-3775120107/bxvx1b9abgxf81dllwq6aa546p4v97s0-source/build/forum_module_module_plugin_autogen/2LLIQEBBVP/moc_forum_module_ui_glue.cpp:123:16: error: static_cast from 'ForumModulePlugin *' to 'ForumModuleInterface *', which are not related by inheritance, is not allowed
logos-forum_module-module-lib>   123 |         return static_cast< ForumModuleInterface*>(this);
logos-forum_module-module-lib>       |                ^~~~~~~~~~~~~~~~~~~~~~~~~~~~~~~~~~~~~~~~~
logos-forum_module-module-lib> /nix/var/nix/builds/nix-61455-3775120107/bxvx1b9abgxf81dllwq6aa546p4v97s0-source/build/forum_module_module_plugin_autogen/2LLIQEBBVP/moc_forum_module_ui_glue.cpp:125:16: error: static_cast from 'ForumModulePlugin *' to 'LogosViewPlugin *', which are not related by inheritance, is not allowed
logos-forum_module-module-lib>   125 |         return static_cast< LogosViewPlugin*>(this);
logos-forum_module-module-lib>       |                ^~~~~~~~~~~~~~~~~~~~~~~~~~~~~~~~~~~~
logos-forum_module-module-lib> /nix/var/nix/builds/nix-61455-3775120107/bxvx1b9abgxf81dllwq6aa546p4v97s0-source/build/forum_module_module_plugin_autogen/2LLIQEBBVP/moc_forum_module_ui_glue.cpp:126:21: error: cannot initialize object parameter of type 'QObject' with an expression of type 'ForumModulePlugin'
logos-forum_module-module-lib>   126 |     return QObject::qt_metacast(_clname);
logos-forum_module-module-lib>       |                     ^~~~~~~~~~~
logos-forum_module-module-lib> /nix/var/nix/builds/nix-61455-3775120107/bxvx1b9abgxf81dllwq6aa546p4v97s0-source/build/forum_module_module_plugin_autogen/2LLIQEBBVP/moc_forum_module_ui_glue.cpp:131:20: error: cannot initialize object parameter of type 'QObject' with an expression of type 'ForumModulePlugin'
logos-forum_module-module-lib>   131 |     _id = QObject::qt_metacall(_c, _id, _a);
logos-forum_module-module-lib>       |                    ^~~~~~~~~~~
logos-forum_module-module-lib> /nix/var/nix/builds/nix-61455-3775120107/bxvx1b9abgxf81dllwq6aa546p4v97s0-source/build/forum_module_module_plugin_autogen/2LLIQEBBVP/moc_forum_module_ui_glue.cpp:136:32: error: cannot initialize a parameter of type 'QObject *' with an rvalue of type 'ForumModulePlugin *'
logos-forum_module-module-lib>   136 |             qt_static_metacall(this, _c, _id, _a);
logos-forum_module-module-lib>       |                                ^~~~
logos-forum_module-module-lib> /nix/var/nix/builds/nix-61455-3775120107/bxvx1b9abgxf81dllwq6aa546p4v97s0-source/build/forum_module_module_plugin_autogen/2LLIQEBBVP/moc_forum_module_ui_glue.cpp:78:53: note: passing argument to parameter '_o' here
logos-forum_module-module-lib>    78 | void ForumModulePlugin::qt_static_metacall(QObject *_o, QMetaObject::Call _c, int _id, void **_a)
logos-forum_module-module-lib>       |                                                     ^
logos-forum_module-module-lib> /nix/var/nix/builds/nix-61455-3775120107/bxvx1b9abgxf81dllwq6aa546p4v97s0-source/build/forum_module_module_plugin_autogen/2LLIQEBBVP/moc_forum_module_ui_glue.cpp:141:32: error: cannot initialize a parameter of type 'QObject *' with an rvalue of type 'ForumModulePlugin *'
logos-forum_module-module-lib>   141 |             qt_static_metacall(this, _c, _id, _a);
logos-forum_module-module-lib>       |                                ^~~~
logos-forum_module-module-lib> /nix/var/nix/builds/nix-61455-3775120107/bxvx1b9abgxf81dllwq6aa546p4v97s0-source/build/forum_module_module_plugin_autogen/2LLIQEBBVP/moc_forum_module_ui_glue.cpp:78:53: note: passing argument to parameter '_o' here
logos-forum_module-module-lib>    78 | void ForumModulePlugin::qt_static_metacall(QObject *_o, QMetaObject::Call _c, int _id, void **_a)
logos-forum_module-module-lib>       |                                                     ^
logos-forum_module-module-lib> /nix/var/nix/builds/nix-61455-3775120107/bxvx1b9abgxf81dllwq6aa546p4v97s0-source/build/forum_module_module_plugin_autogen/2LLIQEBBVP/moc_forum_module_ui_glue.cpp:150:5: error: no matching function for call to 'activate'
logos-forum_module-module-lib>   150 |     QMetaObject::activate(this, &staticMetaObject, 0, nullptr);
logos-forum_module-module-lib>       |     ^~~~~~~~~~~~~~~~~~~~~
logos-forum_module-module-lib> /nix/store/a9aq909fc6ymnawnk877qcs4gklzm1c1-qtbase-6.9.2/lib/QtCore.framework/Headers/qobjectdefs.h:297:17: note: candidate function not viable: no known conversion from 'ForumModulePlugin *' to 'QObject *' for 1st argument
logos-forum_module-module-lib>   297 |     static void activate(QObject *sender, const QMetaObject *, int local_signal_index, void **argv);
logos-forum_module-module-lib>       |                 ^        ~~~~~~~~~~~~~~~
logos-forum_module-module-lib> /nix/store/a9aq909fc6ymnawnk877qcs4gklzm1c1-qtbase-6.9.2/lib/QtCore.framework/Headers/qobjectdefs.h:298:17: note: candidate function not viable: no known conversion from 'ForumModulePlugin *' to 'QObject *' for 1st argument
logos-forum_module-module-lib>   298 |     static void activate(QObject *sender, int signal_offset, int local_signal_index, void **argv);
logos-forum_module-module-lib>       |                 ^        ~~~~~~~~~~~~~~~
logos-forum_module-module-lib> /nix/store/a9aq909fc6ymnawnk877qcs4gklzm1c1-qtbase-6.9.2/lib/QtCore.framework/Headers/qobjectdefs.h:300:5: note: candidate template ignored: could not match 'Ret *' against 'std::nullptr_t'
logos-forum_module-module-lib>   300 |     activate(QObject *sender, const QMetaObject *mo, int local_signal_index, Ret *ret, const Args &... args)
logos-forum_module-module-lib>       |     ^
logos-forum_module-module-lib> /nix/store/a9aq909fc6ymnawnk877qcs4gklzm1c1-qtbase-6.9.2/lib/QtCore.framework/Headers/qobjectdefs.h:296:17: note: candidate function not viable: requires 3 arguments, but 4 were provided
logos-forum_module-module-lib>   296 |     static void activate(QObject *sender, int signal_index, void **argv);
logos-forum_module-module-lib>       |                 ^        ~~~~~~~~~~~~~~~~~~~~~~~~~~~~~~~~~~~~~~~~~~~~~~
logos-forum_module-module-lib> In file included from /nix/var/nix/builds/nix-61455-3775120107/bxvx1b9abgxf81dllwq6aa546p4v97s0-source/build/forum_module_module_plugin_autogen/mocs_compilation.cpp:2:
logos-forum_module-module-lib> /nix/var/nix/builds/nix-61455-3775120107/bxvx1b9abgxf81dllwq6aa546p4v97s0-source/build/forum_module_module_plugin_autogen/2LLIQEBBVP/moc_forum_module_ui_glue.cpp:230:1: error: no viable overloaded '='
logos-forum_module-module-lib>   230 | QT_MOC_EXPORT_PLUGIN_V2(ForumModulePlugin, ForumModulePlugin, qt_pluginMetaDataV2_ForumModulePlugin)
logos-forum_module-module-lib>       | ^~~~~~~~~~~~~~~~~~~~~~~~~~~~~~~~~~~~~~~~~~~~~~~~~~~~~~~~~~~~~~~~~~~~~~~~~~~~~~~~~~~~~~~~~~~~~~~~~~~~
logos-forum_module-module-lib> /nix/store/a9aq909fc6ymnawnk877qcs4gklzm1c1-qtbase-6.9.2/lib/QtCore.framework/Headers/qplugin.h:254:5: note: expanded from macro 'QT_MOC_EXPORT_PLUGIN_V2'
logos-forum_module-module-lib>   254 |     QT_MOC_EXPORT_PLUGIN_COMMON(PLUGINCLASS, MANGLEDNAME)
logos-forum_module-module-lib>       |     ^~~~~~~~~~~~~~~~~~~~~~~~~~~~~~~~~~~~~~~~~~~~~~~~~~~~~
logos-forum_module-module-lib> /nix/store/a9aq909fc6ymnawnk877qcs4gklzm1c1-qtbase-6.9.2/lib/QtCore.framework/Headers/qplugin.h:242:5: note: expanded from macro 'QT_MOC_EXPORT_PLUGIN_COMMON'
logos-forum_module-module-lib>   242 |     Q_PLUGIN_INSTANCE(PLUGINCLASS)                                                              \
logos-forum_module-module-lib>       |     ^~~~~~~~~~~~~~~~~~~~~~~~~~~~~~
logos-forum_module-module-lib> /nix/store/a9aq909fc6ymnawnk877qcs4gklzm1c1-qtbase-6.9.2/lib/QtCore.framework/Headers/qplugin.h:217:27: note: expanded from macro 'Q_PLUGIN_INSTANCE'
logos-forum_module-module-lib>   217 |                 _instance = new IMPLEMENTATION; \
logos-forum_module-module-lib>       |                 ~~~~~~~~~ ^ ~~~~~~~~~~~~~~~~~~
logos-forum_module-module-lib> /nix/store/a9aq909fc6ymnawnk877qcs4gklzm1c1-qtbase-6.9.2/lib/QtCore.framework/Headers/qpointer.h:51:15: note: candidate template ignored: could not match 'QPointer<X>' against 'ForumModulePlugin *'
logos-forum_module-module-lib>    51 |     QPointer &operator=(const QPointer<X> &other) noexcept
logos-forum_module-module-lib>       |               ^
logos-forum_module-module-lib> /nix/store/a9aq909fc6ymnawnk877qcs4gklzm1c1-qtbase-6.9.2/lib/QtCore.framework/Headers/qpointer.h:58:15: note: candidate template ignored: could not match 'QPointer<X>' against 'ForumModulePlugin *'
logos-forum_module-module-lib>    58 |     QPointer &operator=(QPointer<X> &&other) noexcept
logos-forum_module-module-lib>       |               ^
logos-forum_module-module-lib> /nix/store/a9aq909fc6ymnawnk877qcs4gklzm1c1-qtbase-6.9.2/lib/QtCore.framework/Headers/qpointer.h:71:25: note: candidate function not viable: no known conversion from 'ForumModulePlugin *' to 'QObject *' for 1st argument
logos-forum_module-module-lib>    71 |     inline QPointer<T> &operator=(T* p)
logos-forum_module-module-lib>       |                         ^         ~~~~
logos-forum_module-module-lib> /nix/store/a9aq909fc6ymnawnk877qcs4gklzm1c1-qtbase-6.9.2/lib/QtCore.framework/Headers/qpointer.h:18:7: note: candidate function (the implicit copy assignment operator) not viable: no known conversion from 'ForumModulePlugin *' to 'const QPointer<QObject>' for 1st argument
logos-forum_module-module-lib>    18 | class QPointer
logos-forum_module-module-lib>       |       ^~~~~~~~
logos-forum_module-module-lib> /nix/store/a9aq909fc6ymnawnk877qcs4gklzm1c1-qtbase-6.9.2/lib/QtCore.framework/Headers/qpointer.h:18:7: note: candidate function (the implicit move assignment operator) not viable: no known conversion from 'ForumModulePlugin *' to 'QPointer<QObject>' for 1st argument
logos-forum_module-module-lib>    18 | class QPointer
logos-forum_module-module-lib>       |       ^~~~~~~~
logos-forum_module-module-lib> In file included from /nix/var/nix/builds/nix-61455-3775120107/bxvx1b9abgxf81dllwq6aa546p4v97s0-source/build/forum_module_module_plugin_autogen/mocs_compilation.cpp:2:
logos-forum_module-module-lib> In file included from /nix/var/nix/builds/nix-61455-3775120107/bxvx1b9abgxf81dllwq6aa546p4v97s0-source/build/forum_module_module_plugin_autogen/2LLIQEBBVP/moc_forum_module_ui_glue.cpp:9:
logos-forum_module-module-lib> /nix/var/nix/builds/nix-61455-3775120107/bxvx1b9abgxf81dllwq6aa546p4v97s0-source/build/forum_module_module_plugin_autogen/2LLIQEBBVP/../../../generated_code/forum_module_ui_glue.h:20:7: error: call to deleted constructor of 'QObject'
logos-forum_module-module-lib>    20 | class ForumModulePlugin : public QObject,
logos-forum_module-module-lib>       |       ^~~~~~~~~~~~~~~~~
logos-forum_module-module-lib> /nix/store/a9aq909fc6ymnawnk877qcs4gklzm1c1-qtbase-6.9.2/lib/QtCore.framework/Headers/qmetatype.h:2483:32: note: in implicit copy constructor for 'ForumModulePlugin' first required here
logos-forum_module-module-lib>  2483 |                     new (addr) S(*reinterpret_cast<const S *>(other));
logos-forum_module-module-lib>       |                                ^
logos-forum_module-module-lib> /nix/store/a9aq909fc6ymnawnk877qcs4gklzm1c1-qtbase-6.9.2/lib/QtCore.framework/Headers/qmetatype.h:2476:82: note: while substituting into a lambda expression here
logos-forum_module-module-lib>  2476 |             return [](const QMetaTypeInterface *, void *addr, const void *other) {
logos-forum_module-module-lib>       |                                                                                  ^
logos-forum_module-module-lib> /nix/store/a9aq909fc6ymnawnk877qcs4gklzm1c1-qtbase-6.9.2/lib/QtCore.framework/Headers/qmetatype.h:2549:44: note: in instantiation of member function 'QtPrivate::QMetaTypeForType<ForumModulePlugin>::getCopyCtr' requested here
logos-forum_module-module-lib>  2549 |         /*.copyCtr=*/ QMetaTypeForType<T>::getCopyCtr(),
logos-forum_module-module-lib>       |                                            ^
logos-forum_module-module-lib> /nix/store/a9aq909fc6ymnawnk877qcs4gklzm1c1-qtbase-6.9.2/lib/QtCore.framework/Headers/qmetatype.h:2643:44: note: in instantiation of static data member 'QtPrivate::QMetaTypeInterfaceWrapper<ForumModulePlugin>::metaType' requested here
logos-forum_module-module-lib>  2643 |     return &QMetaTypeInterfaceWrapper<Ty>::metaType;
logos-forum_module-module-lib>       |                                            ^
logos-forum_module-module-lib> /nix/store/a9aq909fc6ymnawnk877qcs4gklzm1c1-qtbase-6.9.2/lib/QtCore.framework/Headers/qobject.h:392:20: note: 'QObject' has been explicitly marked deleted here
logos-forum_module-module-lib>   392 |     Q_DISABLE_COPY(QObject)
logos-forum_module-module-lib>       |                    ^
logos-forum_module-module-lib> In file included from /nix/var/nix/builds/nix-61455-3775120107/bxvx1b9abgxf81dllwq6aa546p4v97s0-source/build/forum_module_module_plugin_autogen/mocs_compilation.cpp:2:
logos-forum_module-module-lib> In file included from /nix/var/nix/builds/nix-61455-3775120107/bxvx1b9abgxf81dllwq6aa546p4v97s0-source/build/forum_module_module_plugin_autogen/2LLIQEBBVP/moc_forum_module_ui_glue.cpp:9:
logos-forum_module-module-lib> /nix/var/nix/builds/nix-61455-3775120107/bxvx1b9abgxf81dllwq6aa546p4v97s0-source/build/forum_module_module_plugin_autogen/2LLIQEBBVP/../../../generated_code/forum_module_ui_glue.h:20:7: error: call to implicitly-deleted copy constructor of 'std::unique_ptr<LogosModules>'
logos-forum_module-module-lib>    20 | class ForumModulePlugin : public QObject,
logos-forum_module-module-lib>       |       ^~~~~~~~~~~~~~~~~
logos-forum_module-module-lib> /nix/store/797z3fy28rz9hd7k7jr1hysq9mhjvggb-libcxx-19.1.7-dev/include/c++/v1/__memory/unique_ptr.h:215:55: note: copy constructor is implicitly deleted because 'unique_ptr<LogosModules>' has a user-declared move constructor
logos-forum_module-module-lib>   215 |   _LIBCPP_HIDE_FROM_ABI _LIBCPP_CONSTEXPR_SINCE_CXX23 unique_ptr(unique_ptr&& __u) _NOEXCEPT
logos-forum_module-module-lib>       |                                                       ^
logos-forum_module-module-lib> /nix/store/797z3fy28rz9hd7k7jr1hysq9mhjvggb-libcxx-19.1.7-dev/include/c++/v1/__memory/unique_ptr.h:78:19: error: invalid application of 'sizeof' to an incomplete type 'LogosModules'
logos-forum_module-module-lib>    78 |     static_assert(sizeof(_Tp) >= 0, "cannot delete an incomplete type");
logos-forum_module-module-lib>       |                   ^~~~~~~~~~~
logos-forum_module-module-lib> /nix/store/797z3fy28rz9hd7k7jr1hysq9mhjvggb-libcxx-19.1.7-dev/include/c++/v1/__memory/unique_ptr.h:292:7: note: in instantiation of member function 'std::default_delete<LogosModules>::operator()' requested here
logos-forum_module-module-lib>   292 |       __ptr_.second()(__tmp);
logos-forum_module-module-lib>       |       ^
logos-forum_module-module-lib> /nix/store/797z3fy28rz9hd7k7jr1hysq9mhjvggb-libcxx-19.1.7-dev/include/c++/v1/__memory/unique_ptr.h:261:71: note: in instantiation of member function 'std::unique_ptr<LogosModules>::reset' requested here
logos-forum_module-module-lib>   261 |   _LIBCPP_HIDE_FROM_ABI _LIBCPP_CONSTEXPR_SINCE_CXX23 ~unique_ptr() { reset(); }
logos-forum_module-module-lib>       |                                                                       ^
logos-forum_module-module-lib> /nix/var/nix/builds/nix-61455-3775120107/bxvx1b9abgxf81dllwq6aa546p4v97s0-source/build/forum_module_module_plugin_autogen/2LLIQEBBVP/../../../generated_code/forum_module_ui_glue.h:20:7: note: in instantiation of member function 'std::unique_ptr<LogosModules>::~unique_ptr' requested here
logos-forum_module-module-lib>    20 | class ForumModulePlugin : public QObject,
logos-forum_module-module-lib>       |       ^
logos-forum_module-module-lib> /nix/store/a9aq909fc6ymnawnk877qcs4gklzm1c1-qtbase-6.9.2/lib/QtCore.framework/Headers/qmetatype.h:2643:44: note: in instantiation of static data member 'QtPrivate::QMetaTypeInterfaceWrapper<ForumModulePlugin>::metaType' requested here
logos-forum_module-module-lib>  2643 |     return &QMetaTypeInterfaceWrapper<Ty>::metaType;
logos-forum_module-module-lib>       |                                            ^
logos-forum_module-module-lib> /nix/store/ndn52sc7anhfvn2h047ffwsqn25hs62i-logos-view-module-include/include/logos_ui_plugin_context.h:49:8: note: forward declaration of 'LogosModules'
logos-forum_module-module-lib>    49 | struct LogosModules;
logos-forum_module-module-lib>       |        ^
logos-forum_module-module-lib> 14 errors generated.
logos-forum_module-module-lib> [9/18] Building CXX object CMakeFiles/forum_module_replica_factory.dir/moc_rep_forum_module_replica.cpp.o
logos-forum_module-module-lib> [10/18] Building CXX object CMakeFiles/forum_module_replica_factory.dir/replica_factory_forum_module/LogosViewReplicaFactory.cpp.o
logos-forum_module-module-lib> [11/18] Building CXX object CMakeFiles/forum_module_module_plugin.dir/src/forum_module_backend.cpp.o
logos-forum_module-module-lib> ninja: build stopped: subcommand failed.
error: Cannot build '/nix/store/l1kjxinjmd2askkga388b5avv4fh0dmj-logos-forum_module-module-lib-0.1.0.drv'.
       Reason: builder failed with exit code 1.
       Output paths:
         /nix/store/wbdn8znxavyzr3ykwgm3k60drc48n7nk-logos-forum_module-module-lib-0.1.0
       Last 25 log lines:
       >   215 |   _LIBCPP_HIDE_FROM_ABI _LIBCPP_CONSTEXPR_SINCE_CXX23 unique_ptr(unique_ptr&& __u) _NOEXCEPT
       >       |                                                       ^
       > /nix/store/797z3fy28rz9hd7k7jr1hysq9mhjvggb-libcxx-19.1.7-dev/include/c++/v1/__memory/unique_ptr.h:78:19: error: invalid application of 'sizeof' to an incomplete type 'LogosModules'
       >    78 |     static_assert(sizeof(_Tp) >= 0, "cannot delete an incomplete type");
       >       |                   ^~~~~~~~~~~
       > /nix/store/797z3fy28rz9hd7k7jr1hysq9mhjvggb-libcxx-19.1.7-dev/include/c++/v1/__memory/unique_ptr.h:292:7: note: in instantiation of member function 'std::default_delete<LogosModules>::operator()' requested here
       >   292 |       __ptr_.second()(__tmp);
       >       |       ^
       > /nix/store/797z3fy28rz9hd7k7jr1hysq9mhjvggb-libcxx-19.1.7-dev/include/c++/v1/__memory/unique_ptr.h:261:71: note: in instantiation of member function 'std::unique_ptr<LogosModules>::reset' requested here
       >   261 |   _LIBCPP_HIDE_FROM_ABI _LIBCPP_CONSTEXPR_SINCE_CXX23 ~unique_ptr() { reset(); }
       >       |                                                                       ^
       > /nix/var/nix/builds/nix-61455-3775120107/bxvx1b9abgxf81dllwq6aa546p4v97s0-source/build/forum_module_module_plugin_autogen/2LLIQEBBVP/../../../generated_code/forum_module_ui_glue.h:20:7: note: in instantiation of member function 'std::unique_ptr<LogosModules>::~unique_ptr' requested here
       >    20 | class ForumModulePlugin : public QObject,
       >       |       ^
       > /nix/store/a9aq909fc6ymnawnk877qcs4gklzm1c1-qtbase-6.9.2/lib/QtCore.framework/Headers/qmetatype.h:2643:44: note: in instantiation of static data member 'QtPrivate::QMetaTypeInterfaceWrapper<ForumModulePlugin>::metaType' requested here
       >  2643 |     return &QMetaTypeInterfaceWrapper<Ty>::metaType;
       >       |                                            ^
       > /nix/store/ndn52sc7anhfvn2h047ffwsqn25hs62i-logos-view-module-include/include/logos_ui_plugin_context.h:49:8: note: forward declaration of 'LogosModules'
       >    49 | struct LogosModules;
       >       |        ^
       > 14 errors generated.
       > [9/18] Building CXX object CMakeFiles/forum_module_replica_factory.dir/moc_rep_forum_module_replica.cpp.o
       > [10/18] Building CXX object CMakeFiles/forum_module_replica_factory.dir/replica_factory_forum_module/LogosViewReplicaFactory.cpp.o
       > [11/18] Building CXX object CMakeFiles/forum_module_module_plugin.dir/src/forum_module_backend.cpp.o
       > ninja: build stopped: subcommand failed.
       For full logs, run:
         nix log /nix/store/l1kjxinjmd2askkga388b5avv4fh0dmj-logos-forum_module-module-lib-0.1.0.drv
error: Cannot build '/nix/store/f9lhkwb9pxrajix39w9nyc814mg9zysc-logos-forum_module-module.drv'.
       Reason: 1 dependency failed.
       Output paths:
         /nix/store/s21b6ycjmn9r7k1m8150b6q5xhszc0ls-logos-forum_module-module
❌ path:<repo>#
error: Build failed due to failed dependency
=== m0 build 2 exit=1 2026-10-01T16:31:49Z
