run-logos-standalone-ui: hot-reloading QML from <repo>/src/qml
  (export DEV_QML_PATH to override, or LOGOS_QML_HOT_RELOAD=0 to disable)
Session directory: "~/Library/Application Support/Logos/LogosStandalone"
[2026-10-03 08:41:52.057] [info] [logos] Granting host services to 'capability_module': token_registry,token_delivery
[2026-10-03 08:41:52.105] [out] [capability_module] [2026-10-03 08:41:52.105] [info] Granting host services to capability_module: ["token_registry","token_delivery"]
RemoteTransportConnection: Connecting to registry: "local:logos_capability_module_1d8dd5462589" at "08:41:52.107"
RemoteTransportConnection: Registry connect attempt started (no peer contact yet): "local:logos_capability_module_1d8dd5462589"
LogosAPIConsumer: Informing module token for module: "capability_module" with token: "redacted:50c75172…"
RemoteTransportConnection: Requesting object: "capability_module" at "08:41:52.108"
[LogosObject] RemoteTransportConnection: returning RemoteLogosObject for: "capability_module"
[LogosObject] Created RemoteLogosObject wrapping QRemoteObjectReplica 105553168799936
[LogosObject] LogosAPIConsumer: calling LogosObject::informModuleToken for "capability_module"
LogosAPIConsumer: informModuleToken completed with result: true
[LogosObject] Destroying RemoteLogosObject 0
[2026-10-03 08:41:52.129] [info] [logos] Module loaded: capability_module
LogosAPIConsumer: Informing module token for module: "modules_state" with token: "redacted:c2c1c1c1…"
RemoteTransportConnection: Requesting object: "capability_module" at "08:41:52.166"
[LogosObject] RemoteTransportConnection: returning RemoteLogosObject for: "capability_module"
[LogosObject] Created RemoteLogosObject wrapping QRemoteObjectReplica 105553168745056
[LogosObject] LogosAPIConsumer: calling LogosObject::informModuleToken for "modules_state"
LogosAPIConsumer: informModuleToken completed with result: true
[LogosObject] Destroying RemoteLogosObject 0
[2026-10-03 08:41:52.167] [info] [logos] Module loaded: modules_state
RemoteTransportConnection: Connecting to registry: "local:logos_modules_state_1d8dd5462589" at "08:41:52.167"
RemoteTransportConnection: Registry connect attempt started (no peer contact yet): "local:logos_modules_state_1d8dd5462589"
RemoteTransportConnection: Connecting to registry: "local:logos_capability_module_1d8dd5462589" at "08:41:52.167"
RemoteTransportConnection: Registry connect attempt started (no peer contact yet): "local:logos_capability_module_1d8dd5462589"
LogosAPIConsumer: '"modules_state"::""' deferred pending the module becoming reachable
LogosAPIConsumer: '"modules_state"::""' deferred pending the module becoming reachable
Logos Core started (modules dir: "/nix/store/4v2cj5cr5dlsjb9cl0blr0cds0qf07iv-logos-forum_module-plugin-dir-modules" )
Set app icon from metadata: "/nix/store/99pzzrix2rg9gyi1iibij0s2gmh07y3q-logos-forum_module-plugin-dir/src/icons/icon.png"
[2026-10-03 08:41:52.236] [info] [logos] [delivery_module] DeliveryModuleImpl: Initializing...
LogosAPIConsumer: Informing module token for module: "delivery_module" with token: "redacted:b0eba230…"
RemoteTransportConnection: Requesting object: "capability_module" at "08:41:52.237"
[LogosObject] RemoteTransportConnection: returning RemoteLogosObject for: "capability_module"
[LogosObject] Created RemoteLogosObject wrapping QRemoteObjectReplica 105553169138720
[LogosObject] LogosAPIConsumer: calling LogosObject::informModuleToken for "delivery_module"
LogosAPIConsumer: informModuleToken completed with result: true
[LogosObject] Destroying RemoteLogosObject 0
[2026-10-03 08:41:52.237] [info] [logos] Module loaded: delivery_module
RemoteTransportConnection: Connecting to registry: "local:logos_delivery_module_1d8dd5462589" at "08:41:52.238"
RemoteTransportConnection: Registry connect attempt started (no peer contact yet): "local:logos_delivery_module_1d8dd5462589"
RemoteTransportConnection: Connecting to registry: "local:logos_capability_module_1d8dd5462589" at "08:41:52.238"
RemoteTransportConnection: Registry connect attempt started (no peer contact yet): "local:logos_capability_module_1d8dd5462589"
LogosAPIConsumer: '"delivery_module"::""' deferred pending the module becoming reachable
LogosAPIClient: getToken for module: "modules_state"
LogosAPIClient: Found token for module: "modules_state"
RemoteTransportConnection: Requesting object: "modules_state" at "08:41:52.238"
[LogosObject] RemoteTransportConnection: returning RemoteLogosObject for: "modules_state"
[LogosObject] Created RemoteLogosObject wrapping QRemoteObjectReplica 105553168897568
[LogosObject] LogosAPIConsumer: async calling via LogosObject::callMethodAsync "note_transition"
[LogosObject] RemoteLogosObject::callMethodAsync "note_transition" args: 7
LogosAPIClient: getToken for module: "modules_state"
LogosAPIClient: Found token for module: "modules_state"
[LogosObject] LogosAPIConsumer: async calling via LogosObject::callMethodAsync "note_transition"
[LogosObject] RemoteLogosObject::callMethodAsync "note_transition" args: 7
Loaded dependency (with transitive deps): "delivery_module"
[2026-10-03 08:41:52.277] [info] [logos] [storage_module] StorageModuleImpl: Initializing...
LogosAPIConsumer: Informing module token for module: "storage_module" with token: "redacted:881603d0…"
RemoteTransportConnection: Requesting object: "capability_module" at "08:41:52.279"
[LogosObject] Created RemoteLogosObject wrapping QRemoteObjectReplica 105553169118720
LogosAPIClient: invoking remote method "modules_state" "apply_snapshot" args_count: 1
LogosAPIClient: getToken for module: "modules_state"
LogosAPIClient: Found token for module: "modules_state"
LogosAPIConsumer: Calling invokeRemoteMethod: "modules_state" "apply_snapshot" args_count: 1 timeout: 20000
[LogosObject] LogosAPIConsumer: calling via LogosObject::callMethod "apply_snapshot"
[LogosObject] RemoteLogosObject::callMethod "apply_snapshot" args: 1
[LogosObject] Created RemoteLogosObject wrapping QRemoteObjectReplica 105553168900064
LogosAPIClient: getToken for module: "modules_state"
LogosAPIClient: Found token for module: "modules_state"
[LogosObject] LogosAPIConsumer: async calling via LogosObject::callMethodAsync "note_transition"
[LogosObject] RemoteLogosObject::callMethodAsync "note_transition" args: 7
LogosAPIClient: getToken for module: "modules_state"
LogosAPIClient: Found token for module: "modules_state"
[LogosObject] LogosAPIConsumer: async calling via LogosObject::callMethodAsync "note_transition"
[LogosObject] RemoteLogosObject::callMethodAsync "note_transition" args: 7
[2026-10-03 08:41:52.279] [info] [logos] Pushed module snapshot to modules_state
LogosAPIClient: getToken for module: "modules_state"
LogosAPIClient: Found token for module: "modules_state"
[LogosObject] LogosAPIConsumer: async calling via LogosObject::callMethodAsync "note_transition"
[LogosObject] RemoteLogosObject::callMethodAsync "note_transition" args: 7
[LogosObject] RemoteTransportConnection: returning RemoteLogosObject for: "capability_module"
[LogosObject] Created RemoteLogosObject wrapping QRemoteObjectReplica 105553169093792
[LogosObject] LogosAPIConsumer: calling LogosObject::informModuleToken for "storage_module"
LogosAPIConsumer: informModuleToken completed with result: true
[LogosObject] Destroying RemoteLogosObject 0
[2026-10-03 08:41:52.280] [info] [logos] Module loaded: storage_module
RemoteTransportConnection: Connecting to registry: "local:logos_storage_module_1d8dd5462589" at "08:41:52.280"
RemoteTransportConnection: Registry connect attempt started (no peer contact yet): "local:logos_storage_module_1d8dd5462589"
RemoteTransportConnection: Connecting to registry: "local:logos_capability_module_1d8dd5462589" at "08:41:52.280"
RemoteTransportConnection: Registry connect attempt started (no peer contact yet): "local:logos_capability_module_1d8dd5462589"
LogosAPIConsumer: '"storage_module"::""' deferred pending the module becoming reachable
LogosAPIClient: getToken for module: "modules_state"
LogosAPIClient: Found token for module: "modules_state"
[LogosObject] LogosAPIConsumer: async calling via LogosObject::callMethodAsync "note_transition"
[LogosObject] RemoteLogosObject::callMethodAsync "note_transition" args: 7
Loaded dependency (with transitive deps): "storage_module"
DEV_QML_PATH override active: <repo>/src/qml/Main.qml
RemoteTransportConnection: Connecting to registry: "local:logos_capability_module_1d8dd5462589" at "08:41:52.281"
RemoteTransportConnection: Registry connect attempt started (no peer contact yet): "local:logos_capability_module_1d8dd5462589"
LogosAPIConsumer: Informing module token for module: "forum_module" with token: "redacted:536b3327…"
RemoteTransportConnection: Requesting object: "capability_module" at "08:41:52.281"
[LogosObject] RemoteTransportConnection: returning RemoteLogosObject for: "capability_module"
[LogosObject] Created RemoteLogosObject wrapping QRemoteObjectReplica 105553169140960
[LogosObject] LogosAPIConsumer: calling LogosObject::informModuleToken for "forum_module"
[LogosObject] Created RemoteLogosObject wrapping QRemoteObjectReplica 105553169139936
LogosAPIClient: getToken for module: "modules_state"
LogosAPIClient: Found token for module: "modules_state"
[LogosObject] LogosAPIConsumer: async calling via LogosObject::callMethodAsync "note_transition"
[LogosObject] RemoteLogosObject::callMethodAsync "note_transition" args: 7
LogosAPIConsumer: informModuleToken completed with result: true
[LogosObject] Destroying RemoteLogosObject 0
[2026-10-03 08:41:52.653] [warning] [logos] [capability_module] Warning: QObject::connect: No such signal ::eventResponse(QString,QVariantList)
[2026-10-03 08:41:52.654] [info] [logos] [delivery_module] DeliveryModuleImpl::getNodeInfo called with nodeInfoId: MyPeerId
[2026-10-03 08:41:52.654] [info] [logos] [delivery_module] DeliveryModuleImpl: Cannot get node info - context not initialized. Call createNode first.
[2026-10-03 08:41:52.654] [info] [logos] [delivery_module] DeliveryModuleImpl::createNode called
[2026-10-03 08:41:52.715] [info] [logos] [delivery_module] DeliveryModuleImpl: Waiting for createNode callback...
[2026-10-03 08:41:52.719] [out] [delivery_module] DBG 2026-10-03 08:41:52.719+02:00 Whether to mount storeSync is not specified, defaulting to not mounting topics="waku conf builder" tid=188967
[2026-10-03 08:41:52.719] [out] [delivery_module] INF 2026-10-03 08:41:52.719+02:00 Sharding configuration:                    topics="waku conf builder" tid=188967 shardingConf="(kind: AutoSharding, numShardsInCluster: 1)" subscribeShards=@[0]
[2026-10-03 08:41:52.720] [out] [delivery_module] INF 2026-10-03 08:41:52.720+02:00 Configuration: Enabled protocols           topics="waku conf" tid=188967 relay=true rlnRelay=false store=false filter=false lightPush=false peerExchange=false rendezvous=false
[2026-10-03 08:41:52.720] [out] [delivery_module] INF 2026-10-03 08:41:52.720+02:00 Configuration. Network                     topics="waku conf" tid=188967 cluster=42
[2026-10-03 08:41:52.720] [out] [delivery_module] DBG 2026-10-03 08:41:52.720+02:00 Configuration. Active Relay Shards         topics="waku conf" tid=188967 shard=0
[2026-10-03 08:41:52.720] [out] [delivery_module] INF 2026-10-03 08:41:52.720+02:00 Setting up storage                         tid=188967
[2026-10-03 08:41:52.720] [out] [delivery_module] INF 2026-10-03 08:41:52.720+02:00 Initializing node                          tid=188967
[2026-10-03 08:41:52.722] [out] [delivery_module] INF 2026-10-03 08:41:52.722+02:00 Initializing networking                    tid=188967 addrs=@[/ip4/127.0.0.1/tcp/54689]
[2026-10-03 08:41:52.722] [out] [delivery_module] INF 2026-10-03 08:41:52.722+02:00 Mounting protocols                         tid=188967
[2026-10-03 08:41:52.723] [out] [delivery_module] INF 2026-10-03 08:41:52.722+02:00 Created WakuMetadata protocol              topics="waku node" tid=188967 clusterId=42 shards="[0]"
[2026-10-03 08:41:52.723] [out] [delivery_module] INF 2026-10-03 08:41:52.723+02:00 Mounting mix protocol                      topics="waku node" tid=188967INF 2026-10-03 08:41:52.723+02:00 node info                                  topics="waku node" tid=188967 wakuInfo="(listenAddresses: [/ip4/127.0.0.1/tcp/54689/p2p/16Uiu2HAmNux7CbCGuSmwc4tfh35t5JTQyAeZz3Zwitrhztf5s5TY], enrUri: enr:-JS4QAi2gFLLlF587K7o8EFzp7MIYJ0eLU7mCuLYIyt9o4LibUx5EYtkZmOr2qGHcFsNUyAG5FXFHldVgTOmIEEw7ccBgmlkgnY0gmlwhH8AAAGCcnOFACoBAACJc2VjcDI1NmsxoQOYaguaXwBbPhpCKxXi2V4PfIE-36CSgYcuVdrTogdLo4N0Y3CC1aGFd2FrdTIh, mixPubKey: none())"
[2026-10-03 08:41:52.723] [out] [delivery_module]  nodeId="(listenAddresses: [/ip4/127.0.0.1/tcp/54689/p2p/16Uiu2HAmNux7CbCGuSmwc4tfh35t5JTQyAeZz3Zwitrhztf5s5TY], enrUri: enr:-JS4QAi2gFLLlF587K7o8EFzp7MIYJ0eLU7mCuLYIyt9o4LibUx5EYtkZmOr2qGHcFsNUyAG5FXFHldVgTOmIEEw7ccBgmlkgnY0gmlwhH8AAAGCcnOFACoBAACJc2VjcDI1NmsxoQOYaguaXwBbPhpCKxXi2V4PfIE-36CSgYcuVdrTogdLo4N0Y3CC1aGFd2FrdTIh, mixPubKey: none())"
[2026-10-03 08:41:52.723] [out] [delivery_module] INF 2026-10-03 08:41:52.723+02:00 local addr                                 topics="waku node" tid=188967 localaddr=/ip4/127.0.0.1/tcp/54689
[2026-10-03 08:41:52.723] [out] [delivery_module] INF 2026-10-03 08:41:52.723+02:00 mixPubKey                                  topics="waku node" tid=188967 mixPubKey="[30, 52, 149, 13, 10, 64, 15, 75, 201, 216, 210, 212, 5, 119, 211, 92, 105, 197, 224, 37, 212, 2, 106, 136, 203, 62, 149, 133, 157, 209, 74, 19]"
[2026-10-03 08:41:52.724] [out] [delivery_module] INF 2026-10-03 08:41:52.724+02:00 Using mix bootstrap nodes                  topics="waku mix" tid=188967 entries=4 poolSize=4
[2026-10-03 08:41:52.724] [out] [delivery_module] INF 2026-10-03 08:41:52.724+02:00 mounting store client                      topics="waku node store api" tid=188967
[2026-10-03 08:41:52.724] [out] [delivery_module] INF 2026-10-03 08:41:52.724+02:00 Mounting auto sharding                     topics="waku node" tid=188967 clusterId=42 shardCount=1
[2026-10-03 08:41:52.724] [out] [delivery_module] DBG 2026-10-03 08:41:52.724+02:00 Shards created from content topics         tid=188967 contentTopics=[] shards=[]
[2026-10-03 08:41:52.724] [out] [delivery_module] DBG 2026-10-03 08:41:52.724+02:00 Setting max message size                   tid=188967 num_bytes=153600
[2026-10-03 08:41:52.724] [out] [delivery_module] INF 2026-10-03 08:41:52.724+02:00 mounting relay protocol                    topics="waku node relay api" tid=188967
[2026-10-03 08:41:52.724] [out] [delivery_module] DBG 2026-10-03 08:41:52.724+02:00 relay mounted successfully                 topics="waku node relay api" tid=188967
[2026-10-03 08:41:52.724] [out] [delivery_module] DBG 2026-10-03 08:41:52.724+02:00 Adding validator to signed shards          tid=188967 protectedShards=[] clusterId=42
[2026-10-03 08:41:52.724] [out] [delivery_module] INF 2026-10-03 08:41:52.724+02:00 mounting libp2p ping protocol              topics="waku node ping api" tid=188967
[2026-10-03 08:41:52.724] [out] [delivery_module] INF 2026-10-03 08:41:52.724+02:00 mounting light push client                 topics="waku node lightpush api" tid=188967
[2026-10-03 08:41:52.724] [out] [delivery_module] INF 2026-10-03 08:41:52.724+02:00 mounting legacy light push client          topics="waku node lightpush api" tid=188967
[2026-10-03 08:41:52.724] [out] [delivery_module] DBG 2026-10-03 08:41:52.724+02:00 Adding peer to service slots               topics="waku node peer_manager" tid=188967 peerId=16U*Rt7brp addr=/ip4/127.0.0.1/tcp/54685 service=/vac/waku/lightpush/3.0.0
[2026-10-03 08:41:52.724] [out] [delivery_module] DBG 2026-10-03 08:41:52.724+02:00 Adding peer to service slots               topics="waku node peer_manager" tid=188967 peerId=16U*Rt7brp addr=/ip4/127.0.0.1/tcp/54685 service=/vac/waku/lightpush/2.0.0-beta1
[2026-10-03 08:41:52.724] [out] [delivery_module] INF 2026-10-03 08:41:52.724+02:00 mounting filter client                     topics="waku node filter api" tid=188967
[2026-10-03 08:41:52.724] [out] [delivery_module] INF 2026-10-03 08:41:52.724+02:00 mounting waku peer exchange client         topics="waku node peerexchange api" tid=188967
[2026-10-03 08:41:52.724] [out] [delivery_module] INF 2026-10-03 08:41:52.724+02:00 No external callbacks to be set            topics="wakunode waku" tid=188967
[2026-10-03 08:41:52.725] [out] [delivery_module] INF 2026-10-03 08:41:52.725+02:00 Setting up AutonatService                  topics="libp2p autonatservice" tid=188967
[2026-10-03 08:41:52.725] [info] [logos] [delivery_module] DeliveryModuleImpl::createNode callback called with ret: 0
[2026-10-03 08:41:52.731] [info] [logos] [delivery_module] DeliveryModuleImpl: Delivery context created successfully
[2026-10-03 08:41:52.732] [info] [logos] [delivery_module] DeliveryModuleImpl::start called
[2026-10-03 08:41:52.732] [out] [delivery_module] INF 2026-10-03 08:41:52.732+02:00 Retrieve dynamic bootstrap nodes           topics="wakunode waku" tid=188967
[2026-10-03 08:41:52.732] [out] [delivery_module] INF 2026-10-03 08:41:52.732+02:00 Running nwaku node                         tid=188967 version=v0.39.0-gca2814
[2026-10-03 08:41:52.732] [info] [logos] [delivery_module] DeliveryModuleImpl::getNodeInfo called with nodeInfoId: MyPeerId
[2026-10-03 08:41:52.732] [out] [delivery_module] INF 2026-10-03 08:41:52.732+02:00 Starting Waku node                         topics="waku node" tid=188967 version=v0.39.0-gca2814
[2026-10-03 08:41:52.732] [out] [delivery_module] DBG 2026-10-03 08:41:52.732+02:00 starting switch for peer                   topics="libp2p switch" tid=188967 peerInfo="(peerId: 16Uiu2HAmNux7CbCGuSmwc4tfh35t5JTQyAeZz3Zwitrhztf5s5TY, listenAddrs: [/ip4/127.0.0.1/tcp/54689], addrs: [], protocols: [/ipfs/id/1.0.0, /libp2p/autonat/1.0.0, /libp2p/circuit/relay/0.2.0/hop, /vac/waku/metadata/1.0.0, /mix/1.0.0, /vac/waku/relay/2.0.0, /ipfs/ping/1.0.0, /vac/waku/filter-push/2.0.0-beta1], protoVersion: ipfs/0.1.0, agentVersion: logos-delivery-v0.39.0-gca2814)"
[2026-10-03 08:41:52.733] [out] [delivery_module] DBG 2026-10-03 08:41:52.733+02:00 About to accept incoming connection        topics="libp2p switch" tid=188967
[2026-10-03 08:41:52.734] [out] [delivery_module] INF 2026-10-03 08:41:52.734+02:00 start                                      topics="waku relay" tid=188967
[2026-10-03 08:41:52.734] [out] [delivery_module] DBG 2026-10-03 08:41:52.734+02:00 Started libp2p node                        topics="libp2p switch" tid=188967 peer="(peerId: 16Uiu2HAmNux7CbCGuSmwc4tfh35t5JTQyAeZz3Zwitrhztf5s5TY, listenAddrs: [/ip4/127.0.0.1/tcp/54689], addrs: [/ip4/127.0.0.1/tcp/54689], protocols: [/ipfs/id/1.0.0, /libp2p/autonat/1.0.0, /libp2p/circuit/relay/0.2.0/hop, /vac/waku/metadata/1.0.0, /mix/1.0.0, /vac/waku/relay/2.0.0, /ipfs/ping/1.0.0, /vac/waku/filter-push/2.0.0-beta1], protoVersion: ipfs/0.1.0, agentVersion: logos-delivery-v0.39.0-gca2814)"
[2026-10-03 08:41:52.735] [out] [delivery_module] INF 2026-10-03 08:41:52.735+02:00 Announced base resolved                    topics="waku node" tid=188967 addrs=@[/ip4/127.0.0.1/tcp/54689] explicit=@[/ip4/127.0.0.1/tcp/54689]
[2026-10-03 08:41:52.735] [out] [delivery_module] DBG 2026-10-03 08:41:52.735+02:00 ENR addresses updated                      topics="waku enr" tid=188967 retained=1 total=1
[2026-10-03 08:41:52.735] [out] [delivery_module] INF 2026-10-03 08:41:52.735+02:00 Node started successfully                  topics="waku node" tid=188967
[2026-10-03 08:41:52.735] [out] [delivery_module] DBG 2026-10-03 08:41:52.735+02:00 Dialing multiple peers                     tid=188967 numOfPeers=4 nodes="@[\"/ip4/127.0.0.1/tcp/54685/p2p/16Uiu2HAkvVP1h3y4Jhq5PZq5UDSSCzJNgqEsnSDLPsUxL5Rt7brp\", \"/ip4/127.0.0.1/tcp/54686/p2p/16Uiu2HAm6DBUZPjvfZW7oSCr6u7BN5Cc1R76EjGmgTtZRQdHrJL9\", \"/ip4/127.0.0.1/tcp/54687/p2p/16Uiu2HAmCCvt6pd7n8UEByK6xM6EL59VE8EBqm9HHPkrvnJcNLui\", \"/ip4/127.0.0.1/tcp/54688/p2p/16Uiu2HAm63dK7ZZGCza3gh12Cmwbc7Fy8xM5REe63wcYb76gXABY\"]"
[2026-10-03 08:41:52.736] [out] [delivery_module] DBG 2026-10-03 08:41:52.736+02:00 Dialing peer                               topics="libp2p dialer" tid=188967 peerId=16U*Rt7brp addrs="[/ip4/127.0.0.1/tcp/54685]"
[2026-10-03 08:41:52.736] [out] [delivery_module] DBG 2026-10-03 08:41:52.736+02:00 Expanded address and hostname              topics="libp2p dialer" tid=188967 expandedAddress=/ip4/127.0.0.1/tcp/54685 hostname=127.0.0.1 resolvedAddresses="[/ip4/127.0.0.1/tcp/54685]"
[2026-10-03 08:41:52.736] [out] [delivery_module] DBG 2026-10-03 08:41:52.736+02:00 Dialing peer                               topics="libp2p dialer" tid=188967 peerId=16U*dHrJL9 addrs="[/ip4/127.0.0.1/tcp/54686]"
[2026-10-03 08:41:52.736] [out] [delivery_module] DBG 2026-10-03 08:41:52.736+02:00 Expanded address and hostname              topics="libp2p dialer" tid=188967 expandedAddress=/ip4/127.0.0.1/tcp/54686 hostname=127.0.0.1 resolvedAddresses="[/ip4/127.0.0.1/tcp/54686]"
[2026-10-03 08:41:52.737] [out] [delivery_module] DBG 2026-10-03 08:41:52.736+02:00 Dialing peer                               topics="libp2p dialer" tid=188967 peerId=16U*JcNLui addrs="[/ip4/127.0.0.1/tcp/54687]"
[2026-10-03 08:41:52.737] [out] [delivery_module] DBG 2026-10-03 08:41:52.737+02:00 Expanded address and hostname              topics="libp2p dialer" tid=188967 expandedAddress=/ip4/127.0.0.1/tcp/54687 hostname=127.0.0.1 resolvedAddresses="[/ip4/127.0.0.1/tcp/54687]"
[2026-10-03 08:41:52.737] [out] [delivery_module] DBG 2026-10-03 08:41:52.737+02:00 Dialing peer                               topics="libp2p dialer" tid=188967 peerId=16U*6gXABY addrs="[/ip4/127.0.0.1/tcp/54688]"
[2026-10-03 08:41:52.737] [out] [delivery_module] DBG 2026-10-03 08:41:52.737+02:00 Expanded address and hostname              topics="libp2p dialer" tid=188967 expandedAddress=/ip4/127.0.0.1/tcp/54688 hostname=127.0.0.1 resolvedAddresses="[/ip4/127.0.0.1/tcp/54688]"
[2026-10-03 08:41:52.738] [info] [logos] [delivery_module] DeliveryModuleImpl::subscribe called with contentTopic: /lp0026forum/1/general/text
[2026-10-03 08:41:52.739] [out] [delivery_module] DBG 2026-10-03 08:41:52.739+02:00 Subscribing to pubsub topic                topics="waku relay" tid=188967 pubsubTopic=/waku/2/rs/42/0
[2026-10-03 08:41:52.740] [out] [delivery_module] DBG 2026-10-03 08:41:52.740+02:00 No mesh peer for the given pubsub topic    topics="waku relay" tid=188967 pubsubTopic=/waku/2/rs/42/0
[2026-10-03 08:41:52.740] [info] [logos] [delivery_module] DeliveryModuleImpl: Subscribe completed for topic: /lp0026forum/1/general/text with success
[2026-10-03 08:41:52.743] [out] [delivery_module] DBG 2026-10-03 08:41:52.743+02:00 Dial successful                            topics="libp2p dialer" tid=188967 peerId=16U*6gXABY
[2026-10-03 08:41:52.744] [out] [delivery_module] DBG 2026-10-03 08:41:52.744+02:00 starting sendNonHighPriorityTask           topics="libp2p pubsubpeer" tid=188967 p=16U*6gXABY
[2026-10-03 08:41:52.744] [out] [delivery_module] DBG 2026-10-03 08:41:52.744+02:00 created new pubsub peer                    topics="libp2p pubsub" tid=188967 peerId=16U*6gXABY
[2026-10-03 08:41:52.744] [out] [delivery_module] DBG 2026-10-03 08:41:52.744+02:00 no listener registered                     tid=188968 event=onConnectionChange
[2026-10-03 08:41:52.744] [out] [delivery_module] DBG 2026-10-03 08:41:52.744+02:00 Incoming WakuRelay connection              topics="waku relay" tid=188967 connection=16U*6gXABY:6ac0a3b0731426eefe54e82b protocol=/vac/waku/relay/2.0.0
[2026-10-03 08:41:52.744] [out] [delivery_module] DBG 2026-10-03 08:41:52.744+02:00 starting pubsub read loop                  topics="libp2p pubsubpeer" tid=188967 stream=16U*6gXABY:6ac0a3b0731426eefe54e82b peer=16U*6gXABY closed=false
[2026-10-03 08:41:52.744] [out] [delivery_module] DBG 2026-10-03 08:41:52.744+02:00 identify: info sent                        topics="libp2p identify" tid=188967 stream=16U*6gXABY:6ac0a3b0731426eefe54e82c info="(peerId: 16Uiu2HAmNux7CbCGuSmwc4tfh35t5JTQyAeZz3Zwitrhztf5s5TY, listenAddrs: [/ip4/127.0.0.1/tcp/54689], addrs: [/ip4/127.0.0.1/tcp/54689], protocols: [/ipfs/id/1.0.0, /libp2p/autonat/1.0.0, /libp2p/circuit/relay/0.2.0/hop, /vac/waku/metadata/1.0.0, /mix/1.0.0, /vac/waku/relay/2.0.0, /ipfs/ping/1.0.0, /vac/waku/filter-push/2.0.0-beta1], protoVersion: ipfs/0.1.0, agentVersion: logos-delivery-v0.39.0-gca2814)"
[2026-10-03 08:41:52.745] [out] [delivery_module] DBG 2026-10-03 08:41:52.745+02:00 Dial successful                            topics="libp2p dialer" tid=188967 peerId=16U*dHrJL9
[2026-10-03 08:41:52.745] [out] [delivery_module] DBG 2026-10-03 08:41:52.745+02:00 Dial successful                            topics="libp2p dialer" tid=188967 peerId=16U*Rt7brp
[2026-10-03 08:41:52.745] [out] [delivery_module] DBG 2026-10-03 08:41:52.745+02:00 Dial successful                            topics="libp2p dialer" tid=188967 peerId=16U*JcNLui
[2026-10-03 08:41:52.745] [out] [delivery_module] DBG 2026-10-03 08:41:52.745+02:00 starting sendNonHighPriorityTask           topics="libp2p pubsubpeer" tid=188967 p=16U*dHrJL9
[2026-10-03 08:41:52.745] [out] [delivery_module] DBG 2026-10-03 08:41:52.745+02:00 created new pubsub peer                    topics="libp2p pubsub" tid=188967 peerId=16U*dHrJL9
[2026-10-03 08:41:52.745] [out] [delivery_module] DBG 2026-10-03 08:41:52.745+02:00 no listener registered                     tid=188968 event=onConnectionChange
[2026-10-03 08:41:52.745] [out] [delivery_module] DBG 2026-10-03 08:41:52.745+02:00 starting sendNonHighPriorityTask           topics="libp2p pubsubpeer" tid=188967 p=16U*Rt7brp
[2026-10-03 08:41:52.745] [out] [delivery_module] DBG 2026-10-03 08:41:52.745+02:00 created new pubsub peer                    topics="libp2p pubsub" tid=188967 peerId=16U*Rt7brp
[2026-10-03 08:41:52.745] [out] [delivery_module] DBG 2026-10-03 08:41:52.745+02:00 no listener registered                     tid=188968 event=onConnectionChange
[2026-10-03 08:41:52.745] [out] [delivery_module] DBG 2026-10-03 08:41:52.745+02:00 starting sendNonHighPriorityTask           topics="libp2p pubsubpeer" tid=188967 p=16U*JcNLui
[2026-10-03 08:41:52.745] [out] [delivery_module] DBG 2026-10-03 08:41:52.745+02:00 created new pubsub peer                    topics="libp2p pubsub" tid=188967 peerId=16U*JcNLui
[2026-10-03 08:41:52.745] [out] [delivery_module] DBG 2026-10-03 08:41:52.745+02:00 no listener registered                     tid=188968 event=onConnectionChange
[2026-10-03 08:41:52.746] [out] [delivery_module] DBG 2026-10-03 08:41:52.745+02:00 Incoming WakuRelay connection              topics="waku relay" tid=188967 connection=16U*dHrJL9:6ac0a3b0731426eefe54e82f protocol=/vac/waku/relay/2.0.0
[2026-10-03 08:41:52.746] [out] [delivery_module] DBG 2026-10-03 08:41:52.745+02:00 starting pubsub read loop                  topics="libp2p pubsubpeer" tid=188967 stream=16U*dHrJL9:6ac0a3b0731426eefe54e82f peer=16U*dHrJL9 closed=false
[2026-10-03 08:41:52.746] [out] [delivery_module] DBG 2026-10-03 08:41:52.746+02:00 identify: info sent                        topics="libp2p identify" tid=188967 stream=16U*dHrJL9:6ac0a3b0731426eefe54e830 info="(peerId: 16Uiu2HAmNux7CbCGuSmwc4tfh35t5JTQyAeZz3Zwitrhztf5s5TY, listenAddrs: [/ip4/127.0.0.1/tcp/54689], addrs: [/ip4/127.0.0.1/tcp/54689], protocols: [/ipfs/id/1.0.0, /libp2p/autonat/1.0.0, /libp2p/circuit/relay/0.2.0/hop, /vac/waku/metadata/1.0.0, /mix/1.0.0, /vac/waku/relay/2.0.0, /ipfs/ping/1.0.0, /vac/waku/filter-push/2.0.0-beta1], protoVersion: ipfs/0.1.0, agentVersion: logos-delivery-v0.39.0-gca2814)"
[2026-10-03 08:41:52.746] [out] [delivery_module] DBG 2026-10-03 08:41:52.746+02:00 Incoming WakuRelay connection              topics="waku relay" tid=188967 connection=16U*Rt7brp:6ac0a3b0731426eefe54e831 protocol=/vac/waku/relay/2.0.0
[2026-10-03 08:41:52.746] [out] [delivery_module] DBG 2026-10-03 08:41:52.746+02:00 starting pubsub read loop                  topics="libp2p pubsubpeer" tid=188967 stream=16U*Rt7brp:6ac0a3b0731426eefe54e831 peer=16U*Rt7brp closed=false
[2026-10-03 08:41:52.746] [out] [delivery_module] DBG 2026-10-03 08:41:52.746+02:00 identify: info sent                        topics="libp2p identify" tid=188967 stream=16U*Rt7brp:6ac0a3b0731426eefe54e832 info="(peerId: 16Uiu2HAmNux7CbCGuSmwc4tfh35t5JTQyAeZz3Zwitrhztf5s5TY, listenAddrs: [/ip4/127.0.0.1/tcp/54689], addrs: [/ip4/127.0.0.1/tcp/54689], protocols: [/ipfs/id/1.0.0, /libp2p/autonat/1.0.0, /libp2p/circuit/relay/0.2.0/hop, /vac/waku/metadata/1.0.0, /mix/1.0.0, /vac/waku/relay/2.0.0, /ipfs/ping/1.0.0, /vac/waku/filter-push/2.0.0-beta1], protoVersion: ipfs/0.1.0, agentVersion: logos-delivery-v0.39.0-gca2814)"
[2026-10-03 08:41:52.746] [out] [delivery_module] DBG 2026-10-03 08:41:52.746+02:00 Incoming WakuRelay connection              topics="waku relay" tid=188967 connection=16U*JcNLui:6ac0a3b0731426eefe54e833 protocol=/vac/waku/relay/2.0.0
[2026-10-03 08:41:52.746] [out] [delivery_module] DBG 2026-10-03 08:41:52.746+02:00 starting pubsub read loop                  topics="libp2p pubsubpeer" tid=188967 stream=16U*JcNLui:6ac0a3b0731426eefe54e833 peer=16U*JcNLui closed=false
[2026-10-03 08:41:52.746] [out] [delivery_module] DBG 2026-10-03 08:41:52.746+02:00 identify: info sent                        topics="libp2p identify" tid=188967 stream=16U*JcNLui:6ac0a3b0731426eefe54e834 info="(peerId: 16Uiu2HAmNux7CbCGuSmwc4tfh35t5JTQyAeZz3Zwitrhztf5s5TY, listenAddrs: [/ip4/127.0.0.1/tcp/54689], addrs: [/ip4/127.0.0.1/tcp/54689], protocols: [/ipfs/id/1.0.0, /libp2p/autonat/1.0.0, /libp2p/circuit/relay/0.2.0/hop, /vac/waku/metadata/1.0.0, /mix/1.0.0, /vac/waku/relay/2.0.0, /ipfs/ping/1.0.0, /vac/waku/filter-push/2.0.0-beta1], protoVersion: ipfs/0.1.0, agentVersion: logos-delivery-v0.39.0-gca2814)"
[2026-10-03 08:41:52.746] [out] [delivery_module] DBG 2026-10-03 08:41:52.746+02:00 identify: info received                    topics="libp2p identify" tid=188967 stream=16U*6gXABY:6ac0a3b0731426eefe54e82e pubkey=ok(sec...8a1a)) addresses=/ip4/127.0.0.1/tcp/54688 protocols=/ipfs/id/1.0.0,/libp2p/autonat/1.0.0,/libp2p/circuit/relay/0.2.0/hop,/vac/waku/metadata/1.0.0,/mix/1.0.0,/vac/waku/relay/2.0.0,/ipfs/ping/1.0.0,/vac/waku/lightpush/3.0.0,/vac/waku/lightpush/2.0.0-beta1,/vac/waku/filter-push/2.0.0-beta1 observable_address=ok(/ip4/127.0.0.1/tcp/55194) proto_version=ipfs/0.1.0 agent_version=logos-delivery-v0.39.0-gca2814 signedPeerRecord=None
[2026-10-03 08:41:52.747] [out] [delivery_module] DBG 2026-10-03 08:41:52.747+02:00 starting pubsub read loop                  topics="libp2p pubsubpeer" tid=188967 stream=16U*6gXABY:6ac0a3b0731426eefe54e82d peer=16U*6gXABY closed=false
[2026-10-03 08:41:52.747] [out] [delivery_module] DBG 2026-10-03 08:41:52.747+02:00 Event identified                           topics="waku node peer_manager" tid=188967 peerId=16U*6gXABY
[2026-10-03 08:41:52.747] [out] [delivery_module] DBG 2026-10-03 08:41:52.747+02:00 no listener registered                     tid=188968 event=onConnectionChange
[2026-10-03 08:41:52.747] [out] [delivery_module] DBG 2026-10-03 08:41:52.747+02:00 identify: info received                    topics="libp2p identify" tid=188967 stream=16U*dHrJL9:6ac0a3b0731426eefe54e836 pubkey=ok(sec...59b4)) addresses=/ip4/127.0.0.1/tcp/54686 protocols=/ipfs/id/1.0.0,/libp2p/autonat/1.0.0,/libp2p/circuit/relay/0.2.0/hop,/vac/waku/metadata/1.0.0,/mix/1.0.0,/vac/waku/relay/2.0.0,/ipfs/ping/1.0.0,/vac/waku/lightpush/3.0.0,/vac/waku/lightpush/2.0.0-beta1,/vac/waku/filter-push/2.0.0-beta1 observable_address=ok(/ip4/127.0.0.1/tcp/55189) proto_version=ipfs/0.1.0 agent_version=logos-delivery-v0.39.0-gca2814 signedPeerRecord=None
[2026-10-03 08:41:52.748] [out] [delivery_module] DBG 2026-10-03 08:41:52.748+02:00 identify: info received                    topics="libp2p identify" tid=188967 stream=16U*Rt7brp:6ac0a3b0731426eefe54e838 pubkey=ok(sec...5c72)) addresses=/ip4/127.0.0.1/tcp/54685 protocols=/ipfs/id/1.0.0,/libp2p/autonat/1.0.0,/libp2p/circuit/relay/0.2.0/hop,/vac/waku/metadata/1.0.0,/mix/1.0.0,/vac/waku/relay/2.0.0,/ipfs/ping/1.0.0,/vac/waku/lightpush/3.0.0,/vac/waku/lightpush/2.0.0-beta1,/vac/waku/filter-push/2.0.0-beta1 observable_address=ok(/ip4/127.0.0.1/tcp/55187) proto_version=ipfs/0.1.0 agent_version=logos-delivery-v0.39.0-gca2814 signedPeerRecord=None
[2026-10-03 08:41:52.748] [out] [delivery_module] DBG 2026-10-03 08:41:52.748+02:00 starting pubsub read loop                  topics="libp2p pubsubpeer" tid=188967 stream=16U*dHrJL9:6ac0a3b0731426eefe54e835 peer=16U*dHrJL9 closed=false
[2026-10-03 08:41:52.748] [out] [delivery_module] DBG 2026-10-03 08:41:52.748+02:00 identify: info received                    topics="libp2p identify" tid=188967 stream=16U*JcNLui:6ac0a3b0731426eefe54e83a pubkey=ok(sec...84e2)) addresses=/ip4/127.0.0.1/tcp/54687 protocols=/ipfs/id/1.0.0,/libp2p/autonat/1.0.0,/libp2p/circuit/relay/0.2.0/hop,/vac/waku/metadata/1.0.0,/mix/1.0.0,/vac/waku/relay/2.0.0,/ipfs/ping/1.0.0,/vac/waku/lightpush/3.0.0,/vac/waku/lightpush/2.0.0-beta1,/vac/waku/filter-push/2.0.0-beta1 observable_address=ok(/ip4/127.0.0.1/tcp/55191) proto_version=ipfs/0.1.0 agent_version=logos-delivery-v0.39.0-gca2814 signedPeerRecord=None
[2026-10-03 08:41:52.748] [out] [delivery_module] DBG 2026-10-03 08:41:52.748+02:00 Event identified                           topics="waku node peer_manager" tid=188967 peerId=16U*dHrJL9
[2026-10-03 08:41:52.748] [out] [delivery_module] DBG 2026-10-03 08:41:52.748+02:00 no listener registered                     tid=188968 event=onConnectionChange
[2026-10-03 08:41:52.748] [out] [delivery_module] DBG 2026-10-03 08:41:52.748+02:00 starting pubsub read loop                  topics="libp2p pubsubpeer" tid=188967 stream=16U*Rt7brp:6ac0a3b0731426eefe54e837 peer=16U*Rt7brp closed=false
[2026-10-03 08:41:52.748] [out] [delivery_module] DBG 2026-10-03 08:41:52.748+02:00 starting pubsub read loop                  topics="libp2p pubsubpeer" tid=188967 stream=16U*JcNLui:6ac0a3b0731426eefe54e839 peer=16U*JcNLui closed=false
[2026-10-03 08:41:52.748] [out] [delivery_module] DBG 2026-10-03 08:41:52.748+02:00 Event identified                           topics="waku node peer_manager" tid=188967 peerId=16U*Rt7brp
[2026-10-03 08:41:52.749] [out] [delivery_module] DBG 2026-10-03 08:41:52.749+02:00 no listener registered                     tid=188968 event=onConnectionChange
[2026-10-03 08:41:52.749] [out] [delivery_module] DBG 2026-10-03 08:41:52.749+02:00 Event identified                           topics="waku node peer_manager" tid=188967 peerId=16U*JcNLui
[2026-10-03 08:41:52.749] [out] [delivery_module] DBG 2026-10-03 08:41:52.749+02:00 no listener registered                     tid=188968 event=onConnectionChange
[2026-10-03 08:41:52.749] [out] [delivery_module] DBG 2026-10-03 08:41:52.749+02:00 Received WakuMetadata request              topics="waku metadata" tid=188967 remoteClusterId=ok(42) remoteShards="[0]" localClusterId=42 localShards="[0]" peer=16U*6gXABY
[2026-10-03 08:41:52.750] [out] [delivery_module] DBG 2026-10-03 08:41:52.750+02:00 Received WakuMetadata request              topics="waku metadata" tid=188967 remoteClusterId=ok(42) remoteShards="[0]" localClusterId=42 localShards="[0]" peer=16U*dHrJL9
[2026-10-03 08:41:52.750] [out] [delivery_module] DBG 2026-10-03 08:41:52.750+02:00 no listener registered                     tid=188968 event=onConnectionChange
[2026-10-03 08:41:52.750] [out] [delivery_module] DBG 2026-10-03 08:41:52.750+02:00 Received WakuMetadata request              topics="waku metadata" tid=188967 remoteClusterId=ok(42) remoteShards="[0]" localClusterId=42 localShards="[0]" peer=16U*JcNLui
[2026-10-03 08:41:52.750] [out] [delivery_module] DBG 2026-10-03 08:41:52.750+02:00 Received WakuMetadata request              topics="waku metadata" tid=188967 remoteClusterId=ok(42) remoteShards="[0]" localClusterId=42 localShards="[0]" peer=16U*Rt7brp
[2026-10-03 08:41:52.751] [out] [delivery_module] DBG 2026-10-03 08:41:52.751+02:00 no listener registered                     tid=188968 event=onConnectionChange
[2026-10-03 08:41:52.751] [out] [delivery_module] DBG 2026-10-03 08:41:52.751+02:00 no listener registered                     tid=188968 event=onConnectionChange
[2026-10-03 08:41:52.751] [out] [delivery_module] DBG 2026-10-03 08:41:52.751+02:00 no listener registered                     tid=188968 event=onConnectionChange
[2026-10-03 08:41:52.751] [out] [delivery_module] DBG 2026-10-03 08:41:52.751+02:00 Finished dialing multiple peers            tid=188967 successfulConns=4 attempted=4
[2026-10-03 08:41:52.751] [out] [delivery_module] DBG 2026-10-03 08:41:52.751+02:00 Starting peer exchange loop                topics="waku node peerexchange api" tid=188967
[2026-10-03 08:41:52.751] [out] [delivery_module] DBG 2026-10-03 08:41:52.751+02:00 Retrieving peer info via peer exchange protocol topics="waku node peerexchange api" tid=188967 amount=5
[2026-10-03 08:41:52.751] [out] [delivery_module] DBG 2026-10-03 08:41:52.751+02:00 Peer exchange request could not be made as no peer exchange peers found topics="waku peer_exchange client" tid=188967
[2026-10-03 08:41:52.751] [out] [delivery_module] DBG 2026-10-03 08:41:52.751+02:00 Failed to retrieve peer info via peer exchange protocol topics="waku node peerexchange api" tid=188967 error="(status_code: SERVICE_UNAVAILABLE, status_desc: ok(peer_not_found_failure))"
[2026-10-03 08:41:52.751] [out] [delivery_module] DBG 2026-10-03 08:41:52.751+02:00 Cannot fetch peers from peer exchange      topics="waku node peerexchange api" tid=188967 cause="(status_code: SERVICE_UNAVAILABLE, status_desc: ok(peer_not_found_failure))"
[2026-10-03 08:41:52.751] [out] [delivery_module] INF 2026-10-03 08:41:52.751+02:00 Relay peer connections                     topics="waku node peer_manager" tid=188967 inRelayConns=0/50 outRelayConns=4/25 totalConnections=4/150 notConnectedPeers=0 outsideBackoffPeers=0
[2026-10-03 08:41:52.752] [out] [delivery_module] DBG 2026-10-03 08:41:52.752+02:00 ENR addresses updated                      topics="waku enr" tid=188967 retained=1 total=1
[2026-10-03 08:41:52.752] [out] [delivery_module] INF 2026-10-03 08:41:52.752+02:00 Node is online                             topics="waku online monitor" tid=188967
[2026-10-03 08:41:52.752] [out] [delivery_module] INF 2026-10-03 08:41:52.752+02:00 Health monitor loop start                  tid=188967
[2026-10-03 08:41:52.753] [out] [delivery_module] DBG 2026-10-03 08:41:52.753+02:00 calculateConnectionState                   tid=188967 relayCount=4 storeClientCount=0 lightpushCount=4 filterCount=0
[2026-10-03 08:41:52.753] [out] [delivery_module] DBG 2026-10-03 08:41:52.753+02:00 connectionStatus change                    tid=188967 oldstatus=Disconnected newstatus=Connected
[2026-10-03 08:41:52.753] [out] [delivery_module] INF 2026-10-03 08:41:52.753+02:00 starting keepalive                         tid=188967 randomPeersKeepalive=10s allPeersKeepalive=2m
[2026-10-03 08:41:52.756] [out] [delivery_module] WRN 2026-10-03 08:41:52.756+02:00 Messaging persistence disabled, could not open persistency job tid=188967 jobId=messaging reason="PersistencyError(peBackend: openBackend: open ~/Library/Application Support/Logos/LogosStandalone/module_data/delivery_module/5145dd8132c8/data/messaging.db failed: database is locked)"
[2026-10-03 08:41:52.841] [out] [delivery_module] DBG 2026-10-03 08:41:52.841+02:00 no listener registered                     tid=188968 event=onTopicHealthChange
[2026-10-03 08:41:52.855] [out] [delivery_module] DBG 2026-10-03 08:41:52.855+02:00 calculateConnectionState                   tid=188967 relayCount=4 storeClientCount=0 lightpushCount=4 filterCount=0
Loaded UI plugin: "/nix/store/99pzzrix2rg9gyi1iibij0s2gmh07y3q-logos-forum_module-plugin-dir"
[QmlInspector] Inspector server listening on port 3768
[QmlInspector] Client connected from "::ffff:127.0.0.1"
[2026-10-03 08:42:22.752] [out] [delivery_module] DBG 2026-10-03 08:42:22.752+02:00 Accepted an incoming connection            topics="libp2p switch" tid=188967 conn=:6ac0a3ce731426eefe54e858
[2026-10-03 08:42:22.752] [out] [delivery_module] DBG 2026-10-03 08:42:22.752+02:00 About to accept incoming connection        topics="libp2p switch" tid=188967
[2026-10-03 08:42:22.756] [out] [delivery_module] DBG 2026-10-03 08:42:22.756+02:00 dialMe answer is reachable                 topics="libp2p autonatservice" tid=188967 peerId=16Uiu2HAm6DBUZPjvfZW7oSCr6u7BN5Cc1R76EjGmgTtZRQdHrJL9
[2026-10-03 08:42:22.756] [out] [delivery_module] DBG 2026-10-03 08:42:22.756+02:00 Current status                             topics="libp2p autonatservice" tid=188967 currentStats=Unknown confidence=none() answers=[Reachable]
[2026-10-03 08:42:22.759] [out] [delivery_module] DBG 2026-10-03 08:42:22.759+02:00 Accepted an incoming connection            topics="libp2p switch" tid=188967 conn=:6ac0a3ce731426eefe54e85c
[2026-10-03 08:42:22.759] [out] [delivery_module] DBG 2026-10-03 08:42:22.759+02:00 About to accept incoming connection        topics="libp2p switch" tid=188967
[2026-10-03 08:42:22.762] [out] [delivery_module] DBG 2026-10-03 08:42:22.762+02:00 dialMe answer is reachable                 topics="libp2p autonatservice" tid=188967 peerId=16Uiu2HAkvVP1h3y4Jhq5PZq5UDSSCzJNgqEsnSDLPsUxL5Rt7brp
[2026-10-03 08:42:22.762] [out] [delivery_module] DBG 2026-10-03 08:42:22.762+02:00 Current status                             topics="libp2p autonatservice" tid=188967 currentStats=Unknown confidence=none() answers=[Reachable, Reachable]
[2026-10-03 08:42:22.764] [out] [delivery_module] DBG 2026-10-03 08:42:22.764+02:00 Accepted an incoming connection            topics="libp2p switch" tid=188967 conn=:6ac0a3ce731426eefe54e860
[2026-10-03 08:42:22.764] [out] [delivery_module] DBG 2026-10-03 08:42:22.764+02:00 About to accept incoming connection        topics="libp2p switch" tid=188967
[2026-10-03 08:42:22.768] [out] [delivery_module] DBG 2026-10-03 08:42:22.768+02:00 dialMe answer is reachable                 topics="libp2p autonatservice" tid=188967 peerId=16Uiu2HAm63dK7ZZGCza3gh12Cmwbc7Fy8xM5REe63wcYb76gXABY
[2026-10-03 08:42:22.768] [out] [delivery_module] DBG 2026-10-03 08:42:22.768+02:00 Current status                             topics="libp2p autonatservice" tid=188967 currentStats=Reachable confidence=ok(1.0) answers=[Reachable, Reachable, Reachable]
[2026-10-03 08:42:22.768] [out] [delivery_module] DBG 2026-10-03 08:42:22.768+02:00 Peer reachability status                   tid=188967 networkReachability=Reachable confidence=1.0
[2026-10-03 08:42:52.750] [out] [delivery_module] DBG 2026-10-03 08:42:52.750+02:00 Accepted an incoming connection            topics="libp2p switch" tid=188967 conn=:6ac0a3ec731426eefe54e87c
[2026-10-03 08:42:52.751] [out] [delivery_module] DBG 2026-10-03 08:42:52.750+02:00 About to accept incoming connection        topics="libp2p switch" tid=188967
[2026-10-03 08:42:52.752] [out] [delivery_module] DBG 2026-10-03 08:42:52.752+02:00 dialMe answer is reachable                 topics="libp2p autonatservice" tid=188967 peerId=16Uiu2HAmCCvt6pd7n8UEByK6xM6EL59VE8EBqm9HHPkrvnJcNLui
[2026-10-03 08:42:52.752] [out] [delivery_module] DBG 2026-10-03 08:42:52.752+02:00 Current status                             topics="libp2p autonatservice" tid=188967 currentStats=Reachable confidence=ok(1.0) answers=[Reachable, Reachable, Reachable]
[2026-10-03 08:42:52.754] [out] [delivery_module] DBG 2026-10-03 08:42:52.754+02:00 Accepted an incoming connection            topics="libp2p switch" tid=188967 conn=:6ac0a3ec731426eefe54e880
[2026-10-03 08:42:52.754] [out] [delivery_module] DBG 2026-10-03 08:42:52.754+02:00 About to accept incoming connection        topics="libp2p switch" tid=188967
[2026-10-03 08:42:52.756] [out] [delivery_module] DBG 2026-10-03 08:42:52.756+02:00 dialMe answer is reachable                 topics="libp2p autonatservice" tid=188967 peerId=16Uiu2HAkvVP1h3y4Jhq5PZq5UDSSCzJNgqEsnSDLPsUxL5Rt7brp
[2026-10-03 08:42:52.756] [out] [delivery_module] DBG 2026-10-03 08:42:52.756+02:00 Current status                             topics="libp2p autonatservice" tid=188967 currentStats=Reachable confidence=ok(1.0) answers=[Reachable, Reachable, Reachable]
[2026-10-03 08:42:52.757] [out] [delivery_module] DBG 2026-10-03 08:42:52.757+02:00 Accepted an incoming connection            topics="libp2p switch" tid=188967 conn=:6ac0a3ec731426eefe54e884
[2026-10-03 08:42:52.757] [out] [delivery_module] DBG 2026-10-03 08:42:52.757+02:00 About to accept incoming connection        topics="libp2p switch" tid=188967
[2026-10-03 08:42:52.759] [out] [delivery_module] DBG 2026-10-03 08:42:52.759+02:00 dialMe answer is reachable                 topics="libp2p autonatservice" tid=188967 peerId=16Uiu2HAm6DBUZPjvfZW7oSCr6u7BN5Cc1R76EjGmgTtZRQdHrJL9
[2026-10-03 08:42:52.759] [out] [delivery_module] DBG 2026-10-03 08:42:52.759+02:00 Current status                             topics="libp2p autonatservice" tid=188967 currentStats=Reachable confidence=ok(1.0) answers=[Reachable, Reachable, Reachable]
[2026-10-03 08:42:52.767] [out] [delivery_module] DBG 2026-10-03 08:42:52.767+02:00 Retrieving peer info via peer exchange protocol topics="waku node peerexchange api" tid=188967 amount=5
[2026-10-03 08:42:52.767] [out] [delivery_module] DBG 2026-10-03 08:42:52.767+02:00 Peer exchange request could not be made as no peer exchange peers found topics="waku peer_exchange client" tid=188967
[2026-10-03 08:42:52.768] [out] [delivery_module] DBG 2026-10-03 08:42:52.767+02:00 Failed to retrieve peer info via peer exchange protocol topics="waku node peerexchange api" tid=188967 error="(status_code: SERVICE_UNAVAILABLE, status_desc: ok(peer_not_found_failure))"
[2026-10-03 08:42:52.768] [out] [delivery_module] DBG 2026-10-03 08:42:52.767+02:00 Cannot fetch peers from peer exchange      topics="waku node peerexchange api" tid=188967 cause="(status_code: SERVICE_UNAVAILABLE, status_desc: ok(peer_not_found_failure))"
[2026-10-03 08:43:22.752] [out] [delivery_module] DBG 2026-10-03 08:43:22.752+02:00 Accepted an incoming connection            topics="libp2p switch" tid=188967 conn=:6ac0a40a731426eefe54e89f
[2026-10-03 08:43:22.752] [out] [delivery_module] DBG 2026-10-03 08:43:22.752+02:00 About to accept incoming connection        topics="libp2p switch" tid=188967
[2026-10-03 08:43:22.754] [out] [delivery_module] DBG 2026-10-03 08:43:22.754+02:00 dialMe answer is reachable                 topics="libp2p autonatservice" tid=188967 peerId=16Uiu2HAm6DBUZPjvfZW7oSCr6u7BN5Cc1R76EjGmgTtZRQdHrJL9
[2026-10-03 08:43:22.754] [out] [delivery_module] DBG 2026-10-03 08:43:22.754+02:00 Current status                             topics="libp2p autonatservice" tid=188967 currentStats=Reachable confidence=ok(1.0) answers=[Reachable, Reachable, Reachable]
[2026-10-03 08:43:22.757] [out] [delivery_module] DBG 2026-10-03 08:43:22.757+02:00 Accepted an incoming connection            topics="libp2p switch" tid=188967 conn=:6ac0a40a731426eefe54e8a3
[2026-10-03 08:43:22.757] [out] [delivery_module] DBG 2026-10-03 08:43:22.757+02:00 About to accept incoming connection        topics="libp2p switch" tid=188967
[2026-10-03 08:43:22.759] [out] [delivery_module] DBG 2026-10-03 08:43:22.759+02:00 dialMe answer is reachable                 topics="libp2p autonatservice" tid=188967 peerId=16Uiu2HAmCCvt6pd7n8UEByK6xM6EL59VE8EBqm9HHPkrvnJcNLui
[2026-10-03 08:43:22.759] [out] [delivery_module] DBG 2026-10-03 08:43:22.759+02:00 Current status                             topics="libp2p autonatservice" tid=188967 currentStats=Reachable confidence=ok(1.0) answers=[Reachable, Reachable, Reachable]
[2026-10-03 08:43:22.761] [out] [delivery_module] DBG 2026-10-03 08:43:22.761+02:00 Accepted an incoming connection            topics="libp2p switch" tid=188967 conn=:6ac0a40a731426eefe54e8a7
[2026-10-03 08:43:22.761] [out] [delivery_module] DBG 2026-10-03 08:43:22.761+02:00 About to accept incoming connection        topics="libp2p switch" tid=188967
[2026-10-03 08:43:22.763] [out] [delivery_module] DBG 2026-10-03 08:43:22.763+02:00 dialMe answer is reachable                 topics="libp2p autonatservice" tid=188967 peerId=16Uiu2HAkvVP1h3y4Jhq5PZq5UDSSCzJNgqEsnSDLPsUxL5Rt7brp
[2026-10-03 08:43:22.763] [out] [delivery_module] DBG 2026-10-03 08:43:22.763+02:00 Current status                             topics="libp2p autonatservice" tid=188967 currentStats=Reachable confidence=ok(1.0) answers=[Reachable, Reachable, Reachable]
[QmlInspector] Client disconnected
