run-logos-standalone-ui: hot-reloading QML from <repo>/src/qml
  (export DEV_QML_PATH to override, or LOGOS_QML_HOT_RELOAD=0 to disable)
Session directory: "~/Library/Application Support/Logos/LogosStandalone"
[2026-10-03 20:22:47.041] [info] [logos] Granting host services to 'capability_module': token_registry,token_delivery
[2026-10-03 20:22:47.092] [out] [capability_module] [2026-10-03 20:22:47.092] [info] Granting host services to capability_module: ["token_registry","token_delivery"]
RemoteTransportConnection: Connecting to registry: "local:logos_capability_module_95ceae691407" at "20:22:47.096"
RemoteTransportConnection: Registry connect attempt started (no peer contact yet): "local:logos_capability_module_95ceae691407"
LogosAPIConsumer: Informing module token for module: "capability_module" with token: "redacted:52bb5efa…"
RemoteTransportConnection: Requesting object: "capability_module" at "20:22:47.096"
[LogosObject] RemoteTransportConnection: returning RemoteLogosObject for: "capability_module"
[LogosObject] Created RemoteLogosObject wrapping QRemoteObjectReplica 105553150985504
[LogosObject] LogosAPIConsumer: calling LogosObject::informModuleToken for "capability_module"
LogosAPIConsumer: informModuleToken completed with result: true
[LogosObject] Destroying RemoteLogosObject 0
[2026-10-03 20:22:47.097] [info] [logos] Module loaded: capability_module
LogosAPIConsumer: Informing module token for module: "modules_state" with token: "redacted:756c411a…"
RemoteTransportConnection: Requesting object: "capability_module" at "20:22:47.138"
[LogosObject] RemoteTransportConnection: returning RemoteLogosObject for: "capability_module"
[LogosObject] Created RemoteLogosObject wrapping QRemoteObjectReplica 105553150985440
[LogosObject] LogosAPIConsumer: calling LogosObject::informModuleToken for "modules_state"
LogosAPIConsumer: informModuleToken completed with result: true
[LogosObject] Destroying RemoteLogosObject 0
[2026-10-03 20:22:47.138] [info] [logos] Module loaded: modules_state
RemoteTransportConnection: Connecting to registry: "local:logos_modules_state_95ceae691407" at "20:22:47.138"
RemoteTransportConnection: Registry connect attempt started (no peer contact yet): "local:logos_modules_state_95ceae691407"
RemoteTransportConnection: Connecting to registry: "local:logos_capability_module_95ceae691407" at "20:22:47.138"
RemoteTransportConnection: Registry connect attempt started (no peer contact yet): "local:logos_capability_module_95ceae691407"
LogosAPIConsumer: '"modules_state"::""' deferred pending the module becoming reachable
LogosAPIConsumer: '"modules_state"::""' deferred pending the module becoming reachable
Logos Core started (modules dir: "/nix/store/4v2cj5cr5dlsjb9cl0blr0cds0qf07iv-logos-forum_module-plugin-dir-modules" )
Set app icon from metadata: "/nix/store/94c8irj0hlxzbcfp202lmgmqqp9xlqj2-logos-forum_module-plugin-dir/src/icons/icon.png"
[2026-10-03 20:22:47.194] [info] [logos] [delivery_module] DeliveryModuleImpl: Initializing...
LogosAPIConsumer: Informing module token for module: "delivery_module" with token: "redacted:2c211280…"
RemoteTransportConnection: Requesting object: "capability_module" at "20:22:47.195"
[LogosObject] RemoteTransportConnection: returning RemoteLogosObject for: "capability_module"
[LogosObject] Created RemoteLogosObject wrapping QRemoteObjectReplica 105553150874112
[LogosObject] LogosAPIConsumer: calling LogosObject::informModuleToken for "delivery_module"
[LogosObject] Created RemoteLogosObject wrapping QRemoteObjectReplica 105553150925024
LogosAPIClient: invoking remote method "modules_state" "apply_snapshot" args_count: 1
LogosAPIClient: getToken for module: "modules_state"
LogosAPIClient: Found token for module: "modules_state"
LogosAPIConsumer: Calling invokeRemoteMethod: "modules_state" "apply_snapshot" args_count: 1 timeout: 20000
RemoteTransportConnection: Requesting object: "modules_state" at "20:22:47.196"
[LogosObject] RemoteTransportConnection: returning RemoteLogosObject for: "modules_state"
[LogosObject] Created RemoteLogosObject wrapping QRemoteObjectReplica 105553150990400
[LogosObject] LogosAPIConsumer: calling via LogosObject::callMethod "apply_snapshot"
[LogosObject] RemoteLogosObject::callMethod "apply_snapshot" args: 1
[2026-10-03 20:22:47.196] [info] [logos] Pushed module snapshot to modules_state
LogosAPIClient: getToken for module: "modules_state"
LogosAPIClient: Found token for module: "modules_state"
[LogosObject] LogosAPIConsumer: async calling via LogosObject::callMethodAsync "note_transition"
[LogosObject] RemoteLogosObject::callMethodAsync "note_transition" args: 7
LogosAPIClient: getToken for module: "modules_state"
LogosAPIClient: Found token for module: "modules_state"
[LogosObject] LogosAPIConsumer: async calling via LogosObject::callMethodAsync "note_transition"
[LogosObject] RemoteLogosObject::callMethodAsync "note_transition" args: 7
LogosAPIConsumer: informModuleToken completed with result: true
[LogosObject] Destroying RemoteLogosObject 0
[2026-10-03 20:22:47.196] [info] [logos] Module loaded: delivery_module
RemoteTransportConnection: Connecting to registry: "local:logos_delivery_module_95ceae691407" at "20:22:47.197"
RemoteTransportConnection: Registry connect attempt started (no peer contact yet): "local:logos_delivery_module_95ceae691407"
RemoteTransportConnection: Connecting to registry: "local:logos_capability_module_95ceae691407" at "20:22:47.197"
RemoteTransportConnection: Registry connect attempt started (no peer contact yet): "local:logos_capability_module_95ceae691407"
LogosAPIConsumer: '"delivery_module"::""' deferred pending the module becoming reachable
LogosAPIClient: getToken for module: "modules_state"
LogosAPIClient: Found token for module: "modules_state"
[LogosObject] LogosAPIConsumer: async calling via LogosObject::callMethodAsync "note_transition"
[LogosObject] RemoteLogosObject::callMethodAsync "note_transition" args: 7
Loaded dependency (with transitive deps): "delivery_module"
[2026-10-03 20:22:47.236] [info] [logos] [storage_module] StorageModuleImpl: Initializing...
LogosAPIConsumer: Informing module token for module: "storage_module" with token: "redacted:2541429e…"
RemoteTransportConnection: Requesting object: "capability_module" at "20:22:47.237"
[LogosObject] RemoteTransportConnection: returning RemoteLogosObject for: "capability_module"
[LogosObject] Created RemoteLogosObject wrapping QRemoteObjectReplica 105553150985632
[LogosObject] LogosAPIConsumer: calling LogosObject::informModuleToken for "storage_module"
LogosAPIConsumer: informModuleToken completed with result: true
[LogosObject] Destroying RemoteLogosObject 0
[2026-10-03 20:22:47.236] [info] [logos] Module loaded: storage_module
RemoteTransportConnection: Connecting to registry: "local:logos_storage_module_95ceae691407" at "20:22:47.237"
RemoteTransportConnection: Registry connect attempt started (no peer contact yet): "local:logos_storage_module_95ceae691407"
RemoteTransportConnection: Connecting to registry: "local:logos_capability_module_95ceae691407" at "20:22:47.237"
RemoteTransportConnection: Registry connect attempt started (no peer contact yet): "local:logos_capability_module_95ceae691407"
LogosAPIConsumer: '"storage_module"::""' deferred pending the module becoming reachable
LogosAPIClient: getToken for module: "modules_state"
LogosAPIClient: Found token for module: "modules_state"
[LogosObject] LogosAPIConsumer: async calling via LogosObject::callMethodAsync "note_transition"
[LogosObject] RemoteLogosObject::callMethodAsync "note_transition" args: 7
LogosAPIClient: getToken for module: "modules_state"
LogosAPIClient: Found token for module: "modules_state"
[LogosObject] LogosAPIConsumer: async calling via LogosObject::callMethodAsync "note_transition"
[LogosObject] RemoteLogosObject::callMethodAsync "note_transition" args: 7
Loaded dependency (with transitive deps): "storage_module"
DEV_QML_PATH override active: <repo>/src/qml/Main.qml
RemoteTransportConnection: Connecting to registry: "local:logos_capability_module_95ceae691407" at "20:22:47.237"
RemoteTransportConnection: Registry connect attempt started (no peer contact yet): "local:logos_capability_module_95ceae691407"
LogosAPIConsumer: Informing module token for module: "forum_module" with token: "redacted:66007cae…"
RemoteTransportConnection: Requesting object: "capability_module" at "20:22:47.237"
[LogosObject] Created RemoteLogosObject wrapping QRemoteObjectReplica 105553150926368
LogosAPIClient: getToken for module: "modules_state"
LogosAPIClient: Found token for module: "modules_state"
[LogosObject] LogosAPIConsumer: async calling via LogosObject::callMethodAsync "note_transition"
[LogosObject] RemoteLogosObject::callMethodAsync "note_transition" args: 7
[LogosObject] RemoteTransportConnection: returning RemoteLogosObject for: "capability_module"
[LogosObject] Created RemoteLogosObject wrapping QRemoteObjectReplica 105553150874752
[LogosObject] LogosAPIConsumer: calling LogosObject::informModuleToken for "forum_module"
[LogosObject] Created RemoteLogosObject wrapping QRemoteObjectReplica 105553150987040
LogosAPIClient: getToken for module: "modules_state"
LogosAPIClient: Found token for module: "modules_state"
[LogosObject] LogosAPIConsumer: async calling via LogosObject::callMethodAsync "note_transition"
[LogosObject] RemoteLogosObject::callMethodAsync "note_transition" args: 7
LogosAPIConsumer: informModuleToken completed with result: true
[LogosObject] Destroying RemoteLogosObject 0
qt.qpa.fonts: Populating font family aliases took 59 ms. Replace uses of missing font family "Sans Serif" with one that exists to avoid this cost. 
QML hot reload active — watching <repo>/src/qml 
  edit any .qml/.js under it and save; set LOGOS_QML_HOT_RELOAD=0 to disable
Loaded UI plugin: "/nix/store/94c8irj0hlxzbcfp202lmgmqqp9xlqj2-logos-forum_module-plugin-dir"
[QmlInspector] Inspector server listening on port 3789
[QmlInspector] Client connected from "::1"
[2026-10-03 20:22:48.561] [warning] [logos] [capability_module] Warning: QObject::connect: No such signal ::eventResponse(QString,QVariantList)
[2026-10-03 20:22:48.562] [info] [logos] [delivery_module] DeliveryModuleImpl::getAvailableConfigs called
[2026-10-03 20:22:48.562] [info] [logos] [delivery_module] DeliveryModuleImpl: Cannot get available configs - context not initialized. Call createNode first.
[2026-10-03 20:22:48.563] [warning] [logos] [capability_module] Warning: QObject::connect: No such signal ::eventResponse(QString,QVariantList)
[QmlInspector] Client disconnected
[QmlInspector] Client connected from "::1"
qt.remoteobjects: connectionToSource is null
qt.remoteobjects: connectionToSource is null
qt.remoteobjects: connectionToSource is null
[QmlInspector] Client disconnected
[QmlInspector] Client connected from "::1"
qt.remoteobjects: connectionToSource is null
[QmlInspector] Client disconnected
