run-logos-standalone-ui: hot-reloading QML from <repo>/src/qml
  (export DEV_QML_PATH to override, or LOGOS_QML_HOT_RELOAD=0 to disable)
Session directory: "~/Library/Application Support/Logos/LogosStandalone"
[2026-10-03 21:12:57.922] [info] [logos] Granting host services to 'capability_module': token_registry,token_delivery
[2026-10-03 21:12:57.960] [out] [capability_module] [2026-10-03 21:12:57.960] [info] Granting host services to capability_module: ["token_registry","token_delivery"]
RemoteTransportConnection: Connecting to registry: "local:logos_capability_module_10efc53a4857" at "21:12:57.966"
RemoteTransportConnection: Registry connect attempt started (no peer contact yet): "local:logos_capability_module_10efc53a4857"
LogosAPIConsumer: Informing module token for module: "capability_module" with token: "redacted:4e3b8c7d…"
RemoteTransportConnection: Requesting object: "capability_module" at "21:12:57.967"
[LogosObject] RemoteTransportConnection: returning RemoteLogosObject for: "capability_module"
[LogosObject] Created RemoteLogosObject wrapping QRemoteObjectReplica 105553181294784
[LogosObject] LogosAPIConsumer: calling LogosObject::informModuleToken for "capability_module"
LogosAPIConsumer: informModuleToken completed with result: true
[LogosObject] Destroying RemoteLogosObject 0
[2026-10-03 21:12:57.991] [info] [logos] Module loaded: capability_module
LogosAPIConsumer: Informing module token for module: "modules_state" with token: "redacted:b55cf3a6…"
RemoteTransportConnection: Requesting object: "capability_module" at "21:12:58.023"
[LogosObject] RemoteTransportConnection: returning RemoteLogosObject for: "capability_module"
[LogosObject] Created RemoteLogosObject wrapping QRemoteObjectReplica 105553181459392
[LogosObject] LogosAPIConsumer: calling LogosObject::informModuleToken for "modules_state"
LogosAPIConsumer: informModuleToken completed with result: true
[LogosObject] Destroying RemoteLogosObject 0
[2026-10-03 21:12:58.023] [info] [logos] Module loaded: modules_state
RemoteTransportConnection: Connecting to registry: "local:logos_modules_state_10efc53a4857" at "21:12:58.024"
RemoteTransportConnection: Registry connect attempt started (no peer contact yet): "local:logos_modules_state_10efc53a4857"
RemoteTransportConnection: Connecting to registry: "local:logos_capability_module_10efc53a4857" at "21:12:58.024"
RemoteTransportConnection: Registry connect attempt started (no peer contact yet): "local:logos_capability_module_10efc53a4857"
LogosAPIConsumer: '"modules_state"::""' deferred pending the module becoming reachable
LogosAPIConsumer: '"modules_state"::""' deferred pending the module becoming reachable
Logos Core started (modules dir: "/nix/store/4v2cj5cr5dlsjb9cl0blr0cds0qf07iv-logos-forum_module-plugin-dir-modules" )
Set app icon from metadata: "/nix/store/hvaxfjndlvdc2din115i62wg7hlsw1s1-logos-forum_module-plugin-dir/src/icons/icon.png"
[2026-10-03 21:12:58.074] [info] [logos] [delivery_module] DeliveryModuleImpl: Initializing...
LogosAPIConsumer: Informing module token for module: "delivery_module" with token: "redacted:0c378b49…"
RemoteTransportConnection: Requesting object: "capability_module" at "21:12:58.076"
[LogosObject] RemoteTransportConnection: returning RemoteLogosObject for: "capability_module"
[LogosObject] Created RemoteLogosObject wrapping QRemoteObjectReplica 105553181795136
[LogosObject] LogosAPIConsumer: calling LogosObject::informModuleToken for "delivery_module"
LogosAPIConsumer: informModuleToken completed with result: true
[LogosObject] Destroying RemoteLogosObject 0
[2026-10-03 21:12:58.080] [info] [logos] Module loaded: delivery_module
RemoteTransportConnection: Connecting to registry: "local:logos_delivery_module_10efc53a4857" at "21:12:58.081"
RemoteTransportConnection: Registry connect attempt started (no peer contact yet): "local:logos_delivery_module_10efc53a4857"
RemoteTransportConnection: Connecting to registry: "local:logos_capability_module_10efc53a4857" at "21:12:58.081"
RemoteTransportConnection: Registry connect attempt started (no peer contact yet): "local:logos_capability_module_10efc53a4857"
LogosAPIConsumer: '"delivery_module"::""' deferred pending the module becoming reachable
LogosAPIClient: getToken for module: "modules_state"
LogosAPIClient: Found token for module: "modules_state"
RemoteTransportConnection: Requesting object: "modules_state" at "21:12:58.081"
[LogosObject] RemoteTransportConnection: returning RemoteLogosObject for: "modules_state"
[LogosObject] Created RemoteLogosObject wrapping QRemoteObjectReplica 105553181324960
[LogosObject] LogosAPIConsumer: async calling via LogosObject::callMethodAsync "note_transition"
[LogosObject] RemoteLogosObject::callMethodAsync "note_transition" args: 7
LogosAPIClient: getToken for module: "modules_state"
LogosAPIClient: Found token for module: "modules_state"
[LogosObject] LogosAPIConsumer: async calling via LogosObject::callMethodAsync "note_transition"
[LogosObject] RemoteLogosObject::callMethodAsync "note_transition" args: 7
Loaded dependency (with transitive deps): "delivery_module"
[2026-10-03 21:12:58.117] [info] [logos] [storage_module] StorageModuleImpl: Initializing...
LogosAPIConsumer: Informing module token for module: "storage_module" with token: "redacted:de482d32…"
RemoteTransportConnection: Requesting object: "capability_module" at "21:12:58.118"
[LogosObject] Created RemoteLogosObject wrapping QRemoteObjectReplica 105553181321760
LogosAPIClient: invoking remote method "modules_state" "apply_snapshot" args_count: 1
LogosAPIClient: getToken for module: "modules_state"
LogosAPIClient: Found token for module: "modules_state"
LogosAPIConsumer: Calling invokeRemoteMethod: "modules_state" "apply_snapshot" args_count: 1 timeout: 20000
[LogosObject] LogosAPIConsumer: calling via LogosObject::callMethod "apply_snapshot"
[LogosObject] RemoteLogosObject::callMethod "apply_snapshot" args: 1
[LogosObject] Created RemoteLogosObject wrapping QRemoteObjectReplica 105553181324768
LogosAPIClient: getToken for module: "modules_state"
LogosAPIClient: Found token for module: "modules_state"
[LogosObject] LogosAPIConsumer: async calling via LogosObject::callMethodAsync "note_transition"
[LogosObject] RemoteLogosObject::callMethodAsync "note_transition" args: 7
LogosAPIClient: getToken for module: "modules_state"
LogosAPIClient: Found token for module: "modules_state"
[LogosObject] LogosAPIConsumer: async calling via LogosObject::callMethodAsync "note_transition"
[LogosObject] RemoteLogosObject::callMethodAsync "note_transition" args: 7
[2026-10-03 21:12:58.123] [info] [logos] Pushed module snapshot to modules_state
LogosAPIClient: getToken for module: "modules_state"
LogosAPIClient: Found token for module: "modules_state"
[LogosObject] LogosAPIConsumer: async calling via LogosObject::callMethodAsync "note_transition"
[LogosObject] RemoteLogosObject::callMethodAsync "note_transition" args: 7
[LogosObject] RemoteTransportConnection: returning RemoteLogosObject for: "capability_module"
[LogosObject] Created RemoteLogosObject wrapping QRemoteObjectReplica 105553181745856
[LogosObject] LogosAPIConsumer: calling LogosObject::informModuleToken for "storage_module"
LogosAPIConsumer: informModuleToken completed with result: true
[LogosObject] Destroying RemoteLogosObject 0
[2026-10-03 21:12:58.123] [info] [logos] Module loaded: storage_module
RemoteTransportConnection: Connecting to registry: "local:logos_storage_module_10efc53a4857" at "21:12:58.124"
RemoteTransportConnection: Registry connect attempt started (no peer contact yet): "local:logos_storage_module_10efc53a4857"
RemoteTransportConnection: Connecting to registry: "local:logos_capability_module_10efc53a4857" at "21:12:58.124"
RemoteTransportConnection: Registry connect attempt started (no peer contact yet): "local:logos_capability_module_10efc53a4857"
LogosAPIConsumer: '"storage_module"::""' deferred pending the module becoming reachable
LogosAPIClient: getToken for module: "modules_state"
LogosAPIClient: Found token for module: "modules_state"
[LogosObject] LogosAPIConsumer: async calling via LogosObject::callMethodAsync "note_transition"
[LogosObject] RemoteLogosObject::callMethodAsync "note_transition" args: 7
Loaded dependency (with transitive deps): "storage_module"
DEV_QML_PATH override active: <repo>/src/qml/Main.qml
RemoteTransportConnection: Connecting to registry: "local:logos_capability_module_10efc53a4857" at "21:12:58.124"
RemoteTransportConnection: Registry connect attempt started (no peer contact yet): "local:logos_capability_module_10efc53a4857"
LogosAPIConsumer: Informing module token for module: "forum_module" with token: "redacted:205c7da4…"
RemoteTransportConnection: Requesting object: "capability_module" at "21:12:58.124"
[LogosObject] RemoteTransportConnection: returning RemoteLogosObject for: "capability_module"
[LogosObject] Created RemoteLogosObject wrapping QRemoteObjectReplica 105553181325344
[LogosObject] LogosAPIConsumer: calling LogosObject::informModuleToken for "forum_module"
[LogosObject] Created RemoteLogosObject wrapping QRemoteObjectReplica 105553181792736
LogosAPIClient: getToken for module: "modules_state"
LogosAPIClient: Found token for module: "modules_state"
[LogosObject] LogosAPIConsumer: async calling via LogosObject::callMethodAsync "note_transition"
[LogosObject] RemoteLogosObject::callMethodAsync "note_transition" args: 7
LogosAPIConsumer: informModuleToken completed with result: true
[LogosObject] Destroying RemoteLogosObject 0
[2026-10-03 21:12:58.169] [warning] [logos] [capability_module] Warning: QObject::connect: No such signal ::eventResponse(QString,QVariantList)
[2026-10-03 21:12:58.170] [info] [logos] [delivery_module] DeliveryModuleImpl::getNodeInfo called with nodeInfoId: MyPeerId
[2026-10-03 21:12:58.170] [info] [logos] [delivery_module] DeliveryModuleImpl: Cannot get node info - context not initialized. Call createNode first.
[2026-10-03 21:12:58.171] [info] [logos] [delivery_module] DeliveryModuleImpl::createNode called
[2026-10-03 21:12:58.228] [info] [logos] [delivery_module] DeliveryModuleImpl: Waiting for createNode callback...
[2026-10-03 21:12:58.235] [out] [delivery_module] DBG 2026-10-03 21:12:58.234+02:00 Whether to mount storeSync is not specified, defaulting to not mounting topics="waku conf builder" tid=3051733
[2026-10-03 21:12:58.235] [out] [delivery_module] INF 2026-10-03 21:12:58.235+02:00 Sharding configuration:                    topics="waku conf builder" tid=3051733 shardingConf="(kind: AutoSharding, numShardsInCluster: 1)" subscribeShards=@[0]
[2026-10-03 21:12:58.238] [out] [delivery_module] INF 2026-10-03 21:12:58.238+02:00 Configuration: Enabled protocols           topics="waku conf" tid=3051733 relay=true rlnRelay=false store=false filter=false lightPush=false peerExchange=false rendezvous=false
[2026-10-03 21:12:58.238] [out] [delivery_module] INF 2026-10-03 21:12:58.238+02:00 Configuration. Network                     topics="waku conf" tid=3051733 cluster=42
[2026-10-03 21:12:58.238] [out] [delivery_module] DBG 2026-10-03 21:12:58.238+02:00 Configuration. Active Relay Shards         topics="waku conf" tid=3051733 shard=0
[2026-10-03 21:12:58.239] [out] [delivery_module] INF 2026-10-03 21:12:58.239+02:00 Setting up storage                         tid=3051733
[2026-10-03 21:12:58.239] [out] [delivery_module] INF 2026-10-03 21:12:58.239+02:00 Initializing node                          tid=3051733
[2026-10-03 21:12:58.241] [out] [delivery_module] INF 2026-10-03 21:12:58.241+02:00 Initializing networking                    tid=3051733 addrs=@[/ip4/127.0.0.1/tcp/64913]
[2026-10-03 21:12:58.241] [out] [delivery_module] INF 2026-10-03 21:12:58.241+02:00 Mounting protocols                         tid=3051733
[2026-10-03 21:12:58.242] [out] [delivery_module] INF 2026-10-03 21:12:58.241+02:00 Created WakuMetadata protocol              topics="waku node" tid=3051733 clusterId=42 shards="[0]"
[2026-10-03 21:12:58.242] [out] [delivery_module] INF 2026-10-03 21:12:58.242+02:00 mounting store client                      topics="waku node store api" tid=3051733
[2026-10-03 21:12:58.242] [out] [delivery_module] INF 2026-10-03 21:12:58.242+02:00 Mounting auto sharding                     topics="waku node" tid=3051733 clusterId=42 shardCount=1
[2026-10-03 21:12:58.242] [out] [delivery_module] DBG 2026-10-03 21:12:58.242+02:00 Shards created from content topics         tid=3051733 contentTopics=[] shards=[]
[2026-10-03 21:12:58.242] [out] [delivery_module] DBG 2026-10-03 21:12:58.242+02:00 Setting max message size                   tid=3051733 num_bytes=153600
[2026-10-03 21:12:58.242] [out] [delivery_module] INF 2026-10-03 21:12:58.242+02:00 mounting relay protocol                    topics="waku node relay api" tid=3051733
[2026-10-03 21:12:58.243] [out] [delivery_module] DBG 2026-10-03 21:12:58.243+02:00 relay mounted successfully                 topics="waku node relay api" tid=3051733
[2026-10-03 21:12:58.243] [out] [delivery_module] DBG 2026-10-03 21:12:58.243+02:00 Adding validator to signed shards          tid=3051733 protectedShards=[] clusterId=42
[2026-10-03 21:12:58.243] [out] [delivery_module] INF 2026-10-03 21:12:58.243+02:00 mounting libp2p ping protocol              topics="waku node ping api" tid=3051733
[2026-10-03 21:12:58.243] [out] [delivery_module] INF 2026-10-03 21:12:58.243+02:00 mounting light push client                 topics="waku node lightpush api" tid=3051733
[2026-10-03 21:12:58.244] [out] [delivery_module] INF 2026-10-03 21:12:58.244+02:00 mounting legacy light push client          topics="waku node lightpush api" tid=3051733
[2026-10-03 21:12:58.244] [out] [delivery_module] INF 2026-10-03 21:12:58.244+02:00 mounting filter client                     topics="waku node filter api" tid=3051733
[2026-10-03 21:12:58.244] [out] [delivery_module] INF 2026-10-03 21:12:58.244+02:00 mounting waku peer exchange client         topics="waku node peerexchange api" tid=3051733
[2026-10-03 21:12:58.244] [out] [delivery_module] INF 2026-10-03 21:12:58.244+02:00 No external callbacks to be set            topics="wakunode waku" tid=3051733
[2026-10-03 21:12:58.244] [out] [delivery_module] INF 2026-10-03 21:12:58.244+02:00 Setting up AutonatService                  topics="libp2p autonatservice" tid=3051733
[2026-10-03 21:12:58.246] [info] [logos] [delivery_module] DeliveryModuleImpl::createNode callback called with ret: 0
[2026-10-03 21:12:58.254] [info] [logos] [delivery_module] DeliveryModuleImpl: Delivery context created successfully
[2026-10-03 21:12:58.254] [info] [logos] [delivery_module] DeliveryModuleImpl::start called
[2026-10-03 21:12:58.254] [out] [delivery_module] INF 2026-10-03 21:12:58.254+02:00 Retrieve dynamic bootstrap nodes           topics="wakunode waku" tid=3051733
[2026-10-03 21:12:58.254] [out] [delivery_module] INF 2026-10-03 21:12:58.254+02:00 Running nwaku node                         tid=3051733 version=v0.39.0-gca2814
[2026-10-03 21:12:58.254] [out] [delivery_module] INF 2026-10-03 21:12:58.254+02:00 Starting Waku node                         topics="waku node" tid=3051733 version=v0.39.0-gca2814
[2026-10-03 21:12:58.254] [out] [delivery_module] DBG 2026-10-03 21:12:58.254+02:00 starting switch for peer                   topics="libp2p switch" tid=3051733 peerInfo="(peerId: 16Uiu2HAmFswrQvh2kBE58cFeonBF8xUCi49fRzyH8BGPda1ZV69i, listenAddrs: [/ip4/127.0.0.1/tcp/64913], addrs: [], protocols: [/ipfs/id/1.0.0, /libp2p/autonat/1.0.0, /libp2p/circuit/relay/0.2.0/hop, /vac/waku/metadata/1.0.0, /vac/waku/relay/2.0.0, /ipfs/ping/1.0.0, /vac/waku/filter-push/2.0.0-beta1], protoVersion: ipfs/0.1.0, agentVersion: logos-delivery-v0.39.0-gca2814)"
[2026-10-03 21:12:58.254] [info] [logos] [delivery_module] DeliveryModuleImpl::getNodeInfo called with nodeInfoId: MyPeerId
[2026-10-03 21:12:58.254] [out] [delivery_module] DBG 2026-10-03 21:12:58.254+02:00 About to accept incoming connection        topics="libp2p switch" tid=3051733
[2026-10-03 21:12:58.254] [out] [delivery_module] INF 2026-10-03 21:12:58.254+02:00 start                                      topics="waku relay" tid=3051733
[2026-10-03 21:12:58.255] [out] [delivery_module] DBG 2026-10-03 21:12:58.255+02:00 Started libp2p node                        topics="libp2p switch" tid=3051733 peer="(peerId: 16Uiu2HAmFswrQvh2kBE58cFeonBF8xUCi49fRzyH8BGPda1ZV69i, listenAddrs: [/ip4/127.0.0.1/tcp/64913], addrs: [/ip4/127.0.0.1/tcp/64913], protocols: [/ipfs/id/1.0.0, /libp2p/autonat/1.0.0, /libp2p/circuit/relay/0.2.0/hop, /vac/waku/metadata/1.0.0, /vac/waku/relay/2.0.0, /ipfs/ping/1.0.0, /vac/waku/filter-push/2.0.0-beta1], protoVersion: ipfs/0.1.0, agentVersion: logos-delivery-v0.39.0-gca2814)"
[2026-10-03 21:12:58.256] [out] [delivery_module] INF 2026-10-03 21:12:58.256+02:00 Announced base resolved                    topics="waku node" tid=3051733 addrs=@[/ip4/127.0.0.1/tcp/64913] explicit=@[/ip4/127.0.0.1/tcp/64913]
[2026-10-03 21:12:58.257] [out] [delivery_module] DBG 2026-10-03 21:12:58.257+02:00 ENR addresses updated                      topics="waku enr" tid=3051733 retained=1 total=1
[2026-10-03 21:12:58.257] [out] [delivery_module] INF 2026-10-03 21:12:58.257+02:00 Node started successfully                  topics="waku node" tid=3051733
[2026-10-03 21:12:58.257] [out] [delivery_module] DBG 2026-10-03 21:12:58.257+02:00 Dialing multiple peers                     tid=3051733 numOfPeers=4 nodes="@[\"/ip4/127.0.0.1/tcp/64907/p2p/16Uiu2HAmLyNywvG27YMkSSs94891runv3sjKK8xgR5ThhC2EEhkq\", \"/ip4/127.0.0.1/tcp/64908/p2p/16Uiu2HAm95c49Q1xBXiHAUuxSQ57u38jY8vrKKSivhR9GfFjdJ5S\", \"/ip4/127.0.0.1/tcp/64910/p2p/16Uiu2HAkyX8FdZKHfLpz3yJ8B4entk4cNFb5MZPza5rZChT1B516\", \"/ip4/127.0.0.1/tcp/64911/p2p/16Uiu2HAmTzCTMfuWb7f9yot61CrSs5SKEZGdcDds43y5E2Rw6z8y\"]"
[2026-10-03 21:12:58.258] [out] [delivery_module] DBG 2026-10-03 21:12:58.258+02:00 Dialing peer                               topics="libp2p dialer" tid=3051733 peerId=16U*2EEhkq addrs="[/ip4/127.0.0.1/tcp/64907]"
[2026-10-03 21:12:58.258] [out] [delivery_module] DBG 2026-10-03 21:12:58.258+02:00 Expanded address and hostname              topics="libp2p dialer" tid=3051733 expandedAddress=/ip4/127.0.0.1/tcp/64907 hostname=127.0.0.1 resolvedAddresses="[/ip4/127.0.0.1/tcp/64907]"
[2026-10-03 21:12:58.258] [out] [delivery_module] DBG 2026-10-03 21:12:58.258+02:00 Dialing peer                               topics="libp2p dialer" tid=3051733 peerId=16U*FjdJ5S addrs="[/ip4/127.0.0.1/tcp/64908]"
[2026-10-03 21:12:58.258] [out] [delivery_module] DBG 2026-10-03 21:12:58.258+02:00 Expanded address and hostname              topics="libp2p dialer" tid=3051733 expandedAddress=/ip4/127.0.0.1/tcp/64908 hostname=127.0.0.1 resolvedAddresses="[/ip4/127.0.0.1/tcp/64908]"
[2026-10-03 21:12:58.258] [out] [delivery_module] DBG 2026-10-03 21:12:58.258+02:00 Dialing peer                               topics="libp2p dialer" tid=3051733 peerId=16U*T1B516 addrs="[/ip4/127.0.0.1/tcp/64910]"
[2026-10-03 21:12:58.258] [out] [delivery_module] DBG 2026-10-03 21:12:58.258+02:00 Expanded address and hostname              topics="libp2p dialer" tid=3051733 expandedAddress=/ip4/127.0.0.1/tcp/64910 hostname=127.0.0.1 resolvedAddresses="[/ip4/127.0.0.1/tcp/64910]"
[2026-10-03 21:12:58.258] [out] [delivery_module] DBG 2026-10-03 21:12:58.258+02:00 Dialing peer                               topics="libp2p dialer" tid=3051733 peerId=16U*Rw6z8y addrs="[/ip4/127.0.0.1/tcp/64911]"
[2026-10-03 21:12:58.258] [out] [delivery_module] DBG 2026-10-03 21:12:58.258+02:00 Expanded address and hostname              topics="libp2p dialer" tid=3051733 expandedAddress=/ip4/127.0.0.1/tcp/64911 hostname=127.0.0.1 resolvedAddresses="[/ip4/127.0.0.1/tcp/64911]"
[2026-10-03 21:12:58.260] [info] [logos] [delivery_module] DeliveryModuleImpl::subscribe called with contentTopic: /lp0026forum/1/general/text
[2026-10-03 21:12:58.263] [out] [delivery_module] DBG 2026-10-03 21:12:58.263+02:00 Subscribing to pubsub topic                topics="waku relay" tid=3051733 pubsubTopic=/waku/2/rs/42/0
[2026-10-03 21:12:58.267] [info] [logos] [delivery_module] DeliveryModuleImpl: Subscribe completed for topic: /lp0026forum/1/general/text with success
[2026-10-03 21:12:58.269] [out] [delivery_module] DBG 2026-10-03 21:12:58.267+02:00 No mesh peer for the given pubsub topic    topics="waku relay" tid=3051733 pubsubTopic=/waku/2/rs/42/0
[2026-10-03 21:12:58.285] [out] [delivery_module] DBG 2026-10-03 21:12:58.284+02:00 Dial successful                            topics="libp2p dialer" tid=3051733 peerId=16U*2EEhkq
[2026-10-03 21:12:58.285] [out] [delivery_module] DBG 2026-10-03 21:12:58.285+02:00 no listener registered                     tid=3051735 event=onConnectionChange
[2026-10-03 21:12:58.287] [out] [delivery_module] DBG 2026-10-03 21:12:58.287+02:00 starting sendNonHighPriorityTask           topics="libp2p pubsubpeer" tid=3051733 p=16U*2EEhkq
[2026-10-03 21:12:58.287] [out] [delivery_module] DBG 2026-10-03 21:12:58.287+02:00 created new pubsub peer                    topics="libp2p pubsub" tid=3051733 peerId=16U*2EEhkq
[2026-10-03 21:12:58.288] [out] [delivery_module] DBG 2026-10-03 21:12:58.288+02:00 Incoming WakuRelay connection              topics="waku relay" tid=3051733 connection=16U*2EEhkq:6ac153ba284596a2c91cd373 protocol=/vac/waku/relay/2.0.0
[2026-10-03 21:12:58.288] [out] [delivery_module] DBG 2026-10-03 21:12:58.288+02:00 starting pubsub read loop                  topics="libp2p pubsubpeer" tid=3051733 stream=16U*2EEhkq:6ac153ba284596a2c91cd373 peer=16U*2EEhkq closed=false
[2026-10-03 21:12:58.289] [out] [delivery_module] DBG 2026-10-03 21:12:58.289+02:00 identify: info sent                        topics="libp2p identify" tid=3051733 stream=16U*2EEhkq:6ac153ba284596a2c91cd374 info="(peerId: 16Uiu2HAmFswrQvh2kBE58cFeonBF8xUCi49fRzyH8BGPda1ZV69i, listenAddrs: [/ip4/127.0.0.1/tcp/64913], addrs: [/ip4/127.0.0.1/tcp/64913], protocols: [/ipfs/id/1.0.0, /libp2p/autonat/1.0.0, /libp2p/circuit/relay/0.2.0/hop, /vac/waku/metadata/1.0.0, /vac/waku/relay/2.0.0, /ipfs/ping/1.0.0, /vac/waku/filter-push/2.0.0-beta1], protoVersion: ipfs/0.1.0, agentVersion: logos-delivery-v0.39.0-gca2814)"
[2026-10-03 21:12:58.290] [out] [delivery_module] DBG 2026-10-03 21:12:58.289+02:00 Dial successful                            topics="libp2p dialer" tid=3051733 peerId=16U*FjdJ5S
[2026-10-03 21:12:58.290] [out] [delivery_module] DBG 2026-10-03 21:12:58.290+02:00 starting sendNonHighPriorityTask           topics="libp2p pubsubpeer" tid=3051733 p=16U*FjdJ5S
[2026-10-03 21:12:58.291] [out] [delivery_module] DBG 2026-10-03 21:12:58.290+02:00 created new pubsub peer                    topics="libp2p pubsub" tid=3051733 peerId=16U*FjdJ5S
[2026-10-03 21:12:58.291] [out] [delivery_module] DBG 2026-10-03 21:12:58.291+02:00 no listener registered                     tid=3051735 event=onConnectionChange
[2026-10-03 21:12:58.292] [out] [delivery_module] DBG 2026-10-03 21:12:58.291+02:00 Incoming WakuRelay connection              topics="waku relay" tid=3051733 connection=16U*FjdJ5S:6ac153ba284596a2c91cd377 protocol=/vac/waku/relay/2.0.0
[2026-10-03 21:12:58.292] [out] [delivery_module] DBG 2026-10-03 21:12:58.291+02:00 starting pubsub read loop                  topics="libp2p pubsubpeer" tid=3051733 stream=16U*FjdJ5S:6ac153ba284596a2c91cd377 peer=16U*FjdJ5S closed=false
[2026-10-03 21:12:58.292] [out] [delivery_module] DBG 2026-10-03 21:12:58.291+02:00 identify: info sent                        topics="libp2p identify" tid=3051733 stream=16U*FjdJ5S:6ac153ba284596a2c91cd378 info="(peerId: 16Uiu2HAmFswrQvh2kBE58cFeonBF8xUCi49fRzyH8BGPda1ZV69i, listenAddrs: [/ip4/127.0.0.1/tcp/64913], addrs: [/ip4/127.0.0.1/tcp/64913], protocols: [/ipfs/id/1.0.0, /libp2p/autonat/1.0.0, /libp2p/circuit/relay/0.2.0/hop, /vac/waku/metadata/1.0.0, /vac/waku/relay/2.0.0, /ipfs/ping/1.0.0, /vac/waku/filter-push/2.0.0-beta1], protoVersion: ipfs/0.1.0, agentVersion: logos-delivery-v0.39.0-gca2814)"
[2026-10-03 21:12:58.292] [out] [delivery_module] DBG 2026-10-03 21:12:58.292+02:00 Dial successful                            topics="libp2p dialer" tid=3051733 peerId=16U*T1B516
[2026-10-03 21:12:58.292] [out] [delivery_module] DBG 2026-10-03 21:12:58.292+02:00 Dial successful                            topics="libp2p dialer" tid=3051733 peerId=16U*Rw6z8y
[2026-10-03 21:12:58.292] [out] [delivery_module] DBG 2026-10-03 21:12:58.292+02:00 starting sendNonHighPriorityTask           topics="libp2p pubsubpeer" tid=3051733 p=16U*T1B516
[2026-10-03 21:12:58.292] [out] [delivery_module] DBG 2026-10-03 21:12:58.292+02:00 created new pubsub peer                    topics="libp2p pubsub" tid=3051733 peerId=16U*T1B516
[2026-10-03 21:12:58.292] [out] [delivery_module] DBG 2026-10-03 21:12:58.292+02:00 starting sendNonHighPriorityTask           topics="libp2p pubsubpeer" tid=3051733 p=16U*Rw6z8y
[2026-10-03 21:12:58.292] [out] [delivery_module] DBG 2026-10-03 21:12:58.292+02:00 created new pubsub peer                    topics="libp2p pubsub" tid=3051733 peerId=16U*Rw6z8y
[2026-10-03 21:12:58.292] [out] [delivery_module] DBG 2026-10-03 21:12:58.292+02:00 no listener registered                     tid=3051735 event=onConnectionChange
[2026-10-03 21:12:58.292] [out] [delivery_module] DBG 2026-10-03 21:12:58.292+02:00 no listener registered                     tid=3051735 event=onConnectionChange
[2026-10-03 21:12:58.293] [out] [delivery_module] DBG 2026-10-03 21:12:58.293+02:00 Incoming WakuRelay connection              topics="waku relay" tid=3051733 connection=16U*T1B516:6ac153ba284596a2c91cd37b protocol=/vac/waku/relay/2.0.0
[2026-10-03 21:12:58.293] [out] [delivery_module] DBG 2026-10-03 21:12:58.293+02:00 starting pubsub read loop                  topics="libp2p pubsubpeer" tid=3051733 stream=16U*T1B516:6ac153ba284596a2c91cd37b peer=16U*T1B516 closed=false
[2026-10-03 21:12:58.293] [out] [delivery_module] DBG 2026-10-03 21:12:58.293+02:00 identify: info sent                        topics="libp2p identify" tid=3051733 stream=16U*T1B516:6ac153ba284596a2c91cd37c info="(peerId: 16Uiu2HAmFswrQvh2kBE58cFeonBF8xUCi49fRzyH8BGPda1ZV69i, listenAddrs: [/ip4/127.0.0.1/tcp/64913], addrs: [/ip4/127.0.0.1/tcp/64913], protocols: [/ipfs/id/1.0.0, /libp2p/autonat/1.0.0, /libp2p/circuit/relay/0.2.0/hop, /vac/waku/metadata/1.0.0, /vac/waku/relay/2.0.0, /ipfs/ping/1.0.0, /vac/waku/filter-push/2.0.0-beta1], protoVersion: ipfs/0.1.0, agentVersion: logos-delivery-v0.39.0-gca2814)"
[2026-10-03 21:12:58.293] [out] [delivery_module] DBG 2026-10-03 21:12:58.293+02:00 Incoming WakuRelay connection              topics="waku relay" tid=3051733 connection=16U*Rw6z8y:6ac153ba284596a2c91cd37d protocol=/vac/waku/relay/2.0.0
[2026-10-03 21:12:58.293] [out] [delivery_module] DBG 2026-10-03 21:12:58.293+02:00 starting pubsub read loop                  topics="libp2p pubsubpeer" tid=3051733 stream=16U*Rw6z8y:6ac153ba284596a2c91cd37d peer=16U*Rw6z8y closed=false
[2026-10-03 21:12:58.293] [out] [delivery_module] DBG 2026-10-03 21:12:58.293+02:00 identify: info sent                        topics="libp2p identify" tid=3051733 stream=16U*Rw6z8y:6ac153ba284596a2c91cd37e info="(peerId: 16Uiu2HAmFswrQvh2kBE58cFeonBF8xUCi49fRzyH8BGPda1ZV69i, listenAddrs: [/ip4/127.0.0.1/tcp/64913], addrs: [/ip4/127.0.0.1/tcp/64913], protocols: [/ipfs/id/1.0.0, /libp2p/autonat/1.0.0, /libp2p/circuit/relay/0.2.0/hop, /vac/waku/metadata/1.0.0, /vac/waku/relay/2.0.0, /ipfs/ping/1.0.0, /vac/waku/filter-push/2.0.0-beta1], protoVersion: ipfs/0.1.0, agentVersion: logos-delivery-v0.39.0-gca2814)"
[2026-10-03 21:12:58.293] [out] [delivery_module] DBG 2026-10-03 21:12:58.293+02:00 identify: info received                    topics="libp2p identify" tid=3051733 stream=16U*2EEhkq:6ac153ba284596a2c91cd376 pubkey=ok(sec...a35b)) addresses=/ip4/127.0.0.1/tcp/64907 protocols=/ipfs/id/1.0.0,/libp2p/autonat/1.0.0,/libp2p/circuit/relay/0.2.0/hop,/vac/waku/metadata/1.0.0,/mix/1.0.0,/vac/waku/relay/2.0.0,/ipfs/ping/1.0.0,/vac/waku/lightpush/3.0.0,/vac/waku/lightpush/2.0.0-beta1,/vac/waku/filter-push/2.0.0-beta1 observable_address=ok(/ip4/127.0.0.1/tcp/50198) proto_version=ipfs/0.1.0 agent_version=logos-delivery-v0.39.0-gca2814 signedPeerRecord=None
[2026-10-03 21:12:58.294] [out] [delivery_module] DBG 2026-10-03 21:12:58.294+02:00 starting pubsub read loop                  topics="libp2p pubsubpeer" tid=3051733 stream=16U*2EEhkq:6ac153ba284596a2c91cd375 peer=16U*2EEhkq closed=false
[2026-10-03 21:12:58.294] [out] [delivery_module] DBG 2026-10-03 21:12:58.294+02:00 Event identified                           topics="waku node peer_manager" tid=3051733 peerId=16U*2EEhkq
[2026-10-03 21:12:58.294] [out] [delivery_module] DBG 2026-10-03 21:12:58.294+02:00 no listener registered                     tid=3051735 event=onConnectionChange
[2026-10-03 21:12:58.294] [out] [delivery_module] DBG 2026-10-03 21:12:58.294+02:00 identify: info received                    topics="libp2p identify" tid=3051733 stream=16U*T1B516:6ac153ba284596a2c91cd380 pubkey=ok(sec...d4e6)) addresses=/ip4/127.0.0.1/tcp/64910 protocols=/ipfs/id/1.0.0,/libp2p/autonat/1.0.0,/libp2p/circuit/relay/0.2.0/hop,/vac/waku/metadata/1.0.0,/mix/1.0.0,/vac/waku/relay/2.0.0,/ipfs/ping/1.0.0,/vac/waku/lightpush/3.0.0,/vac/waku/lightpush/2.0.0-beta1,/vac/waku/filter-push/2.0.0-beta1 observable_address=ok(/ip4/127.0.0.1/tcp/50203) proto_version=ipfs/0.1.0 agent_version=logos-delivery-v0.39.0-gca2814 signedPeerRecord=None
[2026-10-03 21:12:58.296] [out] [delivery_module] DBG 2026-10-03 21:12:58.296+02:00 starting pubsub read loop                  topics="libp2p pubsubpeer" tid=3051733 stream=16U*FjdJ5S:6ac153ba284596a2c91cd379 peer=16U*FjdJ5S closed=false
[2026-10-03 21:12:58.296] [out] [delivery_module] DBG 2026-10-03 21:12:58.296+02:00 identify: info received                    topics="libp2p identify" tid=3051733 stream=16U*Rw6z8y:6ac153ba284596a2c91cd382 pubkey=ok(sec...ada9)) addresses=/ip4/127.0.0.1/tcp/64911 protocols=/ipfs/id/1.0.0,/libp2p/autonat/1.0.0,/libp2p/circuit/relay/0.2.0/hop,/vac/waku/metadata/1.0.0,/mix/1.0.0,/vac/waku/relay/2.0.0,/ipfs/ping/1.0.0,/vac/waku/lightpush/3.0.0,/vac/waku/lightpush/2.0.0-beta1,/vac/waku/filter-push/2.0.0-beta1 observable_address=ok(/ip4/127.0.0.1/tcp/50205) proto_version=ipfs/0.1.0 agent_version=logos-delivery-v0.39.0-gca2814 signedPeerRecord=None
[2026-10-03 21:12:58.296] [out] [delivery_module] DBG 2026-10-03 21:12:58.296+02:00 starting pubsub read loop                  topics="libp2p pubsubpeer" tid=3051733 stream=16U*T1B516:6ac153ba284596a2c91cd37f peer=16U*T1B516 closed=false
[2026-10-03 21:12:58.296] [out] [delivery_module] DBG 2026-10-03 21:12:58.296+02:00 starting pubsub read loop                  topics="libp2p pubsubpeer" tid=3051733 stream=16U*Rw6z8y:6ac153ba284596a2c91cd381 peer=16U*Rw6z8y closed=false
[2026-10-03 21:12:58.296] [out] [delivery_module] DBG 2026-10-03 21:12:58.296+02:00 Event identified                           topics="waku node peer_manager" tid=3051733 peerId=16U*T1B516
[2026-10-03 21:12:58.296] [out] [delivery_module] DBG 2026-10-03 21:12:58.296+02:00 no listener registered                     tid=3051735 event=onConnectionChange
[2026-10-03 21:12:58.296] [out] [delivery_module] DBG 2026-10-03 21:12:58.296+02:00 identify: info received                    topics="libp2p identify" tid=3051733 stream=16U*FjdJ5S:6ac153ba284596a2c91cd37a pubkey=ok(sec...5c22)) addresses=/ip4/127.0.0.1/tcp/64908 protocols=/ipfs/id/1.0.0,/libp2p/autonat/1.0.0,/libp2p/circuit/relay/0.2.0/hop,/vac/waku/metadata/1.0.0,/mix/1.0.0,/vac/waku/relay/2.0.0,/ipfs/ping/1.0.0,/vac/waku/lightpush/3.0.0,/vac/waku/lightpush/2.0.0-beta1,/vac/waku/filter-push/2.0.0-beta1 observable_address=ok(/ip4/127.0.0.1/tcp/50201) proto_version=ipfs/0.1.0 agent_version=logos-delivery-v0.39.0-gca2814 signedPeerRecord=None
[2026-10-03 21:12:58.297] [out] [delivery_module] DBG 2026-10-03 21:12:58.297+02:00 Event identified                           topics="waku node peer_manager" tid=3051733 peerId=16U*Rw6z8y
[2026-10-03 21:12:58.297] [out] [delivery_module] DBG 2026-10-03 21:12:58.297+02:00 no listener registered                     tid=3051735 event=onConnectionChange
[2026-10-03 21:12:58.297] [out] [delivery_module] DBG 2026-10-03 21:12:58.297+02:00 Event identified                           topics="waku node peer_manager" tid=3051733 peerId=16U*FjdJ5S
[2026-10-03 21:12:58.297] [out] [delivery_module] DBG 2026-10-03 21:12:58.297+02:00 no listener registered                     tid=3051735 event=onConnectionChange
[2026-10-03 21:12:58.298] [out] [delivery_module] DBG 2026-10-03 21:12:58.298+02:00 Received WakuMetadata request              topics="waku metadata" tid=3051733 remoteClusterId=ok(42) remoteShards="[0]" localClusterId=42 localShards="[0]" peer=16U*2EEhkq
[2026-10-03 21:12:58.298] [out] [delivery_module] DBG 2026-10-03 21:12:58.298+02:00 Received WakuMetadata request              topics="waku metadata" tid=3051733 remoteClusterId=ok(42) remoteShards="[0]" localClusterId=42 localShards="[0]" peer=16U*FjdJ5S
[2026-10-03 21:12:58.299] [out] [delivery_module] DBG 2026-10-03 21:12:58.299+02:00 Received WakuMetadata request              topics="waku metadata" tid=3051733 remoteClusterId=ok(42) remoteShards="[0]" localClusterId=42 localShards="[0]" peer=16U*Rw6z8y
[2026-10-03 21:12:58.299] [out] [delivery_module] DBG 2026-10-03 21:12:58.299+02:00 Received WakuMetadata request              topics="waku metadata" tid=3051733 remoteClusterId=ok(42) remoteShards="[0]" localClusterId=42 localShards="[0]" peer=16U*T1B516
[2026-10-03 21:12:58.299] [out] [delivery_module] DBG 2026-10-03 21:12:58.299+02:00 no listener registered                     tid=3051735 event=onConnectionChange
[2026-10-03 21:12:58.300] [out] [delivery_module] DBG 2026-10-03 21:12:58.300+02:00 no listener registered                     tid=3051735 event=onConnectionChange
[2026-10-03 21:12:58.300] [out] [delivery_module] DBG 2026-10-03 21:12:58.300+02:00 no listener registered                     tid=3051735 event=onConnectionChange
[2026-10-03 21:12:58.300] [out] [delivery_module] DBG 2026-10-03 21:12:58.300+02:00 no listener registered                     tid=3051735 event=onConnectionChange
[2026-10-03 21:12:58.300] [out] [delivery_module] DBG 2026-10-03 21:12:58.300+02:00 Finished dialing multiple peers            tid=3051733 successfulConns=4 attempted=4
[2026-10-03 21:12:58.300] [out] [delivery_module] DBG 2026-10-03 21:12:58.300+02:00 Starting peer exchange loop                topics="waku node peerexchange api" tid=3051733
[2026-10-03 21:12:58.300] [out] [delivery_module] DBG 2026-10-03 21:12:58.300+02:00 Retrieving peer info via peer exchange protocol topics="waku node peerexchange api" tid=3051733 amount=5
[2026-10-03 21:12:58.301] [out] [delivery_module] DBG 2026-10-03 21:12:58.301+02:00 Peer exchange request could not be made as no peer exchange peers found topics="waku peer_exchange client" tid=3051733
[2026-10-03 21:12:58.301] [out] [delivery_module] DBG 2026-10-03 21:12:58.301+02:00 Failed to retrieve peer info via peer exchange protocol topics="waku node peerexchange api" tid=3051733 error="(status_code: SERVICE_UNAVAILABLE, status_desc: ok(peer_not_found_failure))"
[2026-10-03 21:12:58.301] [out] [delivery_module] DBG 2026-10-03 21:12:58.301+02:00 Cannot fetch peers from peer exchange      topics="waku node peerexchange api" tid=3051733 cause="(status_code: SERVICE_UNAVAILABLE, status_desc: ok(peer_not_found_failure))"
[2026-10-03 21:12:58.301] [out] [delivery_module] INF 2026-10-03 21:12:58.301+02:00 Relay peer connections                     topics="waku node peer_manager" tid=3051733 inRelayConns=0/50 outRelayConns=4/25 totalConnections=4/150 notConnectedPeers=0 outsideBackoffPeers=0
[2026-10-03 21:12:58.302] [out] [delivery_module] DBG 2026-10-03 21:12:58.302+02:00 ENR addresses updated                      topics="waku enr" tid=3051733 retained=1 total=1
[2026-10-03 21:12:58.302] [out] [delivery_module] INF 2026-10-03 21:12:58.302+02:00 Node is online                             topics="waku online monitor" tid=3051733
[2026-10-03 21:12:58.303] [out] [delivery_module] INF 2026-10-03 21:12:58.303+02:00 Health monitor loop start                  tid=3051733
[2026-10-03 21:12:58.304] [out] [delivery_module] DBG 2026-10-03 21:12:58.304+02:00 calculateConnectionState                   tid=3051733 relayCount=4 storeClientCount=0 lightpushCount=4 filterCount=0
[2026-10-03 21:12:58.304] [out] [delivery_module] DBG 2026-10-03 21:12:58.304+02:00 connectionStatus change                    tid=3051733 oldstatus=Disconnected newstatus=Connected
[2026-10-03 21:12:58.304] [out] [delivery_module] INF 2026-10-03 21:12:58.304+02:00 starting keepalive                         tid=3051733 randomPeersKeepalive=10s allPeersKeepalive=2m
[2026-10-03 21:12:58.368] [out] [delivery_module] DBG 2026-10-03 21:12:58.368+02:00 no listener registered                     tid=3051735 event=onTopicHealthChange
[2026-10-03 21:12:58.406] [out] [delivery_module] DBG 2026-10-03 21:12:58.406+02:00 calculateConnectionState                   tid=3051733 relayCount=4 storeClientCount=0 lightpushCount=4 filterCount=0
Loaded UI plugin: "/nix/store/hvaxfjndlvdc2din115i62wg7hlsw1s1-logos-forum_module-plugin-dir"
[QmlInspector] Inspector server listening on port 3769
[QmlInspector] Client connected from "::1"
[2026-10-03 21:13:05.794] [out] [delivery_module] INF 2026-10-03 21:13:05.794+02:00 Message received                           tid=3051733 msg_hash=0xac1fd3a1b100e0ef69e8e4470fd2b8ff9ef1a9344603c3b705d2b058fa0f3588 contentTopic=/lp0026forum/1/general/text pubsubTopic=/waku/2/rs/42/0 source=live
[QmlInspector] Client disconnected
