run-logos-standalone-ui: hot-reloading QML from <repo>/src/qml
  (export DEV_QML_PATH to override, or LOGOS_QML_HOT_RELOAD=0 to disable)
Session directory: "~/Library/Application Support/Logos/LogosStandalone"
[2026-10-06 14:58:48.148] [info] [logos] Granting host services to 'capability_module': token_registry,token_delivery
[2026-10-06 14:58:48.174] [out] [capability_module] [2026-10-06 14:58:48.174] [info] Granting host services to capability_module: ["token_registry","token_delivery"]
RemoteTransportConnection: Connecting to registry: "local:logos_capability_module_ead603dbc5a0" at "14:58:48.176"
RemoteTransportConnection: Registry connect attempt started (no peer contact yet): "local:logos_capability_module_ead603dbc5a0"
LogosAPIConsumer: Informing module token for module: "capability_module" with token: "redacted:5979e845…"
RemoteTransportConnection: Requesting object: "capability_module" at "14:58:48.176"
[LogosObject] RemoteTransportConnection: returning RemoteLogosObject for: "capability_module"
[LogosObject] Created RemoteLogosObject wrapping QRemoteObjectReplica 105553148104704
[LogosObject] LogosAPIConsumer: calling LogosObject::informModuleToken for "capability_module"
LogosAPIConsumer: informModuleToken completed with result: true
[LogosObject] Destroying RemoteLogosObject 0
[2026-10-06 14:58:48.199] [info] [logos] Module loaded: capability_module
LogosAPIConsumer: Informing module token for module: "modules_state" with token: "redacted:ba931abd…"
RemoteTransportConnection: Requesting object: "capability_module" at "14:58:48.225"
[LogosObject] RemoteTransportConnection: returning RemoteLogosObject for: "capability_module"
[LogosObject] Created RemoteLogosObject wrapping QRemoteObjectReplica 105553147996192
[LogosObject] LogosAPIConsumer: calling LogosObject::informModuleToken for "modules_state"
LogosAPIConsumer: informModuleToken completed with result: true
[LogosObject] Destroying RemoteLogosObject 0
[2026-10-06 14:58:48.225] [info] [logos] Module loaded: modules_state
RemoteTransportConnection: Connecting to registry: "local:logos_modules_state_ead603dbc5a0" at "14:58:48.225"
RemoteTransportConnection: Registry connect attempt started (no peer contact yet): "local:logos_modules_state_ead603dbc5a0"
RemoteTransportConnection: Connecting to registry: "local:logos_capability_module_ead603dbc5a0" at "14:58:48.225"
RemoteTransportConnection: Registry connect attempt started (no peer contact yet): "local:logos_capability_module_ead603dbc5a0"
LogosAPIConsumer: '"modules_state"::""' deferred pending the module becoming reachable
LogosAPIConsumer: '"modules_state"::""' deferred pending the module becoming reachable
Logos Core started (modules dir: "/nix/store/4v2cj5cr5dlsjb9cl0blr0cds0qf07iv-logos-forum_module-plugin-dir-modules" )
Set app icon from metadata: "/nix/store/wbpxiyirc4aq8m4lk8clpi9hqdciprwc-logos-forum_module-plugin-dir/src/icons/icon.png"
[2026-10-06 14:58:48.259] [info] [logos] [delivery_module] DeliveryModuleImpl: Initializing...
LogosAPIConsumer: Informing module token for module: "delivery_module" with token: "redacted:2716e782…"
RemoteTransportConnection: Requesting object: "capability_module" at "14:58:48.260"
[LogosObject] RemoteTransportConnection: returning RemoteLogosObject for: "capability_module"
[LogosObject] Created RemoteLogosObject wrapping QRemoteObjectReplica 105553148051744
[LogosObject] LogosAPIConsumer: calling LogosObject::informModuleToken for "delivery_module"
LogosAPIConsumer: informModuleToken completed with result: true
[LogosObject] Destroying RemoteLogosObject 0
[2026-10-06 14:58:48.260] [info] [logos] Module loaded: delivery_module
RemoteTransportConnection: Connecting to registry: "local:logos_delivery_module_ead603dbc5a0" at "14:58:48.260"
RemoteTransportConnection: Registry connect attempt started (no peer contact yet): "local:logos_delivery_module_ead603dbc5a0"
RemoteTransportConnection: Connecting to registry: "local:logos_capability_module_ead603dbc5a0" at "14:58:48.260"
RemoteTransportConnection: Registry connect attempt started (no peer contact yet): "local:logos_capability_module_ead603dbc5a0"
LogosAPIConsumer: '"delivery_module"::""' deferred pending the module becoming reachable
LogosAPIClient: getToken for module: "modules_state"
LogosAPIClient: Found token for module: "modules_state"
RemoteTransportConnection: Requesting object: "modules_state" at "14:58:48.260"
[LogosObject] RemoteTransportConnection: returning RemoteLogosObject for: "modules_state"
[LogosObject] Created RemoteLogosObject wrapping QRemoteObjectReplica 105553148059552
[LogosObject] LogosAPIConsumer: async calling via LogosObject::callMethodAsync "note_transition"
[LogosObject] RemoteLogosObject::callMethodAsync "note_transition" args: 7
LogosAPIClient: getToken for module: "modules_state"
LogosAPIClient: Found token for module: "modules_state"
[LogosObject] LogosAPIConsumer: async calling via LogosObject::callMethodAsync "note_transition"
[LogosObject] RemoteLogosObject::callMethodAsync "note_transition" args: 7
Loaded dependency (with transitive deps): "delivery_module"
[2026-10-06 14:58:48.285] [info] [logos] [storage_module] StorageModuleImpl: Initializing...
LogosAPIConsumer: Informing module token for module: "storage_module" with token: "redacted:366fd7c5…"
RemoteTransportConnection: Requesting object: "capability_module" at "14:58:48.285"
[LogosObject] Created RemoteLogosObject wrapping QRemoteObjectReplica 105553147997312
LogosAPIClient: invoking remote method "modules_state" "apply_snapshot" args_count: 1
LogosAPIClient: getToken for module: "modules_state"
LogosAPIClient: Found token for module: "modules_state"
LogosAPIConsumer: Calling invokeRemoteMethod: "modules_state" "apply_snapshot" args_count: 1 timeout: 20000
[LogosObject] LogosAPIConsumer: calling via LogosObject::callMethod "apply_snapshot"
[LogosObject] RemoteLogosObject::callMethod "apply_snapshot" args: 1
[2026-10-06 14:58:48.286] [info] [logos] Pushed module snapshot to modules_state
LogosAPIClient: getToken for module: "modules_state"
LogosAPIClient: Found token for module: "modules_state"
[LogosObject] LogosAPIConsumer: async calling via LogosObject::callMethodAsync "note_transition"
[LogosObject] RemoteLogosObject::callMethodAsync "note_transition" args: 7
LogosAPIClient: getToken for module: "modules_state"
LogosAPIClient: Found token for module: "modules_state"
[LogosObject] LogosAPIConsumer: async calling via LogosObject::callMethodAsync "note_transition"
[LogosObject] RemoteLogosObject::callMethodAsync "note_transition" args: 7
[LogosObject] Created RemoteLogosObject wrapping QRemoteObjectReplica 105553148059872
LogosAPIClient: getToken for module: "modules_state"
LogosAPIClient: Found token for module: "modules_state"
[LogosObject] LogosAPIConsumer: async calling via LogosObject::callMethodAsync "note_transition"
[LogosObject] RemoteLogosObject::callMethodAsync "note_transition" args: 7
[LogosObject] RemoteTransportConnection: returning RemoteLogosObject for: "capability_module"
[LogosObject] Created RemoteLogosObject wrapping QRemoteObjectReplica 105553148067872
[LogosObject] LogosAPIConsumer: calling LogosObject::informModuleToken for "storage_module"
LogosAPIConsumer: informModuleToken completed with result: true
[LogosObject] Destroying RemoteLogosObject 0
[2026-10-06 14:58:48.286] [info] [logos] Module loaded: storage_module
RemoteTransportConnection: Connecting to registry: "local:logos_storage_module_ead603dbc5a0" at "14:58:48.287"
RemoteTransportConnection: Registry connect attempt started (no peer contact yet): "local:logos_storage_module_ead603dbc5a0"
RemoteTransportConnection: Connecting to registry: "local:logos_capability_module_ead603dbc5a0" at "14:58:48.287"
RemoteTransportConnection: Registry connect attempt started (no peer contact yet): "local:logos_capability_module_ead603dbc5a0"
LogosAPIConsumer: '"storage_module"::""' deferred pending the module becoming reachable
LogosAPIClient: getToken for module: "modules_state"
LogosAPIClient: Found token for module: "modules_state"
[LogosObject] LogosAPIConsumer: async calling via LogosObject::callMethodAsync "note_transition"
[LogosObject] RemoteLogosObject::callMethodAsync "note_transition" args: 7
Loaded dependency (with transitive deps): "storage_module"
DEV_QML_PATH override active: <repo>/src/qml/Main.qml
RemoteTransportConnection: Connecting to registry: "local:logos_capability_module_ead603dbc5a0" at "14:58:48.287"
RemoteTransportConnection: Registry connect attempt started (no peer contact yet): "local:logos_capability_module_ead603dbc5a0"
LogosAPIConsumer: Informing module token for module: "forum_module" with token: "redacted:b929fe86…"
RemoteTransportConnection: Requesting object: "capability_module" at "14:58:48.287"
[LogosObject] RemoteTransportConnection: returning RemoteLogosObject for: "capability_module"
[LogosObject] Created RemoteLogosObject wrapping QRemoteObjectReplica 105553148061248
[LogosObject] LogosAPIConsumer: calling LogosObject::informModuleToken for "forum_module"
[LogosObject] Created RemoteLogosObject wrapping QRemoteObjectReplica 105553148062784
LogosAPIClient: getToken for module: "modules_state"
LogosAPIClient: Found token for module: "modules_state"
[LogosObject] LogosAPIConsumer: async calling via LogosObject::callMethodAsync "note_transition"
[LogosObject] RemoteLogosObject::callMethodAsync "note_transition" args: 7
LogosAPIConsumer: informModuleToken completed with result: true
[LogosObject] Destroying RemoteLogosObject 0
Loaded UI plugin: "/nix/store/wbpxiyirc4aq8m4lk8clpi9hqdciprwc-logos-forum_module-plugin-dir"
[QmlInspector] Inspector server listening on port 3769
[QmlInspector] Client connected from "::1"
[2026-10-06 14:58:56.099] [warning] [logos] [capability_module] Warning: QObject::connect: No such signal ::eventResponse(QString,QVariantList)
[2026-10-06 14:58:56.099] [info] [logos] [storage_module] StorageModuleImpl::init called
[2026-10-06 14:58:56.101] [out] [storage_module] WRN 2026-10-06 14:58:56.100+02:00 Data directory has insecure permissions. Correcting them. tid=17438986 data_dir=~/.local/share/lp0026-forum-dev/m7-storage/b-storage current_permissions=0755 required_permissions=0700
[2026-10-06 14:58:56.101] [out] [storage_module] INF 2026-10-06 14:58:56.101+02:00 Creating a private key and saving it       tid=17438986
[2026-10-06 14:58:56.101] [out] [storage_module] WRN 2026-10-06 14:58:56.101+02:00 Node has been marked with --no-bootstrap-node and will NOT be bootstrapped topics="libstorage libstoragelifecycle" tid=17438986
[2026-10-06 14:58:56.101] [out] [storage_module] INF 2026-10-06 14:58:56.101+02:00 Threadpool started                         topics="libstorage libstoragelifecycle" tid=17438986 numThreads=12
[2026-10-06 14:58:56.102] [info] [logos] [storage_module] StorageModuleImpl::start called
[2026-10-06 14:58:56.102] [out] [storage_module] WRN 2026-10-06 14:58:56.102+02:00 No key for a QueryResponse                 topics="storage repostore" tid=17438986
[2026-10-06 14:58:56.103] [out] [storage_module] NTC 2026-10-06 14:58:56.103+02:00 Started Storage node                       topics="storage node" tid=17438986 id=16U*YWNCQy addrs="[/ip4/127.0.0.1/tcp/8572]"
[2026-10-06 14:59:23.386] [out] [storage_module] ERR 2026-10-06 14:59:23.385+02:00 Failed to MANIFEST.                        topics="libstorage libstoragedownload" tid=17438986 error="Failed to fetch manifest: Failed to fetch manifest zDvZRwzm3AT7zDcD1iugxZ6K8HsJoBY2AmYF2N2eFdwYvbSUE8N3 after 10 attempts: Key doesn't exist"
[2026-10-06 14:59:23.386] [info] [logos] [storage_module] StorageModuleImpl::downloadChunksInternal: failed to get manifest for zDvZRwzm3AT7zDcD1iugxZ6K8HsJoBY2AmYF2N2eFdwYvbSUE8N3
qt.qpa.fonts: Populating font family aliases took 57 ms. Replace uses of missing font family "Monospace" with one that exists to avoid this cost. 
[QmlInspector] Client disconnected
