warning: ignoring untrusted substituter 'https://cache.nix.logos.co/public', you are not a trusted user.
Run `man nix.conf` for more information on the `substituters` configuration option.
warning: ignoring the client-specified setting 'trusted-public-keys', because it is a restricted setting and you are not a trusted user
warning: ignoring untrusted substituter 'https://cache.nix.logos.co/public', you are not a trusted user.
Run `man nix.conf` for more information on the `substituters` configuration option.
warning: ignoring the client-specified setting 'trusted-public-keys', because it is a restricted setting and you are not a trusted user
warning: ignoring untrusted substituter 'https://cache.nix.logos.co/public', you are not a trusted user.
Run `man nix.conf` for more information on the `substituters` configuration option.
warning: ignoring the client-specified setting 'trusted-public-keys', because it is a restricted setting and you are not a trusted user
these 5 derivations will be built:
  /nix/store/spmils9dvwd2j6p40ymq08r1qcrkqf9s-logos-forum_module-module-lib-0.1.0.drv
  /nix/store/8z5lps4m0fs4ir8mmkvzadqrsb67qq0w-logos-forum_module-module.drv
  /nix/store/15vhr7n61y23a6sdb75y4gr5w3j3ncfq-closure-info.drv
  /nix/store/l6g2sjq99xp7p9mhhnsfk6jzhx0sngrx-logos-forum_module-module-bundle-0.1.0.drv
  /nix/store/f362hcb0j7w33lp18n8nffcydhnvaa69-logos-forum_module-module-lgx-0.1.0.drv
these 3 paths will be fetched (165.1 KiB download, 1.0 MiB unpacked):
  /nix/store/mnqfvgpmqx4jjyhpsxrscfxgh3fq3102-cctools-1010.6-dev
  /nix/store/y2f6yak1mppkfz0vbczard914xajb663-file-5.45-dev
  /nix/store/2gmh2mz52jbj4jizbkv8c3gxiyirgmck-sigtool-0.1.3
copying path '/nix/store/mnqfvgpmqx4jjyhpsxrscfxgh3fq3102-cctools-1010.6-dev' from 'https://cache.nixos.org'...
copying path '/nix/store/y2f6yak1mppkfz0vbczard914xajb663-file-5.45-dev' from 'https://cache.nixos.org'...
copying path '/nix/store/2gmh2mz52jbj4jizbkv8c3gxiyirgmck-sigtool-0.1.3' from 'https://cache.nixos.org'...
building '/nix/store/spmils9dvwd2j6p40ymq08r1qcrkqf9s-logos-forum_module-module-lib-0.1.0.drv'...
building '/nix/store/8z5lps4m0fs4ir8mmkvzadqrsb67qq0w-logos-forum_module-module.drv'...
building '/nix/store/15vhr7n61y23a6sdb75y4gr5w3j3ncfq-closure-info.drv'...
building '/nix/store/l6g2sjq99xp7p9mhhnsfk6jzhx0sngrx-logos-forum_module-module-bundle-0.1.0.drv'...
building '/nix/store/f362hcb0j7w33lp18n8nffcydhnvaa69-logos-forum_module-module-lgx-0.1.0.drv'...
