warning: ignoring untrusted substituter 'https://cache.nix.logos.co/public', you are not a trusted user.
Run `man nix.conf` for more information on the `substituters` configuration option.
warning: ignoring the client-specified setting 'trusted-public-keys', because it is a restricted setting and you are not a trusted user
warning: ignoring untrusted substituter 'https://cache.nix.logos.co/public', you are not a trusted user.
Run `man nix.conf` for more information on the `substituters` configuration option.
warning: ignoring the client-specified setting 'trusted-public-keys', because it is a restricted setting and you are not a trusted user
warning: ignoring untrusted substituter 'https://cache.nix.logos.co/public', you are not a trusted user.
Run `man nix.conf` for more information on the `substituters` configuration option.
warning: ignoring the client-specified setting 'trusted-public-keys', because it is a restricted setting and you are not a trusted user
these 5 derivations will be built:
  /nix/store/dgzq11bv7iaqai7phhpjad2hc528yxfr-logos-forum_module-module-lib-0.1.0.drv
  /nix/store/jm14hrymdwgy6z85bx8myihx6va1swzm-logos-forum_module-module.drv
  /nix/store/yy7ifvl76rpch04w4vm03x0jnxg3vvgl-closure-info.drv
  /nix/store/mfhss6bxpx02h6iz17ir1q47y66riv00-logos-forum_module-module-bundle-0.1.0.drv
  /nix/store/p5vy3ddgvj99yq5l21c5qfs4iqfirrr4-logos-forum_module-module-lgx-0.1.0.drv
building '/nix/store/dgzq11bv7iaqai7phhpjad2hc528yxfr-logos-forum_module-module-lib-0.1.0.drv'...
building '/nix/store/jm14hrymdwgy6z85bx8myihx6va1swzm-logos-forum_module-module.drv'...
building '/nix/store/yy7ifvl76rpch04w4vm03x0jnxg3vvgl-closure-info.drv'...
building '/nix/store/mfhss6bxpx02h6iz17ir1q47y66riv00-logos-forum_module-module-bundle-0.1.0.drv'...
building '/nix/store/p5vy3ddgvj99yq5l21c5qfs4iqfirrr4-logos-forum_module-module-lgx-0.1.0.drv'...
