run-logos-standalone-ui: hot-reloading QML from <repo>/src/qml
  (export DEV_QML_PATH to override, or LOGOS_QML_HOT_RELOAD=0 to disable)
Session directory: "~/Library/Application Support/Logos/LogosStandalone"
[2026-10-04 13:18:40.206] [info] [logos] Granting host services to 'capability_module': token_registry,token_delivery
[2026-10-04 13:18:40.282] [out] [capability_module] [2026-10-04 13:18:40.281] [info] Granting host services to capability_module: ["token_registry","token_delivery"]
RemoteTransportConnection: Connecting to registry: "local:logos_capability_module_766bd4a6e5cd" at "13:18:40.290"
RemoteTransportConnection: Registry connect attempt started (no peer contact yet): "local:logos_capability_module_766bd4a6e5cd"
LogosAPIConsumer: Informing module token for module: "capability_module" with token: "redacted:3281cb41…"
RemoteTransportConnection: Requesting object: "capability_module" at "13:18:40.293"
[LogosObject] RemoteTransportConnection: returning RemoteLogosObject for: "capability_module"
[LogosObject] Created RemoteLogosObject wrapping QRemoteObjectReplica 105553159663136
[LogosObject] LogosAPIConsumer: calling LogosObject::informModuleToken for "capability_module"
LogosAPIConsumer: informModuleToken completed with result: true
[LogosObject] Destroying RemoteLogosObject 0
[2026-10-04 13:18:40.362] [info] [logos] Module loaded: capability_module
LogosAPIConsumer: Informing module token for module: "modules_state" with token: "redacted:3f9b2f14…"
RemoteTransportConnection: Requesting object: "capability_module" at "13:18:40.424"
[LogosObject] RemoteTransportConnection: returning RemoteLogosObject for: "capability_module"
[LogosObject] Created RemoteLogosObject wrapping QRemoteObjectReplica 105553159471808
[LogosObject] LogosAPIConsumer: calling LogosObject::informModuleToken for "modules_state"
LogosAPIConsumer: informModuleToken completed with result: true
[LogosObject] Destroying RemoteLogosObject 0
[2026-10-04 13:18:40.424] [info] [logos] Module loaded: modules_state
RemoteTransportConnection: Connecting to registry: "local:logos_modules_state_766bd4a6e5cd" at "13:18:40.425"
RemoteTransportConnection: Registry connect attempt started (no peer contact yet): "local:logos_modules_state_766bd4a6e5cd"
RemoteTransportConnection: Connecting to registry: "local:logos_capability_module_766bd4a6e5cd" at "13:18:40.425"
RemoteTransportConnection: Registry connect attempt started (no peer contact yet): "local:logos_capability_module_766bd4a6e5cd"
LogosAPIConsumer: '"modules_state"::""' deferred pending the module becoming reachable
LogosAPIConsumer: '"modules_state"::""' deferred pending the module becoming reachable
Logos Core started (modules dir: "/nix/store/4v2cj5cr5dlsjb9cl0blr0cds0qf07iv-logos-forum_module-plugin-dir-modules" )
Set app icon from metadata: "/nix/store/yq6iarsricpxm1z2rz5jda0vqbcmk9zn-logos-forum_module-plugin-dir/src/icons/icon.png"
[2026-10-04 13:18:40.522] [info] [logos] [delivery_module] DeliveryModuleImpl: Initializing...
LogosAPIConsumer: Informing module token for module: "delivery_module" with token: "redacted:7ff5da88…"
RemoteTransportConnection: Requesting object: "capability_module" at "13:18:40.524"
[LogosObject] RemoteTransportConnection: returning RemoteLogosObject for: "capability_module"
[LogosObject] Created RemoteLogosObject wrapping QRemoteObjectReplica 105553159456320
[LogosObject] LogosAPIConsumer: calling LogosObject::informModuleToken for "delivery_module"
LogosAPIConsumer: informModuleToken completed with result: true
[LogosObject] Destroying RemoteLogosObject 0
[2026-10-04 13:18:40.525] [info] [logos] Module loaded: delivery_module
RemoteTransportConnection: Connecting to registry: "local:logos_delivery_module_766bd4a6e5cd" at "13:18:40.525"
RemoteTransportConnection: Registry connect attempt started (no peer contact yet): "local:logos_delivery_module_766bd4a6e5cd"
RemoteTransportConnection: Connecting to registry: "local:logos_capability_module_766bd4a6e5cd" at "13:18:40.526"
RemoteTransportConnection: Registry connect attempt started (no peer contact yet): "local:logos_capability_module_766bd4a6e5cd"
LogosAPIConsumer: '"delivery_module"::""' deferred pending the module becoming reachable
LogosAPIClient: getToken for module: "modules_state"
LogosAPIClient: Found token for module: "modules_state"
RemoteTransportConnection: Requesting object: "modules_state" at "13:18:40.526"
[LogosObject] RemoteTransportConnection: returning RemoteLogosObject for: "modules_state"
[LogosObject] Created RemoteLogosObject wrapping QRemoteObjectReplica 105553159572480
[LogosObject] LogosAPIConsumer: async calling via LogosObject::callMethodAsync "note_transition"
[LogosObject] RemoteLogosObject::callMethodAsync "note_transition" args: 7
LogosAPIClient: getToken for module: "modules_state"
LogosAPIClient: Found token for module: "modules_state"
[LogosObject] LogosAPIConsumer: async calling via LogosObject::callMethodAsync "note_transition"
[LogosObject] RemoteLogosObject::callMethodAsync "note_transition" args: 7
Loaded dependency (with transitive deps): "delivery_module"
[2026-10-04 13:18:40.632] [info] [logos] [storage_module] StorageModuleImpl: Initializing...
LogosAPIConsumer: Informing module token for module: "storage_module" with token: "redacted:a5cab5a7…"
RemoteTransportConnection: Requesting object: "capability_module" at "13:18:40.634"
[LogosObject] Created RemoteLogosObject wrapping QRemoteObjectReplica 105553159473536
LogosAPIClient: invoking remote method "modules_state" "apply_snapshot" args_count: 1
LogosAPIClient: getToken for module: "modules_state"
LogosAPIClient: Found token for module: "modules_state"
LogosAPIConsumer: Calling invokeRemoteMethod: "modules_state" "apply_snapshot" args_count: 1 timeout: 20000
[LogosObject] LogosAPIConsumer: calling via LogosObject::callMethod "apply_snapshot"
[LogosObject] RemoteLogosObject::callMethod "apply_snapshot" args: 1
[LogosObject] Created RemoteLogosObject wrapping QRemoteObjectReplica 105553159572256
LogosAPIClient: getToken for module: "modules_state"
LogosAPIClient: Found token for module: "modules_state"
[LogosObject] LogosAPIConsumer: async calling via LogosObject::callMethodAsync "note_transition"
[LogosObject] RemoteLogosObject::callMethodAsync "note_transition" args: 7
LogosAPIClient: getToken for module: "modules_state"
LogosAPIClient: Found token for module: "modules_state"
[LogosObject] LogosAPIConsumer: async calling via LogosObject::callMethodAsync "note_transition"
[LogosObject] RemoteLogosObject::callMethodAsync "note_transition" args: 7
[2026-10-04 13:18:40.636] [info] [logos] Pushed module snapshot to modules_state
LogosAPIClient: getToken for module: "modules_state"
LogosAPIClient: Found token for module: "modules_state"
[LogosObject] LogosAPIConsumer: async calling via LogosObject::callMethodAsync "note_transition"
[LogosObject] RemoteLogosObject::callMethodAsync "note_transition" args: 7
[LogosObject] RemoteTransportConnection: returning RemoteLogosObject for: "capability_module"
[LogosObject] Created RemoteLogosObject wrapping QRemoteObjectReplica 105553159550720
[LogosObject] LogosAPIConsumer: calling LogosObject::informModuleToken for "storage_module"
LogosAPIConsumer: informModuleToken completed with result: true
[LogosObject] Destroying RemoteLogosObject 0
[2026-10-04 13:18:40.636] [info] [logos] Module loaded: storage_module
RemoteTransportConnection: Connecting to registry: "local:logos_storage_module_766bd4a6e5cd" at "13:18:40.637"
RemoteTransportConnection: Registry connect attempt started (no peer contact yet): "local:logos_storage_module_766bd4a6e5cd"
RemoteTransportConnection: Connecting to registry: "local:logos_capability_module_766bd4a6e5cd" at "13:18:40.637"
RemoteTransportConnection: Registry connect attempt started (no peer contact yet): "local:logos_capability_module_766bd4a6e5cd"
LogosAPIConsumer: '"storage_module"::""' deferred pending the module becoming reachable
LogosAPIClient: getToken for module: "modules_state"
LogosAPIClient: Found token for module: "modules_state"
[LogosObject] LogosAPIConsumer: async calling via LogosObject::callMethodAsync "note_transition"
[LogosObject] RemoteLogosObject::callMethodAsync "note_transition" args: 7
Loaded dependency (with transitive deps): "storage_module"
DEV_QML_PATH override active: <repo>/src/qml/Main.qml
RemoteTransportConnection: Connecting to registry: "local:logos_capability_module_766bd4a6e5cd" at "13:18:40.638"
RemoteTransportConnection: Registry connect attempt started (no peer contact yet): "local:logos_capability_module_766bd4a6e5cd"
LogosAPIConsumer: Informing module token for module: "forum_module" with token: "redacted:472d2136…"
RemoteTransportConnection: Requesting object: "capability_module" at "13:18:40.638"
[LogosObject] RemoteTransportConnection: returning RemoteLogosObject for: "capability_module"
[LogosObject] Created RemoteLogosObject wrapping QRemoteObjectReplica 105553159684448
[LogosObject] LogosAPIConsumer: calling LogosObject::informModuleToken for "forum_module"
[LogosObject] Created RemoteLogosObject wrapping QRemoteObjectReplica 105553159575872
LogosAPIClient: getToken for module: "modules_state"
LogosAPIClient: Found token for module: "modules_state"
[LogosObject] LogosAPIConsumer: async calling via LogosObject::callMethodAsync "note_transition"
[LogosObject] RemoteLogosObject::callMethodAsync "note_transition" args: 7
LogosAPIConsumer: informModuleToken completed with result: true
[LogosObject] Destroying RemoteLogosObject 0
[2026-10-04 13:18:40.727] [warning] [logos] [capability_module] Warning: QObject::connect: No such signal ::eventResponse(QString,QVariantList)
[2026-10-04 13:18:40.729] [info] [logos] [delivery_module] DeliveryModuleImpl::getNodeInfo called with nodeInfoId: MyPeerId
[2026-10-04 13:18:40.729] [info] [logos] [delivery_module] DeliveryModuleImpl: Cannot get node info - context not initialized. Call createNode first.
[2026-10-04 13:18:40.729] [info] [logos] [delivery_module] DeliveryModuleImpl::createNode called
[2026-10-04 13:18:40.824] [info] [logos] [delivery_module] DeliveryModuleImpl: Waiting for createNode callback...
[2026-10-04 13:18:40.838] [out] [delivery_module] DBG 2026-10-04 13:18:40.837+02:00 Whether to mount storeSync is not specified, defaulting to not mounting topics="waku conf builder" tid=4806025
[2026-10-04 13:18:40.838] [out] [delivery_module] INF 2026-10-04 13:18:40.838+02:00 Sharding configuration:                    topics="waku conf builder" tid=4806025 shardingConf="(kind: AutoSharding, numShardsInCluster: 1)" subscribeShards=@[0]
[2026-10-04 13:18:40.841] [out] [delivery_module] INF 2026-10-04 13:18:40.841+02:00 Configuration: Enabled protocols           topics="waku conf" tid=4806025 relay=true rlnRelay=false store=false filter=false lightPush=false peerExchange=false rendezvous=false
[2026-10-04 13:18:40.841] [out] [delivery_module] INF 2026-10-04 13:18:40.841+02:00 Configuration. Network                     topics="waku conf" tid=4806025 cluster=42
[2026-10-04 13:18:40.841] [out] [delivery_module] DBG 2026-10-04 13:18:40.841+02:00 Configuration. Active Relay Shards         topics="waku conf" tid=4806025 shard=0
[2026-10-04 13:18:40.842] [out] [delivery_module] INF 2026-10-04 13:18:40.842+02:00 Setting up storage                         tid=4806025
[2026-10-04 13:18:40.842] [out] [delivery_module] INF 2026-10-04 13:18:40.842+02:00 Initializing node                          tid=4806025
[2026-10-04 13:18:40.844] [out] [delivery_module] INF 2026-10-04 13:18:40.844+02:00 Initializing networking                    tid=4806025 addrs=@[/ip4/127.0.0.1/tcp/55266]
[2026-10-04 13:18:40.844] [out] [delivery_module] INF 2026-10-04 13:18:40.844+02:00 Mounting protocols                         tid=4806025
[2026-10-04 13:18:40.845] [out] [delivery_module] INF 2026-10-04 13:18:40.844+02:00 Created WakuMetadata protocol              topics="waku node" tid=4806025 clusterId=42 shards="[0]"
[2026-10-04 13:18:40.845] [out] [delivery_module] INF 2026-10-04 13:18:40.845+02:00 Mounting mix protocol                      topics="waku node" tid=4806025INF 2026-10-04 13:18:40.845+02:00 node info                                  topics="waku node" tid=4806025 wakuInfo="(listenAddresses: [/ip4/127.0.0.1/tcp/55266/p2p/16Uiu2HAmTp9zoLPEd2v4eXnpsVK9HicvdMLvVWGEGAk12Ykw1toL], enrUri: enr:-JS4QL7nNgVEqTqWGq90XzaJQR8-D6yxACaOYo7X3O9xnOfyPjhctbuyJFQ7HTvVcjX2w-VdxIaLjZYe_DQ2DWr3jKQBgmlkgnY0gmlwhH8AAAGCcnOFACoBAACJc2VjcDI1NmsxoQPhOHBSgV9Q9ugnM-iDyCYGqCONhodQ-ZvIrjj3e7uCK4N0Y3CC1-KFd2FrdTIh, mixPubKey: none())"
[2026-10-04 13:18:40.845] [out] [delivery_module]  nodeId="(listenAddresses: [/ip4/127.0.0.1/tcp/55266/p2p/16Uiu2HAmTp9zoLPEd2v4eXnpsVK9HicvdMLvVWGEGAk12Ykw1toL], enrUri: enr:-JS4QL7nNgVEqTqWGq90XzaJQR8-D6yxACaOYo7X3O9xnOfyPjhctbuyJFQ7HTvVcjX2w-VdxIaLjZYe_DQ2DWr3jKQBgmlkgnY0gmlwhH8AAAGCcnOFACoBAACJc2VjcDI1NmsxoQPhOHBSgV9Q9ugnM-iDyCYGqCONhodQ-ZvIrjj3e7uCK4N0Y3CC1-KFd2FrdTIh, mixPubKey: none())"
[2026-10-04 13:18:40.845] [out] [delivery_module] INF 2026-10-04 13:18:40.845+02:00 local addr                                 topics="waku node" tid=4806025 localaddr=/ip4/127.0.0.1/tcp/55266
[2026-10-04 13:18:40.846] [out] [delivery_module] INF 2026-10-04 13:18:40.845+02:00 mixPubKey                                  topics="waku node" tid=4806025 mixPubKey="[115, 108, 244, 41, 238, 43, 42, 235, 119, 58, 40, 252, 49, 6, 6, 188, 176, 154, 150, 9, 84, 199, 59, 57, 182, 31, 113, 116, 208, 253, 26, 38]"
[2026-10-04 13:18:40.850] [out] [delivery_module] INF 2026-10-04 13:18:40.850+02:00 Using mix bootstrap nodes                  topics="waku mix" tid=4806025 entries=4 poolSize=4
[2026-10-04 13:18:40.850] [out] [delivery_module] INF 2026-10-04 13:18:40.850+02:00 mounting store client                      topics="waku node store api" tid=4806025
[2026-10-04 13:18:40.850] [out] [delivery_module] INF 2026-10-04 13:18:40.850+02:00 Mounting auto sharding                     topics="waku node" tid=4806025 clusterId=42 shardCount=1
[2026-10-04 13:18:40.850] [out] [delivery_module] DBG 2026-10-04 13:18:40.850+02:00 Shards created from content topics         tid=4806025 contentTopics=[] shards=[]
[2026-10-04 13:18:40.850] [out] [delivery_module] DBG 2026-10-04 13:18:40.850+02:00 Setting max message size                   tid=4806025 num_bytes=153600
[2026-10-04 13:18:40.850] [out] [delivery_module] INF 2026-10-04 13:18:40.850+02:00 mounting relay protocol                    topics="waku node relay api" tid=4806025
[2026-10-04 13:18:40.851] [out] [delivery_module] DBG 2026-10-04 13:18:40.850+02:00 relay mounted successfully                 topics="waku node relay api" tid=4806025
[2026-10-04 13:18:40.851] [out] [delivery_module] DBG 2026-10-04 13:18:40.850+02:00 Adding validator to signed shards          tid=4806025 protectedShards=[] clusterId=42
[2026-10-04 13:18:40.851] [out] [delivery_module] INF 2026-10-04 13:18:40.850+02:00 mounting libp2p ping protocol              topics="waku node ping api" tid=4806025
[2026-10-04 13:18:40.851] [out] [delivery_module] INF 2026-10-04 13:18:40.851+02:00 mounting light push client                 topics="waku node lightpush api" tid=4806025
[2026-10-04 13:18:40.851] [out] [delivery_module] INF 2026-10-04 13:18:40.851+02:00 mounting legacy light push client          topics="waku node lightpush api" tid=4806025
[2026-10-04 13:18:40.851] [out] [delivery_module] DBG 2026-10-04 13:18:40.851+02:00 Adding peer to service slots               topics="waku node peer_manager" tid=4806025 peerId=16U*gFDKmD addr=/ip4/127.0.0.1/tcp/55262 service=/vac/waku/lightpush/3.0.0
[2026-10-04 13:18:40.851] [out] [delivery_module] DBG 2026-10-04 13:18:40.851+02:00 Adding peer to service slots               topics="waku node peer_manager" tid=4806025 peerId=16U*gFDKmD addr=/ip4/127.0.0.1/tcp/55262 service=/vac/waku/lightpush/2.0.0-beta1
[2026-10-04 13:18:40.851] [out] [delivery_module] INF 2026-10-04 13:18:40.851+02:00 mounting filter client                     topics="waku node filter api" tid=4806025
[2026-10-04 13:18:40.851] [out] [delivery_module] INF 2026-10-04 13:18:40.851+02:00 mounting waku peer exchange client         topics="waku node peerexchange api" tid=4806025
[2026-10-04 13:18:40.851] [out] [delivery_module] INF 2026-10-04 13:18:40.851+02:00 No external callbacks to be set            topics="wakunode waku" tid=4806025
[2026-10-04 13:18:40.851] [out] [delivery_module] INF 2026-10-04 13:18:40.851+02:00 Setting up AutonatService                  topics="libp2p autonatservice" tid=4806025
[2026-10-04 13:18:40.852] [info] [logos] [delivery_module] DeliveryModuleImpl::createNode callback called with ret: 0
[2026-10-04 13:18:40.865] [info] [logos] [delivery_module] DeliveryModuleImpl: Delivery context created successfully
[2026-10-04 13:18:40.865] [info] [logos] [delivery_module] DeliveryModuleImpl::start called
[2026-10-04 13:18:40.866] [out] [delivery_module] INF 2026-10-04 13:18:40.866+02:00 Retrieve dynamic bootstrap nodes           topics="wakunode waku" tid=4806025
[2026-10-04 13:18:40.866] [out] [delivery_module] INF 2026-10-04 13:18:40.866+02:00 Running nwaku node                         tid=4806025 version=v0.39.0-gca2814
[2026-10-04 13:18:40.866] [out] [delivery_module] INF 2026-10-04 13:18:40.866+02:00 Starting Waku node                         topics="waku node" tid=4806025 version=v0.39.0-gca2814
[2026-10-04 13:18:40.866] [out] [delivery_module] DBG 2026-10-04 13:18:40.866+02:00 starting switch for peer                   topics="libp2p switch" tid=4806025 peerInfo="(peerId: 16Uiu2HAmTp9zoLPEd2v4eXnpsVK9HicvdMLvVWGEGAk12Ykw1toL, listenAddrs: [/ip4/127.0.0.1/tcp/55266], addrs: [], protocols: [/ipfs/id/1.0.0, /libp2p/autonat/1.0.0, /libp2p/circuit/relay/0.2.0/hop, /vac/waku/metadata/1.0.0, /mix/1.0.0, /vac/waku/relay/2.0.0, /ipfs/ping/1.0.0, /vac/waku/filter-push/2.0.0-beta1], protoVersion: ipfs/0.1.0, agentVersion: logos-delivery-v0.39.0-gca2814)"
[2026-10-04 13:18:40.866] [info] [logos] [delivery_module] DeliveryModuleImpl::getNodeInfo called with nodeInfoId: MyPeerId
[2026-10-04 13:18:40.869] [out] [delivery_module] DBG 2026-10-04 13:18:40.869+02:00 About to accept incoming connection        topics="libp2p switch" tid=4806025
[2026-10-04 13:18:40.870] [out] [delivery_module] INF 2026-10-04 13:18:40.870+02:00 start                                      topics="waku relay" tid=4806025
[2026-10-04 13:18:40.871] [out] [delivery_module] DBG 2026-10-04 13:18:40.871+02:00 Started libp2p node                        topics="libp2p switch" tid=4806025 peer="(peerId: 16Uiu2HAmTp9zoLPEd2v4eXnpsVK9HicvdMLvVWGEGAk12Ykw1toL, listenAddrs: [/ip4/127.0.0.1/tcp/55266], addrs: [/ip4/127.0.0.1/tcp/55266], protocols: [/ipfs/id/1.0.0, /libp2p/autonat/1.0.0, /libp2p/circuit/relay/0.2.0/hop, /vac/waku/metadata/1.0.0, /mix/1.0.0, /vac/waku/relay/2.0.0, /ipfs/ping/1.0.0, /vac/waku/filter-push/2.0.0-beta1], protoVersion: ipfs/0.1.0, agentVersion: logos-delivery-v0.39.0-gca2814)"
[2026-10-04 13:18:40.874] [out] [delivery_module] INF 2026-10-04 13:18:40.874+02:00 Announced base resolved                    topics="waku node" tid=4806025 addrs=@[/ip4/127.0.0.1/tcp/55266] explicit=@[/ip4/127.0.0.1/tcp/55266]
[2026-10-04 13:18:40.875] [out] [delivery_module] DBG 2026-10-04 13:18:40.875+02:00 ENR addresses updated                      topics="waku enr" tid=4806025 retained=1 total=1
[2026-10-04 13:18:40.875] [out] [delivery_module] INF 2026-10-04 13:18:40.875+02:00 Node started successfully                  topics="waku node" tid=4806025
[2026-10-04 13:18:40.875] [out] [delivery_module] DBG 2026-10-04 13:18:40.875+02:00 Dialing multiple peers                     tid=4806025 numOfPeers=4 nodes="@[\"/ip4/127.0.0.1/tcp/55262/p2p/16Uiu2HAmEcpptbzYraUYsaLQwb9jNna8gDbMmTMHQxsofZgFDKmD\", \"/ip4/127.0.0.1/tcp/55263/p2p/16Uiu2HAmTBjfwtBckDErtDR29CFs9kYcoiTa2HtUcK7VHpfhFSXg\", \"/ip4/127.0.0.1/tcp/55264/p2p/16Uiu2HAkv1oMVVSaXsUFXxok3RZXJU22GjHfUU29cm3C145NFDh9\", \"/ip4/127.0.0.1/tcp/55265/p2p/16Uiu2HAmVFGKKnAE3sYQHQGCoAHPEbfhr1oXbLeAyzLYeFPKCaTW\"]"
[2026-10-04 13:18:40.876] [out] [delivery_module] DBG 2026-10-04 13:18:40.876+02:00 Dialing peer                               topics="libp2p dialer" tid=4806025 peerId=16U*gFDKmD addrs="[/ip4/127.0.0.1/tcp/55262]"
[2026-10-04 13:18:40.876] [out] [delivery_module] DBG 2026-10-04 13:18:40.876+02:00 Expanded address and hostname              topics="libp2p dialer" tid=4806025 expandedAddress=/ip4/127.0.0.1/tcp/55262 hostname=127.0.0.1 resolvedAddresses="[/ip4/127.0.0.1/tcp/55262]"
[2026-10-04 13:18:40.877] [out] [delivery_module] DBG 2026-10-04 13:18:40.877+02:00 Dialing peer                               topics="libp2p dialer" tid=4806025 peerId=16U*fhFSXg addrs="[/ip4/127.0.0.1/tcp/55263]"
[2026-10-04 13:18:40.877] [out] [delivery_module] DBG 2026-10-04 13:18:40.877+02:00 Expanded address and hostname              topics="libp2p dialer" tid=4806025 expandedAddress=/ip4/127.0.0.1/tcp/55263 hostname=127.0.0.1 resolvedAddresses="[/ip4/127.0.0.1/tcp/55263]"
[2026-10-04 13:18:40.877] [out] [delivery_module] DBG 2026-10-04 13:18:40.877+02:00 Dialing peer                               topics="libp2p dialer" tid=4806025 peerId=16U*5NFDh9 addrs="[/ip4/127.0.0.1/tcp/55264]"
[2026-10-04 13:18:40.878] [out] [delivery_module] DBG 2026-10-04 13:18:40.877+02:00 Expanded address and hostname              topics="libp2p dialer" tid=4806025 expandedAddress=/ip4/127.0.0.1/tcp/55264 hostname=127.0.0.1 resolvedAddresses="[/ip4/127.0.0.1/tcp/55264]"
[2026-10-04 13:18:40.878] [out] [delivery_module] DBG 2026-10-04 13:18:40.878+02:00 Dialing peer                               topics="libp2p dialer" tid=4806025 peerId=16U*PKCaTW addrs="[/ip4/127.0.0.1/tcp/55265]"
[2026-10-04 13:18:40.878] [out] [delivery_module] DBG 2026-10-04 13:18:40.878+02:00 Expanded address and hostname              topics="libp2p dialer" tid=4806025 expandedAddress=/ip4/127.0.0.1/tcp/55265 hostname=127.0.0.1 resolvedAddresses="[/ip4/127.0.0.1/tcp/55265]"
[2026-10-04 13:18:40.886] [info] [logos] [delivery_module] DeliveryModuleImpl::subscribe called with contentTopic: /lp0026forum/1/general/text
[2026-10-04 13:18:40.888] [out] [delivery_module] DBG 2026-10-04 13:18:40.888+02:00 Subscribing to pubsub topic                topics="waku relay" tid=4806025 pubsubTopic=/waku/2/rs/42/0
[2026-10-04 13:18:40.888] [out] [delivery_module] DBG 2026-10-04 13:18:40.888+02:00 No mesh peer for the given pubsub topic    topics="waku relay" tid=4806025 pubsubTopic=/waku/2/rs/42/0
[2026-10-04 13:18:40.889] [info] [logos] [delivery_module] DeliveryModuleImpl: Subscribe completed for topic: /lp0026forum/1/general/text with success
[2026-10-04 13:18:40.894] [out] [delivery_module] DBG 2026-10-04 13:18:40.894+02:00 Dial successful                            topics="libp2p dialer" tid=4806025 peerId=16U*fhFSXg
[2026-10-04 13:18:40.895] [out] [delivery_module] DBG 2026-10-04 13:18:40.895+02:00 starting sendNonHighPriorityTask           topics="libp2p pubsubpeer" tid=4806025 p=16U*fhFSXg
[2026-10-04 13:18:40.895] [out] [delivery_module] DBG 2026-10-04 13:18:40.895+02:00 created new pubsub peer                    topics="libp2p pubsub" tid=4806025 peerId=16U*fhFSXg
[2026-10-04 13:18:40.895] [out] [delivery_module] DBG 2026-10-04 13:18:40.895+02:00 no listener registered                     tid=4806027 event=onConnectionChange
[2026-10-04 13:18:40.896] [out] [delivery_module] DBG 2026-10-04 13:18:40.896+02:00 Dial successful                            topics="libp2p dialer" tid=4806025 peerId=16U*5NFDh9
[2026-10-04 13:18:40.896] [out] [delivery_module] DBG 2026-10-04 13:18:40.896+02:00 Dial successful                            topics="libp2p dialer" tid=4806025 peerId=16U*PKCaTW
[2026-10-04 13:18:40.898] [out] [delivery_module] DBG 2026-10-04 13:18:40.896+02:00 Dial successful                            topics="libp2p dialer" tid=4806025 peerId=16U*gFDKmD
[2026-10-04 13:18:40.898] [out] [delivery_module] DBG 2026-10-04 13:18:40.898+02:00 Incoming WakuRelay connection              topics="waku relay" tid=4806025 connection=16U*fhFSXg:6ac2361008745db28e84c218 protocol=/vac/waku/relay/2.0.0
[2026-10-04 13:18:40.898] [out] [delivery_module] DBG 2026-10-04 13:18:40.898+02:00 starting pubsub read loop                  topics="libp2p pubsubpeer" tid=4806025 stream=16U*fhFSXg:6ac2361008745db28e84c218 peer=16U*fhFSXg closed=false
[2026-10-04 13:18:40.899] [out] [delivery_module] DBG 2026-10-04 13:18:40.899+02:00 identify: info sent                        topics="libp2p identify" tid=4806025 stream=16U*fhFSXg:6ac2361008745db28e84c219 info="(peerId: 16Uiu2HAmTp9zoLPEd2v4eXnpsVK9HicvdMLvVWGEGAk12Ykw1toL, listenAddrs: [/ip4/127.0.0.1/tcp/55266], addrs: [/ip4/127.0.0.1/tcp/55266], protocols: [/ipfs/id/1.0.0, /libp2p/autonat/1.0.0, /libp2p/circuit/relay/0.2.0/hop, /vac/waku/metadata/1.0.0, /mix/1.0.0, /vac/waku/relay/2.0.0, /ipfs/ping/1.0.0, /vac/waku/filter-push/2.0.0-beta1], protoVersion: ipfs/0.1.0, agentVersion: logos-delivery-v0.39.0-gca2814)"
[2026-10-04 13:18:40.899] [out] [delivery_module] DBG 2026-10-04 13:18:40.899+02:00 starting sendNonHighPriorityTask           topics="libp2p pubsubpeer" tid=4806025 p=16U*5NFDh9
[2026-10-04 13:18:40.899] [out] [delivery_module] DBG 2026-10-04 13:18:40.899+02:00 created new pubsub peer                    topics="libp2p pubsub" tid=4806025 peerId=16U*5NFDh9
[2026-10-04 13:18:40.899] [out] [delivery_module] DBG 2026-10-04 13:18:40.899+02:00 starting sendNonHighPriorityTask           topics="libp2p pubsubpeer" tid=4806025 p=16U*PKCaTW
[2026-10-04 13:18:40.900] [out] [delivery_module] DBG 2026-10-04 13:18:40.899+02:00 created new pubsub peer                    topics="libp2p pubsub" tid=4806025 peerId=16U*PKCaTW
[2026-10-04 13:18:40.900] [out] [delivery_module] DBG 2026-10-04 13:18:40.900+02:00 no listener registered                     tid=4806027 event=onConnectionChange
[2026-10-04 13:18:40.900] [out] [delivery_module] DBG 2026-10-04 13:18:40.900+02:00 no listener registered                     tid=4806027 event=onConnectionChange
[2026-10-04 13:18:40.900] [out] [delivery_module] DBG 2026-10-04 13:18:40.900+02:00 starting sendNonHighPriorityTask           topics="libp2p pubsubpeer" tid=4806025 p=16U*gFDKmD
[2026-10-04 13:18:40.900] [out] [delivery_module] DBG 2026-10-04 13:18:40.900+02:00 created new pubsub peer                    topics="libp2p pubsub" tid=4806025 peerId=16U*gFDKmD
[2026-10-04 13:18:40.900] [out] [delivery_module] DBG 2026-10-04 13:18:40.900+02:00 no listener registered                     tid=4806027 event=onConnectionChange
[2026-10-04 13:18:40.901] [out] [delivery_module] DBG 2026-10-04 13:18:40.900+02:00 Incoming WakuRelay connection              topics="waku relay" tid=4806025 connection=16U*5NFDh9:6ac2361008745db28e84c21a protocol=/vac/waku/relay/2.0.0
[2026-10-04 13:18:40.901] [out] [delivery_module] DBG 2026-10-04 13:18:40.901+02:00 starting pubsub read loop                  topics="libp2p pubsubpeer" tid=4806025 stream=16U*5NFDh9:6ac2361008745db28e84c21a peer=16U*5NFDh9 closed=false
[2026-10-04 13:18:40.901] [out] [delivery_module] DBG 2026-10-04 13:18:40.901+02:00 identify: info sent                        topics="libp2p identify" tid=4806025 stream=16U*5NFDh9:6ac2361008745db28e84c21b info="(peerId: 16Uiu2HAmTp9zoLPEd2v4eXnpsVK9HicvdMLvVWGEGAk12Ykw1toL, listenAddrs: [/ip4/127.0.0.1/tcp/55266], addrs: [/ip4/127.0.0.1/tcp/55266], protocols: [/ipfs/id/1.0.0, /libp2p/autonat/1.0.0, /libp2p/circuit/relay/0.2.0/hop, /vac/waku/metadata/1.0.0, /mix/1.0.0, /vac/waku/relay/2.0.0, /ipfs/ping/1.0.0, /vac/waku/filter-push/2.0.0-beta1], protoVersion: ipfs/0.1.0, agentVersion: logos-delivery-v0.39.0-gca2814)"
[2026-10-04 13:18:40.901] [out] [delivery_module] DBG 2026-10-04 13:18:40.901+02:00 Incoming WakuRelay connection              topics="waku relay" tid=4806025 connection=16U*PKCaTW:6ac2361008745db28e84c21c protocol=/vac/waku/relay/2.0.0
[2026-10-04 13:18:40.901] [out] [delivery_module] DBG 2026-10-04 13:18:40.901+02:00 starting pubsub read loop                  topics="libp2p pubsubpeer" tid=4806025 stream=16U*PKCaTW:6ac2361008745db28e84c21c peer=16U*PKCaTW closed=false
[2026-10-04 13:18:40.901] [out] [delivery_module] DBG 2026-10-04 13:18:40.901+02:00 identify: info sent                        topics="libp2p identify" tid=4806025 stream=16U*PKCaTW:6ac2361008745db28e84c21d info="(peerId: 16Uiu2HAmTp9zoLPEd2v4eXnpsVK9HicvdMLvVWGEGAk12Ykw1toL, listenAddrs: [/ip4/127.0.0.1/tcp/55266], addrs: [/ip4/127.0.0.1/tcp/55266], protocols: [/ipfs/id/1.0.0, /libp2p/autonat/1.0.0, /libp2p/circuit/relay/0.2.0/hop, /vac/waku/metadata/1.0.0, /mix/1.0.0, /vac/waku/relay/2.0.0, /ipfs/ping/1.0.0, /vac/waku/filter-push/2.0.0-beta1], protoVersion: ipfs/0.1.0, agentVersion: logos-delivery-v0.39.0-gca2814)"
[2026-10-04 13:18:40.901] [out] [delivery_module] DBG 2026-10-04 13:18:40.901+02:00 Incoming WakuRelay connection              topics="waku relay" tid=4806025 connection=16U*gFDKmD:6ac2361008745db28e84c21e protocol=/vac/waku/relay/2.0.0
[2026-10-04 13:18:40.902] [out] [delivery_module] DBG 2026-10-04 13:18:40.901+02:00 starting pubsub read loop                  topics="libp2p pubsubpeer" tid=4806025 stream=16U*gFDKmD:6ac2361008745db28e84c21e peer=16U*gFDKmD closed=false
[2026-10-04 13:18:40.902] [out] [delivery_module] DBG 2026-10-04 13:18:40.902+02:00 identify: info sent                        topics="libp2p identify" tid=4806025 stream=16U*gFDKmD:6ac2361008745db28e84c21f info="(peerId: 16Uiu2HAmTp9zoLPEd2v4eXnpsVK9HicvdMLvVWGEGAk12Ykw1toL, listenAddrs: [/ip4/127.0.0.1/tcp/55266], addrs: [/ip4/127.0.0.1/tcp/55266], protocols: [/ipfs/id/1.0.0, /libp2p/autonat/1.0.0, /libp2p/circuit/relay/0.2.0/hop, /vac/waku/metadata/1.0.0, /mix/1.0.0, /vac/waku/relay/2.0.0, /ipfs/ping/1.0.0, /vac/waku/filter-push/2.0.0-beta1], protoVersion: ipfs/0.1.0, agentVersion: logos-delivery-v0.39.0-gca2814)"
[2026-10-04 13:18:40.904] [out] [delivery_module] DBG 2026-10-04 13:18:40.904+02:00 identify: info received                    topics="libp2p identify" tid=4806025 stream=16U*fhFSXg:6ac2361008745db28e84c221 pubkey=ok(sec...e657)) addresses=/ip4/127.0.0.1/tcp/55263 protocols=/ipfs/id/1.0.0,/libp2p/autonat/1.0.0,/libp2p/circuit/relay/0.2.0/hop,/vac/waku/metadata/1.0.0,/mix/1.0.0,/vac/waku/relay/2.0.0,/ipfs/ping/1.0.0,/vac/waku/lightpush/3.0.0,/vac/waku/lightpush/2.0.0-beta1,/vac/waku/filter-push/2.0.0-beta1 observable_address=ok(/ip4/127.0.0.1/tcp/55969) proto_version=ipfs/0.1.0 agent_version=logos-delivery-v0.39.0-gca2814 signedPeerRecord=None
[2026-10-04 13:18:40.905] [out] [delivery_module] DBG 2026-10-04 13:18:40.905+02:00 identify: info received                    topics="libp2p identify" tid=4806025 stream=16U*5NFDh9:6ac2361008745db28e84c223 pubkey=ok(sec...f200)) addresses=/ip4/127.0.0.1/tcp/55264 protocols=/ipfs/id/1.0.0,/libp2p/autonat/1.0.0,/libp2p/circuit/relay/0.2.0/hop,/vac/waku/metadata/1.0.0,/mix/1.0.0,/vac/waku/relay/2.0.0,/ipfs/ping/1.0.0,/vac/waku/lightpush/3.0.0,/vac/waku/lightpush/2.0.0-beta1,/vac/waku/filter-push/2.0.0-beta1 observable_address=ok(/ip4/127.0.0.1/tcp/55971) proto_version=ipfs/0.1.0 agent_version=logos-delivery-v0.39.0-gca2814 signedPeerRecord=None
[2026-10-04 13:18:40.906] [out] [delivery_module] DBG 2026-10-04 13:18:40.906+02:00 identify: info received                    topics="libp2p identify" tid=4806025 stream=16U*PKCaTW:6ac2361008745db28e84c225 pubkey=ok(sec...081b)) addresses=/ip4/127.0.0.1/tcp/55265 protocols=/ipfs/id/1.0.0,/libp2p/autonat/1.0.0,/libp2p/circuit/relay/0.2.0/hop,/vac/waku/metadata/1.0.0,/mix/1.0.0,/vac/waku/relay/2.0.0,/ipfs/ping/1.0.0,/vac/waku/lightpush/3.0.0,/vac/waku/lightpush/2.0.0-beta1,/vac/waku/filter-push/2.0.0-beta1 observable_address=ok(/ip4/127.0.0.1/tcp/55973) proto_version=ipfs/0.1.0 agent_version=logos-delivery-v0.39.0-gca2814 signedPeerRecord=None
[2026-10-04 13:18:40.906] [out] [delivery_module] DBG 2026-10-04 13:18:40.906+02:00 identify: info received                    topics="libp2p identify" tid=4806025 stream=16U*gFDKmD:6ac2361008745db28e84c227 pubkey=ok(sec...6c87)) addresses=/ip4/127.0.0.1/tcp/55262 protocols=/ipfs/id/1.0.0,/libp2p/autonat/1.0.0,/libp2p/circuit/relay/0.2.0/hop,/vac/waku/metadata/1.0.0,/mix/1.0.0,/vac/waku/relay/2.0.0,/ipfs/ping/1.0.0,/vac/waku/lightpush/3.0.0,/vac/waku/lightpush/2.0.0-beta1,/vac/waku/filter-push/2.0.0-beta1 observable_address=ok(/ip4/127.0.0.1/tcp/55967) proto_version=ipfs/0.1.0 agent_version=logos-delivery-v0.39.0-gca2814 signedPeerRecord=None
[2026-10-04 13:18:40.907] [out] [delivery_module] DBG 2026-10-04 13:18:40.906+02:00 starting pubsub read loop                  topics="libp2p pubsubpeer" tid=4806025 stream=16U*fhFSXg:6ac2361008745db28e84c220 peer=16U*fhFSXg closed=false
[2026-10-04 13:18:40.907] [out] [delivery_module] DBG 2026-10-04 13:18:40.907+02:00 Event identified                           topics="waku node peer_manager" tid=4806025 peerId=16U*fhFSXg
[2026-10-04 13:18:40.907] [out] [delivery_module] DBG 2026-10-04 13:18:40.907+02:00 no listener registered                     tid=4806027 event=onConnectionChange
[2026-10-04 13:18:40.907] [out] [delivery_module] DBG 2026-10-04 13:18:40.907+02:00 starting pubsub read loop                  topics="libp2p pubsubpeer" tid=4806025 stream=16U*5NFDh9:6ac2361008745db28e84c222 peer=16U*5NFDh9 closed=false
[2026-10-04 13:18:40.907] [out] [delivery_module] DBG 2026-10-04 13:18:40.907+02:00 starting pubsub read loop                  topics="libp2p pubsubpeer" tid=4806025 stream=16U*PKCaTW:6ac2361008745db28e84c224 peer=16U*PKCaTW closed=false
[2026-10-04 13:18:40.907] [out] [delivery_module] DBG 2026-10-04 13:18:40.907+02:00 starting pubsub read loop                  topics="libp2p pubsubpeer" tid=4806025 stream=16U*gFDKmD:6ac2361008745db28e84c226 peer=16U*gFDKmD closed=false
[2026-10-04 13:18:40.907] [out] [delivery_module] DBG 2026-10-04 13:18:40.907+02:00 Event identified                           topics="waku node peer_manager" tid=4806025 peerId=16U*5NFDh9
[2026-10-04 13:18:40.908] [out] [delivery_module] DBG 2026-10-04 13:18:40.908+02:00 no listener registered                     tid=4806027 event=onConnectionChange
[2026-10-04 13:18:40.908] [out] [delivery_module] DBG 2026-10-04 13:18:40.908+02:00 Event identified                           topics="waku node peer_manager" tid=4806025 peerId=16U*PKCaTW
[2026-10-04 13:18:40.908] [out] [delivery_module] DBG 2026-10-04 13:18:40.908+02:00 no listener registered                     tid=4806027 event=onConnectionChange
[2026-10-04 13:18:40.908] [out] [delivery_module] DBG 2026-10-04 13:18:40.908+02:00 Event identified                           topics="waku node peer_manager" tid=4806025 peerId=16U*gFDKmD
[2026-10-04 13:18:40.908] [out] [delivery_module] DBG 2026-10-04 13:18:40.908+02:00 no listener registered                     tid=4806027 event=onConnectionChange
[2026-10-04 13:18:40.913] [out] [delivery_module] DBG 2026-10-04 13:18:40.912+02:00 Received WakuMetadata request              topics="waku metadata" tid=4806025 remoteClusterId=ok(42) remoteShards="[0]" localClusterId=42 localShards="[0]" peer=16U*fhFSXg
[2026-10-04 13:18:40.914] [out] [delivery_module] DBG 2026-10-04 13:18:40.914+02:00 Received WakuMetadata request              topics="waku metadata" tid=4806025 remoteClusterId=ok(42) remoteShards="[0]" localClusterId=42 localShards="[0]" peer=16U*5NFDh9
[2026-10-04 13:18:40.914] [out] [delivery_module] DBG 2026-10-04 13:18:40.914+02:00 Received WakuMetadata request              topics="waku metadata" tid=4806025 remoteClusterId=ok(42) remoteShards="[0]" localClusterId=42 localShards="[0]" peer=16U*PKCaTW
[2026-10-04 13:18:40.915] [out] [delivery_module] DBG 2026-10-04 13:18:40.915+02:00 Received WakuMetadata request              topics="waku metadata" tid=4806025 remoteClusterId=ok(42) remoteShards="[0]" localClusterId=42 localShards="[0]" peer=16U*gFDKmD
[2026-10-04 13:18:40.916] [out] [delivery_module] DBG 2026-10-04 13:18:40.916+02:00 no listener registered                     tid=4806027 event=onConnectionChange
[2026-10-04 13:18:40.916] [out] [delivery_module] DBG 2026-10-04 13:18:40.916+02:00 no listener registered                     tid=4806027 event=onConnectionChange
[2026-10-04 13:18:40.916] [out] [delivery_module] DBG 2026-10-04 13:18:40.916+02:00 no listener registered                     tid=4806027 event=onConnectionChange
[2026-10-04 13:18:40.917] [out] [delivery_module] DBG 2026-10-04 13:18:40.917+02:00 no listener registered                     tid=4806027 event=onConnectionChange
[2026-10-04 13:18:40.918] [out] [delivery_module] DBG 2026-10-04 13:18:40.918+02:00 Finished dialing multiple peers            tid=4806025 successfulConns=4 attempted=4
[2026-10-04 13:18:40.918] [out] [delivery_module] DBG 2026-10-04 13:18:40.918+02:00 Starting peer exchange loop                topics="waku node peerexchange api" tid=4806025
[2026-10-04 13:18:40.918] [out] [delivery_module] DBG 2026-10-04 13:18:40.918+02:00 Retrieving peer info via peer exchange protocol topics="waku node peerexchange api" tid=4806025 amount=5
[2026-10-04 13:18:40.919] [out] [delivery_module] DBG 2026-10-04 13:18:40.919+02:00 Peer exchange request could not be made as no peer exchange peers found topics="waku peer_exchange client" tid=4806025
[2026-10-04 13:18:40.919] [out] [delivery_module] DBG 2026-10-04 13:18:40.919+02:00 Failed to retrieve peer info via peer exchange protocol topics="waku node peerexchange api" tid=4806025 error="(status_code: SERVICE_UNAVAILABLE, status_desc: ok(peer_not_found_failure))"
[2026-10-04 13:18:40.919] [out] [delivery_module] DBG 2026-10-04 13:18:40.919+02:00 Cannot fetch peers from peer exchange      topics="waku node peerexchange api" tid=4806025 cause="(status_code: SERVICE_UNAVAILABLE, status_desc: ok(peer_not_found_failure))"
[2026-10-04 13:18:40.919] [out] [delivery_module] INF 2026-10-04 13:18:40.919+02:00 Relay peer connections                     topics="waku node peer_manager" tid=4806025 inRelayConns=0/50 outRelayConns=4/25 totalConnections=4/150 notConnectedPeers=0 outsideBackoffPeers=0
[2026-10-04 13:18:40.921] [out] [delivery_module] DBG 2026-10-04 13:18:40.921+02:00 ENR addresses updated                      topics="waku enr" tid=4806025 retained=1 total=1
[2026-10-04 13:18:40.922] [out] [delivery_module] INF 2026-10-04 13:18:40.922+02:00 Node is online                             topics="waku online monitor" tid=4806025
[2026-10-04 13:18:40.922] [out] [delivery_module] INF 2026-10-04 13:18:40.922+02:00 Health monitor loop start                  tid=4806025
[2026-10-04 13:18:40.923] [out] [delivery_module] DBG 2026-10-04 13:18:40.923+02:00 calculateConnectionState                   tid=4806025 relayCount=4 storeClientCount=0 lightpushCount=4 filterCount=0
[2026-10-04 13:18:40.923] [out] [delivery_module] DBG 2026-10-04 13:18:40.923+02:00 connectionStatus change                    tid=4806025 oldstatus=Disconnected newstatus=Connected
[2026-10-04 13:18:40.923] [out] [delivery_module] INF 2026-10-04 13:18:40.923+02:00 starting keepalive                         tid=4806025 randomPeersKeepalive=10s allPeersKeepalive=2m
[2026-10-04 13:18:40.990] [out] [delivery_module] DBG 2026-10-04 13:18:40.990+02:00 no listener registered                     tid=4806027 event=onTopicHealthChange
[2026-10-04 13:18:41.025] [out] [delivery_module] DBG 2026-10-04 13:18:41.025+02:00 calculateConnectionState                   tid=4806025 relayCount=4 storeClientCount=0 lightpushCount=4 filterCount=0
Loaded UI plugin: "/nix/store/yq6iarsricpxm1z2rz5jda0vqbcmk9zn-logos-forum_module-plugin-dir"
[QmlInspector] Inspector server listening on port 3768
[QmlInspector] Client connected from "::1"
[2026-10-04 13:18:47.925] [info] [logos] [delivery_module] DeliveryModuleImpl::send called with contentTopic: /lp0026forum/1/general/text
[2026-10-04 13:18:47.926] [out] [delivery_module] DBG 2026-10-04 13:18:47.926+02:00 SendService.send: processing delivery task topics="send service" tid=4806025 requestId=daba9c5e3266bde335c8 msgHash=0x5c8f25036c10cc03eac1852db0da9a01f304e6a085f0b0d0a90b4d52f7bfdf2d
[2026-10-04 13:18:47.926] [info] [logos] [delivery_module] DeliveryModuleImpl: Send initiated for topic: /lp0026forum/1/general/text, with success, requestId: daba9c5e3266bde335c8
[2026-10-04 13:18:47.926] [out] [delivery_module] DBG 2026-10-04 13:18:47.926+02:00 Trying message delivery via Mix            topics="send service mix processor" tid=4806025 requestId=daba9c5e3266bde335c8 msgHash=0x5c8f25036c10cc03eac1852db0da9a01f304e6a085f0b0d0a90b4d52f7bfdf2d tryCount=1
[2026-10-04 13:18:47.926] [out] [delivery_module] DBG 2026-10-04 13:18:47.926+02:00 Publishing message without RLN proof       tid=4806025
[2026-10-04 13:18:47.926] [out] [delivery_module] DBG 2026-10-04 13:18:47.926+02:00 Publishing message with lightpush          topics="waku node lightpush api" tid=4806025 pubsubTopic=/waku/2/rs/42/0 contentTopic=/lp0026forum/1/general/text target_peer_id=16U*gFDKmD msg_hash=0x5c8f25036c10cc03eac1852db0da9a01f304e6a085f0b0d0a90b4d52f7bfdf2d mixify=true
[2026-10-04 13:18:47.927] [out] [delivery_module] DBG 2026-10-04 13:18:47.927+02:00 Publish                                    topics="waku lightpush client" tid=4806025 myPeerId=16U*kw1toL peerId= msgHash=0x5c8f25036c10cc03eac1852db0da9a01f304e6a085f0b0d0a90b4d52f7bfdf2d sentTime=1791112727927537920
[2026-10-04 13:18:47.927] [out] [delivery_module] DBG 2026-10-04 13:18:47.927+02:00 Destination data                           tid=4806025 destination=MixDestination[MixNode](16Uiu2HAmEcpptbzYraUYsaLQwb9jNna8gDbMmTMHQxsofZgFDKmD)
[2026-10-04 13:18:47.927] [out] [delivery_module] DBG 2026-10-04 13:18:47.927+02:00 Selected mix node:                         tid=4806025 indexInPath=0 peerId=16U*PKCaTW
[2026-10-04 13:18:47.928] [out] [delivery_module] DBG 2026-10-04 13:18:47.927+02:00 Selected mix node:                         tid=4806025 indexInPath=1 peerId=16U*fhFSXg
[2026-10-04 13:18:47.928] [out] [delivery_module] DBG 2026-10-04 13:18:47.928+02:00 Selected mix node:                         tid=4806025 indexInPath=2 peerId=16U*gFDKmD
[2026-10-04 13:18:47.928] [out] [delivery_module] DBG 2026-10-04 13:18:47.928+02:00 Selected mix node for surbs:               tid=4806025 indexInPath=0 peerId=16U*PKCaTW
[2026-10-04 13:18:47.928] [out] [delivery_module] DBG 2026-10-04 13:18:47.928+02:00 Selected mix node for surbs:               tid=4806025 indexInPath=1 peerId=16U*5NFDh9
[2026-10-04 13:18:47.979] [out] [delivery_module] INF 2026-10-04 13:18:47.979+02:00 Message received                           tid=4806025 msg_hash=0x5c8f25036c10cc03eac1852db0da9a01f304e6a085f0b0d0a90b4d52f7bfdf2d contentTopic=/lp0026forum/1/general/text pubsubTopic=/waku/2/rs/42/0 source=live
[2026-10-04 13:18:48.096] [out] [delivery_module] DBG 2026-10-04 13:18:48.096+02:00 Message propagated via Mix                 topics="send service mix processor" tid=4806025 requestId=daba9c5e3266bde335c8 msgHash=0x5c8f25036c10cc03eac1852db0da9a01f304e6a085f0b0d0a90b4d52f7bfdf2d
[2026-10-04 13:18:48.097] [out] [delivery_module] INF 2026-10-04 13:18:48.097+02:00 Message successfully propagated            topics="send service" tid=4806025 requestId=daba9c5e3266bde335c8 msgHash=withheld
[2026-10-04 13:18:48.430] [info] [logos] [delivery_module] DeliveryModuleImpl::getNodeInfo called with nodeInfoId: MyPeerId
[QmlInspector] Client disconnected
