run-logos-standalone-ui: hot-reloading QML from <repo>/src/qml
  (export DEV_QML_PATH to override, or LOGOS_QML_HOT_RELOAD=0 to disable)
Session directory: "~/Library/Application Support/Logos/LogosStandalone"
[2026-10-04 14:13:49.399] [info] [logos] Granting host services to 'capability_module': token_registry,token_delivery
[2026-10-04 14:13:49.430] [out] [capability_module] [2026-10-04 14:13:49.429] [info] Granting host services to capability_module: ["token_registry","token_delivery"]
RemoteTransportConnection: Connecting to registry: "local:logos_capability_module_d8f9e4a4ea41" at "14:13:49.431"
RemoteTransportConnection: Registry connect attempt started (no peer contact yet): "local:logos_capability_module_d8f9e4a4ea41"
LogosAPIConsumer: Informing module token for module: "capability_module" with token: "redacted:691bb60c…"
RemoteTransportConnection: Requesting object: "capability_module" at "14:13:49.431"
[LogosObject] RemoteTransportConnection: returning RemoteLogosObject for: "capability_module"
[LogosObject] Created RemoteLogosObject wrapping QRemoteObjectReplica 105553140619136
[LogosObject] LogosAPIConsumer: calling LogosObject::informModuleToken for "capability_module"
LogosAPIConsumer: informModuleToken completed with result: true
[LogosObject] Destroying RemoteLogosObject 0
[2026-10-04 14:13:49.455] [info] [logos] Module loaded: capability_module
LogosAPIConsumer: Informing module token for module: "modules_state" with token: "redacted:352eacba…"
RemoteTransportConnection: Requesting object: "capability_module" at "14:13:49.486"
[LogosObject] RemoteTransportConnection: returning RemoteLogosObject for: "capability_module"
[LogosObject] Created RemoteLogosObject wrapping QRemoteObjectReplica 105553140573440
[LogosObject] LogosAPIConsumer: calling LogosObject::informModuleToken for "modules_state"
LogosAPIConsumer: informModuleToken completed with result: true
[LogosObject] Destroying RemoteLogosObject 0
[2026-10-04 14:13:49.487] [info] [logos] Module loaded: modules_state
RemoteTransportConnection: Connecting to registry: "local:logos_modules_state_d8f9e4a4ea41" at "14:13:49.488"
RemoteTransportConnection: Registry connect attempt started (no peer contact yet): "local:logos_modules_state_d8f9e4a4ea41"
RemoteTransportConnection: Connecting to registry: "local:logos_capability_module_d8f9e4a4ea41" at "14:13:49.488"
RemoteTransportConnection: Registry connect attempt started (no peer contact yet): "local:logos_capability_module_d8f9e4a4ea41"
LogosAPIConsumer: '"modules_state"::""' deferred pending the module becoming reachable
LogosAPIConsumer: '"modules_state"::""' deferred pending the module becoming reachable
Logos Core started (modules dir: "/nix/store/4v2cj5cr5dlsjb9cl0blr0cds0qf07iv-logos-forum_module-plugin-dir-modules" )
Set app icon from metadata: "/nix/store/92hjnrjm689mvr2sdvcgpbbwivp1g5mz-logos-forum_module-plugin-dir/src/icons/icon.png"
[2026-10-04 14:13:49.531] [info] [logos] [delivery_module] DeliveryModuleImpl: Initializing...
LogosAPIConsumer: Informing module token for module: "delivery_module" with token: "redacted:a0ab588e…"
RemoteTransportConnection: Requesting object: "capability_module" at "14:13:49.532"
[LogosObject] RemoteTransportConnection: returning RemoteLogosObject for: "capability_module"
[LogosObject] Created RemoteLogosObject wrapping QRemoteObjectReplica 105553140420608
[LogosObject] LogosAPIConsumer: calling LogosObject::informModuleToken for "delivery_module"
LogosAPIConsumer: informModuleToken completed with result: true
[LogosObject] Destroying RemoteLogosObject 0
[2026-10-04 14:13:49.532] [info] [logos] Module loaded: delivery_module
RemoteTransportConnection: Connecting to registry: "local:logos_delivery_module_d8f9e4a4ea41" at "14:13:49.533"
RemoteTransportConnection: Registry connect attempt started (no peer contact yet): "local:logos_delivery_module_d8f9e4a4ea41"
RemoteTransportConnection: Connecting to registry: "local:logos_capability_module_d8f9e4a4ea41" at "14:13:49.533"
RemoteTransportConnection: Registry connect attempt started (no peer contact yet): "local:logos_capability_module_d8f9e4a4ea41"
LogosAPIConsumer: '"delivery_module"::""' deferred pending the module becoming reachable
LogosAPIClient: getToken for module: "modules_state"
LogosAPIClient: Found token for module: "modules_state"
RemoteTransportConnection: Requesting object: "modules_state" at "14:13:49.533"
[LogosObject] RemoteTransportConnection: returning RemoteLogosObject for: "modules_state"
[LogosObject] Created RemoteLogosObject wrapping QRemoteObjectReplica 105553140712512
[LogosObject] LogosAPIConsumer: async calling via LogosObject::callMethodAsync "note_transition"
[LogosObject] RemoteLogosObject::callMethodAsync "note_transition" args: 7
LogosAPIClient: getToken for module: "modules_state"
LogosAPIClient: Found token for module: "modules_state"
[LogosObject] LogosAPIConsumer: async calling via LogosObject::callMethodAsync "note_transition"
[LogosObject] RemoteLogosObject::callMethodAsync "note_transition" args: 7
Loaded dependency (with transitive deps): "delivery_module"
[2026-10-04 14:13:49.565] [info] [logos] [storage_module] StorageModuleImpl: Initializing...
LogosAPIConsumer: Informing module token for module: "storage_module" with token: "redacted:42cbfc91…"
RemoteTransportConnection: Requesting object: "capability_module" at "14:13:49.566"
[LogosObject] Created RemoteLogosObject wrapping QRemoteObjectReplica 105553140625632
LogosAPIClient: invoking remote method "modules_state" "apply_snapshot" args_count: 1
LogosAPIClient: getToken for module: "modules_state"
LogosAPIClient: Found token for module: "modules_state"
LogosAPIConsumer: Calling invokeRemoteMethod: "modules_state" "apply_snapshot" args_count: 1 timeout: 20000
[LogosObject] LogosAPIConsumer: calling via LogosObject::callMethod "apply_snapshot"
[LogosObject] RemoteLogosObject::callMethod "apply_snapshot" args: 1
[LogosObject] Created RemoteLogosObject wrapping QRemoteObjectReplica 105553140712288
LogosAPIClient: getToken for module: "modules_state"
LogosAPIClient: Found token for module: "modules_state"
[LogosObject] LogosAPIConsumer: async calling via LogosObject::callMethodAsync "note_transition"
[LogosObject] RemoteLogosObject::callMethodAsync "note_transition" args: 7
LogosAPIClient: getToken for module: "modules_state"
LogosAPIClient: Found token for module: "modules_state"
[LogosObject] LogosAPIConsumer: async calling via LogosObject::callMethodAsync "note_transition"
[LogosObject] RemoteLogosObject::callMethodAsync "note_transition" args: 7
[2026-10-04 14:13:49.566] [info] [logos] Pushed module snapshot to modules_state
LogosAPIClient: getToken for module: "modules_state"
LogosAPIClient: Found token for module: "modules_state"
[LogosObject] LogosAPIConsumer: async calling via LogosObject::callMethodAsync "note_transition"
[LogosObject] RemoteLogosObject::callMethodAsync "note_transition" args: 7
[LogosObject] RemoteTransportConnection: returning RemoteLogosObject for: "capability_module"
[LogosObject] Created RemoteLogosObject wrapping QRemoteObjectReplica 105553140712480
[LogosObject] LogosAPIConsumer: calling LogosObject::informModuleToken for "storage_module"
LogosAPIConsumer: informModuleToken completed with result: true
[LogosObject] Destroying RemoteLogosObject 0
[2026-10-04 14:13:49.566] [info] [logos] Module loaded: storage_module
RemoteTransportConnection: Connecting to registry: "local:logos_storage_module_d8f9e4a4ea41" at "14:13:49.567"
RemoteTransportConnection: Registry connect attempt started (no peer contact yet): "local:logos_storage_module_d8f9e4a4ea41"
RemoteTransportConnection: Connecting to registry: "local:logos_capability_module_d8f9e4a4ea41" at "14:13:49.567"
RemoteTransportConnection: Registry connect attempt started (no peer contact yet): "local:logos_capability_module_d8f9e4a4ea41"
LogosAPIConsumer: '"storage_module"::""' deferred pending the module becoming reachable
LogosAPIClient: getToken for module: "modules_state"
LogosAPIClient: Found token for module: "modules_state"
[LogosObject] LogosAPIConsumer: async calling via LogosObject::callMethodAsync "note_transition"
[LogosObject] RemoteLogosObject::callMethodAsync "note_transition" args: 7
Loaded dependency (with transitive deps): "storage_module"
DEV_QML_PATH override active: <repo>/src/qml/Main.qml
RemoteTransportConnection: Connecting to registry: "local:logos_capability_module_d8f9e4a4ea41" at "14:13:49.567"
RemoteTransportConnection: Registry connect attempt started (no peer contact yet): "local:logos_capability_module_d8f9e4a4ea41"
LogosAPIConsumer: Informing module token for module: "forum_module" with token: "redacted:8bd71386…"
RemoteTransportConnection: Requesting object: "capability_module" at "14:13:49.567"
[LogosObject] RemoteTransportConnection: returning RemoteLogosObject for: "capability_module"
[LogosObject] Created RemoteLogosObject wrapping QRemoteObjectReplica 105553140714976
[LogosObject] LogosAPIConsumer: calling LogosObject::informModuleToken for "forum_module"
[LogosObject] Created RemoteLogosObject wrapping QRemoteObjectReplica 105553140713984
LogosAPIClient: getToken for module: "modules_state"
LogosAPIClient: Found token for module: "modules_state"
[LogosObject] LogosAPIConsumer: async calling via LogosObject::callMethodAsync "note_transition"
[LogosObject] RemoteLogosObject::callMethodAsync "note_transition" args: 7
LogosAPIConsumer: informModuleToken completed with result: true
[LogosObject] Destroying RemoteLogosObject 0
[2026-10-04 14:13:49.602] [warning] [logos] [capability_module] Warning: QObject::connect: No such signal ::eventResponse(QString,QVariantList)
[2026-10-04 14:13:49.603] [info] [logos] [delivery_module] DeliveryModuleImpl::getNodeInfo called with nodeInfoId: MyPeerId
[2026-10-04 14:13:49.603] [info] [logos] [delivery_module] DeliveryModuleImpl: Cannot get node info - context not initialized. Call createNode first.
[2026-10-04 14:13:49.603] [info] [logos] [delivery_module] DeliveryModuleImpl::createNode called
[2026-10-04 14:13:49.690] [info] [logos] [delivery_module] DeliveryModuleImpl: Waiting for createNode callback...
[2026-10-04 14:13:49.696] [out] [delivery_module] DBG 2026-10-04 14:13:49.696+02:00 Whether to mount storeSync is not specified, defaulting to not mounting topics="waku conf builder" tid=5002736
[2026-10-04 14:13:49.696] [out] [delivery_module] INF 2026-10-04 14:13:49.696+02:00 Sharding configuration:                    topics="waku conf builder" tid=5002736 shardingConf="(kind: AutoSharding, numShardsInCluster: 1)" subscribeShards=@[0]
[2026-10-04 14:13:49.696] [out] [delivery_module] INF 2026-10-04 14:13:49.696+02:00 Configuration: Enabled protocols           topics="waku conf" tid=5002736 relay=true rlnRelay=false store=false filter=false lightPush=false peerExchange=false rendezvous=false
[2026-10-04 14:13:49.697] [out] [delivery_module] INF 2026-10-04 14:13:49.696+02:00 Configuration. Network                     topics="waku conf" tid=5002736 cluster=42
[2026-10-04 14:13:49.697] [out] [delivery_module] DBG 2026-10-04 14:13:49.697+02:00 Configuration. Active Relay Shards         topics="waku conf" tid=5002736 shard=0
[2026-10-04 14:13:49.697] [out] [delivery_module] INF 2026-10-04 14:13:49.697+02:00 Setting up storage                         tid=5002736
[2026-10-04 14:13:49.697] [out] [delivery_module] INF 2026-10-04 14:13:49.697+02:00 Initializing node                          tid=5002736
[2026-10-04 14:13:49.699] [out] [delivery_module] INF 2026-10-04 14:13:49.699+02:00 Initializing networking                    tid=5002736 addrs=@[/ip4/127.0.0.1/tcp/50273]
[2026-10-04 14:13:49.699] [out] [delivery_module] INF 2026-10-04 14:13:49.699+02:00 Mounting protocols                         tid=5002736
[2026-10-04 14:13:49.699] [out] [delivery_module] INF 2026-10-04 14:13:49.699+02:00 Created WakuMetadata protocol              topics="waku node" tid=5002736 clusterId=42 shards="[0]"
[2026-10-04 14:13:49.699] [out] [delivery_module] INF 2026-10-04 14:13:49.699+02:00 Mounting mix protocol                      topics="waku node" tid=5002736INF 2026-10-04 14:13:49.699+02:00 node info                                  topics="waku node" tid=5002736 wakuInfo="(listenAddresses: [/ip4/127.0.0.1/tcp/50273/p2p/16Uiu2HAm6ZMyQ1wJEDzvNtEXRFBZkrWCpopz1xyV8HjCpkvRsQC7], enrUri: enr:-JS4QDziOzZQzTdUz_8kwhq9q87sG_mV28-xOhHXwSlobbkAMrX_OUS3czXIUOWl9dpSAGctRsMgcVvpkz_N7MmX-IYBgmlkgnY0gmlwhH8AAAGCcnOFACoBAACJc2VjcDI1NmsxoQKlaNefq8rP4EefFG6JeOdn0lgCKlnylQ5nYmd2XPDhcIN0Y3CCxGGFd2FrdTIh, mixPubKey: none())"
[2026-10-04 14:13:49.699] [out] [delivery_module]  nodeId="(listenAddresses: [/ip4/127.0.0.1/tcp/50273/p2p/16Uiu2HAm6ZMyQ1wJEDzvNtEXRFBZkrWCpopz1xyV8HjCpkvRsQC7], enrUri: enr:-JS4QDziOzZQzTdUz_8kwhq9q87sG_mV28-xOhHXwSlobbkAMrX_OUS3czXIUOWl9dpSAGctRsMgcVvpkz_N7MmX-IYBgmlkgnY0gmlwhH8AAAGCcnOFACoBAACJc2VjcDI1NmsxoQKlaNefq8rP4EefFG6JeOdn0lgCKlnylQ5nYmd2XPDhcIN0Y3CCxGGFd2FrdTIh, mixPubKey: none())"
[2026-10-04 14:13:49.699] [out] [delivery_module] INF 2026-10-04 14:13:49.699+02:00 local addr                                 topics="waku node" tid=5002736 localaddr=/ip4/127.0.0.1/tcp/50273
[2026-10-04 14:13:49.699] [out] [delivery_module] INF 2026-10-04 14:13:49.699+02:00 mixPubKey                                  topics="waku node" tid=5002736 mixPubKey="[13, 241, 110, 238, 7, 122, 6, 84, 15, 91, 196, 141, 93, 17, 20, 117, 58, 171, 173, 14, 116, 96, 160, 249, 13, 28, 183, 87, 173, 178, 32, 30]"
[2026-10-04 14:13:49.701] [out] [delivery_module] INF 2026-10-04 14:13:49.701+02:00 Using mix bootstrap nodes                  topics="waku mix" tid=5002736 entries=4 poolSize=4
[2026-10-04 14:13:49.701] [out] [delivery_module] INF 2026-10-04 14:13:49.701+02:00 mounting store client                      topics="waku node store api" tid=5002736
[2026-10-04 14:13:49.701] [out] [delivery_module] INF 2026-10-04 14:13:49.701+02:00 Mounting auto sharding                     topics="waku node" tid=5002736 clusterId=42 shardCount=1
[2026-10-04 14:13:49.701] [out] [delivery_module] DBG 2026-10-04 14:13:49.701+02:00 Shards created from content topics         tid=5002736 contentTopics=[] shards=[]
[2026-10-04 14:13:49.701] [out] [delivery_module] DBG 2026-10-04 14:13:49.701+02:00 Setting max message size                   tid=5002736 num_bytes=153600
[2026-10-04 14:13:49.701] [out] [delivery_module] INF 2026-10-04 14:13:49.701+02:00 mounting relay protocol                    topics="waku node relay api" tid=5002736
[2026-10-04 14:13:49.701] [out] [delivery_module] DBG 2026-10-04 14:13:49.701+02:00 relay mounted successfully                 topics="waku node relay api" tid=5002736
[2026-10-04 14:13:49.701] [out] [delivery_module] DBG 2026-10-04 14:13:49.701+02:00 Adding validator to signed shards          tid=5002736 protectedShards=[] clusterId=42
[2026-10-04 14:13:49.701] [out] [delivery_module] INF 2026-10-04 14:13:49.701+02:00 mounting libp2p ping protocol              topics="waku node ping api" tid=5002736
[2026-10-04 14:13:49.701] [out] [delivery_module] INF 2026-10-04 14:13:49.701+02:00 mounting light push client                 topics="waku node lightpush api" tid=5002736
[2026-10-04 14:13:49.701] [out] [delivery_module] INF 2026-10-04 14:13:49.701+02:00 mounting legacy light push client          topics="waku node lightpush api" tid=5002736
[2026-10-04 14:13:49.701] [out] [delivery_module] DBG 2026-10-04 14:13:49.701+02:00 Adding peer to service slots               topics="waku node peer_manager" tid=5002736 peerId=16U*VA1mzq addr=/ip4/127.0.0.1/tcp/50269 service=/vac/waku/lightpush/3.0.0
[2026-10-04 14:13:49.701] [out] [delivery_module] DBG 2026-10-04 14:13:49.701+02:00 Adding peer to service slots               topics="waku node peer_manager" tid=5002736 peerId=16U*VA1mzq addr=/ip4/127.0.0.1/tcp/50269 service=/vac/waku/lightpush/2.0.0-beta1
[2026-10-04 14:13:49.701] [out] [delivery_module] INF 2026-10-04 14:13:49.701+02:00 mounting filter client                     topics="waku node filter api" tid=5002736
[2026-10-04 14:13:49.701] [out] [delivery_module] INF 2026-10-04 14:13:49.701+02:00 mounting waku peer exchange client         topics="waku node peerexchange api" tid=5002736
[2026-10-04 14:13:49.701] [out] [delivery_module] INF 2026-10-04 14:13:49.701+02:00 No external callbacks to be set            topics="wakunode waku" tid=5002736
[2026-10-04 14:13:49.701] [out] [delivery_module] INF 2026-10-04 14:13:49.701+02:00 Setting up AutonatService                  topics="libp2p autonatservice" tid=5002736
[2026-10-04 14:13:49.702] [info] [logos] [delivery_module] DeliveryModuleImpl::createNode callback called with ret: 0
[2026-10-04 14:13:49.705] [info] [logos] [delivery_module] DeliveryModuleImpl: Delivery context created successfully
[2026-10-04 14:13:49.706] [info] [logos] [delivery_module] DeliveryModuleImpl::start called
[2026-10-04 14:13:49.706] [out] [delivery_module] INF 2026-10-04 14:13:49.706+02:00 Retrieve dynamic bootstrap nodes           topics="wakunode waku" tid=5002736
[2026-10-04 14:13:49.706] [info] [logos] [delivery_module] DeliveryModuleImpl::getNodeInfo called with nodeInfoId: MyPeerId
[2026-10-04 14:13:49.707] [out] [delivery_module] INF 2026-10-04 14:13:49.707+02:00 Running nwaku node                         tid=5002736 version=v0.39.0-gca2814
[2026-10-04 14:13:49.707] [out] [delivery_module] INF 2026-10-04 14:13:49.707+02:00 Starting Waku node                         topics="waku node" tid=5002736 version=v0.39.0-gca2814
[2026-10-04 14:13:49.707] [out] [delivery_module] DBG 2026-10-04 14:13:49.707+02:00 starting switch for peer                   topics="libp2p switch" tid=5002736 peerInfo="(peerId: 16Uiu2HAm6ZMyQ1wJEDzvNtEXRFBZkrWCpopz1xyV8HjCpkvRsQC7, listenAddrs: [/ip4/127.0.0.1/tcp/50273], addrs: [], protocols: [/ipfs/id/1.0.0, /libp2p/autonat/1.0.0, /libp2p/circuit/relay/0.2.0/hop, /vac/waku/metadata/1.0.0, /mix/1.0.0, /vac/waku/relay/2.0.0, /ipfs/ping/1.0.0, /vac/waku/filter-push/2.0.0-beta1], protoVersion: ipfs/0.1.0, agentVersion: logos-delivery-v0.39.0-gca2814)"
[2026-10-04 14:13:49.709] [out] [delivery_module] DBG 2026-10-04 14:13:49.709+02:00 About to accept incoming connection        topics="libp2p switch" tid=5002736
[2026-10-04 14:13:49.709] [out] [delivery_module] INF 2026-10-04 14:13:49.709+02:00 start                                      topics="waku relay" tid=5002736
[2026-10-04 14:13:49.710] [out] [delivery_module] DBG 2026-10-04 14:13:49.710+02:00 Started libp2p node                        topics="libp2p switch" tid=5002736 peer="(peerId: 16Uiu2HAm6ZMyQ1wJEDzvNtEXRFBZkrWCpopz1xyV8HjCpkvRsQC7, listenAddrs: [/ip4/127.0.0.1/tcp/50273], addrs: [/ip4/127.0.0.1/tcp/50273], protocols: [/ipfs/id/1.0.0, /libp2p/autonat/1.0.0, /libp2p/circuit/relay/0.2.0/hop, /vac/waku/metadata/1.0.0, /mix/1.0.0, /vac/waku/relay/2.0.0, /ipfs/ping/1.0.0, /vac/waku/filter-push/2.0.0-beta1], protoVersion: ipfs/0.1.0, agentVersion: logos-delivery-v0.39.0-gca2814)"
[2026-10-04 14:13:49.711] [out] [delivery_module] INF 2026-10-04 14:13:49.711+02:00 Announced base resolved                    topics="waku node" tid=5002736 addrs=@[/ip4/127.0.0.1/tcp/50273] explicit=@[/ip4/127.0.0.1/tcp/50273]
[2026-10-04 14:13:49.711] [out] [delivery_module] DBG 2026-10-04 14:13:49.711+02:00 ENR addresses updated                      topics="waku enr" tid=5002736 retained=1 total=1
[2026-10-04 14:13:49.711] [out] [delivery_module] INF 2026-10-04 14:13:49.711+02:00 Node started successfully                  topics="waku node" tid=5002736
[2026-10-04 14:13:49.711] [out] [delivery_module] DBG 2026-10-04 14:13:49.711+02:00 Dialing multiple peers                     tid=5002736 numOfPeers=4 nodes="@[\"/ip4/127.0.0.1/tcp/50269/p2p/16Uiu2HAkzGdSsowwgKRGxFEpYARihnnZbcR5JTpkCXpWCrVA1mzq\", \"/ip4/127.0.0.1/tcp/50270/p2p/16Uiu2HAm3Pncxpb9BgjVobRnh2jMpmYbfA61BdQzGaSzfLB6XsZL\", \"/ip4/127.0.0.1/tcp/50271/p2p/16Uiu2HAmVgNc37uYE79Wzbsoc3aFMXnsbdV3J4g7eTv7Rwfdm9tr\", \"/ip4/127.0.0.1/tcp/50272/p2p/16Uiu2HAm3BN238bqXZgDjfEVWuqTRcg84dz5NQ5FKqvJWrh1A2pH\"]"
[2026-10-04 14:13:49.711] [out] [delivery_module] DBG 2026-10-04 14:13:49.711+02:00 Dialing peer                               topics="libp2p dialer" tid=5002736 peerId=16U*VA1mzq addrs="[/ip4/127.0.0.1/tcp/50269]"
[2026-10-04 14:13:49.711] [out] [delivery_module] DBG 2026-10-04 14:13:49.711+02:00 Expanded address and hostname              topics="libp2p dialer" tid=5002736 expandedAddress=/ip4/127.0.0.1/tcp/50269 hostname=127.0.0.1 resolvedAddresses="[/ip4/127.0.0.1/tcp/50269]"
[2026-10-04 14:13:49.712] [out] [delivery_module] DBG 2026-10-04 14:13:49.712+02:00 Dialing peer                               topics="libp2p dialer" tid=5002736 peerId=16U*B6XsZL addrs="[/ip4/127.0.0.1/tcp/50270]"
[2026-10-04 14:13:49.712] [out] [delivery_module] DBG 2026-10-04 14:13:49.712+02:00 Expanded address and hostname              topics="libp2p dialer" tid=5002736 expandedAddress=/ip4/127.0.0.1/tcp/50270 hostname=127.0.0.1 resolvedAddresses="[/ip4/127.0.0.1/tcp/50270]"
[2026-10-04 14:13:49.712] [out] [delivery_module] DBG 2026-10-04 14:13:49.712+02:00 Dialing peer                               topics="libp2p dialer" tid=5002736 peerId=16U*fdm9tr addrs="[/ip4/127.0.0.1/tcp/50271]"
[2026-10-04 14:13:49.712] [out] [delivery_module] DBG 2026-10-04 14:13:49.712+02:00 Expanded address and hostname              topics="libp2p dialer" tid=5002736 expandedAddress=/ip4/127.0.0.1/tcp/50271 hostname=127.0.0.1 resolvedAddresses="[/ip4/127.0.0.1/tcp/50271]"
[2026-10-04 14:13:49.712] [out] [delivery_module] DBG 2026-10-04 14:13:49.712+02:00 Dialing peer                               topics="libp2p dialer" tid=5002736 peerId=16U*h1A2pH addrs="[/ip4/127.0.0.1/tcp/50272]"
[2026-10-04 14:13:49.712] [out] [delivery_module] DBG 2026-10-04 14:13:49.712+02:00 Expanded address and hostname              topics="libp2p dialer" tid=5002736 expandedAddress=/ip4/127.0.0.1/tcp/50272 hostname=127.0.0.1 resolvedAddresses="[/ip4/127.0.0.1/tcp/50272]"
[2026-10-04 14:13:49.716] [info] [logos] [delivery_module] DeliveryModuleImpl::subscribe called with contentTopic: /lp0026forum/1/general/text
[2026-10-04 14:13:49.716] [out] [delivery_module] DBG 2026-10-04 14:13:49.716+02:00 Subscribing to pubsub topic                topics="waku relay" tid=5002736 pubsubTopic=/waku/2/rs/42/0
[2026-10-04 14:13:49.718] [out] [delivery_module] DBG 2026-10-04 14:13:49.718+02:00 No mesh peer for the given pubsub topic    topics="waku relay" tid=5002736 pubsubTopic=/waku/2/rs/42/0
[2026-10-04 14:13:49.718] [info] [logos] [delivery_module] DeliveryModuleImpl: Subscribe completed for topic: /lp0026forum/1/general/text with success
[2026-10-04 14:13:49.718] [out] [delivery_module] DBG 2026-10-04 14:13:49.718+02:00 Dial successful                            topics="libp2p dialer" tid=5002736 peerId=16U*VA1mzq
[2026-10-04 14:13:49.719] [out] [delivery_module] DBG 2026-10-04 14:13:49.719+02:00 starting sendNonHighPriorityTask           topics="libp2p pubsubpeer" tid=5002736 p=16U*VA1mzq
[2026-10-04 14:13:49.719] [out] [delivery_module] DBG 2026-10-04 14:13:49.719+02:00 created new pubsub peer                    topics="libp2p pubsub" tid=5002736 peerId=16U*VA1mzq
[2026-10-04 14:13:49.719] [out] [delivery_module] DBG 2026-10-04 14:13:49.719+02:00 no listener registered                     tid=5002737 event=onConnectionChange
[2026-10-04 14:13:49.719] [out] [delivery_module] DBG 2026-10-04 14:13:49.719+02:00 Incoming WakuRelay connection              topics="waku relay" tid=5002736 connection=16U*VA1mzq:6ac242fd37da266def7ccf5f protocol=/vac/waku/relay/2.0.0
[2026-10-04 14:13:49.719] [out] [delivery_module] DBG 2026-10-04 14:13:49.719+02:00 starting pubsub read loop                  topics="libp2p pubsubpeer" tid=5002736 stream=16U*VA1mzq:6ac242fd37da266def7ccf5f peer=16U*VA1mzq closed=false
[2026-10-04 14:13:49.720] [out] [delivery_module] DBG 2026-10-04 14:13:49.720+02:00 identify: info sent                        topics="libp2p identify" tid=5002736 stream=16U*VA1mzq:6ac242fd37da266def7ccf60 info="(peerId: 16Uiu2HAm6ZMyQ1wJEDzvNtEXRFBZkrWCpopz1xyV8HjCpkvRsQC7, listenAddrs: [/ip4/127.0.0.1/tcp/50273], addrs: [/ip4/127.0.0.1/tcp/50273], protocols: [/ipfs/id/1.0.0, /libp2p/autonat/1.0.0, /libp2p/circuit/relay/0.2.0/hop, /vac/waku/metadata/1.0.0, /mix/1.0.0, /vac/waku/relay/2.0.0, /ipfs/ping/1.0.0, /vac/waku/filter-push/2.0.0-beta1], protoVersion: ipfs/0.1.0, agentVersion: logos-delivery-v0.39.0-gca2814)"
[2026-10-04 14:13:49.720] [out] [delivery_module] DBG 2026-10-04 14:13:49.720+02:00 Dial successful                            topics="libp2p dialer" tid=5002736 peerId=16U*B6XsZL
[2026-10-04 14:13:49.721] [out] [delivery_module] DBG 2026-10-04 14:13:49.720+02:00 Dial successful                            topics="libp2p dialer" tid=5002736 peerId=16U*fdm9tr
[2026-10-04 14:13:49.721] [out] [delivery_module] DBG 2026-10-04 14:13:49.720+02:00 Dial successful                            topics="libp2p dialer" tid=5002736 peerId=16U*h1A2pH
[2026-10-04 14:13:49.721] [out] [delivery_module] DBG 2026-10-04 14:13:49.720+02:00 starting sendNonHighPriorityTask           topics="libp2p pubsubpeer" tid=5002736 p=16U*B6XsZL
[2026-10-04 14:13:49.721] [out] [delivery_module] DBG 2026-10-04 14:13:49.720+02:00 created new pubsub peer                    topics="libp2p pubsub" tid=5002736 peerId=16U*B6XsZL
[2026-10-04 14:13:49.721] [out] [delivery_module] DBG 2026-10-04 14:13:49.720+02:00 no listener registered                     tid=5002737 event=onConnectionChange
[2026-10-04 14:13:49.721] [out] [delivery_module] DBG 2026-10-04 14:13:49.720+02:00 starting sendNonHighPriorityTask           topics="libp2p pubsubpeer" tid=5002736 p=16U*fdm9tr
[2026-10-04 14:13:49.721] [out] [delivery_module] DBG 2026-10-04 14:13:49.720+02:00 created new pubsub peer                    topics="libp2p pubsub" tid=5002736 peerId=16U*fdm9tr
[2026-10-04 14:13:49.721] [out] [delivery_module] DBG 2026-10-04 14:13:49.721+02:00 no listener registered                     tid=5002737 event=onConnectionChange
[2026-10-04 14:13:49.721] [out] [delivery_module] DBG 2026-10-04 14:13:49.721+02:00 starting sendNonHighPriorityTask           topics="libp2p pubsubpeer" tid=5002736 p=16U*h1A2pH
[2026-10-04 14:13:49.721] [out] [delivery_module] DBG 2026-10-04 14:13:49.721+02:00 created new pubsub peer                    topics="libp2p pubsub" tid=5002736 peerId=16U*h1A2pH
[2026-10-04 14:13:49.721] [out] [delivery_module] DBG 2026-10-04 14:13:49.721+02:00 no listener registered                     tid=5002737 event=onConnectionChange
[2026-10-04 14:13:49.721] [out] [delivery_module] DBG 2026-10-04 14:13:49.721+02:00 Incoming WakuRelay connection              topics="waku relay" tid=5002736 connection=16U*B6XsZL:6ac242fd37da266def7ccf63 protocol=/vac/waku/relay/2.0.0
[2026-10-04 14:13:49.721] [out] [delivery_module] DBG 2026-10-04 14:13:49.721+02:00 starting pubsub read loop                  topics="libp2p pubsubpeer" tid=5002736 stream=16U*B6XsZL:6ac242fd37da266def7ccf63 peer=16U*B6XsZL closed=false
[2026-10-04 14:13:49.721] [out] [delivery_module] DBG 2026-10-04 14:13:49.721+02:00 identify: info sent                        topics="libp2p identify" tid=5002736 stream=16U*B6XsZL:6ac242fd37da266def7ccf64 info="(peerId: 16Uiu2HAm6ZMyQ1wJEDzvNtEXRFBZkrWCpopz1xyV8HjCpkvRsQC7, listenAddrs: [/ip4/127.0.0.1/tcp/50273], addrs: [/ip4/127.0.0.1/tcp/50273], protocols: [/ipfs/id/1.0.0, /libp2p/autonat/1.0.0, /libp2p/circuit/relay/0.2.0/hop, /vac/waku/metadata/1.0.0, /mix/1.0.0, /vac/waku/relay/2.0.0, /ipfs/ping/1.0.0, /vac/waku/filter-push/2.0.0-beta1], protoVersion: ipfs/0.1.0, agentVersion: logos-delivery-v0.39.0-gca2814)"
[2026-10-04 14:13:49.721] [out] [delivery_module] DBG 2026-10-04 14:13:49.721+02:00 Incoming WakuRelay connection              topics="waku relay" tid=5002736 connection=16U*fdm9tr:6ac242fd37da266def7ccf65 protocol=/vac/waku/relay/2.0.0
[2026-10-04 14:13:49.721] [out] [delivery_module] DBG 2026-10-04 14:13:49.721+02:00 starting pubsub read loop                  topics="libp2p pubsubpeer" tid=5002736 stream=16U*fdm9tr:6ac242fd37da266def7ccf65 peer=16U*fdm9tr closed=false
[2026-10-04 14:13:49.721] [out] [delivery_module] DBG 2026-10-04 14:13:49.721+02:00 identify: info sent                        topics="libp2p identify" tid=5002736 stream=16U*fdm9tr:6ac242fd37da266def7ccf66 info="(peerId: 16Uiu2HAm6ZMyQ1wJEDzvNtEXRFBZkrWCpopz1xyV8HjCpkvRsQC7, listenAddrs: [/ip4/127.0.0.1/tcp/50273], addrs: [/ip4/127.0.0.1/tcp/50273], protocols: [/ipfs/id/1.0.0, /libp2p/autonat/1.0.0, /libp2p/circuit/relay/0.2.0/hop, /vac/waku/metadata/1.0.0, /mix/1.0.0, /vac/waku/relay/2.0.0, /ipfs/ping/1.0.0, /vac/waku/filter-push/2.0.0-beta1], protoVersion: ipfs/0.1.0, agentVersion: logos-delivery-v0.39.0-gca2814)"
[2026-10-04 14:13:49.721] [out] [delivery_module] DBG 2026-10-04 14:13:49.721+02:00 Incoming WakuRelay connection              topics="waku relay" tid=5002736 connection=16U*h1A2pH:6ac242fd37da266def7ccf67 protocol=/vac/waku/relay/2.0.0
[2026-10-04 14:13:49.721] [out] [delivery_module] DBG 2026-10-04 14:13:49.721+02:00 starting pubsub read loop                  topics="libp2p pubsubpeer" tid=5002736 stream=16U*h1A2pH:6ac242fd37da266def7ccf67 peer=16U*h1A2pH closed=false
[2026-10-04 14:13:49.721] [out] [delivery_module] DBG 2026-10-04 14:13:49.721+02:00 identify: info sent                        topics="libp2p identify" tid=5002736 stream=16U*h1A2pH:6ac242fd37da266def7ccf68 info="(peerId: 16Uiu2HAm6ZMyQ1wJEDzvNtEXRFBZkrWCpopz1xyV8HjCpkvRsQC7, listenAddrs: [/ip4/127.0.0.1/tcp/50273], addrs: [/ip4/127.0.0.1/tcp/50273], protocols: [/ipfs/id/1.0.0, /libp2p/autonat/1.0.0, /libp2p/circuit/relay/0.2.0/hop, /vac/waku/metadata/1.0.0, /mix/1.0.0, /vac/waku/relay/2.0.0, /ipfs/ping/1.0.0, /vac/waku/filter-push/2.0.0-beta1], protoVersion: ipfs/0.1.0, agentVersion: logos-delivery-v0.39.0-gca2814)"
[2026-10-04 14:13:49.722] [out] [delivery_module] DBG 2026-10-04 14:13:49.722+02:00 identify: info received                    topics="libp2p identify" tid=5002736 stream=16U*VA1mzq:6ac242fd37da266def7ccf62 pubkey=ok(sec...1da6)) addresses=/ip4/127.0.0.1/tcp/50269 protocols=/ipfs/id/1.0.0,/libp2p/autonat/1.0.0,/libp2p/circuit/relay/0.2.0/hop,/vac/waku/metadata/1.0.0,/mix/1.0.0,/vac/waku/relay/2.0.0,/ipfs/ping/1.0.0,/vac/waku/lightpush/3.0.0,/vac/waku/lightpush/2.0.0-beta1,/vac/waku/filter-push/2.0.0-beta1 observable_address=ok(/ip4/127.0.0.1/tcp/50963) proto_version=ipfs/0.1.0 agent_version=logos-delivery-v0.39.0-gca2814 signedPeerRecord=None
[2026-10-04 14:13:49.723] [out] [delivery_module] DBG 2026-10-04 14:13:49.723+02:00 starting pubsub read loop                  topics="libp2p pubsubpeer" tid=5002736 stream=16U*VA1mzq:6ac242fd37da266def7ccf61 peer=16U*VA1mzq closed=false
[2026-10-04 14:13:49.723] [out] [delivery_module] DBG 2026-10-04 14:13:49.723+02:00 Event identified                           topics="waku node peer_manager" tid=5002736 peerId=16U*VA1mzq
[2026-10-04 14:13:49.723] [out] [delivery_module] DBG 2026-10-04 14:13:49.723+02:00 no listener registered                     tid=5002737 event=onConnectionChange
[2026-10-04 14:13:49.723] [out] [delivery_module] DBG 2026-10-04 14:13:49.723+02:00 identify: info received                    topics="libp2p identify" tid=5002736 stream=16U*fdm9tr:6ac242fd37da266def7ccf6c pubkey=ok(sec...5f0b)) addresses=/ip4/127.0.0.1/tcp/50271 protocols=/ipfs/id/1.0.0,/libp2p/autonat/1.0.0,/libp2p/circuit/relay/0.2.0/hop,/vac/waku/metadata/1.0.0,/mix/1.0.0,/vac/waku/relay/2.0.0,/ipfs/ping/1.0.0,/vac/waku/lightpush/3.0.0,/vac/waku/lightpush/2.0.0-beta1,/vac/waku/filter-push/2.0.0-beta1 observable_address=ok(/ip4/127.0.0.1/tcp/50966) proto_version=ipfs/0.1.0 agent_version=logos-delivery-v0.39.0-gca2814 signedPeerRecord=None
[2026-10-04 14:13:49.724] [out] [delivery_module] DBG 2026-10-04 14:13:49.724+02:00 identify: info received                    topics="libp2p identify" tid=5002736 stream=16U*h1A2pH:6ac242fd37da266def7ccf6e pubkey=ok(sec...dd74)) addresses=/ip4/127.0.0.1/tcp/50272 protocols=/ipfs/id/1.0.0,/libp2p/autonat/1.0.0,/libp2p/circuit/relay/0.2.0/hop,/vac/waku/metadata/1.0.0,/mix/1.0.0,/vac/waku/relay/2.0.0,/ipfs/ping/1.0.0,/vac/waku/lightpush/3.0.0,/vac/waku/lightpush/2.0.0-beta1,/vac/waku/filter-push/2.0.0-beta1 observable_address=ok(/ip4/127.0.0.1/tcp/50968) proto_version=ipfs/0.1.0 agent_version=logos-delivery-v0.39.0-gca2814 signedPeerRecord=None
[2026-10-04 14:13:49.724] [out] [delivery_module] DBG 2026-10-04 14:13:49.724+02:00 identify: info received                    topics="libp2p identify" tid=5002736 stream=16U*B6XsZL:6ac242fd37da266def7ccf6a pubkey=ok(sec...911c)) addresses=/ip4/127.0.0.1/tcp/50270 protocols=/ipfs/id/1.0.0,/libp2p/autonat/1.0.0,/libp2p/circuit/relay/0.2.0/hop,/vac/waku/metadata/1.0.0,/mix/1.0.0,/vac/waku/relay/2.0.0,/ipfs/ping/1.0.0,/vac/waku/lightpush/3.0.0,/vac/waku/lightpush/2.0.0-beta1,/vac/waku/filter-push/2.0.0-beta1 observable_address=ok(/ip4/127.0.0.1/tcp/50964) proto_version=ipfs/0.1.0 agent_version=logos-delivery-v0.39.0-gca2814 signedPeerRecord=None
[2026-10-04 14:13:49.724] [out] [delivery_module] DBG 2026-10-04 14:13:49.724+02:00 starting pubsub read loop                  topics="libp2p pubsubpeer" tid=5002736 stream=16U*fdm9tr:6ac242fd37da266def7ccf6b peer=16U*fdm9tr closed=false
[2026-10-04 14:13:49.724] [out] [delivery_module] DBG 2026-10-04 14:13:49.724+02:00 starting pubsub read loop                  topics="libp2p pubsubpeer" tid=5002736 stream=16U*h1A2pH:6ac242fd37da266def7ccf6d peer=16U*h1A2pH closed=false
[2026-10-04 14:13:49.724] [out] [delivery_module] DBG 2026-10-04 14:13:49.724+02:00 Event identified                           topics="waku node peer_manager" tid=5002736 peerId=16U*fdm9tr
[2026-10-04 14:13:49.724] [out] [delivery_module] DBG 2026-10-04 14:13:49.724+02:00 no listener registered                     tid=5002737 event=onConnectionChange
[2026-10-04 14:13:49.724] [out] [delivery_module] DBG 2026-10-04 14:13:49.724+02:00 Event identified                           topics="waku node peer_manager" tid=5002736 peerId=16U*h1A2pH
[2026-10-04 14:13:49.724] [out] [delivery_module] DBG 2026-10-04 14:13:49.724+02:00 no listener registered                     tid=5002737 event=onConnectionChange
[2026-10-04 14:13:49.724] [out] [delivery_module] DBG 2026-10-04 14:13:49.724+02:00 starting pubsub read loop                  topics="libp2p pubsubpeer" tid=5002736 stream=16U*B6XsZL:6ac242fd37da266def7ccf69 peer=16U*B6XsZL closed=false
[2026-10-04 14:13:49.724] [out] [delivery_module] DBG 2026-10-04 14:13:49.724+02:00 Event identified                           topics="waku node peer_manager" tid=5002736 peerId=16U*B6XsZL
[2026-10-04 14:13:49.725] [out] [delivery_module] DBG 2026-10-04 14:13:49.725+02:00 no listener registered                     tid=5002737 event=onConnectionChange
[2026-10-04 14:13:49.725] [out] [delivery_module] DBG 2026-10-04 14:13:49.725+02:00 Received WakuMetadata request              topics="waku metadata" tid=5002736 remoteClusterId=ok(42) remoteShards="[0]" localClusterId=42 localShards="[0]" peer=16U*VA1mzq
[2026-10-04 14:13:49.725] [out] [delivery_module] DBG 2026-10-04 14:13:49.725+02:00 Received WakuMetadata request              topics="waku metadata" tid=5002736 remoteClusterId=ok(42) remoteShards="[0]" localClusterId=42 localShards="[0]" peer=16U*B6XsZL
[2026-10-04 14:13:49.726] [out] [delivery_module] DBG 2026-10-04 14:13:49.726+02:00 Received WakuMetadata request              topics="waku metadata" tid=5002736 remoteClusterId=ok(42) remoteShards="[0]" localClusterId=42 localShards="[0]" peer=16U*fdm9tr
[2026-10-04 14:13:49.726] [out] [delivery_module] DBG 2026-10-04 14:13:49.726+02:00 no listener registered                     tid=5002737 event=onConnectionChange
[2026-10-04 14:13:49.726] [out] [delivery_module] DBG 2026-10-04 14:13:49.726+02:00 Received WakuMetadata request              topics="waku metadata" tid=5002736 remoteClusterId=ok(42) remoteShards="[0]" localClusterId=42 localShards="[0]" peer=16U*h1A2pH
[2026-10-04 14:13:49.727] [out] [delivery_module] DBG 2026-10-04 14:13:49.727+02:00 no listener registered                     tid=5002737 event=onConnectionChange
[2026-10-04 14:13:49.727] [out] [delivery_module] DBG 2026-10-04 14:13:49.727+02:00 no listener registered                     tid=5002737 event=onConnectionChange
[2026-10-04 14:13:49.728] [out] [delivery_module] DBG 2026-10-04 14:13:49.728+02:00 no listener registered                     tid=5002737 event=onConnectionChange
[2026-10-04 14:13:49.728] [out] [delivery_module] DBG 2026-10-04 14:13:49.728+02:00 Finished dialing multiple peers            tid=5002736 successfulConns=4 attempted=4
[2026-10-04 14:13:49.728] [out] [delivery_module] DBG 2026-10-04 14:13:49.728+02:00 Starting peer exchange loop                topics="waku node peerexchange api" tid=5002736
[2026-10-04 14:13:49.728] [out] [delivery_module] DBG 2026-10-04 14:13:49.728+02:00 Retrieving peer info via peer exchange protocol topics="waku node peerexchange api" tid=5002736 amount=5
[2026-10-04 14:13:49.728] [out] [delivery_module] DBG 2026-10-04 14:13:49.728+02:00 Peer exchange request could not be made as no peer exchange peers found topics="waku peer_exchange client" tid=5002736
[2026-10-04 14:13:49.728] [out] [delivery_module] DBG 2026-10-04 14:13:49.728+02:00 Failed to retrieve peer info via peer exchange protocol topics="waku node peerexchange api" tid=5002736 error="(status_code: SERVICE_UNAVAILABLE, status_desc: ok(peer_not_found_failure))"
[2026-10-04 14:13:49.728] [out] [delivery_module] DBG 2026-10-04 14:13:49.728+02:00 Cannot fetch peers from peer exchange      topics="waku node peerexchange api" tid=5002736 cause="(status_code: SERVICE_UNAVAILABLE, status_desc: ok(peer_not_found_failure))"
[2026-10-04 14:13:49.728] [out] [delivery_module] INF 2026-10-04 14:13:49.728+02:00 Relay peer connections                     topics="waku node peer_manager" tid=5002736 inRelayConns=0/50 outRelayConns=4/25 totalConnections=4/150 notConnectedPeers=0 outsideBackoffPeers=0
[2026-10-04 14:13:49.729] [out] [delivery_module] DBG 2026-10-04 14:13:49.729+02:00 ENR addresses updated                      topics="waku enr" tid=5002736 retained=1 total=1
[2026-10-04 14:13:49.729] [out] [delivery_module] INF 2026-10-04 14:13:49.729+02:00 Node is online                             topics="waku online monitor" tid=5002736
[2026-10-04 14:13:49.729] [out] [delivery_module] INF 2026-10-04 14:13:49.729+02:00 Health monitor loop start                  tid=5002736
[2026-10-04 14:13:49.730] [out] [delivery_module] DBG 2026-10-04 14:13:49.730+02:00 calculateConnectionState                   tid=5002736 relayCount=4 storeClientCount=0 lightpushCount=4 filterCount=0
[2026-10-04 14:13:49.730] [out] [delivery_module] DBG 2026-10-04 14:13:49.730+02:00 connectionStatus change                    tid=5002736 oldstatus=Disconnected newstatus=Connected
[2026-10-04 14:13:49.730] [out] [delivery_module] INF 2026-10-04 14:13:49.730+02:00 starting keepalive                         tid=5002736 randomPeersKeepalive=10s allPeersKeepalive=2m
Loaded UI plugin: "/nix/store/92hjnrjm689mvr2sdvcgpbbwivp1g5mz-logos-forum_module-plugin-dir"
[2026-10-04 14:13:49.819] [out] [delivery_module] DBG 2026-10-04 14:13:49.819+02:00 no listener registered                     tid=5002737 event=onTopicHealthChange
[2026-10-04 14:13:49.832] [out] [delivery_module] DBG 2026-10-04 14:13:49.832+02:00 calculateConnectionState                   tid=5002736 relayCount=4 storeClientCount=0 lightpushCount=4 filterCount=0
[QmlInspector] Inspector server listening on port 3768
[QmlInspector] Client connected from "::1"
[2026-10-04 14:13:57.281] [info] [logos] [delivery_module] DeliveryModuleImpl::send called with contentTopic: /lp0026forum/1/general/text
[2026-10-04 14:13:57.281] [out] [delivery_module] DBG 2026-10-04 14:13:57.281+02:00 SendService.send: processing delivery task topics="send service" tid=5002736 requestId=1b6b1c1b6cd4ac46ec59 msgHash=0x31ad28c25ece65744e53fa2afc128b054162fd8a85ba04bc14b6b217e6e4f9c7
[2026-10-04 14:13:57.281] [info] [logos] [delivery_module] DeliveryModuleImpl: Send initiated for topic: /lp0026forum/1/general/text, with success, requestId: 1b6b1c1b6cd4ac46ec59
[2026-10-04 14:13:57.282] [out] [delivery_module] DBG 2026-10-04 14:13:57.282+02:00 Trying message delivery via Mix            topics="send service mix processor" tid=5002736 requestId=1b6b1c1b6cd4ac46ec59 msgHash=0x31ad28c25ece65744e53fa2afc128b054162fd8a85ba04bc14b6b217e6e4f9c7 tryCount=1
[2026-10-04 14:13:57.282] [out] [delivery_module] DBG 2026-10-04 14:13:57.282+02:00 Publishing message without RLN proof       tid=5002736
[2026-10-04 14:13:57.282] [out] [delivery_module] DBG 2026-10-04 14:13:57.282+02:00 Publishing message with lightpush          topics="waku node lightpush api" tid=5002736 pubsubTopic=/waku/2/rs/42/0 contentTopic=/lp0026forum/1/general/text target_peer_id=16U*VA1mzq msg_hash=0x31ad28c25ece65744e53fa2afc128b054162fd8a85ba04bc14b6b217e6e4f9c7 mixify=true
[2026-10-04 14:13:57.282] [out] [delivery_module] DBG 2026-10-04 14:13:57.282+02:00 Publish                                    topics="waku lightpush client" tid=5002736 myPeerId=16U*vRsQC7 peerId= msgHash=0x31ad28c25ece65744e53fa2afc128b054162fd8a85ba04bc14b6b217e6e4f9c7 sentTime=1791116037282759936
[2026-10-04 14:13:57.282] [out] [delivery_module] DBG 2026-10-04 14:13:57.282+02:00 Destination data                           tid=5002736 destination=MixDestination[MixNode](16Uiu2HAkzGdSsowwgKRGxFEpYARihnnZbcR5JTpkCXpWCrVA1mzq)
[2026-10-04 14:13:57.282] [out] [delivery_module] DBG 2026-10-04 14:13:57.282+02:00 Selected mix node:                         tid=5002736 indexInPath=0 peerId=16U*fdm9tr
[2026-10-04 14:13:57.282] [out] [delivery_module] DBG 2026-10-04 14:13:57.282+02:00 Selected mix node:                         tid=5002736 indexInPath=1 peerId=16U*h1A2pH
[2026-10-04 14:13:57.283] [out] [delivery_module] DBG 2026-10-04 14:13:57.283+02:00 Selected mix node:                         tid=5002736 indexInPath=2 peerId=16U*VA1mzq
[2026-10-04 14:13:57.283] [out] [delivery_module] DBG 2026-10-04 14:13:57.283+02:00 Selected mix node for surbs:               tid=5002736 indexInPath=0 peerId=16U*fdm9tr
[2026-10-04 14:13:57.283] [out] [delivery_module] DBG 2026-10-04 14:13:57.283+02:00 Selected mix node for surbs:               tid=5002736 indexInPath=1 peerId=16U*B6XsZL
[2026-10-04 14:13:57.415] [out] [delivery_module] INF 2026-10-04 14:13:57.415+02:00 Message received                           tid=5002736 msg_hash=0x31ad28c25ece65744e53fa2afc128b054162fd8a85ba04bc14b6b217e6e4f9c7 contentTopic=/lp0026forum/1/general/text pubsubTopic=/waku/2/rs/42/0 source=live
[2026-10-04 14:13:57.587] [out] [delivery_module] DBG 2026-10-04 14:13:57.587+02:00 Message propagated via Mix                 topics="send service mix processor" tid=5002736 requestId=1b6b1c1b6cd4ac46ec59 msgHash=0x31ad28c25ece65744e53fa2afc128b054162fd8a85ba04bc14b6b217e6e4f9c7
[2026-10-04 14:13:57.587] [out] [delivery_module] INF 2026-10-04 14:13:57.587+02:00 Message successfully propagated            topics="send service" tid=5002736 requestId=1b6b1c1b6cd4ac46ec59 msgHash=withheld
[2026-10-04 14:13:57.783] [info] [logos] [delivery_module] DeliveryModuleImpl::getNodeInfo called with nodeInfoId: MyPeerId
[QmlInspector] Client disconnected
