run-logos-standalone-ui: hot-reloading QML from <repo>/src/qml
  (export DEV_QML_PATH to override, or LOGOS_QML_HOT_RELOAD=0 to disable)
Session directory: "~/Library/Application Support/Logos/LogosStandalone"
[2026-10-02 11:30:56.752] [info] [logos] Granting host services to 'capability_module': token_registry,token_delivery
[2026-10-02 11:30:56.793] [out] [capability_module] [2026-10-02 11:30:56.793] [info] Granting host services to capability_module: ["token_registry","token_delivery"]
RemoteTransportConnection: Connecting to registry: "local:logos_capability_module_8bc11e41952d" at "11:30:56.796"
RemoteTransportConnection: Registry connect attempt started (no peer contact yet): "local:logos_capability_module_8bc11e41952d"
LogosAPIConsumer: Informing module token for module: "capability_module" with token: "redacted:21945d91…"
RemoteTransportConnection: Requesting object: "capability_module" at "11:30:56.796"
[LogosObject] RemoteTransportConnection: returning RemoteLogosObject for: "capability_module"
[LogosObject] Created RemoteLogosObject wrapping QRemoteObjectReplica 105553148138144
[LogosObject] LogosAPIConsumer: calling LogosObject::informModuleToken for "capability_module"
LogosAPIConsumer: informModuleToken completed with result: true
[LogosObject] Destroying RemoteLogosObject 0
[2026-10-02 11:30:56.819] [info] [logos] Module loaded: capability_module
LogosAPIConsumer: Informing module token for module: "modules_state" with token: "redacted:3155ea06…"
RemoteTransportConnection: Requesting object: "capability_module" at "11:30:56.852"
[LogosObject] RemoteTransportConnection: returning RemoteLogosObject for: "capability_module"
[LogosObject] Created RemoteLogosObject wrapping QRemoteObjectReplica 105553148136320
[LogosObject] LogosAPIConsumer: calling LogosObject::informModuleToken for "modules_state"
LogosAPIConsumer: informModuleToken completed with result: true
[LogosObject] Destroying RemoteLogosObject 0
[2026-10-02 11:30:56.852] [info] [logos] Module loaded: modules_state
RemoteTransportConnection: Connecting to registry: "local:logos_modules_state_8bc11e41952d" at "11:30:56.852"
RemoteTransportConnection: Registry connect attempt started (no peer contact yet): "local:logos_modules_state_8bc11e41952d"
RemoteTransportConnection: Connecting to registry: "local:logos_capability_module_8bc11e41952d" at "11:30:56.852"
RemoteTransportConnection: Registry connect attempt started (no peer contact yet): "local:logos_capability_module_8bc11e41952d"
LogosAPIConsumer: '"modules_state"::""' deferred pending the module becoming reachable
LogosAPIConsumer: '"modules_state"::""' deferred pending the module becoming reachable
Logos Core started (modules dir: "/nix/store/4v2cj5cr5dlsjb9cl0blr0cds0qf07iv-logos-forum_module-plugin-dir-modules" )
Set app icon from metadata: "/nix/store/kixcprjbw02ibjn55wa0n17rcxpgss4g-logos-forum_module-plugin-dir/src/icons/icon.png"
[2026-10-02 11:30:56.906] [info] [logos] [delivery_module] DeliveryModuleImpl: Initializing...
LogosAPIConsumer: Informing module token for module: "delivery_module" with token: "redacted:3fc090d3…"
RemoteTransportConnection: Requesting object: "capability_module" at "11:30:56.907"
[LogosObject] RemoteTransportConnection: returning RemoteLogosObject for: "capability_module"
[LogosObject] Created RemoteLogosObject wrapping QRemoteObjectReplica 105553147791200
[LogosObject] LogosAPIConsumer: calling LogosObject::informModuleToken for "delivery_module"
LogosAPIConsumer: informModuleToken completed with result: true
[LogosObject] Destroying RemoteLogosObject 0
[2026-10-02 11:30:56.907] [info] [logos] Module loaded: delivery_module
RemoteTransportConnection: Connecting to registry: "local:logos_delivery_module_8bc11e41952d" at "11:30:56.908"
RemoteTransportConnection: Registry connect attempt started (no peer contact yet): "local:logos_delivery_module_8bc11e41952d"
RemoteTransportConnection: Connecting to registry: "local:logos_capability_module_8bc11e41952d" at "11:30:56.908"
RemoteTransportConnection: Registry connect attempt started (no peer contact yet): "local:logos_capability_module_8bc11e41952d"
LogosAPIConsumer: '"delivery_module"::""' deferred pending the module becoming reachable
LogosAPIClient: getToken for module: "modules_state"
LogosAPIClient: Found token for module: "modules_state"
RemoteTransportConnection: Requesting object: "modules_state" at "11:30:56.908"
[LogosObject] RemoteTransportConnection: returning RemoteLogosObject for: "modules_state"
[LogosObject] Created RemoteLogosObject wrapping QRemoteObjectReplica 105553148169696
[LogosObject] LogosAPIConsumer: async calling via LogosObject::callMethodAsync "note_transition"
[LogosObject] RemoteLogosObject::callMethodAsync "note_transition" args: 7
LogosAPIClient: getToken for module: "modules_state"
LogosAPIClient: Found token for module: "modules_state"
[LogosObject] LogosAPIConsumer: async calling via LogosObject::callMethodAsync "note_transition"
[LogosObject] RemoteLogosObject::callMethodAsync "note_transition" args: 7
Loaded dependency (with transitive deps): "delivery_module"
[2026-10-02 11:30:56.943] [info] [logos] [storage_module] StorageModuleImpl: Initializing...
LogosAPIConsumer: Informing module token for module: "storage_module" with token: "redacted:76114ff3…"
RemoteTransportConnection: Requesting object: "capability_module" at "11:30:56.944"
[LogosObject] Created RemoteLogosObject wrapping QRemoteObjectReplica 105553147790272
LogosAPIClient: invoking remote method "modules_state" "apply_snapshot" args_count: 1
LogosAPIClient: getToken for module: "modules_state"
LogosAPIClient: Found token for module: "modules_state"
LogosAPIConsumer: Calling invokeRemoteMethod: "modules_state" "apply_snapshot" args_count: 1 timeout: 20000
[LogosObject] LogosAPIConsumer: calling via LogosObject::callMethod "apply_snapshot"
[LogosObject] RemoteLogosObject::callMethod "apply_snapshot" args: 1
[LogosObject] Created RemoteLogosObject wrapping QRemoteObjectReplica 105553148169472
LogosAPIClient: getToken for module: "modules_state"
LogosAPIClient: Found token for module: "modules_state"
[LogosObject] LogosAPIConsumer: async calling via LogosObject::callMethodAsync "note_transition"
[LogosObject] RemoteLogosObject::callMethodAsync "note_transition" args: 7
LogosAPIClient: getToken for module: "modules_state"
LogosAPIClient: Found token for module: "modules_state"
[LogosObject] LogosAPIConsumer: async calling via LogosObject::callMethodAsync "note_transition"
[LogosObject] RemoteLogosObject::callMethodAsync "note_transition" args: 7
[2026-10-02 11:30:56.947] [info] [logos] Pushed module snapshot to modules_state
LogosAPIClient: getToken for module: "modules_state"
LogosAPIClient: Found token for module: "modules_state"
[LogosObject] LogosAPIConsumer: async calling via LogosObject::callMethodAsync "note_transition"
[LogosObject] RemoteLogosObject::callMethodAsync "note_transition" args: 7
[LogosObject] RemoteTransportConnection: returning RemoteLogosObject for: "capability_module"
[LogosObject] Created RemoteLogosObject wrapping QRemoteObjectReplica 105553147790208
[LogosObject] LogosAPIConsumer: calling LogosObject::informModuleToken for "storage_module"
LogosAPIConsumer: informModuleToken completed with result: true
[LogosObject] Destroying RemoteLogosObject 0
[2026-10-02 11:30:56.948] [info] [logos] Module loaded: storage_module
RemoteTransportConnection: Connecting to registry: "local:logos_storage_module_8bc11e41952d" at "11:30:56.948"
RemoteTransportConnection: Registry connect attempt started (no peer contact yet): "local:logos_storage_module_8bc11e41952d"
RemoteTransportConnection: Connecting to registry: "local:logos_capability_module_8bc11e41952d" at "11:30:56.948"
RemoteTransportConnection: Registry connect attempt started (no peer contact yet): "local:logos_capability_module_8bc11e41952d"
LogosAPIConsumer: '"storage_module"::""' deferred pending the module becoming reachable
LogosAPIClient: getToken for module: "modules_state"
LogosAPIClient: Found token for module: "modules_state"
[LogosObject] LogosAPIConsumer: async calling via LogosObject::callMethodAsync "note_transition"
[LogosObject] RemoteLogosObject::callMethodAsync "note_transition" args: 7
Loaded dependency (with transitive deps): "storage_module"
DEV_QML_PATH override active: <repo>/src/qml/Main.qml
RemoteTransportConnection: Connecting to registry: "local:logos_capability_module_8bc11e41952d" at "11:30:56.949"
RemoteTransportConnection: Registry connect attempt started (no peer contact yet): "local:logos_capability_module_8bc11e41952d"
LogosAPIConsumer: Informing module token for module: "forum_module" with token: "redacted:bc8113f6…"
RemoteTransportConnection: Requesting object: "capability_module" at "11:30:56.949"
[LogosObject] Created RemoteLogosObject wrapping QRemoteObjectReplica 105553147792544
LogosAPIClient: getToken for module: "modules_state"
LogosAPIClient: Found token for module: "modules_state"
[LogosObject] LogosAPIConsumer: async calling via LogosObject::callMethodAsync "note_transition"
[LogosObject] RemoteLogosObject::callMethodAsync "note_transition" args: 7
[LogosObject] RemoteTransportConnection: returning RemoteLogosObject for: "capability_module"
[LogosObject] Created RemoteLogosObject wrapping QRemoteObjectReplica 105553147824512
[LogosObject] LogosAPIConsumer: calling LogosObject::informModuleToken for "forum_module"
LogosAPIConsumer: informModuleToken completed with result: true
[LogosObject] Destroying RemoteLogosObject 0
[2026-10-02 11:30:57.272] [warning] [logos] [capability_module] Warning: QObject::connect: No such signal ::eventResponse(QString,QVariantList)
[2026-10-02 11:30:57.274] [info] [logos] [delivery_module] DeliveryModuleImpl::getNodeInfo called with nodeInfoId: MyPeerId
[2026-10-02 11:30:57.274] [info] [logos] [delivery_module] DeliveryModuleImpl: Cannot get node info - context not initialized. Call createNode first.
[2026-10-02 11:30:57.274] [info] [logos] [delivery_module] DeliveryModuleImpl::createNode called
[2026-10-02 11:30:57.331] [info] [logos] [delivery_module] DeliveryModuleImpl: Waiting for createNode callback...
[2026-10-02 11:30:57.336] [out] [delivery_module] DBG 2026-10-02 11:30:57.336+02:00 Whether to mount storeSync is not specified, defaulting to not mounting topics="waku conf builder" tid=43137505
[2026-10-02 11:30:57.336] [out] [delivery_module] INF 2026-10-02 11:30:57.336+02:00 Sharding configuration:                    topics="waku conf builder" tid=43137505 shardingConf="(kind: AutoSharding, numShardsInCluster: 1)" subscribeShards=@[0]
[2026-10-02 11:30:57.337] [out] [delivery_module] INF 2026-10-02 11:30:57.337+02:00 Configuration: Enabled protocols           topics="waku conf" tid=43137505 relay=true rlnRelay=false store=false filter=false lightPush=false peerExchange=false rendezvous=false
[2026-10-02 11:30:57.337] [out] [delivery_module] INF 2026-10-02 11:30:57.337+02:00 Configuration. Network                     topics="waku conf" tid=43137505 cluster=42
[2026-10-02 11:30:57.337] [out] [delivery_module] DBG 2026-10-02 11:30:57.337+02:00 Configuration. Active Relay Shards         topics="waku conf" tid=43137505 shard=0
[2026-10-02 11:30:57.338] [out] [delivery_module] INF 2026-10-02 11:30:57.338+02:00 Setting up storage                         tid=43137505
[2026-10-02 11:30:57.338] [out] [delivery_module] INF 2026-10-02 11:30:57.338+02:00 Initializing node                          tid=43137505
[2026-10-02 11:30:57.338] [out] [delivery_module] INF 2026-10-02 11:30:57.338+02:00 Initializing networking                    tid=43137505 addrs=@[/ip4/127.0.0.1/tcp/55876]
[2026-10-02 11:30:57.338] [out] [delivery_module] INF 2026-10-02 11:30:57.338+02:00 Mounting protocols                         tid=43137505
[2026-10-02 11:30:57.339] [out] [delivery_module] INF 2026-10-02 11:30:57.338+02:00 Created WakuMetadata protocol              topics="waku node" tid=43137505 clusterId=42 shards="[0]"
[2026-10-02 11:30:57.339] [out] [delivery_module] INF 2026-10-02 11:30:57.339+02:00 Mounting mix protocol                      topics="waku node" tid=43137505INF 2026-10-02 11:30:57.339+02:00 node info                                  topics="waku node" tid=43137505 wakuInfo="(listenAddresses: [/ip4/127.0.0.1/tcp/55876/p2p/16Uiu2HAkv5VMviZaeTjx33rwjNXRU3VL1NM3iBGvC2jjmPCdoasQ], enrUri: enr:-JS4QB4IzXkA_7nTo82vpw5-PINMR71WKnkkXD4P8zjtbY86ZgiuMXmcRX-x9wIj6KVobqwj9g2yd4QUrQYBZn1DpFEBgmlkgnY0gmlwhH8AAAGCcnOFACoBAACJc2VjcDI1NmsxoQIJsBCCswvZjEyFCohMkVM0v-H0Ui4QJ-qpeViy5yFl34N0Y3CC2kSFd2FrdTIh, mixPubKey: none())"
[2026-10-02 11:30:57.339] [out] [delivery_module]  nodeId="(listenAddresses: [/ip4/127.0.0.1/tcp/55876/p2p/16Uiu2HAkv5VMviZaeTjx33rwjNXRU3VL1NM3iBGvC2jjmPCdoasQ], enrUri: enr:-JS4QB4IzXkA_7nTo82vpw5-PINMR71WKnkkXD4P8zjtbY86ZgiuMXmcRX-x9wIj6KVobqwj9g2yd4QUrQYBZn1DpFEBgmlkgnY0gmlwhH8AAAGCcnOFACoBAACJc2VjcDI1NmsxoQIJsBCCswvZjEyFCohMkVM0v-H0Ui4QJ-qpeViy5yFl34N0Y3CC2kSFd2FrdTIh, mixPubKey: none())"
[2026-10-02 11:30:57.339] [out] [delivery_module] INF 2026-10-02 11:30:57.339+02:00 local addr                                 topics="waku node" tid=43137505 localaddr=/ip4/127.0.0.1/tcp/55876
[2026-10-02 11:30:57.339] [out] [delivery_module] INF 2026-10-02 11:30:57.339+02:00 mixPubKey                                  topics="waku node" tid=43137505 mixPubKey="[184, 73, 67, 35, 42, 251, 191, 80, 237, 155, 41, 111, 57, 254, 254, 11, 237, 177, 20, 198, 246, 140, 232, 170, 119, 115, 43, 239, 103, 190, 224, 119]"
[2026-10-02 11:30:57.340] [out] [delivery_module] INF 2026-10-02 11:30:57.340+02:00 Using mix bootstrap nodes                  topics="waku mix" tid=43137505 entries=4 poolSize=4
[2026-10-02 11:30:57.340] [out] [delivery_module] INF 2026-10-02 11:30:57.340+02:00 mounting store client                      topics="waku node store api" tid=43137505
[2026-10-02 11:30:57.340] [out] [delivery_module] INF 2026-10-02 11:30:57.340+02:00 Mounting auto sharding                     topics="waku node" tid=43137505 clusterId=42 shardCount=1
[2026-10-02 11:30:57.340] [out] [delivery_module] DBG 2026-10-02 11:30:57.340+02:00 Shards created from content topics         tid=43137505 contentTopics=[] shards=[]
[2026-10-02 11:30:57.340] [out] [delivery_module] DBG 2026-10-02 11:30:57.340+02:00 Setting max message size                   tid=43137505 num_bytes=153600
[2026-10-02 11:30:57.340] [out] [delivery_module] INF 2026-10-02 11:30:57.340+02:00 mounting relay protocol                    topics="waku node relay api" tid=43137505
[2026-10-02 11:30:57.340] [out] [delivery_module] DBG 2026-10-02 11:30:57.340+02:00 relay mounted successfully                 topics="waku node relay api" tid=43137505
[2026-10-02 11:30:57.340] [out] [delivery_module] DBG 2026-10-02 11:30:57.340+02:00 Adding validator to signed shards          tid=43137505 protectedShards=[] clusterId=42
[2026-10-02 11:30:57.340] [out] [delivery_module] INF 2026-10-02 11:30:57.340+02:00 mounting libp2p ping protocol              topics="waku node ping api" tid=43137505
[2026-10-02 11:30:57.340] [out] [delivery_module] INF 2026-10-02 11:30:57.340+02:00 mounting light push client                 topics="waku node lightpush api" tid=43137505
[2026-10-02 11:30:57.340] [out] [delivery_module] INF 2026-10-02 11:30:57.340+02:00 mounting legacy light push client          topics="waku node lightpush api" tid=43137505
[2026-10-02 11:30:57.340] [out] [delivery_module] DBG 2026-10-02 11:30:57.340+02:00 Adding peer to service slots               topics="waku node peer_manager" tid=43137505 peerId=16U*6WSDb6 addr=/ip4/127.0.0.1/tcp/55872 service=/vac/waku/lightpush/3.0.0
[2026-10-02 11:30:57.340] [out] [delivery_module] DBG 2026-10-02 11:30:57.340+02:00 Adding peer to service slots               topics="waku node peer_manager" tid=43137505 peerId=16U*6WSDb6 addr=/ip4/127.0.0.1/tcp/55872 service=/vac/waku/lightpush/2.0.0-beta1
[2026-10-02 11:30:57.340] [out] [delivery_module] INF 2026-10-02 11:30:57.340+02:00 mounting filter client                     topics="waku node filter api" tid=43137505
[2026-10-02 11:30:57.340] [out] [delivery_module] INF 2026-10-02 11:30:57.340+02:00 mounting waku peer exchange client         topics="waku node peerexchange api" tid=43137505
[2026-10-02 11:30:57.340] [out] [delivery_module] INF 2026-10-02 11:30:57.340+02:00 No external callbacks to be set            topics="wakunode waku" tid=43137505
[2026-10-02 11:30:57.340] [out] [delivery_module] INF 2026-10-02 11:30:57.340+02:00 Setting up AutonatService                  topics="libp2p autonatservice" tid=43137505
[2026-10-02 11:30:57.341] [info] [logos] [delivery_module] DeliveryModuleImpl::createNode callback called with ret: 0
[2026-10-02 11:30:57.346] [info] [logos] [delivery_module] DeliveryModuleImpl: Delivery context created successfully
[2026-10-02 11:30:57.346] [info] [logos] [delivery_module] DeliveryModuleImpl::start called
[2026-10-02 11:30:57.346] [out] [delivery_module] INF 2026-10-02 11:30:57.346+02:00 Retrieve dynamic bootstrap nodes           topics="wakunode waku" tid=43137505
[2026-10-02 11:30:57.346] [out] [delivery_module] INF 2026-10-02 11:30:57.346+02:00 Running nwaku node                         tid=43137505 version=v0.39.0-gca2814
[2026-10-02 11:30:57.346] [out] [delivery_module] INF 2026-10-02 11:30:57.346+02:00 Starting Waku node                         topics="waku node" tid=43137505 version=v0.39.0-gca2814
[2026-10-02 11:30:57.346] [out] [delivery_module] DBG 2026-10-02 11:30:57.346+02:00 starting switch for peer                   topics="libp2p switch" tid=43137505 peerInfo="(peerId: 16Uiu2HAkv5VMviZaeTjx33rwjNXRU3VL1NM3iBGvC2jjmPCdoasQ, listenAddrs: [/ip4/127.0.0.1/tcp/55876], addrs: [], protocols: [/ipfs/id/1.0.0, /libp2p/autonat/1.0.0, /libp2p/circuit/relay/0.2.0/hop, /vac/waku/metadata/1.0.0, /mix/1.0.0, /vac/waku/relay/2.0.0, /ipfs/ping/1.0.0, /vac/waku/filter-push/2.0.0-beta1], protoVersion: ipfs/0.1.0, agentVersion: logos-delivery-v0.39.0-gca2814)"
[2026-10-02 11:30:57.346] [info] [logos] [delivery_module] DeliveryModuleImpl::getNodeInfo called with nodeInfoId: MyPeerId
[2026-10-02 11:30:57.346] [out] [delivery_module] DBG 2026-10-02 11:30:57.346+02:00 About to accept incoming connection        topics="libp2p switch" tid=43137505
[2026-10-02 11:30:57.347] [out] [delivery_module] INF 2026-10-02 11:30:57.347+02:00 start                                      topics="waku relay" tid=43137505
[2026-10-02 11:30:57.347] [out] [delivery_module] DBG 2026-10-02 11:30:57.347+02:00 Started libp2p node                        topics="libp2p switch" tid=43137505 peer="(peerId: 16Uiu2HAkv5VMviZaeTjx33rwjNXRU3VL1NM3iBGvC2jjmPCdoasQ, listenAddrs: [/ip4/127.0.0.1/tcp/55876], addrs: [/ip4/127.0.0.1/tcp/55876], protocols: [/ipfs/id/1.0.0, /libp2p/autonat/1.0.0, /libp2p/circuit/relay/0.2.0/hop, /vac/waku/metadata/1.0.0, /mix/1.0.0, /vac/waku/relay/2.0.0, /ipfs/ping/1.0.0, /vac/waku/filter-push/2.0.0-beta1], protoVersion: ipfs/0.1.0, agentVersion: logos-delivery-v0.39.0-gca2814)"
[2026-10-02 11:30:57.348] [out] [delivery_module] INF 2026-10-02 11:30:57.348+02:00 Announced base resolved                    topics="waku node" tid=43137505 addrs=@[/ip4/127.0.0.1/tcp/55876] explicit=@[/ip4/127.0.0.1/tcp/55876]
[2026-10-02 11:30:57.348] [out] [delivery_module] DBG 2026-10-02 11:30:57.348+02:00 ENR addresses updated                      topics="waku enr" tid=43137505 retained=1 total=1
[2026-10-02 11:30:57.348] [out] [delivery_module] INF 2026-10-02 11:30:57.348+02:00 Node started successfully                  topics="waku node" tid=43137505
[2026-10-02 11:30:57.348] [out] [delivery_module] DBG 2026-10-02 11:30:57.348+02:00 Dialing multiple peers                     tid=43137505 numOfPeers=4 nodes="@[\"/ip4/127.0.0.1/tcp/55872/p2p/16Uiu2HAm1QXY3tQPeBXkn7ry1JB4uU3B1LiEZvbivxQo3c6WSDb6\", \"/ip4/127.0.0.1/tcp/55873/p2p/16Uiu2HAmLeiAyVuGGZDijje9djpuSuhAU8zXytbjW7x7UBxJFj9V\", \"/ip4/127.0.0.1/tcp/55874/p2p/16Uiu2HAmFPeay8bLUz44MxDBMJ8rJ2YeCC7URbwZXiNHZR9MCXiU\", \"/ip4/127.0.0.1/tcp/55875/p2p/16Uiu2HAmVg56GQd5cTHrEvDt6iPE14DdxNoW2bGLVPixrRWM9Ji2\"]"
[2026-10-02 11:30:57.348] [out] [delivery_module] DBG 2026-10-02 11:30:57.348+02:00 Dialing peer                               topics="libp2p dialer" tid=43137505 peerId=16U*6WSDb6 addrs="[/ip4/127.0.0.1/tcp/55872]"
[2026-10-02 11:30:57.348] [out] [delivery_module] DBG 2026-10-02 11:30:57.348+02:00 Expanded address and hostname              topics="libp2p dialer" tid=43137505 expandedAddress=/ip4/127.0.0.1/tcp/55872 hostname=127.0.0.1 resolvedAddresses="[/ip4/127.0.0.1/tcp/55872]"
[2026-10-02 11:30:57.348] [out] [delivery_module] DBG 2026-10-02 11:30:57.348+02:00 Dialing peer                               topics="libp2p dialer" tid=43137505 peerId=16U*xJFj9V addrs="[/ip4/127.0.0.1/tcp/55873]"
[2026-10-02 11:30:57.348] [out] [delivery_module] DBG 2026-10-02 11:30:57.348+02:00 Expanded address and hostname              topics="libp2p dialer" tid=43137505 expandedAddress=/ip4/127.0.0.1/tcp/55873 hostname=127.0.0.1 resolvedAddresses="[/ip4/127.0.0.1/tcp/55873]"
[2026-10-02 11:30:57.348] [out] [delivery_module] DBG 2026-10-02 11:30:57.348+02:00 Dialing peer                               topics="libp2p dialer" tid=43137505 peerId=16U*9MCXiU addrs="[/ip4/127.0.0.1/tcp/55874]"
[2026-10-02 11:30:57.348] [out] [delivery_module] DBG 2026-10-02 11:30:57.348+02:00 Expanded address and hostname              topics="libp2p dialer" tid=43137505 expandedAddress=/ip4/127.0.0.1/tcp/55874 hostname=127.0.0.1 resolvedAddresses="[/ip4/127.0.0.1/tcp/55874]"
[2026-10-02 11:30:57.348] [out] [delivery_module] DBG 2026-10-02 11:30:57.348+02:00 Dialing peer                               topics="libp2p dialer" tid=43137505 peerId=16U*WM9Ji2 addrs="[/ip4/127.0.0.1/tcp/55875]"
[2026-10-02 11:30:57.348] [out] [delivery_module] DBG 2026-10-02 11:30:57.348+02:00 Expanded address and hostname              topics="libp2p dialer" tid=43137505 expandedAddress=/ip4/127.0.0.1/tcp/55875 hostname=127.0.0.1 resolvedAddresses="[/ip4/127.0.0.1/tcp/55875]"
[2026-10-02 11:30:57.350] [info] [logos] [delivery_module] DeliveryModuleImpl::subscribe called with contentTopic: /lp0026forum/1/general/text
[2026-10-02 11:30:57.352] [out] [delivery_module] DBG 2026-10-02 11:30:57.352+02:00 Subscribing to pubsub topic                topics="waku relay" tid=43137505 pubsubTopic=/waku/2/rs/42/0
[2026-10-02 11:30:57.352] [out] [delivery_module] DBG 2026-10-02 11:30:57.352+02:00 No mesh peer for the given pubsub topic    topics="waku relay" tid=43137505 pubsubTopic=/waku/2/rs/42/0
[2026-10-02 11:30:57.352] [info] [logos] [delivery_module] DeliveryModuleImpl: Subscribe completed for topic: /lp0026forum/1/general/text with success
[2026-10-02 11:30:57.353] [out] [delivery_module] DBG 2026-10-02 11:30:57.353+02:00 Dial successful                            topics="libp2p dialer" tid=43137505 peerId=16U*WM9Ji2
[2026-10-02 11:30:57.353] [out] [delivery_module] DBG 2026-10-02 11:30:57.353+02:00 Dial successful                            topics="libp2p dialer" tid=43137505 peerId=16U*6WSDb6
[2026-10-02 11:30:57.353] [out] [delivery_module] DBG 2026-10-02 11:30:57.353+02:00 no listener registered                     tid=43137507 event=onConnectionChange
[2026-10-02 11:30:57.353] [out] [delivery_module] DBG 2026-10-02 11:30:57.353+02:00 starting sendNonHighPriorityTask           topics="libp2p pubsubpeer" tid=43137505 p=16U*WM9Ji2
[2026-10-02 11:30:57.354] [out] [delivery_module] DBG 2026-10-02 11:30:57.353+02:00 created new pubsub peer                    topics="libp2p pubsub" tid=43137505 peerId=16U*WM9Ji2
[2026-10-02 11:30:57.354] [out] [delivery_module] DBG 2026-10-02 11:30:57.354+02:00 starting sendNonHighPriorityTask           topics="libp2p pubsubpeer" tid=43137505 p=16U*6WSDb6
[2026-10-02 11:30:57.354] [out] [delivery_module] DBG 2026-10-02 11:30:57.354+02:00 created new pubsub peer                    topics="libp2p pubsub" tid=43137505 peerId=16U*6WSDb6
[2026-10-02 11:30:57.354] [out] [delivery_module] DBG 2026-10-02 11:30:57.354+02:00 no listener registered                     tid=43137507 event=onConnectionChange
[2026-10-02 11:30:57.354] [out] [delivery_module] DBG 2026-10-02 11:30:57.354+02:00 Incoming WakuRelay connection              topics="waku relay" tid=43137505 connection=16U*WM9Ji2:6abf79d17ef5fc55a3db6b63 protocol=/vac/waku/relay/2.0.0
[2026-10-02 11:30:57.354] [out] [delivery_module] DBG 2026-10-02 11:30:57.354+02:00 starting pubsub read loop                  topics="libp2p pubsubpeer" tid=43137505 stream=16U*WM9Ji2:6abf79d17ef5fc55a3db6b63 peer=16U*WM9Ji2 closed=false
[2026-10-02 11:30:57.354] [out] [delivery_module] DBG 2026-10-02 11:30:57.354+02:00 identify: info sent                        topics="libp2p identify" tid=43137505 stream=16U*WM9Ji2:6abf79d17ef5fc55a3db6b64 info="(peerId: 16Uiu2HAkv5VMviZaeTjx33rwjNXRU3VL1NM3iBGvC2jjmPCdoasQ, listenAddrs: [/ip4/127.0.0.1/tcp/55876], addrs: [/ip4/127.0.0.1/tcp/55876], protocols: [/ipfs/id/1.0.0, /libp2p/autonat/1.0.0, /libp2p/circuit/relay/0.2.0/hop, /vac/waku/metadata/1.0.0, /mix/1.0.0, /vac/waku/relay/2.0.0, /ipfs/ping/1.0.0, /vac/waku/filter-push/2.0.0-beta1], protoVersion: ipfs/0.1.0, agentVersion: logos-delivery-v0.39.0-gca2814)"
[2026-10-02 11:30:57.354] [out] [delivery_module] DBG 2026-10-02 11:30:57.354+02:00 Incoming WakuRelay connection              topics="waku relay" tid=43137505 connection=16U*6WSDb6:6abf79d17ef5fc55a3db6b65 protocol=/vac/waku/relay/2.0.0
[2026-10-02 11:30:57.354] [out] [delivery_module] DBG 2026-10-02 11:30:57.354+02:00 starting pubsub read loop                  topics="libp2p pubsubpeer" tid=43137505 stream=16U*6WSDb6:6abf79d17ef5fc55a3db6b65 peer=16U*6WSDb6 closed=false
[2026-10-02 11:30:57.354] [out] [delivery_module] DBG 2026-10-02 11:30:57.354+02:00 identify: info sent                        topics="libp2p identify" tid=43137505 stream=16U*6WSDb6:6abf79d17ef5fc55a3db6b66 info="(peerId: 16Uiu2HAkv5VMviZaeTjx33rwjNXRU3VL1NM3iBGvC2jjmPCdoasQ, listenAddrs: [/ip4/127.0.0.1/tcp/55876], addrs: [/ip4/127.0.0.1/tcp/55876], protocols: [/ipfs/id/1.0.0, /libp2p/autonat/1.0.0, /libp2p/circuit/relay/0.2.0/hop, /vac/waku/metadata/1.0.0, /mix/1.0.0, /vac/waku/relay/2.0.0, /ipfs/ping/1.0.0, /vac/waku/filter-push/2.0.0-beta1], protoVersion: ipfs/0.1.0, agentVersion: logos-delivery-v0.39.0-gca2814)"
[2026-10-02 11:30:57.354] [out] [delivery_module] DBG 2026-10-02 11:30:57.354+02:00 Dial successful                            topics="libp2p dialer" tid=43137505 peerId=16U*9MCXiU
[2026-10-02 11:30:57.355] [out] [delivery_module] DBG 2026-10-02 11:30:57.354+02:00 Dial successful                            topics="libp2p dialer" tid=43137505 peerId=16U*xJFj9V
[2026-10-02 11:30:57.355] [out] [delivery_module] DBG 2026-10-02 11:30:57.355+02:00 starting sendNonHighPriorityTask           topics="libp2p pubsubpeer" tid=43137505 p=16U*9MCXiU
[2026-10-02 11:30:57.355] [out] [delivery_module] DBG 2026-10-02 11:30:57.355+02:00 created new pubsub peer                    topics="libp2p pubsub" tid=43137505 peerId=16U*9MCXiU
[2026-10-02 11:30:57.355] [out] [delivery_module] DBG 2026-10-02 11:30:57.355+02:00 no listener registered                     tid=43137507 event=onConnectionChange
[2026-10-02 11:30:57.355] [out] [delivery_module] DBG 2026-10-02 11:30:57.355+02:00 starting sendNonHighPriorityTask           topics="libp2p pubsubpeer" tid=43137505 p=16U*xJFj9V
[2026-10-02 11:30:57.355] [out] [delivery_module] DBG 2026-10-02 11:30:57.355+02:00 created new pubsub peer                    topics="libp2p pubsub" tid=43137505 peerId=16U*xJFj9V
[2026-10-02 11:30:57.355] [out] [delivery_module] DBG 2026-10-02 11:30:57.355+02:00 no listener registered                     tid=43137507 event=onConnectionChange
[2026-10-02 11:30:57.355] [out] [delivery_module] DBG 2026-10-02 11:30:57.355+02:00 Incoming WakuRelay connection              topics="waku relay" tid=43137505 connection=16U*9MCXiU:6abf79d17ef5fc55a3db6b6b protocol=/vac/waku/relay/2.0.0
[2026-10-02 11:30:57.355] [out] [delivery_module] DBG 2026-10-02 11:30:57.355+02:00 starting pubsub read loop                  topics="libp2p pubsubpeer" tid=43137505 stream=16U*9MCXiU:6abf79d17ef5fc55a3db6b6b peer=16U*9MCXiU closed=false
[2026-10-02 11:30:57.355] [out] [delivery_module] DBG 2026-10-02 11:30:57.355+02:00 identify: info sent                        topics="libp2p identify" tid=43137505 stream=16U*9MCXiU:6abf79d17ef5fc55a3db6b6c info="(peerId: 16Uiu2HAkv5VMviZaeTjx33rwjNXRU3VL1NM3iBGvC2jjmPCdoasQ, listenAddrs: [/ip4/127.0.0.1/tcp/55876], addrs: [/ip4/127.0.0.1/tcp/55876], protocols: [/ipfs/id/1.0.0, /libp2p/autonat/1.0.0, /libp2p/circuit/relay/0.2.0/hop, /vac/waku/metadata/1.0.0, /mix/1.0.0, /vac/waku/relay/2.0.0, /ipfs/ping/1.0.0, /vac/waku/filter-push/2.0.0-beta1], protoVersion: ipfs/0.1.0, agentVersion: logos-delivery-v0.39.0-gca2814)"
[2026-10-02 11:30:57.355] [out] [delivery_module] DBG 2026-10-02 11:30:57.355+02:00 Incoming WakuRelay connection              topics="waku relay" tid=43137505 connection=16U*xJFj9V:6abf79d17ef5fc55a3db6b6d protocol=/vac/waku/relay/2.0.0
[2026-10-02 11:30:57.355] [out] [delivery_module] DBG 2026-10-02 11:30:57.355+02:00 starting pubsub read loop                  topics="libp2p pubsubpeer" tid=43137505 stream=16U*xJFj9V:6abf79d17ef5fc55a3db6b6d peer=16U*xJFj9V closed=false
[2026-10-02 11:30:57.355] [out] [delivery_module] DBG 2026-10-02 11:30:57.355+02:00 identify: info sent                        topics="libp2p identify" tid=43137505 stream=16U*xJFj9V:6abf79d17ef5fc55a3db6b6e info="(peerId: 16Uiu2HAkv5VMviZaeTjx33rwjNXRU3VL1NM3iBGvC2jjmPCdoasQ, listenAddrs: [/ip4/127.0.0.1/tcp/55876], addrs: [/ip4/127.0.0.1/tcp/55876], protocols: [/ipfs/id/1.0.0, /libp2p/autonat/1.0.0, /libp2p/circuit/relay/0.2.0/hop, /vac/waku/metadata/1.0.0, /mix/1.0.0, /vac/waku/relay/2.0.0, /ipfs/ping/1.0.0, /vac/waku/filter-push/2.0.0-beta1], protoVersion: ipfs/0.1.0, agentVersion: logos-delivery-v0.39.0-gca2814)"
[2026-10-02 11:30:57.355] [out] [delivery_module] DBG 2026-10-02 11:30:57.355+02:00 identify: info received                    topics="libp2p identify" tid=43137505 stream=16U*WM9Ji2:6abf79d17ef5fc55a3db6b68 pubkey=ok(sec...6625)) addresses=/ip4/127.0.0.1/tcp/55875 protocols=/ipfs/id/1.0.0,/libp2p/autonat/1.0.0,/libp2p/circuit/relay/0.2.0/hop,/vac/waku/metadata/1.0.0,/mix/1.0.0,/vac/waku/relay/2.0.0,/ipfs/ping/1.0.0,/vac/waku/lightpush/3.0.0,/vac/waku/lightpush/2.0.0-beta1,/vac/waku/filter-push/2.0.0-beta1 observable_address=ok(/ip4/127.0.0.1/tcp/56083) proto_version=ipfs/0.1.0 agent_version=logos-delivery-v0.39.0-gca2814 signedPeerRecord=None
[2026-10-02 11:30:57.356] [out] [delivery_module] DBG 2026-10-02 11:30:57.356+02:00 identify: info received                    topics="libp2p identify" tid=43137505 stream=16U*6WSDb6:6abf79d17ef5fc55a3db6b6a pubkey=ok(sec...d326)) addresses=/ip4/127.0.0.1/tcp/55872 protocols=/ipfs/id/1.0.0,/libp2p/autonat/1.0.0,/libp2p/circuit/relay/0.2.0/hop,/vac/waku/metadata/1.0.0,/mix/1.0.0,/vac/waku/relay/2.0.0,/ipfs/ping/1.0.0,/vac/waku/lightpush/3.0.0,/vac/waku/lightpush/2.0.0-beta1,/vac/waku/filter-push/2.0.0-beta1 observable_address=ok(/ip4/127.0.0.1/tcp/56080) proto_version=ipfs/0.1.0 agent_version=logos-delivery-v0.39.0-gca2814 signedPeerRecord=None
[2026-10-02 11:30:57.356] [out] [delivery_module] DBG 2026-10-02 11:30:57.356+02:00 starting pubsub read loop                  topics="libp2p pubsubpeer" tid=43137505 stream=16U*WM9Ji2:6abf79d17ef5fc55a3db6b67 peer=16U*WM9Ji2 closed=false
[2026-10-02 11:30:57.356] [out] [delivery_module] DBG 2026-10-02 11:30:57.356+02:00 Event identified                           topics="waku node peer_manager" tid=43137505 peerId=16U*WM9Ji2
[2026-10-02 11:30:57.356] [out] [delivery_module] DBG 2026-10-02 11:30:57.356+02:00 no listener registered                     tid=43137507 event=onConnectionChange
[2026-10-02 11:30:57.356] [out] [delivery_module] DBG 2026-10-02 11:30:57.356+02:00 starting pubsub read loop                  topics="libp2p pubsubpeer" tid=43137505 stream=16U*6WSDb6:6abf79d17ef5fc55a3db6b69 peer=16U*6WSDb6 closed=false
[2026-10-02 11:30:57.356] [out] [delivery_module] DBG 2026-10-02 11:30:57.356+02:00 Event identified                           topics="waku node peer_manager" tid=43137505 peerId=16U*6WSDb6
[2026-10-02 11:30:57.356] [out] [delivery_module] DBG 2026-10-02 11:30:57.356+02:00 no listener registered                     tid=43137507 event=onConnectionChange
[2026-10-02 11:30:57.357] [out] [delivery_module] DBG 2026-10-02 11:30:57.357+02:00 identify: info received                    topics="libp2p identify" tid=43137505 stream=16U*9MCXiU:6abf79d17ef5fc55a3db6b70 pubkey=ok(sec...1d6d)) addresses=/ip4/127.0.0.1/tcp/55874 protocols=/ipfs/id/1.0.0,/libp2p/autonat/1.0.0,/libp2p/circuit/relay/0.2.0/hop,/vac/waku/metadata/1.0.0,/mix/1.0.0,/vac/waku/relay/2.0.0,/ipfs/ping/1.0.0,/vac/waku/lightpush/3.0.0,/vac/waku/lightpush/2.0.0-beta1,/vac/waku/filter-push/2.0.0-beta1 observable_address=ok(/ip4/127.0.0.1/tcp/56082) proto_version=ipfs/0.1.0 agent_version=logos-delivery-v0.39.0-gca2814 signedPeerRecord=None
[2026-10-02 11:30:57.357] [out] [delivery_module] DBG 2026-10-02 11:30:57.357+02:00 identify: info received                    topics="libp2p identify" tid=43137505 stream=16U*xJFj9V:6abf79d17ef5fc55a3db6b72 pubkey=ok(sec...9e11)) addresses=/ip4/127.0.0.1/tcp/55873 protocols=/ipfs/id/1.0.0,/libp2p/autonat/1.0.0,/libp2p/circuit/relay/0.2.0/hop,/vac/waku/metadata/1.0.0,/mix/1.0.0,/vac/waku/relay/2.0.0,/ipfs/ping/1.0.0,/vac/waku/lightpush/3.0.0,/vac/waku/lightpush/2.0.0-beta1,/vac/waku/filter-push/2.0.0-beta1 observable_address=ok(/ip4/127.0.0.1/tcp/56081) proto_version=ipfs/0.1.0 agent_version=logos-delivery-v0.39.0-gca2814 signedPeerRecord=None
[2026-10-02 11:30:57.357] [out] [delivery_module] DBG 2026-10-02 11:30:57.357+02:00 starting pubsub read loop                  topics="libp2p pubsubpeer" tid=43137505 stream=16U*9MCXiU:6abf79d17ef5fc55a3db6b6f peer=16U*9MCXiU closed=false
[2026-10-02 11:30:57.357] [out] [delivery_module] DBG 2026-10-02 11:30:57.357+02:00 Event identified                           topics="waku node peer_manager" tid=43137505 peerId=16U*9MCXiU
[2026-10-02 11:30:57.357] [out] [delivery_module] DBG 2026-10-02 11:30:57.357+02:00 no listener registered                     tid=43137507 event=onConnectionChange
[2026-10-02 11:30:57.357] [out] [delivery_module] DBG 2026-10-02 11:30:57.357+02:00 starting pubsub read loop                  topics="libp2p pubsubpeer" tid=43137505 stream=16U*xJFj9V:6abf79d17ef5fc55a3db6b71 peer=16U*xJFj9V closed=false
[2026-10-02 11:30:57.358] [out] [delivery_module] DBG 2026-10-02 11:30:57.357+02:00 Event identified                           topics="waku node peer_manager" tid=43137505 peerId=16U*xJFj9V
[2026-10-02 11:30:57.358] [out] [delivery_module] DBG 2026-10-02 11:30:57.358+02:00 no listener registered                     tid=43137507 event=onConnectionChange
[2026-10-02 11:30:57.358] [out] [delivery_module] DBG 2026-10-02 11:30:57.358+02:00 Received WakuMetadata request              topics="waku metadata" tid=43137505 remoteClusterId=ok(42) remoteShards="[0]" localClusterId=42 localShards="[0]" peer=16U*WM9Ji2
[2026-10-02 11:30:57.358] [out] [delivery_module] DBG 2026-10-02 11:30:57.358+02:00 Received WakuMetadata request              topics="waku metadata" tid=43137505 remoteClusterId=ok(42) remoteShards="[0]" localClusterId=42 localShards="[0]" peer=16U*6WSDb6
[2026-10-02 11:30:57.359] [out] [delivery_module] DBG 2026-10-02 11:30:57.359+02:00 Received WakuMetadata request              topics="waku metadata" tid=43137505 remoteClusterId=ok(42) remoteShards="[0]" localClusterId=42 localShards="[0]" peer=16U*9MCXiU
[2026-10-02 11:30:57.359] [out] [delivery_module] DBG 2026-10-02 11:30:57.359+02:00 Received WakuMetadata request              topics="waku metadata" tid=43137505 remoteClusterId=ok(42) remoteShards="[0]" localClusterId=42 localShards="[0]" peer=16U*xJFj9V
[2026-10-02 11:30:57.359] [out] [delivery_module] DBG 2026-10-02 11:30:57.359+02:00 no listener registered                     tid=43137507 event=onConnectionChange
[2026-10-02 11:30:57.359] [out] [delivery_module] DBG 2026-10-02 11:30:57.359+02:00 no listener registered                     tid=43137507 event=onConnectionChange
[2026-10-02 11:30:57.360] [out] [delivery_module] DBG 2026-10-02 11:30:57.360+02:00 no listener registered                     tid=43137507 event=onConnectionChange
[2026-10-02 11:30:57.360] [out] [delivery_module] DBG 2026-10-02 11:30:57.360+02:00 no listener registered                     tid=43137507 event=onConnectionChange
[2026-10-02 11:30:57.360] [out] [delivery_module] DBG 2026-10-02 11:30:57.360+02:00 Finished dialing multiple peers            tid=43137505 successfulConns=4 attempted=4
[2026-10-02 11:30:57.360] [out] [delivery_module] DBG 2026-10-02 11:30:57.360+02:00 Starting peer exchange loop                topics="waku node peerexchange api" tid=43137505
[2026-10-02 11:30:57.360] [out] [delivery_module] DBG 2026-10-02 11:30:57.360+02:00 Retrieving peer info via peer exchange protocol topics="waku node peerexchange api" tid=43137505 amount=5
[2026-10-02 11:30:57.360] [out] [delivery_module] DBG 2026-10-02 11:30:57.360+02:00 Peer exchange request could not be made as no peer exchange peers found topics="waku peer_exchange client" tid=43137505
[2026-10-02 11:30:57.361] [out] [delivery_module] DBG 2026-10-02 11:30:57.360+02:00 Failed to retrieve peer info via peer exchange protocol topics="waku node peerexchange api" tid=43137505 error="(status_code: SERVICE_UNAVAILABLE, status_desc: ok(peer_not_found_failure))"
[2026-10-02 11:30:57.361] [out] [delivery_module] DBG 2026-10-02 11:30:57.361+02:00 Cannot fetch peers from peer exchange      topics="waku node peerexchange api" tid=43137505 cause="(status_code: SERVICE_UNAVAILABLE, status_desc: ok(peer_not_found_failure))"
[2026-10-02 11:30:57.361] [out] [delivery_module] INF 2026-10-02 11:30:57.361+02:00 Relay peer connections                     topics="waku node peer_manager" tid=43137505 inRelayConns=0/50 outRelayConns=4/25 totalConnections=4/150 notConnectedPeers=0 outsideBackoffPeers=0
[2026-10-02 11:30:57.361] [out] [delivery_module] DBG 2026-10-02 11:30:57.361+02:00 ENR addresses updated                      topics="waku enr" tid=43137505 retained=1 total=1
[2026-10-02 11:30:57.362] [out] [delivery_module] INF 2026-10-02 11:30:57.362+02:00 Node is online                             topics="waku online monitor" tid=43137505
[2026-10-02 11:30:57.362] [out] [delivery_module] INF 2026-10-02 11:30:57.362+02:00 Health monitor loop start                  tid=43137505
[2026-10-02 11:30:57.362] [out] [delivery_module] DBG 2026-10-02 11:30:57.362+02:00 calculateConnectionState                   tid=43137505 relayCount=4 storeClientCount=0 lightpushCount=4 filterCount=0
[2026-10-02 11:30:57.362] [out] [delivery_module] DBG 2026-10-02 11:30:57.362+02:00 connectionStatus change                    tid=43137505 oldstatus=Disconnected newstatus=Connected
[2026-10-02 11:30:57.362] [out] [delivery_module] INF 2026-10-02 11:30:57.362+02:00 starting keepalive                         tid=43137505 randomPeersKeepalive=10s allPeersKeepalive=2m
[2026-10-02 11:30:57.366] [out] [delivery_module] WRN 2026-10-02 11:30:57.366+02:00 Messaging persistence disabled, could not open persistency job tid=43137505 jobId=messaging reason="PersistencyError(peBackend: openBackend: open ~/Library/Application Support/Logos/LogosStandalone/module_data/delivery_module/5145dd8132c8/data/messaging.db failed: database is locked)"
[2026-10-02 11:30:57.453] [out] [delivery_module] DBG 2026-10-02 11:30:57.453+02:00 no listener registered                     tid=43137507 event=onTopicHealthChange
[2026-10-02 11:30:57.464] [out] [delivery_module] DBG 2026-10-02 11:30:57.464+02:00 calculateConnectionState                   tid=43137505 relayCount=4 storeClientCount=0 lightpushCount=4 filterCount=0
Loaded UI plugin: "/nix/store/kixcprjbw02ibjn55wa0n17rcxpgss4g-logos-forum_module-plugin-dir"
[QmlInspector] Inspector server listening on port 3768
[QmlInspector] Client connected from "::1"
[2026-10-02 11:31:27.351] [out] [delivery_module] DBG 2026-10-02 11:31:27.351+02:00 Accepted an incoming connection            topics="libp2p switch" tid=43137505 conn=:6abf79ef7ef5fc55a3db6b90
[2026-10-02 11:31:27.351] [out] [delivery_module] DBG 2026-10-02 11:31:27.351+02:00 About to accept incoming connection        topics="libp2p switch" tid=43137505
[2026-10-02 11:31:27.355] [out] [delivery_module] DBG 2026-10-02 11:31:27.355+02:00 dialMe answer is reachable                 topics="libp2p autonatservice" tid=43137505 peerId=16Uiu2HAmVg56GQd5cTHrEvDt6iPE14DdxNoW2bGLVPixrRWM9Ji2
[2026-10-02 11:31:27.355] [out] [delivery_module] DBG 2026-10-02 11:31:27.355+02:00 Current status                             topics="libp2p autonatservice" tid=43137505 currentStats=Unknown confidence=none() answers=[Reachable]
[2026-10-02 11:31:27.357] [out] [delivery_module] DBG 2026-10-02 11:31:27.357+02:00 Accepted an incoming connection            topics="libp2p switch" tid=43137505 conn=:6abf79ef7ef5fc55a3db6b94
[2026-10-02 11:31:27.357] [out] [delivery_module] DBG 2026-10-02 11:31:27.357+02:00 About to accept incoming connection        topics="libp2p switch" tid=43137505
[2026-10-02 11:31:27.360] [out] [delivery_module] DBG 2026-10-02 11:31:27.360+02:00 dialMe answer is reachable                 topics="libp2p autonatservice" tid=43137505 peerId=16Uiu2HAm1QXY3tQPeBXkn7ry1JB4uU3B1LiEZvbivxQo3c6WSDb6
[2026-10-02 11:31:27.360] [out] [delivery_module] DBG 2026-10-02 11:31:27.360+02:00 Current status                             topics="libp2p autonatservice" tid=43137505 currentStats=Unknown confidence=none() answers=[Reachable, Reachable]
[2026-10-02 11:31:27.364] [out] [delivery_module] DBG 2026-10-02 11:31:27.364+02:00 Accepted an incoming connection            topics="libp2p switch" tid=43137505 conn=:6abf79ef7ef5fc55a3db6b98
[2026-10-02 11:31:27.364] [out] [delivery_module] DBG 2026-10-02 11:31:27.364+02:00 About to accept incoming connection        topics="libp2p switch" tid=43137505
[2026-10-02 11:31:27.366] [out] [delivery_module] DBG 2026-10-02 11:31:27.366+02:00 dialMe answer is reachable                 topics="libp2p autonatservice" tid=43137505 peerId=16Uiu2HAmLeiAyVuGGZDijje9djpuSuhAU8zXytbjW7x7UBxJFj9V
[2026-10-02 11:31:27.366] [out] [delivery_module] DBG 2026-10-02 11:31:27.366+02:00 Current status                             topics="libp2p autonatservice" tid=43137505 currentStats=Reachable confidence=ok(1.0) answers=[Reachable, Reachable, Reachable]
[2026-10-02 11:31:27.366] [out] [delivery_module] DBG 2026-10-02 11:31:27.366+02:00 Peer reachability status                   tid=43137505 networkReachability=Reachable confidence=1.0
[2026-10-02 11:31:57.355] [out] [delivery_module] DBG 2026-10-02 11:31:57.355+02:00 Accepted an incoming connection            topics="libp2p switch" tid=43137505 conn=:6abf7a0d7ef5fc55a3db6bb4
[2026-10-02 11:31:57.355] [out] [delivery_module] DBG 2026-10-02 11:31:57.355+02:00 About to accept incoming connection        topics="libp2p switch" tid=43137505
[2026-10-02 11:31:57.359] [out] [delivery_module] DBG 2026-10-02 11:31:57.359+02:00 dialMe answer is reachable                 topics="libp2p autonatservice" tid=43137505 peerId=16Uiu2HAmVg56GQd5cTHrEvDt6iPE14DdxNoW2bGLVPixrRWM9Ji2
[2026-10-02 11:31:57.359] [out] [delivery_module] DBG 2026-10-02 11:31:57.359+02:00 Current status                             topics="libp2p autonatservice" tid=43137505 currentStats=Reachable confidence=ok(1.0) answers=[Reachable, Reachable, Reachable]
[2026-10-02 11:31:57.361] [out] [delivery_module] DBG 2026-10-02 11:31:57.361+02:00 Accepted an incoming connection            topics="libp2p switch" tid=43137505 conn=:6abf7a0d7ef5fc55a3db6bb8
[2026-10-02 11:31:57.361] [out] [delivery_module] DBG 2026-10-02 11:31:57.361+02:00 About to accept incoming connection        topics="libp2p switch" tid=43137505
[2026-10-02 11:31:57.363] [out] [delivery_module] DBG 2026-10-02 11:31:57.363+02:00 Retrieving peer info via peer exchange protocol topics="waku node peerexchange api" tid=43137505 amount=5
[2026-10-02 11:31:57.363] [out] [delivery_module] DBG 2026-10-02 11:31:57.363+02:00 Peer exchange request could not be made as no peer exchange peers found topics="waku peer_exchange client" tid=43137505
[2026-10-02 11:31:57.363] [out] [delivery_module] DBG 2026-10-02 11:31:57.363+02:00 Failed to retrieve peer info via peer exchange protocol topics="waku node peerexchange api" tid=43137505 error="(status_code: SERVICE_UNAVAILABLE, status_desc: ok(peer_not_found_failure))"
[2026-10-02 11:31:57.363] [out] [delivery_module] DBG 2026-10-02 11:31:57.363+02:00 Cannot fetch peers from peer exchange      topics="waku node peerexchange api" tid=43137505 cause="(status_code: SERVICE_UNAVAILABLE, status_desc: ok(peer_not_found_failure))"
[2026-10-02 11:31:57.364] [out] [delivery_module] DBG 2026-10-02 11:31:57.364+02:00 dialMe answer is reachable                 topics="libp2p autonatservice" tid=43137505 peerId=16Uiu2HAm1QXY3tQPeBXkn7ry1JB4uU3B1LiEZvbivxQo3c6WSDb6
[2026-10-02 11:31:57.364] [out] [delivery_module] DBG 2026-10-02 11:31:57.364+02:00 Current status                             topics="libp2p autonatservice" tid=43137505 currentStats=Reachable confidence=ok(1.0) answers=[Reachable, Reachable, Reachable]
[2026-10-02 11:31:57.367] [out] [delivery_module] DBG 2026-10-02 11:31:57.367+02:00 Accepted an incoming connection            topics="libp2p switch" tid=43137505 conn=:6abf7a0d7ef5fc55a3db6bbc
[2026-10-02 11:31:57.367] [out] [delivery_module] DBG 2026-10-02 11:31:57.367+02:00 About to accept incoming connection        topics="libp2p switch" tid=43137505
[2026-10-02 11:31:57.369] [out] [delivery_module] DBG 2026-10-02 11:31:57.369+02:00 dialMe answer is reachable                 topics="libp2p autonatservice" tid=43137505 peerId=16Uiu2HAmLeiAyVuGGZDijje9djpuSuhAU8zXytbjW7x7UBxJFj9V
[2026-10-02 11:31:57.369] [out] [delivery_module] DBG 2026-10-02 11:31:57.369+02:00 Current status                             topics="libp2p autonatservice" tid=43137505 currentStats=Reachable confidence=ok(1.0) answers=[Reachable, Reachable, Reachable]
[2026-10-02 11:32:27.352] [out] [delivery_module] DBG 2026-10-02 11:32:27.352+02:00 Accepted an incoming connection            topics="libp2p switch" tid=43137505 conn=:6abf7a2b7ef5fc55a3db6bd7
[2026-10-02 11:32:27.352] [out] [delivery_module] DBG 2026-10-02 11:32:27.352+02:00 About to accept incoming connection        topics="libp2p switch" tid=43137505
[2026-10-02 11:32:27.356] [out] [delivery_module] DBG 2026-10-02 11:32:27.356+02:00 dialMe answer is reachable                 topics="libp2p autonatservice" tid=43137505 peerId=16Uiu2HAmFPeay8bLUz44MxDBMJ8rJ2YeCC7URbwZXiNHZR9MCXiU
[2026-10-02 11:32:27.356] [out] [delivery_module] DBG 2026-10-02 11:32:27.356+02:00 Current status                             topics="libp2p autonatservice" tid=43137505 currentStats=Reachable confidence=ok(1.0) answers=[Reachable, Reachable, Reachable]
[2026-10-02 11:32:27.358] [out] [delivery_module] DBG 2026-10-02 11:32:27.358+02:00 Accepted an incoming connection            topics="libp2p switch" tid=43137505 conn=:6abf7a2b7ef5fc55a3db6bdb
[2026-10-02 11:32:27.358] [out] [delivery_module] DBG 2026-10-02 11:32:27.358+02:00 About to accept incoming connection        topics="libp2p switch" tid=43137505
[2026-10-02 11:32:27.361] [out] [delivery_module] DBG 2026-10-02 11:32:27.361+02:00 dialMe answer is reachable                 topics="libp2p autonatservice" tid=43137505 peerId=16Uiu2HAmVg56GQd5cTHrEvDt6iPE14DdxNoW2bGLVPixrRWM9Ji2
[2026-10-02 11:32:27.361] [out] [delivery_module] DBG 2026-10-02 11:32:27.361+02:00 Current status                             topics="libp2p autonatservice" tid=43137505 currentStats=Reachable confidence=ok(1.0) answers=[Reachable, Reachable, Reachable]
[2026-10-02 11:32:27.363] [out] [delivery_module] DBG 2026-10-02 11:32:27.363+02:00 Accepted an incoming connection            topics="libp2p switch" tid=43137505 conn=:6abf7a2b7ef5fc55a3db6bdf
[2026-10-02 11:32:27.363] [out] [delivery_module] DBG 2026-10-02 11:32:27.363+02:00 About to accept incoming connection        topics="libp2p switch" tid=43137505
[2026-10-02 11:32:27.366] [out] [delivery_module] DBG 2026-10-02 11:32:27.366+02:00 dialMe answer is reachable                 topics="libp2p autonatservice" tid=43137505 peerId=16Uiu2HAmLeiAyVuGGZDijje9djpuSuhAU8zXytbjW7x7UBxJFj9V
[2026-10-02 11:32:27.366] [out] [delivery_module] DBG 2026-10-02 11:32:27.366+02:00 Current status                             topics="libp2p autonatservice" tid=43137505 currentStats=Reachable confidence=ok(1.0) answers=[Reachable, Reachable, Reachable]
[QmlInspector] Client disconnected
