run-logos-standalone-ui: hot-reloading QML from <repo>/src/qml
  (export DEV_QML_PATH to override, or LOGOS_QML_HOT_RELOAD=0 to disable)
Session directory: "~/Library/Application Support/Logos/LogosStandalone"
[2026-10-10 15:52:27.254] [info] [logos] Granting host services to 'capability_module': token_registry,token_delivery
[2026-10-10 15:52:27.292] [out] [capability_module] [2026-10-10 15:52:27.292] [info] Granting host services to capability_module: ["token_registry","token_delivery"]
RemoteTransportConnection: Connecting to registry: "local:logos_capability_module_d3db8b0e122a" at "15:52:27.293"
RemoteTransportConnection: Registry connect attempt started (no peer contact yet): "local:logos_capability_module_d3db8b0e122a"
LogosAPIConsumer: Informing module token for module: "capability_module" with token: "redacted:e8bac28d…"
RemoteTransportConnection: Requesting object: "capability_module" at "15:52:27.293"
[LogosObject] RemoteTransportConnection: returning RemoteLogosObject for: "capability_module"
[LogosObject] Created RemoteLogosObject wrapping QRemoteObjectReplica 105553125987360
[LogosObject] LogosAPIConsumer: calling LogosObject::informModuleToken for "capability_module"
LogosAPIConsumer: informModuleToken completed with result: true
[LogosObject] Destroying RemoteLogosObject 0
[2026-10-10 15:52:27.318] [info] [logos] Module loaded: capability_module
LogosAPIConsumer: Informing module token for module: "modules_state" with token: "redacted:e21811e1…"
RemoteTransportConnection: Requesting object: "capability_module" at "15:52:27.355"
[LogosObject] RemoteTransportConnection: returning RemoteLogosObject for: "capability_module"
[LogosObject] Created RemoteLogosObject wrapping QRemoteObjectReplica 105553125880160
[LogosObject] LogosAPIConsumer: calling LogosObject::informModuleToken for "modules_state"
LogosAPIConsumer: informModuleToken completed with result: true
[LogosObject] Destroying RemoteLogosObject 0
[2026-10-10 15:52:27.358] [info] [logos] Module loaded: modules_state
RemoteTransportConnection: Connecting to registry: "local:logos_modules_state_d3db8b0e122a" at "15:52:27.358"
RemoteTransportConnection: Registry connect attempt started (no peer contact yet): "local:logos_modules_state_d3db8b0e122a"
RemoteTransportConnection: Connecting to registry: "local:logos_capability_module_d3db8b0e122a" at "15:52:27.358"
RemoteTransportConnection: Registry connect attempt started (no peer contact yet): "local:logos_capability_module_d3db8b0e122a"
LogosAPIConsumer: '"modules_state"::""' deferred pending the module becoming reachable
LogosAPIConsumer: '"modules_state"::""' deferred pending the module becoming reachable
Logos Core started (modules dir: "/nix/store/gxna1vv93drk0r01vph163c8q3dw4ng4-logos-forum_module-plugin-dir-modules" )
Set app icon from metadata: "/nix/store/dj1dbv54hiyk0yh2haw00wlyjl28ngnq-logos-forum_module-plugin-dir/src/icons/icon.png"
[2026-10-10 15:52:27.411] [info] [logos] [delivery_module] DeliveryModuleImpl: Initializing...
LogosAPIConsumer: Informing module token for module: "delivery_module" with token: "redacted:9a49c072…"
RemoteTransportConnection: Requesting object: "capability_module" at "15:52:27.412"
[LogosObject] RemoteTransportConnection: returning RemoteLogosObject for: "capability_module"
[LogosObject] Created RemoteLogosObject wrapping QRemoteObjectReplica 105553125875392
[LogosObject] LogosAPIConsumer: calling LogosObject::informModuleToken for "delivery_module"
LogosAPIConsumer: informModuleToken completed with result: true
[LogosObject] Destroying RemoteLogosObject 0
[2026-10-10 15:52:27.412] [info] [logos] Module loaded: delivery_module
RemoteTransportConnection: Connecting to registry: "local:logos_delivery_module_d3db8b0e122a" at "15:52:27.412"
RemoteTransportConnection: Registry connect attempt started (no peer contact yet): "local:logos_delivery_module_d3db8b0e122a"
RemoteTransportConnection: Connecting to registry: "local:logos_capability_module_d3db8b0e122a" at "15:52:27.412"
RemoteTransportConnection: Registry connect attempt started (no peer contact yet): "local:logos_capability_module_d3db8b0e122a"
LogosAPIConsumer: '"delivery_module"::""' deferred pending the module becoming reachable
LogosAPIClient: getToken for module: "modules_state"
LogosAPIClient: Found token for module: "modules_state"
RemoteTransportConnection: Requesting object: "modules_state" at "15:52:27.413"
[LogosObject] RemoteTransportConnection: returning RemoteLogosObject for: "modules_state"
[LogosObject] Created RemoteLogosObject wrapping QRemoteObjectReplica 105553125964256
[LogosObject] LogosAPIConsumer: async calling via LogosObject::callMethodAsync "note_transition"
[LogosObject] RemoteLogosObject::callMethodAsync "note_transition" args: 7
LogosAPIClient: getToken for module: "modules_state"
LogosAPIClient: Found token for module: "modules_state"
[LogosObject] LogosAPIConsumer: async calling via LogosObject::callMethodAsync "note_transition"
[LogosObject] RemoteLogosObject::callMethodAsync "note_transition" args: 7
Loaded dependency (with transitive deps): "delivery_module"
[2026-10-10 15:52:27.452] [info] [logos] [storage_module] StorageModuleImpl: Initializing...
LogosAPIConsumer: Informing module token for module: "storage_module" with token: "redacted:f945e5a5…"
RemoteTransportConnection: Requesting object: "capability_module" at "15:52:27.452"
[LogosObject] Created RemoteLogosObject wrapping QRemoteObjectReplica 105553125992704
LogosAPIClient: invoking remote method "modules_state" "apply_snapshot" args_count: 1
LogosAPIClient: getToken for module: "modules_state"
LogosAPIClient: Found token for module: "modules_state"
LogosAPIConsumer: Calling invokeRemoteMethod: "modules_state" "apply_snapshot" args_count: 1 timeout: 20000
[LogosObject] LogosAPIConsumer: calling via LogosObject::callMethod "apply_snapshot"
[LogosObject] RemoteLogosObject::callMethod "apply_snapshot" args: 1
[LogosObject] Created RemoteLogosObject wrapping QRemoteObjectReplica 105553125964032
LogosAPIClient: getToken for module: "modules_state"
LogosAPIClient: Found token for module: "modules_state"
[LogosObject] LogosAPIConsumer: async calling via LogosObject::callMethodAsync "note_transition"
[LogosObject] RemoteLogosObject::callMethodAsync "note_transition" args: 7
LogosAPIClient: getToken for module: "modules_state"
LogosAPIClient: Found token for module: "modules_state"
[LogosObject] LogosAPIConsumer: async calling via LogosObject::callMethodAsync "note_transition"
[LogosObject] RemoteLogosObject::callMethodAsync "note_transition" args: 7
[2026-10-10 15:52:27.458] [info] [logos] Pushed module snapshot to modules_state
LogosAPIClient: getToken for module: "modules_state"
LogosAPIClient: Found token for module: "modules_state"
[LogosObject] LogosAPIConsumer: async calling via LogosObject::callMethodAsync "note_transition"
[LogosObject] RemoteLogosObject::callMethodAsync "note_transition" args: 7
[LogosObject] RemoteTransportConnection: returning RemoteLogosObject for: "capability_module"
[LogosObject] Created RemoteLogosObject wrapping QRemoteObjectReplica 105553125998592
[LogosObject] LogosAPIConsumer: calling LogosObject::informModuleToken for "storage_module"
LogosAPIConsumer: informModuleToken completed with result: true
[LogosObject] Destroying RemoteLogosObject 0
[2026-10-10 15:52:27.458] [info] [logos] Module loaded: storage_module
RemoteTransportConnection: Connecting to registry: "local:logos_storage_module_d3db8b0e122a" at "15:52:27.459"
RemoteTransportConnection: Registry connect attempt started (no peer contact yet): "local:logos_storage_module_d3db8b0e122a"
RemoteTransportConnection: Connecting to registry: "local:logos_capability_module_d3db8b0e122a" at "15:52:27.459"
RemoteTransportConnection: Registry connect attempt started (no peer contact yet): "local:logos_capability_module_d3db8b0e122a"
LogosAPIConsumer: '"storage_module"::""' deferred pending the module becoming reachable
LogosAPIClient: getToken for module: "modules_state"
LogosAPIClient: Found token for module: "modules_state"
[LogosObject] LogosAPIConsumer: async calling via LogosObject::callMethodAsync "note_transition"
[LogosObject] RemoteLogosObject::callMethodAsync "note_transition" args: 7
Loaded dependency (with transitive deps): "storage_module"
DEV_QML_PATH override active: <repo>/src/qml/Main.qml
RemoteTransportConnection: Connecting to registry: "local:logos_capability_module_d3db8b0e122a" at "15:52:27.459"
RemoteTransportConnection: Registry connect attempt started (no peer contact yet): "local:logos_capability_module_d3db8b0e122a"
LogosAPIConsumer: Informing module token for module: "forum_module" with token: "redacted:724692bb…"
RemoteTransportConnection: Requesting object: "capability_module" at "15:52:27.459"
[LogosObject] RemoteTransportConnection: returning RemoteLogosObject for: "capability_module"
[LogosObject] Created RemoteLogosObject wrapping QRemoteObjectReplica 105553125882400
[LogosObject] LogosAPIConsumer: calling LogosObject::informModuleToken for "forum_module"
[LogosObject] Created RemoteLogosObject wrapping QRemoteObjectReplica 105553125881408
LogosAPIClient: getToken for module: "modules_state"
LogosAPIClient: Found token for module: "modules_state"
[LogosObject] LogosAPIConsumer: async calling via LogosObject::callMethodAsync "note_transition"
[LogosObject] RemoteLogosObject::callMethodAsync "note_transition" args: 7
LogosAPIConsumer: informModuleToken completed with result: true
[LogosObject] Destroying RemoteLogosObject 0
qt.qpa.fonts: Populating font family aliases took 73 ms. Replace uses of missing font family "Public Sans" with one that exists to avoid this cost. 
Loaded UI plugin: "/nix/store/dj1dbv54hiyk0yh2haw00wlyjl28ngnq-logos-forum_module-plugin-dir"
[QmlInspector] Inspector server listening on port 3769
[QmlInspector] Client connected from "::1"
[2026-10-10 15:52:35.669] [warning] [logos] [capability_module] Warning: QObject::connect: No such signal ::eventResponse(QString,QVariantList)
[2026-10-10 15:52:35.670] [info] [logos] [storage_module] StorageModuleImpl::init called
[2026-10-10 15:52:35.671] [out] [storage_module] WRN 2026-10-10 15:52:35.671+02:00 Data directory has insecure permissions. Correcting them. tid=19490085 data_dir=~/.local/share/lp0026-forum-dev/m7-storage/b-storage current_permissions=0755 required_permissions=0700
[2026-10-10 15:52:35.672] [out] [storage_module] INF 2026-10-10 15:52:35.672+02:00 Creating a private key and saving it       tid=19490085
[2026-10-10 15:52:35.672] [out] [storage_module] WRN 2026-10-10 15:52:35.672+02:00 Node has been marked with --no-bootstrap-node and will NOT be bootstrapped topics="libstorage libstoragelifecycle" tid=19490085
[2026-10-10 15:52:35.672] [out] [storage_module] INF 2026-10-10 15:52:35.672+02:00 Threadpool started                         topics="libstorage libstoragelifecycle" tid=19490085 numThreads=12
[2026-10-10 15:52:35.674] [info] [logos] [storage_module] StorageModuleImpl::start called
[2026-10-10 15:52:35.674] [out] [storage_module] WRN 2026-10-10 15:52:35.674+02:00 No key for a QueryResponse                 topics="storage repostore" tid=19490085
[2026-10-10 15:52:35.674] [out] [storage_module] NTC 2026-10-10 15:52:35.674+02:00 Started Storage node                       topics="storage node" tid=19490085 id=16U*VUBxMx addrs="[/ip4/127.0.0.1/tcp/8572]"
[2026-10-10 15:53:02.951] [out] [storage_module] ERR 2026-10-10 15:53:02.951+02:00 Failed to MANIFEST.                        topics="libstorage libstoragedownload" tid=19490085 error="Failed to fetch manifest: Failed to fetch manifest zDvZRwzkx2zSvxK5fKukt5H6mmMY554sRFAVJCpD5ApiuFoiNL9D after 10 attempts: Key doesn't exist"
[2026-10-10 15:53:02.951] [info] [logos] [storage_module] StorageModuleImpl::downloadChunksInternal: failed to get manifest for zDvZRwzkx2zSvxK5fKukt5H6mmMY554sRFAVJCpD5ApiuFoiNL9D
[QmlInspector] Client disconnected
