run-logos-standalone-ui: hot-reloading QML from <repo>/src/qml
  (export DEV_QML_PATH to override, or LOGOS_QML_HOT_RELOAD=0 to disable)
Session directory: "~/Library/Application Support/Logos/LogosStandalone"
[2026-10-02 10:56:03.589] [info] [logos] Granting host services to 'capability_module': token_registry,token_delivery
[2026-10-02 10:56:03.619] [out] [capability_module] [2026-10-02 10:56:03.619] [info] Granting host services to capability_module: ["token_registry","token_delivery"]
RemoteTransportConnection: Connecting to registry: "local:logos_capability_module_56dd275c8a8d" at "10:56:03.620"
RemoteTransportConnection: Registry connect attempt started (no peer contact yet): "local:logos_capability_module_56dd275c8a8d"
LogosAPIConsumer: Informing module token for module: "capability_module" with token: "redacted:cebae31e…"
RemoteTransportConnection: Requesting object: "capability_module" at "10:56:03.620"
[LogosObject] RemoteTransportConnection: returning RemoteLogosObject for: "capability_module"
[LogosObject] Created RemoteLogosObject wrapping QRemoteObjectReplica 105553172870944
[LogosObject] LogosAPIConsumer: calling LogosObject::informModuleToken for "capability_module"
LogosAPIConsumer: informModuleToken completed with result: true
[LogosObject] Destroying RemoteLogosObject 0
[2026-10-02 10:56:03.646] [info] [logos] Module loaded: capability_module
LogosAPIConsumer: Informing module token for module: "modules_state" with token: "redacted:c79207fe…"
RemoteTransportConnection: Requesting object: "capability_module" at "10:56:03.677"
[LogosObject] RemoteTransportConnection: returning RemoteLogosObject for: "capability_module"
[LogosObject] Created RemoteLogosObject wrapping QRemoteObjectReplica 105553172731904
[LogosObject] LogosAPIConsumer: calling LogosObject::informModuleToken for "modules_state"
LogosAPIConsumer: informModuleToken completed with result: true
[LogosObject] Destroying RemoteLogosObject 0
[2026-10-02 10:56:03.677] [info] [logos] Module loaded: modules_state
RemoteTransportConnection: Connecting to registry: "local:logos_modules_state_56dd275c8a8d" at "10:56:03.678"
RemoteTransportConnection: Registry connect attempt started (no peer contact yet): "local:logos_modules_state_56dd275c8a8d"
RemoteTransportConnection: Connecting to registry: "local:logos_capability_module_56dd275c8a8d" at "10:56:03.678"
RemoteTransportConnection: Registry connect attempt started (no peer contact yet): "local:logos_capability_module_56dd275c8a8d"
LogosAPIConsumer: '"modules_state"::""' deferred pending the module becoming reachable
LogosAPIConsumer: '"modules_state"::""' deferred pending the module becoming reachable
Logos Core started (modules dir: "/nix/store/4v2cj5cr5dlsjb9cl0blr0cds0qf07iv-logos-forum_module-plugin-dir-modules" )
Set app icon from metadata: "/nix/store/afa18c4h3px2x20x2jfdmj8rprizfx0m-logos-forum_module-plugin-dir/src/icons/icon.png"
[2026-10-02 10:56:03.720] [info] [logos] [delivery_module] DeliveryModuleImpl: Initializing...
LogosAPIConsumer: Informing module token for module: "delivery_module" with token: "redacted:6c430dba…"
RemoteTransportConnection: Requesting object: "capability_module" at "10:56:03.721"
[LogosObject] RemoteTransportConnection: returning RemoteLogosObject for: "capability_module"
[LogosObject] Created RemoteLogosObject wrapping QRemoteObjectReplica 105553172624320
[LogosObject] LogosAPIConsumer: calling LogosObject::informModuleToken for "delivery_module"
LogosAPIConsumer: informModuleToken completed with result: true
[LogosObject] Destroying RemoteLogosObject 0
[2026-10-02 10:56:03.721] [info] [logos] Module loaded: delivery_module
RemoteTransportConnection: Connecting to registry: "local:logos_delivery_module_56dd275c8a8d" at "10:56:03.722"
RemoteTransportConnection: Registry connect attempt started (no peer contact yet): "local:logos_delivery_module_56dd275c8a8d"
RemoteTransportConnection: Connecting to registry: "local:logos_capability_module_56dd275c8a8d" at "10:56:03.722"
RemoteTransportConnection: Registry connect attempt started (no peer contact yet): "local:logos_capability_module_56dd275c8a8d"
LogosAPIConsumer: '"delivery_module"::""' deferred pending the module becoming reachable
LogosAPIClient: getToken for module: "modules_state"
LogosAPIClient: Found token for module: "modules_state"
RemoteTransportConnection: Requesting object: "modules_state" at "10:56:03.722"
[LogosObject] RemoteTransportConnection: returning RemoteLogosObject for: "modules_state"
[LogosObject] Created RemoteLogosObject wrapping QRemoteObjectReplica 105553172594688
[LogosObject] LogosAPIConsumer: async calling via LogosObject::callMethodAsync "note_transition"
[LogosObject] RemoteLogosObject::callMethodAsync "note_transition" args: 7
LogosAPIClient: getToken for module: "modules_state"
LogosAPIClient: Found token for module: "modules_state"
[LogosObject] LogosAPIConsumer: async calling via LogosObject::callMethodAsync "note_transition"
[LogosObject] RemoteLogosObject::callMethodAsync "note_transition" args: 7
Loaded dependency (with transitive deps): "delivery_module"
[2026-10-02 10:56:03.751] [info] [logos] [storage_module] StorageModuleImpl: Initializing...
LogosAPIConsumer: Informing module token for module: "storage_module" with token: "redacted:f477d606…"
RemoteTransportConnection: Requesting object: "capability_module" at "10:56:03.752"
[LogosObject] Created RemoteLogosObject wrapping QRemoteObjectReplica 105553172732608
LogosAPIClient: invoking remote method "modules_state" "apply_snapshot" args_count: 1
LogosAPIClient: getToken for module: "modules_state"
LogosAPIClient: Found token for module: "modules_state"
LogosAPIConsumer: Calling invokeRemoteMethod: "modules_state" "apply_snapshot" args_count: 1 timeout: 20000
[LogosObject] LogosAPIConsumer: calling via LogosObject::callMethod "apply_snapshot"
[LogosObject] RemoteLogosObject::callMethod "apply_snapshot" args: 1
[LogosObject] Created RemoteLogosObject wrapping QRemoteObjectReplica 105553172642944
LogosAPIClient: getToken for module: "modules_state"
LogosAPIClient: Found token for module: "modules_state"
[LogosObject] LogosAPIConsumer: async calling via LogosObject::callMethodAsync "note_transition"
[LogosObject] RemoteLogosObject::callMethodAsync "note_transition" args: 7
LogosAPIClient: getToken for module: "modules_state"
LogosAPIClient: Found token for module: "modules_state"
[LogosObject] LogosAPIConsumer: async calling via LogosObject::callMethodAsync "note_transition"
[LogosObject] RemoteLogosObject::callMethodAsync "note_transition" args: 7
[2026-10-02 10:56:03.753] [info] [logos] Pushed module snapshot to modules_state
LogosAPIClient: getToken for module: "modules_state"
LogosAPIClient: Found token for module: "modules_state"
[LogosObject] LogosAPIConsumer: async calling via LogosObject::callMethodAsync "note_transition"
[LogosObject] RemoteLogosObject::callMethodAsync "note_transition" args: 7
[LogosObject] RemoteTransportConnection: returning RemoteLogosObject for: "capability_module"
[LogosObject] Created RemoteLogosObject wrapping QRemoteObjectReplica 105553172624352
[LogosObject] LogosAPIConsumer: calling LogosObject::informModuleToken for "storage_module"
LogosAPIConsumer: informModuleToken completed with result: true
[LogosObject] Destroying RemoteLogosObject 0
[2026-10-02 10:56:03.753] [info] [logos] Module loaded: storage_module
RemoteTransportConnection: Connecting to registry: "local:logos_storage_module_56dd275c8a8d" at "10:56:03.754"
RemoteTransportConnection: Registry connect attempt started (no peer contact yet): "local:logos_storage_module_56dd275c8a8d"
RemoteTransportConnection: Connecting to registry: "local:logos_capability_module_56dd275c8a8d" at "10:56:03.754"
RemoteTransportConnection: Registry connect attempt started (no peer contact yet): "local:logos_capability_module_56dd275c8a8d"
LogosAPIConsumer: '"storage_module"::""' deferred pending the module becoming reachable
LogosAPIClient: getToken for module: "modules_state"
LogosAPIClient: Found token for module: "modules_state"
[LogosObject] LogosAPIConsumer: async calling via LogosObject::callMethodAsync "note_transition"
[LogosObject] RemoteLogosObject::callMethodAsync "note_transition" args: 7
Loaded dependency (with transitive deps): "storage_module"
DEV_QML_PATH override active: <repo>/src/qml/Main.qml
RemoteTransportConnection: Connecting to registry: "local:logos_capability_module_56dd275c8a8d" at "10:56:03.754"
RemoteTransportConnection: Registry connect attempt started (no peer contact yet): "local:logos_capability_module_56dd275c8a8d"
LogosAPIConsumer: Informing module token for module: "forum_module" with token: "redacted:57b9f957…"
RemoteTransportConnection: Requesting object: "capability_module" at "10:56:03.754"
[LogosObject] Created RemoteLogosObject wrapping QRemoteObjectReplica 105553172766208
LogosAPIClient: getToken for module: "modules_state"
LogosAPIClient: Found token for module: "modules_state"
[LogosObject] LogosAPIConsumer: async calling via LogosObject::callMethodAsync "note_transition"
[LogosObject] RemoteLogosObject::callMethodAsync "note_transition" args: 7
[LogosObject] RemoteTransportConnection: returning RemoteLogosObject for: "capability_module"
[LogosObject] Created RemoteLogosObject wrapping QRemoteObjectReplica 105553172594752
[LogosObject] LogosAPIConsumer: calling LogosObject::informModuleToken for "forum_module"
LogosAPIConsumer: informModuleToken completed with result: true
[LogosObject] Destroying RemoteLogosObject 0
[2026-10-02 10:56:03.792] [warning] [logos] [capability_module] Warning: QObject::connect: No such signal ::eventResponse(QString,QVariantList)
[2026-10-02 10:56:03.792] [info] [logos] [delivery_module] DeliveryModuleImpl::getNodeInfo called with nodeInfoId: MyPeerId
[2026-10-02 10:56:03.792] [info] [logos] [delivery_module] DeliveryModuleImpl: Cannot get node info - context not initialized. Call createNode first.
[2026-10-02 10:56:03.792] [info] [logos] [delivery_module] DeliveryModuleImpl::createNode called
[2026-10-02 10:56:03.798] [info] [logos] [delivery_module] DeliveryModuleImpl: Waiting for createNode callback...
[2026-10-02 10:56:03.799] [out] [delivery_module] DBG 2026-10-02 10:56:03.799+02:00 Whether to mount storeSync is not specified, defaulting to not mounting topics="waku conf builder" tid=42916228
[2026-10-02 10:56:03.799] [out] [delivery_module] INF 2026-10-02 10:56:03.799+02:00 Sharding configuration:                    topics="waku conf builder" tid=42916228 shardingConf="(kind: AutoSharding, numShardsInCluster: 1)" subscribeShards=@[0]
[2026-10-02 10:56:03.799] [out] [delivery_module] INF 2026-10-02 10:56:03.799+02:00 Configuration: Enabled protocols           topics="waku conf" tid=42916228 relay=true rlnRelay=false store=false filter=false lightPush=false peerExchange=false rendezvous=false
[2026-10-02 10:56:03.799] [out] [delivery_module] INF 2026-10-02 10:56:03.799+02:00 Configuration. Network                     topics="waku conf" tid=42916228 cluster=42
[2026-10-02 10:56:03.799] [out] [delivery_module] DBG 2026-10-02 10:56:03.799+02:00 Configuration. Active Relay Shards         topics="waku conf" tid=42916228 shard=0
[2026-10-02 10:56:03.799] [out] [delivery_module] INF 2026-10-02 10:56:03.799+02:00 Setting up storage                         tid=42916228
[2026-10-02 10:56:03.799] [out] [delivery_module] INF 2026-10-02 10:56:03.799+02:00 Initializing node                          tid=42916228
[2026-10-02 10:56:03.799] [out] [delivery_module] INF 2026-10-02 10:56:03.799+02:00 Initializing networking                    tid=42916228 addrs=@[/ip4/127.0.0.1/tcp/52958]
[2026-10-02 10:56:03.799] [out] [delivery_module] INF 2026-10-02 10:56:03.799+02:00 Mounting protocols                         tid=42916228
[2026-10-02 10:56:03.799] [out] [delivery_module] INF 2026-10-02 10:56:03.799+02:00 Created WakuMetadata protocol              topics="waku node" tid=42916228 clusterId=42 shards="[0]"
[2026-10-02 10:56:03.799] [out] [delivery_module] INF 2026-10-02 10:56:03.799+02:00 Mounting mix protocol                      topics="waku node" tid=42916228INF 2026-10-02 10:56:03.799+02:00 node info                                  topics="waku node" tid=42916228 wakuInfo="(listenAddresses: [/ip4/127.0.0.1/tcp/52958/p2p/16Uiu2HAmJ42g8moKZuLwr2a6LN5xcN8BGdMS4SGRyGAG9EbemLNR], enrUri: enr:-JS4QKhO6fqGidi1x6dBHOM91LMdZBx6Ub4yButt3PPtPV1Hah-unSscaBpJUC4EFIoY2VWlMJG15s7J_syZBRPS8hgBgmlkgnY0gmlwhH8AAAGCcnOFACoBAACJc2VjcDI1NmsxoQNQMWwKBJy3tsGvhmPfW-YdjE_m13-1ZTgF3aO8aGUaNoN0Y3CCzt6Fd2FrdTIh, mixPubKey: none())"
[2026-10-02 10:56:03.799] [out] [delivery_module]  nodeId="(listenAddresses: [/ip4/127.0.0.1/tcp/52958/p2p/16Uiu2HAmJ42g8moKZuLwr2a6LN5xcN8BGdMS4SGRyGAG9EbemLNR], enrUri: enr:-JS4QKhO6fqGidi1x6dBHOM91LMdZBx6Ub4yButt3PPtPV1Hah-unSscaBpJUC4EFIoY2VWlMJG15s7J_syZBRPS8hgBgmlkgnY0gmlwhH8AAAGCcnOFACoBAACJc2VjcDI1NmsxoQNQMWwKBJy3tsGvhmPfW-YdjE_m13-1ZTgF3aO8aGUaNoN0Y3CCzt6Fd2FrdTIh, mixPubKey: none())"
[2026-10-02 10:56:03.799] [out] [delivery_module] INF 2026-10-02 10:56:03.799+02:00 local addr                                 topics="waku node" tid=42916228 localaddr=/ip4/127.0.0.1/tcp/52958
[2026-10-02 10:56:03.799] [out] [delivery_module] INF 2026-10-02 10:56:03.799+02:00 mixPubKey                                  topics="waku node" tid=42916228 mixPubKey="[140, 108, 28, 227, 132, 151, 68, 21, 180, 93, 212, 201, 188, 147, 178, 40, 168, 224, 60, 248, 91, 30, 190, 79, 89, 133, 196, 65, 181, 203, 244, 101]"
[2026-10-02 10:56:03.800] [out] [delivery_module] INF 2026-10-02 10:56:03.800+02:00 Using mix bootstrap nodes                  topics="waku mix" tid=42916228 entries=4 poolSize=4
[2026-10-02 10:56:03.800] [out] [delivery_module] INF 2026-10-02 10:56:03.800+02:00 mounting store client                      topics="waku node store api" tid=42916228
[2026-10-02 10:56:03.800] [out] [delivery_module] INF 2026-10-02 10:56:03.800+02:00 Mounting auto sharding                     topics="waku node" tid=42916228 clusterId=42 shardCount=1
[2026-10-02 10:56:03.800] [out] [delivery_module] DBG 2026-10-02 10:56:03.800+02:00 Shards created from content topics         tid=42916228 contentTopics=[] shards=[]
[2026-10-02 10:56:03.800] [out] [delivery_module] DBG 2026-10-02 10:56:03.800+02:00 Setting max message size                   tid=42916228 num_bytes=153600
[2026-10-02 10:56:03.800] [out] [delivery_module] INF 2026-10-02 10:56:03.800+02:00 mounting relay protocol                    topics="waku node relay api" tid=42916228
[2026-10-02 10:56:03.800] [out] [delivery_module] DBG 2026-10-02 10:56:03.800+02:00 relay mounted successfully                 topics="waku node relay api" tid=42916228
[2026-10-02 10:56:03.800] [out] [delivery_module] DBG 2026-10-02 10:56:03.800+02:00 Adding validator to signed shards          tid=42916228 protectedShards=[] clusterId=42
[2026-10-02 10:56:03.800] [out] [delivery_module] INF 2026-10-02 10:56:03.800+02:00 mounting libp2p ping protocol              topics="waku node ping api" tid=42916228
[2026-10-02 10:56:03.800] [out] [delivery_module] INF 2026-10-02 10:56:03.800+02:00 mounting light push client                 topics="waku node lightpush api" tid=42916228
[2026-10-02 10:56:03.800] [out] [delivery_module] INF 2026-10-02 10:56:03.800+02:00 mounting legacy light push client          topics="waku node lightpush api" tid=42916228
[2026-10-02 10:56:03.800] [out] [delivery_module] DBG 2026-10-02 10:56:03.800+02:00 Adding peer to service slots               topics="waku node peer_manager" tid=42916228 peerId=16U*35ghkN addr=/ip4/127.0.0.1/tcp/52954 service=/vac/waku/lightpush/3.0.0
[2026-10-02 10:56:03.800] [out] [delivery_module] DBG 2026-10-02 10:56:03.800+02:00 Adding peer to service slots               topics="waku node peer_manager" tid=42916228 peerId=16U*35ghkN addr=/ip4/127.0.0.1/tcp/52954 service=/vac/waku/lightpush/2.0.0-beta1
[2026-10-02 10:56:03.800] [out] [delivery_module] INF 2026-10-02 10:56:03.800+02:00 mounting filter client                     topics="waku node filter api" tid=42916228
[2026-10-02 10:56:03.800] [out] [delivery_module] INF 2026-10-02 10:56:03.800+02:00 mounting waku peer exchange client         topics="waku node peerexchange api" tid=42916228
[2026-10-02 10:56:03.800] [out] [delivery_module] INF 2026-10-02 10:56:03.800+02:00 No external callbacks to be set            topics="wakunode waku" tid=42916228
[2026-10-02 10:56:03.800] [out] [delivery_module] INF 2026-10-02 10:56:03.800+02:00 Setting up AutonatService                  topics="libp2p autonatservice" tid=42916228
[2026-10-02 10:56:03.800] [info] [logos] [delivery_module] DeliveryModuleImpl::createNode callback called with ret: 0
[2026-10-02 10:56:03.802] [info] [logos] [delivery_module] DeliveryModuleImpl: Delivery context created successfully
[2026-10-02 10:56:03.802] [info] [logos] [delivery_module] DeliveryModuleImpl::start called
[2026-10-02 10:56:03.802] [out] [delivery_module] INF 2026-10-02 10:56:03.802+02:00 Retrieve dynamic bootstrap nodes           topics="wakunode waku" tid=42916228
[2026-10-02 10:56:03.802] [out] [delivery_module] INF 2026-10-02 10:56:03.802+02:00 Running nwaku node                         tid=42916228 version=v0.39.0-gca2814
[2026-10-02 10:56:03.802] [out] [delivery_module] INF 2026-10-02 10:56:03.802+02:00 Starting Waku node                         topics="waku node" tid=42916228 version=v0.39.0-gca2814
[2026-10-02 10:56:03.802] [out] [delivery_module] DBG 2026-10-02 10:56:03.802+02:00 starting switch for peer                   topics="libp2p switch" tid=42916228 peerInfo="(peerId: 16Uiu2HAmJ42g8moKZuLwr2a6LN5xcN8BGdMS4SGRyGAG9EbemLNR, listenAddrs: [/ip4/127.0.0.1/tcp/52958], addrs: [], protocols: [/ipfs/id/1.0.0, /libp2p/autonat/1.0.0, /libp2p/circuit/relay/0.2.0/hop, /vac/waku/metadata/1.0.0, /mix/1.0.0, /vac/waku/relay/2.0.0, /ipfs/ping/1.0.0, /vac/waku/filter-push/2.0.0-beta1], protoVersion: ipfs/0.1.0, agentVersion: logos-delivery-v0.39.0-gca2814)"
[2026-10-02 10:56:03.802] [info] [logos] [delivery_module] DeliveryModuleImpl::getNodeInfo called with nodeInfoId: MyPeerId
[2026-10-02 10:56:03.802] [out] [delivery_module] DBG 2026-10-02 10:56:03.802+02:00 About to accept incoming connection        topics="libp2p switch" tid=42916228
[2026-10-02 10:56:03.802] [out] [delivery_module] INF 2026-10-02 10:56:03.802+02:00 start                                      topics="waku relay" tid=42916228
[2026-10-02 10:56:03.802] [out] [delivery_module] DBG 2026-10-02 10:56:03.802+02:00 Started libp2p node                        topics="libp2p switch" tid=42916228 peer="(peerId: 16Uiu2HAmJ42g8moKZuLwr2a6LN5xcN8BGdMS4SGRyGAG9EbemLNR, listenAddrs: [/ip4/127.0.0.1/tcp/52958], addrs: [/ip4/127.0.0.1/tcp/52958], protocols: [/ipfs/id/1.0.0, /libp2p/autonat/1.0.0, /libp2p/circuit/relay/0.2.0/hop, /vac/waku/metadata/1.0.0, /mix/1.0.0, /vac/waku/relay/2.0.0, /ipfs/ping/1.0.0, /vac/waku/filter-push/2.0.0-beta1], protoVersion: ipfs/0.1.0, agentVersion: logos-delivery-v0.39.0-gca2814)"
[2026-10-02 10:56:03.803] [out] [delivery_module] INF 2026-10-02 10:56:03.803+02:00 Announced base resolved                    topics="waku node" tid=42916228 addrs=@[/ip4/127.0.0.1/tcp/52958] explicit=@[/ip4/127.0.0.1/tcp/52958]
[2026-10-02 10:56:03.803] [out] [delivery_module] DBG 2026-10-02 10:56:03.803+02:00 ENR addresses updated                      topics="waku enr" tid=42916228 retained=1 total=1
[2026-10-02 10:56:03.803] [out] [delivery_module] INF 2026-10-02 10:56:03.803+02:00 Node started successfully                  topics="waku node" tid=42916228
[2026-10-02 10:56:03.803] [out] [delivery_module] DBG 2026-10-02 10:56:03.803+02:00 Dialing multiple peers                     tid=42916228 numOfPeers=4 nodes="@[\"/ip4/127.0.0.1/tcp/52954/p2p/16Uiu2HAmLERYUYsLN25wSMLjnB9A1wRhoAGRrBzSAt7UBz35ghkN\", \"/ip4/127.0.0.1/tcp/52955/p2p/16Uiu2HAm4yWQB5niaUJ8HHWhn3pAFqyKLZq3nTAVCseH6BnFT21n\", \"/ip4/127.0.0.1/tcp/52956/p2p/16Uiu2HAkzCWdPAB6x8KWseYBtijynvMCqics9ATfFcKJsiAdf8so\", \"/ip4/127.0.0.1/tcp/52957/p2p/16Uiu2HAkyNUeEdLFYHS5G2k2VxCjrmwWkPG5bPXFHVckLNAG9vW5\"]"
[2026-10-02 10:56:03.804] [out] [delivery_module] DBG 2026-10-02 10:56:03.804+02:00 Dialing peer                               topics="libp2p dialer" tid=42916228 peerId=16U*35ghkN addrs="[/ip4/127.0.0.1/tcp/52954]"
[2026-10-02 10:56:03.804] [out] [delivery_module] DBG 2026-10-02 10:56:03.804+02:00 Expanded address and hostname              topics="libp2p dialer" tid=42916228 expandedAddress=/ip4/127.0.0.1/tcp/52954 hostname=127.0.0.1 resolvedAddresses="[/ip4/127.0.0.1/tcp/52954]"
[2026-10-02 10:56:03.804] [out] [delivery_module] DBG 2026-10-02 10:56:03.804+02:00 Dialing peer                               topics="libp2p dialer" tid=42916228 peerId=16U*nFT21n addrs="[/ip4/127.0.0.1/tcp/52955]"
[2026-10-02 10:56:03.804] [out] [delivery_module] DBG 2026-10-02 10:56:03.804+02:00 Expanded address and hostname              topics="libp2p dialer" tid=42916228 expandedAddress=/ip4/127.0.0.1/tcp/52955 hostname=127.0.0.1 resolvedAddresses="[/ip4/127.0.0.1/tcp/52955]"
[2026-10-02 10:56:03.804] [out] [delivery_module] DBG 2026-10-02 10:56:03.804+02:00 Dialing peer                               topics="libp2p dialer" tid=42916228 peerId=16U*Adf8so addrs="[/ip4/127.0.0.1/tcp/52956]"
[2026-10-02 10:56:03.804] [out] [delivery_module] DBG 2026-10-02 10:56:03.804+02:00 Expanded address and hostname              topics="libp2p dialer" tid=42916228 expandedAddress=/ip4/127.0.0.1/tcp/52956 hostname=127.0.0.1 resolvedAddresses="[/ip4/127.0.0.1/tcp/52956]"
[2026-10-02 10:56:03.804] [out] [delivery_module] DBG 2026-10-02 10:56:03.804+02:00 Dialing peer                               topics="libp2p dialer" tid=42916228 peerId=16U*AG9vW5 addrs="[/ip4/127.0.0.1/tcp/52957]"
[2026-10-02 10:56:03.804] [out] [delivery_module] DBG 2026-10-02 10:56:03.804+02:00 Expanded address and hostname              topics="libp2p dialer" tid=42916228 expandedAddress=/ip4/127.0.0.1/tcp/52957 hostname=127.0.0.1 resolvedAddresses="[/ip4/127.0.0.1/tcp/52957]"
[2026-10-02 10:56:03.804] [info] [logos] [delivery_module] DeliveryModuleImpl::subscribe called with contentTopic: /lp0026forum/1/general/text
[2026-10-02 10:56:03.805] [out] [delivery_module] DBG 2026-10-02 10:56:03.805+02:00 Subscribing to pubsub topic                topics="waku relay" tid=42916228 pubsubTopic=/waku/2/rs/42/0
[2026-10-02 10:56:03.805] [info] [logos] [delivery_module] DeliveryModuleImpl: Subscribe completed for topic: /lp0026forum/1/general/text with success
[2026-10-02 10:56:03.805] [out] [delivery_module] DBG 2026-10-02 10:56:03.805+02:00 No mesh peer for the given pubsub topic    topics="waku relay" tid=42916228 pubsubTopic=/waku/2/rs/42/0
[2026-10-02 10:56:03.807] [out] [delivery_module] DBG 2026-10-02 10:56:03.807+02:00 Dial successful                            topics="libp2p dialer" tid=42916228 peerId=16U*Adf8so
[2026-10-02 10:56:03.807] [out] [delivery_module] DBG 2026-10-02 10:56:03.807+02:00 Dial successful                            topics="libp2p dialer" tid=42916228 peerId=16U*nFT21n
[2026-10-02 10:56:03.807] [out] [delivery_module] DBG 2026-10-02 10:56:03.807+02:00 starting sendNonHighPriorityTask           topics="libp2p pubsubpeer" tid=42916228 p=16U*Adf8so
[2026-10-02 10:56:03.807] [out] [delivery_module] DBG 2026-10-02 10:56:03.807+02:00 created new pubsub peer                    topics="libp2p pubsub" tid=42916228 peerId=16U*Adf8so
[2026-10-02 10:56:03.808] [out] [delivery_module] DBG 2026-10-02 10:56:03.808+02:00 no listener registered                     tid=42916230 event=onConnectionChange
[2026-10-02 10:56:03.808] [out] [delivery_module] DBG 2026-10-02 10:56:03.808+02:00 starting sendNonHighPriorityTask           topics="libp2p pubsubpeer" tid=42916228 p=16U*nFT21n
[2026-10-02 10:56:03.808] [out] [delivery_module] DBG 2026-10-02 10:56:03.808+02:00 created new pubsub peer                    topics="libp2p pubsub" tid=42916228 peerId=16U*nFT21n
[2026-10-02 10:56:03.808] [out] [delivery_module] DBG 2026-10-02 10:56:03.808+02:00 no listener registered                     tid=42916230 event=onConnectionChange
[2026-10-02 10:56:03.808] [out] [delivery_module] DBG 2026-10-02 10:56:03.808+02:00 Incoming WakuRelay connection              topics="waku relay" tid=42916228 connection=16U*Adf8so:6abf71a34e25111529b4ac36 protocol=/vac/waku/relay/2.0.0
[2026-10-02 10:56:03.808] [out] [delivery_module] DBG 2026-10-02 10:56:03.808+02:00 starting pubsub read loop                  topics="libp2p pubsubpeer" tid=42916228 stream=16U*Adf8so:6abf71a34e25111529b4ac36 peer=16U*Adf8so closed=false
[2026-10-02 10:56:03.808] [out] [delivery_module] DBG 2026-10-02 10:56:03.808+02:00 identify: info sent                        topics="libp2p identify" tid=42916228 stream=16U*Adf8so:6abf71a34e25111529b4ac37 info="(peerId: 16Uiu2HAmJ42g8moKZuLwr2a6LN5xcN8BGdMS4SGRyGAG9EbemLNR, listenAddrs: [/ip4/127.0.0.1/tcp/52958], addrs: [/ip4/127.0.0.1/tcp/52958], protocols: [/ipfs/id/1.0.0, /libp2p/autonat/1.0.0, /libp2p/circuit/relay/0.2.0/hop, /vac/waku/metadata/1.0.0, /mix/1.0.0, /vac/waku/relay/2.0.0, /ipfs/ping/1.0.0, /vac/waku/filter-push/2.0.0-beta1], protoVersion: ipfs/0.1.0, agentVersion: logos-delivery-v0.39.0-gca2814)"
[2026-10-02 10:56:03.808] [out] [delivery_module] DBG 2026-10-02 10:56:03.808+02:00 Incoming WakuRelay connection              topics="waku relay" tid=42916228 connection=16U*nFT21n:6abf71a34e25111529b4ac38 protocol=/vac/waku/relay/2.0.0
[2026-10-02 10:56:03.808] [out] [delivery_module] DBG 2026-10-02 10:56:03.808+02:00 starting pubsub read loop                  topics="libp2p pubsubpeer" tid=42916228 stream=16U*nFT21n:6abf71a34e25111529b4ac38 peer=16U*nFT21n closed=false
[2026-10-02 10:56:03.808] [out] [delivery_module] DBG 2026-10-02 10:56:03.808+02:00 identify: info sent                        topics="libp2p identify" tid=42916228 stream=16U*nFT21n:6abf71a34e25111529b4ac39 info="(peerId: 16Uiu2HAmJ42g8moKZuLwr2a6LN5xcN8BGdMS4SGRyGAG9EbemLNR, listenAddrs: [/ip4/127.0.0.1/tcp/52958], addrs: [/ip4/127.0.0.1/tcp/52958], protocols: [/ipfs/id/1.0.0, /libp2p/autonat/1.0.0, /libp2p/circuit/relay/0.2.0/hop, /vac/waku/metadata/1.0.0, /mix/1.0.0, /vac/waku/relay/2.0.0, /ipfs/ping/1.0.0, /vac/waku/filter-push/2.0.0-beta1], protoVersion: ipfs/0.1.0, agentVersion: logos-delivery-v0.39.0-gca2814)"
[2026-10-02 10:56:03.808] [out] [delivery_module] DBG 2026-10-02 10:56:03.808+02:00 Dial successful                            topics="libp2p dialer" tid=42916228 peerId=16U*35ghkN
[2026-10-02 10:56:03.808] [out] [delivery_module] DBG 2026-10-02 10:56:03.808+02:00 Dial successful                            topics="libp2p dialer" tid=42916228 peerId=16U*AG9vW5
[2026-10-02 10:56:03.809] [out] [delivery_module] DBG 2026-10-02 10:56:03.808+02:00 starting sendNonHighPriorityTask           topics="libp2p pubsubpeer" tid=42916228 p=16U*35ghkN
[2026-10-02 10:56:03.809] [out] [delivery_module] DBG 2026-10-02 10:56:03.808+02:00 created new pubsub peer                    topics="libp2p pubsub" tid=42916228 peerId=16U*35ghkN
[2026-10-02 10:56:03.809] [out] [delivery_module] DBG 2026-10-02 10:56:03.809+02:00 starting sendNonHighPriorityTask           topics="libp2p pubsubpeer" tid=42916228 p=16U*AG9vW5
[2026-10-02 10:56:03.809] [out] [delivery_module] DBG 2026-10-02 10:56:03.809+02:00 created new pubsub peer                    topics="libp2p pubsub" tid=42916228 peerId=16U*AG9vW5
[2026-10-02 10:56:03.809] [out] [delivery_module] DBG 2026-10-02 10:56:03.809+02:00 no listener registered                     tid=42916230 event=onConnectionChange
[2026-10-02 10:56:03.809] [out] [delivery_module] DBG 2026-10-02 10:56:03.809+02:00 no listener registered                     tid=42916230 event=onConnectionChange
[2026-10-02 10:56:03.809] [out] [delivery_module] DBG 2026-10-02 10:56:03.809+02:00 Incoming WakuRelay connection              topics="waku relay" tid=42916228 connection=16U*35ghkN:6abf71a34e25111529b4ac3e protocol=/vac/waku/relay/2.0.0
[2026-10-02 10:56:03.809] [out] [delivery_module] DBG 2026-10-02 10:56:03.809+02:00 starting pubsub read loop                  topics="libp2p pubsubpeer" tid=42916228 stream=16U*35ghkN:6abf71a34e25111529b4ac3e peer=16U*35ghkN closed=false
[2026-10-02 10:56:03.809] [out] [delivery_module] DBG 2026-10-02 10:56:03.809+02:00 identify: info sent                        topics="libp2p identify" tid=42916228 stream=16U*35ghkN:6abf71a34e25111529b4ac3f info="(peerId: 16Uiu2HAmJ42g8moKZuLwr2a6LN5xcN8BGdMS4SGRyGAG9EbemLNR, listenAddrs: [/ip4/127.0.0.1/tcp/52958], addrs: [/ip4/127.0.0.1/tcp/52958], protocols: [/ipfs/id/1.0.0, /libp2p/autonat/1.0.0, /libp2p/circuit/relay/0.2.0/hop, /vac/waku/metadata/1.0.0, /mix/1.0.0, /vac/waku/relay/2.0.0, /ipfs/ping/1.0.0, /vac/waku/filter-push/2.0.0-beta1], protoVersion: ipfs/0.1.0, agentVersion: logos-delivery-v0.39.0-gca2814)"
[2026-10-02 10:56:03.809] [out] [delivery_module] DBG 2026-10-02 10:56:03.809+02:00 Incoming WakuRelay connection              topics="waku relay" tid=42916228 connection=16U*AG9vW5:6abf71a34e25111529b4ac40 protocol=/vac/waku/relay/2.0.0
[2026-10-02 10:56:03.809] [out] [delivery_module] DBG 2026-10-02 10:56:03.809+02:00 starting pubsub read loop                  topics="libp2p pubsubpeer" tid=42916228 stream=16U*AG9vW5:6abf71a34e25111529b4ac40 peer=16U*AG9vW5 closed=false
[2026-10-02 10:56:03.809] [out] [delivery_module] DBG 2026-10-02 10:56:03.809+02:00 identify: info sent                        topics="libp2p identify" tid=42916228 stream=16U*AG9vW5:6abf71a34e25111529b4ac41 info="(peerId: 16Uiu2HAmJ42g8moKZuLwr2a6LN5xcN8BGdMS4SGRyGAG9EbemLNR, listenAddrs: [/ip4/127.0.0.1/tcp/52958], addrs: [/ip4/127.0.0.1/tcp/52958], protocols: [/ipfs/id/1.0.0, /libp2p/autonat/1.0.0, /libp2p/circuit/relay/0.2.0/hop, /vac/waku/metadata/1.0.0, /mix/1.0.0, /vac/waku/relay/2.0.0, /ipfs/ping/1.0.0, /vac/waku/filter-push/2.0.0-beta1], protoVersion: ipfs/0.1.0, agentVersion: logos-delivery-v0.39.0-gca2814)"
[2026-10-02 10:56:03.810] [out] [delivery_module] DBG 2026-10-02 10:56:03.810+02:00 identify: info received                    topics="libp2p identify" tid=42916228 stream=16U*nFT21n:6abf71a34e25111529b4ac3d pubkey=ok(sec...1014)) addresses=/ip4/127.0.0.1/tcp/52955 protocols=/ipfs/id/1.0.0,/libp2p/autonat/1.0.0,/libp2p/circuit/relay/0.2.0/hop,/vac/waku/metadata/1.0.0,/mix/1.0.0,/vac/waku/relay/2.0.0,/ipfs/ping/1.0.0,/vac/waku/lightpush/3.0.0,/vac/waku/lightpush/2.0.0-beta1,/vac/waku/filter-push/2.0.0-beta1 observable_address=ok(/ip4/127.0.0.1/tcp/53034) proto_version=ipfs/0.1.0 agent_version=logos-delivery-v0.39.0-gca2814 signedPeerRecord=None
[2026-10-02 10:56:03.810] [out] [delivery_module] DBG 2026-10-02 10:56:03.810+02:00 starting pubsub read loop                  topics="libp2p pubsubpeer" tid=42916228 stream=16U*Adf8so:6abf71a34e25111529b4ac3a peer=16U*Adf8so closed=false
[2026-10-02 10:56:03.810] [out] [delivery_module] DBG 2026-10-02 10:56:03.810+02:00 starting pubsub read loop                  topics="libp2p pubsubpeer" tid=42916228 stream=16U*nFT21n:6abf71a34e25111529b4ac3c peer=16U*nFT21n closed=false
[2026-10-02 10:56:03.811] [out] [delivery_module] DBG 2026-10-02 10:56:03.810+02:00 Event identified                           topics="waku node peer_manager" tid=42916228 peerId=16U*nFT21n
[2026-10-02 10:56:03.811] [out] [delivery_module] DBG 2026-10-02 10:56:03.810+02:00 identify: info received                    topics="libp2p identify" tid=42916228 stream=16U*Adf8so:6abf71a34e25111529b4ac3b pubkey=ok(sec...ecda)) addresses=/ip4/127.0.0.1/tcp/52956 protocols=/ipfs/id/1.0.0,/libp2p/autonat/1.0.0,/libp2p/circuit/relay/0.2.0/hop,/vac/waku/metadata/1.0.0,/mix/1.0.0,/vac/waku/relay/2.0.0,/ipfs/ping/1.0.0,/vac/waku/lightpush/3.0.0,/vac/waku/lightpush/2.0.0-beta1,/vac/waku/filter-push/2.0.0-beta1 observable_address=ok(/ip4/127.0.0.1/tcp/53035) proto_version=ipfs/0.1.0 agent_version=logos-delivery-v0.39.0-gca2814 signedPeerRecord=None
[2026-10-02 10:56:03.811] [out] [delivery_module] DBG 2026-10-02 10:56:03.811+02:00 no listener registered                     tid=42916230 event=onConnectionChange
[2026-10-02 10:56:03.811] [out] [delivery_module] DBG 2026-10-02 10:56:03.811+02:00 Event identified                           topics="waku node peer_manager" tid=42916228 peerId=16U*Adf8so
[2026-10-02 10:56:03.811] [out] [delivery_module] DBG 2026-10-02 10:56:03.811+02:00 no listener registered                     tid=42916230 event=onConnectionChange
[2026-10-02 10:56:03.812] [out] [delivery_module] DBG 2026-10-02 10:56:03.812+02:00 identify: info received                    topics="libp2p identify" tid=42916228 stream=16U*AG9vW5:6abf71a34e25111529b4ac45 pubkey=ok(sec...7690)) addresses=/ip4/127.0.0.1/tcp/52957 protocols=/ipfs/id/1.0.0,/libp2p/autonat/1.0.0,/libp2p/circuit/relay/0.2.0/hop,/vac/waku/metadata/1.0.0,/mix/1.0.0,/vac/waku/relay/2.0.0,/ipfs/ping/1.0.0,/vac/waku/lightpush/3.0.0,/vac/waku/lightpush/2.0.0-beta1,/vac/waku/filter-push/2.0.0-beta1 observable_address=ok(/ip4/127.0.0.1/tcp/53036) proto_version=ipfs/0.1.0 agent_version=logos-delivery-v0.39.0-gca2814 signedPeerRecord=None
[2026-10-02 10:56:03.812] [out] [delivery_module] DBG 2026-10-02 10:56:03.812+02:00 starting pubsub read loop                  topics="libp2p pubsubpeer" tid=42916228 stream=16U*AG9vW5:6abf71a34e25111529b4ac44 peer=16U*AG9vW5 closed=false
[2026-10-02 10:56:03.812] [out] [delivery_module] DBG 2026-10-02 10:56:03.812+02:00 identify: info received                    topics="libp2p identify" tid=42916228 stream=16U*35ghkN:6abf71a34e25111529b4ac43 pubkey=ok(sec...083f)) addresses=/ip4/127.0.0.1/tcp/52954 protocols=/ipfs/id/1.0.0,/libp2p/autonat/1.0.0,/libp2p/circuit/relay/0.2.0/hop,/vac/waku/metadata/1.0.0,/mix/1.0.0,/vac/waku/relay/2.0.0,/ipfs/ping/1.0.0,/vac/waku/lightpush/3.0.0,/vac/waku/lightpush/2.0.0-beta1,/vac/waku/filter-push/2.0.0-beta1 observable_address=ok(/ip4/127.0.0.1/tcp/53033) proto_version=ipfs/0.1.0 agent_version=logos-delivery-v0.39.0-gca2814 signedPeerRecord=None
[2026-10-02 10:56:03.812] [out] [delivery_module] DBG 2026-10-02 10:56:03.812+02:00 Event identified                           topics="waku node peer_manager" tid=42916228 peerId=16U*AG9vW5
[2026-10-02 10:56:03.812] [out] [delivery_module] DBG 2026-10-02 10:56:03.812+02:00 no listener registered                     tid=42916230 event=onConnectionChange
[2026-10-02 10:56:03.813] [out] [delivery_module] DBG 2026-10-02 10:56:03.812+02:00 starting pubsub read loop                  topics="libp2p pubsubpeer" tid=42916228 stream=16U*35ghkN:6abf71a34e25111529b4ac42 peer=16U*35ghkN closed=false
[2026-10-02 10:56:03.813] [out] [delivery_module] DBG 2026-10-02 10:56:03.813+02:00 Event identified                           topics="waku node peer_manager" tid=42916228 peerId=16U*35ghkN
[2026-10-02 10:56:03.813] [out] [delivery_module] DBG 2026-10-02 10:56:03.813+02:00 no listener registered                     tid=42916230 event=onConnectionChange
[2026-10-02 10:56:03.813] [out] [delivery_module] DBG 2026-10-02 10:56:03.813+02:00 Received WakuMetadata request              topics="waku metadata" tid=42916228 remoteClusterId=ok(42) remoteShards="[0]" localClusterId=42 localShards="[0]" peer=16U*Adf8so
[2026-10-02 10:56:03.814] [out] [delivery_module] DBG 2026-10-02 10:56:03.814+02:00 Received WakuMetadata request              topics="waku metadata" tid=42916228 remoteClusterId=ok(42) remoteShards="[0]" localClusterId=42 localShards="[0]" peer=16U*nFT21n
[2026-10-02 10:56:03.814] [out] [delivery_module] DBG 2026-10-02 10:56:03.814+02:00 Received WakuMetadata request              topics="waku metadata" tid=42916228 remoteClusterId=ok(42) remoteShards="[0]" localClusterId=42 localShards="[0]" peer=16U*35ghkN
[2026-10-02 10:56:03.814] [out] [delivery_module] DBG 2026-10-02 10:56:03.814+02:00 no listener registered                     tid=42916230 event=onConnectionChange
[2026-10-02 10:56:03.814] [out] [delivery_module] DBG 2026-10-02 10:56:03.814+02:00 Received WakuMetadata request              topics="waku metadata" tid=42916228 remoteClusterId=ok(42) remoteShards="[0]" localClusterId=42 localShards="[0]" peer=16U*AG9vW5
[2026-10-02 10:56:03.814] [out] [delivery_module] DBG 2026-10-02 10:56:03.814+02:00 no listener registered                     tid=42916230 event=onConnectionChange
[2026-10-02 10:56:03.815] [out] [delivery_module] DBG 2026-10-02 10:56:03.815+02:00 no listener registered                     tid=42916230 event=onConnectionChange
[2026-10-02 10:56:03.815] [out] [delivery_module] DBG 2026-10-02 10:56:03.815+02:00 no listener registered                     tid=42916230 event=onConnectionChange
[2026-10-02 10:56:03.815] [out] [delivery_module] DBG 2026-10-02 10:56:03.815+02:00 Finished dialing multiple peers            tid=42916228 successfulConns=4 attempted=4
[2026-10-02 10:56:03.815] [out] [delivery_module] DBG 2026-10-02 10:56:03.815+02:00 Starting peer exchange loop                topics="waku node peerexchange api" tid=42916228
[2026-10-02 10:56:03.815] [out] [delivery_module] DBG 2026-10-02 10:56:03.815+02:00 Retrieving peer info via peer exchange protocol topics="waku node peerexchange api" tid=42916228 amount=5
[2026-10-02 10:56:03.815] [out] [delivery_module] DBG 2026-10-02 10:56:03.815+02:00 Peer exchange request could not be made as no peer exchange peers found topics="waku peer_exchange client" tid=42916228
[2026-10-02 10:56:03.815] [out] [delivery_module] DBG 2026-10-02 10:56:03.815+02:00 Failed to retrieve peer info via peer exchange protocol topics="waku node peerexchange api" tid=42916228 error="(status_code: SERVICE_UNAVAILABLE, status_desc: ok(peer_not_found_failure))"
[2026-10-02 10:56:03.815] [out] [delivery_module] DBG 2026-10-02 10:56:03.815+02:00 Cannot fetch peers from peer exchange      topics="waku node peerexchange api" tid=42916228 cause="(status_code: SERVICE_UNAVAILABLE, status_desc: ok(peer_not_found_failure))"
[2026-10-02 10:56:03.816] [out] [delivery_module] INF 2026-10-02 10:56:03.816+02:00 Relay peer connections                     topics="waku node peer_manager" tid=42916228 inRelayConns=0/50 outRelayConns=4/25 totalConnections=4/150 notConnectedPeers=0 outsideBackoffPeers=0
[2026-10-02 10:56:03.816] [out] [delivery_module] DBG 2026-10-02 10:56:03.816+02:00 ENR addresses updated                      topics="waku enr" tid=42916228 retained=1 total=1
[2026-10-02 10:56:03.816] [out] [delivery_module] INF 2026-10-02 10:56:03.816+02:00 Node is online                             topics="waku online monitor" tid=42916228
[2026-10-02 10:56:03.816] [out] [delivery_module] INF 2026-10-02 10:56:03.816+02:00 Health monitor loop start                  tid=42916228
[2026-10-02 10:56:03.816] [out] [delivery_module] DBG 2026-10-02 10:56:03.816+02:00 calculateConnectionState                   tid=42916228 relayCount=4 storeClientCount=0 lightpushCount=4 filterCount=0
[2026-10-02 10:56:03.816] [out] [delivery_module] DBG 2026-10-02 10:56:03.816+02:00 connectionStatus change                    tid=42916228 oldstatus=Disconnected newstatus=Connected
[2026-10-02 10:56:03.816] [out] [delivery_module] INF 2026-10-02 10:56:03.816+02:00 starting keepalive                         tid=42916228 randomPeersKeepalive=10s allPeersKeepalive=2m
Loaded UI plugin: "/nix/store/afa18c4h3px2x20x2jfdmj8rprizfx0m-logos-forum_module-plugin-dir"
[QmlInspector] Inspector server listening on port 3768
[QmlInspector] Client connected from "::1"
file://<repo>/src/qml/Main.qml:11: TypeError: Cannot call method 'module' of null
[QmlInspector] Client disconnected
