run-logos-standalone-ui: hot-reloading QML from <repo>/src/qml
  (export DEV_QML_PATH to override, or LOGOS_QML_HOT_RELOAD=0 to disable)
Session directory: "~/Library/Application Support/Logos/LogosStandalone"
[2026-10-06 15:49:43.942] [info] [logos] Granting host services to 'capability_module': token_registry,token_delivery
[2026-10-06 15:49:43.969] [out] [capability_module] [2026-10-06 15:49:43.969] [info] Granting host services to capability_module: ["token_registry","token_delivery"]
RemoteTransportConnection: Connecting to registry: "local:logos_capability_module_8e01966911b3" at "15:49:43.970"
RemoteTransportConnection: Registry connect attempt started (no peer contact yet): "local:logos_capability_module_8e01966911b3"
LogosAPIConsumer: Informing module token for module: "capability_module" with token: "redacted:fee9e49b…"
RemoteTransportConnection: Requesting object: "capability_module" at "15:49:43.970"
[LogosObject] RemoteTransportConnection: returning RemoteLogosObject for: "capability_module"
[LogosObject] Created RemoteLogosObject wrapping QRemoteObjectReplica 105553147942368
[LogosObject] LogosAPIConsumer: calling LogosObject::informModuleToken for "capability_module"
LogosAPIConsumer: informModuleToken completed with result: true
[LogosObject] Destroying RemoteLogosObject 0
[2026-10-06 15:49:43.991] [info] [logos] Module loaded: capability_module
LogosAPIConsumer: Informing module token for module: "modules_state" with token: "redacted:2b75d807…"
RemoteTransportConnection: Requesting object: "capability_module" at "15:49:44.019"
[LogosObject] RemoteTransportConnection: returning RemoteLogosObject for: "capability_module"
[LogosObject] Created RemoteLogosObject wrapping QRemoteObjectReplica 105553147963616
[LogosObject] LogosAPIConsumer: calling LogosObject::informModuleToken for "modules_state"
LogosAPIConsumer: informModuleToken completed with result: true
[LogosObject] Destroying RemoteLogosObject 0
[2026-10-06 15:49:44.019] [info] [logos] Module loaded: modules_state
RemoteTransportConnection: Connecting to registry: "local:logos_modules_state_8e01966911b3" at "15:49:44.019"
RemoteTransportConnection: Registry connect attempt started (no peer contact yet): "local:logos_modules_state_8e01966911b3"
RemoteTransportConnection: Connecting to registry: "local:logos_capability_module_8e01966911b3" at "15:49:44.019"
RemoteTransportConnection: Registry connect attempt started (no peer contact yet): "local:logos_capability_module_8e01966911b3"
LogosAPIConsumer: '"modules_state"::""' deferred pending the module becoming reachable
LogosAPIConsumer: '"modules_state"::""' deferred pending the module becoming reachable
Logos Core started (modules dir: "/nix/store/4v2cj5cr5dlsjb9cl0blr0cds0qf07iv-logos-forum_module-plugin-dir-modules" )
Set app icon from metadata: "/nix/store/d01fxsi41n0jpyzjy5wbcx8yg3ww2bjj-logos-forum_module-plugin-dir/src/icons/icon.png"
[2026-10-06 15:49:44.056] [info] [logos] [delivery_module] DeliveryModuleImpl: Initializing...
LogosAPIConsumer: Informing module token for module: "delivery_module" with token: "redacted:205405a7…"
RemoteTransportConnection: Requesting object: "capability_module" at "15:49:44.057"
[LogosObject] RemoteTransportConnection: returning RemoteLogosObject for: "capability_module"
[LogosObject] Created RemoteLogosObject wrapping QRemoteObjectReplica 105553148002816
[LogosObject] LogosAPIConsumer: calling LogosObject::informModuleToken for "delivery_module"
LogosAPIConsumer: informModuleToken completed with result: true
[LogosObject] Destroying RemoteLogosObject 0
[2026-10-06 15:49:44.057] [info] [logos] Module loaded: delivery_module
RemoteTransportConnection: Connecting to registry: "local:logos_delivery_module_8e01966911b3" at "15:49:44.058"
RemoteTransportConnection: Registry connect attempt started (no peer contact yet): "local:logos_delivery_module_8e01966911b3"
RemoteTransportConnection: Connecting to registry: "local:logos_capability_module_8e01966911b3" at "15:49:44.058"
RemoteTransportConnection: Registry connect attempt started (no peer contact yet): "local:logos_capability_module_8e01966911b3"
LogosAPIConsumer: '"delivery_module"::""' deferred pending the module becoming reachable
LogosAPIClient: getToken for module: "modules_state"
LogosAPIClient: Found token for module: "modules_state"
RemoteTransportConnection: Requesting object: "modules_state" at "15:49:44.058"
[LogosObject] RemoteTransportConnection: returning RemoteLogosObject for: "modules_state"
[LogosObject] Created RemoteLogosObject wrapping QRemoteObjectReplica 105553147983360
[LogosObject] LogosAPIConsumer: async calling via LogosObject::callMethodAsync "note_transition"
[LogosObject] RemoteLogosObject::callMethodAsync "note_transition" args: 7
LogosAPIClient: getToken for module: "modules_state"
LogosAPIClient: Found token for module: "modules_state"
[LogosObject] LogosAPIConsumer: async calling via LogosObject::callMethodAsync "note_transition"
[LogosObject] RemoteLogosObject::callMethodAsync "note_transition" args: 7
Loaded dependency (with transitive deps): "delivery_module"
[2026-10-06 15:49:44.087] [info] [logos] [storage_module] StorageModuleImpl: Initializing...
LogosAPIConsumer: Informing module token for module: "storage_module" with token: "redacted:f1e1c032…"
RemoteTransportConnection: Requesting object: "capability_module" at "15:49:44.088"
[LogosObject] Created RemoteLogosObject wrapping QRemoteObjectReplica 105553147805632
LogosAPIClient: invoking remote method "modules_state" "apply_snapshot" args_count: 1
LogosAPIClient: getToken for module: "modules_state"
LogosAPIClient: Found token for module: "modules_state"
LogosAPIConsumer: Calling invokeRemoteMethod: "modules_state" "apply_snapshot" args_count: 1 timeout: 20000
[LogosObject] LogosAPIConsumer: calling via LogosObject::callMethod "apply_snapshot"
[LogosObject] RemoteLogosObject::callMethod "apply_snapshot" args: 1
[LogosObject] Created RemoteLogosObject wrapping QRemoteObjectReplica 105553147983168
LogosAPIClient: getToken for module: "modules_state"
LogosAPIClient: Found token for module: "modules_state"
[LogosObject] LogosAPIConsumer: async calling via LogosObject::callMethodAsync "note_transition"
[LogosObject] RemoteLogosObject::callMethodAsync "note_transition" args: 7
LogosAPIClient: getToken for module: "modules_state"
LogosAPIClient: Found token for module: "modules_state"
[LogosObject] LogosAPIConsumer: async calling via LogosObject::callMethodAsync "note_transition"
[LogosObject] RemoteLogosObject::callMethodAsync "note_transition" args: 7
[2026-10-06 15:49:44.092] [info] [logos] Pushed module snapshot to modules_state
LogosAPIClient: getToken for module: "modules_state"
LogosAPIClient: Found token for module: "modules_state"
[LogosObject] LogosAPIConsumer: async calling via LogosObject::callMethodAsync "note_transition"
[LogosObject] RemoteLogosObject::callMethodAsync "note_transition" args: 7
[LogosObject] RemoteTransportConnection: returning RemoteLogosObject for: "capability_module"
[LogosObject] Created RemoteLogosObject wrapping QRemoteObjectReplica 105553147924480
[LogosObject] LogosAPIConsumer: calling LogosObject::informModuleToken for "storage_module"
LogosAPIConsumer: informModuleToken completed with result: true
[LogosObject] Destroying RemoteLogosObject 0
[2026-10-06 15:49:44.092] [info] [logos] Module loaded: storage_module
RemoteTransportConnection: Connecting to registry: "local:logos_storage_module_8e01966911b3" at "15:49:44.092"
RemoteTransportConnection: Registry connect attempt started (no peer contact yet): "local:logos_storage_module_8e01966911b3"
RemoteTransportConnection: Connecting to registry: "local:logos_capability_module_8e01966911b3" at "15:49:44.092"
RemoteTransportConnection: Registry connect attempt started (no peer contact yet): "local:logos_capability_module_8e01966911b3"
LogosAPIConsumer: '"storage_module"::""' deferred pending the module becoming reachable
LogosAPIClient: getToken for module: "modules_state"
LogosAPIClient: Found token for module: "modules_state"
[LogosObject] LogosAPIConsumer: async calling via LogosObject::callMethodAsync "note_transition"
[LogosObject] RemoteLogosObject::callMethodAsync "note_transition" args: 7
Loaded dependency (with transitive deps): "storage_module"
DEV_QML_PATH override active: <repo>/src/qml/Main.qml
RemoteTransportConnection: Connecting to registry: "local:logos_capability_module_8e01966911b3" at "15:49:44.093"
RemoteTransportConnection: Registry connect attempt started (no peer contact yet): "local:logos_capability_module_8e01966911b3"
LogosAPIConsumer: Informing module token for module: "forum_module" with token: "redacted:74d01489…"
RemoteTransportConnection: Requesting object: "capability_module" at "15:49:44.093"
[LogosObject] RemoteTransportConnection: returning RemoteLogosObject for: "capability_module"
[LogosObject] Created RemoteLogosObject wrapping QRemoteObjectReplica 105553148005152
[LogosObject] LogosAPIConsumer: calling LogosObject::informModuleToken for "forum_module"
[LogosObject] Created RemoteLogosObject wrapping QRemoteObjectReplica 105553148004192
LogosAPIClient: getToken for module: "modules_state"
LogosAPIClient: Found token for module: "modules_state"
[LogosObject] LogosAPIConsumer: async calling via LogosObject::callMethodAsync "note_transition"
[LogosObject] RemoteLogosObject::callMethodAsync "note_transition" args: 7
LogosAPIConsumer: informModuleToken completed with result: true
[LogosObject] Destroying RemoteLogosObject 0
Loaded UI plugin: "/nix/store/d01fxsi41n0jpyzjy5wbcx8yg3ww2bjj-logos-forum_module-plugin-dir"
[QmlInspector] Inspector server listening on port 3769
[QmlInspector] Client connected from "::1"
[2026-10-06 15:49:51.888] [warning] [logos] [capability_module] Warning: QObject::connect: No such signal ::eventResponse(QString,QVariantList)
[2026-10-06 15:49:51.888] [info] [logos] [storage_module] StorageModuleImpl::init called
[2026-10-06 15:49:51.890] [out] [storage_module] WRN 2026-10-06 15:49:51.890+02:00 Data directory has insecure permissions. Correcting them. tid=17686081 data_dir=~/.local/share/lp0026-forum-dev/m7-storage/b-storage current_permissions=0755 required_permissions=0700
[2026-10-06 15:49:51.890] [out] [storage_module] INF 2026-10-06 15:49:51.890+02:00 Creating a private key and saving it       tid=17686081
[2026-10-06 15:49:51.890] [out] [storage_module] WRN 2026-10-06 15:49:51.890+02:00 Node has been marked with --no-bootstrap-node and will NOT be bootstrapped topics="libstorage libstoragelifecycle" tid=17686081
[2026-10-06 15:49:51.891] [out] [storage_module] INF 2026-10-06 15:49:51.891+02:00 Threadpool started                         topics="libstorage libstoragelifecycle" tid=17686081 numThreads=12
[2026-10-06 15:49:51.892] [info] [logos] [storage_module] StorageModuleImpl::start called
[2026-10-06 15:49:51.892] [out] [storage_module] WRN 2026-10-06 15:49:51.892+02:00 No key for a QueryResponse                 topics="storage repostore" tid=17686081
[2026-10-06 15:49:51.893] [out] [storage_module] NTC 2026-10-06 15:49:51.893+02:00 Started Storage node                       topics="storage node" tid=17686081 id=16U*oAptU7 addrs="[/ip4/127.0.0.1/tcp/8572]"
[2026-10-06 15:50:19.172] [out] [storage_module] ERR 2026-10-06 15:50:19.172+02:00 Failed to MANIFEST.                        topics="libstorage libstoragedownload" tid=17686081 error="Failed to fetch manifest: Failed to fetch manifest zDvZRwzm83isrU9SHq7DTdpTmaStWwnNFLqjwMP2ipFzQ3V3kGpA after 10 attempts: Key doesn't exist"
[2026-10-06 15:50:19.172] [info] [logos] [storage_module] StorageModuleImpl::downloadChunksInternal: failed to get manifest for zDvZRwzm83isrU9SHq7DTdpTmaStWwnNFLqjwMP2ipFzQ3V3kGpA
qt.qpa.fonts: Populating font family aliases took 48 ms. Replace uses of missing font family "Monospace" with one that exists to avoid this cost. 
[QmlInspector] Client disconnected
