run-logos-standalone-ui: hot-reloading QML from <repo>/src/qml
  (export DEV_QML_PATH to override, or LOGOS_QML_HOT_RELOAD=0 to disable)
Session directory: "~/Library/Application Support/Logos/LogosStandalone"
[2026-10-06 15:19:15.014] [info] [logos] Granting host services to 'capability_module': token_registry,token_delivery
[2026-10-06 15:19:15.040] [out] [capability_module] [2026-10-06 15:19:15.039] [info] Granting host services to capability_module: ["token_registry","token_delivery"]
RemoteTransportConnection: Connecting to registry: "local:logos_capability_module_4a843fdcd8e2" at "15:19:15.040"
RemoteTransportConnection: Registry connect attempt started (no peer contact yet): "local:logos_capability_module_4a843fdcd8e2"
LogosAPIConsumer: Informing module token for module: "capability_module" with token: "redacted:849dc765…"
RemoteTransportConnection: Requesting object: "capability_module" at "15:19:15.041"
[LogosObject] RemoteTransportConnection: returning RemoteLogosObject for: "capability_module"
[LogosObject] Created RemoteLogosObject wrapping QRemoteObjectReplica 105553120715296
[LogosObject] LogosAPIConsumer: calling LogosObject::informModuleToken for "capability_module"
LogosAPIConsumer: informModuleToken completed with result: true
[LogosObject] Destroying RemoteLogosObject 0
[2026-10-06 15:19:15.060] [info] [logos] Module loaded: capability_module
LogosAPIConsumer: Informing module token for module: "modules_state" with token: "redacted:e18b1182…"
RemoteTransportConnection: Requesting object: "capability_module" at "15:19:15.086"
[LogosObject] RemoteTransportConnection: returning RemoteLogosObject for: "capability_module"
[LogosObject] Created RemoteLogosObject wrapping QRemoteObjectReplica 105553120726976
[LogosObject] LogosAPIConsumer: calling LogosObject::informModuleToken for "modules_state"
LogosAPIConsumer: informModuleToken completed with result: true
[LogosObject] Destroying RemoteLogosObject 0
[2026-10-06 15:19:15.086] [info] [logos] Module loaded: modules_state
RemoteTransportConnection: Connecting to registry: "local:logos_modules_state_4a843fdcd8e2" at "15:19:15.087"
RemoteTransportConnection: Registry connect attempt started (no peer contact yet): "local:logos_modules_state_4a843fdcd8e2"
RemoteTransportConnection: Connecting to registry: "local:logos_capability_module_4a843fdcd8e2" at "15:19:15.087"
RemoteTransportConnection: Registry connect attempt started (no peer contact yet): "local:logos_capability_module_4a843fdcd8e2"
LogosAPIConsumer: '"modules_state"::""' deferred pending the module becoming reachable
LogosAPIConsumer: '"modules_state"::""' deferred pending the module becoming reachable
Logos Core started (modules dir: "/nix/store/4v2cj5cr5dlsjb9cl0blr0cds0qf07iv-logos-forum_module-plugin-dir-modules" )
Set app icon from metadata: "/nix/store/agx6s2sv529a79k6ic56nwp05smklvis-logos-forum_module-plugin-dir/src/icons/icon.png"
[2026-10-06 15:19:15.124] [info] [logos] [delivery_module] DeliveryModuleImpl: Initializing...
LogosAPIConsumer: Informing module token for module: "delivery_module" with token: "redacted:e68d81a2…"
RemoteTransportConnection: Requesting object: "capability_module" at "15:19:15.125"
[LogosObject] RemoteTransportConnection: returning RemoteLogosObject for: "capability_module"
[LogosObject] Created RemoteLogosObject wrapping QRemoteObjectReplica 105553120674240
[LogosObject] LogosAPIConsumer: calling LogosObject::informModuleToken for "delivery_module"
LogosAPIConsumer: informModuleToken completed with result: true
[LogosObject] Destroying RemoteLogosObject 0
[2026-10-06 15:19:15.125] [info] [logos] Module loaded: delivery_module
RemoteTransportConnection: Connecting to registry: "local:logos_delivery_module_4a843fdcd8e2" at "15:19:15.125"
RemoteTransportConnection: Registry connect attempt started (no peer contact yet): "local:logos_delivery_module_4a843fdcd8e2"
RemoteTransportConnection: Connecting to registry: "local:logos_capability_module_4a843fdcd8e2" at "15:19:15.125"
RemoteTransportConnection: Registry connect attempt started (no peer contact yet): "local:logos_capability_module_4a843fdcd8e2"
LogosAPIConsumer: '"delivery_module"::""' deferred pending the module becoming reachable
LogosAPIClient: getToken for module: "modules_state"
LogosAPIClient: Found token for module: "modules_state"
RemoteTransportConnection: Requesting object: "modules_state" at "15:19:15.125"
[LogosObject] RemoteTransportConnection: returning RemoteLogosObject for: "modules_state"
[LogosObject] Created RemoteLogosObject wrapping QRemoteObjectReplica 105553120730688
[LogosObject] LogosAPIConsumer: async calling via LogosObject::callMethodAsync "note_transition"
[LogosObject] RemoteLogosObject::callMethodAsync "note_transition" args: 7
LogosAPIClient: getToken for module: "modules_state"
LogosAPIClient: Found token for module: "modules_state"
[LogosObject] LogosAPIConsumer: async calling via LogosObject::callMethodAsync "note_transition"
[LogosObject] RemoteLogosObject::callMethodAsync "note_transition" args: 7
Loaded dependency (with transitive deps): "delivery_module"
[2026-10-06 15:19:15.150] [info] [logos] [storage_module] StorageModuleImpl: Initializing...
LogosAPIConsumer: Informing module token for module: "storage_module" with token: "redacted:6a89fb8e…"
RemoteTransportConnection: Requesting object: "capability_module" at "15:19:15.151"
[LogosObject] Created RemoteLogosObject wrapping QRemoteObjectReplica 105553120853408
LogosAPIClient: invoking remote method "modules_state" "apply_snapshot" args_count: 1
LogosAPIClient: getToken for module: "modules_state"
LogosAPIClient: Found token for module: "modules_state"
LogosAPIConsumer: Calling invokeRemoteMethod: "modules_state" "apply_snapshot" args_count: 1 timeout: 20000
[LogosObject] LogosAPIConsumer: calling via LogosObject::callMethod "apply_snapshot"
[LogosObject] RemoteLogosObject::callMethod "apply_snapshot" args: 1
[LogosObject] Created RemoteLogosObject wrapping QRemoteObjectReplica 105553120730016
LogosAPIClient: getToken for module: "modules_state"
LogosAPIClient: Found token for module: "modules_state"
[LogosObject] LogosAPIConsumer: async calling via LogosObject::callMethodAsync "note_transition"
[LogosObject] RemoteLogosObject::callMethodAsync "note_transition" args: 7
LogosAPIClient: getToken for module: "modules_state"
LogosAPIClient: Found token for module: "modules_state"
[LogosObject] LogosAPIConsumer: async calling via LogosObject::callMethodAsync "note_transition"
[LogosObject] RemoteLogosObject::callMethodAsync "note_transition" args: 7
[2026-10-06 15:19:15.151] [info] [logos] Pushed module snapshot to modules_state
LogosAPIClient: getToken for module: "modules_state"
LogosAPIClient: Found token for module: "modules_state"
[LogosObject] LogosAPIConsumer: async calling via LogosObject::callMethodAsync "note_transition"
[LogosObject] RemoteLogosObject::callMethodAsync "note_transition" args: 7
[LogosObject] RemoteTransportConnection: returning RemoteLogosObject for: "capability_module"
[LogosObject] Created RemoteLogosObject wrapping QRemoteObjectReplica 105553120674368
[LogosObject] LogosAPIConsumer: calling LogosObject::informModuleToken for "storage_module"
LogosAPIConsumer: informModuleToken completed with result: true
[LogosObject] Destroying RemoteLogosObject 0
[2026-10-06 15:19:15.152] [info] [logos] Module loaded: storage_module
RemoteTransportConnection: Connecting to registry: "local:logos_storage_module_4a843fdcd8e2" at "15:19:15.152"
RemoteTransportConnection: Registry connect attempt started (no peer contact yet): "local:logos_storage_module_4a843fdcd8e2"
RemoteTransportConnection: Connecting to registry: "local:logos_capability_module_4a843fdcd8e2" at "15:19:15.152"
RemoteTransportConnection: Registry connect attempt started (no peer contact yet): "local:logos_capability_module_4a843fdcd8e2"
LogosAPIConsumer: '"storage_module"::""' deferred pending the module becoming reachable
LogosAPIClient: getToken for module: "modules_state"
LogosAPIClient: Found token for module: "modules_state"
[LogosObject] LogosAPIConsumer: async calling via LogosObject::callMethodAsync "note_transition"
[LogosObject] RemoteLogosObject::callMethodAsync "note_transition" args: 7
Loaded dependency (with transitive deps): "storage_module"
DEV_QML_PATH override active: <repo>/src/qml/Main.qml
RemoteTransportConnection: Connecting to registry: "local:logos_capability_module_4a843fdcd8e2" at "15:19:15.152"
RemoteTransportConnection: Registry connect attempt started (no peer contact yet): "local:logos_capability_module_4a843fdcd8e2"
LogosAPIConsumer: Informing module token for module: "forum_module" with token: "redacted:8a8671d9…"
RemoteTransportConnection: Requesting object: "capability_module" at "15:19:15.152"
[LogosObject] RemoteTransportConnection: returning RemoteLogosObject for: "capability_module"
[LogosObject] Created RemoteLogosObject wrapping QRemoteObjectReplica 105553120732928
[LogosObject] LogosAPIConsumer: calling LogosObject::informModuleToken for "forum_module"
[LogosObject] Created RemoteLogosObject wrapping QRemoteObjectReplica 105553120731936
LogosAPIClient: getToken for module: "modules_state"
LogosAPIClient: Found token for module: "modules_state"
[LogosObject] LogosAPIConsumer: async calling via LogosObject::callMethodAsync "note_transition"
[LogosObject] RemoteLogosObject::callMethodAsync "note_transition" args: 7
LogosAPIConsumer: informModuleToken completed with result: true
[LogosObject] Destroying RemoteLogosObject 0
Loaded UI plugin: "/nix/store/agx6s2sv529a79k6ic56nwp05smklvis-logos-forum_module-plugin-dir"
[QmlInspector] Inspector server listening on port 3769
[QmlInspector] Client connected from "::1"
[2026-10-06 15:19:22.950] [warning] [logos] [capability_module] Warning: QObject::connect: No such signal ::eventResponse(QString,QVariantList)
[2026-10-06 15:19:22.951] [info] [logos] [storage_module] StorageModuleImpl::init called
[2026-10-06 15:19:22.952] [out] [storage_module] WRN 2026-10-06 15:19:22.952+02:00 Data directory has insecure permissions. Correcting them. tid=17480066 data_dir=~/.local/share/lp0026-forum-dev/m7-storage/b-storage current_permissions=0755 required_permissions=0700
[2026-10-06 15:19:22.952] [out] [storage_module] INF 2026-10-06 15:19:22.952+02:00 Creating a private key and saving it       tid=17480066
[2026-10-06 15:19:22.952] [out] [storage_module] WRN 2026-10-06 15:19:22.952+02:00 Node has been marked with --no-bootstrap-node and will NOT be bootstrapped topics="libstorage libstoragelifecycle" tid=17480066
[2026-10-06 15:19:22.953] [out] [storage_module] INF 2026-10-06 15:19:22.953+02:00 Threadpool started                         topics="libstorage libstoragelifecycle" tid=17480066 numThreads=12
[2026-10-06 15:19:22.954] [info] [logos] [storage_module] StorageModuleImpl::start called
[2026-10-06 15:19:22.954] [out] [storage_module] WRN 2026-10-06 15:19:22.954+02:00 No key for a QueryResponse                 topics="storage repostore" tid=17480066
[2026-10-06 15:19:22.954] [out] [storage_module] NTC 2026-10-06 15:19:22.954+02:00 Started Storage node                       topics="storage node" tid=17480066 id=16U*RjK1Ww addrs="[/ip4/127.0.0.1/tcp/8572]"
[2026-10-06 15:19:50.227] [out] [storage_module] ERR 2026-10-06 15:19:50.227+02:00 Failed to MANIFEST.                        topics="libstorage libstoragedownload" tid=17480066 error="Failed to fetch manifest: Failed to fetch manifest zDvZRwzkxqLDognR8amhuz3iekZpB3saKM6Goh5vj1WQSQXRY7aq after 10 attempts: Key doesn't exist"
[2026-10-06 15:19:50.227] [info] [logos] [storage_module] StorageModuleImpl::downloadChunksInternal: failed to get manifest for zDvZRwzkxqLDognR8amhuz3iekZpB3saKM6Goh5vj1WQSQXRY7aq
qt.qpa.fonts: Populating font family aliases took 43 ms. Replace uses of missing font family "Monospace" with one that exists to avoid this cost. 
[QmlInspector] Client disconnected
