run-logos-standalone-ui: hot-reloading QML from <repo>/src/qml
  (export DEV_QML_PATH to override, or LOGOS_QML_HOT_RELOAD=0 to disable)
Session directory: "~/Library/Application Support/Logos/LogosStandalone"
[2026-10-06 14:34:55.136] [info] [logos] Granting host services to 'capability_module': token_registry,token_delivery
[2026-10-06 14:34:55.175] [out] [capability_module] [2026-10-06 14:34:55.175] [info] Granting host services to capability_module: ["token_registry","token_delivery"]
RemoteTransportConnection: Connecting to registry: "local:logos_capability_module_3262714ce3c7" at "14:34:55.180"
RemoteTransportConnection: Registry connect attempt started (no peer contact yet): "local:logos_capability_module_3262714ce3c7"
LogosAPIConsumer: Informing module token for module: "capability_module" with token: "redacted:ff1314ff…"
RemoteTransportConnection: Requesting object: "capability_module" at "14:34:55.182"
[LogosObject] RemoteTransportConnection: returning RemoteLogosObject for: "capability_module"
[LogosObject] Created RemoteLogosObject wrapping QRemoteObjectReplica 105553152432288
[LogosObject] LogosAPIConsumer: calling LogosObject::informModuleToken for "capability_module"
LogosAPIConsumer: informModuleToken completed with result: true
[LogosObject] Destroying RemoteLogosObject 0
[2026-10-06 14:34:55.221] [info] [logos] Module loaded: capability_module
LogosAPIConsumer: Informing module token for module: "modules_state" with token: "redacted:67300353…"
RemoteTransportConnection: Requesting object: "capability_module" at "14:34:55.257"
[LogosObject] RemoteTransportConnection: returning RemoteLogosObject for: "capability_module"
[LogosObject] Created RemoteLogosObject wrapping QRemoteObjectReplica 105553152315776
[LogosObject] LogosAPIConsumer: calling LogosObject::informModuleToken for "modules_state"
LogosAPIConsumer: informModuleToken completed with result: true
[LogosObject] Destroying RemoteLogosObject 0
[2026-10-06 14:34:55.259] [info] [logos] Module loaded: modules_state
RemoteTransportConnection: Connecting to registry: "local:logos_modules_state_3262714ce3c7" at "14:34:55.260"
RemoteTransportConnection: Registry connect attempt started (no peer contact yet): "local:logos_modules_state_3262714ce3c7"
RemoteTransportConnection: Connecting to registry: "local:logos_capability_module_3262714ce3c7" at "14:34:55.260"
RemoteTransportConnection: Registry connect attempt started (no peer contact yet): "local:logos_capability_module_3262714ce3c7"
LogosAPIConsumer: '"modules_state"::""' deferred pending the module becoming reachable
LogosAPIConsumer: '"modules_state"::""' deferred pending the module becoming reachable
Logos Core started (modules dir: "/nix/store/4v2cj5cr5dlsjb9cl0blr0cds0qf07iv-logos-forum_module-plugin-dir-modules" )
Set app icon from metadata: "/nix/store/skc3hifbkwr6kv54rzcc85gdy1sy6db1-logos-forum_module-plugin-dir/src/icons/icon.png"
[2026-10-06 14:34:55.328] [info] [logos] [delivery_module] DeliveryModuleImpl: Initializing...
LogosAPIConsumer: Informing module token for module: "delivery_module" with token: "redacted:6c80888e…"
RemoteTransportConnection: Requesting object: "capability_module" at "14:34:55.329"
[LogosObject] RemoteTransportConnection: returning RemoteLogosObject for: "capability_module"
[LogosObject] Created RemoteLogosObject wrapping QRemoteObjectReplica 105553152437952
[LogosObject] LogosAPIConsumer: calling LogosObject::informModuleToken for "delivery_module"
LogosAPIConsumer: informModuleToken completed with result: true
[LogosObject] Destroying RemoteLogosObject 0
[2026-10-06 14:34:55.330] [info] [logos] Module loaded: delivery_module
RemoteTransportConnection: Connecting to registry: "local:logos_delivery_module_3262714ce3c7" at "14:34:55.330"
RemoteTransportConnection: Registry connect attempt started (no peer contact yet): "local:logos_delivery_module_3262714ce3c7"
RemoteTransportConnection: Connecting to registry: "local:logos_capability_module_3262714ce3c7" at "14:34:55.330"
RemoteTransportConnection: Registry connect attempt started (no peer contact yet): "local:logos_capability_module_3262714ce3c7"
LogosAPIConsumer: '"delivery_module"::""' deferred pending the module becoming reachable
LogosAPIClient: getToken for module: "modules_state"
LogosAPIClient: Found token for module: "modules_state"
RemoteTransportConnection: Requesting object: "modules_state" at "14:34:55.331"
[LogosObject] RemoteTransportConnection: returning RemoteLogosObject for: "modules_state"
[LogosObject] Created RemoteLogosObject wrapping QRemoteObjectReplica 105553152344736
[LogosObject] LogosAPIConsumer: async calling via LogosObject::callMethodAsync "note_transition"
[LogosObject] RemoteLogosObject::callMethodAsync "note_transition" args: 7
LogosAPIClient: getToken for module: "modules_state"
LogosAPIClient: Found token for module: "modules_state"
[LogosObject] LogosAPIConsumer: async calling via LogosObject::callMethodAsync "note_transition"
[LogosObject] RemoteLogosObject::callMethodAsync "note_transition" args: 7
Loaded dependency (with transitive deps): "delivery_module"
[2026-10-06 14:34:55.373] [info] [logos] [storage_module] StorageModuleImpl: Initializing...
LogosAPIConsumer: Informing module token for module: "storage_module" with token: "redacted:93b262aa…"
RemoteTransportConnection: Requesting object: "capability_module" at "14:34:55.374"
[LogosObject] Created RemoteLogosObject wrapping QRemoteObjectReplica 105553152404288
LogosAPIClient: invoking remote method "modules_state" "apply_snapshot" args_count: 1
LogosAPIClient: getToken for module: "modules_state"
LogosAPIClient: Found token for module: "modules_state"
LogosAPIConsumer: Calling invokeRemoteMethod: "modules_state" "apply_snapshot" args_count: 1 timeout: 20000
[LogosObject] LogosAPIConsumer: calling via LogosObject::callMethod "apply_snapshot"
[LogosObject] RemoteLogosObject::callMethod "apply_snapshot" args: 1
[LogosObject] Created RemoteLogosObject wrapping QRemoteObjectReplica 105553152344512
LogosAPIClient: getToken for module: "modules_state"
LogosAPIClient: Found token for module: "modules_state"
[LogosObject] LogosAPIConsumer: async calling via LogosObject::callMethodAsync "note_transition"
[LogosObject] RemoteLogosObject::callMethodAsync "note_transition" args: 7
LogosAPIClient: getToken for module: "modules_state"
LogosAPIClient: Found token for module: "modules_state"
[LogosObject] LogosAPIConsumer: async calling via LogosObject::callMethodAsync "note_transition"
[LogosObject] RemoteLogosObject::callMethodAsync "note_transition" args: 7
[2026-10-06 14:34:55.377] [info] [logos] Pushed module snapshot to modules_state
LogosAPIClient: getToken for module: "modules_state"
LogosAPIClient: Found token for module: "modules_state"
[LogosObject] LogosAPIConsumer: async calling via LogosObject::callMethodAsync "note_transition"
[LogosObject] RemoteLogosObject::callMethodAsync "note_transition" args: 7
[LogosObject] RemoteTransportConnection: returning RemoteLogosObject for: "capability_module"
[LogosObject] Created RemoteLogosObject wrapping QRemoteObjectReplica 105553152312576
[LogosObject] LogosAPIConsumer: calling LogosObject::informModuleToken for "storage_module"
LogosAPIConsumer: informModuleToken completed with result: true
[LogosObject] Destroying RemoteLogosObject 0
[2026-10-06 14:34:55.378] [info] [logos] Module loaded: storage_module
RemoteTransportConnection: Connecting to registry: "local:logos_storage_module_3262714ce3c7" at "14:34:55.378"
RemoteTransportConnection: Registry connect attempt started (no peer contact yet): "local:logos_storage_module_3262714ce3c7"
RemoteTransportConnection: Connecting to registry: "local:logos_capability_module_3262714ce3c7" at "14:34:55.378"
RemoteTransportConnection: Registry connect attempt started (no peer contact yet): "local:logos_capability_module_3262714ce3c7"
LogosAPIConsumer: '"storage_module"::""' deferred pending the module becoming reachable
LogosAPIClient: getToken for module: "modules_state"
LogosAPIClient: Found token for module: "modules_state"
[LogosObject] LogosAPIConsumer: async calling via LogosObject::callMethodAsync "note_transition"
[LogosObject] RemoteLogosObject::callMethodAsync "note_transition" args: 7
Loaded dependency (with transitive deps): "storage_module"
DEV_QML_PATH override active: <repo>/src/qml/Main.qml
RemoteTransportConnection: Connecting to registry: "local:logos_capability_module_3262714ce3c7" at "14:34:55.379"
RemoteTransportConnection: Registry connect attempt started (no peer contact yet): "local:logos_capability_module_3262714ce3c7"
LogosAPIConsumer: Informing module token for module: "forum_module" with token: "redacted:bf498078…"
RemoteTransportConnection: Requesting object: "capability_module" at "14:34:55.379"
[LogosObject] RemoteTransportConnection: returning RemoteLogosObject for: "capability_module"
[LogosObject] Created RemoteLogosObject wrapping QRemoteObjectReplica 105553152293088
[LogosObject] LogosAPIConsumer: calling LogosObject::informModuleToken for "forum_module"
[LogosObject] Created RemoteLogosObject wrapping QRemoteObjectReplica 105553152294144
LogosAPIClient: getToken for module: "modules_state"
LogosAPIClient: Found token for module: "modules_state"
[LogosObject] LogosAPIConsumer: async calling via LogosObject::callMethodAsync "note_transition"
[LogosObject] RemoteLogosObject::callMethodAsync "note_transition" args: 7
LogosAPIConsumer: informModuleToken completed with result: true
[LogosObject] Destroying RemoteLogosObject 0
Loaded UI plugin: "/nix/store/skc3hifbkwr6kv54rzcc85gdy1sy6db1-logos-forum_module-plugin-dir"
[QmlInspector] Inspector server listening on port 3790
[QmlInspector] Client connected from "::1"
qt.qpa.fonts: Populating font family aliases took 47 ms. Replace uses of missing font family "Monospace" with one that exists to avoid this cost. 
[QmlInspector] Client disconnected
[2026-10-06 14:36:16.785] [info] [logos] [storage_module] StorageModuleImpl::aboutToUnload called
