run-logos-standalone-ui: hot-reloading QML from <repo>/src/qml
  (export DEV_QML_PATH to override, or LOGOS_QML_HOT_RELOAD=0 to disable)
Session directory: "~/Library/Application Support/Logos/LogosStandalone"
[2026-10-02 00:41:09.521] [info] [logos] Granting host services to 'capability_module': token_registry,token_delivery
[2026-10-02 00:41:09.554] [out] [capability_module] [2026-10-02 00:41:09.553] [info] Granting host services to capability_module: ["token_registry","token_delivery"]
RemoteTransportConnection: Connecting to registry: "local:logos_capability_module_de1a88a9c5ce" at "00:41:09.554"
RemoteTransportConnection: Registry connect attempt started (no peer contact yet): "local:logos_capability_module_de1a88a9c5ce"
LogosAPIConsumer: Informing module token for module: "capability_module" with token: "redacted:5189be16…"
RemoteTransportConnection: Requesting object: "capability_module" at "00:41:09.555"
[LogosObject] RemoteTransportConnection: returning RemoteLogosObject for: "capability_module"
[LogosObject] Created RemoteLogosObject wrapping QRemoteObjectReplica 105553170338784
[LogosObject] LogosAPIConsumer: calling LogosObject::informModuleToken for "capability_module"
LogosAPIConsumer: informModuleToken completed with result: true
[LogosObject] Destroying RemoteLogosObject 0
[2026-10-02 00:41:09.554] [info] [logos] Module loaded: capability_module
LogosAPIConsumer: Informing module token for module: "modules_state" with token: "redacted:76859064…"
RemoteTransportConnection: Requesting object: "capability_module" at "00:41:09.583"
[LogosObject] RemoteTransportConnection: returning RemoteLogosObject for: "capability_module"
[LogosObject] Created RemoteLogosObject wrapping QRemoteObjectReplica 105553170339616
[LogosObject] LogosAPIConsumer: calling LogosObject::informModuleToken for "modules_state"
LogosAPIConsumer: informModuleToken completed with result: true
[LogosObject] Destroying RemoteLogosObject 0
[2026-10-02 00:41:09.582] [info] [logos] Module loaded: modules_state
RemoteTransportConnection: Connecting to registry: "local:logos_modules_state_de1a88a9c5ce" at "00:41:09.583"
RemoteTransportConnection: Registry connect attempt started (no peer contact yet): "local:logos_modules_state_de1a88a9c5ce"
RemoteTransportConnection: Connecting to registry: "local:logos_capability_module_de1a88a9c5ce" at "00:41:09.583"
RemoteTransportConnection: Registry connect attempt started (no peer contact yet): "local:logos_capability_module_de1a88a9c5ce"
LogosAPIConsumer: '"modules_state"::""' deferred pending the module becoming reachable
LogosAPIConsumer: '"modules_state"::""' deferred pending the module becoming reachable
Logos Core started (modules dir: "/nix/store/4v2cj5cr5dlsjb9cl0blr0cds0qf07iv-logos-forum_module-plugin-dir-modules" )
Set app icon from metadata: "/nix/store/lpw6vdhviy85qzljih8n5agnv7yv5mvx-logos-forum_module-plugin-dir/src/icons/icon.png"
[2026-10-02 00:41:09.615] [info] [logos] [delivery_module] DeliveryModuleImpl: Initializing...
LogosAPIConsumer: Informing module token for module: "delivery_module" with token: "redacted:e1b27cb6…"
RemoteTransportConnection: Requesting object: "capability_module" at "00:41:09.615"
[LogosObject] RemoteTransportConnection: returning RemoteLogosObject for: "capability_module"
[LogosObject] Created RemoteLogosObject wrapping QRemoteObjectReplica 105553170387296
[LogosObject] LogosAPIConsumer: calling LogosObject::informModuleToken for "delivery_module"
LogosAPIConsumer: informModuleToken completed with result: true
[LogosObject] Destroying RemoteLogosObject 0
[2026-10-02 00:41:09.615] [info] [logos] Module loaded: delivery_module
RemoteTransportConnection: Connecting to registry: "local:logos_delivery_module_de1a88a9c5ce" at "00:41:09.616"
RemoteTransportConnection: Registry connect attempt started (no peer contact yet): "local:logos_delivery_module_de1a88a9c5ce"
RemoteTransportConnection: Connecting to registry: "local:logos_capability_module_de1a88a9c5ce" at "00:41:09.616"
RemoteTransportConnection: Registry connect attempt started (no peer contact yet): "local:logos_capability_module_de1a88a9c5ce"
LogosAPIConsumer: '"delivery_module"::""' deferred pending the module becoming reachable
LogosAPIClient: getToken for module: "modules_state"
LogosAPIClient: Found token for module: "modules_state"
RemoteTransportConnection: Requesting object: "modules_state" at "00:41:09.616"
[LogosObject] RemoteTransportConnection: returning RemoteLogosObject for: "modules_state"
[LogosObject] Created RemoteLogosObject wrapping QRemoteObjectReplica 105553170388352
[LogosObject] LogosAPIConsumer: async calling via LogosObject::callMethodAsync "note_transition"
[LogosObject] RemoteLogosObject::callMethodAsync "note_transition" args: 7
LogosAPIClient: getToken for module: "modules_state"
LogosAPIClient: Found token for module: "modules_state"
[LogosObject] LogosAPIConsumer: async calling via LogosObject::callMethodAsync "note_transition"
[LogosObject] RemoteLogosObject::callMethodAsync "note_transition" args: 7
Loaded dependency (with transitive deps): "delivery_module"
[2026-10-02 00:41:09.644] [info] [logos] [storage_module] StorageModuleImpl: Initializing...
LogosAPIConsumer: Informing module token for module: "storage_module" with token: "redacted:80c98148…"
RemoteTransportConnection: Requesting object: "capability_module" at "00:41:09.645"
[LogosObject] Created RemoteLogosObject wrapping QRemoteObjectReplica 105553170341024
LogosAPIClient: invoking remote method "modules_state" "apply_snapshot" args_count: 1
LogosAPIClient: getToken for module: "modules_state"
LogosAPIClient: Found token for module: "modules_state"
LogosAPIConsumer: Calling invokeRemoteMethod: "modules_state" "apply_snapshot" args_count: 1 timeout: 20000
[LogosObject] LogosAPIConsumer: calling via LogosObject::callMethod "apply_snapshot"
[LogosObject] RemoteLogosObject::callMethod "apply_snapshot" args: 1
[LogosObject] Created RemoteLogosObject wrapping QRemoteObjectReplica 105553170388096
LogosAPIClient: getToken for module: "modules_state"
LogosAPIClient: Found token for module: "modules_state"
[LogosObject] LogosAPIConsumer: async calling via LogosObject::callMethodAsync "note_transition"
[LogosObject] RemoteLogosObject::callMethodAsync "note_transition" args: 7
LogosAPIClient: getToken for module: "modules_state"
LogosAPIClient: Found token for module: "modules_state"
[LogosObject] LogosAPIConsumer: async calling via LogosObject::callMethodAsync "note_transition"
[LogosObject] RemoteLogosObject::callMethodAsync "note_transition" args: 7
[2026-10-02 00:41:09.645] [info] [logos] Pushed module snapshot to modules_state
LogosAPIClient: getToken for module: "modules_state"
LogosAPIClient: Found token for module: "modules_state"
[LogosObject] LogosAPIConsumer: async calling via LogosObject::callMethodAsync "note_transition"
[LogosObject] RemoteLogosObject::callMethodAsync "note_transition" args: 7
[LogosObject] RemoteTransportConnection: returning RemoteLogosObject for: "capability_module"
[LogosObject] Created RemoteLogosObject wrapping QRemoteObjectReplica 105553170389088
[LogosObject] LogosAPIConsumer: calling LogosObject::informModuleToken for "storage_module"
LogosAPIConsumer: informModuleToken completed with result: true
[LogosObject] Destroying RemoteLogosObject 0
[2026-10-02 00:41:09.645] [info] [logos] Module loaded: storage_module
RemoteTransportConnection: Connecting to registry: "local:logos_storage_module_de1a88a9c5ce" at "00:41:09.646"
RemoteTransportConnection: Registry connect attempt started (no peer contact yet): "local:logos_storage_module_de1a88a9c5ce"
RemoteTransportConnection: Connecting to registry: "local:logos_capability_module_de1a88a9c5ce" at "00:41:09.646"
RemoteTransportConnection: Registry connect attempt started (no peer contact yet): "local:logos_capability_module_de1a88a9c5ce"
LogosAPIConsumer: '"storage_module"::""' deferred pending the module becoming reachable
LogosAPIClient: getToken for module: "modules_state"
LogosAPIClient: Found token for module: "modules_state"
[LogosObject] LogosAPIConsumer: async calling via LogosObject::callMethodAsync "note_transition"
[LogosObject] RemoteLogosObject::callMethodAsync "note_transition" args: 7
Loaded dependency (with transitive deps): "storage_module"
DEV_QML_PATH override active: <repo>/src/qml/Main.qml
RemoteTransportConnection: Connecting to registry: "local:logos_capability_module_de1a88a9c5ce" at "00:41:09.646"
RemoteTransportConnection: Registry connect attempt started (no peer contact yet): "local:logos_capability_module_de1a88a9c5ce"
LogosAPIConsumer: Informing module token for module: "forum_module" with token: "redacted:fd201dd8…"
RemoteTransportConnection: Requesting object: "capability_module" at "00:41:09.646"
[LogosObject] RemoteTransportConnection: returning RemoteLogosObject for: "capability_module"
[LogosObject] Created RemoteLogosObject wrapping QRemoteObjectReplica 105553170353248
[LogosObject] LogosAPIConsumer: calling LogosObject::informModuleToken for "forum_module"
[LogosObject] Created RemoteLogosObject wrapping QRemoteObjectReplica 105553170352160
LogosAPIClient: getToken for module: "modules_state"
LogosAPIClient: Found token for module: "modules_state"
[LogosObject] LogosAPIConsumer: async calling via LogosObject::callMethodAsync "note_transition"
[LogosObject] RemoteLogosObject::callMethodAsync "note_transition" args: 7
LogosAPIConsumer: informModuleToken completed with result: true
[LogosObject] Destroying RemoteLogosObject 0
[2026-10-02 00:41:09.695] [warning] [logos] [capability_module] Warning: QObject::connect: No such signal ::eventResponse(QString,QVariantList)
[2026-10-02 00:41:09.695] [info] [logos] [delivery_module] DeliveryModuleImpl::getNodeInfo called with nodeInfoId: MyPeerId
[2026-10-02 00:41:09.695] [info] [logos] [delivery_module] DeliveryModuleImpl: Cannot get node info - context not initialized. Call createNode first.
[2026-10-02 00:41:09.695] [info] [logos] [delivery_module] DeliveryModuleImpl::createNode called
[2026-10-02 00:41:09.702] [info] [logos] [delivery_module] DeliveryModuleImpl: Waiting for createNode callback...
[2026-10-02 00:41:09.703] [out] [delivery_module] DBG 2026-10-02 00:41:09.703+02:00 Whether to mount storeSync is not specified, defaulting to not mounting topics="waku conf builder" tid=41952338
[2026-10-02 00:41:09.703] [out] [delivery_module] INF 2026-10-02 00:41:09.703+02:00 Sharding configuration:                    topics="waku conf builder" tid=41952338 shardingConf="(kind: AutoSharding, numShardsInCluster: 1)" subscribeShards=@[0]
[2026-10-02 00:41:09.703] [out] [delivery_module] INF 2026-10-02 00:41:09.703+02:00 Configuration: Enabled protocols           topics="waku conf" tid=41952338 relay=true rlnRelay=false store=false filter=false lightPush=false peerExchange=false rendezvous=false
[2026-10-02 00:41:09.703] [out] [delivery_module] INF 2026-10-02 00:41:09.703+02:00 Configuration. Network                     topics="waku conf" tid=41952338 cluster=42
[2026-10-02 00:41:09.703] [out] [delivery_module] DBG 2026-10-02 00:41:09.703+02:00 Configuration. Active Relay Shards         topics="waku conf" tid=41952338 shard=0
[2026-10-02 00:41:09.703] [out] [delivery_module] INF 2026-10-02 00:41:09.703+02:00 Setting up storage                         tid=41952338
[2026-10-02 00:41:09.703] [out] [delivery_module] INF 2026-10-02 00:41:09.703+02:00 Initializing node                          tid=41952338
[2026-10-02 00:41:09.703] [out] [delivery_module] INF 2026-10-02 00:41:09.703+02:00 Initializing networking                    tid=41952338 addrs=@[/ip4/127.0.0.1/tcp/63876]
[2026-10-02 00:41:09.703] [out] [delivery_module] INF 2026-10-02 00:41:09.703+02:00 Mounting protocols                         tid=41952338
[2026-10-02 00:41:09.703] [out] [delivery_module] INF 2026-10-02 00:41:09.703+02:00 Created WakuMetadata protocol              topics="waku node" tid=41952338 clusterId=42 shards="[0]"
[2026-10-02 00:41:09.703] [out] [delivery_module] INF 2026-10-02 00:41:09.703+02:00 mounting store client                      topics="waku node store api" tid=41952338
[2026-10-02 00:41:09.703] [out] [delivery_module] INF 2026-10-02 00:41:09.703+02:00 Mounting auto sharding                     topics="waku node" tid=41952338 clusterId=42 shardCount=1
[2026-10-02 00:41:09.703] [out] [delivery_module] DBG 2026-10-02 00:41:09.703+02:00 Shards created from content topics         tid=41952338 contentTopics=[] shards=[]
[2026-10-02 00:41:09.703] [out] [delivery_module] DBG 2026-10-02 00:41:09.703+02:00 Setting max message size                   tid=41952338 num_bytes=153600
[2026-10-02 00:41:09.703] [out] [delivery_module] INF 2026-10-02 00:41:09.703+02:00 mounting relay protocol                    topics="waku node relay api" tid=41952338
[2026-10-02 00:41:09.704] [out] [delivery_module] DBG 2026-10-02 00:41:09.703+02:00 relay mounted successfully                 topics="waku node relay api" tid=41952338
[2026-10-02 00:41:09.704] [out] [delivery_module] DBG 2026-10-02 00:41:09.704+02:00 Adding validator to signed shards          tid=41952338 protectedShards=[] clusterId=42
[2026-10-02 00:41:09.704] [out] [delivery_module] INF 2026-10-02 00:41:09.704+02:00 mounting libp2p ping protocol              topics="waku node ping api" tid=41952338
[2026-10-02 00:41:09.704] [out] [delivery_module] INF 2026-10-02 00:41:09.704+02:00 mounting light push client                 topics="waku node lightpush api" tid=41952338
[2026-10-02 00:41:09.704] [out] [delivery_module] INF 2026-10-02 00:41:09.704+02:00 mounting legacy light push client          topics="waku node lightpush api" tid=41952338
[2026-10-02 00:41:09.704] [out] [delivery_module] INF 2026-10-02 00:41:09.704+02:00 mounting filter client                     topics="waku node filter api" tid=41952338
[2026-10-02 00:41:09.704] [out] [delivery_module] INF 2026-10-02 00:41:09.704+02:00 mounting waku peer exchange client         topics="waku node peerexchange api" tid=41952338
[2026-10-02 00:41:09.704] [out] [delivery_module] INF 2026-10-02 00:41:09.704+02:00 No external callbacks to be set            topics="wakunode waku" tid=41952338
[2026-10-02 00:41:09.704] [out] [delivery_module] INF 2026-10-02 00:41:09.704+02:00 Setting up AutonatService                  topics="libp2p autonatservice" tid=41952338
[2026-10-02 00:41:09.704] [info] [logos] [delivery_module] DeliveryModuleImpl::createNode callback called with ret: 0
[2026-10-02 00:41:09.704] [info] [logos] [delivery_module] DeliveryModuleImpl: Delivery context created successfully
[2026-10-02 00:41:09.704] [info] [logos] [delivery_module] DeliveryModuleImpl::start called
[2026-10-02 00:41:09.704] [out] [delivery_module] INF 2026-10-02 00:41:09.704+02:00 Retrieve dynamic bootstrap nodes           topics="wakunode waku" tid=41952338
[2026-10-02 00:41:09.704] [info] [logos] [delivery_module] DeliveryModuleImpl::getNodeInfo called with nodeInfoId: MyPeerId
[2026-10-02 00:41:09.704] [out] [delivery_module] INF 2026-10-02 00:41:09.704+02:00 Running nwaku node                         tid=41952338 version=v0.39.0-gca2814
[2026-10-02 00:41:09.704] [out] [delivery_module] INF 2026-10-02 00:41:09.704+02:00 Starting Waku node                         topics="waku node" tid=41952338 version=v0.39.0-gca2814
[2026-10-02 00:41:09.704] [out] [delivery_module] DBG 2026-10-02 00:41:09.704+02:00 starting switch for peer                   topics="libp2p switch" tid=41952338 peerInfo="(peerId: 16Uiu2HAm1q53BPxDQSwURy2WQJ74wxCz9gFPrAbX2iBeD5xGEV2B, listenAddrs: [/ip4/127.0.0.1/tcp/63876], addrs: [], protocols: [/ipfs/id/1.0.0, /libp2p/autonat/1.0.0, /libp2p/circuit/relay/0.2.0/hop, /vac/waku/metadata/1.0.0, /vac/waku/relay/2.0.0, /ipfs/ping/1.0.0, /vac/waku/filter-push/2.0.0-beta1], protoVersion: ipfs/0.1.0, agentVersion: logos-delivery-v0.39.0-gca2814)"
[2026-10-02 00:41:09.705] [out] [delivery_module] DBG 2026-10-02 00:41:09.705+02:00 About to accept incoming connection        topics="libp2p switch" tid=41952338
[2026-10-02 00:41:09.705] [out] [delivery_module] INF 2026-10-02 00:41:09.705+02:00 start                                      topics="waku relay" tid=41952338
[2026-10-02 00:41:09.705] [out] [delivery_module] DBG 2026-10-02 00:41:09.705+02:00 Started libp2p node                        topics="libp2p switch" tid=41952338 peer="(peerId: 16Uiu2HAm1q53BPxDQSwURy2WQJ74wxCz9gFPrAbX2iBeD5xGEV2B, listenAddrs: [/ip4/127.0.0.1/tcp/63876], addrs: [/ip4/127.0.0.1/tcp/63876], protocols: [/ipfs/id/1.0.0, /libp2p/autonat/1.0.0, /libp2p/circuit/relay/0.2.0/hop, /vac/waku/metadata/1.0.0, /vac/waku/relay/2.0.0, /ipfs/ping/1.0.0, /vac/waku/filter-push/2.0.0-beta1], protoVersion: ipfs/0.1.0, agentVersion: logos-delivery-v0.39.0-gca2814)"
[2026-10-02 00:41:09.706] [out] [delivery_module] INF 2026-10-02 00:41:09.706+02:00 Announced base resolved                    topics="waku node" tid=41952338 addrs=@[/ip4/127.0.0.1/tcp/63876] explicit=@[/ip4/127.0.0.1/tcp/63876]
[2026-10-02 00:41:09.706] [out] [delivery_module] DBG 2026-10-02 00:41:09.706+02:00 ENR addresses updated                      topics="waku enr" tid=41952338 retained=1 total=1
[2026-10-02 00:41:09.706] [out] [delivery_module] INF 2026-10-02 00:41:09.706+02:00 Node started successfully                  topics="waku node" tid=41952338
[2026-10-02 00:41:09.706] [out] [delivery_module] DBG 2026-10-02 00:41:09.706+02:00 Dialing multiple peers                     tid=41952338 numOfPeers=4 nodes="@[\"/ip4/127.0.0.1/tcp/63871/p2p/16Uiu2HAmBVNiR3RH6Gk21uVKQxfPt27FxFQx3veetLD6Hu3jA49k\", \"/ip4/127.0.0.1/tcp/63872/p2p/16Uiu2HAmPnu9XEGdLCx4zu6dpkRE2762bEHhXQN296xkxrF5eJue\", \"/ip4/127.0.0.1/tcp/63873/p2p/16Uiu2HAmJM5hnNEdyPFk4FPhwnrFVxWZyqJVkHN72YiPVPzyy5mb\", \"/ip4/127.0.0.1/tcp/63874/p2p/16Uiu2HAm8B4QuNT4k52CwYoT9iDr93Mj9UP7WJM22p1RcgUYQMtJ\"]"
[2026-10-02 00:41:09.706] [out] [delivery_module] DBG 2026-10-02 00:41:09.706+02:00 Dialing peer                               topics="libp2p dialer" tid=41952338 peerId=16U*3jA49k addrs="[/ip4/127.0.0.1/tcp/63871]"
[2026-10-02 00:41:09.706] [out] [delivery_module] DBG 2026-10-02 00:41:09.706+02:00 Expanded address and hostname              topics="libp2p dialer" tid=41952338 expandedAddress=/ip4/127.0.0.1/tcp/63871 hostname=127.0.0.1 resolvedAddresses="[/ip4/127.0.0.1/tcp/63871]"
[2026-10-02 00:41:09.706] [out] [delivery_module] DBG 2026-10-02 00:41:09.706+02:00 Dialing peer                               topics="libp2p dialer" tid=41952338 peerId=16U*F5eJue addrs="[/ip4/127.0.0.1/tcp/63872]"
[2026-10-02 00:41:09.706] [out] [delivery_module] DBG 2026-10-02 00:41:09.706+02:00 Expanded address and hostname              topics="libp2p dialer" tid=41952338 expandedAddress=/ip4/127.0.0.1/tcp/63872 hostname=127.0.0.1 resolvedAddresses="[/ip4/127.0.0.1/tcp/63872]"
[2026-10-02 00:41:09.706] [out] [delivery_module] DBG 2026-10-02 00:41:09.706+02:00 Dialing peer                               topics="libp2p dialer" tid=41952338 peerId=16U*zyy5mb addrs="[/ip4/127.0.0.1/tcp/63873]"
[2026-10-02 00:41:09.706] [out] [delivery_module] DBG 2026-10-02 00:41:09.706+02:00 Expanded address and hostname              topics="libp2p dialer" tid=41952338 expandedAddress=/ip4/127.0.0.1/tcp/63873 hostname=127.0.0.1 resolvedAddresses="[/ip4/127.0.0.1/tcp/63873]"
[2026-10-02 00:41:09.706] [out] [delivery_module] DBG 2026-10-02 00:41:09.706+02:00 Dialing peer                               topics="libp2p dialer" tid=41952338 peerId=16U*UYQMtJ addrs="[/ip4/127.0.0.1/tcp/63874]"
[2026-10-02 00:41:09.707] [out] [delivery_module] DBG 2026-10-02 00:41:09.706+02:00 Expanded address and hostname              topics="libp2p dialer" tid=41952338 expandedAddress=/ip4/127.0.0.1/tcp/63874 hostname=127.0.0.1 resolvedAddresses="[/ip4/127.0.0.1/tcp/63874]"
[2026-10-02 00:41:09.708] [info] [logos] [delivery_module] DeliveryModuleImpl::subscribe called with contentTopic: /lp0026forum/1/general/text
[2026-10-02 00:41:09.708] [out] [delivery_module] DBG 2026-10-02 00:41:09.708+02:00 Subscribing to pubsub topic                topics="waku relay" tid=41952338 pubsubTopic=/waku/2/rs/42/0
[2026-10-02 00:41:09.709] [out] [delivery_module] DBG 2026-10-02 00:41:09.708+02:00 No mesh peer for the given pubsub topic    topics="waku relay" tid=41952338 pubsubTopic=/waku/2/rs/42/0
[2026-10-02 00:41:09.709] [info] [logos] [delivery_module] DeliveryModuleImpl: Subscribe completed for topic: /lp0026forum/1/general/text with success
[2026-10-02 00:41:09.709] [out] [delivery_module] DBG 2026-10-02 00:41:09.709+02:00 Dial successful                            topics="libp2p dialer" tid=41952338 peerId=16U*UYQMtJ
[2026-10-02 00:41:09.709] [out] [delivery_module] DBG 2026-10-02 00:41:09.709+02:00 starting sendNonHighPriorityTask           topics="libp2p pubsubpeer" tid=41952338 p=16U*UYQMtJ
[2026-10-02 00:41:09.709] [out] [delivery_module] DBG 2026-10-02 00:41:09.709+02:00 created new pubsub peer                    topics="libp2p pubsub" tid=41952338 peerId=16U*UYQMtJ
[2026-10-02 00:41:09.709] [out] [delivery_module] DBG 2026-10-02 00:41:09.709+02:00 no listener registered                     tid=41952340 event=onConnectionChange
[2026-10-02 00:41:09.709] [out] [delivery_module] DBG 2026-10-02 00:41:09.709+02:00 Incoming WakuRelay connection              topics="waku relay" tid=41952338 connection=16U*UYQMtJ:6abee185e7e98db31dd74582 protocol=/vac/waku/relay/2.0.0
[2026-10-02 00:41:09.709] [out] [delivery_module] DBG 2026-10-02 00:41:09.709+02:00 starting pubsub read loop                  topics="libp2p pubsubpeer" tid=41952338 stream=16U*UYQMtJ:6abee185e7e98db31dd74582 peer=16U*UYQMtJ closed=false
[2026-10-02 00:41:09.709] [out] [delivery_module] DBG 2026-10-02 00:41:09.709+02:00 identify: info sent                        topics="libp2p identify" tid=41952338 stream=16U*UYQMtJ:6abee185e7e98db31dd74583 info="(peerId: 16Uiu2HAm1q53BPxDQSwURy2WQJ74wxCz9gFPrAbX2iBeD5xGEV2B, listenAddrs: [/ip4/127.0.0.1/tcp/63876], addrs: [/ip4/127.0.0.1/tcp/63876], protocols: [/ipfs/id/1.0.0, /libp2p/autonat/1.0.0, /libp2p/circuit/relay/0.2.0/hop, /vac/waku/metadata/1.0.0, /vac/waku/relay/2.0.0, /ipfs/ping/1.0.0, /vac/waku/filter-push/2.0.0-beta1], protoVersion: ipfs/0.1.0, agentVersion: logos-delivery-v0.39.0-gca2814)"
[2026-10-02 00:41:09.710] [out] [delivery_module] DBG 2026-10-02 00:41:09.710+02:00 Dial successful                            topics="libp2p dialer" tid=41952338 peerId=16U*3jA49k
[2026-10-02 00:41:09.710] [out] [delivery_module] DBG 2026-10-02 00:41:09.710+02:00 Dial successful                            topics="libp2p dialer" tid=41952338 peerId=16U*F5eJue
[2026-10-02 00:41:09.710] [out] [delivery_module] DBG 2026-10-02 00:41:09.710+02:00 starting sendNonHighPriorityTask           topics="libp2p pubsubpeer" tid=41952338 p=16U*3jA49k
[2026-10-02 00:41:09.710] [out] [delivery_module] DBG 2026-10-02 00:41:09.710+02:00 created new pubsub peer                    topics="libp2p pubsub" tid=41952338 peerId=16U*3jA49k
[2026-10-02 00:41:09.710] [out] [delivery_module] DBG 2026-10-02 00:41:09.710+02:00 no listener registered                     tid=41952340 event=onConnectionChange
[2026-10-02 00:41:09.710] [out] [delivery_module] DBG 2026-10-02 00:41:09.710+02:00 starting sendNonHighPriorityTask           topics="libp2p pubsubpeer" tid=41952338 p=16U*F5eJue
[2026-10-02 00:41:09.710] [out] [delivery_module] DBG 2026-10-02 00:41:09.710+02:00 created new pubsub peer                    topics="libp2p pubsub" tid=41952338 peerId=16U*F5eJue
[2026-10-02 00:41:09.710] [out] [delivery_module] DBG 2026-10-02 00:41:09.710+02:00 no listener registered                     tid=41952340 event=onConnectionChange
[2026-10-02 00:41:09.711] [out] [delivery_module] DBG 2026-10-02 00:41:09.711+02:00 Dial successful                            topics="libp2p dialer" tid=41952338 peerId=16U*zyy5mb
[2026-10-02 00:41:09.711] [out] [delivery_module] DBG 2026-10-02 00:41:09.711+02:00 starting sendNonHighPriorityTask           topics="libp2p pubsubpeer" tid=41952338 p=16U*zyy5mb
[2026-10-02 00:41:09.711] [out] [delivery_module] DBG 2026-10-02 00:41:09.711+02:00 created new pubsub peer                    topics="libp2p pubsub" tid=41952338 peerId=16U*zyy5mb
[2026-10-02 00:41:09.711] [out] [delivery_module] DBG 2026-10-02 00:41:09.711+02:00 no listener registered                     tid=41952340 event=onConnectionChange
[2026-10-02 00:41:09.711] [out] [delivery_module] DBG 2026-10-02 00:41:09.711+02:00 Incoming WakuRelay connection              topics="waku relay" tid=41952338 connection=16U*3jA49k:6abee185e7e98db31dd74586 protocol=/vac/waku/relay/2.0.0
[2026-10-02 00:41:09.711] [out] [delivery_module] DBG 2026-10-02 00:41:09.711+02:00 starting pubsub read loop                  topics="libp2p pubsubpeer" tid=41952338 stream=16U*3jA49k:6abee185e7e98db31dd74586 peer=16U*3jA49k closed=false
[2026-10-02 00:41:09.711] [out] [delivery_module] DBG 2026-10-02 00:41:09.711+02:00 identify: info sent                        topics="libp2p identify" tid=41952338 stream=16U*3jA49k:6abee185e7e98db31dd74587 info="(peerId: 16Uiu2HAm1q53BPxDQSwURy2WQJ74wxCz9gFPrAbX2iBeD5xGEV2B, listenAddrs: [/ip4/127.0.0.1/tcp/63876], addrs: [/ip4/127.0.0.1/tcp/63876], protocols: [/ipfs/id/1.0.0, /libp2p/autonat/1.0.0, /libp2p/circuit/relay/0.2.0/hop, /vac/waku/metadata/1.0.0, /vac/waku/relay/2.0.0, /ipfs/ping/1.0.0, /vac/waku/filter-push/2.0.0-beta1], protoVersion: ipfs/0.1.0, agentVersion: logos-delivery-v0.39.0-gca2814)"
[2026-10-02 00:41:09.711] [out] [delivery_module] DBG 2026-10-02 00:41:09.711+02:00 Incoming WakuRelay connection              topics="waku relay" tid=41952338 connection=16U*F5eJue:6abee185e7e98db31dd74588 protocol=/vac/waku/relay/2.0.0
[2026-10-02 00:41:09.711] [out] [delivery_module] DBG 2026-10-02 00:41:09.711+02:00 starting pubsub read loop                  topics="libp2p pubsubpeer" tid=41952338 stream=16U*F5eJue:6abee185e7e98db31dd74588 peer=16U*F5eJue closed=false
[2026-10-02 00:41:09.711] [out] [delivery_module] DBG 2026-10-02 00:41:09.711+02:00 identify: info sent                        topics="libp2p identify" tid=41952338 stream=16U*F5eJue:6abee185e7e98db31dd74589 info="(peerId: 16Uiu2HAm1q53BPxDQSwURy2WQJ74wxCz9gFPrAbX2iBeD5xGEV2B, listenAddrs: [/ip4/127.0.0.1/tcp/63876], addrs: [/ip4/127.0.0.1/tcp/63876], protocols: [/ipfs/id/1.0.0, /libp2p/autonat/1.0.0, /libp2p/circuit/relay/0.2.0/hop, /vac/waku/metadata/1.0.0, /vac/waku/relay/2.0.0, /ipfs/ping/1.0.0, /vac/waku/filter-push/2.0.0-beta1], protoVersion: ipfs/0.1.0, agentVersion: logos-delivery-v0.39.0-gca2814)"
[2026-10-02 00:41:09.711] [out] [delivery_module] DBG 2026-10-02 00:41:09.711+02:00 Incoming WakuRelay connection              topics="waku relay" tid=41952338 connection=16U*zyy5mb:6abee185e7e98db31dd7458a protocol=/vac/waku/relay/2.0.0
[2026-10-02 00:41:09.711] [out] [delivery_module] DBG 2026-10-02 00:41:09.711+02:00 starting pubsub read loop                  topics="libp2p pubsubpeer" tid=41952338 stream=16U*zyy5mb:6abee185e7e98db31dd7458a peer=16U*zyy5mb closed=false
[2026-10-02 00:41:09.711] [out] [delivery_module] DBG 2026-10-02 00:41:09.711+02:00 identify: info sent                        topics="libp2p identify" tid=41952338 stream=16U*zyy5mb:6abee185e7e98db31dd7458b info="(peerId: 16Uiu2HAm1q53BPxDQSwURy2WQJ74wxCz9gFPrAbX2iBeD5xGEV2B, listenAddrs: [/ip4/127.0.0.1/tcp/63876], addrs: [/ip4/127.0.0.1/tcp/63876], protocols: [/ipfs/id/1.0.0, /libp2p/autonat/1.0.0, /libp2p/circuit/relay/0.2.0/hop, /vac/waku/metadata/1.0.0, /vac/waku/relay/2.0.0, /ipfs/ping/1.0.0, /vac/waku/filter-push/2.0.0-beta1], protoVersion: ipfs/0.1.0, agentVersion: logos-delivery-v0.39.0-gca2814)"
[2026-10-02 00:41:09.712] [out] [delivery_module] DBG 2026-10-02 00:41:09.711+02:00 identify: info received                    topics="libp2p identify" tid=41952338 stream=16U*UYQMtJ:6abee185e7e98db31dd74585 pubkey=ok(sec...cac4)) addresses=/ip4/127.0.0.1/tcp/63874 protocols=/ipfs/id/1.0.0,/libp2p/autonat/1.0.0,/libp2p/circuit/relay/0.2.0/hop,/vac/waku/metadata/1.0.0,/mix/1.0.0,/vac/waku/relay/2.0.0,/ipfs/ping/1.0.0,/vac/waku/lightpush/3.0.0,/vac/waku/lightpush/2.0.0-beta1,/vac/waku/filter-push/2.0.0-beta1 observable_address=ok(/ip4/127.0.0.1/tcp/63994) proto_version=ipfs/0.1.0 agent_version=logos-delivery-v0.39.0-gca2814 signedPeerRecord=None
[2026-10-02 00:41:09.712] [out] [delivery_module] DBG 2026-10-02 00:41:09.712+02:00 starting pubsub read loop                  topics="libp2p pubsubpeer" tid=41952338 stream=16U*UYQMtJ:6abee185e7e98db31dd74584 peer=16U*UYQMtJ closed=false
[2026-10-02 00:41:09.712] [out] [delivery_module] DBG 2026-10-02 00:41:09.712+02:00 Event identified                           topics="waku node peer_manager" tid=41952338 peerId=16U*UYQMtJ
[2026-10-02 00:41:09.712] [out] [delivery_module] DBG 2026-10-02 00:41:09.712+02:00 no listener registered                     tid=41952340 event=onConnectionChange
[2026-10-02 00:41:09.712] [out] [delivery_module] DBG 2026-10-02 00:41:09.712+02:00 identify: info received                    topics="libp2p identify" tid=41952338 stream=16U*3jA49k:6abee185e7e98db31dd7458d pubkey=ok(sec...0ea6)) addresses=/ip4/127.0.0.1/tcp/63871 protocols=/ipfs/id/1.0.0,/libp2p/autonat/1.0.0,/libp2p/circuit/relay/0.2.0/hop,/vac/waku/metadata/1.0.0,/mix/1.0.0,/vac/waku/relay/2.0.0,/ipfs/ping/1.0.0,/vac/waku/lightpush/3.0.0,/vac/waku/lightpush/2.0.0-beta1,/vac/waku/filter-push/2.0.0-beta1 observable_address=ok(/ip4/127.0.0.1/tcp/63991) proto_version=ipfs/0.1.0 agent_version=logos-delivery-v0.39.0-gca2814 signedPeerRecord=None
[2026-10-02 00:41:09.713] [out] [delivery_module] DBG 2026-10-02 00:41:09.712+02:00 identify: info received                    topics="libp2p identify" tid=41952338 stream=16U*F5eJue:6abee185e7e98db31dd7458f pubkey=ok(sec...4dfd)) addresses=/ip4/127.0.0.1/tcp/63872 protocols=/ipfs/id/1.0.0,/libp2p/autonat/1.0.0,/libp2p/circuit/relay/0.2.0/hop,/vac/waku/metadata/1.0.0,/mix/1.0.0,/vac/waku/relay/2.0.0,/ipfs/ping/1.0.0,/vac/waku/lightpush/3.0.0,/vac/waku/lightpush/2.0.0-beta1,/vac/waku/filter-push/2.0.0-beta1 observable_address=ok(/ip4/127.0.0.1/tcp/63992) proto_version=ipfs/0.1.0 agent_version=logos-delivery-v0.39.0-gca2814 signedPeerRecord=None
[2026-10-02 00:41:09.713] [out] [delivery_module] DBG 2026-10-02 00:41:09.713+02:00 identify: info received                    topics="libp2p identify" tid=41952338 stream=16U*zyy5mb:6abee185e7e98db31dd74591 pubkey=ok(sec...5407)) addresses=/ip4/127.0.0.1/tcp/63873 protocols=/ipfs/id/1.0.0,/libp2p/autonat/1.0.0,/libp2p/circuit/relay/0.2.0/hop,/vac/waku/metadata/1.0.0,/mix/1.0.0,/vac/waku/relay/2.0.0,/ipfs/ping/1.0.0,/vac/waku/lightpush/3.0.0,/vac/waku/lightpush/2.0.0-beta1,/vac/waku/filter-push/2.0.0-beta1 observable_address=ok(/ip4/127.0.0.1/tcp/63993) proto_version=ipfs/0.1.0 agent_version=logos-delivery-v0.39.0-gca2814 signedPeerRecord=None
[2026-10-02 00:41:09.713] [out] [delivery_module] DBG 2026-10-02 00:41:09.713+02:00 starting pubsub read loop                  topics="libp2p pubsubpeer" tid=41952338 stream=16U*3jA49k:6abee185e7e98db31dd7458c peer=16U*3jA49k closed=false
[2026-10-02 00:41:09.713] [out] [delivery_module] DBG 2026-10-02 00:41:09.713+02:00 Event identified                           topics="waku node peer_manager" tid=41952338 peerId=16U*3jA49k
[2026-10-02 00:41:09.713] [out] [delivery_module] DBG 2026-10-02 00:41:09.713+02:00 no listener registered                     tid=41952340 event=onConnectionChange
[2026-10-02 00:41:09.713] [out] [delivery_module] DBG 2026-10-02 00:41:09.713+02:00 starting pubsub read loop                  topics="libp2p pubsubpeer" tid=41952338 stream=16U*F5eJue:6abee185e7e98db31dd7458e peer=16U*F5eJue closed=false
[2026-10-02 00:41:09.713] [out] [delivery_module] DBG 2026-10-02 00:41:09.713+02:00 starting pubsub read loop                  topics="libp2p pubsubpeer" tid=41952338 stream=16U*zyy5mb:6abee185e7e98db31dd74590 peer=16U*zyy5mb closed=false
[2026-10-02 00:41:09.713] [out] [delivery_module] DBG 2026-10-02 00:41:09.713+02:00 Event identified                           topics="waku node peer_manager" tid=41952338 peerId=16U*F5eJue
[2026-10-02 00:41:09.713] [out] [delivery_module] DBG 2026-10-02 00:41:09.713+02:00 no listener registered                     tid=41952340 event=onConnectionChange
[2026-10-02 00:41:09.713] [out] [delivery_module] DBG 2026-10-02 00:41:09.713+02:00 Event identified                           topics="waku node peer_manager" tid=41952338 peerId=16U*zyy5mb
[2026-10-02 00:41:09.713] [out] [delivery_module] DBG 2026-10-02 00:41:09.713+02:00 no listener registered                     tid=41952340 event=onConnectionChange
[2026-10-02 00:41:09.714] [out] [delivery_module] DBG 2026-10-02 00:41:09.714+02:00 Received WakuMetadata request              topics="waku metadata" tid=41952338 remoteClusterId=ok(42) remoteShards="[0]" localClusterId=42 localShards="[0]" peer=16U*UYQMtJ
[2026-10-02 00:41:09.715] [out] [delivery_module] DBG 2026-10-02 00:41:09.715+02:00 Received WakuMetadata request              topics="waku metadata" tid=41952338 remoteClusterId=ok(42) remoteShards="[0]" localClusterId=42 localShards="[0]" peer=16U*F5eJue
[2026-10-02 00:41:09.715] [out] [delivery_module] DBG 2026-10-02 00:41:09.715+02:00 Received WakuMetadata request              topics="waku metadata" tid=41952338 remoteClusterId=ok(42) remoteShards="[0]" localClusterId=42 localShards="[0]" peer=16U*3jA49k
[2026-10-02 00:41:09.715] [out] [delivery_module] DBG 2026-10-02 00:41:09.715+02:00 Received WakuMetadata request              topics="waku metadata" tid=41952338 remoteClusterId=ok(42) remoteShards="[0]" localClusterId=42 localShards="[0]" peer=16U*zyy5mb
[2026-10-02 00:41:09.715] [out] [delivery_module] DBG 2026-10-02 00:41:09.715+02:00 no listener registered                     tid=41952340 event=onConnectionChange
[2026-10-02 00:41:09.715] [out] [delivery_module] DBG 2026-10-02 00:41:09.715+02:00 no listener registered                     tid=41952340 event=onConnectionChange
[2026-10-02 00:41:09.716] [out] [delivery_module] DBG 2026-10-02 00:41:09.716+02:00 no listener registered                     tid=41952340 event=onConnectionChange
[2026-10-02 00:41:09.716] [out] [delivery_module] DBG 2026-10-02 00:41:09.716+02:00 no listener registered                     tid=41952340 event=onConnectionChange
[2026-10-02 00:41:09.716] [out] [delivery_module] DBG 2026-10-02 00:41:09.716+02:00 Finished dialing multiple peers            tid=41952338 successfulConns=4 attempted=4
[2026-10-02 00:41:09.716] [out] [delivery_module] DBG 2026-10-02 00:41:09.716+02:00 Starting peer exchange loop                topics="waku node peerexchange api" tid=41952338
[2026-10-02 00:41:09.716] [out] [delivery_module] DBG 2026-10-02 00:41:09.716+02:00 Retrieving peer info via peer exchange protocol topics="waku node peerexchange api" tid=41952338 amount=5
[2026-10-02 00:41:09.716] [out] [delivery_module] DBG 2026-10-02 00:41:09.716+02:00 Peer exchange request could not be made as no peer exchange peers found topics="waku peer_exchange client" tid=41952338
[2026-10-02 00:41:09.716] [out] [delivery_module] DBG 2026-10-02 00:41:09.716+02:00 Failed to retrieve peer info via peer exchange protocol topics="waku node peerexchange api" tid=41952338 error="(status_code: SERVICE_UNAVAILABLE, status_desc: ok(peer_not_found_failure))"
[2026-10-02 00:41:09.716] [out] [delivery_module] DBG 2026-10-02 00:41:09.716+02:00 Cannot fetch peers from peer exchange      topics="waku node peerexchange api" tid=41952338 cause="(status_code: SERVICE_UNAVAILABLE, status_desc: ok(peer_not_found_failure))"
[2026-10-02 00:41:09.716] [out] [delivery_module] INF 2026-10-02 00:41:09.716+02:00 Relay peer connections                     topics="waku node peer_manager" tid=41952338 inRelayConns=0/50 outRelayConns=4/25 totalConnections=4/150 notConnectedPeers=0 outsideBackoffPeers=0
[2026-10-02 00:41:09.717] [out] [delivery_module] DBG 2026-10-02 00:41:09.717+02:00 ENR addresses updated                      topics="waku enr" tid=41952338 retained=1 total=1
[2026-10-02 00:41:09.717] [out] [delivery_module] INF 2026-10-02 00:41:09.717+02:00 Node is online                             topics="waku online monitor" tid=41952338
[2026-10-02 00:41:09.717] [out] [delivery_module] INF 2026-10-02 00:41:09.717+02:00 Health monitor loop start                  tid=41952338
[2026-10-02 00:41:09.717] [out] [delivery_module] DBG 2026-10-02 00:41:09.717+02:00 calculateConnectionState                   tid=41952338 relayCount=4 storeClientCount=0 lightpushCount=4 filterCount=0
[2026-10-02 00:41:09.717] [out] [delivery_module] DBG 2026-10-02 00:41:09.717+02:00 connectionStatus change                    tid=41952338 oldstatus=Disconnected newstatus=Connected
[2026-10-02 00:41:09.717] [out] [delivery_module] INF 2026-10-02 00:41:09.717+02:00 starting keepalive                         tid=41952338 randomPeersKeepalive=10s allPeersKeepalive=2m
[2026-10-02 00:41:09.811] [out] [delivery_module] DBG 2026-10-02 00:41:09.811+02:00 no listener registered                     tid=41952340 event=onTopicHealthChange
qt.qpa.fonts: Populating font family aliases took 44 ms. Replace uses of missing font family "Sans Serif" with one that exists to avoid this cost. 
[2026-10-02 00:41:09.820] [out] [delivery_module] DBG 2026-10-02 00:41:09.820+02:00 calculateConnectionState                   tid=41952338 relayCount=4 storeClientCount=0 lightpushCount=4 filterCount=0
Loaded UI plugin: "/nix/store/lpw6vdhviy85qzljih8n5agnv7yv5mvx-logos-forum_module-plugin-dir"
[QmlInspector] Inspector server listening on port 3769
[QmlInspector] Client connected from "::1"
[QmlInspector] Client disconnected
[2026-10-02 00:41:39.711] [out] [delivery_module] DBG 2026-10-02 00:41:39.711+02:00 Accepted an incoming connection            topics="libp2p switch" tid=41952338 conn=:6abee1a3e7e98db31dd745af
[2026-10-02 00:41:39.712] [out] [delivery_module] DBG 2026-10-02 00:41:39.711+02:00 About to accept incoming connection        topics="libp2p switch" tid=41952338
[2026-10-02 00:41:39.715] [out] [delivery_module] DBG 2026-10-02 00:41:39.715+02:00 dialMe answer is reachable                 topics="libp2p autonatservice" tid=41952338 peerId=16Uiu2HAmJM5hnNEdyPFk4FPhwnrFVxWZyqJVkHN72YiPVPzyy5mb
[2026-10-02 00:41:39.715] [out] [delivery_module] DBG 2026-10-02 00:41:39.715+02:00 Current status                             topics="libp2p autonatservice" tid=41952338 currentStats=Unknown confidence=none() answers=[Reachable]
[2026-10-02 00:41:39.717] [out] [delivery_module] DBG 2026-10-02 00:41:39.717+02:00 Accepted an incoming connection            topics="libp2p switch" tid=41952338 conn=:6abee1a3e7e98db31dd745b3
[2026-10-02 00:41:39.717] [out] [delivery_module] DBG 2026-10-02 00:41:39.717+02:00 About to accept incoming connection        topics="libp2p switch" tid=41952338
[2026-10-02 00:41:39.720] [out] [delivery_module] DBG 2026-10-02 00:41:39.720+02:00 dialMe answer is reachable                 topics="libp2p autonatservice" tid=41952338 peerId=16Uiu2HAmPnu9XEGdLCx4zu6dpkRE2762bEHhXQN296xkxrF5eJue
[2026-10-02 00:41:39.720] [out] [delivery_module] DBG 2026-10-02 00:41:39.720+02:00 Current status                             topics="libp2p autonatservice" tid=41952338 currentStats=Unknown confidence=none() answers=[Reachable, Reachable]
[2026-10-02 00:41:39.722] [out] [delivery_module] DBG 2026-10-02 00:41:39.722+02:00 Accepted an incoming connection            topics="libp2p switch" tid=41952338 conn=:6abee1a3e7e98db31dd745b7
[2026-10-02 00:41:39.722] [out] [delivery_module] DBG 2026-10-02 00:41:39.722+02:00 About to accept incoming connection        topics="libp2p switch" tid=41952338
[2026-10-02 00:41:39.725] [out] [delivery_module] DBG 2026-10-02 00:41:39.725+02:00 dialMe answer is reachable                 topics="libp2p autonatservice" tid=41952338 peerId=16Uiu2HAmBVNiR3RH6Gk21uVKQxfPt27FxFQx3veetLD6Hu3jA49k
[2026-10-02 00:41:39.725] [out] [delivery_module] DBG 2026-10-02 00:41:39.725+02:00 Current status                             topics="libp2p autonatservice" tid=41952338 currentStats=Reachable confidence=ok(1.0) answers=[Reachable, Reachable, Reachable]
[2026-10-02 00:41:39.725] [out] [delivery_module] DBG 2026-10-02 00:41:39.725+02:00 Peer reachability status                   tid=41952338 networkReachability=Reachable confidence=1.0
[2026-10-02 00:42:09.710] [out] [delivery_module] DBG 2026-10-02 00:42:09.710+02:00 Accepted an incoming connection            topics="libp2p switch" tid=41952338 conn=:6abee1c1e7e98db31dd745d3
[2026-10-02 00:42:09.710] [out] [delivery_module] DBG 2026-10-02 00:42:09.710+02:00 About to accept incoming connection        topics="libp2p switch" tid=41952338
[2026-10-02 00:42:09.713] [out] [delivery_module] DBG 2026-10-02 00:42:09.713+02:00 dialMe answer is reachable                 topics="libp2p autonatservice" tid=41952338 peerId=16Uiu2HAmJM5hnNEdyPFk4FPhwnrFVxWZyqJVkHN72YiPVPzyy5mb
[2026-10-02 00:42:09.713] [out] [delivery_module] DBG 2026-10-02 00:42:09.713+02:00 Current status                             topics="libp2p autonatservice" tid=41952338 currentStats=Reachable confidence=ok(1.0) answers=[Reachable, Reachable, Reachable]
[2026-10-02 00:42:09.715] [out] [delivery_module] DBG 2026-10-02 00:42:09.715+02:00 Accepted an incoming connection            topics="libp2p switch" tid=41952338 conn=:6abee1c1e7e98db31dd745d7
[2026-10-02 00:42:09.715] [out] [delivery_module] DBG 2026-10-02 00:42:09.715+02:00 About to accept incoming connection        topics="libp2p switch" tid=41952338
[2026-10-02 00:42:09.717] [out] [delivery_module] DBG 2026-10-02 00:42:09.717+02:00 Retrieving peer info via peer exchange protocol topics="waku node peerexchange api" tid=41952338 amount=5
[2026-10-02 00:42:09.717] [out] [delivery_module] DBG 2026-10-02 00:42:09.717+02:00 Peer exchange request could not be made as no peer exchange peers found topics="waku peer_exchange client" tid=41952338
[2026-10-02 00:42:09.717] [out] [delivery_module] DBG 2026-10-02 00:42:09.717+02:00 Failed to retrieve peer info via peer exchange protocol topics="waku node peerexchange api" tid=41952338 error="(status_code: SERVICE_UNAVAILABLE, status_desc: ok(peer_not_found_failure))"
[2026-10-02 00:42:09.717] [out] [delivery_module] DBG 2026-10-02 00:42:09.717+02:00 Cannot fetch peers from peer exchange      topics="waku node peerexchange api" tid=41952338 cause="(status_code: SERVICE_UNAVAILABLE, status_desc: ok(peer_not_found_failure))"
[2026-10-02 00:42:09.718] [out] [delivery_module] DBG 2026-10-02 00:42:09.718+02:00 dialMe answer is reachable                 topics="libp2p autonatservice" tid=41952338 peerId=16Uiu2HAmPnu9XEGdLCx4zu6dpkRE2762bEHhXQN296xkxrF5eJue
[2026-10-02 00:42:09.718] [out] [delivery_module] DBG 2026-10-02 00:42:09.718+02:00 Current status                             topics="libp2p autonatservice" tid=41952338 currentStats=Reachable confidence=ok(1.0) answers=[Reachable, Reachable, Reachable]
[2026-10-02 00:42:09.720] [out] [delivery_module] DBG 2026-10-02 00:42:09.720+02:00 Accepted an incoming connection            topics="libp2p switch" tid=41952338 conn=:6abee1c1e7e98db31dd745db
[2026-10-02 00:42:09.720] [out] [delivery_module] DBG 2026-10-02 00:42:09.720+02:00 About to accept incoming connection        topics="libp2p switch" tid=41952338
[2026-10-02 00:42:09.723] [out] [delivery_module] DBG 2026-10-02 00:42:09.723+02:00 dialMe answer is reachable                 topics="libp2p autonatservice" tid=41952338 peerId=16Uiu2HAmBVNiR3RH6Gk21uVKQxfPt27FxFQx3veetLD6Hu3jA49k
[2026-10-02 00:42:09.723] [out] [delivery_module] DBG 2026-10-02 00:42:09.723+02:00 Current status                             topics="libp2p autonatservice" tid=41952338 currentStats=Reachable confidence=ok(1.0) answers=[Reachable, Reachable, Reachable]
[QmlInspector] Client connected from "::1"
[2026-10-02 00:42:39.705] [out] [delivery_module] DBG 2026-10-02 00:42:39.705+02:00 Accepted an incoming connection            topics="libp2p switch" tid=41952338 conn=:6abee1dfe7e98db31dd745f6
[2026-10-02 00:42:39.705] [out] [delivery_module] DBG 2026-10-02 00:42:39.705+02:00 About to accept incoming connection        topics="libp2p switch" tid=41952338
[2026-10-02 00:42:39.708] [out] [delivery_module] DBG 2026-10-02 00:42:39.708+02:00 dialMe answer is reachable                 topics="libp2p autonatservice" tid=41952338 peerId=16Uiu2HAmJM5hnNEdyPFk4FPhwnrFVxWZyqJVkHN72YiPVPzyy5mb
[2026-10-02 00:42:39.708] [out] [delivery_module] DBG 2026-10-02 00:42:39.708+02:00 Current status                             topics="libp2p autonatservice" tid=41952338 currentStats=Reachable confidence=ok(1.0) answers=[Reachable, Reachable, Reachable]
[2026-10-02 00:42:39.711] [out] [delivery_module] DBG 2026-10-02 00:42:39.711+02:00 Accepted an incoming connection            topics="libp2p switch" tid=41952338 conn=:6abee1dfe7e98db31dd745fa
[2026-10-02 00:42:39.711] [out] [delivery_module] DBG 2026-10-02 00:42:39.711+02:00 About to accept incoming connection        topics="libp2p switch" tid=41952338
[2026-10-02 00:42:39.714] [out] [delivery_module] DBG 2026-10-02 00:42:39.714+02:00 dialMe answer is reachable                 topics="libp2p autonatservice" tid=41952338 peerId=16Uiu2HAmBVNiR3RH6Gk21uVKQxfPt27FxFQx3veetLD6Hu3jA49k
[2026-10-02 00:42:39.714] [out] [delivery_module] DBG 2026-10-02 00:42:39.714+02:00 Current status                             topics="libp2p autonatservice" tid=41952338 currentStats=Reachable confidence=ok(1.0) answers=[Reachable, Reachable, Reachable]
[2026-10-02 00:42:39.716] [out] [delivery_module] DBG 2026-10-02 00:42:39.716+02:00 Accepted an incoming connection            topics="libp2p switch" tid=41952338 conn=:6abee1dfe7e98db31dd745fe
[2026-10-02 00:42:39.716] [out] [delivery_module] DBG 2026-10-02 00:42:39.716+02:00 About to accept incoming connection        topics="libp2p switch" tid=41952338
[2026-10-02 00:42:39.719] [out] [delivery_module] DBG 2026-10-02 00:42:39.719+02:00 dialMe answer is reachable                 topics="libp2p autonatservice" tid=41952338 peerId=16Uiu2HAm8B4QuNT4k52CwYoT9iDr93Mj9UP7WJM22p1RcgUYQMtJ
[2026-10-02 00:42:39.719] [out] [delivery_module] DBG 2026-10-02 00:42:39.719+02:00 Current status                             topics="libp2p autonatservice" tid=41952338 currentStats=Reachable confidence=ok(1.0) answers=[Reachable, Reachable, Reachable]
[QmlInspector] Client disconnected
