run-logos-standalone-ui: hot-reloading QML from <repo>/src/qml
  (export DEV_QML_PATH to override, or LOGOS_QML_HOT_RELOAD=0 to disable)
Session directory: "~/Library/Application Support/Logos/LogosStandalone"
[2026-10-01 22:56:08.346] [info] [logos] Granting host services to 'capability_module': token_registry,token_delivery
[2026-10-01 22:56:08.374] [out] [capability_module] [2026-10-01 22:56:08.374] [info] Granting host services to capability_module: ["token_registry","token_delivery"]
RemoteTransportConnection: Connecting to registry: "local:logos_capability_module_c84f82d29794" at "22:56:08.375"
RemoteTransportConnection: Registry connect attempt started (no peer contact yet): "local:logos_capability_module_c84f82d29794"
LogosAPIConsumer: Informing module token for module: "capability_module" with token: "redacted:ff5ccf39…"
RemoteTransportConnection: Requesting object: "capability_module" at "22:56:08.375"
[LogosObject] RemoteTransportConnection: returning RemoteLogosObject for: "capability_module"
[LogosObject] Created RemoteLogosObject wrapping QRemoteObjectReplica 105553133913984
[LogosObject] LogosAPIConsumer: calling LogosObject::informModuleToken for "capability_module"
LogosAPIConsumer: informModuleToken completed with result: true
[LogosObject] Destroying RemoteLogosObject 0
[2026-10-01 22:56:08.401] [info] [logos] Module loaded: capability_module
LogosAPIConsumer: Informing module token for module: "modules_state" with token: "redacted:befddf58…"
RemoteTransportConnection: Requesting object: "capability_module" at "22:56:08.429"
[LogosObject] RemoteTransportConnection: returning RemoteLogosObject for: "capability_module"
[LogosObject] Created RemoteLogosObject wrapping QRemoteObjectReplica 105553133942528
[LogosObject] LogosAPIConsumer: calling LogosObject::informModuleToken for "modules_state"
LogosAPIConsumer: informModuleToken completed with result: true
[LogosObject] Destroying RemoteLogosObject 0
[2026-10-01 22:56:08.432] [info] [logos] Module loaded: modules_state
RemoteTransportConnection: Connecting to registry: "local:logos_modules_state_c84f82d29794" at "22:56:08.433"
RemoteTransportConnection: Registry connect attempt started (no peer contact yet): "local:logos_modules_state_c84f82d29794"
RemoteTransportConnection: Connecting to registry: "local:logos_capability_module_c84f82d29794" at "22:56:08.433"
RemoteTransportConnection: Registry connect attempt started (no peer contact yet): "local:logos_capability_module_c84f82d29794"
LogosAPIConsumer: '"modules_state"::""' deferred pending the module becoming reachable
LogosAPIConsumer: '"modules_state"::""' deferred pending the module becoming reachable
Logos Core started (modules dir: "/nix/store/4v2cj5cr5dlsjb9cl0blr0cds0qf07iv-logos-forum_module-plugin-dir-modules" )
Set app icon from metadata: "/nix/store/hd5w6hjzlc0r8yz57fpggsc7mmwlwh15-logos-forum_module-plugin-dir/src/icons/icon.png"
[2026-10-01 22:56:08.473] [info] [logos] [delivery_module] DeliveryModuleImpl: Initializing...
LogosAPIConsumer: Informing module token for module: "delivery_module" with token: "redacted:e3d5f78e…"
RemoteTransportConnection: Requesting object: "capability_module" at "22:56:08.474"
[LogosObject] RemoteTransportConnection: returning RemoteLogosObject for: "capability_module"
[LogosObject] Created RemoteLogosObject wrapping QRemoteObjectReplica 105553133916512
[LogosObject] LogosAPIConsumer: calling LogosObject::informModuleToken for "delivery_module"
LogosAPIConsumer: informModuleToken completed with result: true
[LogosObject] Destroying RemoteLogosObject 0
[2026-10-01 22:56:08.474] [info] [logos] Module loaded: delivery_module
RemoteTransportConnection: Connecting to registry: "local:logos_delivery_module_c84f82d29794" at "22:56:08.474"
RemoteTransportConnection: Registry connect attempt started (no peer contact yet): "local:logos_delivery_module_c84f82d29794"
RemoteTransportConnection: Connecting to registry: "local:logos_capability_module_c84f82d29794" at "22:56:08.474"
RemoteTransportConnection: Registry connect attempt started (no peer contact yet): "local:logos_capability_module_c84f82d29794"
LogosAPIConsumer: '"delivery_module"::""' deferred pending the module becoming reachable
LogosAPIClient: getToken for module: "modules_state"
LogosAPIClient: Found token for module: "modules_state"
RemoteTransportConnection: Requesting object: "modules_state" at "22:56:08.475"
[LogosObject] RemoteTransportConnection: returning RemoteLogosObject for: "modules_state"
[LogosObject] Created RemoteLogosObject wrapping QRemoteObjectReplica 105553133735360
[LogosObject] LogosAPIConsumer: async calling via LogosObject::callMethodAsync "note_transition"
[LogosObject] RemoteLogosObject::callMethodAsync "note_transition" args: 7
LogosAPIClient: getToken for module: "modules_state"
LogosAPIClient: Found token for module: "modules_state"
[LogosObject] LogosAPIConsumer: async calling via LogosObject::callMethodAsync "note_transition"
[LogosObject] RemoteLogosObject::callMethodAsync "note_transition" args: 7
Loaded dependency (with transitive deps): "delivery_module"
[2026-10-01 22:56:08.504] [info] [logos] [storage_module] StorageModuleImpl: Initializing...
LogosAPIConsumer: Informing module token for module: "storage_module" with token: "redacted:bf3d9e88…"
RemoteTransportConnection: Requesting object: "capability_module" at "22:56:08.504"
[LogosObject] Created RemoteLogosObject wrapping QRemoteObjectReplica 105553133919264
LogosAPIClient: invoking remote method "modules_state" "apply_snapshot" args_count: 1
LogosAPIClient: getToken for module: "modules_state"
LogosAPIClient: Found token for module: "modules_state"
LogosAPIConsumer: Calling invokeRemoteMethod: "modules_state" "apply_snapshot" args_count: 1 timeout: 20000
[LogosObject] LogosAPIConsumer: calling via LogosObject::callMethod "apply_snapshot"
[LogosObject] RemoteLogosObject::callMethod "apply_snapshot" args: 1
[LogosObject] Created RemoteLogosObject wrapping QRemoteObjectReplica 105553133735104
LogosAPIClient: getToken for module: "modules_state"
LogosAPIClient: Found token for module: "modules_state"
[LogosObject] LogosAPIConsumer: async calling via LogosObject::callMethodAsync "note_transition"
[LogosObject] RemoteLogosObject::callMethodAsync "note_transition" args: 7
LogosAPIClient: getToken for module: "modules_state"
LogosAPIClient: Found token for module: "modules_state"
[LogosObject] LogosAPIConsumer: async calling via LogosObject::callMethodAsync "note_transition"
[LogosObject] RemoteLogosObject::callMethodAsync "note_transition" args: 7
[2026-10-01 22:56:08.508] [info] [logos] Pushed module snapshot to modules_state
LogosAPIClient: getToken for module: "modules_state"
LogosAPIClient: Found token for module: "modules_state"
[LogosObject] LogosAPIConsumer: async calling via LogosObject::callMethodAsync "note_transition"
[LogosObject] RemoteLogosObject::callMethodAsync "note_transition" args: 7
[LogosObject] RemoteTransportConnection: returning RemoteLogosObject for: "capability_module"
[LogosObject] Created RemoteLogosObject wrapping QRemoteObjectReplica 105553133936928
[LogosObject] LogosAPIConsumer: calling LogosObject::informModuleToken for "storage_module"
LogosAPIConsumer: informModuleToken completed with result: true
[LogosObject] Destroying RemoteLogosObject 0
[2026-10-01 22:56:08.508] [info] [logos] Module loaded: storage_module
RemoteTransportConnection: Connecting to registry: "local:logos_storage_module_c84f82d29794" at "22:56:08.508"
RemoteTransportConnection: Registry connect attempt started (no peer contact yet): "local:logos_storage_module_c84f82d29794"
RemoteTransportConnection: Connecting to registry: "local:logos_capability_module_c84f82d29794" at "22:56:08.508"
RemoteTransportConnection: Registry connect attempt started (no peer contact yet): "local:logos_capability_module_c84f82d29794"
LogosAPIConsumer: '"storage_module"::""' deferred pending the module becoming reachable
LogosAPIClient: getToken for module: "modules_state"
LogosAPIClient: Found token for module: "modules_state"
[LogosObject] LogosAPIConsumer: async calling via LogosObject::callMethodAsync "note_transition"
[LogosObject] RemoteLogosObject::callMethodAsync "note_transition" args: 7
Loaded dependency (with transitive deps): "storage_module"
DEV_QML_PATH override active: <repo>/src/qml/Main.qml
RemoteTransportConnection: Connecting to registry: "local:logos_capability_module_c84f82d29794" at "22:56:08.509"
RemoteTransportConnection: Registry connect attempt started (no peer contact yet): "local:logos_capability_module_c84f82d29794"
LogosAPIConsumer: Informing module token for module: "forum_module" with token: "redacted:dc320f39…"
RemoteTransportConnection: Requesting object: "capability_module" at "22:56:08.509"
[LogosObject] RemoteTransportConnection: returning RemoteLogosObject for: "capability_module"
[LogosObject] Created RemoteLogosObject wrapping QRemoteObjectReplica 105553133717728
[LogosObject] LogosAPIConsumer: calling LogosObject::informModuleToken for "forum_module"
[LogosObject] Created RemoteLogosObject wrapping QRemoteObjectReplica 105553133716704
LogosAPIClient: getToken for module: "modules_state"
LogosAPIClient: Found token for module: "modules_state"
[LogosObject] LogosAPIConsumer: async calling via LogosObject::callMethodAsync "note_transition"
[LogosObject] RemoteLogosObject::callMethodAsync "note_transition" args: 7
LogosAPIConsumer: informModuleToken completed with result: true
[LogosObject] Destroying RemoteLogosObject 0
[2026-10-01 22:56:08.913] [warning] [logos] [capability_module] Warning: QObject::connect: No such signal ::eventResponse(QString,QVariantList)
[2026-10-01 22:56:08.914] [info] [logos] [delivery_module] DeliveryModuleImpl::getNodeInfo called with nodeInfoId: MyPeerId
[2026-10-01 22:56:08.914] [info] [logos] [delivery_module] DeliveryModuleImpl: Cannot get node info - context not initialized. Call createNode first.
[2026-10-01 22:56:08.914] [info] [logos] [delivery_module] DeliveryModuleImpl::createNode called
[2026-10-01 22:56:08.921] [info] [logos] [delivery_module] DeliveryModuleImpl: Waiting for createNode callback...
[2026-10-01 22:56:08.922] [out] [delivery_module] DBG 2026-10-01 22:56:08.922+02:00 Whether to mount storeSync is not specified, defaulting to not mounting topics="waku conf builder" tid=41735769
[2026-10-01 22:56:08.922] [out] [delivery_module] INF 2026-10-01 22:56:08.922+02:00 Sharding configuration:                    topics="waku conf builder" tid=41735769 shardingConf="(kind: AutoSharding, numShardsInCluster: 1)" subscribeShards=@[0]
[2026-10-01 22:56:08.923] [out] [delivery_module] INF 2026-10-01 22:56:08.923+02:00 Configuration: Enabled protocols           topics="waku conf" tid=41735769 relay=true rlnRelay=false store=false filter=false lightPush=false peerExchange=false rendezvous=false
[2026-10-01 22:56:08.923] [out] [delivery_module] INF 2026-10-01 22:56:08.923+02:00 Configuration. Network                     topics="waku conf" tid=41735769 cluster=42
[2026-10-01 22:56:08.923] [out] [delivery_module] DBG 2026-10-01 22:56:08.923+02:00 Configuration. Active Relay Shards         topics="waku conf" tid=41735769 shard=0
[2026-10-01 22:56:08.923] [out] [delivery_module] INF 2026-10-01 22:56:08.923+02:00 Setting up storage                         tid=41735769
[2026-10-01 22:56:08.923] [out] [delivery_module] INF 2026-10-01 22:56:08.923+02:00 Initializing node                          tid=41735769
[2026-10-01 22:56:08.923] [out] [delivery_module] INF 2026-10-01 22:56:08.923+02:00 Initializing networking                    tid=41735769 addrs=@[/ip4/127.0.0.1/tcp/56021]
[2026-10-01 22:56:08.923] [out] [delivery_module] INF 2026-10-01 22:56:08.923+02:00 Mounting protocols                         tid=41735769
[2026-10-01 22:56:08.923] [out] [delivery_module] INF 2026-10-01 22:56:08.923+02:00 Created WakuMetadata protocol              topics="waku node" tid=41735769 clusterId=42 shards="[0]"
[2026-10-01 22:56:08.923] [out] [delivery_module] INF 2026-10-01 22:56:08.923+02:00 Mounting mix protocol                      topics="waku node" tid=41735769INF 2026-10-01 22:56:08.923+02:00 node info                                  topics="waku node" tid=41735769 wakuInfo="(listenAddresses: [/ip4/127.0.0.1/tcp/56021/p2p/16Uiu2HAmPB3BeBKSam5273uLEtfrzb5T11ez2b63ZEYecPJcTSkw], enrUri: enr:-JS4QJsgCa-dc0JUakdvEU1Jvdqu2O2AQJKOuLYlMYA_2ZF_SoTwhXll809VXhXP4usJ_kfJYyl5r8PZcbCGDHitAowBgmlkgnY0gmlwhH8AAAGCcnOFACoBAACJc2VjcDI1NmsxoQOcR39gAbQBaWQOtH-LB6OhKBnGeD6j9N6DKgMxQLgrWIN0Y3CC2tWFd2FrdTIh, mixPubKey: none())"
[2026-10-01 22:56:08.923] [out] [delivery_module]  nodeId="(listenAddresses: [/ip4/127.0.0.1/tcp/56021/p2p/16Uiu2HAmPB3BeBKSam5273uLEtfrzb5T11ez2b63ZEYecPJcTSkw], enrUri: enr:-JS4QJsgCa-dc0JUakdvEU1Jvdqu2O2AQJKOuLYlMYA_2ZF_SoTwhXll809VXhXP4usJ_kfJYyl5r8PZcbCGDHitAowBgmlkgnY0gmlwhH8AAAGCcnOFACoBAACJc2VjcDI1NmsxoQOcR39gAbQBaWQOtH-LB6OhKBnGeD6j9N6DKgMxQLgrWIN0Y3CC2tWFd2FrdTIh, mixPubKey: none())"
[2026-10-01 22:56:08.923] [out] [delivery_module] INF 2026-10-01 22:56:08.923+02:00 local addr                                 topics="waku node" tid=41735769 localaddr=/ip4/127.0.0.1/tcp/56021
[2026-10-01 22:56:08.923] [out] [delivery_module] INF 2026-10-01 22:56:08.923+02:00 mixPubKey                                  topics="waku node" tid=41735769 mixPubKey="[52, 85, 224, 85, 21, 247, 214, 188, 40, 7, 163, 213, 181, 179, 92, 244, 86, 96, 212, 182, 233, 187, 243, 25, 243, 166, 29, 51, 84, 171, 161, 109]"
[2026-10-01 22:56:08.924] [out] [delivery_module] INF 2026-10-01 22:56:08.924+02:00 Using mix bootstrap nodes                  topics="waku mix" tid=41735769 entries=4 poolSize=4
[2026-10-01 22:56:08.924] [out] [delivery_module] INF 2026-10-01 22:56:08.924+02:00 mounting store client                      topics="waku node store api" tid=41735769
[2026-10-01 22:56:08.924] [out] [delivery_module] INF 2026-10-01 22:56:08.924+02:00 Mounting auto sharding                     topics="waku node" tid=41735769 clusterId=42 shardCount=1
[2026-10-01 22:56:08.924] [out] [delivery_module] DBG 2026-10-01 22:56:08.924+02:00 Shards created from content topics         tid=41735769 contentTopics=[] shards=[]
[2026-10-01 22:56:08.924] [out] [delivery_module] DBG 2026-10-01 22:56:08.924+02:00 Setting max message size                   tid=41735769 num_bytes=153600
[2026-10-01 22:56:08.924] [out] [delivery_module] INF 2026-10-01 22:56:08.924+02:00 mounting relay protocol                    topics="waku node relay api" tid=41735769
[2026-10-01 22:56:08.924] [out] [delivery_module] DBG 2026-10-01 22:56:08.924+02:00 relay mounted successfully                 topics="waku node relay api" tid=41735769
[2026-10-01 22:56:08.924] [out] [delivery_module] DBG 2026-10-01 22:56:08.924+02:00 Adding validator to signed shards          tid=41735769 protectedShards=[] clusterId=42
[2026-10-01 22:56:08.924] [out] [delivery_module] INF 2026-10-01 22:56:08.924+02:00 mounting libp2p ping protocol              topics="waku node ping api" tid=41735769
[2026-10-01 22:56:08.924] [out] [delivery_module] INF 2026-10-01 22:56:08.924+02:00 mounting light push client                 topics="waku node lightpush api" tid=41735769
[2026-10-01 22:56:08.924] [out] [delivery_module] INF 2026-10-01 22:56:08.924+02:00 mounting legacy light push client          topics="waku node lightpush api" tid=41735769
[2026-10-01 22:56:08.924] [out] [delivery_module] DBG 2026-10-01 22:56:08.924+02:00 Adding peer to service slots               topics="waku node peer_manager" tid=41735769 peerId=16U*zbGePX addr=/ip4/127.0.0.1/tcp/56017 service=/vac/waku/lightpush/3.0.0
[2026-10-01 22:56:08.924] [out] [delivery_module] DBG 2026-10-01 22:56:08.924+02:00 Adding peer to service slots               topics="waku node peer_manager" tid=41735769 peerId=16U*zbGePX addr=/ip4/127.0.0.1/tcp/56017 service=/vac/waku/lightpush/2.0.0-beta1
[2026-10-01 22:56:08.924] [out] [delivery_module] INF 2026-10-01 22:56:08.924+02:00 mounting filter client                     topics="waku node filter api" tid=41735769
[2026-10-01 22:56:08.924] [out] [delivery_module] INF 2026-10-01 22:56:08.924+02:00 mounting waku peer exchange client         topics="waku node peerexchange api" tid=41735769
[2026-10-01 22:56:08.924] [out] [delivery_module] INF 2026-10-01 22:56:08.924+02:00 No external callbacks to be set            topics="wakunode waku" tid=41735769
[2026-10-01 22:56:08.924] [out] [delivery_module] INF 2026-10-01 22:56:08.924+02:00 Setting up AutonatService                  topics="libp2p autonatservice" tid=41735769
[2026-10-01 22:56:08.924] [info] [logos] [delivery_module] DeliveryModuleImpl::createNode callback called with ret: 0
[2026-10-01 22:56:08.925] [info] [logos] [delivery_module] DeliveryModuleImpl: Delivery context created successfully
[2026-10-01 22:56:08.925] [info] [logos] [delivery_module] DeliveryModuleImpl::start called
[2026-10-01 22:56:08.925] [out] [delivery_module] INF 2026-10-01 22:56:08.925+02:00 Retrieve dynamic bootstrap nodes           topics="wakunode waku" tid=41735769
[2026-10-01 22:56:08.925] [out] [delivery_module] INF 2026-10-01 22:56:08.925+02:00 Running nwaku node                         tid=41735769 version=v0.39.0-gca2814
[2026-10-01 22:56:08.925] [out] [delivery_module] INF 2026-10-01 22:56:08.925+02:00 Starting Waku node                         topics="waku node" tid=41735769 version=v0.39.0-gca2814
[2026-10-01 22:56:08.925] [out] [delivery_module] DBG 2026-10-01 22:56:08.925+02:00 starting switch for peer                   topics="libp2p switch" tid=41735769 peerInfo="(peerId: 16Uiu2HAmPB3BeBKSam5273uLEtfrzb5T11ez2b63ZEYecPJcTSkw, listenAddrs: [/ip4/127.0.0.1/tcp/56021], addrs: [], protocols: [/ipfs/id/1.0.0, /libp2p/autonat/1.0.0, /libp2p/circuit/relay/0.2.0/hop, /vac/waku/metadata/1.0.0, /mix/1.0.0, /vac/waku/relay/2.0.0, /ipfs/ping/1.0.0, /vac/waku/filter-push/2.0.0-beta1], protoVersion: ipfs/0.1.0, agentVersion: logos-delivery-v0.39.0-gca2814)"
[2026-10-01 22:56:08.925] [info] [logos] [delivery_module] DeliveryModuleImpl::getNodeInfo called with nodeInfoId: MyPeerId
[2026-10-01 22:56:08.926] [out] [delivery_module] DBG 2026-10-01 22:56:08.926+02:00 About to accept incoming connection        topics="libp2p switch" tid=41735769
[2026-10-01 22:56:08.926] [out] [delivery_module] INF 2026-10-01 22:56:08.926+02:00 start                                      topics="waku relay" tid=41735769
[2026-10-01 22:56:08.926] [out] [delivery_module] DBG 2026-10-01 22:56:08.926+02:00 Started libp2p node                        topics="libp2p switch" tid=41735769 peer="(peerId: 16Uiu2HAmPB3BeBKSam5273uLEtfrzb5T11ez2b63ZEYecPJcTSkw, listenAddrs: [/ip4/127.0.0.1/tcp/56021], addrs: [/ip4/127.0.0.1/tcp/56021], protocols: [/ipfs/id/1.0.0, /libp2p/autonat/1.0.0, /libp2p/circuit/relay/0.2.0/hop, /vac/waku/metadata/1.0.0, /mix/1.0.0, /vac/waku/relay/2.0.0, /ipfs/ping/1.0.0, /vac/waku/filter-push/2.0.0-beta1], protoVersion: ipfs/0.1.0, agentVersion: logos-delivery-v0.39.0-gca2814)"
[2026-10-01 22:56:08.927] [out] [delivery_module] INF 2026-10-01 22:56:08.927+02:00 Announced base resolved                    topics="waku node" tid=41735769 addrs=@[/ip4/127.0.0.1/tcp/56021] explicit=@[/ip4/127.0.0.1/tcp/56021]
[2026-10-01 22:56:08.927] [out] [delivery_module] DBG 2026-10-01 22:56:08.927+02:00 ENR addresses updated                      topics="waku enr" tid=41735769 retained=1 total=1
[2026-10-01 22:56:08.927] [out] [delivery_module] INF 2026-10-01 22:56:08.927+02:00 Node started successfully                  topics="waku node" tid=41735769
[2026-10-01 22:56:08.927] [out] [delivery_module] DBG 2026-10-01 22:56:08.927+02:00 Dialing multiple peers                     tid=41735769 numOfPeers=4 nodes="@[\"/ip4/127.0.0.1/tcp/56017/p2p/16Uiu2HAkxN8hTSzZD5sP5KYKagDDZdUMNfP5CK3F7itN8xzbGePX\", \"/ip4/127.0.0.1/tcp/56018/p2p/16Uiu2HAmJV7Ds65pJLYqKTZVLW3Pfw5wsLfSR91qGcYfrT2zfQkB\", \"/ip4/127.0.0.1/tcp/56019/p2p/16Uiu2HAm7KCGTsttH6QJXPuoohERZoQGybPTpFKPKd9SehoK5NBt\", \"/ip4/127.0.0.1/tcp/56020/p2p/16Uiu2HAmR59xmU8fYqp894s5ZPgNziuxDzFBeE6NkZzyFGEF7tQP\"]"
[2026-10-01 22:56:08.927] [out] [delivery_module] DBG 2026-10-01 22:56:08.927+02:00 Dialing peer                               topics="libp2p dialer" tid=41735769 peerId=16U*zbGePX addrs="[/ip4/127.0.0.1/tcp/56017]"
[2026-10-01 22:56:08.927] [out] [delivery_module] DBG 2026-10-01 22:56:08.927+02:00 Expanded address and hostname              topics="libp2p dialer" tid=41735769 expandedAddress=/ip4/127.0.0.1/tcp/56017 hostname=127.0.0.1 resolvedAddresses="[/ip4/127.0.0.1/tcp/56017]"
[2026-10-01 22:56:08.927] [out] [delivery_module] DBG 2026-10-01 22:56:08.927+02:00 Dialing peer                               topics="libp2p dialer" tid=41735769 peerId=16U*2zfQkB addrs="[/ip4/127.0.0.1/tcp/56018]"
[2026-10-01 22:56:08.927] [out] [delivery_module] DBG 2026-10-01 22:56:08.927+02:00 Expanded address and hostname              topics="libp2p dialer" tid=41735769 expandedAddress=/ip4/127.0.0.1/tcp/56018 hostname=127.0.0.1 resolvedAddresses="[/ip4/127.0.0.1/tcp/56018]"
[2026-10-01 22:56:08.927] [out] [delivery_module] DBG 2026-10-01 22:56:08.927+02:00 Dialing peer                               topics="libp2p dialer" tid=41735769 peerId=16U*oK5NBt addrs="[/ip4/127.0.0.1/tcp/56019]"
[2026-10-01 22:56:08.927] [out] [delivery_module] DBG 2026-10-01 22:56:08.927+02:00 Expanded address and hostname              topics="libp2p dialer" tid=41735769 expandedAddress=/ip4/127.0.0.1/tcp/56019 hostname=127.0.0.1 resolvedAddresses="[/ip4/127.0.0.1/tcp/56019]"
[2026-10-01 22:56:08.927] [out] [delivery_module] DBG 2026-10-01 22:56:08.927+02:00 Dialing peer                               topics="libp2p dialer" tid=41735769 peerId=16U*EF7tQP addrs="[/ip4/127.0.0.1/tcp/56020]"
[2026-10-01 22:56:08.928] [out] [delivery_module] DBG 2026-10-01 22:56:08.928+02:00 Expanded address and hostname              topics="libp2p dialer" tid=41735769 expandedAddress=/ip4/127.0.0.1/tcp/56020 hostname=127.0.0.1 resolvedAddresses="[/ip4/127.0.0.1/tcp/56020]"
[2026-10-01 22:56:08.929] [info] [logos] [delivery_module] DeliveryModuleImpl::subscribe called with contentTopic: /lp0026forum/1/general/text
[2026-10-01 22:56:08.930] [out] [delivery_module] DBG 2026-10-01 22:56:08.930+02:00 Subscribing to pubsub topic                topics="waku relay" tid=41735769 pubsubTopic=/waku/2/rs/42/0
[2026-10-01 22:56:08.930] [info] [logos] [delivery_module] DeliveryModuleImpl: Subscribe completed for topic: /lp0026forum/1/general/text with success
[2026-10-01 22:56:08.930] [out] [delivery_module] DBG 2026-10-01 22:56:08.930+02:00 No mesh peer for the given pubsub topic    topics="waku relay" tid=41735769 pubsubTopic=/waku/2/rs/42/0
[2026-10-01 22:56:08.931] [out] [delivery_module] DBG 2026-10-01 22:56:08.931+02:00 Dial successful                            topics="libp2p dialer" tid=41735769 peerId=16U*2zfQkB
[2026-10-01 22:56:08.931] [out] [delivery_module] DBG 2026-10-01 22:56:08.931+02:00 Dial successful                            topics="libp2p dialer" tid=41735769 peerId=16U*oK5NBt
[2026-10-01 22:56:08.931] [out] [delivery_module] DBG 2026-10-01 22:56:08.931+02:00 starting sendNonHighPriorityTask           topics="libp2p pubsubpeer" tid=41735769 p=16U*2zfQkB
[2026-10-01 22:56:08.931] [out] [delivery_module] DBG 2026-10-01 22:56:08.931+02:00 created new pubsub peer                    topics="libp2p pubsub" tid=41735769 peerId=16U*2zfQkB
[2026-10-01 22:56:08.931] [out] [delivery_module] DBG 2026-10-01 22:56:08.931+02:00 no listener registered                     tid=41735770 event=onConnectionChange
[2026-10-01 22:56:08.931] [out] [delivery_module] DBG 2026-10-01 22:56:08.931+02:00 starting sendNonHighPriorityTask           topics="libp2p pubsubpeer" tid=41735769 p=16U*oK5NBt
[2026-10-01 22:56:08.931] [out] [delivery_module] DBG 2026-10-01 22:56:08.931+02:00 created new pubsub peer                    topics="libp2p pubsub" tid=41735769 peerId=16U*oK5NBt
[2026-10-01 22:56:08.931] [out] [delivery_module] DBG 2026-10-01 22:56:08.931+02:00 no listener registered                     tid=41735770 event=onConnectionChange
[2026-10-01 22:56:08.931] [out] [delivery_module] DBG 2026-10-01 22:56:08.931+02:00 Incoming WakuRelay connection              topics="waku relay" tid=41735769 connection=16U*2zfQkB:6abec8e80435a170b3896e6d protocol=/vac/waku/relay/2.0.0
[2026-10-01 22:56:08.931] [out] [delivery_module] DBG 2026-10-01 22:56:08.931+02:00 starting pubsub read loop                  topics="libp2p pubsubpeer" tid=41735769 stream=16U*2zfQkB:6abec8e80435a170b3896e6d peer=16U*2zfQkB closed=false
[2026-10-01 22:56:08.931] [out] [delivery_module] DBG 2026-10-01 22:56:08.931+02:00 identify: info sent                        topics="libp2p identify" tid=41735769 stream=16U*2zfQkB:6abec8e80435a170b3896e6e info="(peerId: 16Uiu2HAmPB3BeBKSam5273uLEtfrzb5T11ez2b63ZEYecPJcTSkw, listenAddrs: [/ip4/127.0.0.1/tcp/56021], addrs: [/ip4/127.0.0.1/tcp/56021], protocols: [/ipfs/id/1.0.0, /libp2p/autonat/1.0.0, /libp2p/circuit/relay/0.2.0/hop, /vac/waku/metadata/1.0.0, /mix/1.0.0, /vac/waku/relay/2.0.0, /ipfs/ping/1.0.0, /vac/waku/filter-push/2.0.0-beta1], protoVersion: ipfs/0.1.0, agentVersion: logos-delivery-v0.39.0-gca2814)"
[2026-10-01 22:56:08.931] [out] [delivery_module] DBG 2026-10-01 22:56:08.931+02:00 Incoming WakuRelay connection              topics="waku relay" tid=41735769 connection=16U*oK5NBt:6abec8e80435a170b3896e6f protocol=/vac/waku/relay/2.0.0
[2026-10-01 22:56:08.931] [out] [delivery_module] DBG 2026-10-01 22:56:08.931+02:00 starting pubsub read loop                  topics="libp2p pubsubpeer" tid=41735769 stream=16U*oK5NBt:6abec8e80435a170b3896e6f peer=16U*oK5NBt closed=false
[2026-10-01 22:56:08.931] [out] [delivery_module] DBG 2026-10-01 22:56:08.931+02:00 identify: info sent                        topics="libp2p identify" tid=41735769 stream=16U*oK5NBt:6abec8e80435a170b3896e70 info="(peerId: 16Uiu2HAmPB3BeBKSam5273uLEtfrzb5T11ez2b63ZEYecPJcTSkw, listenAddrs: [/ip4/127.0.0.1/tcp/56021], addrs: [/ip4/127.0.0.1/tcp/56021], protocols: [/ipfs/id/1.0.0, /libp2p/autonat/1.0.0, /libp2p/circuit/relay/0.2.0/hop, /vac/waku/metadata/1.0.0, /mix/1.0.0, /vac/waku/relay/2.0.0, /ipfs/ping/1.0.0, /vac/waku/filter-push/2.0.0-beta1], protoVersion: ipfs/0.1.0, agentVersion: logos-delivery-v0.39.0-gca2814)"
[2026-10-01 22:56:08.932] [out] [delivery_module] DBG 2026-10-01 22:56:08.932+02:00 Dial successful                            topics="libp2p dialer" tid=41735769 peerId=16U*zbGePX
[2026-10-01 22:56:08.932] [out] [delivery_module] DBG 2026-10-01 22:56:08.932+02:00 starting sendNonHighPriorityTask           topics="libp2p pubsubpeer" tid=41735769 p=16U*zbGePX
[2026-10-01 22:56:08.932] [out] [delivery_module] DBG 2026-10-01 22:56:08.932+02:00 created new pubsub peer                    topics="libp2p pubsub" tid=41735769 peerId=16U*zbGePX
[2026-10-01 22:56:08.932] [out] [delivery_module] DBG 2026-10-01 22:56:08.932+02:00 no listener registered                     tid=41735770 event=onConnectionChange
[2026-10-01 22:56:08.932] [out] [delivery_module] DBG 2026-10-01 22:56:08.932+02:00 Incoming WakuRelay connection              topics="waku relay" tid=41735769 connection=16U*zbGePX:6abec8e80435a170b3896e75 protocol=/vac/waku/relay/2.0.0
[2026-10-01 22:56:08.932] [out] [delivery_module] DBG 2026-10-01 22:56:08.932+02:00 starting pubsub read loop                  topics="libp2p pubsubpeer" tid=41735769 stream=16U*zbGePX:6abec8e80435a170b3896e75 peer=16U*zbGePX closed=false
[2026-10-01 22:56:08.933] [out] [delivery_module] DBG 2026-10-01 22:56:08.932+02:00 identify: info sent                        topics="libp2p identify" tid=41735769 stream=16U*zbGePX:6abec8e80435a170b3896e76 info="(peerId: 16Uiu2HAmPB3BeBKSam5273uLEtfrzb5T11ez2b63ZEYecPJcTSkw, listenAddrs: [/ip4/127.0.0.1/tcp/56021], addrs: [/ip4/127.0.0.1/tcp/56021], protocols: [/ipfs/id/1.0.0, /libp2p/autonat/1.0.0, /libp2p/circuit/relay/0.2.0/hop, /vac/waku/metadata/1.0.0, /mix/1.0.0, /vac/waku/relay/2.0.0, /ipfs/ping/1.0.0, /vac/waku/filter-push/2.0.0-beta1], protoVersion: ipfs/0.1.0, agentVersion: logos-delivery-v0.39.0-gca2814)"
[2026-10-01 22:56:08.933] [out] [delivery_module] DBG 2026-10-01 22:56:08.933+02:00 Dial successful                            topics="libp2p dialer" tid=41735769 peerId=16U*EF7tQP
[2026-10-01 22:56:08.933] [out] [delivery_module] DBG 2026-10-01 22:56:08.933+02:00 identify: info received                    topics="libp2p identify" tid=41735769 stream=16U*2zfQkB:6abec8e80435a170b3896e72 pubkey=ok(sec...3fd1)) addresses=/ip4/127.0.0.1/tcp/56018 protocols=/ipfs/id/1.0.0,/libp2p/autonat/1.0.0,/libp2p/circuit/relay/0.2.0/hop,/vac/waku/metadata/1.0.0,/mix/1.0.0,/vac/waku/relay/2.0.0,/ipfs/ping/1.0.0,/vac/waku/lightpush/3.0.0,/vac/waku/lightpush/2.0.0-beta1,/vac/waku/filter-push/2.0.0-beta1 observable_address=ok(/ip4/127.0.0.1/tcp/56081) proto_version=ipfs/0.1.0 agent_version=logos-delivery-v0.39.0-gca2814 signedPeerRecord=None
[2026-10-01 22:56:08.933] [out] [delivery_module] DBG 2026-10-01 22:56:08.933+02:00 starting sendNonHighPriorityTask           topics="libp2p pubsubpeer" tid=41735769 p=16U*EF7tQP
[2026-10-01 22:56:08.933] [out] [delivery_module] DBG 2026-10-01 22:56:08.933+02:00 created new pubsub peer                    topics="libp2p pubsub" tid=41735769 peerId=16U*EF7tQP
[2026-10-01 22:56:08.933] [out] [delivery_module] DBG 2026-10-01 22:56:08.933+02:00 no listener registered                     tid=41735770 event=onConnectionChange
[2026-10-01 22:56:08.933] [out] [delivery_module] DBG 2026-10-01 22:56:08.933+02:00 starting pubsub read loop                  topics="libp2p pubsubpeer" tid=41735769 stream=16U*2zfQkB:6abec8e80435a170b3896e71 peer=16U*2zfQkB closed=false
[2026-10-01 22:56:08.933] [out] [delivery_module] DBG 2026-10-01 22:56:08.933+02:00 identify: info received                    topics="libp2p identify" tid=41735769 stream=16U*oK5NBt:6abec8e80435a170b3896e74 pubkey=ok(sec...62d2)) addresses=/ip4/127.0.0.1/tcp/56019 protocols=/ipfs/id/1.0.0,/libp2p/autonat/1.0.0,/libp2p/circuit/relay/0.2.0/hop,/vac/waku/metadata/1.0.0,/mix/1.0.0,/vac/waku/relay/2.0.0,/ipfs/ping/1.0.0,/vac/waku/lightpush/3.0.0,/vac/waku/lightpush/2.0.0-beta1,/vac/waku/filter-push/2.0.0-beta1 observable_address=ok(/ip4/127.0.0.1/tcp/56082) proto_version=ipfs/0.1.0 agent_version=logos-delivery-v0.39.0-gca2814 signedPeerRecord=None
[2026-10-01 22:56:08.933] [out] [delivery_module] DBG 2026-10-01 22:56:08.933+02:00 Incoming WakuRelay connection              topics="waku relay" tid=41735769 connection=16U*EF7tQP:6abec8e80435a170b3896e79 protocol=/vac/waku/relay/2.0.0
[2026-10-01 22:56:08.933] [out] [delivery_module] DBG 2026-10-01 22:56:08.933+02:00 starting pubsub read loop                  topics="libp2p pubsubpeer" tid=41735769 stream=16U*EF7tQP:6abec8e80435a170b3896e79 peer=16U*EF7tQP closed=false
[2026-10-01 22:56:08.933] [out] [delivery_module] DBG 2026-10-01 22:56:08.933+02:00 identify: info sent                        topics="libp2p identify" tid=41735769 stream=16U*EF7tQP:6abec8e80435a170b3896e7a info="(peerId: 16Uiu2HAmPB3BeBKSam5273uLEtfrzb5T11ez2b63ZEYecPJcTSkw, listenAddrs: [/ip4/127.0.0.1/tcp/56021], addrs: [/ip4/127.0.0.1/tcp/56021], protocols: [/ipfs/id/1.0.0, /libp2p/autonat/1.0.0, /libp2p/circuit/relay/0.2.0/hop, /vac/waku/metadata/1.0.0, /mix/1.0.0, /vac/waku/relay/2.0.0, /ipfs/ping/1.0.0, /vac/waku/filter-push/2.0.0-beta1], protoVersion: ipfs/0.1.0, agentVersion: logos-delivery-v0.39.0-gca2814)"
[2026-10-01 22:56:08.934] [out] [delivery_module] DBG 2026-10-01 22:56:08.934+02:00 Event identified                           topics="waku node peer_manager" tid=41735769 peerId=16U*2zfQkB
[2026-10-01 22:56:08.934] [out] [delivery_module] DBG 2026-10-01 22:56:08.934+02:00 no listener registered                     tid=41735770 event=onConnectionChange
[2026-10-01 22:56:08.934] [out] [delivery_module] DBG 2026-10-01 22:56:08.934+02:00 starting pubsub read loop                  topics="libp2p pubsubpeer" tid=41735769 stream=16U*oK5NBt:6abec8e80435a170b3896e73 peer=16U*oK5NBt closed=false
[2026-10-01 22:56:08.934] [out] [delivery_module] DBG 2026-10-01 22:56:08.934+02:00 Event identified                           topics="waku node peer_manager" tid=41735769 peerId=16U*oK5NBt
[2026-10-01 22:56:08.934] [out] [delivery_module] DBG 2026-10-01 22:56:08.934+02:00 no listener registered                     tid=41735770 event=onConnectionChange
[2026-10-01 22:56:08.934] [out] [delivery_module] DBG 2026-10-01 22:56:08.934+02:00 identify: info received                    topics="libp2p identify" tid=41735769 stream=16U*zbGePX:6abec8e80435a170b3896e78 pubkey=ok(sec...8384)) addresses=/ip4/127.0.0.1/tcp/56017 protocols=/ipfs/id/1.0.0,/libp2p/autonat/1.0.0,/libp2p/circuit/relay/0.2.0/hop,/vac/waku/metadata/1.0.0,/mix/1.0.0,/vac/waku/relay/2.0.0,/ipfs/ping/1.0.0,/vac/waku/lightpush/3.0.0,/vac/waku/lightpush/2.0.0-beta1,/vac/waku/filter-push/2.0.0-beta1 observable_address=ok(/ip4/127.0.0.1/tcp/56080) proto_version=ipfs/0.1.0 agent_version=logos-delivery-v0.39.0-gca2814 signedPeerRecord=None
[2026-10-01 22:56:08.935] [out] [delivery_module] DBG 2026-10-01 22:56:08.935+02:00 starting pubsub read loop                  topics="libp2p pubsubpeer" tid=41735769 stream=16U*zbGePX:6abec8e80435a170b3896e77 peer=16U*zbGePX closed=false
[2026-10-01 22:56:08.935] [out] [delivery_module] DBG 2026-10-01 22:56:08.935+02:00 identify: info received                    topics="libp2p identify" tid=41735769 stream=16U*EF7tQP:6abec8e80435a170b3896e7c pubkey=ok(sec...e09d)) addresses=/ip4/127.0.0.1/tcp/56020 protocols=/ipfs/id/1.0.0,/libp2p/autonat/1.0.0,/libp2p/circuit/relay/0.2.0/hop,/vac/waku/metadata/1.0.0,/mix/1.0.0,/vac/waku/relay/2.0.0,/ipfs/ping/1.0.0,/vac/waku/lightpush/3.0.0,/vac/waku/lightpush/2.0.0-beta1,/vac/waku/filter-push/2.0.0-beta1 observable_address=ok(/ip4/127.0.0.1/tcp/56083) proto_version=ipfs/0.1.0 agent_version=logos-delivery-v0.39.0-gca2814 signedPeerRecord=None
[2026-10-01 22:56:08.935] [out] [delivery_module] DBG 2026-10-01 22:56:08.935+02:00 Event identified                           topics="waku node peer_manager" tid=41735769 peerId=16U*zbGePX
[2026-10-01 22:56:08.935] [out] [delivery_module] DBG 2026-10-01 22:56:08.935+02:00 no listener registered                     tid=41735770 event=onConnectionChange
[2026-10-01 22:56:08.935] [out] [delivery_module] DBG 2026-10-01 22:56:08.935+02:00 starting pubsub read loop                  topics="libp2p pubsubpeer" tid=41735769 stream=16U*EF7tQP:6abec8e80435a170b3896e7b peer=16U*EF7tQP closed=false
[2026-10-01 22:56:08.936] [out] [delivery_module] DBG 2026-10-01 22:56:08.936+02:00 Event identified                           topics="waku node peer_manager" tid=41735769 peerId=16U*EF7tQP
[2026-10-01 22:56:08.936] [out] [delivery_module] DBG 2026-10-01 22:56:08.936+02:00 no listener registered                     tid=41735770 event=onConnectionChange
[2026-10-01 22:56:08.936] [out] [delivery_module] DBG 2026-10-01 22:56:08.936+02:00 Received WakuMetadata request              topics="waku metadata" tid=41735769 remoteClusterId=ok(42) remoteShards="[0]" localClusterId=42 localShards="[0]" peer=16U*oK5NBt
[2026-10-01 22:56:08.936] [out] [delivery_module] DBG 2026-10-01 22:56:08.936+02:00 Received WakuMetadata request              topics="waku metadata" tid=41735769 remoteClusterId=ok(42) remoteShards="[0]" localClusterId=42 localShards="[0]" peer=16U*2zfQkB
[2026-10-01 22:56:08.936] [out] [delivery_module] DBG 2026-10-01 22:56:08.936+02:00 Received WakuMetadata request              topics="waku metadata" tid=41735769 remoteClusterId=ok(42) remoteShards="[0]" localClusterId=42 localShards="[0]" peer=16U*zbGePX
[2026-10-01 22:56:08.937] [out] [delivery_module] DBG 2026-10-01 22:56:08.937+02:00 no listener registered                     tid=41735770 event=onConnectionChange
[2026-10-01 22:56:08.937] [out] [delivery_module] DBG 2026-10-01 22:56:08.937+02:00 no listener registered                     tid=41735770 event=onConnectionChange
[2026-10-01 22:56:08.937] [out] [delivery_module] DBG 2026-10-01 22:56:08.937+02:00 Received WakuMetadata request              topics="waku metadata" tid=41735769 remoteClusterId=ok(42) remoteShards="[0]" localClusterId=42 localShards="[0]" peer=16U*EF7tQP
[2026-10-01 22:56:08.937] [out] [delivery_module] DBG 2026-10-01 22:56:08.937+02:00 no listener registered                     tid=41735770 event=onConnectionChange
[2026-10-01 22:56:08.938] [out] [delivery_module] DBG 2026-10-01 22:56:08.938+02:00 no listener registered                     tid=41735770 event=onConnectionChange
[2026-10-01 22:56:08.938] [out] [delivery_module] DBG 2026-10-01 22:56:08.938+02:00 Finished dialing multiple peers            tid=41735769 successfulConns=4 attempted=4
[2026-10-01 22:56:08.938] [out] [delivery_module] DBG 2026-10-01 22:56:08.938+02:00 Starting peer exchange loop                topics="waku node peerexchange api" tid=41735769
[2026-10-01 22:56:08.938] [out] [delivery_module] DBG 2026-10-01 22:56:08.938+02:00 Retrieving peer info via peer exchange protocol topics="waku node peerexchange api" tid=41735769 amount=5
[2026-10-01 22:56:08.938] [out] [delivery_module] DBG 2026-10-01 22:56:08.938+02:00 Peer exchange request could not be made as no peer exchange peers found topics="waku peer_exchange client" tid=41735769
[2026-10-01 22:56:08.938] [out] [delivery_module] DBG 2026-10-01 22:56:08.938+02:00 Failed to retrieve peer info via peer exchange protocol topics="waku node peerexchange api" tid=41735769 error="(status_code: SERVICE_UNAVAILABLE, status_desc: ok(peer_not_found_failure))"
[2026-10-01 22:56:08.938] [out] [delivery_module] DBG 2026-10-01 22:56:08.938+02:00 Cannot fetch peers from peer exchange      topics="waku node peerexchange api" tid=41735769 cause="(status_code: SERVICE_UNAVAILABLE, status_desc: ok(peer_not_found_failure))"
[2026-10-01 22:56:08.938] [out] [delivery_module] INF 2026-10-01 22:56:08.938+02:00 Relay peer connections                     topics="waku node peer_manager" tid=41735769 inRelayConns=0/50 outRelayConns=4/25 totalConnections=4/150 notConnectedPeers=0 outsideBackoffPeers=0
[2026-10-01 22:56:08.939] [out] [delivery_module] DBG 2026-10-01 22:56:08.939+02:00 ENR addresses updated                      topics="waku enr" tid=41735769 retained=1 total=1
[2026-10-01 22:56:08.939] [out] [delivery_module] INF 2026-10-01 22:56:08.939+02:00 Node is online                             topics="waku online monitor" tid=41735769
[2026-10-01 22:56:08.939] [out] [delivery_module] INF 2026-10-01 22:56:08.939+02:00 Health monitor loop start                  tid=41735769
[2026-10-01 22:56:08.939] [out] [delivery_module] DBG 2026-10-01 22:56:08.939+02:00 calculateConnectionState                   tid=41735769 relayCount=4 storeClientCount=0 lightpushCount=4 filterCount=0
[2026-10-01 22:56:08.939] [out] [delivery_module] DBG 2026-10-01 22:56:08.939+02:00 connectionStatus change                    tid=41735769 oldstatus=Disconnected newstatus=Connected
[2026-10-01 22:56:08.939] [out] [delivery_module] INF 2026-10-01 22:56:08.939+02:00 starting keepalive                         tid=41735769 randomPeersKeepalive=10s allPeersKeepalive=2m
[2026-10-01 22:56:09.031] [out] [delivery_module] DBG 2026-10-01 22:56:09.031+02:00 no listener registered                     tid=41735770 event=onTopicHealthChange
[2026-10-01 22:56:09.043] [out] [delivery_module] DBG 2026-10-01 22:56:09.043+02:00 calculateConnectionState                   tid=41735769 relayCount=4 storeClientCount=0 lightpushCount=4 filterCount=0
Loaded UI plugin: "/nix/store/hd5w6hjzlc0r8yz57fpggsc7mmwlwh15-logos-forum_module-plugin-dir"
[QmlInspector] Inspector server listening on port 3768
[QmlInspector] Client connected from "::1"
[QmlInspector] Client disconnected
[2026-10-01 22:56:38.929] [out] [delivery_module] DBG 2026-10-01 22:56:38.929+02:00 Accepted an incoming connection            topics="libp2p switch" tid=41735769 conn=:6abec9060435a170b3896e9a
[2026-10-01 22:56:38.929] [out] [delivery_module] DBG 2026-10-01 22:56:38.929+02:00 About to accept incoming connection        topics="libp2p switch" tid=41735769
[2026-10-01 22:56:38.932] [out] [delivery_module] DBG 2026-10-01 22:56:38.932+02:00 dialMe answer is reachable                 topics="libp2p autonatservice" tid=41735769 peerId=16Uiu2HAkxN8hTSzZD5sP5KYKagDDZdUMNfP5CK3F7itN8xzbGePX
[2026-10-01 22:56:38.932] [out] [delivery_module] DBG 2026-10-01 22:56:38.932+02:00 Current status                             topics="libp2p autonatservice" tid=41735769 currentStats=Unknown confidence=none() answers=[Reachable]
[2026-10-01 22:56:38.934] [out] [delivery_module] DBG 2026-10-01 22:56:38.934+02:00 Accepted an incoming connection            topics="libp2p switch" tid=41735769 conn=:6abec9060435a170b3896e9e
[2026-10-01 22:56:38.934] [out] [delivery_module] DBG 2026-10-01 22:56:38.934+02:00 About to accept incoming connection        topics="libp2p switch" tid=41735769
[2026-10-01 22:56:38.937] [out] [delivery_module] DBG 2026-10-01 22:56:38.937+02:00 dialMe answer is reachable                 topics="libp2p autonatservice" tid=41735769 peerId=16Uiu2HAmJV7Ds65pJLYqKTZVLW3Pfw5wsLfSR91qGcYfrT2zfQkB
[2026-10-01 22:56:38.937] [out] [delivery_module] DBG 2026-10-01 22:56:38.937+02:00 Current status                             topics="libp2p autonatservice" tid=41735769 currentStats=Unknown confidence=none() answers=[Reachable, Reachable]
[2026-10-01 22:56:38.939] [out] [delivery_module] DBG 2026-10-01 22:56:38.939+02:00 Accepted an incoming connection            topics="libp2p switch" tid=41735769 conn=:6abec9060435a170b3896ea2
[2026-10-01 22:56:38.939] [out] [delivery_module] DBG 2026-10-01 22:56:38.939+02:00 About to accept incoming connection        topics="libp2p switch" tid=41735769
[2026-10-01 22:56:38.942] [out] [delivery_module] DBG 2026-10-01 22:56:38.942+02:00 dialMe answer is reachable                 topics="libp2p autonatservice" tid=41735769 peerId=16Uiu2HAm7KCGTsttH6QJXPuoohERZoQGybPTpFKPKd9SehoK5NBt
[2026-10-01 22:56:38.942] [out] [delivery_module] DBG 2026-10-01 22:56:38.942+02:00 Current status                             topics="libp2p autonatservice" tid=41735769 currentStats=Reachable confidence=ok(1.0) answers=[Reachable, Reachable, Reachable]
[2026-10-01 22:56:38.942] [out] [delivery_module] DBG 2026-10-01 22:56:38.942+02:00 Peer reachability status                   tid=41735769 networkReachability=Reachable confidence=1.0
