INF 2026-10-03 21:37:24.529+02:00 Creating a private key and saving it       tid=3345159
WRN 2026-10-03 21:37:24.529+02:00 Node has been marked with --no-bootstrap-node and will NOT be bootstrapped topics="libstorage libstoragelifecycle" tid=3345159
INF 2026-10-03 21:37:24.529+02:00 Threadpool started                         topics="libstorage libstoragelifecycle" tid=3345159 numThreads=12
WRN 2026-10-03 21:37:24.555+02:00 No key for a QueryResponse                 topics="storage repostore" tid=3345159
NTC 2026-10-03 21:37:24.555+02:00 Started Storage node                       topics="storage node" tid=3345159 id=16U*9t3kkJ addrs="[/ip4/127.0.0.1/tcp/64721]"
INF 2026-10-03 21:37:24.603+02:00 Storing data                               topics="storage node" tid=3345159
ERR 2026-10-03 21:37:24.604+02:00 Unable to store block                      topics="storage node" tid=3345159 cid=zDx*nvdFaC err="Quota usage would exceed the limit. Used: 65536'NByte, reserved: 0'NByte, limit: 16384'NByte"
ERR 2026-10-03 21:37:24.604+02:00 Failed to FILE.                            topics="libstorage libstorageupload" tid=3345159 error="Failed to finalize the upload session: Unable to store block zDxWB8ED8akoF6UtnR6f9Pi1dFfjZC4QVnSVP5bkuyTqLZnvdFaC"
NTC 2026-10-03 21:38:17.484+02:00 Stopping Storage node                      topics="storage node" tid=3345159
INF 2026-10-03 21:38:17.484+02:00 Timer loop has stopped                     tid=3345159 name=maintenance
WRN 2026-10-03 21:38:17.485+02:00 Cancelled advertise task runner            topics="storage discoveryengine advertiser" tid=3345159
INF 2026-10-03 21:38:17.485+02:00 Exiting advertise task runner              topics="storage discoveryengine advertiser" tid=3345159
WRN 2026-10-03 21:38:17.485+02:00 Cancelled advertise task runner            topics="storage discoveryengine advertiser" tid=3345159
INF 2026-10-03 21:38:17.485+02:00 Exiting advertise task runner              topics="storage discoveryengine advertiser" tid=3345159
WRN 2026-10-03 21:38:17.485+02:00 Cancelled advertise task runner            topics="storage discoveryengine advertiser" tid=3345159
INF 2026-10-03 21:38:17.485+02:00 Exiting advertise task runner              topics="storage discoveryengine advertiser" tid=3345159
WRN 2026-10-03 21:38:17.485+02:00 Cancelled advertise task runner            topics="storage discoveryengine advertiser" tid=3345159
INF 2026-10-03 21:38:17.485+02:00 Exiting advertise task runner              topics="storage discoveryengine advertiser" tid=3345159
WRN 2026-10-03 21:38:17.485+02:00 Cancelled advertise local store loop       topics="storage discoveryengine advertiser" tid=3345159
INF 2026-10-03 21:38:17.485+02:00 Exiting advertise task loop                topics="storage discoveryengine advertiser" tid=3345159
WRN 2026-10-03 21:38:17.485+02:00 Cancelled advertise task runner            topics="storage discoveryengine advertiser" tid=3345159
INF 2026-10-03 21:38:17.485+02:00 Exiting advertise task runner              topics="storage discoveryengine advertiser" tid=3345159
WRN 2026-10-03 21:38:17.485+02:00 Cancelled advertise task runner            topics="storage discoveryengine advertiser" tid=3345159
INF 2026-10-03 21:38:17.485+02:00 Exiting advertise task runner              topics="storage discoveryengine advertiser" tid=3345159
WRN 2026-10-03 21:38:17.485+02:00 Cancelled advertise task runner            topics="storage discoveryengine advertiser" tid=3345159
INF 2026-10-03 21:38:17.485+02:00 Exiting advertise task runner              topics="storage discoveryengine advertiser" tid=3345159
WRN 2026-10-03 21:38:17.485+02:00 Cancelled advertise task runner            topics="storage discoveryengine advertiser" tid=3345159
INF 2026-10-03 21:38:17.485+02:00 Exiting advertise task runner              topics="storage discoveryengine advertiser" tid=3345159
WRN 2026-10-03 21:38:17.485+02:00 Cancelled advertise task runner            topics="storage discoveryengine advertiser" tid=3345159
INF 2026-10-03 21:38:17.485+02:00 Exiting advertise task runner              topics="storage discoveryengine advertiser" tid=3345159
WRN 2026-10-03 21:38:17.485+02:00 Cancelled advertise task runner            topics="storage discoveryengine advertiser" tid=3345159
INF 2026-10-03 21:38:17.485+02:00 Exiting advertise task runner              topics="storage discoveryengine advertiser" tid=3345159
