INF 2026-10-02 16:15:27.233+02:00 Creating a private key and saving it       tid=43878792
WRN 2026-10-02 16:15:27.234+02:00 Node has been marked with --no-bootstrap-node and will NOT be bootstrapped topics="libstorage libstoragelifecycle" tid=43878792
INF 2026-10-02 16:15:27.234+02:00 Threadpool started                         topics="libstorage libstoragelifecycle" tid=43878792 numThreads=12
WRN 2026-10-02 16:15:27.261+02:00 No key for a QueryResponse                 topics="storage repostore" tid=43878792
NTC 2026-10-02 16:15:27.262+02:00 Started Storage node                       topics="storage node" tid=43878792 id=16U*vaMKxF addrs="[/ip4/127.0.0.1/tcp/63630]"
INF 2026-10-02 16:15:29.472+02:00 Storing data                               topics="storage node" tid=43878792
INF 2026-10-02 16:15:29.474+02:00 Stored data                                topics="storage node" tid=43878792 manifestCid=zDv*NTPyS7 treeCid=zDz*GPTj9o blocks=1 datasetSize=1629'NByte filename=some("corpus.txt") mimetype=some("text/plain")
WRN 2026-10-02 16:16:27.262+02:00 No key for a QueryResponse                 topics="storage repostore" tid=43878792
NTC 2026-10-02 16:17:00.470+02:00 Stopping Storage node                      topics="storage node" tid=43878792
INF 2026-10-02 16:17:00.470+02:00 Timer loop has stopped                     tid=43878792 name=maintenance
WRN 2026-10-02 16:17:00.470+02:00 Cancelled advertise task runner            topics="storage discoveryengine advertiser" tid=43878792
INF 2026-10-02 16:17:00.470+02:00 Exiting advertise task runner              topics="storage discoveryengine advertiser" tid=43878792
WRN 2026-10-02 16:17:00.470+02:00 Cancelled advertise task runner            topics="storage discoveryengine advertiser" tid=43878792
INF 2026-10-02 16:17:00.470+02:00 Exiting advertise task runner              topics="storage discoveryengine advertiser" tid=43878792
WRN 2026-10-02 16:17:00.470+02:00 Cancelled advertise task runner            topics="storage discoveryengine advertiser" tid=43878792
INF 2026-10-02 16:17:00.470+02:00 Exiting advertise task runner              topics="storage discoveryengine advertiser" tid=43878792
WRN 2026-10-02 16:17:00.470+02:00 Cancelled advertise task runner            topics="storage discoveryengine advertiser" tid=43878792
INF 2026-10-02 16:17:00.470+02:00 Exiting advertise task runner              topics="storage discoveryengine advertiser" tid=43878792
WRN 2026-10-02 16:17:00.470+02:00 Cancelled advertise task runner            topics="storage discoveryengine advertiser" tid=43878792
INF 2026-10-02 16:17:00.470+02:00 Exiting advertise task runner              topics="storage discoveryengine advertiser" tid=43878792
WRN 2026-10-02 16:17:00.470+02:00 Cancelled advertise task runner            topics="storage discoveryengine advertiser" tid=43878792
INF 2026-10-02 16:17:00.470+02:00 Exiting advertise task runner              topics="storage discoveryengine advertiser" tid=43878792
WRN 2026-10-02 16:17:00.470+02:00 Cancelled advertise task runner            topics="storage discoveryengine advertiser" tid=43878792
INF 2026-10-02 16:17:00.470+02:00 Exiting advertise task runner              topics="storage discoveryengine advertiser" tid=43878792
WRN 2026-10-02 16:17:00.470+02:00 Cancelled advertise task runner            topics="storage discoveryengine advertiser" tid=43878792
INF 2026-10-02 16:17:00.470+02:00 Exiting advertise task runner              topics="storage discoveryengine advertiser" tid=43878792
WRN 2026-10-02 16:17:00.470+02:00 Cancelled advertise task runner            topics="storage discoveryengine advertiser" tid=43878792
INF 2026-10-02 16:17:00.470+02:00 Exiting advertise task runner              topics="storage discoveryengine advertiser" tid=43878792
WRN 2026-10-02 16:17:00.470+02:00 Cancelled advertise task runner            topics="storage discoveryengine advertiser" tid=43878792
INF 2026-10-02 16:17:00.470+02:00 Exiting advertise task runner              topics="storage discoveryengine advertiser" tid=43878792
WRN 2026-10-02 16:17:00.470+02:00 Cancelled advertise local store loop       topics="storage discoveryengine advertiser" tid=43878792
INF 2026-10-02 16:17:00.470+02:00 Exiting advertise task loop                topics="storage discoveryengine advertiser" tid=43878792
