run-logos-standalone-ui: hot-reloading QML from <repo>-depbump/src/qml
  (export DEV_QML_PATH to override, or LOGOS_QML_HOT_RELOAD=0 to disable)
Session directory: "~/Library/Application Support/Logos/LogosStandalone"
[2026-10-07 09:20:26.361] [info] [logos] Granting host services to 'capability_module': token_registry,token_delivery
[2026-10-07 09:20:26.400] [out] [capability_module] [2026-10-07 09:20:26.400] [info] Granting host services to capability_module: ["token_registry","token_delivery"]
RemoteTransportConnection: Connecting to registry: "local:logos_capability_module_bb1488cfd260" at "09:20:26.401"
RemoteTransportConnection: Registry connect attempt started (no peer contact yet): "local:logos_capability_module_bb1488cfd260"
LogosAPIConsumer: Informing module token for module: "capability_module" with token: "redacted:27c751ee…"
RemoteTransportConnection: Requesting object: "capability_module" at "09:20:26.401"
[LogosObject] RemoteTransportConnection: returning RemoteLogosObject for: "capability_module"
[LogosObject] Created RemoteLogosObject wrapping QRemoteObjectReplica 105553152858240
[LogosObject] LogosAPIConsumer: calling LogosObject::informModuleToken for "capability_module"
LogosAPIConsumer: informModuleToken completed with result: true
[LogosObject] Destroying RemoteLogosObject 0
[2026-10-07 09:20:26.431] [info] [logos] Module loaded: capability_module
LogosAPIConsumer: Informing module token for module: "modules_state" with token: "redacted:d8d76295…"
RemoteTransportConnection: Requesting object: "capability_module" at "09:20:26.471"
[LogosObject] RemoteTransportConnection: returning RemoteLogosObject for: "capability_module"
[LogosObject] Created RemoteLogosObject wrapping QRemoteObjectReplica 105553152858496
[LogosObject] LogosAPIConsumer: calling LogosObject::informModuleToken for "modules_state"
LogosAPIConsumer: informModuleToken completed with result: true
[LogosObject] Destroying RemoteLogosObject 0
[2026-10-07 09:20:26.472] [info] [logos] Module loaded: modules_state
RemoteTransportConnection: Connecting to registry: "local:logos_modules_state_bb1488cfd260" at "09:20:26.472"
RemoteTransportConnection: Registry connect attempt started (no peer contact yet): "local:logos_modules_state_bb1488cfd260"
RemoteTransportConnection: Connecting to registry: "local:logos_capability_module_bb1488cfd260" at "09:20:26.472"
RemoteTransportConnection: Registry connect attempt started (no peer contact yet): "local:logos_capability_module_bb1488cfd260"
LogosAPIConsumer: '"modules_state"::""' deferred pending the module becoming reachable
LogosAPIConsumer: '"modules_state"::""' deferred pending the module becoming reachable
Logos Core started (modules dir: "/nix/store/gxna1vv93drk0r01vph163c8q3dw4ng4-logos-forum_module-plugin-dir-modules" )
Set app icon from metadata: "/nix/store/fcjx57wbqm67d3sf9fshl21cwsmbllhn-logos-forum_module-plugin-dir/src/icons/icon.png"
[2026-10-07 09:20:26.527] [info] [logos] [delivery_module] DeliveryModuleImpl: Initializing...
LogosAPIConsumer: Informing module token for module: "delivery_module" with token: "redacted:c2ae2b5f…"
RemoteTransportConnection: Requesting object: "capability_module" at "09:20:26.528"
[LogosObject] RemoteTransportConnection: returning RemoteLogosObject for: "capability_module"
[LogosObject] Created RemoteLogosObject wrapping QRemoteObjectReplica 105553152847552
[LogosObject] LogosAPIConsumer: calling LogosObject::informModuleToken for "delivery_module"
LogosAPIConsumer: informModuleToken completed with result: true
[LogosObject] Destroying RemoteLogosObject 0
[2026-10-07 09:20:26.528] [info] [logos] Module loaded: delivery_module
RemoteTransportConnection: Connecting to registry: "local:logos_delivery_module_bb1488cfd260" at "09:20:26.528"
RemoteTransportConnection: Registry connect attempt started (no peer contact yet): "local:logos_delivery_module_bb1488cfd260"
RemoteTransportConnection: Connecting to registry: "local:logos_capability_module_bb1488cfd260" at "09:20:26.528"
RemoteTransportConnection: Registry connect attempt started (no peer contact yet): "local:logos_capability_module_bb1488cfd260"
LogosAPIConsumer: '"delivery_module"::""' deferred pending the module becoming reachable
LogosAPIClient: getToken for module: "modules_state"
LogosAPIClient: Found token for module: "modules_state"
RemoteTransportConnection: Requesting object: "modules_state" at "09:20:26.529"
[LogosObject] RemoteTransportConnection: returning RemoteLogosObject for: "modules_state"
[LogosObject] Created RemoteLogosObject wrapping QRemoteObjectReplica 105553152524832
[LogosObject] LogosAPIConsumer: async calling via LogosObject::callMethodAsync "note_transition"
[LogosObject] RemoteLogosObject::callMethodAsync "note_transition" args: 7
LogosAPIClient: getToken for module: "modules_state"
LogosAPIClient: Found token for module: "modules_state"
[LogosObject] LogosAPIConsumer: async calling via LogosObject::callMethodAsync "note_transition"
[LogosObject] RemoteLogosObject::callMethodAsync "note_transition" args: 7
Loaded dependency (with transitive deps): "delivery_module"
[2026-10-07 09:20:26.569] [info] [logos] [storage_module] StorageModuleImpl: Initializing...
LogosAPIConsumer: Informing module token for module: "storage_module" with token: "redacted:f93985f2…"
RemoteTransportConnection: Requesting object: "capability_module" at "09:20:26.570"
[LogosObject] Created RemoteLogosObject wrapping QRemoteObjectReplica 105553152864448
LogosAPIClient: invoking remote method "modules_state" "apply_snapshot" args_count: 1
LogosAPIClient: getToken for module: "modules_state"
LogosAPIClient: Found token for module: "modules_state"
LogosAPIConsumer: Calling invokeRemoteMethod: "modules_state" "apply_snapshot" args_count: 1 timeout: 20000
[LogosObject] LogosAPIConsumer: calling via LogosObject::callMethod "apply_snapshot"
[LogosObject] RemoteLogosObject::callMethod "apply_snapshot" args: 1
[LogosObject] Created RemoteLogosObject wrapping QRemoteObjectReplica 105553152524640
LogosAPIClient: getToken for module: "modules_state"
LogosAPIClient: Found token for module: "modules_state"
[LogosObject] LogosAPIConsumer: async calling via LogosObject::callMethodAsync "note_transition"
[LogosObject] RemoteLogosObject::callMethodAsync "note_transition" args: 7
LogosAPIClient: getToken for module: "modules_state"
LogosAPIClient: Found token for module: "modules_state"
[LogosObject] LogosAPIConsumer: async calling via LogosObject::callMethodAsync "note_transition"
[LogosObject] RemoteLogosObject::callMethodAsync "note_transition" args: 7
[2026-10-07 09:20:26.572] [info] [logos] Pushed module snapshot to modules_state
LogosAPIClient: getToken for module: "modules_state"
LogosAPIClient: Found token for module: "modules_state"
[LogosObject] LogosAPIConsumer: async calling via LogosObject::callMethodAsync "note_transition"
[LogosObject] RemoteLogosObject::callMethodAsync "note_transition" args: 7
[LogosObject] RemoteTransportConnection: returning RemoteLogosObject for: "capability_module"
[LogosObject] Created RemoteLogosObject wrapping QRemoteObjectReplica 105553152775104
[LogosObject] LogosAPIConsumer: calling LogosObject::informModuleToken for "storage_module"
LogosAPIConsumer: informModuleToken completed with result: true
[LogosObject] Destroying RemoteLogosObject 0
[2026-10-07 09:20:26.573] [info] [logos] Module loaded: storage_module
RemoteTransportConnection: Connecting to registry: "local:logos_storage_module_bb1488cfd260" at "09:20:26.573"
RemoteTransportConnection: Registry connect attempt started (no peer contact yet): "local:logos_storage_module_bb1488cfd260"
RemoteTransportConnection: Connecting to registry: "local:logos_capability_module_bb1488cfd260" at "09:20:26.573"
RemoteTransportConnection: Registry connect attempt started (no peer contact yet): "local:logos_capability_module_bb1488cfd260"
LogosAPIConsumer: '"storage_module"::""' deferred pending the module becoming reachable
LogosAPIClient: getToken for module: "modules_state"
LogosAPIClient: Found token for module: "modules_state"
[LogosObject] LogosAPIConsumer: async calling via LogosObject::callMethodAsync "note_transition"
[LogosObject] RemoteLogosObject::callMethodAsync "note_transition" args: 7
Loaded dependency (with transitive deps): "storage_module"
DEV_QML_PATH override active: <repo>-depbump/src/qml/Main.qml
RemoteTransportConnection: Connecting to registry: "local:logos_capability_module_bb1488cfd260" at "09:20:26.574"
RemoteTransportConnection: Registry connect attempt started (no peer contact yet): "local:logos_capability_module_bb1488cfd260"
LogosAPIConsumer: Informing module token for module: "forum_module" with token: "redacted:63efc340…"
RemoteTransportConnection: Requesting object: "capability_module" at "09:20:26.574"
[LogosObject] RemoteTransportConnection: returning RemoteLogosObject for: "capability_module"
[LogosObject] Created RemoteLogosObject wrapping QRemoteObjectReplica 105553152526432
[LogosObject] LogosAPIConsumer: calling LogosObject::informModuleToken for "forum_module"
[LogosObject] Created RemoteLogosObject wrapping QRemoteObjectReplica 105553152527168
LogosAPIClient: getToken for module: "modules_state"
LogosAPIClient: Found token for module: "modules_state"
[LogosObject] LogosAPIConsumer: async calling via LogosObject::callMethodAsync "note_transition"
[LogosObject] RemoteLogosObject::callMethodAsync "note_transition" args: 7
LogosAPIConsumer: informModuleToken completed with result: true
[LogosObject] Destroying RemoteLogosObject 0
Loaded UI plugin: "/nix/store/fcjx57wbqm67d3sf9fshl21cwsmbllhn-logos-forum_module-plugin-dir"
[QmlInspector] Inspector server listening on port 3768
[QmlInspector] Client connected from "::ffff:127.0.0.1"
[2026-10-07 09:20:34.258] [warning] [logos] [capability_module] Warning: QObject::connect: No such signal ::eventResponse(QString,QVariantList)
[2026-10-07 09:20:34.258] [info] [logos] [delivery_module] DeliveryModuleImpl::getNodeInfo called with nodeInfoId: MyPeerId
[2026-10-07 09:20:34.258] [info] [logos] [delivery_module] DeliveryModuleImpl: Cannot get node info - context not initialized. Call createNode first.
[2026-10-07 09:20:34.258] [info] [logos] [delivery_module] DeliveryModuleImpl::createNode called
[2026-10-07 09:20:34.266] [info] [logos] [delivery_module] DeliveryModuleImpl: Waiting for createNode callback...
[2026-10-07 09:20:34.267] [out] [delivery_module] DBG 2026-10-07 09:20:34.267+02:00 Whether to mount storeSync is not specified, defaulting to not mounting topics="waku conf builder" tid=384485
[2026-10-07 09:20:34.267] [out] [delivery_module] NTC 2026-10-07 09:20:34.267+02:00 No node key provided, generated a new one; identity will not persist across restarts topics="waku conf builder" tid=384485
[2026-10-07 09:20:34.267] [out] [delivery_module] INF 2026-10-07 09:20:34.267+02:00 Sharding configuration:                    topics="waku conf builder" tid=384485 shardingConf="(kind: AutoSharding, numShardsInCluster: 8)" subscribeShards="@[0, 1, 2, 3, 4, 5, 6, 7]"
[2026-10-07 09:20:34.268] [out] [delivery_module] WRN 2026-10-07 09:20:34.268+02:00 configuration flag ignored                 topics="waku cli args" tid=384485 detail="--websocket-port is ignored: --websocket-support is not enabled"
[2026-10-07 09:20:34.268] [out] [delivery_module] INF 2026-10-07 09:20:34.268+02:00 Configuration: Enabled protocols           topics="waku conf" tid=384485 relay=true rlnRelay=false store=false filter=true lightPush=true peerExchange=true rendezvous=true
[2026-10-07 09:20:34.268] [out] [delivery_module] INF 2026-10-07 09:20:34.268+02:00 Configuration. Network                     topics="waku conf" tid=384485 cluster=3
[2026-10-07 09:20:34.268] [out] [delivery_module] DBG 2026-10-07 09:20:34.268+02:00 Configuration. Active Relay Shards         topics="waku conf" tid=384485 shard=0
[2026-10-07 09:20:34.268] [out] [delivery_module] DBG 2026-10-07 09:20:34.268+02:00 Configuration. Active Relay Shards         topics="waku conf" tid=384485 shard=1
[2026-10-07 09:20:34.268] [out] [delivery_module] DBG 2026-10-07 09:20:34.268+02:00 Configuration. Active Relay Shards         topics="waku conf" tid=384485 shard=2
[2026-10-07 09:20:34.268] [out] [delivery_module] DBG 2026-10-07 09:20:34.268+02:00 Configuration. Active Relay Shards         topics="waku conf" tid=384485 shard=3
[2026-10-07 09:20:34.268] [out] [delivery_module] DBG 2026-10-07 09:20:34.268+02:00 Configuration. Active Relay Shards         topics="waku conf" tid=384485 shard=4
[2026-10-07 09:20:34.268] [out] [delivery_module] DBG 2026-10-07 09:20:34.268+02:00 Configuration. Active Relay Shards         topics="waku conf" tid=384485 shard=5
[2026-10-07 09:20:34.268] [out] [delivery_module] DBG 2026-10-07 09:20:34.268+02:00 Configuration. Active Relay Shards         topics="waku conf" tid=384485 shard=6
[2026-10-07 09:20:34.268] [out] [delivery_module] DBG 2026-10-07 09:20:34.268+02:00 Configuration. Active Relay Shards         topics="waku conf" tid=384485 shard=7
[2026-10-07 09:20:34.268] [out] [delivery_module] INF 2026-10-07 09:20:34.268+02:00 Setting up storage                         tid=384485
[2026-10-07 09:20:34.268] [out] [delivery_module] INF 2026-10-07 09:20:34.268+02:00 Initializing node                          tid=384485
[2026-10-07 09:20:34.269] [out] [delivery_module] INF 2026-10-07 09:20:34.269+02:00 Setting up NATService                      topics="libp2p natservice" tid=384485 portMapping=true reachability=false holePunching=false
[2026-10-07 09:20:34.269] [out] [delivery_module] INF 2026-10-07 09:20:34.269+02:00 Initializing networking                    tid=384485 addrs="@[/ip4/0.0.0.0/tcp/0, /ip4/0.0.0.0/udp/0/quic-v1]"
[2026-10-07 09:20:34.269] [out] [delivery_module] INF 2026-10-07 09:20:34.269+02:00 Mounting protocols                         tid=384485
[2026-10-07 09:20:34.269] [out] [delivery_module] INF 2026-10-07 09:20:34.269+02:00 Created WakuMetadata protocol              topics="waku node" tid=384485 clusterId=3 shards="[0, 1, 2, 3, 4, 5, 6, 7]"
[2026-10-07 09:20:34.269] [out] [delivery_module] INF 2026-10-07 09:20:34.269+02:00 Mounting mix protocol                      topics="waku node" tid=384485INF 2026-10-07 09:20:34.269+02:00 node info                                  topics="waku node" tid=384485 wakuInfo="(listenAddresses: [/ip4/0.0.0.0/tcp/0/p2p/16Uiu2HAmFwYQ6UrLr6a2xeezgF73DRmMsDN6p2nEpR9RHJ4d95cy, /ip4/0.0.0.0/udp/0/quic-v1/p2p/16Uiu2HAmFwYQ6UrLr6a2xeezgF73DRmMsDN6p2nEpR9RHJ4d95cy], enrUri: enr:-JO4QD5PkGEMC3-FL1JzvTmySPNy5BaRSqeyXzJMRUWHBRaEHYiZ0E22R2lHhqqU2hKZRzI5iuAbet61UbkMKw3iOcQBgmlkgnY0gnJzkwADCAAAAAEAAgADAAQABQAGAAeJc2VjcDI1NmsxoQMw0JdHQnixCuFRUFLZYHORg0aLOrBANc2M0npzmguHVoV3YWt1Mi0, mixPubKey: none())"
[2026-10-07 09:20:34.269] [out] [delivery_module]  nodeId="(listenAddresses: [/ip4/0.0.0.0/tcp/0/p2p/16Uiu2HAmFwYQ6UrLr6a2xeezgF73DRmMsDN6p2nEpR9RHJ4d95cy, /ip4/0.0.0.0/udp/0/quic-v1/p2p/16Uiu2HAmFwYQ6UrLr6a2xeezgF73DRmMsDN6p2nEpR9RHJ4d95cy], enrUri: enr:-JO4QD5PkGEMC3-FL1JzvTmySPNy5BaRSqeyXzJMRUWHBRaEHYiZ0E22R2lHhqqU2hKZRzI5iuAbet61UbkMKw3iOcQBgmlkgnY0gnJzkwADCAAAAAEAAgADAAQABQAGAAeJc2VjcDI1NmsxoQMw0JdHQnixCuFRUFLZYHORg0aLOrBANc2M0npzmguHVoV3YWt1Mi0, mixPubKey: none())"
[2026-10-07 09:20:34.269] [out] [delivery_module] INF 2026-10-07 09:20:34.269+02:00 local addr                                 topics="waku node" tid=384485 localaddr=/ip4/0.0.0.0/tcp/0
[2026-10-07 09:20:34.269] [out] [delivery_module] INF 2026-10-07 09:20:34.269+02:00 mixPubKey                                  topics="waku node" tid=384485 mixPubKey="[207, 42, 9, 75, 156, 188, 254, 191, 166, 195, 126, 93, 244, 105, 242, 68, 52, 95, 15, 28, 110, 229, 232, 226, 135, 19, 65, 182, 42, 246, 96, 73]"
[2026-10-07 09:20:34.269] [out] [delivery_module] INF 2026-10-07 09:20:34.269+02:00 Using mix bootstrap nodes                  topics="waku mix" tid=384485 entries=0 poolSize=0
[2026-10-07 09:20:34.269] [out] [delivery_module] INF 2026-10-07 09:20:34.269+02:00 Mix cannot publish yet, waiting for more mix nodes topics="waku node" tid=384485 poolSize=0 required=4
[2026-10-07 09:20:34.270] [out] [delivery_module] INF 2026-10-07 09:20:34.270+02:00 mounting store client                      topics="waku node store api" tid=384485
[2026-10-07 09:20:34.270] [out] [delivery_module] INF 2026-10-07 09:20:34.270+02:00 Mounting auto sharding                     topics="waku node" tid=384485 clusterId=3 shardCount=8
[2026-10-07 09:20:34.270] [out] [delivery_module] DBG 2026-10-07 09:20:34.270+02:00 Setting max message size                   tid=384485 num_bytes=153600
[2026-10-07 09:20:34.270] [out] [delivery_module] INF 2026-10-07 09:20:34.270+02:00 mounting relay protocol                    topics="waku node relay api" tid=384485
[2026-10-07 09:20:34.270] [out] [delivery_module] DBG 2026-10-07 09:20:34.270+02:00 relay mounted successfully                 topics="waku node relay api" tid=384485
[2026-10-07 09:20:34.270] [out] [delivery_module] DBG 2026-10-07 09:20:34.270+02:00 Adding validator to signed shards          tid=384485 protectedShards=[] clusterId=3
[2026-10-07 09:20:34.270] [out] [delivery_module] INF 2026-10-07 09:20:34.270+02:00 Mounting rendezvous discovery protocol     topics="waku node" tid=384485
[2026-10-07 09:20:34.270] [out] [delivery_module] INF 2026-10-07 09:20:34.270+02:00 Waku rendezvous initialized                topics="waku node" tid=384485 clusterId=3 shards="[0, 1, 2, 3, 4, 5, 6, 7]" capabilities="[Relay, Filter, Lightpush, Mix]" wakuPeerRecord="(peerId: 16Uiu2...4d95cy, seqNo: 1791357634, addresses: [/ip4/0.0.0.0/tcp/0, /ip4/0.0.0.0/udp/0/quic-v1], mixKey: 0xcf2a094b9cbcfebfa6c37e5df469f244345f0f1c6ee5e8e2871341b62af66049)"
[2026-10-07 09:20:34.270] [out] [delivery_module] INF 2026-10-07 09:20:34.270+02:00 Mounting rendezvous client                 topics="waku node" tid=384485
[2026-10-07 09:20:34.270] [out] [delivery_module] INF 2026-10-07 09:20:34.270+02:00 Waku rendezvous client initialized         topics="waku node" tid=384485 clusterId=3
[2026-10-07 09:20:34.270] [out] [delivery_module] INF 2026-10-07 09:20:34.270+02:00 mounting libp2p ping protocol              topics="waku node ping api" tid=384485
[2026-10-07 09:20:34.270] [out] [delivery_module] INF 2026-10-07 09:20:34.270+02:00 No RLN backend configured; RLN is off      tid=384485
[2026-10-07 09:20:34.270] [out] [delivery_module] INF 2026-10-07 09:20:34.270+02:00 mounting light push                        topics="waku node lightpush api" tid=384485
[2026-10-07 09:20:34.270] [out] [delivery_module] INF 2026-10-07 09:20:34.270+02:00 mounting lightpush with relay              topics="waku node lightpush api" tid=384485
[2026-10-07 09:20:34.270] [out] [delivery_module] DBG 2026-10-07 09:20:34.270+02:00 lightpush mounted successfully             topics="waku node lightpush api" tid=384485
[2026-10-07 09:20:34.270] [out] [delivery_module] INF 2026-10-07 09:20:34.270+02:00 mounting legacy light push                 topics="waku node lightpush api" tid=384485
[2026-10-07 09:20:34.270] [out] [delivery_module] INF 2026-10-07 09:20:34.270+02:00 mounting legacy lightpush with relay       topics="waku node lightpush api" tid=384485
[2026-10-07 09:20:34.270] [out] [delivery_module] DBG 2026-10-07 09:20:34.270+02:00 legacy lightpush mounted successfully      topics="waku node lightpush api" tid=384485
[2026-10-07 09:20:34.270] [out] [delivery_module] INF 2026-10-07 09:20:34.270+02:00 mounting light push client                 topics="waku node lightpush api" tid=384485
[2026-10-07 09:20:34.270] [out] [delivery_module] INF 2026-10-07 09:20:34.270+02:00 mounting legacy light push client          topics="waku node lightpush api" tid=384485
[2026-10-07 09:20:34.270] [out] [delivery_module] INF 2026-10-07 09:20:34.270+02:00 mounting filter protocol                   topics="waku node filter api" tid=384485
[2026-10-07 09:20:34.270] [out] [delivery_module] INF 2026-10-07 09:20:34.270+02:00 Starting filter protocol                   topics="waku filter" tid=384485
[2026-10-07 09:20:34.270] [out] [delivery_module] DBG 2026-10-07 09:20:34.270+02:00 Starting to maintain subscriptions         topics="waku filter" tid=384485
[2026-10-07 09:20:34.270] [out] [delivery_module] DBG 2026-10-07 09:20:34.270+02:00 Maintaining subscriptions                  topics="waku filter" tid=384485
[2026-10-07 09:20:34.270] [out] [delivery_module] DBG 2026-10-07 09:20:34.270+02:00 Cleanup                                    topics="waku filter subscriptions" tid=384485 currentPeerIds=[]
[2026-10-07 09:20:34.270] [out] [delivery_module] DBG 2026-10-07 09:20:34.270+02:00 After cleanup                              topics="waku filter subscriptions" tid=384485 currentPeerIds=[]
[2026-10-07 09:20:34.270] [out] [delivery_module] INF 2026-10-07 09:20:34.270+02:00 mounting filter client                     topics="waku node filter api" tid=384485
[2026-10-07 09:20:34.270] [out] [delivery_module] INF 2026-10-07 09:20:34.270+02:00 mounting waku peer exchange                topics="waku node peerexchange api" tid=384485
[2026-10-07 09:20:34.270] [out] [delivery_module] INF 2026-10-07 09:20:34.270+02:00 mounting waku peer exchange client         topics="waku node peerexchange api" tid=384485
[2026-10-07 09:20:34.270] [out] [delivery_module] INF 2026-10-07 09:20:34.270+02:00 No external callbacks to be set            topics="wakunode waku" tid=384485
[2026-10-07 09:20:34.270] [out] [delivery_module] INF 2026-10-07 09:20:34.270+02:00 Setting up AutonatService                  topics="libp2p autonatservice" tid=384485
[2026-10-07 09:20:34.270] [out] [delivery_module] INF 2026-10-07 09:20:34.270+02:00 Messaging API settings                     topics="logosdelivery" tid=384485 reliability=true anonymityLevel=Required rateLimitEnabled=false rateLimitEpochPeriodSec=600 rateLimitMessagesPerEpoch=1 maxParkedAgeSec=1800 sendQueueCapacity=1000 backfillEnabled=true backfillRequestTimeout=10s
[2026-10-07 09:20:34.270] [info] [logos] [delivery_module] DeliveryModuleImpl::createNode callback called with ret: 0
[2026-10-07 09:20:34.271] [info] [logos] [delivery_module] DeliveryModuleImpl: Delivery context created successfully
[2026-10-07 09:20:34.271] [info] [logos] [delivery_module] DeliveryModuleImpl::start called
[2026-10-07 09:20:34.271] [out] [delivery_module] INF 2026-10-07 09:20:34.271+02:00 Retrieve dynamic bootstrap nodes           topics="wakunode waku" tid=384485
[2026-10-07 09:20:34.271] [out] [delivery_module] INF 2026-10-07 09:20:34.271+02:00 Running nwaku node                         tid=384485 version=v0.39.0-g3a478e
[2026-10-07 09:20:34.271] [info] [logos] [delivery_module] DeliveryModuleImpl::getNodeInfo called with nodeInfoId: MyPeerId
[2026-10-07 09:20:34.271] [out] [delivery_module] INF 2026-10-07 09:20:34.271+02:00 Starting Waku node                         topics="waku node" tid=384485 version=v0.39.0-g3a478e
[2026-10-07 09:20:34.271] [out] [delivery_module] DBG 2026-10-07 09:20:34.271+02:00 Waku rendezvous periodic requests started  topics="waku rendezvous client" tid=384485 interval=10s
[2026-10-07 09:20:34.271] [out] [delivery_module] INF 2026-10-07 09:20:34.271+02:00 Waku rendezvous client started             topics="waku rendezvous client" tid=384485
[2026-10-07 09:20:34.272] [out] [delivery_module] INF 2026-10-07 09:20:34.271+02:00 Starting switch for peer                   topics="libp2p switch" tid=384485 peerInfo="(peerId: 16Uiu2HAmFwYQ6UrLr6a2xeezgF73DRmMsDN6p2nEpR9RHJ4d95cy, listenAddrs: [/ip4/0.0.0.0/tcp/0, /ip4/0.0.0.0/udp/0/quic-v1], addrs: [], protocols: [/ipfs/id/1.0.0, /libp2p/autonat/1.0.0, /libp2p/circuit/relay/0.2.0/hop, /vac/waku/metadata/1.0.0, /mix/1.0.0, /logos/service-discovery/1.0.0, /vac/waku/relay/2.0.0, /vac/waku/rendezvous/1.0.0, /ipfs/ping/1.0.0, /vac/waku/lightpush/3.0.0, /vac/waku/lightpush/2.0.0-beta1, /vac/waku/filter-subscribe/2.0.0-beta1, /vac/waku/filter-push/2.0.0-beta1, /vac/waku/peer-exchange/2.0.0-alpha1], protoVersion: ipfs/0.1.0, agentVersion: logos-delivery-v0.39.0-g3a478e)"
[2026-10-07 09:20:34.272] [out] [delivery_module] INF 2026-10-07 09:20:34.272+02:00 Starting NATService                        topics="libp2p natservice" tid=384485
[2026-10-07 09:20:34.272] [out] [delivery_module] INF 2026-10-07 09:20:34.272+02:00 Running AutonatService                     topics="libp2p autonatservice" tid=384485
[2026-10-07 09:20:34.273] [out] [delivery_module] DBG 2026-10-07 09:20:34.273+02:00 No private listen addresses to map; releasing any prior mappings topics="libp2p natservice" tid=384485
[2026-10-07 09:20:34.273] [out] [delivery_module] INF 2026-10-07 09:20:34.273+02:00 Starting TCP transport                     topics="libp2p tcptransport" tid=384485
[2026-10-07 09:20:34.273] [out] [delivery_module] INF 2026-10-07 09:20:34.273+02:00 Transport starting                         topics="libp2p transport" tid=384485 addresses=[/ip4/0.0.0.0/tcp/54112]
[2026-10-07 09:20:34.274] [out] [delivery_module] DBG 2026-10-07 09:20:34.274+02:00 Configured QUIC UDP receive buffer         tid=384485 requestedBytes=8388608 effectiveBytes=8388608
[2026-10-07 09:20:34.274] [out] [delivery_module] INF 2026-10-07 09:20:34.274+02:00 Transport starting                         topics="libp2p transport" tid=384485 addresses=[/ip4/0.0.0.0/udp/55573/quic-v1]
[2026-10-07 09:20:34.274] [out] [delivery_module] DBG 2026-10-07 09:20:34.274+02:00 Transport connection acceptance started    topics="libp2p switch" tid=384485
[2026-10-07 09:20:34.274] [out] [delivery_module] DBG 2026-10-07 09:20:34.274+02:00 Transport connection acceptance started    topics="libp2p switch" tid=384485
[2026-10-07 09:20:34.276] [info] [logos] [delivery_module] DeliveryModuleImpl::subscribe called with contentTopic: /lp0026forum/1/general/text
[2026-10-07 09:20:34.276] [out] [delivery_module] DBG 2026-10-07 09:20:34.276+02:00 Subscribing to pubsub topic                topics="waku relay" tid=384485 pubsubTopic=/waku/2/rs/3/7
[2026-10-07 09:20:34.276] [info] [logos] [delivery_module] DeliveryModuleImpl: Subscribe completed for topic: /lp0026forum/1/general/text with success
[2026-10-07 09:20:34.283] [out] [delivery_module] INF 2026-10-07 09:20:34.283+02:00 Using mix bootstrap nodes                  topics="waku mix" tid=384485 entries=1 poolSize=1
[2026-10-07 09:20:34.284] [out] [delivery_module] INF 2026-10-07 09:20:34.284+02:00 Using mix bootstrap nodes                  topics="waku mix" tid=384485 entries=1 poolSize=2
[2026-10-07 09:20:34.284] [out] [delivery_module] INF 2026-10-07 09:20:34.284+02:00 Using mix bootstrap nodes                  topics="waku mix" tid=384485 entries=1 poolSize=3
[2026-10-07 09:20:34.285] [out] [delivery_module] INF 2026-10-07 09:20:34.285+02:00 Using mix bootstrap nodes                  topics="waku mix" tid=384485 entries=1 poolSize=4
[2026-10-07 09:20:34.285] [out] [delivery_module] INF 2026-10-07 09:20:34.285+02:00 Using mix bootstrap nodes                  topics="waku mix" tid=384485 entries=1 poolSize=5
[2026-10-07 09:20:34.289] [out] [delivery_module] INF 2026-10-07 09:20:34.289+02:00 Using mix bootstrap nodes                  topics="waku mix" tid=384485 entries=1 poolSize=6
[2026-10-07 09:20:36.277] [out] [delivery_module] WRN 2026-10-07 09:20:36.277+02:00 NAT port mapping failed                    topics="libp2p natservice" tid=384485 port=54112 protocol=mpTcp err="plum: mapping 0 failed"
[2026-10-07 09:20:38.279] [out] [delivery_module] WRN 2026-10-07 09:20:38.279+02:00 NAT port mapping failed                    topics="libp2p natservice" tid=384485 port=55573 protocol=mpUdp err="plum: mapping 0 failed"
[2026-10-07 09:20:38.280] [out] [delivery_module] INF 2026-10-07 09:20:38.280+02:00 Mix self hop set                           topics="waku node" tid=384485 hop=/ip4/172.16.34.89/tcp/54112 before=/ip4/0.0.0.0/tcp/0
[2026-10-07 09:20:38.281] [out] [delivery_module] DBG 2026-10-07 09:20:38.281+02:00 ENR addresses updated                      topics="waku enr" tid=384485 retained=0 total=0
[2026-10-07 09:20:38.282] [out] [delivery_module] DBG 2026-10-07 09:20:38.282+02:00 Peer dial started                          topics="libp2p dialer" tid=384485 peerId=16Uiu2...T3UNSE addresses="[/ip4/43.99.103.10/tcp/30303, /dns4/delivery-02.ac-cn-hongkong-c.logos.dev.status.im/tcp/30303]"
[2026-10-07 09:20:38.282] [out] [delivery_module] DBG 2026-10-07 09:20:38.282+02:00 Peer dial started                          topics="libp2p dialer" tid=384485 peerId=16Uiu2...P1S397 addresses="[/ip4/136.119.156.87/tcp/30303, /dns4/delivery-01.gc-us-central1-a.logos.dev.status.im/tcp/30303]"
[2026-10-07 09:20:38.283] [out] [delivery_module] DBG 2026-10-07 09:20:38.283+02:00 Peer dial started                          topics="libp2p dialer" tid=384485 peerId=16Uiu2...VpJprH addresses="[/ip4/174.138.106.244/tcp/30303, /dns4/delivery-02.do-ams3.logos.dev.status.im/tcp/30303]"
[2026-10-07 09:20:38.284] [out] [delivery_module] DBG 2026-10-07 09:20:38.284+02:00 Peer dial started                          topics="libp2p dialer" tid=384485 peerId=16Uiu2...kGyuEP addresses="[/ip4/47.242.130.189/tcp/30303, /dns4/delivery-01.ac-cn-hongkong-c.logos.dev.status.im/tcp/30303]"
[2026-10-07 09:20:38.284] [out] [delivery_module] DBG 2026-10-07 09:20:38.284+02:00 Peer dial started                          topics="libp2p dialer" tid=384485 peerId=16Uiu2...NSkuby addresses="[/ip4/138.68.122.137/tcp/30303, /dns4/delivery-01.do-ams3.logos.dev.status.im/tcp/30303]"
[2026-10-07 09:20:38.285] [out] [delivery_module] DBG 2026-10-07 09:20:38.285+02:00 Peer dial started                          topics="libp2p dialer" tid=384485 peerId=16Uiu2...TwqBiH addresses="[/ip4/34.123.201.25/tcp/30303, /dns4/delivery-02.gc-us-central1-a.logos.dev.status.im/tcp/30303]"
[2026-10-07 09:20:38.285] [out] [delivery_module] INF 2026-10-07 09:20:38.285+02:00 Kademlia DHT started                       topics="kad-dht" tid=384485
[2026-10-07 09:20:38.286] [out] [delivery_module] DBG 2026-10-07 09:20:38.285+02:00 Publishing Signed XPR                      topics="service-discovery" tid=384485 xpr="(envelope: (publicKey: secp256k1 key (0430d097474278b10ae1515052d960739183468b3ab04035cd8cd27a739a0b8756eda020bd384fc747cec43f13ef7b9462f0c4e0b1620b81243b4178a6c9e8d20d), payloadType: @[3, 1], payload: @[10, 39, 0, 37, 8, 2, 18, 33, 3, 48, 208, 151, 71, 66, 120, 177, 10, 225, 81, 80, 82, 217, 96, 115, 145, 131, 70, 139, 58, 176, 64, 53, 205, 140, 210, 122, 115, 154, 11, 135, 86, 16, 214, 137, 1, 26, 10, 10, 8, 4, 172, 16, 34, 89, 6, 211, 96, 26, 13, 10, 11, 4, 172, 16, 34, 89, 145, 2, 217, 21, 205, 3], signature: 3045022100F22DE3DDE90A749547508DD6DA2F3DBFE75BBF0EDBD207B74491045D500FEAB60220733D0860DFBE701E2A88BB6B9F494BBC6A47E05030BB2AD65BFE50263D7AAE8E), data: (peerId: 16Uiu2HAmFwYQ6UrLr6a2xeezgF73DRmMsDN6p2nEpR9RHJ4d95cy, seqNo: 17622, addresses: @[(address: /ip4/172.16.34.89/tcp/54112), (address: /ip4/172.16.34.89/udp/55573/quic-v1)], services: @[]))"
[2026-10-07 09:20:38.286] [out] [delivery_module] INF 2026-10-07 09:20:38.286+02:00 Service Discovery started                  topics="service-discovery" tid=384485
[2026-10-07 09:20:38.286] [out] [delivery_module] INF 2026-10-07 09:20:38.286+02:00 start                                      topics="waku relay" tid=384485
[2026-10-07 09:20:38.286] [out] [delivery_module] INF 2026-10-07 09:20:38.286+02:00 gossipsub start                            topics="libp2p gossipsub" tid=384485
[2026-10-07 09:20:38.286] [out] [delivery_module] DBG 2026-10-07 09:20:38.286+02:00 No mesh peer for the given pubsub topic    topics="waku relay" tid=384485 pubsubTopic=/waku/2/rs/3/7
[2026-10-07 09:20:38.286] [out] [delivery_module] DBG 2026-10-07 09:20:38.286+02:00 Waku rendezvous periodic registration started topics="waku rendezvous" tid=384485 interval=10s
[2026-10-07 09:20:38.286] [out] [delivery_module] INF 2026-10-07 09:20:38.286+02:00 Waku rendezvous discovery started          topics="waku rendezvous" tid=384485
[2026-10-07 09:20:38.286] [out] [delivery_module] INF 2026-10-07 09:20:38.286+02:00 Started libp2p node                        topics="libp2p switch" tid=384485 peerId="(peerId: 16Uiu2HAmFwYQ6UrLr6a2xeezgF73DRmMsDN6p2nEpR9RHJ4d95cy, listenAddrs: [/ip4/0.0.0.0/tcp/54112, /ip4/0.0.0.0/udp/55573/quic-v1], addrs: [/ip4/172.16.34.89/tcp/54112, /ip4/172.16.34.89/udp/55573/quic-v1], protocols: [/ipfs/id/1.0.0, /libp2p/autonat/1.0.0, /libp2p/circuit/relay/0.2.0/hop, /vac/waku/metadata/1.0.0, /mix/1.0.0, /logos/service-discovery/1.0.0, /vac/waku/relay/2.0.0, /vac/waku/rendezvous/1.0.0, /ipfs/ping/1.0.0, /vac/waku/lightpush/3.0.0, /vac/waku/lightpush/2.0.0-beta1, /vac/waku/filter-subscribe/2.0.0-beta1, /vac/waku/filter-push/2.0.0-beta1, /vac/waku/peer-exchange/2.0.0-alpha1], protoVersion: ipfs/0.1.0, agentVersion: logos-delivery-v0.39.0-g3a478e)"
[2026-10-07 09:20:38.287] [out] [delivery_module] DBG 2026-10-07 09:20:38.287+02:00 ENR addresses updated                      topics="waku enr" tid=384485 retained=0 total=0
[2026-10-07 09:20:38.287] [out] [delivery_module] INF 2026-10-07 09:20:38.287+02:00 Announced addresses resolved               topics="waku node" tid=384485 addrs="@[/ip4/172.16.34.89/tcp/54112, /ip4/172.16.34.89/udp/55573/quic-v1]"
[2026-10-07 09:20:38.287] [out] [delivery_module] INF 2026-10-07 09:20:38.287+02:00 Random kademlia lookups disabled           topics="waku service discovery" tid=384485
[2026-10-07 09:20:38.287] [out] [delivery_module] DBG 2026-10-07 09:20:38.287+02:00 Periodic service lookup started            topics="waku service discovery" tid=384485 interval=1m services={}
[2026-10-07 09:20:38.287] [out] [delivery_module] INF 2026-10-07 09:20:38.287+02:00 Kademlia discovery started                 topics="waku service discovery" tid=384485
[2026-10-07 09:20:38.287] [out] [delivery_module] INF 2026-10-07 09:20:38.287+02:00 Discovery ENR initialized                  topics="eth p2p discv5" tid=384485 enrAutoUpdate=false seqNum=4 ip=none() tcpPort=none() udpPort=none() customEnrFields=@[] uri=enr:-Ka4QPdcM6Svi0L9U8v5GjlB524FwYoqDXDvltrd7D299lxzP1j0KWXipArsjNs8whtEW_lXxvQ9-WEfoEkpJipCT6MEgmlkgnY0im11bHRpYWRkcnOAgnJzkwADCAAAAAEAAgADAAQABQAGAAeJc2VjcDI1NmsxoQMw0JdHQnixCuFRUFLZYHORg0aLOrBANc2M0npzmguHVoN0Y3CC02CFd2FrdTIt
[2026-10-07 09:20:38.287] [out] [delivery_module] WRN 2026-10-07 09:20:38.287+02:00 No external IP provided for the ENR, this node will not be discoverable topics="eth p2p discv5" tid=384485
[2026-10-07 09:20:38.287] [out] [delivery_module] DBG 2026-10-07 09:20:38.287+02:00 peer filtering updated                     topics="waku discv5" tid=384485
[2026-10-07 09:20:38.287] [out] [delivery_module] INF 2026-10-07 09:20:38.287+02:00 Starting discovery v5 service              topics="waku discv5" tid=384485
[2026-10-07 09:20:38.287] [out] [delivery_module] INF 2026-10-07 09:20:38.287+02:00 Start listening on udp port                topics="waku discv5" tid=384485 address=0.0.0.0 port=52996
[2026-10-07 09:20:38.287] [out] [delivery_module] INF 2026-10-07 09:20:38.287+02:00 Starting discovery node                    topics="eth p2p discv5" tid=384485 node=1d*1c85f3:unaddressable bindAddress=0.0.0.0:52996
[2026-10-07 09:20:38.287] [out] [delivery_module] DBG 2026-10-07 09:20:38.287+02:00 Total nodes in routing table after populate topics="eth p2p discv5" tid=384485 total=0
[2026-10-07 09:20:38.287] [out] [delivery_module] DBG 2026-10-07 09:20:38.287+02:00 Starting discovery v5 search               topics="waku discv5" tid=384485
[2026-10-07 09:20:38.287] [out] [delivery_module] DBG 2026-10-07 09:20:38.287+02:00 Successfully started discovery v5 service  topics="waku discv5" tid=384485
[2026-10-07 09:20:38.288] [out] [delivery_module] INF 2026-10-07 09:20:38.287+02:00 Discv5: discoverable ENR                   topics="waku discv5" tid=384485 enrUri=enr:-Ka4QPdcM6Svi0L9U8v5GjlB524FwYoqDXDvltrd7D299lxzP1j0KWXipArsjNs8whtEW_lXxvQ9-WEfoEkpJipCT6MEgmlkgnY0im11bHRpYWRkcnOAgnJzkwADCAAAAAEAAgADAAQABQAGAAeJc2VjcDI1NmsxoQMw0JdHQnixCuFRUFLZYHORg0aLOrBANc2M0npzmguHVoN0Y3CC02CFd2FrdTIt enr="(4, id: \"v4\", multiaddrs: 0x, rs: 0x00030800000001000200030004000500060007, secp256k1: 0x0330D097474278B10AE1515052D960739183468B3AB04035CD8CD27A739A0B8756, tcp: 54112, waku2: 0x2D)"
[2026-10-07 09:20:38.288] [out] [delivery_module] INF 2026-10-07 09:20:38.288+02:00 Node started successfully                  topics="waku node" tid=384485
[2026-10-07 09:20:38.288] [out] [delivery_module] DBG 2026-10-07 09:20:38.288+02:00 Dialing multiple peers                     tid=384485 numOfPeers=6 nodes="@[\"/dns4/delivery-01.do-ams3.logos.dev.status.im/tcp/30303/p2p/16Uiu2HAmTUbnxLGT9JvV6mu9oPyDjqHK4Phs1VDJNUgESgNSkuby\", \"/dns4/delivery-02.do-ams3.logos.dev.status.im/tcp/30303/p2p/16Uiu2HAmMK7PYygBtKUQ8EHp7EfaD3bCEsJrkFooK8RQ2PVpJprH\", \"/dns4/delivery-01.gc-us-central1-a.logos.dev.status.im/tcp/30303/p2p/16Uiu2HAm4S1JYkuzDKLKQvwgAhZKs9otxXqt8SCGtB4hoJP1S397\", \"/dns4/delivery-02.gc-us-central1-a.logos.dev.status.im/tcp/30303/p2p/16Uiu2HAm8Y9kgBNtjxvCnf1X6gnZJW5EGE4UwwCL3CCm55TwqBiH\", \"/dns4/delivery-01.ac-cn-hongkong-c.logos.dev.status.im/tcp/30303/p2p/16Uiu2HAm8YokiNun9BkeA1ZRmhLbtNUvcwRr64F69tYj9fkGyuEP\", \"/dns4/delivery-02.ac-cn-hongkong-c.logos.dev.status.im/tcp/30303/p2p/16Uiu2HAkvwhGHKNry6LACrB8TmEFoCJKEX29XR5dDUzk3UT3UNSE\"]"
[2026-10-07 09:20:38.376] [out] [delivery_module] DBG 2026-10-07 09:20:38.376+02:00 created new pubsub peer                    topics="libp2p pubsub" tid=384485 peerId=16Uiu2...NSkuby
[2026-10-07 09:20:38.376] [out] [delivery_module] DBG 2026-10-07 09:20:38.376+02:00 no listener registered                     tid=384486 event=onConnectionChange
[2026-10-07 09:20:38.376] [out] [delivery_module] DBG 2026-10-07 09:20:38.376+02:00 created new pubsub peer                    topics="libp2p pubsub" tid=384485 peerId=16Uiu2...VpJprH
[2026-10-07 09:20:38.376] [out] [delivery_module] DBG 2026-10-07 09:20:38.376+02:00 no listener registered                     tid=384486 event=onConnectionChange
[2026-10-07 09:20:38.379] [out] [delivery_module] DBG 2026-10-07 09:20:38.379+02:00 Incoming WakuRelay connection              topics="waku relay" tid=384485 connection=16Uiu2...NSkuby:6ac5f2c69bba444f5eacda91 protocol=/vac/waku/relay/2.0.0
[2026-10-07 09:20:38.379] [out] [delivery_module] DBG 2026-10-07 09:20:38.379+02:00 Incoming WakuRelay connection              topics="waku relay" tid=384485 connection=16Uiu2...VpJprH:6ac5f2c69bba444f5eacda93 protocol=/vac/waku/relay/2.0.0
[2026-10-07 09:20:38.424] [out] [delivery_module] DBG 2026-10-07 09:20:38.424+02:00 Event identified                           topics="waku node peer_manager" tid=384485 peerId=16Uiu2...VpJprH
[2026-10-07 09:20:38.424] [out] [delivery_module] DBG 2026-10-07 09:20:38.424+02:00 no listener registered                     tid=384486 event=onConnectionChange
[2026-10-07 09:20:38.427] [out] [delivery_module] DBG 2026-10-07 09:20:38.427+02:00 Event identified                           topics="waku node peer_manager" tid=384485 peerId=16Uiu2...NSkuby
[2026-10-07 09:20:38.427] [out] [delivery_module] DBG 2026-10-07 09:20:38.427+02:00 no listener registered                     tid=384486 event=onConnectionChange
[2026-10-07 09:20:38.449] [out] [delivery_module] DBG 2026-10-07 09:20:38.449+02:00 no listener registered                     tid=384486 event=onTopicHealthChange
[2026-10-07 09:20:38.449] [out] [delivery_module] DBG 2026-10-07 09:20:38.449+02:00 Received WakuMetadata request              topics="waku metadata" tid=384485 remoteClusterId=ok(3) remoteShards="[5, 0, 2, 1, 4, 7, 3, 6]" localClusterId=3 localShards="[7]" peer=16Uiu2...VpJprH
[2026-10-07 09:20:38.451] [out] [delivery_module] DBG 2026-10-07 09:20:38.451+02:00 Received WakuMetadata request              topics="waku metadata" tid=384485 remoteClusterId=ok(3) remoteShards="[5, 0, 2, 1, 4, 7, 3, 6]" localClusterId=3 localShards="[7]" peer=16Uiu2...NSkuby
[2026-10-07 09:20:38.471] [out] [delivery_module] DBG 2026-10-07 09:20:38.471+02:00 no listener registered                     tid=384486 event=onConnectionChange
[2026-10-07 09:20:38.475] [out] [delivery_module] DBG 2026-10-07 09:20:38.475+02:00 no listener registered                     tid=384486 event=onConnectionChange
[2026-10-07 09:20:38.551] [out] [delivery_module] DBG 2026-10-07 09:20:38.551+02:00 No mesh peer for the given pubsub topic    topics="waku relay" tid=384485 pubsubTopic=/waku/2/rs/3/7
[2026-10-07 09:20:38.551] [out] [delivery_module] DBG 2026-10-07 09:20:38.551+02:00 no listener registered                     tid=384486 event=onTopicHealthChange
[2026-10-07 09:20:38.575] [out] [delivery_module] DBG 2026-10-07 09:20:38.575+02:00 Peer dial started                          topics="libp2p dialer" tid=384485 peerId=16Uiu2...7ZEp3L addresses="[/ip4/192.168.1.3/udp/56395/quic-v1, /ip4/192.168.1.3/tcp/49737]"
[2026-10-07 09:20:38.576] [out] [delivery_module] DBG 2026-10-07 09:20:38.576+02:00 New connection established: client         tid=384485
[2026-10-07 09:20:38.577] [out] [delivery_module] DBG 2026-10-07 09:20:38.576+02:00 Peer dial started                          topics="libp2p dialer" tid=384485 peerId=16Uiu2...yWaRuc addresses="[/ip4/172.16.34.89/udp/60946/quic-v1, /ip4/172.16.34.89/tcp/53686]"
[2026-10-07 09:20:38.577] [out] [delivery_module] DBG 2026-10-07 09:20:38.577+02:00 New connection established: client         tid=384485
[2026-10-07 09:20:38.578] [out] [delivery_module] DBG 2026-10-07 09:20:38.578+02:00 Peer dial started                          topics="libp2p dialer" tid=384485 peerId=16Uiu2...2FWeUS addresses=[/ip4/173.42.114.210/tcp/43243]
[2026-10-07 09:20:38.579] [out] [delivery_module] DBG 2026-10-07 09:20:38.579+02:00 Peer dial started                          topics="libp2p dialer" tid=384485 peerId=16Uiu2...k3v1b3 addresses="[/ip4/10.16.8.125/udp/55890/quic-v1, /ip4/10.16.8.125/tcp/49352]"
[2026-10-07 09:20:38.580] [out] [delivery_module] DBG 2026-10-07 09:20:38.580+02:00 New connection established: client         tid=384485
[2026-10-07 09:20:38.581] [out] [delivery_module] DBG 2026-10-07 09:20:38.581+02:00 Peer dial started                          topics="libp2p dialer" tid=384485 peerId=16Uiu2...CKtDKK addresses=[/ip4/173.42.114.210/tcp/37945]
[2026-10-07 09:20:38.581] [out] [delivery_module] DBG 2026-10-07 09:20:38.581+02:00 Peer dial started                          topics="libp2p dialer" tid=384485 peerId=16Uiu2...p34zJM addresses="[/ip4/172.16.34.89/udp/64446/quic-v1, /ip4/172.16.34.89/tcp/53956]"
[2026-10-07 09:20:38.582] [out] [delivery_module] DBG 2026-10-07 09:20:38.582+02:00 New connection established: client         tid=384485
[2026-10-07 09:20:38.582] [out] [delivery_module] DBG 2026-10-07 09:20:38.582+02:00 Peer dial started                          topics="libp2p dialer" tid=384485 peerId=16Uiu2...Vewv1Y addresses="[/ip4/172.16.34.89/udp/61772/quic-v1, /ip4/172.16.34.89/tcp/53985]"
[2026-10-07 09:20:38.582] [out] [delivery_module] DBG 2026-10-07 09:20:38.582+02:00 New connection established: client         tid=384485
[2026-10-07 09:20:38.583] [out] [delivery_module] DBG 2026-10-07 09:20:38.583+02:00 Peer dial started                          topics="libp2p dialer" tid=384485 peerId=16Uiu2...jQfE1X addresses=[/ip4/173.42.114.210/tcp/34927]
[2026-10-07 09:20:38.584] [out] [delivery_module] DBG 2026-10-07 09:20:38.584+02:00 Peer dial started                          topics="libp2p dialer" tid=384485 peerId=16Uiu2...oXrMK4 addresses="[/ip4/172.16.34.89/udp/56480/quic-v1, /ip4/172.16.34.89/tcp/53957]"
[2026-10-07 09:20:38.584] [out] [delivery_module] DBG 2026-10-07 09:20:38.584+02:00 New connection established: client         tid=384485
[2026-10-07 09:20:38.586] [out] [delivery_module] DBG 2026-10-07 09:20:38.586+02:00 Peer dial started                          topics="libp2p dialer" tid=384485 peerId=16Uiu2...jqCixh addresses=[/ip4/173.42.114.210/tcp/37219]
[2026-10-07 09:20:38.588] [out] [delivery_module] DBG 2026-10-07 09:20:38.588+02:00 Handshake done                             tid=384485 status=1
[2026-10-07 09:20:38.589] [out] [delivery_module] DBG 2026-10-07 09:20:38.589+02:00 created new pubsub peer                    topics="libp2p pubsub" tid=384485 peerId=16Uiu2...yWaRuc
[2026-10-07 09:20:38.589] [out] [delivery_module] DBG 2026-10-07 09:20:38.589+02:00 Creating stream                            tid=384485
[2026-10-07 09:20:38.589] [out] [delivery_module] DBG 2026-10-07 09:20:38.589+02:00 New stream created                         tid=384485
[2026-10-07 09:20:38.589] [out] [delivery_module] DBG 2026-10-07 09:20:38.589+02:00 no listener registered                     tid=384486 event=onConnectionChange
[2026-10-07 09:20:38.589] [out] [delivery_module] DBG 2026-10-07 09:20:38.589+02:00 Creating stream                            tid=384485
[2026-10-07 09:20:38.589] [out] [delivery_module] DBG 2026-10-07 09:20:38.589+02:00 New stream created                         tid=384485
[2026-10-07 09:20:38.590] [out] [delivery_module] DBG 2026-10-07 09:20:38.590+02:00 New stream created                         tid=384485
[2026-10-07 09:20:38.593] [out] [delivery_module] DBG 2026-10-07 09:20:38.593+02:00 New stream created                         tid=384485
[2026-10-07 09:20:38.593] [out] [delivery_module] DBG 2026-10-07 09:20:38.593+02:00 Incoming WakuRelay connection              topics="waku relay" tid=384485 connection=16Uiu2...yWaRuc:6ac5f2c69bba444f5eacdaa4 protocol=/vac/waku/relay/2.0.0
[2026-10-07 09:20:38.594] [out] [delivery_module] DBG 2026-10-07 09:20:38.594+02:00 Event identified                           topics="waku node peer_manager" tid=384485 peerId=16Uiu2...yWaRuc
[2026-10-07 09:20:38.594] [out] [delivery_module] DBG 2026-10-07 09:20:38.594+02:00 Creating stream                            tid=384485
[2026-10-07 09:20:38.594] [out] [delivery_module] DBG 2026-10-07 09:20:38.594+02:00 New stream created                         tid=384485
[2026-10-07 09:20:38.594] [out] [delivery_module] DBG 2026-10-07 09:20:38.594+02:00 no listener registered                     tid=384486 event=onConnectionChange
[2026-10-07 09:20:38.594] [out] [delivery_module] DBG 2026-10-07 09:20:38.594+02:00 New stream created                         tid=384485
[2026-10-07 09:20:38.614] [out] [delivery_module] DBG 2026-10-07 09:20:38.614+02:00 Received WakuMetadata request              topics="waku metadata" tid=384485 remoteClusterId=ok(3) remoteShards="[5, 0, 2, 1, 4, 7, 3, 6]" localClusterId=3 localShards="[7]" peer=16Uiu2...yWaRuc
[2026-10-07 09:20:38.614] [out] [delivery_module] DBG 2026-10-07 09:20:38.614+02:00 no listener registered                     tid=384486 event=onConnectionChange
[2026-10-07 09:20:38.616] [out] [delivery_module] DBG 2026-10-07 09:20:38.616+02:00 Creating stream                            tid=384485
[2026-10-07 09:20:38.616] [out] [delivery_module] DBG 2026-10-07 09:20:38.616+02:00 New stream created                         tid=384485
[2026-10-07 09:20:38.618] [out] [delivery_module] DBG 2026-10-07 09:20:38.618+02:00 New stream created                         tid=384485
[2026-10-07 09:20:38.890] [out] [delivery_module] DBG 2026-10-07 09:20:38.890+02:00 created new pubsub peer                    topics="libp2p pubsub" tid=384485 peerId=16Uiu2...P1S397
[2026-10-07 09:20:38.890] [out] [delivery_module] DBG 2026-10-07 09:20:38.890+02:00 no listener registered                     tid=384486 event=onConnectionChange
[2026-10-07 09:20:38.890] [out] [delivery_module] DBG 2026-10-07 09:20:38.890+02:00 Incoming WakuRelay connection              topics="waku relay" tid=384485 connection=16Uiu2...P1S397:6ac5f2c69bba444f5eacdab0 protocol=/vac/waku/relay/2.0.0
[2026-10-07 09:20:38.891] [out] [delivery_module] DBG 2026-10-07 09:20:38.891+02:00 created new pubsub peer                    topics="libp2p pubsub" tid=384485 peerId=16Uiu2...TwqBiH
[2026-10-07 09:20:38.891] [out] [delivery_module] DBG 2026-10-07 09:20:38.891+02:00 no listener registered                     tid=384486 event=onConnectionChange
[2026-10-07 09:20:38.894] [out] [delivery_module] DBG 2026-10-07 09:20:38.894+02:00 Incoming WakuRelay connection              topics="waku relay" tid=384485 connection=16Uiu2...TwqBiH:6ac5f2c69bba444f5eacdab6 protocol=/vac/waku/relay/2.0.0
[2026-10-07 09:20:39.027] [out] [delivery_module] DBG 2026-10-07 09:20:39.027+02:00 Event identified                           topics="waku node peer_manager" tid=384485 peerId=16Uiu2...P1S397
[2026-10-07 09:20:39.027] [out] [delivery_module] DBG 2026-10-07 09:20:39.027+02:00 no listener registered                     tid=384486 event=onConnectionChange
[2026-10-07 09:20:39.031] [out] [delivery_module] DBG 2026-10-07 09:20:39.031+02:00 Event identified                           topics="waku node peer_manager" tid=384485 peerId=16Uiu2...TwqBiH
[2026-10-07 09:20:39.031] [out] [delivery_module] DBG 2026-10-07 09:20:39.031+02:00 no listener registered                     tid=384486 event=onConnectionChange
[2026-10-07 09:20:39.121] [out] [delivery_module] DBG 2026-10-07 09:20:39.121+02:00 created new pubsub peer                    topics="libp2p pubsub" tid=384485 peerId=16Uiu2...2FWeUS
[2026-10-07 09:20:39.121] [out] [delivery_module] DBG 2026-10-07 09:20:39.121+02:00 no listener registered                     tid=384486 event=onConnectionChange
[2026-10-07 09:20:39.121] [out] [delivery_module] DBG 2026-10-07 09:20:39.121+02:00 created new pubsub peer                    topics="libp2p pubsub" tid=384485 peerId=16Uiu2...CKtDKK
[2026-10-07 09:20:39.122] [out] [delivery_module] DBG 2026-10-07 09:20:39.121+02:00 no listener registered                     tid=384486 event=onConnectionChange
[2026-10-07 09:20:39.122] [out] [delivery_module] DBG 2026-10-07 09:20:39.122+02:00 created new pubsub peer                    topics="libp2p pubsub" tid=384485 peerId=16Uiu2...jQfE1X
[2026-10-07 09:20:39.122] [out] [delivery_module] DBG 2026-10-07 09:20:39.122+02:00 no listener registered                     tid=384486 event=onConnectionChange
[2026-10-07 09:20:39.128] [out] [delivery_module] DBG 2026-10-07 09:20:39.128+02:00 Incoming WakuRelay connection              topics="waku relay" tid=384485 connection=16Uiu2...CKtDKK:6ac5f2c79bba444f5eacdac8 protocol=/vac/waku/relay/2.0.0
[2026-10-07 09:20:39.128] [out] [delivery_module] DBG 2026-10-07 09:20:39.128+02:00 Incoming WakuRelay connection              topics="waku relay" tid=384485 connection=16Uiu2...2FWeUS:6ac5f2c79bba444f5eacdaca protocol=/vac/waku/relay/2.0.0
[2026-10-07 09:20:39.129] [out] [delivery_module] DBG 2026-10-07 09:20:39.129+02:00 Incoming WakuRelay connection              topics="waku relay" tid=384485 connection=16Uiu2...jQfE1X:6ac5f2c79bba444f5eacdacc protocol=/vac/waku/relay/2.0.0
[2026-10-07 09:20:39.132] [out] [delivery_module] DBG 2026-10-07 09:20:39.132+02:00 created new pubsub peer                    topics="libp2p pubsub" tid=384485 peerId=16Uiu2...jqCixh
[2026-10-07 09:20:39.132] [out] [delivery_module] DBG 2026-10-07 09:20:39.132+02:00 no listener registered                     tid=384486 event=onConnectionChange
[2026-10-07 09:20:39.136] [out] [delivery_module] DBG 2026-10-07 09:20:39.136+02:00 Incoming WakuRelay connection              topics="waku relay" tid=384485 connection=16Uiu2...jqCixh:6ac5f2c79bba444f5eacdad0 protocol=/vac/waku/relay/2.0.0
[2026-10-07 09:20:39.163] [out] [delivery_module] DBG 2026-10-07 09:20:39.162+02:00 Received WakuMetadata request              topics="waku metadata" tid=384485 remoteClusterId=ok(3) remoteShards="[5, 0, 2, 1, 4, 7, 3, 6]" localClusterId=3 localShards="[7]" peer=16Uiu2...TwqBiH
[2026-10-07 09:20:39.169] [out] [delivery_module] DBG 2026-10-07 09:20:39.169+02:00 created new pubsub peer                    topics="libp2p pubsub" tid=384485 peerId=16Uiu2...kGyuEP
[2026-10-07 09:20:39.169] [out] [delivery_module] DBG 2026-10-07 09:20:39.169+02:00 no listener registered                     tid=384486 event=onConnectionChange
[2026-10-07 09:20:39.170] [out] [delivery_module] DBG 2026-10-07 09:20:39.170+02:00 created new pubsub peer                    topics="libp2p pubsub" tid=384485 peerId=16Uiu2...T3UNSE
[2026-10-07 09:20:39.170] [out] [delivery_module] DBG 2026-10-07 09:20:39.170+02:00 no listener registered                     tid=384486 event=onConnectionChange
[2026-10-07 09:20:39.170] [out] [delivery_module] DBG 2026-10-07 09:20:39.170+02:00 Received WakuMetadata request              topics="waku metadata" tid=384485 remoteClusterId=ok(3) remoteShards="[5, 0, 2, 1, 4, 7, 3, 6]" localClusterId=3 localShards="[7]" peer=16Uiu2...P1S397
[2026-10-07 09:20:39.170] [out] [delivery_module] DBG 2026-10-07 09:20:39.170+02:00 no listener registered                     tid=384486 event=onTopicHealthChange
[2026-10-07 09:20:39.170] [out] [delivery_module] DBG 2026-10-07 09:20:39.170+02:00 Incoming WakuRelay connection              topics="waku relay" tid=384485 connection=16Uiu2...kGyuEP:6ac5f2c79bba444f5eacdad2 protocol=/vac/waku/relay/2.0.0
[2026-10-07 09:20:39.171] [out] [delivery_module] DBG 2026-10-07 09:20:39.171+02:00 Incoming WakuRelay connection              topics="waku relay" tid=384485 connection=16Uiu2...T3UNSE:6ac5f2c79bba444f5eacdad4 protocol=/vac/waku/relay/2.0.0
[2026-10-07 09:20:39.275] [out] [delivery_module] WRN 2026-10-07 09:20:39.275+02:00 ffi request still in flight; caller notified via RET_STALE_WARN tid=384485 reqId=LogosdeliveryStartNodeReq elapsedMs=5000
[2026-10-07 09:20:39.286] [out] [delivery_module] DBG 2026-10-07 09:20:39.286+02:00 Event identified                           topics="waku node peer_manager" tid=384485 peerId=16Uiu2...CKtDKK
[2026-10-07 09:20:39.286] [out] [delivery_module] DBG 2026-10-07 09:20:39.286+02:00 no listener registered                     tid=384486 event=onConnectionChange
[2026-10-07 09:20:39.286] [out] [delivery_module] DBG 2026-10-07 09:20:39.286+02:00 Event identified                           topics="waku node peer_manager" tid=384485 peerId=16Uiu2...2FWeUS
[2026-10-07 09:20:39.286] [out] [delivery_module] DBG 2026-10-07 09:20:39.286+02:00 no listener registered                     tid=384486 event=onConnectionChange
[2026-10-07 09:20:39.286] [out] [delivery_module] DBG 2026-10-07 09:20:39.286+02:00 Event identified                           topics="waku node peer_manager" tid=384485 peerId=16Uiu2...jQfE1X
[2026-10-07 09:20:39.286] [out] [delivery_module] DBG 2026-10-07 09:20:39.286+02:00 no listener registered                     tid=384486 event=onConnectionChange
[2026-10-07 09:20:39.287] [out] [delivery_module] DBG 2026-10-07 09:20:39.287+02:00 Event identified                           topics="waku node peer_manager" tid=384485 peerId=16Uiu2...jqCixh
[2026-10-07 09:20:39.287] [out] [delivery_module] DBG 2026-10-07 09:20:39.287+02:00 no listener registered                     tid=384486 event=onConnectionChange
[2026-10-07 09:20:39.292] [out] [delivery_module] DBG 2026-10-07 09:20:39.292+02:00 no listener registered                     tid=384486 event=onConnectionChange
[2026-10-07 09:20:39.306] [out] [delivery_module] DBG 2026-10-07 09:20:39.305+02:00 no listener registered                     tid=384486 event=onConnectionChange
[2026-10-07 09:20:39.376] [out] [delivery_module] DBG 2026-10-07 09:20:39.376+02:00 Event identified                           topics="waku node peer_manager" tid=384485 peerId=16Uiu2...T3UNSE
[2026-10-07 09:20:39.376] [out] [delivery_module] DBG 2026-10-07 09:20:39.376+02:00 no listener registered                     tid=384486 event=onConnectionChange
[2026-10-07 09:20:39.376] [out] [delivery_module] DBG 2026-10-07 09:20:39.376+02:00 Event identified                           topics="waku node peer_manager" tid=384485 peerId=16Uiu2...kGyuEP
[2026-10-07 09:20:39.376] [out] [delivery_module] DBG 2026-10-07 09:20:39.376+02:00 no listener registered                     tid=384486 event=onConnectionChange
[2026-10-07 09:20:39.404] [out] [delivery_module] DBG 2026-10-07 09:20:39.404+02:00 Received WakuMetadata request              topics="waku metadata" tid=384485 remoteClusterId=ok(3) remoteShards="[5, 0, 2, 1, 4, 7, 3, 6]" localClusterId=3 localShards="[7]" peer=16Uiu2...2FWeUS
[2026-10-07 09:20:39.404] [out] [delivery_module] DBG 2026-10-07 09:20:39.404+02:00 Received WakuMetadata request              topics="waku metadata" tid=384485 remoteClusterId=ok(3) remoteShards="[5, 0, 2, 1, 4, 7, 3, 6]" localClusterId=3 localShards="[7]" peer=16Uiu2...CKtDKK
[2026-10-07 09:20:39.415] [out] [delivery_module] DBG 2026-10-07 09:20:39.415+02:00 no listener registered                     tid=384486 event=onTopicHealthChange
[2026-10-07 09:20:39.417] [out] [delivery_module] DBG 2026-10-07 09:20:39.417+02:00 Received WakuMetadata request              topics="waku metadata" tid=384485 remoteClusterId=ok(3) remoteShards="[5, 0, 2, 1, 4, 7, 3, 6]" localClusterId=3 localShards="[7]" peer=16Uiu2...jQfE1X
[2026-10-07 09:20:39.425] [out] [delivery_module] DBG 2026-10-07 09:20:39.425+02:00 Received WakuMetadata request              topics="waku metadata" tid=384485 remoteClusterId=ok(3) remoteShards="[5, 0, 2, 1, 4, 7, 3, 6]" localClusterId=3 localShards="[7]" peer=16Uiu2...jqCixh
[2026-10-07 09:20:39.522] [out] [delivery_module] DBG 2026-10-07 09:20:39.522+02:00 no listener registered                     tid=384486 event=onConnectionChange
[2026-10-07 09:20:39.538] [out] [delivery_module] DBG 2026-10-07 09:20:39.538+02:00 no listener registered                     tid=384486 event=onConnectionChange
[2026-10-07 09:20:39.540] [out] [delivery_module] DBG 2026-10-07 09:20:39.540+02:00 no listener registered                     tid=384486 event=onConnectionChange
[2026-10-07 09:20:39.559] [out] [delivery_module] DBG 2026-10-07 09:20:39.559+02:00 no listener registered                     tid=384486 event=onConnectionChange
[2026-10-07 09:20:39.595] [out] [delivery_module] DBG 2026-10-07 09:20:39.595+02:00 Received WakuMetadata request              topics="waku metadata" tid=384485 remoteClusterId=ok(3) remoteShards="[5, 0, 2, 1, 4, 7, 3, 6]" localClusterId=3 localShards="[7]" peer=16Uiu2...kGyuEP
[2026-10-07 09:20:39.595] [out] [delivery_module] DBG 2026-10-07 09:20:39.595+02:00 Received WakuMetadata request              topics="waku metadata" tid=384485 remoteClusterId=ok(3) remoteShards="[5, 0, 2, 1, 4, 7, 3, 6]" localClusterId=3 localShards="[7]" peer=16Uiu2...T3UNSE
[2026-10-07 09:20:39.811] [out] [delivery_module] DBG 2026-10-07 09:20:39.811+02:00 no listener registered                     tid=384486 event=onConnectionChange
[2026-10-07 09:20:39.816] [out] [delivery_module] DBG 2026-10-07 09:20:39.816+02:00 no listener registered                     tid=384486 event=onConnectionChange
[2026-10-07 09:20:39.816] [out] [delivery_module] DBG 2026-10-07 09:20:39.816+02:00 Finished dialing multiple peers            tid=384485 successfulConns=6 attempted=6
[2026-10-07 09:20:39.817] [out] [delivery_module] DBG 2026-10-07 09:20:39.817+02:00 Dialing multiple peers                     topics="waku node peer_manager" tid=384485 numOfPeers=5 nodes="@[16Uiu2HAmKmmKpn6BpKDyShnpHYkZ95YSzZFCpUM48wS3VkVewv1Y, 16Uiu2HAmAResE15q4BDR96fpXuErsrxP4kzNDeA9LpPsbh7ZEp3L, 16Uiu2HAmBJwZDuiL43W8HXbfUydtMG84pZGHbzyoFVVeW6oXrMK4, 16Uiu2HAmNudft6gsKfCjJhZFaJ4VHRHaJqXBTQfQEKCGw6p34zJM, 16Uiu2HAkxBrmLdjythutRKhtiVcG39BUhZLXbxwzG4UmQBk3v1b3]"
[2026-10-07 09:20:39.817] [out] [delivery_module] INF 2026-10-07 09:20:39.817+02:00 Relay peer connections                     topics="waku node peer_manager" tid=384485 inRelayConns=0/50 outRelayConns=11/25 totalConnections=11/150 notConnectedPeers=5 outsideBackoffPeers=5
[2026-10-07 09:20:39.818] [out] [delivery_module] DBG 2026-10-07 09:20:39.818+02:00 ENR addresses updated                      topics="waku enr" tid=384485 retained=0 total=0
[2026-10-07 09:20:39.818] [out] [delivery_module] DBG 2026-10-07 09:20:39.818+02:00 Subscribing to pubsub topic                topics="waku relay" tid=384485 pubsubTopic=/waku/2/rs/3/0
[2026-10-07 09:20:39.819] [out] [delivery_module] DBG 2026-10-07 09:20:39.819+02:00 peer filtering updated                     topics="waku discv5" tid=384485
[2026-10-07 09:20:39.819] [out] [delivery_module] DBG 2026-10-07 09:20:39.819+02:00 ENR shards updated                         topics="waku discv5" tid=384485 enrUri=enr:-K24QC88uZjqTpDO-UipDbvDJP1mmEWO8-5OJwi_WewBrmELaJKsLThotVcoWpBBnE5XwSxPcMcULTT0VvMcIcvGvkQHgmlkgnY0im11bHRpYWRkcnOAgnJzkwADCAAAAAEAAgADAAQABQAGAAeJc2VjcDI1NmsxoQMw0JdHQnixCuFRUFLZYHORg0aLOrBANc2M0npzmguHVoN0Y3CC02CDdWRwgs8EhXdha3UyLQ add=true
[2026-10-07 09:20:39.819] [out] [delivery_module] DBG 2026-10-07 09:20:39.819+02:00 Subscribing to pubsub topic                topics="waku relay" tid=384485 pubsubTopic=/waku/2/rs/3/1
[2026-10-07 09:20:39.820] [out] [delivery_module] DBG 2026-10-07 09:20:39.820+02:00 peer filtering updated                     topics="waku discv5" tid=384485
[2026-10-07 09:20:39.820] [out] [delivery_module] DBG 2026-10-07 09:20:39.820+02:00 ENR shards updated                         topics="waku discv5" tid=384485 enrUri=enr:-K24QHv-pPfY5JI9sj6MizVb9Qn4ZxBD1R3R8-lKTtPiFfYAWKvn8Rg8wll3J-u0Odv3DHn_CoPgcs9gOrCCrHLGwj4IgmlkgnY0im11bHRpYWRkcnOAgnJzkwADCAAAAAEAAgADAAQABQAGAAeJc2VjcDI1NmsxoQMw0JdHQnixCuFRUFLZYHORg0aLOrBANc2M0npzmguHVoN0Y3CC02CDdWRwgs8EhXdha3UyLQ add=true
[2026-10-07 09:20:39.820] [out] [delivery_module] DBG 2026-10-07 09:20:39.820+02:00 Subscribing to pubsub topic                topics="waku relay" tid=384485 pubsubTopic=/waku/2/rs/3/2
[2026-10-07 09:20:39.821] [out] [delivery_module] DBG 2026-10-07 09:20:39.821+02:00 peer filtering updated                     topics="waku discv5" tid=384485
[2026-10-07 09:20:39.821] [out] [delivery_module] DBG 2026-10-07 09:20:39.821+02:00 ENR shards updated                         topics="waku discv5" tid=384485 enrUri=enr:-K24QMAyHaJTnUpo6fNsJqrzSkHUgrXh_XiOhVBZSJhKzvyyeszhR6RA9VIxugoHyv3Lp8cnU0DJmNntjynJTnlILzsJgmlkgnY0im11bHRpYWRkcnOAgnJzkwADCAAAAAEAAgADAAQABQAGAAeJc2VjcDI1NmsxoQMw0JdHQnixCuFRUFLZYHORg0aLOrBANc2M0npzmguHVoN0Y3CC02CDdWRwgs8EhXdha3UyLQ add=true
[2026-10-07 09:20:39.821] [out] [delivery_module] DBG 2026-10-07 09:20:39.821+02:00 Subscribing to pubsub topic                topics="waku relay" tid=384485 pubsubTopic=/waku/2/rs/3/3
[2026-10-07 09:20:39.821] [out] [delivery_module] DBG 2026-10-07 09:20:39.821+02:00 peer filtering updated                     topics="waku discv5" tid=384485
[2026-10-07 09:20:39.821] [out] [delivery_module] DBG 2026-10-07 09:20:39.821+02:00 ENR shards updated                         topics="waku discv5" tid=384485 enrUri=enr:-K24QPiXWQ7pTKKwU7X-rtYA4HphpnlpmXAPtcPyTxQxhSxEfdtuH8LWNnoVPDCUk0LKr-zq76KjCxttxiFGrZ2A9WQKgmlkgnY0im11bHRpYWRkcnOAgnJzkwADCAAAAAEAAgADAAQABQAGAAeJc2VjcDI1NmsxoQMw0JdHQnixCuFRUFLZYHORg0aLOrBANc2M0npzmguHVoN0Y3CC02CDdWRwgs8EhXdha3UyLQ add=true
[2026-10-07 09:20:39.821] [out] [delivery_module] DBG 2026-10-07 09:20:39.821+02:00 Subscribing to pubsub topic                topics="waku relay" tid=384485 pubsubTopic=/waku/2/rs/3/4
[2026-10-07 09:20:39.822] [out] [delivery_module] DBG 2026-10-07 09:20:39.822+02:00 peer filtering updated                     topics="waku discv5" tid=384485
[2026-10-07 09:20:39.822] [out] [delivery_module] DBG 2026-10-07 09:20:39.822+02:00 ENR shards updated                         topics="waku discv5" tid=384485 enrUri=enr:-K24QN7gTrrkocMETlBtEAHdqswvPweQgh0IBhwhSoS6JHCwYCQd9447QYlRNHDh2AnK8Hr5cO6ExviP_Z_055HK87ELgmlkgnY0im11bHRpYWRkcnOAgnJzkwADCAAAAAEAAgADAAQABQAGAAeJc2VjcDI1NmsxoQMw0JdHQnixCuFRUFLZYHORg0aLOrBANc2M0npzmguHVoN0Y3CC02CDdWRwgs8EhXdha3UyLQ add=true
[2026-10-07 09:20:39.822] [out] [delivery_module] DBG 2026-10-07 09:20:39.822+02:00 Subscribing to pubsub topic                topics="waku relay" tid=384485 pubsubTopic=/waku/2/rs/3/5
[2026-10-07 09:20:39.822] [out] [delivery_module] DBG 2026-10-07 09:20:39.822+02:00 peer filtering updated                     topics="waku discv5" tid=384485
[2026-10-07 09:20:39.822] [out] [delivery_module] DBG 2026-10-07 09:20:39.822+02:00 ENR shards updated                         topics="waku discv5" tid=384485 enrUri=enr:-K24QA03mKIi9c4dEHyhGvgYO-DThWsAJy3Z90PnIkI7Cz3LO7GXmEXcUgA73iv-UF8_LOFYdrfB1s37SZMxx9LUjKIMgmlkgnY0im11bHRpYWRkcnOAgnJzkwADCAAAAAEAAgADAAQABQAGAAeJc2VjcDI1NmsxoQMw0JdHQnixCuFRUFLZYHORg0aLOrBANc2M0npzmguHVoN0Y3CC02CDdWRwgs8EhXdha3UyLQ add=true
[2026-10-07 09:20:39.822] [out] [delivery_module] DBG 2026-10-07 09:20:39.822+02:00 Subscribing to pubsub topic                topics="waku relay" tid=384485 pubsubTopic=/waku/2/rs/3/6
[2026-10-07 09:20:39.823] [out] [delivery_module] DBG 2026-10-07 09:20:39.823+02:00 peer filtering updated                     topics="waku discv5" tid=384485
[2026-10-07 09:20:39.823] [out] [delivery_module] DBG 2026-10-07 09:20:39.823+02:00 ENR shards updated                         topics="waku discv5" tid=384485 enrUri=enr:-K24QKjBpEqVt_rBSDikPYhBIg2fQDHFcLD61n-G-3CSac96TSS4DNh_ddyGnyg102uBYFzU2xzB5NPHO5WiP_0U1F8NgmlkgnY0im11bHRpYWRkcnOAgnJzkwADCAAAAAEAAgADAAQABQAGAAeJc2VjcDI1NmsxoQMw0JdHQnixCuFRUFLZYHORg0aLOrBANc2M0npzmguHVoN0Y3CC02CDdWRwgs8EhXdha3UyLQ add=true
[2026-10-07 09:20:39.823] [out] [delivery_module] NTC 2026-10-07 09:20:39.823+02:00 ENR carries no reachable host, so peers cannot dial this node. Set --nat, --ext-ip, --dns4-domain-name or --ext-multiaddr to advertise one topics="wakunode waku" tid=384485
[2026-10-07 09:20:39.823] [out] [delivery_module] DBG 2026-10-07 09:20:39.823+02:00 Register interest                          topics="service-disco discoverer" tid=384485 service=/logos/delivery serviceId=e6738033b5d4...cb0431b2f5d8
[2026-10-07 09:20:39.824] [out] [delivery_module] DBG 2026-10-07 09:20:39.824+02:00 Added service to discover                  topics="waku service discovery" tid=384485 service=/logos/delivery
[2026-10-07 09:20:39.824] [out] [delivery_module] DBG 2026-10-07 09:20:39.824+02:00 Added provided service                     topics="service-disco advertiser" tid=384485 service=/logos/delivery serviceId=e6738033b5d4...cb0431b2f5d8
[2026-10-07 09:20:39.825] [out] [delivery_module] DBG 2026-10-07 09:20:39.825+02:00 Creating stream                            tid=384485
[2026-10-07 09:20:39.825] [out] [delivery_module] DBG 2026-10-07 09:20:39.825+02:00 New stream created                         tid=384485
[2026-10-07 09:20:39.826] [out] [delivery_module] DBG 2026-10-07 09:20:39.826+02:00 Cannot insert self in routing table        topics="kad-dht rtable" tid=384485 nodeId=002508021221...7a739a0b8756
[2026-10-07 09:20:39.827] [out] [delivery_module] DBG 2026-10-07 09:20:39.827+02:00 Added service to advertise                 topics="waku service discovery" tid=384485 service=/logos/delivery
[2026-10-07 09:20:39.827] [out] [delivery_module] INF 2026-10-07 09:20:39.827+02:00 advertising this node on the delivery network topics="waku discovery advertise" tid=384485 backend=service protocols="[/vac/waku/relay/2.0.0, /vac/waku/filter-subscribe/2.0.0-beta1, /vac/waku/lightpush/3.0.0, /mix/1.0.0]"
[2026-10-07 09:20:39.827] [out] [delivery_module] DBG 2026-10-07 09:20:39.827+02:00 Register interest                          topics="service-disco discoverer" tid=384485 service=/mix/1.0.0 serviceId=913b5c5dbe69...6f90568cea40
[2026-10-07 09:20:39.828] [out] [delivery_module] DBG 2026-10-07 09:20:39.828+02:00 Added service to discover                  topics="waku service discovery" tid=384485 service=/mix/1.0.0
[2026-10-07 09:20:39.828] [out] [delivery_module] DBG 2026-10-07 09:20:39.828+02:00 Added provided service                     topics="service-disco advertiser" tid=384485 service=/mix/1.0.0 serviceId=913b5c5dbe69...6f90568cea40
[2026-10-07 09:20:39.829] [out] [delivery_module] DBG 2026-10-07 09:20:39.829+02:00 Creating stream                            tid=384485
[2026-10-07 09:20:39.829] [out] [delivery_module] DBG 2026-10-07 09:20:39.829+02:00 New stream created                         tid=384485
[2026-10-07 09:20:39.829] [out] [delivery_module] DBG 2026-10-07 09:20:39.829+02:00 Added service to advertise                 topics="waku service discovery" tid=384485 service=/mix/1.0.0
[2026-10-07 09:20:39.829] [out] [delivery_module] INF 2026-10-07 09:20:39.829+02:00 advertising this node as a mix node        topics="waku discovery advertise" tid=384485 backend=service
[2026-10-07 09:20:39.830] [out] [delivery_module] INF 2026-10-07 09:20:39.830+02:00 Node is online                             topics="waku online monitor" tid=384485
[2026-10-07 09:20:39.830] [out] [delivery_module] INF 2026-10-07 09:20:39.830+02:00 Health monitor loop start                  tid=384485
[2026-10-07 09:20:39.832] [out] [delivery_module] DBG 2026-10-07 09:20:39.832+02:00 calculateConnectionState                   tid=384485 relayCount=11 storeClientCount=6 lightpushCount=11 filterCount=11
[2026-10-07 09:20:39.832] [out] [delivery_module] DBG 2026-10-07 09:20:39.832+02:00 connectionStatus change                    tid=384485 oldstatus=Disconnected newstatus=Connected
[2026-10-07 09:20:39.832] [out] [delivery_module] INF 2026-10-07 09:20:39.832+02:00 starting keepalive                         tid=384485 randomPeersKeepalive=10s allPeersKeepalive=2m
[2026-10-07 09:20:39.832] [out] [delivery_module] DBG 2026-10-07 09:20:39.832+02:00 no listener registered                     tid=384486 event=onTopicHealthChange
[2026-10-07 09:20:39.832] [out] [delivery_module] DBG 2026-10-07 09:20:39.832+02:00 no listener registered                     tid=384486 event=onTopicHealthChange
[2026-10-07 09:20:39.832] [out] [delivery_module] DBG 2026-10-07 09:20:39.832+02:00 no listener registered                     tid=384486 event=onTopicHealthChange
[2026-10-07 09:20:39.832] [out] [delivery_module] DBG 2026-10-07 09:20:39.832+02:00 no listener registered                     tid=384486 event=onTopicHealthChange
[2026-10-07 09:20:39.832] [out] [delivery_module] DBG 2026-10-07 09:20:39.832+02:00 no listener registered                     tid=384486 event=onTopicHealthChange
[2026-10-07 09:20:39.832] [out] [delivery_module] DBG 2026-10-07 09:20:39.832+02:00 no listener registered                     tid=384486 event=onTopicHealthChange
[2026-10-07 09:20:39.832] [out] [delivery_module] DBG 2026-10-07 09:20:39.832+02:00 no listener registered                     tid=384486 event=onTopicHealthChange
[2026-10-07 09:20:39.939] [out] [delivery_module] DBG 2026-10-07 09:20:39.939+02:00 calculateConnectionState                   tid=384485 relayCount=11 storeClientCount=6 lightpushCount=11 filterCount=11
[2026-10-07 09:20:39.962] [out] [delivery_module] INF 2026-10-07 09:20:39.962+02:00 Message received                           tid=384485 msg_hash=0x880c637ffdcb68c0ebc659eb974d1b6ef25ea5b04ed6d8f87c214d29a6c5cf8e contentTopic=/lp0026forum/1/general/text pubsubTopic=/waku/2/rs/3/7 source=history
qt.qpa.fonts: Populating font family aliases took 61 ms. Replace uses of missing font family "Monospace" with one that exists to avoid this cost. 
[2026-10-07 09:20:40.041] [out] [delivery_module] DBG 2026-10-07 09:20:40.041+02:00 calculateConnectionState                   tid=384485 relayCount=11 storeClientCount=6 lightpushCount=11 filterCount=11
[2026-10-07 09:20:40.042] [out] [delivery_module] DBG 2026-10-07 09:20:40.042+02:00 no listener registered                     tid=384486 event=onTopicHealthChange
[2026-10-07 09:20:40.042] [out] [delivery_module] DBG 2026-10-07 09:20:40.042+02:00 no listener registered                     tid=384486 event=onTopicHealthChange
[2026-10-07 09:20:40.042] [out] [delivery_module] DBG 2026-10-07 09:20:40.042+02:00 no listener registered                     tid=384486 event=onTopicHealthChange
[2026-10-07 09:20:40.042] [out] [delivery_module] DBG 2026-10-07 09:20:40.042+02:00 no listener registered                     tid=384486 event=onTopicHealthChange
[2026-10-07 09:20:40.043] [out] [delivery_module] DBG 2026-10-07 09:20:40.043+02:00 no listener registered                     tid=384486 event=onTopicHealthChange
[2026-10-07 09:20:40.043] [out] [delivery_module] DBG 2026-10-07 09:20:40.043+02:00 no listener registered                     tid=384486 event=onTopicHealthChange
[2026-10-07 09:20:40.145] [out] [delivery_module] DBG 2026-10-07 09:20:40.145+02:00 calculateConnectionState                   tid=384485 relayCount=11 storeClientCount=6 lightpushCount=11 filterCount=11
[2026-10-07 09:20:40.145] [out] [delivery_module] DBG 2026-10-07 09:20:40.145+02:00 no listener registered                     tid=384486 event=onTopicHealthChange
[2026-10-07 09:20:40.248] [out] [delivery_module] DBG 2026-10-07 09:20:40.248+02:00 calculateConnectionState                   tid=384485 relayCount=11 storeClientCount=6 lightpushCount=11 filterCount=11
[2026-10-07 09:20:40.280] [info] [logos] [delivery_module] DeliveryModuleImpl::storeQuery called with peerAddr: /dns4/delivery-01.do-ams3.logos.dev.status.im/tcp/30303/p2p/16Uiu2HAmTUbnxLGT9JvV6mu9oPyDjqHK4Phs1VDJNUgESgNSkuby
[2026-10-07 09:20:40.288] [out] [delivery_module] DBG 2026-10-07 09:20:40.288+02:00 Getting adverts                            topics="service-disco discoverer" tid=384485 serviceId=913b5c5dbe69...6f90568cea40 registrar=16Uiu2...4d95cy
[2026-10-07 09:20:40.288] [out] [delivery_module] DBG 2026-10-07 09:20:40.288+02:00 Adverts found                              topics="service-disco discoverer" tid=384485 serviceId=913b5c5dbe69...6f90568cea40 remote=16Uiu2...4d95cy count=0
[2026-10-07 09:20:40.290] [out] [delivery_module] DBG 2026-10-07 09:20:40.290+02:00 Getting adverts                            topics="service-disco discoverer" tid=384485 serviceId=913b5c5dbe69...6f90568cea40 registrar=16Uiu2...jQfE1X
[2026-10-07 09:20:40.290] [out] [delivery_module] DBG 2026-10-07 09:20:40.290+02:00 Getting adverts                            topics="service-disco discoverer" tid=384485 serviceId=913b5c5dbe69...6f90568cea40 registrar=16Uiu2...TwqBiH
[2026-10-07 09:20:40.290] [out] [delivery_module] DBG 2026-10-07 09:20:40.290+02:00 Getting adverts                            topics="service-disco discoverer" tid=384485 serviceId=913b5c5dbe69...6f90568cea40 registrar=16Uiu2...jqCixh
[2026-10-07 09:20:40.290] [out] [delivery_module] DBG 2026-10-07 09:20:40.290+02:00 Getting adverts                            topics="service-disco discoverer" tid=384485 serviceId=913b5c5dbe69...6f90568cea40 registrar=16Uiu2...NSkuby
[2026-10-07 09:20:40.290] [out] [delivery_module] DBG 2026-10-07 09:20:40.290+02:00 Getting adverts                            topics="service-disco discoverer" tid=384485 serviceId=e6738033b5d4...cb0431b2f5d8 registrar=16Uiu2...4d95cy
[2026-10-07 09:20:40.290] [out] [delivery_module] DBG 2026-10-07 09:20:40.290+02:00 Adverts found                              topics="service-disco discoverer" tid=384485 serviceId=e6738033b5d4...cb0431b2f5d8 remote=16Uiu2...4d95cy count=1
[2026-10-07 09:20:40.291] [out] [delivery_module] DBG 2026-10-07 09:20:40.291+02:00 Getting adverts                            topics="service-disco discoverer" tid=384485 serviceId=e6738033b5d4...cb0431b2f5d8 registrar=16Uiu2...jQfE1X
[2026-10-07 09:20:40.292] [out] [delivery_module] DBG 2026-10-07 09:20:40.292+02:00 Getting adverts                            topics="service-disco discoverer" tid=384485 serviceId=e6738033b5d4...cb0431b2f5d8 registrar=16Uiu2...TwqBiH
[2026-10-07 09:20:40.292] [out] [delivery_module] DBG 2026-10-07 09:20:40.292+02:00 Getting adverts                            topics="service-disco discoverer" tid=384485 serviceId=e6738033b5d4...cb0431b2f5d8 registrar=16Uiu2...jqCixh
[2026-10-07 09:20:40.292] [out] [delivery_module] DBG 2026-10-07 09:20:40.292+02:00 Getting adverts                            topics="service-disco discoverer" tid=384485 serviceId=e6738033b5d4...cb0431b2f5d8 registrar=16Uiu2...NSkuby
[2026-10-07 09:20:40.367] [out] [delivery_module] DBG 2026-10-07 09:20:40.367+02:00 no listener registered                     tid=384486 event=onTopicHealthChange
[2026-10-07 09:20:40.369] [out] [delivery_module] DBG 2026-10-07 09:20:40.369+02:00 calculateConnectionState                   tid=384485 relayCount=11 storeClientCount=6 lightpushCount=11 filterCount=11
[2026-10-07 09:20:40.396] [out] [delivery_module] DBG 2026-10-07 09:20:40.396+02:00 Adverts found                              topics="service-disco discoverer" tid=384485 serviceId=913b5c5dbe69...6f90568cea40 remote=16Uiu2...NSkuby count=0
[2026-10-07 09:20:40.405] [out] [delivery_module] DBG 2026-10-07 09:20:40.405+02:00 Adverts found                              topics="service-disco discoverer" tid=384485 serviceId=e6738033b5d4...cb0431b2f5d8 remote=16Uiu2...NSkuby count=7
[2026-10-07 09:20:40.411] [out] [delivery_module] DBG 2026-10-07 09:20:40.411+02:00 Provider found                             topics="service-disco tracker" tid=384485 serviceId=e6738033b5d4...cb0431b2f5d8 provider=16Uiu2...kGyuEP rank=1 elapsedMs=588 source=FromLookup
[2026-10-07 09:20:40.412] [out] [delivery_module] DBG 2026-10-07 09:20:40.411+02:00 Provider found                             topics="service-disco tracker" tid=384485 serviceId=e6738033b5d4...cb0431b2f5d8 provider=16Uiu2...CKtDKK rank=2 elapsedMs=588 source=FromLookup
[2026-10-07 09:20:40.412] [out] [delivery_module] DBG 2026-10-07 09:20:40.411+02:00 Provider found                             topics="service-disco tracker" tid=384485 serviceId=e6738033b5d4...cb0431b2f5d8 provider=16Uiu2...28TTLb rank=3 elapsedMs=588 source=FromLookup
[2026-10-07 09:20:40.412] [out] [delivery_module] DBG 2026-10-07 09:20:40.411+02:00 Provider found                             topics="service-disco tracker" tid=384485 serviceId=e6738033b5d4...cb0431b2f5d8 provider=16Uiu2...T3UNSE rank=4 elapsedMs=588 source=FromLookup
[2026-10-07 09:20:40.412] [out] [delivery_module] DBG 2026-10-07 09:20:40.411+02:00 Provider found                             topics="service-disco tracker" tid=384485 serviceId=e6738033b5d4...cb0431b2f5d8 provider=16Uiu2...2FWeUS rank=5 elapsedMs=588 source=FromLookup
[2026-10-07 09:20:40.412] [out] [delivery_module] DBG 2026-10-07 09:20:40.411+02:00 Provider found                             topics="service-disco tracker" tid=384485 serviceId=e6738033b5d4...cb0431b2f5d8 provider=16Uiu2...NSkuby rank=6 elapsedMs=588 source=FromLookup
[2026-10-07 09:20:40.412] [out] [delivery_module] DBG 2026-10-07 09:20:40.411+02:00 Provider found                             topics="service-disco tracker" tid=384485 serviceId=e6738033b5d4...cb0431b2f5d8 provider=16Uiu2...k3v1b3 rank=7 elapsedMs=588 source=FromLookup
[2026-10-07 09:20:40.468] [out] [delivery_module] DBG 2026-10-07 09:20:40.468+02:00 no listener registered                     tid=384486 event=onTopicHealthChange
[2026-10-07 09:20:40.469] [out] [delivery_module] DBG 2026-10-07 09:20:40.468+02:00 no listener registered                     tid=384486 event=onTopicHealthChange
[2026-10-07 09:20:40.469] [out] [delivery_module] DBG 2026-10-07 09:20:40.469+02:00 no listener registered                     tid=384486 event=onTopicHealthChange
[2026-10-07 09:20:40.471] [out] [delivery_module] DBG 2026-10-07 09:20:40.471+02:00 calculateConnectionState                   tid=384485 relayCount=11 storeClientCount=6 lightpushCount=11 filterCount=11
[2026-10-07 09:20:40.501] [info] [logos] [delivery_module] DeliveryModuleImpl::storeQuery called with peerAddr: /dns4/delivery-01.do-ams3.logos.dev.status.im/tcp/30303/p2p/16Uiu2HAmTUbnxLGT9JvV6mu9oPyDjqHK4Phs1VDJNUgESgNSkuby
[2026-10-07 09:20:40.571] [out] [delivery_module] DBG 2026-10-07 09:20:40.571+02:00 no listener registered                     tid=384486 event=onTopicHealthChange
[2026-10-07 09:20:40.571] [out] [delivery_module] DBG 2026-10-07 09:20:40.571+02:00 no listener registered                     tid=384486 event=onTopicHealthChange
[2026-10-07 09:20:40.571] [out] [delivery_module] DBG 2026-10-07 09:20:40.571+02:00 no listener registered                     tid=384486 event=onTopicHealthChange
[2026-10-07 09:20:40.573] [out] [delivery_module] DBG 2026-10-07 09:20:40.573+02:00 calculateConnectionState                   tid=384485 relayCount=11 storeClientCount=6 lightpushCount=11 filterCount=11
[2026-10-07 09:20:40.579] [out] [delivery_module] DBG 2026-10-07 09:20:40.579+02:00 Adverts found                              topics="service-disco discoverer" tid=384485 serviceId=913b5c5dbe69...6f90568cea40 remote=16Uiu2...jQfE1X count=2
[2026-10-07 09:20:40.579] [out] [delivery_module] DBG 2026-10-07 09:20:40.579+02:00 Adverts found                              topics="service-disco discoverer" tid=384485 serviceId=913b5c5dbe69...6f90568cea40 remote=16Uiu2...jqCixh count=4
[2026-10-07 09:20:40.581] [out] [delivery_module] DBG 2026-10-07 09:20:40.581+02:00 Provider found                             topics="service-disco tracker" tid=384485 serviceId=913b5c5dbe69...6f90568cea40 provider=16Uiu2...kGyuEP rank=1 elapsedMs=753 source=FromLookup
[2026-10-07 09:20:40.581] [out] [delivery_module] DBG 2026-10-07 09:20:40.581+02:00 Provider found                             topics="service-disco tracker" tid=384485 serviceId=913b5c5dbe69...6f90568cea40 provider=16Uiu2...VpJprH rank=2 elapsedMs=754 source=FromLookup
[2026-10-07 09:20:40.582] [out] [delivery_module] DBG 2026-10-07 09:20:40.582+02:00 Provider found                             topics="service-disco tracker" tid=384485 serviceId=913b5c5dbe69...6f90568cea40 provider=16Uiu2...P1S397 rank=3 elapsedMs=755 source=FromLookup
[2026-10-07 09:20:40.582] [out] [delivery_module] DBG 2026-10-07 09:20:40.582+02:00 Provider found                             topics="service-disco tracker" tid=384485 serviceId=913b5c5dbe69...6f90568cea40 provider=16Uiu2...TwqBiH rank=4 elapsedMs=755 source=FromLookup
[2026-10-07 09:20:40.583] [out] [delivery_module] DBG 2026-10-07 09:20:40.583+02:00 Adverts found                              topics="service-disco discoverer" tid=384485 serviceId=e6738033b5d4...cb0431b2f5d8 remote=16Uiu2...jQfE1X count=4
[2026-10-07 09:20:40.584] [out] [delivery_module] DBG 2026-10-07 09:20:40.584+02:00 Adverts found                              topics="service-disco discoverer" tid=384485 serviceId=e6738033b5d4...cb0431b2f5d8 remote=16Uiu2...jqCixh count=2
[2026-10-07 09:20:40.585] [out] [delivery_module] DBG 2026-10-07 09:20:40.585+02:00 Provider found                             topics="service-disco tracker" tid=384485 serviceId=e6738033b5d4...cb0431b2f5d8 provider=16Uiu2...jQfE1X rank=8 elapsedMs=762 source=FromLookup
[2026-10-07 09:20:40.587] [out] [delivery_module] DBG 2026-10-07 09:20:40.586+02:00 Provider found                             topics="service-disco tracker" tid=384485 serviceId=e6738033b5d4...cb0431b2f5d8 provider=16Uiu2...P1S397 rank=9 elapsedMs=763 source=FromLookup
[2026-10-07 09:20:40.587] [out] [delivery_module] DBG 2026-10-07 09:20:40.586+02:00 Provider found                             topics="service-disco tracker" tid=384485 serviceId=e6738033b5d4...cb0431b2f5d8 provider=16Uiu2...TwqBiH rank=10 elapsedMs=763 source=FromLookup
[2026-10-07 09:20:40.606] [out] [delivery_module] DBG 2026-10-07 09:20:40.606+02:00 Adverts found                              topics="service-disco discoverer" tid=384485 serviceId=913b5c5dbe69...6f90568cea40 remote=16Uiu2...TwqBiH count=3
[2026-10-07 09:20:40.607] [out] [delivery_module] DBG 2026-10-07 09:20:40.607+02:00 Adverts found                              topics="service-disco discoverer" tid=384485 serviceId=e6738033b5d4...cb0431b2f5d8 remote=16Uiu2...TwqBiH count=7
[2026-10-07 09:20:40.615] [out] [delivery_module] DBG 2026-10-07 09:20:40.615+02:00 Provider found                             topics="service-disco tracker" tid=384485 serviceId=913b5c5dbe69...6f90568cea40 provider=16Uiu2...T3UNSE rank=5 elapsedMs=787 source=FromLookup
[2026-10-07 09:20:40.615] [out] [delivery_module] DBG 2026-10-07 09:20:40.615+02:00 Provider found                             topics="service-disco tracker" tid=384485 serviceId=913b5c5dbe69...6f90568cea40 provider=16Uiu2...NSkuby rank=6 elapsedMs=787 source=FromLookup
[2026-10-07 09:20:40.623] [out] [delivery_module] DBG 2026-10-07 09:20:40.623+02:00 Provider found                             topics="service-disco tracker" tid=384485 serviceId=e6738033b5d4...cb0431b2f5d8 provider=16Uiu2...VpJprH rank=11 elapsedMs=799 source=FromLookup
[2026-10-07 09:20:40.623] [out] [delivery_module] DBG 2026-10-07 09:20:40.623+02:00 Getting adverts                            topics="service-disco discoverer" tid=384485 serviceId=913b5c5dbe69...6f90568cea40 registrar=16Uiu2...VpJprH
[2026-10-07 09:20:40.623] [out] [delivery_module] DBG 2026-10-07 09:20:40.623+02:00 Getting adverts                            topics="service-disco discoverer" tid=384485 serviceId=913b5c5dbe69...6f90568cea40 registrar=16Uiu2...T3UNSE
[2026-10-07 09:20:40.623] [out] [delivery_module] DBG 2026-10-07 09:20:40.623+02:00 Getting adverts                            topics="service-disco discoverer" tid=384485 serviceId=913b5c5dbe69...6f90568cea40 registrar=16Uiu2...P1S397
[2026-10-07 09:20:40.624] [out] [delivery_module] DBG 2026-10-07 09:20:40.624+02:00 Getting adverts                            topics="service-disco discoverer" tid=384485 serviceId=e6738033b5d4...cb0431b2f5d8 registrar=16Uiu2...CKtDKK
[2026-10-07 09:20:40.624] [out] [delivery_module] DBG 2026-10-07 09:20:40.624+02:00 Getting adverts                            topics="service-disco discoverer" tid=384485 serviceId=e6738033b5d4...cb0431b2f5d8 registrar=16Uiu2...yWaRuc
[2026-10-07 09:20:40.624] [out] [delivery_module] DBG 2026-10-07 09:20:40.624+02:00 Creating stream                            tid=384485
[2026-10-07 09:20:40.624] [out] [delivery_module] DBG 2026-10-07 09:20:40.624+02:00 New stream created                         tid=384485
[2026-10-07 09:20:40.624] [out] [delivery_module] DBG 2026-10-07 09:20:40.624+02:00 Getting adverts                            topics="service-disco discoverer" tid=384485 serviceId=e6738033b5d4...cb0431b2f5d8 registrar=16Uiu2...2FWeUS
[2026-10-07 09:20:40.624] [out] [delivery_module] DBG 2026-10-07 09:20:40.624+02:00 Getting adverts                            topics="service-disco discoverer" tid=384485 serviceId=e6738033b5d4...cb0431b2f5d8 registrar=16Uiu2...kGyuEP
[2026-10-07 09:20:40.627] [out] [delivery_module] DBG 2026-10-07 09:20:40.627+02:00 Adverts found                              topics="service-disco discoverer" tid=384485 serviceId=e6738033b5d4...cb0431b2f5d8 remote=16Uiu2...yWaRuc count=2
[2026-10-07 09:20:40.632] [out] [delivery_module] DBG 2026-10-07 09:20:40.632+02:00 Provider found                             topics="service-disco tracker" tid=384485 serviceId=e6738033b5d4...cb0431b2f5d8 provider=16Uiu2...yWaRuc rank=12 elapsedMs=808 source=FromLookup
[2026-10-07 09:20:40.632] [out] [delivery_module] DBG 2026-10-07 09:20:40.632+02:00 Provider found                             topics="service-disco tracker" tid=384485 serviceId=e6738033b5d4...cb0431b2f5d8 provider=16Uiu2...jqCixh rank=13 elapsedMs=808 source=FromLookup
[2026-10-07 09:20:40.673] [out] [delivery_module] DBG 2026-10-07 09:20:40.673+02:00 Adverts found                              topics="service-disco discoverer" tid=384485 serviceId=913b5c5dbe69...6f90568cea40 remote=16Uiu2...VpJprH count=1
[QmlInspector] Client disconnected
