run-logos-standalone-ui: hot-reloading QML from <repo>/src/qml
  (export DEV_QML_PATH to override, or LOGOS_QML_HOT_RELOAD=0 to disable)
Session directory: "~/Library/Application Support/Logos/LogosStandalone"
[2026-10-01 23:50:31.884] [info] [logos] Granting host services to 'capability_module': token_registry,token_delivery
[2026-10-01 23:50:31.915] [out] [capability_module] [2026-10-01 23:50:31.915] [info] Granting host services to capability_module: ["token_registry","token_delivery"]
RemoteTransportConnection: Connecting to registry: "local:logos_capability_module_adea23278880" at "23:50:31.916"
RemoteTransportConnection: Registry connect attempt started (no peer contact yet): "local:logos_capability_module_adea23278880"
LogosAPIConsumer: Informing module token for module: "capability_module" with token: "redacted:969b31d4…"
RemoteTransportConnection: Requesting object: "capability_module" at "23:50:31.916"
[LogosObject] RemoteTransportConnection: returning RemoteLogosObject for: "capability_module"
[LogosObject] Created RemoteLogosObject wrapping QRemoteObjectReplica 105553124542304
[LogosObject] LogosAPIConsumer: calling LogosObject::informModuleToken for "capability_module"
LogosAPIConsumer: informModuleToken completed with result: true
[LogosObject] Destroying RemoteLogosObject 0
[2026-10-01 23:50:31.938] [info] [logos] Module loaded: capability_module
LogosAPIConsumer: Informing module token for module: "modules_state" with token: "redacted:50276683…"
RemoteTransportConnection: Requesting object: "capability_module" at "23:50:31.967"
[LogosObject] RemoteTransportConnection: returning RemoteLogosObject for: "capability_module"
[LogosObject] Created RemoteLogosObject wrapping QRemoteObjectReplica 105553124254816
[LogosObject] LogosAPIConsumer: calling LogosObject::informModuleToken for "modules_state"
LogosAPIConsumer: informModuleToken completed with result: true
[LogosObject] Destroying RemoteLogosObject 0
[2026-10-01 23:50:31.970] [info] [logos] Module loaded: modules_state
RemoteTransportConnection: Connecting to registry: "local:logos_modules_state_adea23278880" at "23:50:31.970"
RemoteTransportConnection: Registry connect attempt started (no peer contact yet): "local:logos_modules_state_adea23278880"
RemoteTransportConnection: Connecting to registry: "local:logos_capability_module_adea23278880" at "23:50:31.970"
RemoteTransportConnection: Registry connect attempt started (no peer contact yet): "local:logos_capability_module_adea23278880"
LogosAPIConsumer: '"modules_state"::""' deferred pending the module becoming reachable
LogosAPIConsumer: '"modules_state"::""' deferred pending the module becoming reachable
Logos Core started (modules dir: "/nix/store/4v2cj5cr5dlsjb9cl0blr0cds0qf07iv-logos-forum_module-plugin-dir-modules" )
Set app icon from metadata: "/nix/store/lpw6vdhviy85qzljih8n5agnv7yv5mvx-logos-forum_module-plugin-dir/src/icons/icon.png"
[2026-10-01 23:50:32.011] [info] [logos] [delivery_module] DeliveryModuleImpl: Initializing...
LogosAPIConsumer: Informing module token for module: "delivery_module" with token: "redacted:7861fa5b…"
RemoteTransportConnection: Requesting object: "capability_module" at "23:50:32.012"
[LogosObject] RemoteTransportConnection: returning RemoteLogosObject for: "capability_module"
[LogosObject] Created RemoteLogosObject wrapping QRemoteObjectReplica 105553124544800
[LogosObject] LogosAPIConsumer: calling LogosObject::informModuleToken for "delivery_module"
LogosAPIConsumer: informModuleToken completed with result: true
[LogosObject] Destroying RemoteLogosObject 0
[2026-10-01 23:50:32.012] [info] [logos] Module loaded: delivery_module
RemoteTransportConnection: Connecting to registry: "local:logos_delivery_module_adea23278880" at "23:50:32.012"
RemoteTransportConnection: Registry connect attempt started (no peer contact yet): "local:logos_delivery_module_adea23278880"
RemoteTransportConnection: Connecting to registry: "local:logos_capability_module_adea23278880" at "23:50:32.013"
RemoteTransportConnection: Registry connect attempt started (no peer contact yet): "local:logos_capability_module_adea23278880"
LogosAPIConsumer: '"delivery_module"::""' deferred pending the module becoming reachable
LogosAPIClient: getToken for module: "modules_state"
LogosAPIClient: Found token for module: "modules_state"
RemoteTransportConnection: Requesting object: "modules_state" at "23:50:32.013"
[LogosObject] RemoteTransportConnection: returning RemoteLogosObject for: "modules_state"
[LogosObject] Created RemoteLogosObject wrapping QRemoteObjectReplica 105553124545088
[LogosObject] LogosAPIConsumer: async calling via LogosObject::callMethodAsync "note_transition"
[LogosObject] RemoteLogosObject::callMethodAsync "note_transition" args: 7
LogosAPIClient: getToken for module: "modules_state"
LogosAPIClient: Found token for module: "modules_state"
[LogosObject] LogosAPIConsumer: async calling via LogosObject::callMethodAsync "note_transition"
[LogosObject] RemoteLogosObject::callMethodAsync "note_transition" args: 7
Loaded dependency (with transitive deps): "delivery_module"
[2026-10-01 23:50:32.043] [info] [logos] [storage_module] StorageModuleImpl: Initializing...
LogosAPIConsumer: Informing module token for module: "storage_module" with token: "redacted:de20d4c3…"
RemoteTransportConnection: Requesting object: "capability_module" at "23:50:32.044"
[LogosObject] Created RemoteLogosObject wrapping QRemoteObjectReplica 105553124545184
LogosAPIClient: invoking remote method "modules_state" "apply_snapshot" args_count: 1
LogosAPIClient: getToken for module: "modules_state"
LogosAPIClient: Found token for module: "modules_state"
LogosAPIConsumer: Calling invokeRemoteMethod: "modules_state" "apply_snapshot" args_count: 1 timeout: 20000
[LogosObject] LogosAPIConsumer: calling via LogosObject::callMethod "apply_snapshot"
[LogosObject] RemoteLogosObject::callMethod "apply_snapshot" args: 1
[LogosObject] Created RemoteLogosObject wrapping QRemoteObjectReplica 105553124547520
LogosAPIClient: getToken for module: "modules_state"
LogosAPIClient: Found token for module: "modules_state"
[LogosObject] LogosAPIConsumer: async calling via LogosObject::callMethodAsync "note_transition"
[LogosObject] RemoteLogosObject::callMethodAsync "note_transition" args: 7
LogosAPIClient: getToken for module: "modules_state"
LogosAPIClient: Found token for module: "modules_state"
[LogosObject] LogosAPIConsumer: async calling via LogosObject::callMethodAsync "note_transition"
[LogosObject] RemoteLogosObject::callMethodAsync "note_transition" args: 7
[2026-10-01 23:50:32.045] [info] [logos] Pushed module snapshot to modules_state
LogosAPIClient: getToken for module: "modules_state"
LogosAPIClient: Found token for module: "modules_state"
[LogosObject] LogosAPIConsumer: async calling via LogosObject::callMethodAsync "note_transition"
[LogosObject] RemoteLogosObject::callMethodAsync "note_transition" args: 7
[LogosObject] RemoteTransportConnection: returning RemoteLogosObject for: "capability_module"
[LogosObject] Created RemoteLogosObject wrapping QRemoteObjectReplica 105553124545120
[LogosObject] LogosAPIConsumer: calling LogosObject::informModuleToken for "storage_module"
LogosAPIConsumer: informModuleToken completed with result: true
[LogosObject] Destroying RemoteLogosObject 0
[2026-10-01 23:50:32.046] [info] [logos] Module loaded: storage_module
RemoteTransportConnection: Connecting to registry: "local:logos_storage_module_adea23278880" at "23:50:32.046"
RemoteTransportConnection: Registry connect attempt started (no peer contact yet): "local:logos_storage_module_adea23278880"
RemoteTransportConnection: Connecting to registry: "local:logos_capability_module_adea23278880" at "23:50:32.046"
RemoteTransportConnection: Registry connect attempt started (no peer contact yet): "local:logos_capability_module_adea23278880"
LogosAPIConsumer: '"storage_module"::""' deferred pending the module becoming reachable
LogosAPIClient: getToken for module: "modules_state"
LogosAPIClient: Found token for module: "modules_state"
[LogosObject] LogosAPIConsumer: async calling via LogosObject::callMethodAsync "note_transition"
[LogosObject] RemoteLogosObject::callMethodAsync "note_transition" args: 7
Loaded dependency (with transitive deps): "storage_module"
DEV_QML_PATH override active: <repo>/src/qml/Main.qml
RemoteTransportConnection: Connecting to registry: "local:logos_capability_module_adea23278880" at "23:50:32.047"
RemoteTransportConnection: Registry connect attempt started (no peer contact yet): "local:logos_capability_module_adea23278880"
LogosAPIConsumer: Informing module token for module: "forum_module" with token: "redacted:42ada4ba…"
RemoteTransportConnection: Requesting object: "capability_module" at "23:50:32.047"
[LogosObject] RemoteTransportConnection: returning RemoteLogosObject for: "capability_module"
[LogosObject] Created RemoteLogosObject wrapping QRemoteObjectReplica 105553124528672
[LogosObject] LogosAPIConsumer: calling LogosObject::informModuleToken for "forum_module"
[LogosObject] Created RemoteLogosObject wrapping QRemoteObjectReplica 105553124527712
LogosAPIClient: getToken for module: "modules_state"
LogosAPIClient: Found token for module: "modules_state"
[LogosObject] LogosAPIConsumer: async calling via LogosObject::callMethodAsync "note_transition"
[LogosObject] RemoteLogosObject::callMethodAsync "note_transition" args: 7
LogosAPIConsumer: informModuleToken completed with result: true
[LogosObject] Destroying RemoteLogosObject 0
[2026-10-01 23:50:32.454] [warning] [logos] [capability_module] Warning: QObject::connect: No such signal ::eventResponse(QString,QVariantList)
[2026-10-01 23:50:32.454] [info] [logos] [delivery_module] DeliveryModuleImpl::getNodeInfo called with nodeInfoId: MyPeerId
[2026-10-01 23:50:32.454] [info] [logos] [delivery_module] DeliveryModuleImpl: Cannot get node info - context not initialized. Call createNode first.
[2026-10-01 23:50:32.454] [info] [logos] [delivery_module] DeliveryModuleImpl::createNode called
[2026-10-01 23:50:32.462] [info] [logos] [delivery_module] DeliveryModuleImpl: Waiting for createNode callback...
[2026-10-01 23:50:32.464] [out] [delivery_module] DBG 2026-10-01 23:50:32.463+02:00 Whether to mount storeSync is not specified, defaulting to not mounting topics="waku conf builder" tid=41866426
[2026-10-01 23:50:32.464] [out] [delivery_module] INF 2026-10-01 23:50:32.464+02:00 Sharding configuration:                    topics="waku conf builder" tid=41866426 shardingConf="(kind: AutoSharding, numShardsInCluster: 1)" subscribeShards=@[0]
[2026-10-01 23:50:32.464] [out] [delivery_module] INF 2026-10-01 23:50:32.464+02:00 Configuration: Enabled protocols           topics="waku conf" tid=41866426 relay=true rlnRelay=false store=false filter=false lightPush=false peerExchange=false rendezvous=false
[2026-10-01 23:50:32.464] [out] [delivery_module] INF 2026-10-01 23:50:32.464+02:00 Configuration. Network                     topics="waku conf" tid=41866426 cluster=42
[2026-10-01 23:50:32.464] [out] [delivery_module] DBG 2026-10-01 23:50:32.464+02:00 Configuration. Active Relay Shards         topics="waku conf" tid=41866426 shard=0
[2026-10-01 23:50:32.464] [out] [delivery_module] INF 2026-10-01 23:50:32.464+02:00 Setting up storage                         tid=41866426
[2026-10-01 23:50:32.464] [out] [delivery_module] INF 2026-10-01 23:50:32.464+02:00 Initializing node                          tid=41866426
[2026-10-01 23:50:32.464] [out] [delivery_module] INF 2026-10-01 23:50:32.464+02:00 Initializing networking                    tid=41866426 addrs=@[/ip4/127.0.0.1/tcp/60347]
[2026-10-01 23:50:32.464] [out] [delivery_module] INF 2026-10-01 23:50:32.464+02:00 Mounting protocols                         tid=41866426
[2026-10-01 23:50:32.464] [out] [delivery_module] INF 2026-10-01 23:50:32.464+02:00 Created WakuMetadata protocol              topics="waku node" tid=41866426 clusterId=42 shards="[0]"
[2026-10-01 23:50:32.464] [out] [delivery_module] INF 2026-10-01 23:50:32.464+02:00 Mounting mix protocol                      topics="waku node" tid=41866426INF 2026-10-01 23:50:32.464+02:00 node info                                  topics="waku node" tid=41866426 wakuInfo="(listenAddresses: [/ip4/127.0.0.1/tcp/60347/p2p/16Uiu2HAmNERKit3FjUCbQm79G35yeoJKFqMjitXD8eMgXTenqQWj], enrUri: enr:-JS4QGffLio6XsEwodSP11Wa53zzViMAZAPeEjAY06i4EXOLfowlWtOhPF3LUkWV46uXfgIVK7YCSS09fr-xm5AIhgYBgmlkgnY0gmlwhH8AAAGCcnOFACoBAACJc2VjcDI1NmsxoQOOSZYJPLxoKhQWxPjpJj0y-RKjArkBB0TvVHXRN5bA6IN0Y3CC67uFd2FrdTIh, mixPubKey: none())"
[2026-10-01 23:50:32.464] [out] [delivery_module]  nodeId="(listenAddresses: [/ip4/127.0.0.1/tcp/60347/p2p/16Uiu2HAmNERKit3FjUCbQm79G35yeoJKFqMjitXD8eMgXTenqQWj], enrUri: enr:-JS4QGffLio6XsEwodSP11Wa53zzViMAZAPeEjAY06i4EXOLfowlWtOhPF3LUkWV46uXfgIVK7YCSS09fr-xm5AIhgYBgmlkgnY0gmlwhH8AAAGCcnOFACoBAACJc2VjcDI1NmsxoQOOSZYJPLxoKhQWxPjpJj0y-RKjArkBB0TvVHXRN5bA6IN0Y3CC67uFd2FrdTIh, mixPubKey: none())"
[2026-10-01 23:50:32.464] [out] [delivery_module] INF 2026-10-01 23:50:32.464+02:00 local addr                                 topics="waku node" tid=41866426 localaddr=/ip4/127.0.0.1/tcp/60347
[2026-10-01 23:50:32.464] [out] [delivery_module] INF 2026-10-01 23:50:32.464+02:00 mixPubKey                                  topics="waku node" tid=41866426 mixPubKey="[71, 166, 36, 100, 230, 82, 161, 198, 58, 253, 44, 192, 163, 160, 162, 245, 150, 87, 203, 206, 93, 238, 39, 139, 168, 174, 151, 68, 151, 83, 93, 7]"
[2026-10-01 23:50:32.465] [out] [delivery_module] INF 2026-10-01 23:50:32.465+02:00 Using mix bootstrap nodes                  topics="waku mix" tid=41866426 entries=4 poolSize=4
[2026-10-01 23:50:32.465] [out] [delivery_module] INF 2026-10-01 23:50:32.465+02:00 mounting store client                      topics="waku node store api" tid=41866426
[2026-10-01 23:50:32.465] [out] [delivery_module] INF 2026-10-01 23:50:32.465+02:00 Mounting auto sharding                     topics="waku node" tid=41866426 clusterId=42 shardCount=1
[2026-10-01 23:50:32.465] [out] [delivery_module] DBG 2026-10-01 23:50:32.465+02:00 Shards created from content topics         tid=41866426 contentTopics=[] shards=[]
[2026-10-01 23:50:32.465] [out] [delivery_module] DBG 2026-10-01 23:50:32.465+02:00 Setting max message size                   tid=41866426 num_bytes=153600
[2026-10-01 23:50:32.465] [out] [delivery_module] INF 2026-10-01 23:50:32.465+02:00 mounting relay protocol                    topics="waku node relay api" tid=41866426
[2026-10-01 23:50:32.465] [out] [delivery_module] DBG 2026-10-01 23:50:32.465+02:00 relay mounted successfully                 topics="waku node relay api" tid=41866426
[2026-10-01 23:50:32.465] [out] [delivery_module] DBG 2026-10-01 23:50:32.465+02:00 Adding validator to signed shards          tid=41866426 protectedShards=[] clusterId=42
[2026-10-01 23:50:32.465] [out] [delivery_module] INF 2026-10-01 23:50:32.465+02:00 mounting libp2p ping protocol              topics="waku node ping api" tid=41866426
[2026-10-01 23:50:32.465] [out] [delivery_module] INF 2026-10-01 23:50:32.465+02:00 mounting light push client                 topics="waku node lightpush api" tid=41866426
[2026-10-01 23:50:32.465] [out] [delivery_module] INF 2026-10-01 23:50:32.465+02:00 mounting legacy light push client          topics="waku node lightpush api" tid=41866426
[2026-10-01 23:50:32.465] [out] [delivery_module] DBG 2026-10-01 23:50:32.465+02:00 Adding peer to service slots               topics="waku node peer_manager" tid=41866426 peerId=16U*czcv7q addr=/ip4/127.0.0.1/tcp/60343 service=/vac/waku/lightpush/3.0.0
[2026-10-01 23:50:32.465] [out] [delivery_module] DBG 2026-10-01 23:50:32.465+02:00 Adding peer to service slots               topics="waku node peer_manager" tid=41866426 peerId=16U*czcv7q addr=/ip4/127.0.0.1/tcp/60343 service=/vac/waku/lightpush/2.0.0-beta1
[2026-10-01 23:50:32.465] [out] [delivery_module] INF 2026-10-01 23:50:32.465+02:00 mounting filter client                     topics="waku node filter api" tid=41866426
[2026-10-01 23:50:32.465] [out] [delivery_module] INF 2026-10-01 23:50:32.465+02:00 mounting waku peer exchange client         topics="waku node peerexchange api" tid=41866426
[2026-10-01 23:50:32.465] [out] [delivery_module] INF 2026-10-01 23:50:32.465+02:00 No external callbacks to be set            topics="wakunode waku" tid=41866426
[2026-10-01 23:50:32.465] [out] [delivery_module] INF 2026-10-01 23:50:32.465+02:00 Setting up AutonatService                  topics="libp2p autonatservice" tid=41866426
[2026-10-01 23:50:32.465] [info] [logos] [delivery_module] DeliveryModuleImpl::createNode callback called with ret: 0
[2026-10-01 23:50:32.466] [info] [logos] [delivery_module] DeliveryModuleImpl: Delivery context created successfully
[2026-10-01 23:50:32.466] [info] [logos] [delivery_module] DeliveryModuleImpl::start called
[2026-10-01 23:50:32.466] [out] [delivery_module] INF 2026-10-01 23:50:32.466+02:00 Retrieve dynamic bootstrap nodes           topics="wakunode waku" tid=41866426
[2026-10-01 23:50:32.466] [out] [delivery_module] INF 2026-10-01 23:50:32.466+02:00 Running nwaku node                         tid=41866426 version=v0.39.0-gca2814
[2026-10-01 23:50:32.466] [out] [delivery_module] INF 2026-10-01 23:50:32.466+02:00 Starting Waku node                         topics="waku node" tid=41866426 version=v0.39.0-gca2814
[2026-10-01 23:50:32.466] [out] [delivery_module] DBG 2026-10-01 23:50:32.466+02:00 starting switch for peer                   topics="libp2p switch" tid=41866426 peerInfo="(peerId: 16Uiu2HAmNERKit3FjUCbQm79G35yeoJKFqMjitXD8eMgXTenqQWj, listenAddrs: [/ip4/127.0.0.1/tcp/60347], addrs: [], protocols: [/ipfs/id/1.0.0, /libp2p/autonat/1.0.0, /libp2p/circuit/relay/0.2.0/hop, /vac/waku/metadata/1.0.0, /mix/1.0.0, /vac/waku/relay/2.0.0, /ipfs/ping/1.0.0, /vac/waku/filter-push/2.0.0-beta1], protoVersion: ipfs/0.1.0, agentVersion: logos-delivery-v0.39.0-gca2814)"
[2026-10-01 23:50:32.466] [info] [logos] [delivery_module] DeliveryModuleImpl::getNodeInfo called with nodeInfoId: MyPeerId
[2026-10-01 23:50:32.467] [out] [delivery_module] DBG 2026-10-01 23:50:32.467+02:00 About to accept incoming connection        topics="libp2p switch" tid=41866426
[2026-10-01 23:50:32.467] [out] [delivery_module] INF 2026-10-01 23:50:32.467+02:00 start                                      topics="waku relay" tid=41866426
[2026-10-01 23:50:32.467] [out] [delivery_module] DBG 2026-10-01 23:50:32.467+02:00 Started libp2p node                        topics="libp2p switch" tid=41866426 peer="(peerId: 16Uiu2HAmNERKit3FjUCbQm79G35yeoJKFqMjitXD8eMgXTenqQWj, listenAddrs: [/ip4/127.0.0.1/tcp/60347], addrs: [/ip4/127.0.0.1/tcp/60347], protocols: [/ipfs/id/1.0.0, /libp2p/autonat/1.0.0, /libp2p/circuit/relay/0.2.0/hop, /vac/waku/metadata/1.0.0, /mix/1.0.0, /vac/waku/relay/2.0.0, /ipfs/ping/1.0.0, /vac/waku/filter-push/2.0.0-beta1], protoVersion: ipfs/0.1.0, agentVersion: logos-delivery-v0.39.0-gca2814)"
[2026-10-01 23:50:32.467] [out] [delivery_module] INF 2026-10-01 23:50:32.467+02:00 Announced base resolved                    topics="waku node" tid=41866426 addrs=@[/ip4/127.0.0.1/tcp/60347] explicit=@[/ip4/127.0.0.1/tcp/60347]
[2026-10-01 23:50:32.468] [out] [delivery_module] DBG 2026-10-01 23:50:32.468+02:00 ENR addresses updated                      topics="waku enr" tid=41866426 retained=1 total=1
[2026-10-01 23:50:32.468] [out] [delivery_module] INF 2026-10-01 23:50:32.468+02:00 Node started successfully                  topics="waku node" tid=41866426
[2026-10-01 23:50:32.468] [out] [delivery_module] DBG 2026-10-01 23:50:32.468+02:00 Dialing multiple peers                     tid=41866426 numOfPeers=4 nodes="@[\"/ip4/127.0.0.1/tcp/60343/p2p/16Uiu2HAm6EwbPqxjr2B6hfrpkotitHVikKbaLoaLtrt2d4czcv7q\", \"/ip4/127.0.0.1/tcp/60344/p2p/16Uiu2HAmBQ14DGa2feDojKERKen7JBP61BWqbinGbuwZvCyQ9Mfy\", \"/ip4/127.0.0.1/tcp/60345/p2p/16Uiu2HAmMf8bUzvVHh3nBz8FXiLAACMxW4Bfx4nUvt3ee9Qr4LvZ\", \"/ip4/127.0.0.1/tcp/60346/p2p/16Uiu2HAm5rGDbBmAzP8kdLCRMZWjau6JnmPJANaS6GzdHdXLpEE3\"]"
[2026-10-01 23:50:32.468] [out] [delivery_module] DBG 2026-10-01 23:50:32.468+02:00 Dialing peer                               topics="libp2p dialer" tid=41866426 peerId=16U*czcv7q addrs="[/ip4/127.0.0.1/tcp/60343]"
[2026-10-01 23:50:32.468] [out] [delivery_module] DBG 2026-10-01 23:50:32.468+02:00 Expanded address and hostname              topics="libp2p dialer" tid=41866426 expandedAddress=/ip4/127.0.0.1/tcp/60343 hostname=127.0.0.1 resolvedAddresses="[/ip4/127.0.0.1/tcp/60343]"
[2026-10-01 23:50:32.468] [out] [delivery_module] DBG 2026-10-01 23:50:32.468+02:00 Dialing peer                               topics="libp2p dialer" tid=41866426 peerId=16U*yQ9Mfy addrs="[/ip4/127.0.0.1/tcp/60344]"
[2026-10-01 23:50:32.468] [out] [delivery_module] DBG 2026-10-01 23:50:32.468+02:00 Expanded address and hostname              topics="libp2p dialer" tid=41866426 expandedAddress=/ip4/127.0.0.1/tcp/60344 hostname=127.0.0.1 resolvedAddresses="[/ip4/127.0.0.1/tcp/60344]"
[2026-10-01 23:50:32.468] [out] [delivery_module] DBG 2026-10-01 23:50:32.468+02:00 Dialing peer                               topics="libp2p dialer" tid=41866426 peerId=16U*Qr4LvZ addrs="[/ip4/127.0.0.1/tcp/60345]"
[2026-10-01 23:50:32.468] [out] [delivery_module] DBG 2026-10-01 23:50:32.468+02:00 Expanded address and hostname              topics="libp2p dialer" tid=41866426 expandedAddress=/ip4/127.0.0.1/tcp/60345 hostname=127.0.0.1 resolvedAddresses="[/ip4/127.0.0.1/tcp/60345]"
[2026-10-01 23:50:32.468] [out] [delivery_module] DBG 2026-10-01 23:50:32.468+02:00 Dialing peer                               topics="libp2p dialer" tid=41866426 peerId=16U*XLpEE3 addrs="[/ip4/127.0.0.1/tcp/60346]"
[2026-10-01 23:50:32.468] [out] [delivery_module] DBG 2026-10-01 23:50:32.468+02:00 Expanded address and hostname              topics="libp2p dialer" tid=41866426 expandedAddress=/ip4/127.0.0.1/tcp/60346 hostname=127.0.0.1 resolvedAddresses="[/ip4/127.0.0.1/tcp/60346]"
[2026-10-01 23:50:32.470] [info] [logos] [delivery_module] DeliveryModuleImpl::subscribe called with contentTopic: /lp0026forum/1/general/text
[2026-10-01 23:50:32.470] [out] [delivery_module] DBG 2026-10-01 23:50:32.470+02:00 Subscribing to pubsub topic                topics="waku relay" tid=41866426 pubsubTopic=/waku/2/rs/42/0
[2026-10-01 23:50:32.470] [out] [delivery_module] DBG 2026-10-01 23:50:32.470+02:00 No mesh peer for the given pubsub topic    topics="waku relay" tid=41866426 pubsubTopic=/waku/2/rs/42/0
[2026-10-01 23:50:32.470] [info] [logos] [delivery_module] DeliveryModuleImpl: Subscribe completed for topic: /lp0026forum/1/general/text with success
[2026-10-01 23:50:32.472] [out] [delivery_module] DBG 2026-10-01 23:50:32.472+02:00 Dial successful                            topics="libp2p dialer" tid=41866426 peerId=16U*czcv7q
[2026-10-01 23:50:32.472] [out] [delivery_module] DBG 2026-10-01 23:50:32.472+02:00 starting sendNonHighPriorityTask           topics="libp2p pubsubpeer" tid=41866426 p=16U*czcv7q
[2026-10-01 23:50:32.472] [out] [delivery_module] DBG 2026-10-01 23:50:32.472+02:00 created new pubsub peer                    topics="libp2p pubsub" tid=41866426 peerId=16U*czcv7q
[2026-10-01 23:50:32.472] [out] [delivery_module] DBG 2026-10-01 23:50:32.472+02:00 no listener registered                     tid=41866427 event=onConnectionChange
[2026-10-01 23:50:32.472] [out] [delivery_module] DBG 2026-10-01 23:50:32.472+02:00 Incoming WakuRelay connection              topics="waku relay" tid=41866426 connection=16U*czcv7q:6abed5a896a6e15595b8fc77 protocol=/vac/waku/relay/2.0.0
[2026-10-01 23:50:32.472] [out] [delivery_module] DBG 2026-10-01 23:50:32.472+02:00 starting pubsub read loop                  topics="libp2p pubsubpeer" tid=41866426 stream=16U*czcv7q:6abed5a896a6e15595b8fc77 peer=16U*czcv7q closed=false
[2026-10-01 23:50:32.472] [out] [delivery_module] DBG 2026-10-01 23:50:32.472+02:00 identify: info sent                        topics="libp2p identify" tid=41866426 stream=16U*czcv7q:6abed5a896a6e15595b8fc78 info="(peerId: 16Uiu2HAmNERKit3FjUCbQm79G35yeoJKFqMjitXD8eMgXTenqQWj, listenAddrs: [/ip4/127.0.0.1/tcp/60347], addrs: [/ip4/127.0.0.1/tcp/60347], protocols: [/ipfs/id/1.0.0, /libp2p/autonat/1.0.0, /libp2p/circuit/relay/0.2.0/hop, /vac/waku/metadata/1.0.0, /mix/1.0.0, /vac/waku/relay/2.0.0, /ipfs/ping/1.0.0, /vac/waku/filter-push/2.0.0-beta1], protoVersion: ipfs/0.1.0, agentVersion: logos-delivery-v0.39.0-gca2814)"
[2026-10-01 23:50:32.473] [out] [delivery_module] DBG 2026-10-01 23:50:32.473+02:00 Dial successful                            topics="libp2p dialer" tid=41866426 peerId=16U*yQ9Mfy
[2026-10-01 23:50:32.473] [out] [delivery_module] DBG 2026-10-01 23:50:32.473+02:00 Dial successful                            topics="libp2p dialer" tid=41866426 peerId=16U*Qr4LvZ
[2026-10-01 23:50:32.473] [out] [delivery_module] DBG 2026-10-01 23:50:32.473+02:00 Dial successful                            topics="libp2p dialer" tid=41866426 peerId=16U*XLpEE3
[2026-10-01 23:50:32.473] [out] [delivery_module] DBG 2026-10-01 23:50:32.473+02:00 starting sendNonHighPriorityTask           topics="libp2p pubsubpeer" tid=41866426 p=16U*yQ9Mfy
[2026-10-01 23:50:32.473] [out] [delivery_module] DBG 2026-10-01 23:50:32.473+02:00 created new pubsub peer                    topics="libp2p pubsub" tid=41866426 peerId=16U*yQ9Mfy
[2026-10-01 23:50:32.473] [out] [delivery_module] DBG 2026-10-01 23:50:32.473+02:00 no listener registered                     tid=41866427 event=onConnectionChange
[2026-10-01 23:50:32.473] [out] [delivery_module] DBG 2026-10-01 23:50:32.473+02:00 starting sendNonHighPriorityTask           topics="libp2p pubsubpeer" tid=41866426 p=16U*Qr4LvZ
[2026-10-01 23:50:32.473] [out] [delivery_module] DBG 2026-10-01 23:50:32.473+02:00 created new pubsub peer                    topics="libp2p pubsub" tid=41866426 peerId=16U*Qr4LvZ
[2026-10-01 23:50:32.473] [out] [delivery_module] DBG 2026-10-01 23:50:32.473+02:00 no listener registered                     tid=41866427 event=onConnectionChange
[2026-10-01 23:50:32.473] [out] [delivery_module] DBG 2026-10-01 23:50:32.473+02:00 starting sendNonHighPriorityTask           topics="libp2p pubsubpeer" tid=41866426 p=16U*XLpEE3
[2026-10-01 23:50:32.473] [out] [delivery_module] DBG 2026-10-01 23:50:32.473+02:00 created new pubsub peer                    topics="libp2p pubsub" tid=41866426 peerId=16U*XLpEE3
[2026-10-01 23:50:32.473] [out] [delivery_module] DBG 2026-10-01 23:50:32.473+02:00 no listener registered                     tid=41866427 event=onConnectionChange
[2026-10-01 23:50:32.473] [out] [delivery_module] DBG 2026-10-01 23:50:32.473+02:00 Incoming WakuRelay connection              topics="waku relay" tid=41866426 connection=16U*yQ9Mfy:6abed5a896a6e15595b8fc7b protocol=/vac/waku/relay/2.0.0
[2026-10-01 23:50:32.473] [out] [delivery_module] DBG 2026-10-01 23:50:32.473+02:00 starting pubsub read loop                  topics="libp2p pubsubpeer" tid=41866426 stream=16U*yQ9Mfy:6abed5a896a6e15595b8fc7b peer=16U*yQ9Mfy closed=false
[2026-10-01 23:50:32.473] [out] [delivery_module] DBG 2026-10-01 23:50:32.473+02:00 identify: info sent                        topics="libp2p identify" tid=41866426 stream=16U*yQ9Mfy:6abed5a896a6e15595b8fc7c info="(peerId: 16Uiu2HAmNERKit3FjUCbQm79G35yeoJKFqMjitXD8eMgXTenqQWj, listenAddrs: [/ip4/127.0.0.1/tcp/60347], addrs: [/ip4/127.0.0.1/tcp/60347], protocols: [/ipfs/id/1.0.0, /libp2p/autonat/1.0.0, /libp2p/circuit/relay/0.2.0/hop, /vac/waku/metadata/1.0.0, /mix/1.0.0, /vac/waku/relay/2.0.0, /ipfs/ping/1.0.0, /vac/waku/filter-push/2.0.0-beta1], protoVersion: ipfs/0.1.0, agentVersion: logos-delivery-v0.39.0-gca2814)"
[2026-10-01 23:50:32.474] [out] [delivery_module] DBG 2026-10-01 23:50:32.474+02:00 Incoming WakuRelay connection              topics="waku relay" tid=41866426 connection=16U*Qr4LvZ:6abed5a896a6e15595b8fc7d protocol=/vac/waku/relay/2.0.0
[2026-10-01 23:50:32.474] [out] [delivery_module] DBG 2026-10-01 23:50:32.474+02:00 starting pubsub read loop                  topics="libp2p pubsubpeer" tid=41866426 stream=16U*Qr4LvZ:6abed5a896a6e15595b8fc7d peer=16U*Qr4LvZ closed=false
[2026-10-01 23:50:32.474] [out] [delivery_module] DBG 2026-10-01 23:50:32.474+02:00 identify: info sent                        topics="libp2p identify" tid=41866426 stream=16U*Qr4LvZ:6abed5a896a6e15595b8fc7e info="(peerId: 16Uiu2HAmNERKit3FjUCbQm79G35yeoJKFqMjitXD8eMgXTenqQWj, listenAddrs: [/ip4/127.0.0.1/tcp/60347], addrs: [/ip4/127.0.0.1/tcp/60347], protocols: [/ipfs/id/1.0.0, /libp2p/autonat/1.0.0, /libp2p/circuit/relay/0.2.0/hop, /vac/waku/metadata/1.0.0, /mix/1.0.0, /vac/waku/relay/2.0.0, /ipfs/ping/1.0.0, /vac/waku/filter-push/2.0.0-beta1], protoVersion: ipfs/0.1.0, agentVersion: logos-delivery-v0.39.0-gca2814)"
[2026-10-01 23:50:32.474] [out] [delivery_module] DBG 2026-10-01 23:50:32.474+02:00 Incoming WakuRelay connection              topics="waku relay" tid=41866426 connection=16U*XLpEE3:6abed5a896a6e15595b8fc7f protocol=/vac/waku/relay/2.0.0
[2026-10-01 23:50:32.474] [out] [delivery_module] DBG 2026-10-01 23:50:32.474+02:00 starting pubsub read loop                  topics="libp2p pubsubpeer" tid=41866426 stream=16U*XLpEE3:6abed5a896a6e15595b8fc7f peer=16U*XLpEE3 closed=false
[2026-10-01 23:50:32.474] [out] [delivery_module] DBG 2026-10-01 23:50:32.474+02:00 identify: info sent                        topics="libp2p identify" tid=41866426 stream=16U*XLpEE3:6abed5a896a6e15595b8fc80 info="(peerId: 16Uiu2HAmNERKit3FjUCbQm79G35yeoJKFqMjitXD8eMgXTenqQWj, listenAddrs: [/ip4/127.0.0.1/tcp/60347], addrs: [/ip4/127.0.0.1/tcp/60347], protocols: [/ipfs/id/1.0.0, /libp2p/autonat/1.0.0, /libp2p/circuit/relay/0.2.0/hop, /vac/waku/metadata/1.0.0, /mix/1.0.0, /vac/waku/relay/2.0.0, /ipfs/ping/1.0.0, /vac/waku/filter-push/2.0.0-beta1], protoVersion: ipfs/0.1.0, agentVersion: logos-delivery-v0.39.0-gca2814)"
[2026-10-01 23:50:32.474] [out] [delivery_module] DBG 2026-10-01 23:50:32.474+02:00 identify: info received                    topics="libp2p identify" tid=41866426 stream=16U*czcv7q:6abed5a896a6e15595b8fc7a pubkey=ok(sec...66bc)) addresses=/ip4/127.0.0.1/tcp/60343 protocols=/ipfs/id/1.0.0,/libp2p/autonat/1.0.0,/libp2p/circuit/relay/0.2.0/hop,/vac/waku/metadata/1.0.0,/mix/1.0.0,/vac/waku/relay/2.0.0,/ipfs/ping/1.0.0,/vac/waku/lightpush/3.0.0,/vac/waku/lightpush/2.0.0-beta1,/vac/waku/filter-push/2.0.0-beta1 observable_address=ok(/ip4/127.0.0.1/tcp/60401) proto_version=ipfs/0.1.0 agent_version=logos-delivery-v0.39.0-gca2814 signedPeerRecord=None
[2026-10-01 23:50:32.475] [out] [delivery_module] DBG 2026-10-01 23:50:32.475+02:00 starting pubsub read loop                  topics="libp2p pubsubpeer" tid=41866426 stream=16U*czcv7q:6abed5a896a6e15595b8fc79 peer=16U*czcv7q closed=false
[2026-10-01 23:50:32.475] [out] [delivery_module] DBG 2026-10-01 23:50:32.475+02:00 identify: info received                    topics="libp2p identify" tid=41866426 stream=16U*yQ9Mfy:6abed5a896a6e15595b8fc82 pubkey=ok(sec...3324)) addresses=/ip4/127.0.0.1/tcp/60344 protocols=/ipfs/id/1.0.0,/libp2p/autonat/1.0.0,/libp2p/circuit/relay/0.2.0/hop,/vac/waku/metadata/1.0.0,/mix/1.0.0,/vac/waku/relay/2.0.0,/ipfs/ping/1.0.0,/vac/waku/lightpush/3.0.0,/vac/waku/lightpush/2.0.0-beta1,/vac/waku/filter-push/2.0.0-beta1 observable_address=ok(/ip4/127.0.0.1/tcp/60402) proto_version=ipfs/0.1.0 agent_version=logos-delivery-v0.39.0-gca2814 signedPeerRecord=None
[2026-10-01 23:50:32.475] [out] [delivery_module] DBG 2026-10-01 23:50:32.475+02:00 Event identified                           topics="waku node peer_manager" tid=41866426 peerId=16U*czcv7q
[2026-10-01 23:50:32.475] [out] [delivery_module] DBG 2026-10-01 23:50:32.475+02:00 no listener registered                     tid=41866427 event=onConnectionChange
[2026-10-01 23:50:32.475] [out] [delivery_module] DBG 2026-10-01 23:50:32.475+02:00 identify: info received                    topics="libp2p identify" tid=41866426 stream=16U*Qr4LvZ:6abed5a896a6e15595b8fc84 pubkey=ok(sec...e455)) addresses=/ip4/127.0.0.1/tcp/60345 protocols=/ipfs/id/1.0.0,/libp2p/autonat/1.0.0,/libp2p/circuit/relay/0.2.0/hop,/vac/waku/metadata/1.0.0,/mix/1.0.0,/vac/waku/relay/2.0.0,/ipfs/ping/1.0.0,/vac/waku/lightpush/3.0.0,/vac/waku/lightpush/2.0.0-beta1,/vac/waku/filter-push/2.0.0-beta1 observable_address=ok(/ip4/127.0.0.1/tcp/60403) proto_version=ipfs/0.1.0 agent_version=logos-delivery-v0.39.0-gca2814 signedPeerRecord=None
[2026-10-01 23:50:32.475] [out] [delivery_module] DBG 2026-10-01 23:50:32.475+02:00 starting pubsub read loop                  topics="libp2p pubsubpeer" tid=41866426 stream=16U*yQ9Mfy:6abed5a896a6e15595b8fc81 peer=16U*yQ9Mfy closed=false
[2026-10-01 23:50:32.476] [out] [delivery_module] DBG 2026-10-01 23:50:32.476+02:00 Event identified                           topics="waku node peer_manager" tid=41866426 peerId=16U*yQ9Mfy
[2026-10-01 23:50:32.476] [out] [delivery_module] DBG 2026-10-01 23:50:32.476+02:00 no listener registered                     tid=41866427 event=onConnectionChange
[2026-10-01 23:50:32.476] [out] [delivery_module] DBG 2026-10-01 23:50:32.476+02:00 starting pubsub read loop                  topics="libp2p pubsubpeer" tid=41866426 stream=16U*Qr4LvZ:6abed5a896a6e15595b8fc83 peer=16U*Qr4LvZ closed=false
[2026-10-01 23:50:32.476] [out] [delivery_module] DBG 2026-10-01 23:50:32.476+02:00 Event identified                           topics="waku node peer_manager" tid=41866426 peerId=16U*Qr4LvZ
[2026-10-01 23:50:32.476] [out] [delivery_module] DBG 2026-10-01 23:50:32.476+02:00 no listener registered                     tid=41866427 event=onConnectionChange
[2026-10-01 23:50:32.476] [out] [delivery_module] DBG 2026-10-01 23:50:32.476+02:00 identify: info received                    topics="libp2p identify" tid=41866426 stream=16U*XLpEE3:6abed5a896a6e15595b8fc86 pubkey=ok(sec...c862)) addresses=/ip4/127.0.0.1/tcp/60346 protocols=/ipfs/id/1.0.0,/libp2p/autonat/1.0.0,/libp2p/circuit/relay/0.2.0/hop,/vac/waku/metadata/1.0.0,/mix/1.0.0,/vac/waku/relay/2.0.0,/ipfs/ping/1.0.0,/vac/waku/lightpush/3.0.0,/vac/waku/lightpush/2.0.0-beta1,/vac/waku/filter-push/2.0.0-beta1 observable_address=ok(/ip4/127.0.0.1/tcp/60404) proto_version=ipfs/0.1.0 agent_version=logos-delivery-v0.39.0-gca2814 signedPeerRecord=None
[2026-10-01 23:50:32.476] [out] [delivery_module] DBG 2026-10-01 23:50:32.476+02:00 starting pubsub read loop                  topics="libp2p pubsubpeer" tid=41866426 stream=16U*XLpEE3:6abed5a896a6e15595b8fc85 peer=16U*XLpEE3 closed=false
[2026-10-01 23:50:32.477] [out] [delivery_module] DBG 2026-10-01 23:50:32.477+02:00 Event identified                           topics="waku node peer_manager" tid=41866426 peerId=16U*XLpEE3
[2026-10-01 23:50:32.477] [out] [delivery_module] DBG 2026-10-01 23:50:32.477+02:00 no listener registered                     tid=41866427 event=onConnectionChange
[2026-10-01 23:50:32.477] [out] [delivery_module] DBG 2026-10-01 23:50:32.477+02:00 Received WakuMetadata request              topics="waku metadata" tid=41866426 remoteClusterId=ok(42) remoteShards="[0]" localClusterId=42 localShards="[0]" peer=16U*czcv7q
[2026-10-01 23:50:32.477] [out] [delivery_module] DBG 2026-10-01 23:50:32.477+02:00 Received WakuMetadata request              topics="waku metadata" tid=41866426 remoteClusterId=ok(42) remoteShards="[0]" localClusterId=42 localShards="[0]" peer=16U*yQ9Mfy
[2026-10-01 23:50:32.477] [out] [delivery_module] DBG 2026-10-01 23:50:32.477+02:00 Received WakuMetadata request              topics="waku metadata" tid=41866426 remoteClusterId=ok(42) remoteShards="[0]" localClusterId=42 localShards="[0]" peer=16U*XLpEE3
[2026-10-01 23:50:32.477] [out] [delivery_module] DBG 2026-10-01 23:50:32.477+02:00 Received WakuMetadata request              topics="waku metadata" tid=41866426 remoteClusterId=ok(42) remoteShards="[0]" localClusterId=42 localShards="[0]" peer=16U*Qr4LvZ
[2026-10-01 23:50:32.478] [out] [delivery_module] DBG 2026-10-01 23:50:32.478+02:00 no listener registered                     tid=41866427 event=onConnectionChange
[2026-10-01 23:50:32.478] [out] [delivery_module] DBG 2026-10-01 23:50:32.478+02:00 no listener registered                     tid=41866427 event=onConnectionChange
[2026-10-01 23:50:32.478] [out] [delivery_module] DBG 2026-10-01 23:50:32.478+02:00 no listener registered                     tid=41866427 event=onConnectionChange
[2026-10-01 23:50:32.479] [out] [delivery_module] DBG 2026-10-01 23:50:32.479+02:00 no listener registered                     tid=41866427 event=onConnectionChange
[2026-10-01 23:50:32.479] [out] [delivery_module] DBG 2026-10-01 23:50:32.479+02:00 Finished dialing multiple peers            tid=41866426 successfulConns=4 attempted=4
[2026-10-01 23:50:32.479] [out] [delivery_module] DBG 2026-10-01 23:50:32.479+02:00 Starting peer exchange loop                topics="waku node peerexchange api" tid=41866426
[2026-10-01 23:50:32.479] [out] [delivery_module] DBG 2026-10-01 23:50:32.479+02:00 Retrieving peer info via peer exchange protocol topics="waku node peerexchange api" tid=41866426 amount=5
[2026-10-01 23:50:32.479] [out] [delivery_module] DBG 2026-10-01 23:50:32.479+02:00 Peer exchange request could not be made as no peer exchange peers found topics="waku peer_exchange client" tid=41866426
[2026-10-01 23:50:32.479] [out] [delivery_module] DBG 2026-10-01 23:50:32.479+02:00 Failed to retrieve peer info via peer exchange protocol topics="waku node peerexchange api" tid=41866426 error="(status_code: SERVICE_UNAVAILABLE, status_desc: ok(peer_not_found_failure))"
[2026-10-01 23:50:32.479] [out] [delivery_module] DBG 2026-10-01 23:50:32.479+02:00 Cannot fetch peers from peer exchange      topics="waku node peerexchange api" tid=41866426 cause="(status_code: SERVICE_UNAVAILABLE, status_desc: ok(peer_not_found_failure))"
[2026-10-01 23:50:32.479] [out] [delivery_module] INF 2026-10-01 23:50:32.479+02:00 Relay peer connections                     topics="waku node peer_manager" tid=41866426 inRelayConns=0/50 outRelayConns=4/25 totalConnections=4/150 notConnectedPeers=0 outsideBackoffPeers=0
[2026-10-01 23:50:32.480] [out] [delivery_module] DBG 2026-10-01 23:50:32.480+02:00 ENR addresses updated                      topics="waku enr" tid=41866426 retained=1 total=1
[2026-10-01 23:50:32.480] [out] [delivery_module] INF 2026-10-01 23:50:32.480+02:00 Node is online                             topics="waku online monitor" tid=41866426
[2026-10-01 23:50:32.480] [out] [delivery_module] INF 2026-10-01 23:50:32.480+02:00 Health monitor loop start                  tid=41866426
[2026-10-01 23:50:32.480] [out] [delivery_module] DBG 2026-10-01 23:50:32.480+02:00 calculateConnectionState                   tid=41866426 relayCount=4 storeClientCount=0 lightpushCount=4 filterCount=0
[2026-10-01 23:50:32.480] [out] [delivery_module] DBG 2026-10-01 23:50:32.480+02:00 connectionStatus change                    tid=41866426 oldstatus=Disconnected newstatus=Connected
[2026-10-01 23:50:32.480] [out] [delivery_module] INF 2026-10-01 23:50:32.480+02:00 starting keepalive                         tid=41866426 randomPeersKeepalive=10s allPeersKeepalive=2m
Loaded UI plugin: "/nix/store/lpw6vdhviy85qzljih8n5agnv7yv5mvx-logos-forum_module-plugin-dir"
[QmlInspector] Failed to listen on port 3768 : "The bound address is already in use"
[2026-10-01 23:51:02.475] [out] [delivery_module] DBG 2026-10-01 23:51:02.474+02:00 Accepted an incoming connection            topics="libp2p switch" tid=41866426 conn=:6abed5c696a6e15595b8fca4
[2026-10-01 23:51:02.475] [out] [delivery_module] DBG 2026-10-01 23:51:02.475+02:00 About to accept incoming connection        topics="libp2p switch" tid=41866426
[2026-10-01 23:51:02.478] [out] [delivery_module] DBG 2026-10-01 23:51:02.478+02:00 dialMe answer is reachable                 topics="libp2p autonatservice" tid=41866426 peerId=16Uiu2HAm5rGDbBmAzP8kdLCRMZWjau6JnmPJANaS6GzdHdXLpEE3
[2026-10-01 23:51:02.478] [out] [delivery_module] DBG 2026-10-01 23:51:02.478+02:00 Current status                             topics="libp2p autonatservice" tid=41866426 currentStats=Unknown confidence=none() answers=[Reachable]
[2026-10-01 23:51:02.481] [out] [delivery_module] DBG 2026-10-01 23:51:02.481+02:00 Accepted an incoming connection            topics="libp2p switch" tid=41866426 conn=:6abed5c696a6e15595b8fca8
[2026-10-01 23:51:02.481] [out] [delivery_module] DBG 2026-10-01 23:51:02.481+02:00 About to accept incoming connection        topics="libp2p switch" tid=41866426
[2026-10-01 23:51:02.484] [out] [delivery_module] DBG 2026-10-01 23:51:02.484+02:00 dialMe answer is reachable                 topics="libp2p autonatservice" tid=41866426 peerId=16Uiu2HAmBQ14DGa2feDojKERKen7JBP61BWqbinGbuwZvCyQ9Mfy
[2026-10-01 23:51:02.484] [out] [delivery_module] DBG 2026-10-01 23:51:02.484+02:00 Current status                             topics="libp2p autonatservice" tid=41866426 currentStats=Unknown confidence=none() answers=[Reachable, Reachable]
[2026-10-01 23:51:02.486] [out] [delivery_module] DBG 2026-10-01 23:51:02.486+02:00 Accepted an incoming connection            topics="libp2p switch" tid=41866426 conn=:6abed5c696a6e15595b8fcac
[2026-10-01 23:51:02.486] [out] [delivery_module] DBG 2026-10-01 23:51:02.486+02:00 About to accept incoming connection        topics="libp2p switch" tid=41866426
[2026-10-01 23:51:02.489] [out] [delivery_module] DBG 2026-10-01 23:51:02.489+02:00 dialMe answer is reachable                 topics="libp2p autonatservice" tid=41866426 peerId=16Uiu2HAmMf8bUzvVHh3nBz8FXiLAACMxW4Bfx4nUvt3ee9Qr4LvZ
[2026-10-01 23:51:02.489] [out] [delivery_module] DBG 2026-10-01 23:51:02.489+02:00 Current status                             topics="libp2p autonatservice" tid=41866426 currentStats=Reachable confidence=ok(1.0) answers=[Reachable, Reachable, Reachable]
[2026-10-01 23:51:02.489] [out] [delivery_module] DBG 2026-10-01 23:51:02.489+02:00 Peer reachability status                   tid=41866426 networkReachability=Reachable confidence=1.0
[2026-10-01 23:51:32.474] [out] [delivery_module] DBG 2026-10-01 23:51:32.474+02:00 Accepted an incoming connection            topics="libp2p switch" tid=41866426 conn=:6abed5e496a6e15595b8fcc8
[2026-10-01 23:51:32.474] [out] [delivery_module] DBG 2026-10-01 23:51:32.474+02:00 About to accept incoming connection        topics="libp2p switch" tid=41866426
[2026-10-01 23:51:32.478] [out] [delivery_module] DBG 2026-10-01 23:51:32.478+02:00 dialMe answer is reachable                 topics="libp2p autonatservice" tid=41866426 peerId=16Uiu2HAmBQ14DGa2feDojKERKen7JBP61BWqbinGbuwZvCyQ9Mfy
[2026-10-01 23:51:32.478] [out] [delivery_module] DBG 2026-10-01 23:51:32.478+02:00 Current status                             topics="libp2p autonatservice" tid=41866426 currentStats=Reachable confidence=ok(1.0) answers=[Reachable, Reachable, Reachable]
[2026-10-01 23:51:32.480] [out] [delivery_module] DBG 2026-10-01 23:51:32.480+02:00 Retrieving peer info via peer exchange protocol topics="waku node peerexchange api" tid=41866426 amount=5
[2026-10-01 23:51:32.480] [out] [delivery_module] DBG 2026-10-01 23:51:32.480+02:00 Peer exchange request could not be made as no peer exchange peers found topics="waku peer_exchange client" tid=41866426
[2026-10-01 23:51:32.480] [out] [delivery_module] DBG 2026-10-01 23:51:32.480+02:00 Failed to retrieve peer info via peer exchange protocol topics="waku node peerexchange api" tid=41866426 error="(status_code: SERVICE_UNAVAILABLE, status_desc: ok(peer_not_found_failure))"
[2026-10-01 23:51:32.480] [out] [delivery_module] DBG 2026-10-01 23:51:32.480+02:00 Cannot fetch peers from peer exchange      topics="waku node peerexchange api" tid=41866426 cause="(status_code: SERVICE_UNAVAILABLE, status_desc: ok(peer_not_found_failure))"
[2026-10-01 23:51:32.480] [out] [delivery_module] DBG 2026-10-01 23:51:32.480+02:00 Accepted an incoming connection            topics="libp2p switch" tid=41866426 conn=:6abed5e496a6e15595b8fccc
[2026-10-01 23:51:32.481] [out] [delivery_module] DBG 2026-10-01 23:51:32.481+02:00 About to accept incoming connection        topics="libp2p switch" tid=41866426
[2026-10-01 23:51:32.483] [out] [delivery_module] DBG 2026-10-01 23:51:32.483+02:00 dialMe answer is reachable                 topics="libp2p autonatservice" tid=41866426 peerId=16Uiu2HAmMf8bUzvVHh3nBz8FXiLAACMxW4Bfx4nUvt3ee9Qr4LvZ
[2026-10-01 23:51:32.483] [out] [delivery_module] DBG 2026-10-01 23:51:32.483+02:00 Current status                             topics="libp2p autonatservice" tid=41866426 currentStats=Reachable confidence=ok(1.0) answers=[Reachable, Reachable, Reachable]
[2026-10-01 23:51:32.486] [out] [delivery_module] DBG 2026-10-01 23:51:32.486+02:00 Accepted an incoming connection            topics="libp2p switch" tid=41866426 conn=:6abed5e496a6e15595b8fcd0
[2026-10-01 23:51:32.486] [out] [delivery_module] DBG 2026-10-01 23:51:32.486+02:00 About to accept incoming connection        topics="libp2p switch" tid=41866426
[2026-10-01 23:51:32.489] [out] [delivery_module] DBG 2026-10-01 23:51:32.489+02:00 dialMe answer is reachable                 topics="libp2p autonatservice" tid=41866426 peerId=16Uiu2HAm5rGDbBmAzP8kdLCRMZWjau6JnmPJANaS6GzdHdXLpEE3
[2026-10-01 23:51:32.489] [out] [delivery_module] DBG 2026-10-01 23:51:32.489+02:00 Current status                             topics="libp2p autonatservice" tid=41866426 currentStats=Reachable confidence=ok(1.0) answers=[Reachable, Reachable, Reachable]
