warning: ignoring untrusted substituter 'https://cache.nix.logos.co/public', you are not a trusted user.
Run `man nix.conf` for more information on the `substituters` configuration option.
warning: ignoring the client-specified setting 'trusted-public-keys', because it is a restricted setting and you are not a trusted user
warning: ignoring untrusted substituter 'https://cache.nix.logos.co/public', you are not a trusted user.
Run `man nix.conf` for more information on the `substituters` configuration option.
warning: ignoring the client-specified setting 'trusted-public-keys', because it is a restricted setting and you are not a trusted user
warning: ignoring untrusted substituter 'https://cache.nix.logos.co/public', you are not a trusted user.
Run `man nix.conf` for more information on the `substituters` configuration option.
warning: ignoring the client-specified setting 'trusted-public-keys', because it is a restricted setting and you are not a trusted user
these 7 derivations will be built:
  /nix/store/4q5skh30k94vrvv4fml0ni8wivybdh72-logos-forum_module-module-lib-0.1.0.drv
  /nix/store/fcpaa6ik2vi08bvqnq8ggpn8vj6s9xcc-logos-forum_module-module-metadata.json.drv
  /nix/store/izvap7xa8d8wmxw8vysjvpbq5kp8f2h2-logos-forum_module-module.drv
  /nix/store/yf7lvm69r7s67mx1q5ib57rzxqrwg6j0-source.drv
  /nix/store/sykzyds893zqhvzjradp12z93w1kl03y-cpp-semver-0.4.0.drv
  /nix/store/rf4h45v2rsw6wzgpgx27zifvrpab51ay-lgx-0.1.0.drv
  /nix/store/rigfq5xx7mwj4dx0d6h36f89m263mhi3-logos-forum_module-module-lgx-0.1.0.drv
these 15 paths will be fetched (3.8 MiB download, 13.2 MiB unpacked):
  /nix/store/i6dqnlmn7ydxb0w78lj5q6f1pd3znzz7-curl-8.14.1
  /nix/store/rc4j3ysf3y0i6s3pm9idvbiyd0yjh2cl-curl-8.14.1-bin
  /nix/store/vbrdzr5n05qjn882v5cn1930sbgkvy5b-curl-8.14.1-dev
  /nix/store/drp2bbpxwlsyhkmpv9wnh927sf7784bj-curl-8.14.1-man
  /nix/store/bn33dkib2hvgwpndi2128m1rsgs7irmf-gtest-1.17.0
  /nix/store/xqqw33hbphc98vblpyikjvnaxdv0f7xj-gtest-1.17.0-dev
  /nix/store/kqvw99n12br7lvq1xb6f7c0mj3s72j0q-libssh2-1.11.1
  /nix/store/jfyngyqnpxavi5sky91pyr215jlzdyqb-libssh2-1.11.1-dev
  /nix/store/xnkj3yjf31r8pv9v09dla495l8fnm93s-mirrors-list
  /nix/store/grnvwwr36xbjqqzs5ql98c1ij9y0kxwz-nghttp2-1.66.0
  /nix/store/4k4lnrfw0v2bb2l9iy7bcxi8rgc1xqz7-nghttp2-1.66.0-dev
  /nix/store/m11lxq3l3l15dr7irx8mr1wvy90z8dfn-nghttp2-1.66.0-lib
  /nix/store/2jjj28ffd01idrp1q0nlbqccr1aprhsh-openssl-3.5.1
  /nix/store/r2lp4fl9qvzbq1zflfqqg1xjnsmqqcki-openssl-3.5.1-bin
  /nix/store/iczk117m1c83vqm8321qlmzw4id5pnx7-openssl-3.5.1-dev
copying path '/nix/store/bn33dkib2hvgwpndi2128m1rsgs7irmf-gtest-1.17.0' from 'https://cache.nixos.org'...
building '/nix/store/fcpaa6ik2vi08bvqnq8ggpn8vj6s9xcc-logos-forum_module-module-metadata.json.drv'...
building '/nix/store/4q5skh30k94vrvv4fml0ni8wivybdh72-logos-forum_module-module-lib-0.1.0.drv'...
copying path '/nix/store/xnkj3yjf31r8pv9v09dla495l8fnm93s-mirrors-list' from 'https://cache.nixos.org'...
copying path '/nix/store/drp2bbpxwlsyhkmpv9wnh927sf7784bj-curl-8.14.1-man' from 'https://cache.nixos.org'...
copying path '/nix/store/2jjj28ffd01idrp1q0nlbqccr1aprhsh-openssl-3.5.1' from 'https://cache.nixos.org'...
copying path '/nix/store/m11lxq3l3l15dr7irx8mr1wvy90z8dfn-nghttp2-1.66.0-lib' from 'https://cache.nixos.org'...
copying path '/nix/store/grnvwwr36xbjqqzs5ql98c1ij9y0kxwz-nghttp2-1.66.0' from 'https://cache.nixos.org'...
copying path '/nix/store/xqqw33hbphc98vblpyikjvnaxdv0f7xj-gtest-1.17.0-dev' from 'https://cache.nixos.org'...
copying path '/nix/store/4k4lnrfw0v2bb2l9iy7bcxi8rgc1xqz7-nghttp2-1.66.0-dev' from 'https://cache.nixos.org'...
copying path '/nix/store/kqvw99n12br7lvq1xb6f7c0mj3s72j0q-libssh2-1.11.1' from 'https://cache.nixos.org'...
copying path '/nix/store/r2lp4fl9qvzbq1zflfqqg1xjnsmqqcki-openssl-3.5.1-bin' from 'https://cache.nixos.org'...
copying path '/nix/store/i6dqnlmn7ydxb0w78lj5q6f1pd3znzz7-curl-8.14.1' from 'https://cache.nixos.org'...
copying path '/nix/store/iczk117m1c83vqm8321qlmzw4id5pnx7-openssl-3.5.1-dev' from 'https://cache.nixos.org'...
copying path '/nix/store/rc4j3ysf3y0i6s3pm9idvbiyd0yjh2cl-curl-8.14.1-bin' from 'https://cache.nixos.org'...
copying path '/nix/store/jfyngyqnpxavi5sky91pyr215jlzdyqb-libssh2-1.11.1-dev' from 'https://cache.nixos.org'...
copying path '/nix/store/vbrdzr5n05qjn882v5cn1930sbgkvy5b-curl-8.14.1-dev' from 'https://cache.nixos.org'...
building '/nix/store/yf7lvm69r7s67mx1q5ib57rzxqrwg6j0-source.drv'...
building '/nix/store/sykzyds893zqhvzjradp12z93w1kl03y-cpp-semver-0.4.0.drv'...
building '/nix/store/rf4h45v2rsw6wzgpgx27zifvrpab51ay-lgx-0.1.0.drv'...
building '/nix/store/izvap7xa8d8wmxw8vysjvpbq5kp8f2h2-logos-forum_module-module.drv'...
building '/nix/store/rigfq5xx7mwj4dx0d6h36f89m263mhi3-logos-forum_module-module-lgx-0.1.0.drv'...
