run-logos-standalone-ui: hot-reloading QML from <repo>/src/qml
  (export DEV_QML_PATH to override, or LOGOS_QML_HOT_RELOAD=0 to disable)
Session directory: "~/Library/Application Support/Logos/LogosStandalone"
[2026-10-01 22:25:55.240] [info] [logos] Granting host services to 'capability_module': token_registry,token_delivery
[2026-10-01 22:25:55.269] [out] [capability_module] [2026-10-01 22:25:55.268] [info] Granting host services to capability_module: ["token_registry","token_delivery"]
RemoteTransportConnection: Connecting to registry: "local:logos_capability_module_63b30362a742" at "22:25:55.269"
RemoteTransportConnection: Registry connect attempt started (no peer contact yet): "local:logos_capability_module_63b30362a742"
LogosAPIConsumer: Informing module token for module: "capability_module" with token: "redacted:4e8643f3…"
RemoteTransportConnection: Requesting object: "capability_module" at "22:25:55.270"
[LogosObject] RemoteTransportConnection: returning RemoteLogosObject for: "capability_module"
[LogosObject] Created RemoteLogosObject wrapping QRemoteObjectReplica 105553142487136
[LogosObject] LogosAPIConsumer: calling LogosObject::informModuleToken for "capability_module"
LogosAPIConsumer: informModuleToken completed with result: true
[LogosObject] Destroying RemoteLogosObject 0
[2026-10-01 22:25:55.291] [info] [logos] Module loaded: capability_module
LogosAPIConsumer: Informing module token for module: "modules_state" with token: "redacted:cd2128be…"
RemoteTransportConnection: Requesting object: "capability_module" at "22:25:55.319"
[LogosObject] RemoteTransportConnection: returning RemoteLogosObject for: "capability_module"
[LogosObject] Created RemoteLogosObject wrapping QRemoteObjectReplica 105553142492192
[LogosObject] LogosAPIConsumer: calling LogosObject::informModuleToken for "modules_state"
LogosAPIConsumer: informModuleToken completed with result: true
[LogosObject] Destroying RemoteLogosObject 0
[2026-10-01 22:25:55.320] [info] [logos] Module loaded: modules_state
RemoteTransportConnection: Connecting to registry: "local:logos_modules_state_63b30362a742" at "22:25:55.320"
RemoteTransportConnection: Registry connect attempt started (no peer contact yet): "local:logos_modules_state_63b30362a742"
RemoteTransportConnection: Connecting to registry: "local:logos_capability_module_63b30362a742" at "22:25:55.320"
RemoteTransportConnection: Registry connect attempt started (no peer contact yet): "local:logos_capability_module_63b30362a742"
LogosAPIConsumer: '"modules_state"::""' deferred pending the module becoming reachable
LogosAPIConsumer: '"modules_state"::""' deferred pending the module becoming reachable
Logos Core started (modules dir: "/nix/store/4v2cj5cr5dlsjb9cl0blr0cds0qf07iv-logos-forum_module-plugin-dir-modules" )
Set app icon from metadata: "/nix/store/sdrrdn6z7mzjhz70dcr5pmdadmw54ib9-logos-forum_module-plugin-dir/src/icons/icon.png"
[2026-10-01 22:25:55.359] [info] [logos] [delivery_module] DeliveryModuleImpl: Initializing...
LogosAPIConsumer: Informing module token for module: "delivery_module" with token: "redacted:54234766…"
RemoteTransportConnection: Requesting object: "capability_module" at "22:25:55.360"
[LogosObject] RemoteTransportConnection: returning RemoteLogosObject for: "capability_module"
[LogosObject] Created RemoteLogosObject wrapping QRemoteObjectReplica 105553142958208
[LogosObject] LogosAPIConsumer: calling LogosObject::informModuleToken for "delivery_module"
LogosAPIConsumer: informModuleToken completed with result: true
[LogosObject] Destroying RemoteLogosObject 0
[2026-10-01 22:25:55.362] [info] [logos] Module loaded: delivery_module
RemoteTransportConnection: Connecting to registry: "local:logos_delivery_module_63b30362a742" at "22:25:55.362"
RemoteTransportConnection: Registry connect attempt started (no peer contact yet): "local:logos_delivery_module_63b30362a742"
RemoteTransportConnection: Connecting to registry: "local:logos_capability_module_63b30362a742" at "22:25:55.362"
RemoteTransportConnection: Registry connect attempt started (no peer contact yet): "local:logos_capability_module_63b30362a742"
LogosAPIConsumer: '"delivery_module"::""' deferred pending the module becoming reachable
LogosAPIClient: getToken for module: "modules_state"
LogosAPIClient: Found token for module: "modules_state"
RemoteTransportConnection: Requesting object: "modules_state" at "22:25:55.362"
[LogosObject] RemoteTransportConnection: returning RemoteLogosObject for: "modules_state"
[LogosObject] Created RemoteLogosObject wrapping QRemoteObjectReplica 105553142703424
[LogosObject] LogosAPIConsumer: async calling via LogosObject::callMethodAsync "note_transition"
[LogosObject] RemoteLogosObject::callMethodAsync "note_transition" args: 7
LogosAPIClient: getToken for module: "modules_state"
LogosAPIClient: Found token for module: "modules_state"
[LogosObject] LogosAPIConsumer: async calling via LogosObject::callMethodAsync "note_transition"
[LogosObject] RemoteLogosObject::callMethodAsync "note_transition" args: 7
Loaded dependency (with transitive deps): "delivery_module"
[2026-10-01 22:25:55.391] [info] [logos] [storage_module] StorageModuleImpl: Initializing...
LogosAPIConsumer: Informing module token for module: "storage_module" with token: "redacted:669322e9…"
RemoteTransportConnection: Requesting object: "capability_module" at "22:25:55.392"
[LogosObject] Created RemoteLogosObject wrapping QRemoteObjectReplica 105553142594240
LogosAPIClient: invoking remote method "modules_state" "apply_snapshot" args_count: 1
LogosAPIClient: getToken for module: "modules_state"
LogosAPIClient: Found token for module: "modules_state"
LogosAPIConsumer: Calling invokeRemoteMethod: "modules_state" "apply_snapshot" args_count: 1 timeout: 20000
[LogosObject] LogosAPIConsumer: calling via LogosObject::callMethod "apply_snapshot"
[LogosObject] RemoteLogosObject::callMethod "apply_snapshot" args: 1
[LogosObject] Created RemoteLogosObject wrapping QRemoteObjectReplica 105553142703200
LogosAPIClient: getToken for module: "modules_state"
LogosAPIClient: Found token for module: "modules_state"
[LogosObject] LogosAPIConsumer: async calling via LogosObject::callMethodAsync "note_transition"
[LogosObject] RemoteLogosObject::callMethodAsync "note_transition" args: 7
LogosAPIClient: getToken for module: "modules_state"
LogosAPIClient: Found token for module: "modules_state"
[LogosObject] LogosAPIConsumer: async calling via LogosObject::callMethodAsync "note_transition"
[LogosObject] RemoteLogosObject::callMethodAsync "note_transition" args: 7
[2026-10-01 22:25:55.395] [info] [logos] Pushed module snapshot to modules_state
LogosAPIClient: getToken for module: "modules_state"
LogosAPIClient: Found token for module: "modules_state"
[LogosObject] LogosAPIConsumer: async calling via LogosObject::callMethodAsync "note_transition"
[LogosObject] RemoteLogosObject::callMethodAsync "note_transition" args: 7
[LogosObject] RemoteTransportConnection: returning RemoteLogosObject for: "capability_module"
[LogosObject] Created RemoteLogosObject wrapping QRemoteObjectReplica 105553142997152
[LogosObject] LogosAPIConsumer: calling LogosObject::informModuleToken for "storage_module"
LogosAPIConsumer: informModuleToken completed with result: true
[LogosObject] Destroying RemoteLogosObject 0
[2026-10-01 22:25:55.396] [info] [logos] Module loaded: storage_module
RemoteTransportConnection: Connecting to registry: "local:logos_storage_module_63b30362a742" at "22:25:55.396"
RemoteTransportConnection: Registry connect attempt started (no peer contact yet): "local:logos_storage_module_63b30362a742"
RemoteTransportConnection: Connecting to registry: "local:logos_capability_module_63b30362a742" at "22:25:55.396"
RemoteTransportConnection: Registry connect attempt started (no peer contact yet): "local:logos_capability_module_63b30362a742"
LogosAPIConsumer: '"storage_module"::""' deferred pending the module becoming reachable
LogosAPIClient: getToken for module: "modules_state"
LogosAPIClient: Found token for module: "modules_state"
[LogosObject] LogosAPIConsumer: async calling via LogosObject::callMethodAsync "note_transition"
[LogosObject] RemoteLogosObject::callMethodAsync "note_transition" args: 7
Loaded dependency (with transitive deps): "storage_module"
DEV_QML_PATH override active: <repo>/src/qml/Main.qml
RemoteTransportConnection: Connecting to registry: "local:logos_capability_module_63b30362a742" at "22:25:55.396"
RemoteTransportConnection: Registry connect attempt started (no peer contact yet): "local:logos_capability_module_63b30362a742"
LogosAPIConsumer: Informing module token for module: "forum_module" with token: "redacted:34147db6…"
RemoteTransportConnection: Requesting object: "capability_module" at "22:25:55.396"
[LogosObject] RemoteTransportConnection: returning RemoteLogosObject for: "capability_module"
[LogosObject] Created RemoteLogosObject wrapping QRemoteObjectReplica 105553142703360
[LogosObject] LogosAPIConsumer: calling LogosObject::informModuleToken for "forum_module"
[LogosObject] Created RemoteLogosObject wrapping QRemoteObjectReplica 105553142487264
LogosAPIClient: getToken for module: "modules_state"
LogosAPIClient: Found token for module: "modules_state"
[LogosObject] LogosAPIConsumer: async calling via LogosObject::callMethodAsync "note_transition"
[LogosObject] RemoteLogosObject::callMethodAsync "note_transition" args: 7
LogosAPIConsumer: informModuleToken completed with result: true
[LogosObject] Destroying RemoteLogosObject 0
[2026-10-01 22:25:55.775] [warning] [logos] [capability_module] Warning: QObject::connect: No such signal ::eventResponse(QString,QVariantList)
[2026-10-01 22:25:55.775] [info] [logos] [delivery_module] DeliveryModuleImpl::getNodeInfo called with nodeInfoId: MyPeerId
[2026-10-01 22:25:55.775] [info] [logos] [delivery_module] DeliveryModuleImpl: Cannot get node info - context not initialized. Call createNode first.
[2026-10-01 22:25:55.776] [info] [logos] [delivery_module] DeliveryModuleImpl::createNode called
[2026-10-01 22:25:55.783] [info] [logos] [delivery_module] DeliveryModuleImpl: Waiting for createNode callback...
[2026-10-01 22:25:55.784] [out] [delivery_module] DBG 2026-10-01 22:25:55.784+02:00 Whether to mount storeSync is not specified, defaulting to not mounting topics="waku conf builder" tid=41522861
[2026-10-01 22:25:55.784] [out] [delivery_module] INF 2026-10-01 22:25:55.784+02:00 Sharding configuration:                    topics="waku conf builder" tid=41522861 shardingConf="(kind: AutoSharding, numShardsInCluster: 1)" subscribeShards=@[0]
[2026-10-01 22:25:55.784] [out] [delivery_module] INF 2026-10-01 22:25:55.784+02:00 Configuration: Enabled protocols           topics="waku conf" tid=41522861 relay=true rlnRelay=false store=false filter=false lightPush=false peerExchange=false rendezvous=false
[2026-10-01 22:25:55.784] [out] [delivery_module] INF 2026-10-01 22:25:55.784+02:00 Configuration. Network                     topics="waku conf" tid=41522861 cluster=42
[2026-10-01 22:25:55.784] [out] [delivery_module] DBG 2026-10-01 22:25:55.784+02:00 Configuration. Active Relay Shards         topics="waku conf" tid=41522861 shard=0
[2026-10-01 22:25:55.784] [out] [delivery_module] INF 2026-10-01 22:25:55.784+02:00 Setting up storage                         tid=41522861
[2026-10-01 22:25:55.784] [out] [delivery_module] INF 2026-10-01 22:25:55.784+02:00 Initializing node                          tid=41522861
[2026-10-01 22:25:55.784] [out] [delivery_module] INF 2026-10-01 22:25:55.784+02:00 Initializing networking                    tid=41522861 addrs=@[/ip4/127.0.0.1/tcp/63917]
[2026-10-01 22:25:55.784] [out] [delivery_module] INF 2026-10-01 22:25:55.784+02:00 Mounting protocols                         tid=41522861
[2026-10-01 22:25:55.784] [out] [delivery_module] INF 2026-10-01 22:25:55.784+02:00 Created WakuMetadata protocol              topics="waku node" tid=41522861 clusterId=42 shards="[0]"
[2026-10-01 22:25:55.784] [out] [delivery_module] INF 2026-10-01 22:25:55.784+02:00 mounting store client                      topics="waku node store api" tid=41522861
[2026-10-01 22:25:55.784] [out] [delivery_module] INF 2026-10-01 22:25:55.784+02:00 Mounting auto sharding                     topics="waku node" tid=41522861 clusterId=42 shardCount=1
[2026-10-01 22:25:55.784] [out] [delivery_module] DBG 2026-10-01 22:25:55.784+02:00 Shards created from content topics         tid=41522861 contentTopics=[] shards=[]
[2026-10-01 22:25:55.784] [out] [delivery_module] DBG 2026-10-01 22:25:55.784+02:00 Setting max message size                   tid=41522861 num_bytes=153600
[2026-10-01 22:25:55.784] [out] [delivery_module] INF 2026-10-01 22:25:55.784+02:00 mounting relay protocol                    topics="waku node relay api" tid=41522861
[2026-10-01 22:25:55.784] [out] [delivery_module] DBG 2026-10-01 22:25:55.784+02:00 relay mounted successfully                 topics="waku node relay api" tid=41522861
[2026-10-01 22:25:55.784] [out] [delivery_module] DBG 2026-10-01 22:25:55.784+02:00 Adding validator to signed shards          tid=41522861 protectedShards=[] clusterId=42
[2026-10-01 22:25:55.784] [out] [delivery_module] INF 2026-10-01 22:25:55.784+02:00 mounting libp2p ping protocol              topics="waku node ping api" tid=41522861
[2026-10-01 22:25:55.784] [out] [delivery_module] INF 2026-10-01 22:25:55.784+02:00 mounting light push client                 topics="waku node lightpush api" tid=41522861
[2026-10-01 22:25:55.784] [out] [delivery_module] INF 2026-10-01 22:25:55.784+02:00 mounting legacy light push client          topics="waku node lightpush api" tid=41522861
[2026-10-01 22:25:55.784] [out] [delivery_module] INF 2026-10-01 22:25:55.784+02:00 mounting filter client                     topics="waku node filter api" tid=41522861
[2026-10-01 22:25:55.784] [out] [delivery_module] INF 2026-10-01 22:25:55.784+02:00 mounting waku peer exchange client         topics="waku node peerexchange api" tid=41522861
[2026-10-01 22:25:55.784] [out] [delivery_module] INF 2026-10-01 22:25:55.784+02:00 No external callbacks to be set            topics="wakunode waku" tid=41522861
[2026-10-01 22:25:55.784] [out] [delivery_module] INF 2026-10-01 22:25:55.784+02:00 Setting up AutonatService                  topics="libp2p autonatservice" tid=41522861
[2026-10-01 22:25:55.785] [info] [logos] [delivery_module] DeliveryModuleImpl::createNode callback called with ret: 0
[2026-10-01 22:25:55.785] [info] [logos] [delivery_module] DeliveryModuleImpl: Delivery context created successfully
[2026-10-01 22:25:55.785] [info] [logos] [delivery_module] DeliveryModuleImpl::start called
[2026-10-01 22:25:55.785] [out] [delivery_module] INF 2026-10-01 22:25:55.785+02:00 Retrieve dynamic bootstrap nodes           topics="wakunode waku" tid=41522861
[2026-10-01 22:25:55.786] [info] [logos] [delivery_module] DeliveryModuleImpl::getNodeInfo called with nodeInfoId: MyPeerId
[2026-10-01 22:25:55.786] [out] [delivery_module] INF 2026-10-01 22:25:55.786+02:00 Running nwaku node                         tid=41522861 version=v0.39.0-gca2814
[2026-10-01 22:25:55.786] [out] [delivery_module] INF 2026-10-01 22:25:55.786+02:00 Starting Waku node                         topics="waku node" tid=41522861 version=v0.39.0-gca2814
[2026-10-01 22:25:55.786] [out] [delivery_module] DBG 2026-10-01 22:25:55.786+02:00 starting switch for peer                   topics="libp2p switch" tid=41522861 peerInfo="(peerId: 16Uiu2HAmHx3uzw7a4JEnUaPgKVnc5axkkNJqd1JZ6bKKWB1TvMNH, listenAddrs: [/ip4/127.0.0.1/tcp/63917], addrs: [], protocols: [/ipfs/id/1.0.0, /libp2p/autonat/1.0.0, /libp2p/circuit/relay/0.2.0/hop, /vac/waku/metadata/1.0.0, /vac/waku/relay/2.0.0, /ipfs/ping/1.0.0, /vac/waku/filter-push/2.0.0-beta1], protoVersion: ipfs/0.1.0, agentVersion: logos-delivery-v0.39.0-gca2814)"
[2026-10-01 22:25:55.786] [out] [delivery_module] DBG 2026-10-01 22:25:55.786+02:00 About to accept incoming connection        topics="libp2p switch" tid=41522861
[2026-10-01 22:25:55.786] [out] [delivery_module] INF 2026-10-01 22:25:55.786+02:00 start                                      topics="waku relay" tid=41522861
[2026-10-01 22:25:55.786] [out] [delivery_module] DBG 2026-10-01 22:25:55.786+02:00 Started libp2p node                        topics="libp2p switch" tid=41522861 peer="(peerId: 16Uiu2HAmHx3uzw7a4JEnUaPgKVnc5axkkNJqd1JZ6bKKWB1TvMNH, listenAddrs: [/ip4/127.0.0.1/tcp/63917], addrs: [/ip4/127.0.0.1/tcp/63917], protocols: [/ipfs/id/1.0.0, /libp2p/autonat/1.0.0, /libp2p/circuit/relay/0.2.0/hop, /vac/waku/metadata/1.0.0, /vac/waku/relay/2.0.0, /ipfs/ping/1.0.0, /vac/waku/filter-push/2.0.0-beta1], protoVersion: ipfs/0.1.0, agentVersion: logos-delivery-v0.39.0-gca2814)"
[2026-10-01 22:25:55.787] [out] [delivery_module] INF 2026-10-01 22:25:55.787+02:00 Announced base resolved                    topics="waku node" tid=41522861 addrs=@[/ip4/127.0.0.1/tcp/63917] explicit=@[/ip4/127.0.0.1/tcp/63917]
[2026-10-01 22:25:55.787] [out] [delivery_module] DBG 2026-10-01 22:25:55.787+02:00 ENR addresses updated                      topics="waku enr" tid=41522861 retained=1 total=1
[2026-10-01 22:25:55.787] [out] [delivery_module] INF 2026-10-01 22:25:55.787+02:00 Node started successfully                  topics="waku node" tid=41522861
[2026-10-01 22:25:55.787] [out] [delivery_module] DBG 2026-10-01 22:25:55.787+02:00 Dialing multiple peers                     tid=41522861 numOfPeers=4 nodes="@[\"/ip4/127.0.0.1/tcp/63912/p2p/16Uiu2HAm3aFKdC4CoCRpYCdduJ6Fn9j9SgKogT8XjEGz48PpXTwV\", \"/ip4/127.0.0.1/tcp/63913/p2p/16Uiu2HAm2jHMCTzfntykngjhDi6vgAFCXQkMsEhuafrX1ZmeLadD\", \"/ip4/127.0.0.1/tcp/63914/p2p/16Uiu2HAmGWTMRJ71Q1PMoaBdZcA9QMG2GqreKKekrEMiviHpt6Ug\", \"/ip4/127.0.0.1/tcp/63915/p2p/16Uiu2HAmCUPYiXwEvxPxVdadYxW2Q6smf4TRhW4iVtRyNmTVKGEk\"]"
[2026-10-01 22:25:55.787] [out] [delivery_module] DBG 2026-10-01 22:25:55.787+02:00 Dialing peer                               topics="libp2p dialer" tid=41522861 peerId=16U*PpXTwV addrs="[/ip4/127.0.0.1/tcp/63912]"
[2026-10-01 22:25:55.787] [out] [delivery_module] DBG 2026-10-01 22:25:55.787+02:00 Expanded address and hostname              topics="libp2p dialer" tid=41522861 expandedAddress=/ip4/127.0.0.1/tcp/63912 hostname=127.0.0.1 resolvedAddresses="[/ip4/127.0.0.1/tcp/63912]"
[2026-10-01 22:25:55.788] [out] [delivery_module] DBG 2026-10-01 22:25:55.788+02:00 Dialing peer                               topics="libp2p dialer" tid=41522861 peerId=16U*meLadD addrs="[/ip4/127.0.0.1/tcp/63913]"
[2026-10-01 22:25:55.788] [out] [delivery_module] DBG 2026-10-01 22:25:55.788+02:00 Expanded address and hostname              topics="libp2p dialer" tid=41522861 expandedAddress=/ip4/127.0.0.1/tcp/63913 hostname=127.0.0.1 resolvedAddresses="[/ip4/127.0.0.1/tcp/63913]"
[2026-10-01 22:25:55.788] [out] [delivery_module] DBG 2026-10-01 22:25:55.788+02:00 Dialing peer                               topics="libp2p dialer" tid=41522861 peerId=16U*Hpt6Ug addrs="[/ip4/127.0.0.1/tcp/63914]"
[2026-10-01 22:25:55.788] [out] [delivery_module] DBG 2026-10-01 22:25:55.788+02:00 Expanded address and hostname              topics="libp2p dialer" tid=41522861 expandedAddress=/ip4/127.0.0.1/tcp/63914 hostname=127.0.0.1 resolvedAddresses="[/ip4/127.0.0.1/tcp/63914]"
[2026-10-01 22:25:55.788] [out] [delivery_module] DBG 2026-10-01 22:25:55.788+02:00 Dialing peer                               topics="libp2p dialer" tid=41522861 peerId=16U*TVKGEk addrs="[/ip4/127.0.0.1/tcp/63915]"
[2026-10-01 22:25:55.788] [out] [delivery_module] DBG 2026-10-01 22:25:55.788+02:00 Expanded address and hostname              topics="libp2p dialer" tid=41522861 expandedAddress=/ip4/127.0.0.1/tcp/63915 hostname=127.0.0.1 resolvedAddresses="[/ip4/127.0.0.1/tcp/63915]"
[2026-10-01 22:25:55.789] [info] [logos] [delivery_module] DeliveryModuleImpl::subscribe called with contentTopic: /lp0026forum/1/general/text
[2026-10-01 22:25:55.789] [out] [delivery_module] DBG 2026-10-01 22:25:55.789+02:00 Subscribing to pubsub topic                topics="waku relay" tid=41522861 pubsubTopic=/waku/2/rs/42/0
[2026-10-01 22:25:55.789] [out] [delivery_module] DBG 2026-10-01 22:25:55.789+02:00 No mesh peer for the given pubsub topic    topics="waku relay" tid=41522861 pubsubTopic=/waku/2/rs/42/0
[2026-10-01 22:25:55.789] [info] [logos] [delivery_module] DeliveryModuleImpl: Subscribe completed for topic: /lp0026forum/1/general/text with success
[2026-10-01 22:25:55.792] [out] [delivery_module] DBG 2026-10-01 22:25:55.792+02:00 Dial successful                            topics="libp2p dialer" tid=41522861 peerId=16U*PpXTwV
[2026-10-01 22:25:55.792] [out] [delivery_module] DBG 2026-10-01 22:25:55.792+02:00 Dial successful                            topics="libp2p dialer" tid=41522861 peerId=16U*meLadD
[2026-10-01 22:25:55.792] [out] [delivery_module] DBG 2026-10-01 22:25:55.792+02:00 starting sendNonHighPriorityTask           topics="libp2p pubsubpeer" tid=41522861 p=16U*PpXTwV
[2026-10-01 22:25:55.792] [out] [delivery_module] DBG 2026-10-01 22:25:55.792+02:00 created new pubsub peer                    topics="libp2p pubsub" tid=41522861 peerId=16U*PpXTwV
[2026-10-01 22:25:55.792] [out] [delivery_module] DBG 2026-10-01 22:25:55.792+02:00 no listener registered                     tid=41522863 event=onConnectionChange
[2026-10-01 22:25:55.792] [out] [delivery_module] DBG 2026-10-01 22:25:55.792+02:00 starting sendNonHighPriorityTask           topics="libp2p pubsubpeer" tid=41522861 p=16U*meLadD
[2026-10-01 22:25:55.792] [out] [delivery_module] DBG 2026-10-01 22:25:55.792+02:00 created new pubsub peer                    topics="libp2p pubsub" tid=41522861 peerId=16U*meLadD
[2026-10-01 22:25:55.792] [out] [delivery_module] DBG 2026-10-01 22:25:55.792+02:00 no listener registered                     tid=41522863 event=onConnectionChange
[2026-10-01 22:25:55.792] [out] [delivery_module] DBG 2026-10-01 22:25:55.792+02:00 Incoming WakuRelay connection              topics="waku relay" tid=41522861 connection=16U*PpXTwV:6abec1d39aa1ce26ddc8cf29 protocol=/vac/waku/relay/2.0.0
[2026-10-01 22:25:55.793] [out] [delivery_module] DBG 2026-10-01 22:25:55.792+02:00 starting pubsub read loop                  topics="libp2p pubsubpeer" tid=41522861 stream=16U*PpXTwV:6abec1d39aa1ce26ddc8cf29 peer=16U*PpXTwV closed=false
[2026-10-01 22:25:55.793] [out] [delivery_module] DBG 2026-10-01 22:25:55.793+02:00 identify: info sent                        topics="libp2p identify" tid=41522861 stream=16U*PpXTwV:6abec1d39aa1ce26ddc8cf2a info="(peerId: 16Uiu2HAmHx3uzw7a4JEnUaPgKVnc5axkkNJqd1JZ6bKKWB1TvMNH, listenAddrs: [/ip4/127.0.0.1/tcp/63917], addrs: [/ip4/127.0.0.1/tcp/63917], protocols: [/ipfs/id/1.0.0, /libp2p/autonat/1.0.0, /libp2p/circuit/relay/0.2.0/hop, /vac/waku/metadata/1.0.0, /vac/waku/relay/2.0.0, /ipfs/ping/1.0.0, /vac/waku/filter-push/2.0.0-beta1], protoVersion: ipfs/0.1.0, agentVersion: logos-delivery-v0.39.0-gca2814)"
[2026-10-01 22:25:55.793] [out] [delivery_module] DBG 2026-10-01 22:25:55.793+02:00 Incoming WakuRelay connection              topics="waku relay" tid=41522861 connection=16U*meLadD:6abec1d39aa1ce26ddc8cf2b protocol=/vac/waku/relay/2.0.0
[2026-10-01 22:25:55.793] [out] [delivery_module] DBG 2026-10-01 22:25:55.793+02:00 starting pubsub read loop                  topics="libp2p pubsubpeer" tid=41522861 stream=16U*meLadD:6abec1d39aa1ce26ddc8cf2b peer=16U*meLadD closed=false
[2026-10-01 22:25:55.793] [out] [delivery_module] DBG 2026-10-01 22:25:55.793+02:00 identify: info sent                        topics="libp2p identify" tid=41522861 stream=16U*meLadD:6abec1d39aa1ce26ddc8cf2c info="(peerId: 16Uiu2HAmHx3uzw7a4JEnUaPgKVnc5axkkNJqd1JZ6bKKWB1TvMNH, listenAddrs: [/ip4/127.0.0.1/tcp/63917], addrs: [/ip4/127.0.0.1/tcp/63917], protocols: [/ipfs/id/1.0.0, /libp2p/autonat/1.0.0, /libp2p/circuit/relay/0.2.0/hop, /vac/waku/metadata/1.0.0, /vac/waku/relay/2.0.0, /ipfs/ping/1.0.0, /vac/waku/filter-push/2.0.0-beta1], protoVersion: ipfs/0.1.0, agentVersion: logos-delivery-v0.39.0-gca2814)"
[2026-10-01 22:25:55.793] [out] [delivery_module] DBG 2026-10-01 22:25:55.793+02:00 Dial successful                            topics="libp2p dialer" tid=41522861 peerId=16U*Hpt6Ug
[2026-10-01 22:25:55.793] [out] [delivery_module] DBG 2026-10-01 22:25:55.793+02:00 starting sendNonHighPriorityTask           topics="libp2p pubsubpeer" tid=41522861 p=16U*Hpt6Ug
[2026-10-01 22:25:55.793] [out] [delivery_module] DBG 2026-10-01 22:25:55.793+02:00 created new pubsub peer                    topics="libp2p pubsub" tid=41522861 peerId=16U*Hpt6Ug
[2026-10-01 22:25:55.793] [out] [delivery_module] DBG 2026-10-01 22:25:55.793+02:00 no listener registered                     tid=41522863 event=onConnectionChange
[2026-10-01 22:25:55.794] [out] [delivery_module] DBG 2026-10-01 22:25:55.794+02:00 Dial successful                            topics="libp2p dialer" tid=41522861 peerId=16U*TVKGEk
[2026-10-01 22:25:55.794] [out] [delivery_module] DBG 2026-10-01 22:25:55.794+02:00 Incoming WakuRelay connection              topics="waku relay" tid=41522861 connection=16U*Hpt6Ug:6abec1d39aa1ce26ddc8cf31 protocol=/vac/waku/relay/2.0.0
[2026-10-01 22:25:55.794] [out] [delivery_module] DBG 2026-10-01 22:25:55.794+02:00 starting pubsub read loop                  topics="libp2p pubsubpeer" tid=41522861 stream=16U*Hpt6Ug:6abec1d39aa1ce26ddc8cf31 peer=16U*Hpt6Ug closed=false
[2026-10-01 22:25:55.794] [out] [delivery_module] DBG 2026-10-01 22:25:55.794+02:00 identify: info sent                        topics="libp2p identify" tid=41522861 stream=16U*Hpt6Ug:6abec1d39aa1ce26ddc8cf32 info="(peerId: 16Uiu2HAmHx3uzw7a4JEnUaPgKVnc5axkkNJqd1JZ6bKKWB1TvMNH, listenAddrs: [/ip4/127.0.0.1/tcp/63917], addrs: [/ip4/127.0.0.1/tcp/63917], protocols: [/ipfs/id/1.0.0, /libp2p/autonat/1.0.0, /libp2p/circuit/relay/0.2.0/hop, /vac/waku/metadata/1.0.0, /vac/waku/relay/2.0.0, /ipfs/ping/1.0.0, /vac/waku/filter-push/2.0.0-beta1], protoVersion: ipfs/0.1.0, agentVersion: logos-delivery-v0.39.0-gca2814)"
[2026-10-01 22:25:55.794] [out] [delivery_module] DBG 2026-10-01 22:25:55.794+02:00 identify: info received                    topics="libp2p identify" tid=41522861 stream=16U*PpXTwV:6abec1d39aa1ce26ddc8cf2e pubkey=ok(sec...609c)) addresses=/ip4/127.0.0.1/tcp/63912 protocols=/ipfs/id/1.0.0,/libp2p/autonat/1.0.0,/libp2p/circuit/relay/0.2.0/hop,/vac/waku/metadata/1.0.0,/mix/1.0.0,/vac/waku/relay/2.0.0,/ipfs/ping/1.0.0,/vac/waku/lightpush/3.0.0,/vac/waku/lightpush/2.0.0-beta1,/vac/waku/filter-push/2.0.0-beta1 observable_address=ok(/ip4/127.0.0.1/tcp/63987) proto_version=ipfs/0.1.0 agent_version=logos-delivery-v0.39.0-gca2814 signedPeerRecord=None
[2026-10-01 22:25:55.794] [out] [delivery_module] DBG 2026-10-01 22:25:55.794+02:00 starting sendNonHighPriorityTask           topics="libp2p pubsubpeer" tid=41522861 p=16U*TVKGEk
[2026-10-01 22:25:55.794] [out] [delivery_module] DBG 2026-10-01 22:25:55.794+02:00 created new pubsub peer                    topics="libp2p pubsub" tid=41522861 peerId=16U*TVKGEk
[2026-10-01 22:25:55.794] [out] [delivery_module] DBG 2026-10-01 22:25:55.794+02:00 no listener registered                     tid=41522863 event=onConnectionChange
[2026-10-01 22:25:55.794] [out] [delivery_module] DBG 2026-10-01 22:25:55.794+02:00 identify: info received                    topics="libp2p identify" tid=41522861 stream=16U*meLadD:6abec1d39aa1ce26ddc8cf30 pubkey=ok(sec...0182)) addresses=/ip4/127.0.0.1/tcp/63913 protocols=/ipfs/id/1.0.0,/libp2p/autonat/1.0.0,/libp2p/circuit/relay/0.2.0/hop,/vac/waku/metadata/1.0.0,/mix/1.0.0,/vac/waku/relay/2.0.0,/ipfs/ping/1.0.0,/vac/waku/lightpush/3.0.0,/vac/waku/lightpush/2.0.0-beta1,/vac/waku/filter-push/2.0.0-beta1 observable_address=ok(/ip4/127.0.0.1/tcp/63988) proto_version=ipfs/0.1.0 agent_version=logos-delivery-v0.39.0-gca2814 signedPeerRecord=None
[2026-10-01 22:25:55.794] [out] [delivery_module] DBG 2026-10-01 22:25:55.794+02:00 Incoming WakuRelay connection              topics="waku relay" tid=41522861 connection=16U*TVKGEk:6abec1d39aa1ce26ddc8cf33 protocol=/vac/waku/relay/2.0.0
[2026-10-01 22:25:55.794] [out] [delivery_module] DBG 2026-10-01 22:25:55.794+02:00 starting pubsub read loop                  topics="libp2p pubsubpeer" tid=41522861 stream=16U*TVKGEk:6abec1d39aa1ce26ddc8cf33 peer=16U*TVKGEk closed=false
[2026-10-01 22:25:55.794] [out] [delivery_module] DBG 2026-10-01 22:25:55.794+02:00 identify: info sent                        topics="libp2p identify" tid=41522861 stream=16U*TVKGEk:6abec1d39aa1ce26ddc8cf34 info="(peerId: 16Uiu2HAmHx3uzw7a4JEnUaPgKVnc5axkkNJqd1JZ6bKKWB1TvMNH, listenAddrs: [/ip4/127.0.0.1/tcp/63917], addrs: [/ip4/127.0.0.1/tcp/63917], protocols: [/ipfs/id/1.0.0, /libp2p/autonat/1.0.0, /libp2p/circuit/relay/0.2.0/hop, /vac/waku/metadata/1.0.0, /vac/waku/relay/2.0.0, /ipfs/ping/1.0.0, /vac/waku/filter-push/2.0.0-beta1], protoVersion: ipfs/0.1.0, agentVersion: logos-delivery-v0.39.0-gca2814)"
[2026-10-01 22:25:55.795] [out] [delivery_module] DBG 2026-10-01 22:25:55.795+02:00 starting pubsub read loop                  topics="libp2p pubsubpeer" tid=41522861 stream=16U*PpXTwV:6abec1d39aa1ce26ddc8cf2d peer=16U*PpXTwV closed=false
[2026-10-01 22:25:55.795] [out] [delivery_module] DBG 2026-10-01 22:25:55.795+02:00 starting pubsub read loop                  topics="libp2p pubsubpeer" tid=41522861 stream=16U*meLadD:6abec1d39aa1ce26ddc8cf2f peer=16U*meLadD closed=false
[2026-10-01 22:25:55.795] [out] [delivery_module] DBG 2026-10-01 22:25:55.795+02:00 Event identified                           topics="waku node peer_manager" tid=41522861 peerId=16U*PpXTwV
[2026-10-01 22:25:55.795] [out] [delivery_module] DBG 2026-10-01 22:25:55.795+02:00 no listener registered                     tid=41522863 event=onConnectionChange
[2026-10-01 22:25:55.795] [out] [delivery_module] DBG 2026-10-01 22:25:55.795+02:00 Event identified                           topics="waku node peer_manager" tid=41522861 peerId=16U*meLadD
[2026-10-01 22:25:55.795] [out] [delivery_module] DBG 2026-10-01 22:25:55.795+02:00 no listener registered                     tid=41522863 event=onConnectionChange
[2026-10-01 22:25:55.796] [out] [delivery_module] DBG 2026-10-01 22:25:55.796+02:00 identify: info received                    topics="libp2p identify" tid=41522861 stream=16U*Hpt6Ug:6abec1d39aa1ce26ddc8cf36 pubkey=ok(sec...60e5)) addresses=/ip4/127.0.0.1/tcp/63914 protocols=/ipfs/id/1.0.0,/libp2p/autonat/1.0.0,/libp2p/circuit/relay/0.2.0/hop,/vac/waku/metadata/1.0.0,/mix/1.0.0,/vac/waku/relay/2.0.0,/ipfs/ping/1.0.0,/vac/waku/lightpush/3.0.0,/vac/waku/lightpush/2.0.0-beta1,/vac/waku/filter-push/2.0.0-beta1 observable_address=ok(/ip4/127.0.0.1/tcp/63989) proto_version=ipfs/0.1.0 agent_version=logos-delivery-v0.39.0-gca2814 signedPeerRecord=None
[2026-10-01 22:25:55.796] [out] [delivery_module] DBG 2026-10-01 22:25:55.796+02:00 identify: info received                    topics="libp2p identify" tid=41522861 stream=16U*TVKGEk:6abec1d39aa1ce26ddc8cf38 pubkey=ok(sec...1cc0)) addresses=/ip4/127.0.0.1/tcp/63915 protocols=/ipfs/id/1.0.0,/libp2p/autonat/1.0.0,/libp2p/circuit/relay/0.2.0/hop,/vac/waku/metadata/1.0.0,/mix/1.0.0,/vac/waku/relay/2.0.0,/ipfs/ping/1.0.0,/vac/waku/lightpush/3.0.0,/vac/waku/lightpush/2.0.0-beta1,/vac/waku/filter-push/2.0.0-beta1 observable_address=ok(/ip4/127.0.0.1/tcp/63990) proto_version=ipfs/0.1.0 agent_version=logos-delivery-v0.39.0-gca2814 signedPeerRecord=None
[2026-10-01 22:25:55.796] [out] [delivery_module] DBG 2026-10-01 22:25:55.796+02:00 starting pubsub read loop                  topics="libp2p pubsubpeer" tid=41522861 stream=16U*Hpt6Ug:6abec1d39aa1ce26ddc8cf35 peer=16U*Hpt6Ug closed=false
[2026-10-01 22:25:55.796] [out] [delivery_module] DBG 2026-10-01 22:25:55.796+02:00 Event identified                           topics="waku node peer_manager" tid=41522861 peerId=16U*Hpt6Ug
[2026-10-01 22:25:55.796] [out] [delivery_module] DBG 2026-10-01 22:25:55.796+02:00 no listener registered                     tid=41522863 event=onConnectionChange
[2026-10-01 22:25:55.797] [out] [delivery_module] DBG 2026-10-01 22:25:55.797+02:00 starting pubsub read loop                  topics="libp2p pubsubpeer" tid=41522861 stream=16U*TVKGEk:6abec1d39aa1ce26ddc8cf37 peer=16U*TVKGEk closed=false
[2026-10-01 22:25:55.797] [out] [delivery_module] DBG 2026-10-01 22:25:55.797+02:00 Event identified                           topics="waku node peer_manager" tid=41522861 peerId=16U*TVKGEk
[2026-10-01 22:25:55.797] [out] [delivery_module] DBG 2026-10-01 22:25:55.797+02:00 no listener registered                     tid=41522863 event=onConnectionChange
[2026-10-01 22:25:55.797] [out] [delivery_module] DBG 2026-10-01 22:25:55.797+02:00 Received WakuMetadata request              topics="waku metadata" tid=41522861 remoteClusterId=ok(42) remoteShards="[0]" localClusterId=42 localShards="[0]" peer=16U*PpXTwV
[2026-10-01 22:25:55.797] [out] [delivery_module] DBG 2026-10-01 22:25:55.797+02:00 Received WakuMetadata request              topics="waku metadata" tid=41522861 remoteClusterId=ok(42) remoteShards="[0]" localClusterId=42 localShards="[0]" peer=16U*Hpt6Ug
[2026-10-01 22:25:55.797] [out] [delivery_module] DBG 2026-10-01 22:25:55.797+02:00 Received WakuMetadata request              topics="waku metadata" tid=41522861 remoteClusterId=ok(42) remoteShards="[0]" localClusterId=42 localShards="[0]" peer=16U*meLadD
[2026-10-01 22:25:55.798] [out] [delivery_module] DBG 2026-10-01 22:25:55.798+02:00 no listener registered                     tid=41522863 event=onConnectionChange
[2026-10-01 22:25:55.798] [out] [delivery_module] DBG 2026-10-01 22:25:55.798+02:00 Received WakuMetadata request              topics="waku metadata" tid=41522861 remoteClusterId=ok(42) remoteShards="[0]" localClusterId=42 localShards="[0]" peer=16U*TVKGEk
[2026-10-01 22:25:55.798] [out] [delivery_module] DBG 2026-10-01 22:25:55.798+02:00 no listener registered                     tid=41522863 event=onConnectionChange
[2026-10-01 22:25:55.799] [out] [delivery_module] DBG 2026-10-01 22:25:55.798+02:00 no listener registered                     tid=41522863 event=onConnectionChange
[2026-10-01 22:25:55.799] [out] [delivery_module] DBG 2026-10-01 22:25:55.799+02:00 no listener registered                     tid=41522863 event=onConnectionChange
[2026-10-01 22:25:55.799] [out] [delivery_module] DBG 2026-10-01 22:25:55.799+02:00 Finished dialing multiple peers            tid=41522861 successfulConns=4 attempted=4
[2026-10-01 22:25:55.799] [out] [delivery_module] DBG 2026-10-01 22:25:55.799+02:00 Starting peer exchange loop                topics="waku node peerexchange api" tid=41522861
[2026-10-01 22:25:55.799] [out] [delivery_module] DBG 2026-10-01 22:25:55.799+02:00 Retrieving peer info via peer exchange protocol topics="waku node peerexchange api" tid=41522861 amount=5
[2026-10-01 22:25:55.799] [out] [delivery_module] DBG 2026-10-01 22:25:55.799+02:00 Peer exchange request could not be made as no peer exchange peers found topics="waku peer_exchange client" tid=41522861
[2026-10-01 22:25:55.799] [out] [delivery_module] DBG 2026-10-01 22:25:55.799+02:00 Failed to retrieve peer info via peer exchange protocol topics="waku node peerexchange api" tid=41522861 error="(status_code: SERVICE_UNAVAILABLE, status_desc: ok(peer_not_found_failure))"
[2026-10-01 22:25:55.799] [out] [delivery_module] DBG 2026-10-01 22:25:55.799+02:00 Cannot fetch peers from peer exchange      topics="waku node peerexchange api" tid=41522861 cause="(status_code: SERVICE_UNAVAILABLE, status_desc: ok(peer_not_found_failure))"
[2026-10-01 22:25:55.799] [out] [delivery_module] INF 2026-10-01 22:25:55.799+02:00 Relay peer connections                     topics="waku node peer_manager" tid=41522861 inRelayConns=0/50 outRelayConns=4/25 totalConnections=4/150 notConnectedPeers=0 outsideBackoffPeers=0
[2026-10-01 22:25:55.800] [out] [delivery_module] DBG 2026-10-01 22:25:55.800+02:00 ENR addresses updated                      topics="waku enr" tid=41522861 retained=1 total=1
[2026-10-01 22:25:55.800] [out] [delivery_module] INF 2026-10-01 22:25:55.800+02:00 Node is online                             topics="waku online monitor" tid=41522861
[2026-10-01 22:25:55.800] [out] [delivery_module] INF 2026-10-01 22:25:55.800+02:00 Health monitor loop start                  tid=41522861
[2026-10-01 22:25:55.800] [out] [delivery_module] DBG 2026-10-01 22:25:55.800+02:00 calculateConnectionState                   tid=41522861 relayCount=4 storeClientCount=0 lightpushCount=4 filterCount=0
[2026-10-01 22:25:55.800] [out] [delivery_module] DBG 2026-10-01 22:25:55.800+02:00 connectionStatus change                    tid=41522861 oldstatus=Disconnected newstatus=Connected
[2026-10-01 22:25:55.800] [out] [delivery_module] INF 2026-10-01 22:25:55.800+02:00 starting keepalive                         tid=41522861 randomPeersKeepalive=10s allPeersKeepalive=2m
[2026-10-01 22:25:55.891] [out] [delivery_module] DBG 2026-10-01 22:25:55.891+02:00 no listener registered                     tid=41522863 event=onTopicHealthChange
[2026-10-01 22:25:55.903] [out] [delivery_module] DBG 2026-10-01 22:25:55.903+02:00 calculateConnectionState                   tid=41522861 relayCount=4 storeClientCount=0 lightpushCount=4 filterCount=0
Loaded UI plugin: "/nix/store/sdrrdn6z7mzjhz70dcr5pmdadmw54ib9-logos-forum_module-plugin-dir"
[QmlInspector] Inspector server listening on port 3769
[QmlInspector] Client connected from "::1"
[2026-10-01 22:26:03.001] [out] [delivery_module] INF 2026-10-01 22:26:03.000+02:00 Message received                           tid=41522861 msg_hash=0x37485dcfbde74d1c3bc9871f52c5e3564a80903c5534a5739c085656fc4b7400 contentTopic=/lp0026forum/1/general/text pubsubTopic=/waku/2/rs/42/0 source=live
[QmlInspector] Client disconnected
