run-logos-standalone-ui: hot-reloading QML from <repo>/src/qml
  (export DEV_QML_PATH to override, or LOGOS_QML_HOT_RELOAD=0 to disable)
Session directory: "~/Library/Application Support/Logos/LogosStandalone"
[2026-10-04 12:26:19.079] [info] [logos] Granting host services to 'capability_module': token_registry,token_delivery
[2026-10-04 12:26:19.107] [out] [capability_module] [2026-10-04 12:26:19.107] [info] Granting host services to capability_module: ["token_registry","token_delivery"]
RemoteTransportConnection: Connecting to registry: "local:logos_capability_module_d5320802b6fb" at "12:26:19.108"
RemoteTransportConnection: Registry connect attempt started (no peer contact yet): "local:logos_capability_module_d5320802b6fb"
LogosAPIConsumer: Informing module token for module: "capability_module" with token: "redacted:0e1f6312…"
RemoteTransportConnection: Requesting object: "capability_module" at "12:26:19.108"
[LogosObject] RemoteTransportConnection: returning RemoteLogosObject for: "capability_module"
[LogosObject] Created RemoteLogosObject wrapping QRemoteObjectReplica 105553147534976
[LogosObject] LogosAPIConsumer: calling LogosObject::informModuleToken for "capability_module"
LogosAPIConsumer: informModuleToken completed with result: true
[LogosObject] Destroying RemoteLogosObject 0
[2026-10-04 12:26:19.130] [info] [logos] Module loaded: capability_module
LogosAPIConsumer: Informing module token for module: "modules_state" with token: "redacted:94a39b21…"
RemoteTransportConnection: Requesting object: "capability_module" at "12:26:19.160"
[LogosObject] RemoteTransportConnection: returning RemoteLogosObject for: "capability_module"
[LogosObject] Created RemoteLogosObject wrapping QRemoteObjectReplica 105553147525120
[LogosObject] LogosAPIConsumer: calling LogosObject::informModuleToken for "modules_state"
LogosAPIConsumer: informModuleToken completed with result: true
[LogosObject] Destroying RemoteLogosObject 0
[2026-10-04 12:26:19.160] [info] [logos] Module loaded: modules_state
RemoteTransportConnection: Connecting to registry: "local:logos_modules_state_d5320802b6fb" at "12:26:19.160"
RemoteTransportConnection: Registry connect attempt started (no peer contact yet): "local:logos_modules_state_d5320802b6fb"
RemoteTransportConnection: Connecting to registry: "local:logos_capability_module_d5320802b6fb" at "12:26:19.160"
RemoteTransportConnection: Registry connect attempt started (no peer contact yet): "local:logos_capability_module_d5320802b6fb"
LogosAPIConsumer: '"modules_state"::""' deferred pending the module becoming reachable
LogosAPIConsumer: '"modules_state"::""' deferred pending the module becoming reachable
Logos Core started (modules dir: "/nix/store/4v2cj5cr5dlsjb9cl0blr0cds0qf07iv-logos-forum_module-plugin-dir-modules" )
Set app icon from metadata: "/nix/store/jbwcafc1qzg56hcipv60xkak5mimwwz5-logos-forum_module-plugin-dir/src/icons/icon.png"
[2026-10-04 12:26:19.198] [info] [logos] [delivery_module] DeliveryModuleImpl: Initializing...
LogosAPIConsumer: Informing module token for module: "delivery_module" with token: "redacted:16577529…"
RemoteTransportConnection: Requesting object: "capability_module" at "12:26:19.199"
[LogosObject] RemoteTransportConnection: returning RemoteLogosObject for: "capability_module"
[LogosObject] Created RemoteLogosObject wrapping QRemoteObjectReplica 105553147535168
[LogosObject] LogosAPIConsumer: calling LogosObject::informModuleToken for "delivery_module"
LogosAPIConsumer: informModuleToken completed with result: true
[LogosObject] Destroying RemoteLogosObject 0
[2026-10-04 12:26:19.201] [info] [logos] Module loaded: delivery_module
RemoteTransportConnection: Connecting to registry: "local:logos_delivery_module_d5320802b6fb" at "12:26:19.202"
RemoteTransportConnection: Registry connect attempt started (no peer contact yet): "local:logos_delivery_module_d5320802b6fb"
RemoteTransportConnection: Connecting to registry: "local:logos_capability_module_d5320802b6fb" at "12:26:19.202"
RemoteTransportConnection: Registry connect attempt started (no peer contact yet): "local:logos_capability_module_d5320802b6fb"
LogosAPIConsumer: '"delivery_module"::""' deferred pending the module becoming reachable
LogosAPIClient: getToken for module: "modules_state"
LogosAPIClient: Found token for module: "modules_state"
RemoteTransportConnection: Requesting object: "modules_state" at "12:26:19.202"
[LogosObject] RemoteTransportConnection: returning RemoteLogosObject for: "modules_state"
[LogosObject] Created RemoteLogosObject wrapping QRemoteObjectReplica 105553147579456
[LogosObject] LogosAPIConsumer: async calling via LogosObject::callMethodAsync "note_transition"
[LogosObject] RemoteLogosObject::callMethodAsync "note_transition" args: 7
LogosAPIClient: getToken for module: "modules_state"
LogosAPIClient: Found token for module: "modules_state"
[LogosObject] LogosAPIConsumer: async calling via LogosObject::callMethodAsync "note_transition"
[LogosObject] RemoteLogosObject::callMethodAsync "note_transition" args: 7
Loaded dependency (with transitive deps): "delivery_module"
[2026-10-04 12:26:19.230] [info] [logos] [storage_module] StorageModuleImpl: Initializing...
LogosAPIConsumer: Informing module token for module: "storage_module" with token: "redacted:5b3ce3be…"
RemoteTransportConnection: Requesting object: "capability_module" at "12:26:19.231"
[LogosObject] Created RemoteLogosObject wrapping QRemoteObjectReplica 105553147492992
LogosAPIClient: invoking remote method "modules_state" "apply_snapshot" args_count: 1
LogosAPIClient: getToken for module: "modules_state"
LogosAPIClient: Found token for module: "modules_state"
LogosAPIConsumer: Calling invokeRemoteMethod: "modules_state" "apply_snapshot" args_count: 1 timeout: 20000
[LogosObject] LogosAPIConsumer: calling via LogosObject::callMethod "apply_snapshot"
[LogosObject] RemoteLogosObject::callMethod "apply_snapshot" args: 1
[LogosObject] Created RemoteLogosObject wrapping QRemoteObjectReplica 105553147578752
LogosAPIClient: getToken for module: "modules_state"
LogosAPIClient: Found token for module: "modules_state"
[LogosObject] LogosAPIConsumer: async calling via LogosObject::callMethodAsync "note_transition"
[LogosObject] RemoteLogosObject::callMethodAsync "note_transition" args: 7
LogosAPIClient: getToken for module: "modules_state"
LogosAPIClient: Found token for module: "modules_state"
[LogosObject] LogosAPIConsumer: async calling via LogosObject::callMethodAsync "note_transition"
[LogosObject] RemoteLogosObject::callMethodAsync "note_transition" args: 7
[2026-10-04 12:26:19.231] [info] [logos] Pushed module snapshot to modules_state
LogosAPIClient: getToken for module: "modules_state"
LogosAPIClient: Found token for module: "modules_state"
[LogosObject] LogosAPIConsumer: async calling via LogosObject::callMethodAsync "note_transition"
[LogosObject] RemoteLogosObject::callMethodAsync "note_transition" args: 7
[LogosObject] RemoteTransportConnection: returning RemoteLogosObject for: "capability_module"
[LogosObject] Created RemoteLogosObject wrapping QRemoteObjectReplica 105553147534880
[LogosObject] LogosAPIConsumer: calling LogosObject::informModuleToken for "storage_module"
LogosAPIConsumer: informModuleToken completed with result: true
[LogosObject] Destroying RemoteLogosObject 0
[2026-10-04 12:26:19.235] [info] [logos] Module loaded: storage_module
RemoteTransportConnection: Connecting to registry: "local:logos_storage_module_d5320802b6fb" at "12:26:19.236"
RemoteTransportConnection: Registry connect attempt started (no peer contact yet): "local:logos_storage_module_d5320802b6fb"
RemoteTransportConnection: Connecting to registry: "local:logos_capability_module_d5320802b6fb" at "12:26:19.236"
RemoteTransportConnection: Registry connect attempt started (no peer contact yet): "local:logos_capability_module_d5320802b6fb"
LogosAPIConsumer: '"storage_module"::""' deferred pending the module becoming reachable
LogosAPIClient: getToken for module: "modules_state"
LogosAPIClient: Found token for module: "modules_state"
[LogosObject] LogosAPIConsumer: async calling via LogosObject::callMethodAsync "note_transition"
[LogosObject] RemoteLogosObject::callMethodAsync "note_transition" args: 7
Loaded dependency (with transitive deps): "storage_module"
DEV_QML_PATH override active: <repo>/src/qml/Main.qml
RemoteTransportConnection: Connecting to registry: "local:logos_capability_module_d5320802b6fb" at "12:26:19.236"
RemoteTransportConnection: Registry connect attempt started (no peer contact yet): "local:logos_capability_module_d5320802b6fb"
LogosAPIConsumer: Informing module token for module: "forum_module" with token: "redacted:89be2053…"
RemoteTransportConnection: Requesting object: "capability_module" at "12:26:19.236"
[LogosObject] RemoteTransportConnection: returning RemoteLogosObject for: "capability_module"
[LogosObject] Created RemoteLogosObject wrapping QRemoteObjectReplica 105553147711136
[LogosObject] LogosAPIConsumer: calling LogosObject::informModuleToken for "forum_module"
[LogosObject] Created RemoteLogosObject wrapping QRemoteObjectReplica 105553147582464
LogosAPIClient: getToken for module: "modules_state"
LogosAPIClient: Found token for module: "modules_state"
[LogosObject] LogosAPIConsumer: async calling via LogosObject::callMethodAsync "note_transition"
[LogosObject] RemoteLogosObject::callMethodAsync "note_transition" args: 7
LogosAPIConsumer: informModuleToken completed with result: true
[LogosObject] Destroying RemoteLogosObject 0
Loaded UI plugin: "/nix/store/jbwcafc1qzg56hcipv60xkak5mimwwz5-logos-forum_module-plugin-dir"
[QmlInspector] Inspector server listening on port 3768
[QmlInspector] Client connected from "::1"
[2026-10-04 12:26:26.979] [warning] [logos] [capability_module] Warning: QObject::connect: No such signal ::eventResponse(QString,QVariantList)
[2026-10-04 12:26:26.979] [info] [logos] [delivery_module] DeliveryModuleImpl::getNodeInfo called with nodeInfoId: MyPeerId
[2026-10-04 12:26:26.979] [info] [logos] [delivery_module] DeliveryModuleImpl: Cannot get node info - context not initialized. Call createNode first.
[2026-10-04 12:26:26.979] [info] [logos] [delivery_module] DeliveryModuleImpl::createNode called
[2026-10-04 12:26:26.985] [info] [logos] [delivery_module] DeliveryModuleImpl: Waiting for createNode callback...
[2026-10-04 12:26:26.987] [out] [delivery_module] DBG 2026-10-04 12:26:26.986+02:00 Whether to mount storeSync is not specified, defaulting to not mounting topics="waku conf builder" tid=4417131
[2026-10-04 12:26:26.987] [out] [delivery_module] NTC 2026-10-04 12:26:26.987+02:00 No node key provided, generated a new one; identity will not persist across restarts topics="waku conf builder" tid=4417131
[2026-10-04 12:26:26.987] [out] [delivery_module] INF 2026-10-04 12:26:26.987+02:00 Sharding configuration:                    topics="waku conf builder" tid=4417131 shardingConf="(kind: AutoSharding, numShardsInCluster: 8)" subscribeShards="@[0, 1, 2, 3, 4, 5, 6, 7]"
[2026-10-04 12:26:26.987] [out] [delivery_module] INF 2026-10-04 12:26:26.987+02:00 Configuration: Enabled protocols           topics="waku conf" tid=4417131 relay=true rlnRelay=false store=false filter=true lightPush=true peerExchange=true rendezvous=true
[2026-10-04 12:26:26.987] [out] [delivery_module] INF 2026-10-04 12:26:26.987+02:00 Configuration. Network                     topics="waku conf" tid=4417131 cluster=3
[2026-10-04 12:26:26.987] [out] [delivery_module] DBG 2026-10-04 12:26:26.987+02:00 Configuration. Active Relay Shards         topics="waku conf" tid=4417131 shard=0
[2026-10-04 12:26:26.987] [out] [delivery_module] DBG 2026-10-04 12:26:26.987+02:00 Configuration. Active Relay Shards         topics="waku conf" tid=4417131 shard=1
[2026-10-04 12:26:26.987] [out] [delivery_module] DBG 2026-10-04 12:26:26.987+02:00 Configuration. Active Relay Shards         topics="waku conf" tid=4417131 shard=2
[2026-10-04 12:26:26.987] [out] [delivery_module] DBG 2026-10-04 12:26:26.987+02:00 Configuration. Active Relay Shards         topics="waku conf" tid=4417131 shard=3
[2026-10-04 12:26:26.987] [out] [delivery_module] DBG 2026-10-04 12:26:26.987+02:00 Configuration. Active Relay Shards         topics="waku conf" tid=4417131 shard=4
[2026-10-04 12:26:26.987] [out] [delivery_module] DBG 2026-10-04 12:26:26.987+02:00 Configuration. Active Relay Shards         topics="waku conf" tid=4417131 shard=5
[2026-10-04 12:26:26.987] [out] [delivery_module] DBG 2026-10-04 12:26:26.987+02:00 Configuration. Active Relay Shards         topics="waku conf" tid=4417131 shard=6
[2026-10-04 12:26:26.987] [out] [delivery_module] DBG 2026-10-04 12:26:26.987+02:00 Configuration. Active Relay Shards         topics="waku conf" tid=4417131 shard=7
[2026-10-04 12:26:26.987] [out] [delivery_module] INF 2026-10-04 12:26:26.987+02:00 Setting up storage                         tid=4417131
[2026-10-04 12:26:26.987] [out] [delivery_module] INF 2026-10-04 12:26:26.987+02:00 Initializing node                          tid=4417131
[2026-10-04 12:26:26.987] [out] [delivery_module] DBG 2026-10-04 12:26:26.987+02:00 Setting up NATService                      topics="libp2p natservice" tid=4417131 portMapping=true reachability=false holePunching=false
[2026-10-04 12:26:26.987] [out] [delivery_module] INF 2026-10-04 12:26:26.987+02:00 Initializing networking                    tid=4417131 addrs="@[/ip4/0.0.0.0/tcp/0, /ip4/0.0.0.0/udp/0/quic-v1]"
[2026-10-04 12:26:26.987] [out] [delivery_module] INF 2026-10-04 12:26:26.987+02:00 Mounting protocols                         tid=4417131
[2026-10-04 12:26:26.987] [out] [delivery_module] INF 2026-10-04 12:26:26.987+02:00 Created WakuMetadata protocol              topics="waku node" tid=4417131 clusterId=3 shards="[0, 1, 2, 3, 4, 5, 6, 7]"
[2026-10-04 12:26:26.987] [out] [delivery_module] INF 2026-10-04 12:26:26.987+02:00 Mounting mix protocol                      topics="waku node" tid=4417131INF 2026-10-04 12:26:26.987+02:00 node info                                  topics="waku node" tid=4417131 wakuInfo="(listenAddresses: [/ip4/0.0.0.0/tcp/0/p2p/16Uiu2HAmTfEh7Dp3WaG4HgBfdmHjquGT4UnAU9RJdZ9tghYn2Pww, /ip4/0.0.0.0/udp/0/quic-v1/p2p/16Uiu2HAmTfEh7Dp3WaG4HgBfdmHjquGT4UnAU9RJdZ9tghYn2Pww], enrUri: enr:-JO4QI1_ZVuvvRosCUNl4MAkZV3hvhabrMxvf-hljq_yGuEdRIsps1Cr0fKYDh4q9xb8IxeokzhUmAgnwtVmms88SooBgmlkgnY0gnJzkwADCAAAAAEAAgADAAQABQAGAAeJc2VjcDI1NmsxoQPe74UlOpBZw0IMzEOp6F1OtA8sOmde442eHQNsfGmYYoV3YWt1Mi0, mixPubKey: none())"
[2026-10-04 12:26:26.987] [out] [delivery_module]  nodeId="(listenAddresses: [/ip4/0.0.0.0/tcp/0/p2p/16Uiu2HAmTfEh7Dp3WaG4HgBfdmHjquGT4UnAU9RJdZ9tghYn2Pww, /ip4/0.0.0.0/udp/0/quic-v1/p2p/16Uiu2HAmTfEh7Dp3WaG4HgBfdmHjquGT4UnAU9RJdZ9tghYn2Pww], enrUri: enr:-JO4QI1_ZVuvvRosCUNl4MAkZV3hvhabrMxvf-hljq_yGuEdRIsps1Cr0fKYDh4q9xb8IxeokzhUmAgnwtVmms88SooBgmlkgnY0gnJzkwADCAAAAAEAAgADAAQABQAGAAeJc2VjcDI1NmsxoQPe74UlOpBZw0IMzEOp6F1OtA8sOmde442eHQNsfGmYYoV3YWt1Mi0, mixPubKey: none())"
[2026-10-04 12:26:26.987] [out] [delivery_module] INF 2026-10-04 12:26:26.987+02:00 local addr                                 topics="waku node" tid=4417131 localaddr=/ip4/0.0.0.0/tcp/0
[2026-10-04 12:26:26.987] [out] [delivery_module] INF 2026-10-04 12:26:26.987+02:00 mixPubKey                                  topics="waku node" tid=4417131 mixPubKey="[95, 151, 249, 18, 67, 118, 171, 139, 86, 62, 160, 134, 47, 251, 19, 11, 111, 151, 77, 100, 212, 31, 89, 183, 171, 182, 173, 118, 207, 233, 46, 1]"
[2026-10-04 12:26:26.988] [out] [delivery_module] INF 2026-10-04 12:26:26.988+02:00 Using mix bootstrap nodes                  topics="waku mix" tid=4417131 entries=0 poolSize=0
[2026-10-04 12:26:26.988] [out] [delivery_module] INF 2026-10-04 12:26:26.988+02:00 Mix cannot publish yet, waiting for more mix nodes topics="waku node" tid=4417131 poolSize=0 required=4
[2026-10-04 12:26:26.988] [out] [delivery_module] INF 2026-10-04 12:26:26.988+02:00 mounting store client                      topics="waku node store api" tid=4417131
[2026-10-04 12:26:26.988] [out] [delivery_module] INF 2026-10-04 12:26:26.988+02:00 Mounting auto sharding                     topics="waku node" tid=4417131 clusterId=3 shardCount=8
[2026-10-04 12:26:26.988] [out] [delivery_module] DBG 2026-10-04 12:26:26.988+02:00 Shards created from content topics         tid=4417131 contentTopics=[] shards=[]
[2026-10-04 12:26:26.988] [out] [delivery_module] DBG 2026-10-04 12:26:26.988+02:00 Setting max message size                   tid=4417131 num_bytes=153600
[2026-10-04 12:26:26.988] [out] [delivery_module] INF 2026-10-04 12:26:26.988+02:00 mounting relay protocol                    topics="waku node relay api" tid=4417131
[2026-10-04 12:26:26.988] [out] [delivery_module] DBG 2026-10-04 12:26:26.988+02:00 relay mounted successfully                 topics="waku node relay api" tid=4417131
[2026-10-04 12:26:26.988] [out] [delivery_module] DBG 2026-10-04 12:26:26.988+02:00 Adding validator to signed shards          tid=4417131 protectedShards=[] clusterId=3
[2026-10-04 12:26:26.988] [out] [delivery_module] INF 2026-10-04 12:26:26.988+02:00 Mounting rendezvous discovery protocol     topics="waku node" tid=4417131
[2026-10-04 12:26:26.988] [out] [delivery_module] INF 2026-10-04 12:26:26.988+02:00 Waku rendezvous initialized                topics="waku node" tid=4417131 clusterId=3 shards="[0, 1, 2, 3, 4, 5, 6, 7]" capabilities="[Relay, Filter, Lightpush, Mix]" wakuPeerRecord="(peerId: 16U*Yn2Pww, seqNo: 1791109586, addresses: [/ip4/0.0.0.0/tcp/0, /ip4/0.0.0.0/udp/0/quic-v1], mixKey: 0x5f97f9124376ab8b563ea0862ffb130b6f974d64d41f59b7abb6ad76cfe92e01)"
[2026-10-04 12:26:26.988] [out] [delivery_module] INF 2026-10-04 12:26:26.988+02:00 Mounting rendezvous client                 topics="waku node" tid=4417131
[2026-10-04 12:26:26.988] [out] [delivery_module] INF 2026-10-04 12:26:26.988+02:00 Waku rendezvous client initialized         topics="waku node" tid=4417131 clusterId=3
[2026-10-04 12:26:26.988] [out] [delivery_module] INF 2026-10-04 12:26:26.988+02:00 mounting libp2p ping protocol              topics="waku node ping api" tid=4417131
[2026-10-04 12:26:26.988] [out] [delivery_module] INF 2026-10-04 12:26:26.988+02:00 mounting light push                        topics="waku node lightpush api" tid=4417131
[2026-10-04 12:26:26.988] [out] [delivery_module] INF 2026-10-04 12:26:26.988+02:00 mounting lightpush with relay              topics="waku node lightpush api" tid=4417131
[2026-10-04 12:26:26.988] [out] [delivery_module] DBG 2026-10-04 12:26:26.988+02:00 lightpush mounted successfully             topics="waku node lightpush api" tid=4417131
[2026-10-04 12:26:26.988] [out] [delivery_module] INF 2026-10-04 12:26:26.988+02:00 mounting legacy light push                 topics="waku node lightpush api" tid=4417131
[2026-10-04 12:26:26.988] [out] [delivery_module] INF 2026-10-04 12:26:26.988+02:00 mounting legacy lightpush with relay       topics="waku node lightpush api" tid=4417131
[2026-10-04 12:26:26.988] [out] [delivery_module] DBG 2026-10-04 12:26:26.988+02:00 legacy lightpush mounted successfully      topics="waku node lightpush api" tid=4417131
[2026-10-04 12:26:26.988] [out] [delivery_module] INF 2026-10-04 12:26:26.988+02:00 mounting light push client                 topics="waku node lightpush api" tid=4417131
[2026-10-04 12:26:26.988] [out] [delivery_module] INF 2026-10-04 12:26:26.988+02:00 mounting legacy light push client          topics="waku node lightpush api" tid=4417131
[2026-10-04 12:26:26.988] [out] [delivery_module] INF 2026-10-04 12:26:26.988+02:00 mounting filter protocol                   topics="waku node filter api" tid=4417131
[2026-10-04 12:26:26.988] [out] [delivery_module] INF 2026-10-04 12:26:26.988+02:00 Starting filter protocol                   topics="waku filter" tid=4417131
[2026-10-04 12:26:26.988] [out] [delivery_module] DBG 2026-10-04 12:26:26.988+02:00 Starting to maintain subscriptions         topics="waku filter" tid=4417131
[2026-10-04 12:26:26.988] [out] [delivery_module] DBG 2026-10-04 12:26:26.988+02:00 Maintaining subscriptions                  topics="waku filter" tid=4417131
[2026-10-04 12:26:26.988] [out] [delivery_module] DBG 2026-10-04 12:26:26.988+02:00 Cleanup                                    topics="waku filter subscriptions" tid=4417131 currentPeerIds=[]
[2026-10-04 12:26:26.988] [out] [delivery_module] DBG 2026-10-04 12:26:26.988+02:00 After cleanup                              topics="waku filter subscriptions" tid=4417131 currentPeerIds=[]
[2026-10-04 12:26:26.988] [out] [delivery_module] INF 2026-10-04 12:26:26.988+02:00 mounting filter client                     topics="waku node filter api" tid=4417131
[2026-10-04 12:26:26.988] [out] [delivery_module] INF 2026-10-04 12:26:26.988+02:00 mounting waku peer exchange                topics="waku node peerexchange api" tid=4417131
[2026-10-04 12:26:26.988] [out] [delivery_module] INF 2026-10-04 12:26:26.988+02:00 mounting waku peer exchange client         topics="waku node peerexchange api" tid=4417131
[2026-10-04 12:26:26.988] [out] [delivery_module] INF 2026-10-04 12:26:26.988+02:00 No external callbacks to be set            topics="wakunode waku" tid=4417131
[2026-10-04 12:26:26.988] [out] [delivery_module] INF 2026-10-04 12:26:26.988+02:00 Setting up AutonatService                  topics="libp2p autonatservice" tid=4417131
[2026-10-04 12:26:26.989] [info] [logos] [delivery_module] DeliveryModuleImpl::createNode callback called with ret: 0
[2026-10-04 12:26:26.989] [info] [logos] [delivery_module] DeliveryModuleImpl: Delivery context created successfully
[2026-10-04 12:26:26.990] [info] [logos] [delivery_module] DeliveryModuleImpl::start called
[2026-10-04 12:26:26.990] [out] [delivery_module] INF 2026-10-04 12:26:26.990+02:00 Retrieve dynamic bootstrap nodes           topics="wakunode waku" tid=4417131
[2026-10-04 12:26:26.990] [out] [delivery_module] INF 2026-10-04 12:26:26.990+02:00 Running nwaku node                         tid=4417131 version=v0.39.0-gca2814
[2026-10-04 12:26:26.990] [out] [delivery_module] INF 2026-10-04 12:26:26.990+02:00 Starting Waku node                         topics="waku node" tid=4417131 version=v0.39.0-gca2814
[2026-10-04 12:26:26.990] [out] [delivery_module] DBG 2026-10-04 12:26:26.990+02:00 Waku rendezvous periodic requests started  topics="waku rendezvous client" tid=4417131 interval=10s
[2026-10-04 12:26:26.990] [out] [delivery_module] INF 2026-10-04 12:26:26.990+02:00 Waku rendezvous client started             topics="waku rendezvous client" tid=4417131
[2026-10-04 12:26:26.990] [info] [logos] [delivery_module] DeliveryModuleImpl::getNodeInfo called with nodeInfoId: MyPeerId
[2026-10-04 12:26:26.990] [out] [delivery_module] DBG 2026-10-04 12:26:26.990+02:00 starting switch for peer                   topics="libp2p switch" tid=4417131 peerInfo="(peerId: 16Uiu2HAmTfEh7Dp3WaG4HgBfdmHjquGT4UnAU9RJdZ9tghYn2Pww, listenAddrs: [/ip4/0.0.0.0/tcp/0, /ip4/0.0.0.0/udp/0/quic-v1], addrs: [], protocols: [/ipfs/id/1.0.0, /libp2p/autonat/1.0.0, /libp2p/circuit/relay/0.2.0/hop, /vac/waku/metadata/1.0.0, /mix/1.0.0, /logos/service-discovery/1.0.0, /vac/waku/relay/2.0.0, /vac/waku/rendezvous/1.0.0, /ipfs/ping/1.0.0, /vac/waku/lightpush/3.0.0, /vac/waku/lightpush/2.0.0-beta1, /vac/waku/filter-subscribe/2.0.0-beta1, /vac/waku/filter-push/2.0.0-beta1, /vac/waku/peer-exchange/2.0.0-alpha1], protoVersion: ipfs/0.1.0, agentVersion: logos-delivery-v0.39.0-gca2814)"
[2026-10-04 12:26:26.990] [out] [delivery_module] DBG 2026-10-04 12:26:26.990+02:00 No private listen addresses to map; releasing any prior mappings topics="libp2p natservice" tid=4417131
[2026-10-04 12:26:26.990] [out] [delivery_module] DBG 2026-10-04 12:26:26.990+02:00 Configured QUIC UDP receive buffer         tid=4417131 requestedBytes=8388608 effectiveBytes=8388608
[2026-10-04 12:26:26.991] [out] [delivery_module] DBG 2026-10-04 12:26:26.991+02:00 About to accept incoming connection        topics="libp2p switch" tid=4417131
[2026-10-04 12:26:26.991] [out] [delivery_module] DBG 2026-10-04 12:26:26.991+02:00 About to accept incoming connection        topics="libp2p switch" tid=4417131
[2026-10-04 12:26:26.991] [out] [delivery_module] DBG 2026-10-04 12:26:26.991+02:00 No private listen addresses to map; releasing any prior mappings topics="libp2p natservice" tid=4417131
[2026-10-04 12:26:26.991] [out] [delivery_module] DBG 2026-10-04 12:26:26.991+02:00 Lookup query                               topics="kad-dht find" tid=4417131 peer=16U*TwqBiH
[2026-10-04 12:26:26.991] [out] [delivery_module] DBG 2026-10-04 12:26:26.991+02:00 Dialing peer                               topics="libp2p dialer" tid=4417131 peerId=16U*TwqBiH addrs="[/dns4/delivery-02.gc-us-central1-a.logos.dev.status.im/tcp/30303]"
[2026-10-04 12:26:26.991] [out] [delivery_module] DBG 2026-10-04 12:26:26.991+02:00 resolved addresses                         topics="libp2p dialer" tid=4417131 originalAddresses=/dns4/delivery-02.gc-us-central1-a.logos.dev.status.im/tcp/30303/p2p/16Uiu2HAm8Y9kgBNtjxvCnf1X6gnZJW5EGE4UwwCL3CCm55TwqBiH resolvedAddresses="[/dns4/delivery-02.gc-us-central1-a.logos.dev.status.im/tcp/30303/p2p/16Uiu2HAm8Y9kgBNtjxvCnf1X6gnZJW5EGE4UwwCL3CCm55TwqBiH]"
[2026-10-04 12:26:26.991] [out] [delivery_module] DBG 2026-10-04 12:26:26.991+02:00 Lookup query                               topics="kad-dht find" tid=4417131 peer=16U*NSkuby
[2026-10-04 12:26:26.991] [out] [delivery_module] DBG 2026-10-04 12:26:26.991+02:00 Dialing peer                               topics="libp2p dialer" tid=4417131 peerId=16U*NSkuby addrs="[/dns4/delivery-01.do-ams3.logos.dev.status.im/tcp/30303]"
[2026-10-04 12:26:26.991] [out] [delivery_module] DBG 2026-10-04 12:26:26.991+02:00 resolved addresses                         topics="libp2p dialer" tid=4417131 originalAddresses=/dns4/delivery-01.do-ams3.logos.dev.status.im/tcp/30303/p2p/16Uiu2HAmTUbnxLGT9JvV6mu9oPyDjqHK4Phs1VDJNUgESgNSkuby resolvedAddresses="[/dns4/delivery-01.do-ams3.logos.dev.status.im/tcp/30303/p2p/16Uiu2HAmTUbnxLGT9JvV6mu9oPyDjqHK4Phs1VDJNUgESgNSkuby]"
[2026-10-04 12:26:26.991] [out] [delivery_module] DBG 2026-10-04 12:26:26.991+02:00 Lookup query                               topics="kad-dht find" tid=4417131 peer=16U*kGyuEP
[2026-10-04 12:26:26.991] [out] [delivery_module] DBG 2026-10-04 12:26:26.991+02:00 Dialing peer                               topics="libp2p dialer" tid=4417131 peerId=16U*kGyuEP addrs="[/dns4/delivery-01.ac-cn-hongkong-c.logos.dev.status.im/tcp/30303]"
[2026-10-04 12:26:26.991] [out] [delivery_module] DBG 2026-10-04 12:26:26.991+02:00 resolved addresses                         topics="libp2p dialer" tid=4417131 originalAddresses=/dns4/delivery-01.ac-cn-hongkong-c.logos.dev.status.im/tcp/30303/p2p/16Uiu2HAm8YokiNun9BkeA1ZRmhLbtNUvcwRr64F69tYj9fkGyuEP resolvedAddresses="[/dns4/delivery-01.ac-cn-hongkong-c.logos.dev.status.im/tcp/30303/p2p/16Uiu2HAm8YokiNun9BkeA1ZRmhLbtNUvcwRr64F69tYj9fkGyuEP]"
[2026-10-04 12:26:26.991] [out] [delivery_module] DBG 2026-10-04 12:26:26.991+02:00 Lookup query                               topics="kad-dht find" tid=4417131 peer=16U*VpJprH
[2026-10-04 12:26:26.991] [out] [delivery_module] DBG 2026-10-04 12:26:26.991+02:00 Dialing peer                               topics="libp2p dialer" tid=4417131 peerId=16U*VpJprH addrs="[/dns4/delivery-02.do-ams3.logos.dev.status.im/tcp/30303]"
[2026-10-04 12:26:26.991] [out] [delivery_module] DBG 2026-10-04 12:26:26.991+02:00 resolved addresses                         topics="libp2p dialer" tid=4417131 originalAddresses=/dns4/delivery-02.do-ams3.logos.dev.status.im/tcp/30303/p2p/16Uiu2HAmMK7PYygBtKUQ8EHp7EfaD3bCEsJrkFooK8RQ2PVpJprH resolvedAddresses="[/dns4/delivery-02.do-ams3.logos.dev.status.im/tcp/30303/p2p/16Uiu2HAmMK7PYygBtKUQ8EHp7EfaD3bCEsJrkFooK8RQ2PVpJprH]"
[2026-10-04 12:26:26.991] [out] [delivery_module] DBG 2026-10-04 12:26:26.991+02:00 Lookup query                               topics="kad-dht find" tid=4417131 peer=16U*T3UNSE
[2026-10-04 12:26:26.991] [out] [delivery_module] DBG 2026-10-04 12:26:26.991+02:00 Dialing peer                               topics="libp2p dialer" tid=4417131 peerId=16U*T3UNSE addrs="[/dns4/delivery-02.ac-cn-hongkong-c.logos.dev.status.im/tcp/30303]"
[2026-10-04 12:26:26.992] [out] [delivery_module] DBG 2026-10-04 12:26:26.992+02:00 resolved addresses                         topics="libp2p dialer" tid=4417131 originalAddresses=/dns4/delivery-02.ac-cn-hongkong-c.logos.dev.status.im/tcp/30303/p2p/16Uiu2HAkvwhGHKNry6LACrB8TmEFoCJKEX29XR5dDUzk3UT3UNSE resolvedAddresses="[/dns4/delivery-02.ac-cn-hongkong-c.logos.dev.status.im/tcp/30303/p2p/16Uiu2HAkvwhGHKNry6LACrB8TmEFoCJKEX29XR5dDUzk3UT3UNSE]"
[2026-10-04 12:26:26.992] [out] [delivery_module] DBG 2026-10-04 12:26:26.992+02:00 Lookup query                               topics="kad-dht find" tid=4417131 peer=16U*P1S397
[2026-10-04 12:26:26.992] [out] [delivery_module] DBG 2026-10-04 12:26:26.992+02:00 Dialing peer                               topics="libp2p dialer" tid=4417131 peerId=16U*P1S397 addrs="[/dns4/delivery-01.gc-us-central1-a.logos.dev.status.im/tcp/30303]"
[2026-10-04 12:26:26.992] [out] [delivery_module] DBG 2026-10-04 12:26:26.992+02:00 resolved addresses                         topics="libp2p dialer" tid=4417131 originalAddresses=/dns4/delivery-01.gc-us-central1-a.logos.dev.status.im/tcp/30303/p2p/16Uiu2HAm4S1JYkuzDKLKQvwgAhZKs9otxXqt8SCGtB4hoJP1S397 resolvedAddresses="[/dns4/delivery-01.gc-us-central1-a.logos.dev.status.im/tcp/30303/p2p/16Uiu2HAm4S1JYkuzDKLKQvwgAhZKs9otxXqt8SCGtB4hoJP1S397]"
[2026-10-04 12:26:26.992] [out] [delivery_module] ERR 2026-10-04 12:26:26.992+02:00 Failed to create signed extended peer record topics="service-discovery" tid=4417131 error="no dialable address to publish yet"
[2026-10-04 12:26:26.992] [out] [delivery_module] INF 2026-10-04 12:26:26.992+02:00 Service Discovery started                  topics="service-discovery" tid=4417131
[2026-10-04 12:26:26.992] [out] [delivery_module] INF 2026-10-04 12:26:26.992+02:00 start                                      topics="waku relay" tid=4417131
[2026-10-04 12:26:26.992] [out] [delivery_module] DBG 2026-10-04 12:26:26.992+02:00 Waku rendezvous periodic registration started topics="waku rendezvous" tid=4417131 interval=10s
[2026-10-04 12:26:26.992] [out] [delivery_module] INF 2026-10-04 12:26:26.992+02:00 Waku rendezvous discovery started          topics="waku rendezvous" tid=4417131
[2026-10-04 12:26:26.992] [out] [delivery_module] DBG 2026-10-04 12:26:26.992+02:00 Started libp2p node                        topics="libp2p switch" tid=4417131 peer="(peerId: 16Uiu2HAmTfEh7Dp3WaG4HgBfdmHjquGT4UnAU9RJdZ9tghYn2Pww, listenAddrs: [/ip4/0.0.0.0/tcp/62737, /ip4/0.0.0.0/udp/55110/quic-v1], addrs: [/ip4/0.0.0.0/tcp/62737, /ip4/0.0.0.0/udp/55110/quic-v1], protocols: [/ipfs/id/1.0.0, /libp2p/autonat/1.0.0, /libp2p/circuit/relay/0.2.0/hop, /vac/waku/metadata/1.0.0, /mix/1.0.0, /logos/service-discovery/1.0.0, /vac/waku/relay/2.0.0, /vac/waku/rendezvous/1.0.0, /ipfs/ping/1.0.0, /vac/waku/lightpush/3.0.0, /vac/waku/lightpush/2.0.0-beta1, /vac/waku/filter-subscribe/2.0.0-beta1, /vac/waku/filter-push/2.0.0-beta1, /vac/waku/peer-exchange/2.0.0-alpha1], protoVersion: ipfs/0.1.0, agentVersion: logos-delivery-v0.39.0-gca2814)"
[2026-10-04 12:26:26.993] [out] [delivery_module] INF 2026-10-04 12:26:26.993+02:00 Announced base resolved                    topics="waku node" tid=4417131 addrs="@[/ip4/172.20.10.14/tcp/62737, /ip4/172.20.10.14/udp/55110/quic-v1]" explicit=@[]
[2026-10-04 12:26:26.994] [info] [logos] [delivery_module] DeliveryModuleImpl::subscribe called with contentTopic: /lp0026forum/1/general/text
[2026-10-04 12:26:26.994] [out] [delivery_module] DBG 2026-10-04 12:26:26.994+02:00 Subscribing to pubsub topic                topics="waku relay" tid=4417131 pubsubTopic=/waku/2/rs/3/7
[2026-10-04 12:26:26.994] [out] [delivery_module] DBG 2026-10-04 12:26:26.994+02:00 No mesh peer for the given pubsub topic    topics="waku relay" tid=4417131 pubsubTopic=/waku/2/rs/3/7
[2026-10-04 12:26:26.994] [info] [logos] [delivery_module] DeliveryModuleImpl: Subscribe completed for topic: /lp0026forum/1/general/text with success
[2026-10-04 12:26:27.499] [out] [delivery_module] INF 2026-10-04 12:26:27.499+02:00 Using mix bootstrap nodes                  topics="waku mix" tid=4417131 entries=1 poolSize=1
[2026-10-04 12:26:27.499] [out] [delivery_module] INF 2026-10-04 12:26:27.499+02:00 Using mix bootstrap nodes                  topics="waku mix" tid=4417131 entries=1 poolSize=2
[2026-10-04 12:26:27.499] [out] [delivery_module] INF 2026-10-04 12:26:27.499+02:00 Using mix bootstrap nodes                  topics="waku mix" tid=4417131 entries=1 poolSize=3
[2026-10-04 12:26:27.500] [out] [delivery_module] INF 2026-10-04 12:26:27.500+02:00 Using mix bootstrap nodes                  topics="waku mix" tid=4417131 entries=1 poolSize=4
[2026-10-04 12:26:27.500] [out] [delivery_module] INF 2026-10-04 12:26:27.500+02:00 Using mix bootstrap nodes                  topics="waku mix" tid=4417131 entries=1 poolSize=5
[2026-10-04 12:26:27.500] [out] [delivery_module] DBG 2026-10-04 12:26:27.500+02:00 Expanded address and hostname              topics="libp2p dialer" tid=4417131 expandedAddress=/dns4/delivery-02.gc-us-central1-a.logos.dev.status.im/tcp/30303 hostname=delivery-02.gc-us-central1-a.logos.dev.status.im resolvedAddresses="[/ip4/34.123.201.25/tcp/30303]"
[2026-10-04 12:26:27.500] [out] [delivery_module] INF 2026-10-04 12:26:27.500+02:00 Using mix bootstrap nodes                  topics="waku mix" tid=4417131 entries=1 poolSize=6
[2026-10-04 12:26:27.500] [out] [delivery_module] DBG 2026-10-04 12:26:27.500+02:00 Expanded address and hostname              topics="libp2p dialer" tid=4417131 expandedAddress=/dns4/delivery-01.do-ams3.logos.dev.status.im/tcp/30303 hostname=delivery-01.do-ams3.logos.dev.status.im resolvedAddresses="[/ip4/138.68.122.137/tcp/30303]"
[2026-10-04 12:26:27.500] [out] [delivery_module] DBG 2026-10-04 12:26:27.500+02:00 Expanded address and hostname              topics="libp2p dialer" tid=4417131 expandedAddress=/dns4/delivery-01.ac-cn-hongkong-c.logos.dev.status.im/tcp/30303 hostname=delivery-01.ac-cn-hongkong-c.logos.dev.status.im resolvedAddresses="[/ip4/47.242.130.189/tcp/30303]"
[2026-10-04 12:26:27.501] [out] [delivery_module] DBG 2026-10-04 12:26:27.501+02:00 Expanded address and hostname              topics="libp2p dialer" tid=4417131 expandedAddress=/dns4/delivery-01.gc-us-central1-a.logos.dev.status.im/tcp/30303 hostname=delivery-01.gc-us-central1-a.logos.dev.status.im resolvedAddresses="[/ip4/136.119.156.87/tcp/30303]"
[2026-10-04 12:26:27.501] [out] [delivery_module] DBG 2026-10-04 12:26:27.501+02:00 Expanded address and hostname              topics="libp2p dialer" tid=4417131 expandedAddress=/dns4/delivery-02.do-ams3.logos.dev.status.im/tcp/30303 hostname=delivery-02.do-ams3.logos.dev.status.im resolvedAddresses="[/ip4/174.138.106.244/tcp/30303]"
[2026-10-04 12:26:27.509] [out] [delivery_module] DBG 2026-10-04 12:26:27.509+02:00 Expanded address and hostname              topics="libp2p dialer" tid=4417131 expandedAddress=/dns4/delivery-02.ac-cn-hongkong-c.logos.dev.status.im/tcp/30303 hostname=delivery-02.ac-cn-hongkong-c.logos.dev.status.im resolvedAddresses="[/ip4/43.99.103.10/tcp/30303]"
[2026-10-04 12:26:28.996] [out] [delivery_module] WRN 2026-10-04 12:26:28.996+02:00 NAT port mapping failed                    topics="libp2p natservice" tid=4417131 port=62737 proto=mpTcp err="plum: mapping 0 failed"
[2026-10-04 12:26:29.462] [out] [delivery_module] DBG 2026-10-04 12:26:29.462+02:00 Dial successful                            topics="libp2p dialer" tid=4417131 peerId=16U*NSkuby
[2026-10-04 12:26:29.462] [out] [delivery_module] DBG 2026-10-04 12:26:29.462+02:00 starting sendNonHighPriorityTask           topics="libp2p pubsubpeer" tid=4417131 p=16U*NSkuby
[2026-10-04 12:26:29.462] [out] [delivery_module] DBG 2026-10-04 12:26:29.462+02:00 created new pubsub peer                    topics="libp2p pubsub" tid=4417131 peerId=16U*NSkuby
[2026-10-04 12:26:29.463] [out] [delivery_module] DBG 2026-10-04 12:26:29.462+02:00 no listener registered                     tid=4417132 event=onConnectionChange
[2026-10-04 12:26:29.463] [out] [delivery_module] DBG 2026-10-04 12:26:29.463+02:00 Incoming WakuRelay connection              topics="waku relay" tid=4417131 connection=16U*NSkuby:6ac229d5f3008ca17aef4da5 protocol=/vac/waku/relay/2.0.0
[2026-10-04 12:26:29.463] [out] [delivery_module] DBG 2026-10-04 12:26:29.463+02:00 starting pubsub read loop                  topics="libp2p pubsubpeer" tid=4417131 stream=16U*NSkuby:6ac229d5f3008ca17aef4da5 peer=16U*NSkuby closed=false
[2026-10-04 12:26:29.463] [out] [delivery_module] DBG 2026-10-04 12:26:29.463+02:00 identify: info sent                        topics="libp2p identify" tid=4417131 stream=16U*NSkuby:6ac229d5f3008ca17aef4da6 info="(peerId: 16Uiu2HAmTfEh7Dp3WaG4HgBfdmHjquGT4UnAU9RJdZ9tghYn2Pww, listenAddrs: [/ip4/0.0.0.0/tcp/62737, /ip4/0.0.0.0/udp/55110/quic-v1], addrs: [/ip4/0.0.0.0/tcp/62737, /ip4/0.0.0.0/udp/55110/quic-v1], protocols: [/ipfs/id/1.0.0, /libp2p/autonat/1.0.0, /libp2p/circuit/relay/0.2.0/hop, /vac/waku/metadata/1.0.0, /mix/1.0.0, /logos/service-discovery/1.0.0, /vac/waku/relay/2.0.0, /vac/waku/rendezvous/1.0.0, /ipfs/ping/1.0.0, /vac/waku/lightpush/3.0.0, /vac/waku/lightpush/2.0.0-beta1, /vac/waku/filter-subscribe/2.0.0-beta1, /vac/waku/filter-push/2.0.0-beta1, /vac/waku/peer-exchange/2.0.0-alpha1], protoVersion: ipfs/0.1.0, agentVersion: logos-delivery-v0.39.0-gca2814)"
[2026-10-04 12:26:29.492] [out] [delivery_module] DBG 2026-10-04 12:26:29.492+02:00 Dial successful                            topics="libp2p dialer" tid=4417131 peerId=16U*VpJprH
[2026-10-04 12:26:29.492] [out] [delivery_module] DBG 2026-10-04 12:26:29.492+02:00 starting sendNonHighPriorityTask           topics="libp2p pubsubpeer" tid=4417131 p=16U*VpJprH
[2026-10-04 12:26:29.492] [out] [delivery_module] DBG 2026-10-04 12:26:29.492+02:00 created new pubsub peer                    topics="libp2p pubsub" tid=4417131 peerId=16U*VpJprH
[2026-10-04 12:26:29.492] [out] [delivery_module] DBG 2026-10-04 12:26:29.492+02:00 no listener registered                     tid=4417132 event=onConnectionChange
[2026-10-04 12:26:29.492] [out] [delivery_module] DBG 2026-10-04 12:26:29.492+02:00 Incoming WakuRelay connection              topics="waku relay" tid=4417131 connection=16U*VpJprH:6ac229d5f3008ca17aef4da9 protocol=/vac/waku/relay/2.0.0
[2026-10-04 12:26:29.492] [out] [delivery_module] DBG 2026-10-04 12:26:29.492+02:00 starting pubsub read loop                  topics="libp2p pubsubpeer" tid=4417131 stream=16U*VpJprH:6ac229d5f3008ca17aef4da9 peer=16U*VpJprH closed=false
[2026-10-04 12:26:29.492] [out] [delivery_module] DBG 2026-10-04 12:26:29.492+02:00 identify: info sent                        topics="libp2p identify" tid=4417131 stream=16U*VpJprH:6ac229d5f3008ca17aef4daa info="(peerId: 16Uiu2HAmTfEh7Dp3WaG4HgBfdmHjquGT4UnAU9RJdZ9tghYn2Pww, listenAddrs: [/ip4/0.0.0.0/tcp/62737, /ip4/0.0.0.0/udp/55110/quic-v1], addrs: [/ip4/0.0.0.0/tcp/62737, /ip4/0.0.0.0/udp/55110/quic-v1], protocols: [/ipfs/id/1.0.0, /libp2p/autonat/1.0.0, /libp2p/circuit/relay/0.2.0/hop, /vac/waku/metadata/1.0.0, /mix/1.0.0, /logos/service-discovery/1.0.0, /vac/waku/relay/2.0.0, /vac/waku/rendezvous/1.0.0, /ipfs/ping/1.0.0, /vac/waku/lightpush/3.0.0, /vac/waku/lightpush/2.0.0-beta1, /vac/waku/filter-subscribe/2.0.0-beta1, /vac/waku/filter-push/2.0.0-beta1, /vac/waku/peer-exchange/2.0.0-alpha1], protoVersion: ipfs/0.1.0, agentVersion: logos-delivery-v0.39.0-gca2814)"
[2026-10-04 12:26:30.103] [out] [delivery_module] DBG 2026-10-04 12:26:30.103+02:00 identify: info received                    topics="libp2p identify" tid=4417131 stream=16U*NSkuby:6ac229d5f3008ca17aef4da8 pubkey=ok(sec...9ab7)) addresses=/ip4/138.68.122.137/tcp/30303,/ip4/138.68.122.137/udp/30303/quic-v1,/dns4/delivery-01.do-ams3.logos.dev.status.im/tcp/30303 protocols=/ipfs/id/1.0.0,/libp2p/autonat/1.0.0,/libp2p/circuit/relay/0.2.0/hop,/vac/waku/metadata/1.0.0,/mix/1.0.0,/logos/service-discovery/1.0.0,/vac/waku/store-query/3.0.0,/vac/waku/relay/2.0.0,/vac/waku/rendezvous/1.0.0,/ipfs/ping/1.0.0,/vac/waku/lightpush/3.0.0,/vac/waku/lightpush/2.0.0-beta1,/vac/waku/filter-subscribe/2.0.0-beta1,/vac/waku/filter-push/2.0.0-beta1,/vac/waku/peer-exchange/2.0.0-alpha1 observable_address=ok(/ip4/109.41.112.89/tcp/40538) proto_version=ipfs/0.1.0 agent_version=logos-delivery-v0.39.0-gca2814 signedPeerRecord=None
[2026-10-04 12:26:30.103] [out] [delivery_module] DBG 2026-10-04 12:26:30.103+02:00 starting pubsub read loop                  topics="libp2p pubsubpeer" tid=4417131 stream=16U*NSkuby:6ac229d5f3008ca17aef4da7 peer=16U*NSkuby closed=false
[2026-10-04 12:26:30.103] [out] [delivery_module] DBG 2026-10-04 12:26:30.103+02:00 Event identified                           topics="waku node peer_manager" tid=4417131 peerId=16U*NSkuby
[2026-10-04 12:26:30.103] [out] [delivery_module] DBG 2026-10-04 12:26:30.103+02:00 no listener registered                     tid=4417132 event=onConnectionChange
[2026-10-04 12:26:30.113] [out] [delivery_module] DBG 2026-10-04 12:26:30.113+02:00 identify: info received                    topics="libp2p identify" tid=4417131 stream=16U*VpJprH:6ac229d5f3008ca17aef4dac pubkey=ok(sec...7631)) addresses=/ip4/174.138.106.244/tcp/30303,/ip4/174.138.106.244/udp/30303/quic-v1,/dns4/delivery-02.do-ams3.logos.dev.status.im/tcp/30303 protocols=/ipfs/id/1.0.0,/libp2p/autonat/1.0.0,/libp2p/circuit/relay/0.2.0/hop,/vac/waku/metadata/1.0.0,/mix/1.0.0,/logos/service-discovery/1.0.0,/vac/waku/store-query/3.0.0,/vac/waku/relay/2.0.0,/vac/waku/rendezvous/1.0.0,/ipfs/ping/1.0.0,/vac/waku/lightpush/3.0.0,/vac/waku/lightpush/2.0.0-beta1,/vac/waku/filter-subscribe/2.0.0-beta1,/vac/waku/filter-push/2.0.0-beta1,/vac/waku/peer-exchange/2.0.0-alpha1 observable_address=ok(/ip4/109.41.112.89/tcp/36677) proto_version=ipfs/0.1.0 agent_version=logos-delivery-v0.39.0-gca2814 signedPeerRecord=None
[2026-10-04 12:26:30.113] [out] [delivery_module] DBG 2026-10-04 12:26:30.113+02:00 starting pubsub read loop                  topics="libp2p pubsubpeer" tid=4417131 stream=16U*VpJprH:6ac229d5f3008ca17aef4dab peer=16U*VpJprH closed=false
[2026-10-04 12:26:30.113] [out] [delivery_module] DBG 2026-10-04 12:26:30.113+02:00 Event identified                           topics="waku node peer_manager" tid=4417131 peerId=16U*VpJprH
[2026-10-04 12:26:30.113] [out] [delivery_module] DBG 2026-10-04 12:26:30.113+02:00 no listener registered                     tid=4417132 event=onConnectionChange
[2026-10-04 12:26:30.184] [out] [delivery_module] DBG 2026-10-04 12:26:30.184+02:00 Dial successful                            topics="libp2p dialer" tid=4417131 peerId=16U*TwqBiH
[2026-10-04 12:26:30.184] [out] [delivery_module] DBG 2026-10-04 12:26:30.184+02:00 Dial successful                            topics="libp2p dialer" tid=4417131 peerId=16U*P1S397
[2026-10-04 12:26:30.184] [out] [delivery_module] DBG 2026-10-04 12:26:30.184+02:00 starting sendNonHighPriorityTask           topics="libp2p pubsubpeer" tid=4417131 p=16U*TwqBiH
[2026-10-04 12:26:30.184] [out] [delivery_module] DBG 2026-10-04 12:26:30.184+02:00 created new pubsub peer                    topics="libp2p pubsub" tid=4417131 peerId=16U*TwqBiH
[2026-10-04 12:26:30.184] [out] [delivery_module] DBG 2026-10-04 12:26:30.184+02:00 no listener registered                     tid=4417132 event=onConnectionChange
[2026-10-04 12:26:30.184] [out] [delivery_module] DBG 2026-10-04 12:26:30.184+02:00 starting sendNonHighPriorityTask           topics="libp2p pubsubpeer" tid=4417131 p=16U*P1S397
[2026-10-04 12:26:30.185] [out] [delivery_module] DBG 2026-10-04 12:26:30.184+02:00 created new pubsub peer                    topics="libp2p pubsub" tid=4417131 peerId=16U*P1S397
[2026-10-04 12:26:30.185] [out] [delivery_module] DBG 2026-10-04 12:26:30.185+02:00 no listener registered                     tid=4417132 event=onConnectionChange
[2026-10-04 12:26:30.185] [out] [delivery_module] DBG 2026-10-04 12:26:30.185+02:00 Incoming WakuRelay connection              topics="waku relay" tid=4417131 connection=16U*TwqBiH:6ac229d6f3008ca17aef4db5 protocol=/vac/waku/relay/2.0.0
[2026-10-04 12:26:30.185] [out] [delivery_module] DBG 2026-10-04 12:26:30.185+02:00 starting pubsub read loop                  topics="libp2p pubsubpeer" tid=4417131 stream=16U*TwqBiH:6ac229d6f3008ca17aef4db5 peer=16U*TwqBiH closed=false
[2026-10-04 12:26:30.185] [out] [delivery_module] DBG 2026-10-04 12:26:30.185+02:00 identify: info sent                        topics="libp2p identify" tid=4417131 stream=16U*TwqBiH:6ac229d6f3008ca17aef4db6 info="(peerId: 16Uiu2HAmTfEh7Dp3WaG4HgBfdmHjquGT4UnAU9RJdZ9tghYn2Pww, listenAddrs: [/ip4/0.0.0.0/tcp/62737, /ip4/0.0.0.0/udp/55110/quic-v1], addrs: [/ip4/0.0.0.0/tcp/62737, /ip4/0.0.0.0/udp/55110/quic-v1], protocols: [/ipfs/id/1.0.0, /libp2p/autonat/1.0.0, /libp2p/circuit/relay/0.2.0/hop, /vac/waku/metadata/1.0.0, /mix/1.0.0, /logos/service-discovery/1.0.0, /vac/waku/relay/2.0.0, /vac/waku/rendezvous/1.0.0, /ipfs/ping/1.0.0, /vac/waku/lightpush/3.0.0, /vac/waku/lightpush/2.0.0-beta1, /vac/waku/filter-subscribe/2.0.0-beta1, /vac/waku/filter-push/2.0.0-beta1, /vac/waku/peer-exchange/2.0.0-alpha1], protoVersion: ipfs/0.1.0, agentVersion: logos-delivery-v0.39.0-gca2814)"
[2026-10-04 12:26:30.185] [out] [delivery_module] DBG 2026-10-04 12:26:30.185+02:00 Incoming WakuRelay connection              topics="waku relay" tid=4417131 connection=16U*P1S397:6ac229d6f3008ca17aef4db7 protocol=/vac/waku/relay/2.0.0
[2026-10-04 12:26:30.185] [out] [delivery_module] DBG 2026-10-04 12:26:30.185+02:00 starting pubsub read loop                  topics="libp2p pubsubpeer" tid=4417131 stream=16U*P1S397:6ac229d6f3008ca17aef4db7 peer=16U*P1S397 closed=false
[2026-10-04 12:26:30.185] [out] [delivery_module] DBG 2026-10-04 12:26:30.185+02:00 identify: info sent                        topics="libp2p identify" tid=4417131 stream=16U*P1S397:6ac229d6f3008ca17aef4db8 info="(peerId: 16Uiu2HAmTfEh7Dp3WaG4HgBfdmHjquGT4UnAU9RJdZ9tghYn2Pww, listenAddrs: [/ip4/0.0.0.0/tcp/62737, /ip4/0.0.0.0/udp/55110/quic-v1], addrs: [/ip4/0.0.0.0/tcp/62737, /ip4/0.0.0.0/udp/55110/quic-v1], protocols: [/ipfs/id/1.0.0, /libp2p/autonat/1.0.0, /libp2p/circuit/relay/0.2.0/hop, /vac/waku/metadata/1.0.0, /mix/1.0.0, /logos/service-discovery/1.0.0, /vac/waku/relay/2.0.0, /vac/waku/rendezvous/1.0.0, /ipfs/ping/1.0.0, /vac/waku/lightpush/3.0.0, /vac/waku/lightpush/2.0.0-beta1, /vac/waku/filter-subscribe/2.0.0-beta1, /vac/waku/filter-push/2.0.0-beta1, /vac/waku/peer-exchange/2.0.0-alpha1], protoVersion: ipfs/0.1.0, agentVersion: logos-delivery-v0.39.0-gca2814)"
[2026-10-04 12:26:30.250] [out] [delivery_module] DBG 2026-10-04 12:26:30.250+02:00 Dial successful                            topics="libp2p dialer" tid=4417131 peerId=16U*T3UNSE
[2026-10-04 12:26:30.250] [out] [delivery_module] DBG 2026-10-04 12:26:30.250+02:00 starting sendNonHighPriorityTask           topics="libp2p pubsubpeer" tid=4417131 p=16U*T3UNSE
[2026-10-04 12:26:30.250] [out] [delivery_module] DBG 2026-10-04 12:26:30.250+02:00 created new pubsub peer                    topics="libp2p pubsub" tid=4417131 peerId=16U*T3UNSE
[2026-10-04 12:26:30.250] [out] [delivery_module] DBG 2026-10-04 12:26:30.250+02:00 no listener registered                     tid=4417132 event=onConnectionChange
[2026-10-04 12:26:30.250] [out] [delivery_module] DBG 2026-10-04 12:26:30.250+02:00 Incoming WakuRelay connection              topics="waku relay" tid=4417131 connection=16U*T3UNSE:6ac229d6f3008ca17aef4dbd protocol=/vac/waku/relay/2.0.0
[2026-10-04 12:26:30.250] [out] [delivery_module] DBG 2026-10-04 12:26:30.250+02:00 starting pubsub read loop                  topics="libp2p pubsubpeer" tid=4417131 stream=16U*T3UNSE:6ac229d6f3008ca17aef4dbd peer=16U*T3UNSE closed=false
[2026-10-04 12:26:30.257] [out] [delivery_module] DBG 2026-10-04 12:26:30.257+02:00 Dial successful                            topics="libp2p dialer" tid=4417131 peerId=16U*kGyuEP
[2026-10-04 12:26:30.257] [out] [delivery_module] DBG 2026-10-04 12:26:30.257+02:00 identify: info sent                        topics="libp2p identify" tid=4417131 stream=16U*T3UNSE:6ac229d6f3008ca17aef4dbe info="(peerId: 16Uiu2HAmTfEh7Dp3WaG4HgBfdmHjquGT4UnAU9RJdZ9tghYn2Pww, listenAddrs: [/ip4/0.0.0.0/tcp/62737, /ip4/0.0.0.0/udp/55110/quic-v1], addrs: [/ip4/0.0.0.0/tcp/62737, /ip4/0.0.0.0/udp/55110/quic-v1], protocols: [/ipfs/id/1.0.0, /libp2p/autonat/1.0.0, /libp2p/circuit/relay/0.2.0/hop, /vac/waku/metadata/1.0.0, /mix/1.0.0, /logos/service-discovery/1.0.0, /vac/waku/relay/2.0.0, /vac/waku/rendezvous/1.0.0, /ipfs/ping/1.0.0, /vac/waku/lightpush/3.0.0, /vac/waku/lightpush/2.0.0-beta1, /vac/waku/filter-subscribe/2.0.0-beta1, /vac/waku/filter-push/2.0.0-beta1, /vac/waku/peer-exchange/2.0.0-alpha1], protoVersion: ipfs/0.1.0, agentVersion: logos-delivery-v0.39.0-gca2814)"
[2026-10-04 12:26:30.257] [out] [delivery_module] DBG 2026-10-04 12:26:30.257+02:00 starting sendNonHighPriorityTask           topics="libp2p pubsubpeer" tid=4417131 p=16U*kGyuEP
[2026-10-04 12:26:30.257] [out] [delivery_module] DBG 2026-10-04 12:26:30.257+02:00 created new pubsub peer                    topics="libp2p pubsub" tid=4417131 peerId=16U*kGyuEP
[2026-10-04 12:26:30.257] [out] [delivery_module] DBG 2026-10-04 12:26:30.257+02:00 no listener registered                     tid=4417132 event=onConnectionChange
[2026-10-04 12:26:30.257] [out] [delivery_module] DBG 2026-10-04 12:26:30.257+02:00 Incoming WakuRelay connection              topics="waku relay" tid=4417131 connection=16U*kGyuEP:6ac229d6f3008ca17aef4dc1 protocol=/vac/waku/relay/2.0.0
[2026-10-04 12:26:30.257] [out] [delivery_module] DBG 2026-10-04 12:26:30.257+02:00 starting pubsub read loop                  topics="libp2p pubsubpeer" tid=4417131 stream=16U*kGyuEP:6ac229d6f3008ca17aef4dc1 peer=16U*kGyuEP closed=false
[2026-10-04 12:26:30.276] [out] [delivery_module] DBG 2026-10-04 12:26:30.276+02:00 identify: info sent                        topics="libp2p identify" tid=4417131 stream=16U*kGyuEP:6ac229d6f3008ca17aef4dc2 info="(peerId: 16Uiu2HAmTfEh7Dp3WaG4HgBfdmHjquGT4UnAU9RJdZ9tghYn2Pww, listenAddrs: [/ip4/0.0.0.0/tcp/62737, /ip4/0.0.0.0/udp/55110/quic-v1], addrs: [/ip4/0.0.0.0/tcp/62737, /ip4/0.0.0.0/udp/55110/quic-v1], protocols: [/ipfs/id/1.0.0, /libp2p/autonat/1.0.0, /libp2p/circuit/relay/0.2.0/hop, /vac/waku/metadata/1.0.0, /mix/1.0.0, /logos/service-discovery/1.0.0, /vac/waku/relay/2.0.0, /vac/waku/rendezvous/1.0.0, /ipfs/ping/1.0.0, /vac/waku/lightpush/3.0.0, /vac/waku/lightpush/2.0.0-beta1, /vac/waku/filter-subscribe/2.0.0-beta1, /vac/waku/filter-push/2.0.0-beta1, /vac/waku/peer-exchange/2.0.0-alpha1], protoVersion: ipfs/0.1.0, agentVersion: logos-delivery-v0.39.0-gca2814)"
[2026-10-04 12:26:30.439] [out] [delivery_module] DBG 2026-10-04 12:26:30.439+02:00 Received WakuMetadata request              topics="waku metadata" tid=4417131 remoteClusterId=ok(3) remoteShards="[5, 0, 2, 1, 4, 7, 3, 6]" localClusterId=3 localShards="[7]" peer=16U*NSkuby
[2026-10-04 12:26:30.475] [out] [delivery_module] DBG 2026-10-04 12:26:30.475+02:00 Received WakuMetadata request              topics="waku metadata" tid=4417131 remoteClusterId=ok(3) remoteShards="[5, 0, 2, 1, 4, 7, 3, 6]" localClusterId=3 localShards="[7]" peer=16U*VpJprH
[2026-10-04 12:26:30.519] [out] [delivery_module] DBG 2026-10-04 12:26:30.519+02:00 starting pubsub read loop                  topics="libp2p pubsubpeer" tid=4417131 stream=16U*TwqBiH:6ac229d6f3008ca17aef4db9 peer=16U*TwqBiH closed=false
[2026-10-04 12:26:30.526] [out] [delivery_module] DBG 2026-10-04 12:26:30.526+02:00 identify: info received                    topics="libp2p identify" tid=4417131 stream=16U*P1S397:6ac229d6f3008ca17aef4dbc pubkey=ok(sec...97dc)) addresses=/ip4/136.119.156.87/tcp/30303,/ip4/136.119.156.87/udp/30303/quic-v1,/dns4/delivery-01.gc-us-central1-a.logos.dev.status.im/tcp/30303 protocols=/ipfs/id/1.0.0,/libp2p/autonat/1.0.0,/libp2p/circuit/relay/0.2.0/hop,/vac/waku/metadata/1.0.0,/mix/1.0.0,/logos/service-discovery/1.0.0,/vac/waku/store-query/3.0.0,/vac/waku/relay/2.0.0,/vac/waku/rendezvous/1.0.0,/ipfs/ping/1.0.0,/vac/waku/lightpush/3.0.0,/vac/waku/lightpush/2.0.0-beta1,/vac/waku/filter-subscribe/2.0.0-beta1,/vac/waku/filter-push/2.0.0-beta1,/vac/waku/peer-exchange/2.0.0-alpha1 observable_address=ok(/ip4/109.41.112.89/tcp/38684) proto_version=ipfs/0.1.0 agent_version=logos-delivery-v0.39.0-gca2814 signedPeerRecord=None
[2026-10-04 12:26:30.527] [out] [delivery_module] DBG 2026-10-04 12:26:30.527+02:00 identify: info received                    topics="libp2p identify" tid=4417131 stream=16U*TwqBiH:6ac229d6f3008ca17aef4dba pubkey=ok(sec...fed6)) addresses=/ip4/34.123.201.25/tcp/30303,/ip4/34.123.201.25/udp/30303/quic-v1,/dns4/delivery-02.gc-us-central1-a.logos.dev.status.im/tcp/30303 protocols=/ipfs/id/1.0.0,/libp2p/autonat/1.0.0,/libp2p/circuit/relay/0.2.0/hop,/vac/waku/metadata/1.0.0,/mix/1.0.0,/logos/service-discovery/1.0.0,/vac/waku/store-query/3.0.0,/vac/waku/relay/2.0.0,/vac/waku/rendezvous/1.0.0,/ipfs/ping/1.0.0,/vac/waku/lightpush/3.0.0,/vac/waku/lightpush/2.0.0-beta1,/vac/waku/filter-subscribe/2.0.0-beta1,/vac/waku/filter-push/2.0.0-beta1,/vac/waku/peer-exchange/2.0.0-alpha1 observable_address=ok(/ip4/109.41.112.89/tcp/33814) proto_version=ipfs/0.1.0 agent_version=logos-delivery-v0.39.0-gca2814 signedPeerRecord=None
[2026-10-04 12:26:30.527] [out] [delivery_module] DBG 2026-10-04 12:26:30.527+02:00 starting pubsub read loop                  topics="libp2p pubsubpeer" tid=4417131 stream=16U*P1S397:6ac229d6f3008ca17aef4dbb peer=16U*P1S397 closed=false
[2026-10-04 12:26:30.527] [out] [delivery_module] DBG 2026-10-04 12:26:30.527+02:00 Event identified                           topics="waku node peer_manager" tid=4417131 peerId=16U*P1S397
[2026-10-04 12:26:30.527] [out] [delivery_module] DBG 2026-10-04 12:26:30.527+02:00 no listener registered                     tid=4417132 event=onConnectionChange
[2026-10-04 12:26:30.527] [out] [delivery_module] DBG 2026-10-04 12:26:30.527+02:00 Event identified                           topics="waku node peer_manager" tid=4417131 peerId=16U*TwqBiH
[2026-10-04 12:26:30.527] [out] [delivery_module] DBG 2026-10-04 12:26:30.527+02:00 no listener registered                     tid=4417132 event=onConnectionChange
[2026-10-04 12:26:30.686] [out] [delivery_module] DBG 2026-10-04 12:26:30.686+02:00 identify: info received                    topics="libp2p identify" tid=4417131 stream=16U*T3UNSE:6ac229d6f3008ca17aef4dc0 pubkey=ok(sec...6d2a)) addresses=/ip4/43.99.103.10/tcp/30303,/ip4/43.99.103.10/udp/30303/quic-v1,/dns4/delivery-02.ac-cn-hongkong-c.logos.dev.status.im/tcp/30303 protocols=/ipfs/id/1.0.0,/libp2p/autonat/1.0.0,/libp2p/circuit/relay/0.2.0/hop,/vac/waku/metadata/1.0.0,/mix/1.0.0,/logos/service-discovery/1.0.0,/vac/waku/store-query/3.0.0,/vac/waku/relay/2.0.0,/vac/waku/rendezvous/1.0.0,/ipfs/ping/1.0.0,/vac/waku/lightpush/3.0.0,/vac/waku/lightpush/2.0.0-beta1,/vac/waku/filter-subscribe/2.0.0-beta1,/vac/waku/filter-push/2.0.0-beta1,/vac/waku/peer-exchange/2.0.0-alpha1 observable_address=ok(/ip4/109.41.112.89/tcp/36115) proto_version=ipfs/0.1.0 agent_version=logos-delivery-v0.39.0-gca2814 signedPeerRecord=None
[2026-10-04 12:26:30.686] [out] [delivery_module] DBG 2026-10-04 12:26:30.686+02:00 starting pubsub read loop                  topics="libp2p pubsubpeer" tid=4417131 stream=16U*T3UNSE:6ac229d6f3008ca17aef4dbf peer=16U*T3UNSE closed=false
[2026-10-04 12:26:30.731] [out] [delivery_module] DBG 2026-10-04 12:26:30.731+02:00 Event identified                           topics="waku node peer_manager" tid=4417131 peerId=16U*T3UNSE
[2026-10-04 12:26:30.731] [out] [delivery_module] DBG 2026-10-04 12:26:30.731+02:00 no listener registered                     tid=4417132 event=onConnectionChange
[2026-10-04 12:26:30.732] [out] [delivery_module] DBG 2026-10-04 12:26:30.732+02:00 identify: info received                    topics="libp2p identify" tid=4417131 stream=16U*kGyuEP:6ac229d6f3008ca17aef4dc4 pubkey=ok(sec...c56e)) addresses=/ip4/47.242.130.189/tcp/30303,/ip4/47.242.130.189/udp/30303/quic-v1,/dns4/delivery-01.ac-cn-hongkong-c.logos.dev.status.im/tcp/30303 protocols=/ipfs/id/1.0.0,/libp2p/autonat/1.0.0,/libp2p/circuit/relay/0.2.0/hop,/vac/waku/metadata/1.0.0,/mix/1.0.0,/logos/service-discovery/1.0.0,/vac/waku/store-query/3.0.0,/vac/waku/relay/2.0.0,/vac/waku/rendezvous/1.0.0,/ipfs/ping/1.0.0,/vac/waku/lightpush/3.0.0,/vac/waku/lightpush/2.0.0-beta1,/vac/waku/filter-subscribe/2.0.0-beta1,/vac/waku/filter-push/2.0.0-beta1,/vac/waku/peer-exchange/2.0.0-alpha1 observable_address=ok(/ip4/109.41.112.89/tcp/40789) proto_version=ipfs/0.1.0 agent_version=logos-delivery-v0.39.0-gca2814 signedPeerRecord=None
[2026-10-04 12:26:30.732] [out] [delivery_module] DBG 2026-10-04 12:26:30.732+02:00 no listener registered                     tid=4417132 event=onConnectionChange
[2026-10-04 12:26:30.732] [out] [delivery_module] DBG 2026-10-04 12:26:30.732+02:00 starting pubsub read loop                  topics="libp2p pubsubpeer" tid=4417131 stream=16U*kGyuEP:6ac229d6f3008ca17aef4dc3 peer=16U*kGyuEP closed=false
[2026-10-04 12:26:30.732] [out] [delivery_module] DBG 2026-10-04 12:26:30.732+02:00 Event identified                           topics="waku node peer_manager" tid=4417131 peerId=16U*kGyuEP
[2026-10-04 12:26:30.732] [out] [delivery_module] DBG 2026-10-04 12:26:30.732+02:00 no listener registered                     tid=4417132 event=onConnectionChange
[2026-10-04 12:26:30.740] [out] [delivery_module] DBG 2026-10-04 12:26:30.740+02:00 no listener registered                     tid=4417132 event=onConnectionChange
[2026-10-04 12:26:30.998] [out] [delivery_module] WRN 2026-10-04 12:26:30.998+02:00 NAT port mapping failed                    topics="libp2p natservice" tid=4417131 port=55110 proto=mpUdp err="plum: mapping 0 failed"
[2026-10-04 12:26:30.998] [out] [delivery_module] INF 2026-10-04 12:26:30.998+02:00 Mix self hop set                           topics="waku node" tid=4417131 hop=/ip4/172.20.10.14/tcp/62737 before=/ip4/0.0.0.0/tcp/0
[2026-10-04 12:26:30.998] [out] [delivery_module] DBG 2026-10-04 12:26:30.998+02:00 ENR addresses updated                      topics="waku enr" tid=4417131 retained=0 total=0
[2026-10-04 12:26:30.999] [out] [delivery_module] DBG 2026-10-04 12:26:30.999+02:00 ENR addresses updated                      topics="waku enr" tid=4417131 retained=0 total=0
[2026-10-04 12:26:30.999] [out] [delivery_module] INF 2026-10-04 12:26:30.999+02:00 Found previous WakuRelay peers. Reconnecting. topics="waku node" tid=4417131
[2026-10-04 12:26:30.999] [out] [delivery_module] DBG 2026-10-04 12:26:30.999+02:00 Reconnecting peers                         topics="waku node peer_manager" tid=4417131 proto=/vac/waku/relay/2.0.0
[2026-10-04 12:26:30.999] [out] [delivery_module] INF 2026-10-04 12:26:30.999+02:00 Random kademlia lookups disabled           topics="waku service discovery" tid=4417131
[2026-10-04 12:26:30.999] [out] [delivery_module] DBG 2026-10-04 12:26:30.999+02:00 Periodic service lookup started            topics="waku service discovery" tid=4417131 interval=1m services={}
[2026-10-04 12:26:30.999] [out] [delivery_module] INF 2026-10-04 12:26:30.999+02:00 Kademlia discovery started                 topics="waku service discovery" tid=4417131
[2026-10-04 12:26:30.999] [out] [delivery_module] INF 2026-10-04 12:26:30.999+02:00 Discovery ENR initialized                  topics="eth p2p discv5" tid=4417131 enrAutoUpdate=false seqNum=4 ip=none() tcpPort=none() udpPort=none() customEnrFields=@[] uri=enr:-Ka4QFy4eYBo9jLyN6p9TJc3Zk-s1vHdEFT8wl9S6AAwS8pWeXK8RFXKvplVnR3WE_x5PlhK-4t8srGERhi9cPe2b0QEgmlkgnY0im11bHRpYWRkcnOAgnJzkwADCAAAAAEAAgADAAQABQAGAAeJc2VjcDI1NmsxoQPe74UlOpBZw0IMzEOp6F1OtA8sOmde442eHQNsfGmYYoN0Y3CC9RGFd2FrdTIt
[2026-10-04 12:26:30.999] [out] [delivery_module] WRN 2026-10-04 12:26:30.999+02:00 No external IP provided for the ENR, this node will not be discoverable topics="eth p2p discv5" tid=4417131
[2026-10-04 12:26:30.999] [out] [delivery_module] DBG 2026-10-04 12:26:30.999+02:00 peer filtering updated                     topics="waku discv5" tid=4417131
[2026-10-04 12:26:30.999] [out] [delivery_module] INF 2026-10-04 12:26:30.999+02:00 Starting discovery v5 service              topics="waku discv5" tid=4417131
[2026-10-04 12:26:30.999] [out] [delivery_module] INF 2026-10-04 12:26:30.999+02:00 Start listening on udp port                topics="waku discv5" tid=4417131 address=0.0.0.0 port=51787
[2026-10-04 12:26:30.999] [out] [delivery_module] INF 2026-10-04 12:26:30.999+02:00 Starting discovery node                    topics="eth p2p discv5" tid=4417131 node=5b*f9ce02:unaddressable bindAddress=0.0.0.0:51787
[2026-10-04 12:26:30.999] [out] [delivery_module] DBG 2026-10-04 12:26:30.999+02:00 Total nodes in routing table after populate topics="eth p2p discv5" tid=4417131 total=0
[2026-10-04 12:26:30.999] [out] [delivery_module] DBG 2026-10-04 12:26:30.999+02:00 Starting discovery v5 search               topics="waku discv5" tid=4417131
[2026-10-04 12:26:30.999] [out] [delivery_module] DBG 2026-10-04 12:26:30.999+02:00 Successfully started discovery v5 service  topics="waku discv5" tid=4417131
[2026-10-04 12:26:30.999] [out] [delivery_module] INF 2026-10-04 12:26:30.999+02:00 Discv5: discoverable ENR                   topics="waku discv5" tid=4417131 enrUri=enr:-Ka4QFy4eYBo9jLyN6p9TJc3Zk-s1vHdEFT8wl9S6AAwS8pWeXK8RFXKvplVnR3WE_x5PlhK-4t8srGERhi9cPe2b0QEgmlkgnY0im11bHRpYWRkcnOAgnJzkwADCAAAAAEAAgADAAQABQAGAAeJc2VjcDI1NmsxoQPe74UlOpBZw0IMzEOp6F1OtA8sOmde442eHQNsfGmYYoN0Y3CC9RGFd2FrdTIt enr="(4, id: \"v4\", multiaddrs: 0x, rs: 0x00030800000001000200030004000500060007, secp256k1: 0x03DEEF85253A9059C3420CCC43A9E85D4EB40F2C3A675EE38D9E1D036C7C699862, tcp: 62737, waku2: 0x2D)"
[2026-10-04 12:26:30.999] [out] [delivery_module] INF 2026-10-04 12:26:30.999+02:00 Node started successfully                  topics="waku node" tid=4417131
[2026-10-04 12:26:30.999] [out] [delivery_module] DBG 2026-10-04 12:26:30.999+02:00 Publishing Signed XPR                      topics="service-discovery" tid=4417131 xpr="(envelope: (publicKey: secp256k1 key (04deef85253a9059c3420ccc43a9e85d4eb40f2c3a675ee38d9e1d036c7c6998623ac436cb786b541cde718ac621ff7b6fb27674438c0f598f05f40c1edb07a8af), payloadType: @[3, 1], payload: @[10, 39, 0, 37, 8, 2, 18, 33, 3, 222, 239, 133, 37, 58, 144, 89, 195, 66, 12, 204, 67, 169, 232, 93, 78, 180, 15, 44, 58, 103, 94, 227, 141, 158, 29, 3, 108, 124, 105, 152, 98, 16, 148, 206, 6, 26, 10, 10, 8, 4, 172, 20, 10, 14, 6, 245, 17, 26, 13, 10, 11, 4, 172, 20, 10, 14, 145, 2, 215, 70, 205, 3], signature: 3045022100C7ED547E677B4E6029E747B542C22E1375FC6789B874D5E9A1D285699118EEC00220296AF0CBEF84CDF71A189B0F9AE836A80E9ACAE0829CB513030DEB5641ECEEB9), data: (peerId: 16Uiu2HAmTfEh7Dp3WaG4HgBfdmHjquGT4UnAU9RJdZ9tghYn2Pww, seqNo: 108308, addresses: @[(address: /ip4/172.20.10.14/tcp/62737), (address: /ip4/172.20.10.14/udp/55110/quic-v1)], services: @[]))"
[2026-10-04 12:26:30.999] [out] [delivery_module] DBG 2026-10-04 12:26:30.999+02:00 Lookup query                               topics="kad-dht find" tid=4417131 peer=16U*TwqBiH
[2026-10-04 12:26:30.999] [out] [delivery_module] DBG 2026-10-04 12:26:30.999+02:00 Lookup query                               topics="kad-dht find" tid=4417131 peer=16U*NSkuby
[2026-10-04 12:26:30.999] [out] [delivery_module] DBG 2026-10-04 12:26:30.999+02:00 Lookup query                               topics="kad-dht find" tid=4417131 peer=16U*kGyuEP
[2026-10-04 12:26:30.999] [out] [delivery_module] DBG 2026-10-04 12:26:30.999+02:00 Lookup query                               topics="kad-dht find" tid=4417131 peer=16U*VpJprH
[2026-10-04 12:26:30.999] [out] [delivery_module] DBG 2026-10-04 12:26:30.999+02:00 Lookup query                               topics="kad-dht find" tid=4417131 peer=16U*T3UNSE
[2026-10-04 12:26:30.999] [out] [delivery_module] DBG 2026-10-04 12:26:30.999+02:00 Lookup query                               topics="kad-dht find" tid=4417131 peer=16U*P1S397
[2026-10-04 12:26:30.999] [out] [delivery_module] DBG 2026-10-04 12:26:30.999+02:00 Dialing multiple peers                     tid=4417131 numOfPeers=6 nodes="@[\"/dns4/delivery-01.do-ams3.logos.dev.status.im/tcp/30303/p2p/16Uiu2HAmTUbnxLGT9JvV6mu9oPyDjqHK4Phs1VDJNUgESgNSkuby\", \"/dns4/delivery-02.do-ams3.logos.dev.status.im/tcp/30303/p2p/16Uiu2HAmMK7PYygBtKUQ8EHp7EfaD3bCEsJrkFooK8RQ2PVpJprH\", \"/dns4/delivery-01.gc-us-central1-a.logos.dev.status.im/tcp/30303/p2p/16Uiu2HAm4S1JYkuzDKLKQvwgAhZKs9otxXqt8SCGtB4hoJP1S397\", \"/dns4/delivery-02.gc-us-central1-a.logos.dev.status.im/tcp/30303/p2p/16Uiu2HAm8Y9kgBNtjxvCnf1X6gnZJW5EGE4UwwCL3CCm55TwqBiH\", \"/dns4/delivery-01.ac-cn-hongkong-c.logos.dev.status.im/tcp/30303/p2p/16Uiu2HAm8YokiNun9BkeA1ZRmhLbtNUvcwRr64F69tYj9fkGyuEP\", \"/dns4/delivery-02.ac-cn-hongkong-c.logos.dev.status.im/tcp/30303/p2p/16Uiu2HAkvwhGHKNry6LACrB8TmEFoCJKEX29XR5dDUzk3UT3UNSE\"]"
[2026-10-04 12:26:31.000] [out] [delivery_module] DBG 2026-10-04 12:26:31.000+02:00 Finished dialing multiple peers            tid=4417131 successfulConns=6 attempted=6
[2026-10-04 12:26:31.000] [out] [delivery_module] INF 2026-10-04 12:26:31.000+02:00 Relay peer connections                     topics="waku node peer_manager" tid=4417131 inRelayConns=0/50 outRelayConns=6/25 totalConnections=6/150 notConnectedPeers=0 outsideBackoffPeers=0
[2026-10-04 12:26:31.000] [out] [delivery_module] DBG 2026-10-04 12:26:31.000+02:00 ENR addresses updated                      topics="waku enr" tid=4417131 retained=0 total=0
[2026-10-04 12:26:31.000] [out] [delivery_module] DBG 2026-10-04 12:26:31.000+02:00 Subscribing to pubsub topic                topics="waku relay" tid=4417131 pubsubTopic=/waku/2/rs/3/0
[2026-10-04 12:26:31.001] [out] [delivery_module] DBG 2026-10-04 12:26:31.001+02:00 peer filtering updated                     topics="waku discv5" tid=4417131
[2026-10-04 12:26:31.001] [out] [delivery_module] DBG 2026-10-04 12:26:31.001+02:00 ENR shards updated                         topics="waku discv5" tid=4417131 enrUri=enr:-K24QBSkn3E97Y35Lc-j-AgIUg51RtEjqkMZ9Fslb_wJYKpkaXRTtQg65vbrqvYrYFc3Cilmd-FefijpOdVySLgUTyQHgmlkgnY0im11bHRpYWRkcnOAgnJzkwADCAAAAAEAAgADAAQABQAGAAeJc2VjcDI1NmsxoQPe74UlOpBZw0IMzEOp6F1OtA8sOmde442eHQNsfGmYYoN0Y3CC9RGDdWRwgspLhXdha3UyLQ add=true
[2026-10-04 12:26:31.001] [out] [delivery_module] DBG 2026-10-04 12:26:31.001+02:00 Subscribing to pubsub topic                topics="waku relay" tid=4417131 pubsubTopic=/waku/2/rs/3/1
[2026-10-04 12:26:31.001] [out] [delivery_module] DBG 2026-10-04 12:26:31.001+02:00 peer filtering updated                     topics="waku discv5" tid=4417131
[2026-10-04 12:26:31.001] [out] [delivery_module] DBG 2026-10-04 12:26:31.001+02:00 ENR shards updated                         topics="waku discv5" tid=4417131 enrUri=enr:-K24QOzuoXVpZKQkyttuLt-vC3leB0jaUc7b5dvz9s7Y7wpXND2IyVEP5vQoVfK61u7cvnRKZJeOmab2EoELfDXturMIgmlkgnY0im11bHRpYWRkcnOAgnJzkwADCAAAAAEAAgADAAQABQAGAAeJc2VjcDI1NmsxoQPe74UlOpBZw0IMzEOp6F1OtA8sOmde442eHQNsfGmYYoN0Y3CC9RGDdWRwgspLhXdha3UyLQ add=true
[2026-10-04 12:26:31.001] [out] [delivery_module] DBG 2026-10-04 12:26:31.001+02:00 Subscribing to pubsub topic                topics="waku relay" tid=4417131 pubsubTopic=/waku/2/rs/3/2
[2026-10-04 12:26:31.001] [out] [delivery_module] DBG 2026-10-04 12:26:31.001+02:00 peer filtering updated                     topics="waku discv5" tid=4417131
[2026-10-04 12:26:31.001] [out] [delivery_module] DBG 2026-10-04 12:26:31.001+02:00 ENR shards updated                         topics="waku discv5" tid=4417131 enrUri=enr:-K24QNAb6eBcYXNkJJ9bB-23oEOISJ00kRzkjR2l2H8TjzjransXItjx3gNgcFDBXxxaJBU5L4VWtsGgAxsqZvW0blYJgmlkgnY0im11bHRpYWRkcnOAgnJzkwADCAAAAAEAAgADAAQABQAGAAeJc2VjcDI1NmsxoQPe74UlOpBZw0IMzEOp6F1OtA8sOmde442eHQNsfGmYYoN0Y3CC9RGDdWRwgspLhXdha3UyLQ add=true
[2026-10-04 12:26:31.001] [out] [delivery_module] DBG 2026-10-04 12:26:31.001+02:00 Subscribing to pubsub topic                topics="waku relay" tid=4417131 pubsubTopic=/waku/2/rs/3/3
[2026-10-04 12:26:31.001] [out] [delivery_module] DBG 2026-10-04 12:26:31.001+02:00 peer filtering updated                     topics="waku discv5" tid=4417131
[2026-10-04 12:26:31.002] [out] [delivery_module] DBG 2026-10-04 12:26:31.001+02:00 ENR shards updated                         topics="waku discv5" tid=4417131 enrUri=enr:-K24QNe6uF7FR724SOTURbgunS1GwnconWMBtHGKCPzR0hoffdbaHWYWMmllgsob1OECLWkLdb1MZaP6cqkfuv_gMSoKgmlkgnY0im11bHRpYWRkcnOAgnJzkwADCAAAAAEAAgADAAQABQAGAAeJc2VjcDI1NmsxoQPe74UlOpBZw0IMzEOp6F1OtA8sOmde442eHQNsfGmYYoN0Y3CC9RGDdWRwgspLhXdha3UyLQ add=true
[2026-10-04 12:26:31.002] [out] [delivery_module] DBG 2026-10-04 12:26:31.002+02:00 Subscribing to pubsub topic                topics="waku relay" tid=4417131 pubsubTopic=/waku/2/rs/3/4
[2026-10-04 12:26:31.002] [out] [delivery_module] DBG 2026-10-04 12:26:31.002+02:00 peer filtering updated                     topics="waku discv5" tid=4417131
[2026-10-04 12:26:31.002] [out] [delivery_module] DBG 2026-10-04 12:26:31.002+02:00 ENR shards updated                         topics="waku discv5" tid=4417131 enrUri=enr:-K24QMeI5CSomZykKLjPb_p2Xy1ytkI14LR7eUnAxbFPjEk_DWfTfhh_mOZVNFZFMhTq9_6aC5KTPc8qrgT47UtIsB0LgmlkgnY0im11bHRpYWRkcnOAgnJzkwADCAAAAAEAAgADAAQABQAGAAeJc2VjcDI1NmsxoQPe74UlOpBZw0IMzEOp6F1OtA8sOmde442eHQNsfGmYYoN0Y3CC9RGDdWRwgspLhXdha3UyLQ add=true
[2026-10-04 12:26:31.002] [out] [delivery_module] DBG 2026-10-04 12:26:31.002+02:00 Subscribing to pubsub topic                topics="waku relay" tid=4417131 pubsubTopic=/waku/2/rs/3/5
[2026-10-04 12:26:31.002] [out] [delivery_module] DBG 2026-10-04 12:26:31.002+02:00 peer filtering updated                     topics="waku discv5" tid=4417131
[2026-10-04 12:26:31.002] [out] [delivery_module] DBG 2026-10-04 12:26:31.002+02:00 ENR shards updated                         topics="waku discv5" tid=4417131 enrUri=enr:-K24QA6cDLthiMTvNXFg9QHtq13Qa5hmLldKb4rKIGWUdf2FJsay1G3x7sDUu29hBCzqc9L7nF2_gs3YpAKxEISKb5QMgmlkgnY0im11bHRpYWRkcnOAgnJzkwADCAAAAAEAAgADAAQABQAGAAeJc2VjcDI1NmsxoQPe74UlOpBZw0IMzEOp6F1OtA8sOmde442eHQNsfGmYYoN0Y3CC9RGDdWRwgspLhXdha3UyLQ add=true
[2026-10-04 12:26:31.002] [out] [delivery_module] DBG 2026-10-04 12:26:31.002+02:00 Subscribing to pubsub topic                topics="waku relay" tid=4417131 pubsubTopic=/waku/2/rs/3/6
[2026-10-04 12:26:31.002] [out] [delivery_module] DBG 2026-10-04 12:26:31.002+02:00 peer filtering updated                     topics="waku discv5" tid=4417131
[2026-10-04 12:26:31.002] [out] [delivery_module] DBG 2026-10-04 12:26:31.002+02:00 ENR shards updated                         topics="waku discv5" tid=4417131 enrUri=enr:-K24QGSnFyjMaYkgUWXeazfOt1Ju32hAyhwdi42KoEF0afqlf-6d5ItHtBx-ZthvWdp_c99K00DVJOgwXtfS_0WY7lYNgmlkgnY0im11bHRpYWRkcnOAgnJzkwADCAAAAAEAAgADAAQABQAGAAeJc2VjcDI1NmsxoQPe74UlOpBZw0IMzEOp6F1OtA8sOmde442eHQNsfGmYYoN0Y3CC9RGDdWRwgspLhXdha3UyLQ add=true
[2026-10-04 12:26:31.002] [out] [delivery_module] NTC 2026-10-04 12:26:31.002+02:00 ENR carries no reachable host, so peers cannot dial this node. Set --nat, --ext-ip, --dns4-domain-name or --ext-multiaddr to advertise one topics="wakunode waku" tid=4417131
[2026-10-04 12:26:31.002] [out] [delivery_module] DBG 2026-10-04 12:26:31.002+02:00 register interest                          topics="service-disco discoverer" tid=4417131 service=/logos/delivery serviceId=key:E6738033B5D413D13CF58622CEB4EF8F392E8D4EB073B56A5486CB0431B2F5D8
[2026-10-04 12:26:31.002] [out] [delivery_module] DBG 2026-10-04 12:26:31.002+02:00 Lookup query                               topics="kad-dht find" tid=4417131 peer=16U*P1S397
[2026-10-04 12:26:31.002] [out] [delivery_module] DBG 2026-10-04 12:26:31.002+02:00 Lookup query                               topics="kad-dht find" tid=4417131 peer=16U*T3UNSE
[2026-10-04 12:26:31.002] [out] [delivery_module] DBG 2026-10-04 12:26:31.002+02:00 Lookup query                               topics="kad-dht find" tid=4417131 peer=16U*VpJprH
[2026-10-04 12:26:31.002] [out] [delivery_module] DBG 2026-10-04 12:26:31.002+02:00 Lookup query                               topics="kad-dht find" tid=4417131 peer=16U*kGyuEP
[2026-10-04 12:26:31.002] [out] [delivery_module] DBG 2026-10-04 12:26:31.002+02:00 Lookup query                               topics="kad-dht find" tid=4417131 peer=16U*NSkuby
[2026-10-04 12:26:31.002] [out] [delivery_module] DBG 2026-10-04 12:26:31.002+02:00 Lookup query                               topics="kad-dht find" tid=4417131 peer=16U*TwqBiH
[2026-10-04 12:26:31.002] [out] [delivery_module] DBG 2026-10-04 12:26:31.002+02:00 Added service to discover                  topics="waku service discovery" tid=4417131 service=/logos/delivery
[2026-10-04 12:26:31.003] [out] [delivery_module] DBG 2026-10-04 12:26:31.003+02:00 Added provided service                     topics="service-disco advertiser" tid=4417131 service=/logos/delivery serviceId=key:E6738033B5D413D13CF58622CEB4EF8F392E8D4EB073B56A5486CB0431B2F5D8
[2026-10-04 12:26:31.003] [out] [delivery_module] DBG 2026-10-04 12:26:31.003+02:00 Cannot insert self in routing table        topics="kad-dht rtable" tid=4417131 nodeId=key:00250802122103DEEF85253A9059C3420CCC43A9E85D4EB40F2C3A675EE38D9E1D036C7C699862
[2026-10-04 12:26:31.003] [out] [delivery_module] DBG 2026-10-04 12:26:31.003+02:00 Cannot insert self in routing table        topics="kad-dht rtable" tid=4417131 nodeId=key:00250802122103DEEF85253A9059C3420CCC43A9E85D4EB40F2C3A675EE38D9E1D036C7C699862
[2026-10-04 12:26:31.004] [out] [delivery_module] DBG 2026-10-04 12:26:31.004+02:00 Added service to advertise                 topics="waku service discovery" tid=4417131 service=/logos/delivery
[2026-10-04 12:26:31.004] [out] [delivery_module] INF 2026-10-04 12:26:31.004+02:00 advertising this node on the delivery network topics="waku discovery advertise" tid=4417131 backend=service protocols="[/vac/waku/relay/2.0.0, /vac/waku/filter-subscribe/2.0.0-beta1, /vac/waku/lightpush/3.0.0, /mix/1.0.0]"
[2026-10-04 12:26:31.004] [out] [delivery_module] DBG 2026-10-04 12:26:31.004+02:00 register interest                          topics="service-disco discoverer" tid=4417131 service=/mix/1.0.0 serviceId=key:913B5C5DBE691438693215140388EC0C7DE80DE328BDE5BD7FC06F90568CEA40
[2026-10-04 12:26:31.004] [out] [delivery_module] DBG 2026-10-04 12:26:31.004+02:00 Lookup query                               topics="kad-dht find" tid=4417131 peer=16U*kGyuEP
[2026-10-04 12:26:31.004] [out] [delivery_module] DBG 2026-10-04 12:26:31.004+02:00 Lookup query                               topics="kad-dht find" tid=4417131 peer=16U*T3UNSE
[2026-10-04 12:26:31.004] [out] [delivery_module] DBG 2026-10-04 12:26:31.004+02:00 Lookup query                               topics="kad-dht find" tid=4417131 peer=16U*P1S397
[2026-10-04 12:26:31.004] [out] [delivery_module] DBG 2026-10-04 12:26:31.004+02:00 Lookup query                               topics="kad-dht find" tid=4417131 peer=16U*VpJprH
[2026-10-04 12:26:31.004] [out] [delivery_module] DBG 2026-10-04 12:26:31.004+02:00 Lookup query                               topics="kad-dht find" tid=4417131 peer=16U*TwqBiH
[2026-10-04 12:26:31.004] [out] [delivery_module] DBG 2026-10-04 12:26:31.004+02:00 Lookup query                               topics="kad-dht find" tid=4417131 peer=16U*NSkuby
[2026-10-04 12:26:31.004] [out] [delivery_module] DBG 2026-10-04 12:26:31.004+02:00 Added service to discover                  topics="waku service discovery" tid=4417131 service=/mix/1.0.0
[2026-10-04 12:26:31.004] [out] [delivery_module] DBG 2026-10-04 12:26:31.004+02:00 Added provided service                     topics="service-disco advertiser" tid=4417131 service=/mix/1.0.0 serviceId=key:913B5C5DBE691438693215140388EC0C7DE80DE328BDE5BD7FC06F90568CEA40
[2026-10-04 12:26:31.004] [out] [delivery_module] DBG 2026-10-04 12:26:31.004+02:00 Added service to advertise                 topics="waku service discovery" tid=4417131 service=/mix/1.0.0
[2026-10-04 12:26:31.004] [out] [delivery_module] INF 2026-10-04 12:26:31.004+02:00 advertising this node as a mix node        topics="waku discovery advertise" tid=4417131 backend=service
[2026-10-04 12:26:31.004] [out] [delivery_module] INF 2026-10-04 12:26:31.004+02:00 Node is online                             topics="waku online monitor" tid=4417131
[2026-10-04 12:26:31.004] [out] [delivery_module] INF 2026-10-04 12:26:31.004+02:00 Health monitor loop start                  tid=4417131
[2026-10-04 12:26:31.005] [out] [delivery_module] DBG 2026-10-04 12:26:31.005+02:00 calculateConnectionState                   tid=4417131 relayCount=6 storeClientCount=6 lightpushCount=6 filterCount=6
[2026-10-04 12:26:31.005] [out] [delivery_module] DBG 2026-10-04 12:26:31.005+02:00 connectionStatus change                    tid=4417131 oldstatus=Disconnected newstatus=Connected
[2026-10-04 12:26:31.005] [out] [delivery_module] INF 2026-10-04 12:26:31.005+02:00 starting keepalive                         tid=4417131 randomPeersKeepalive=10s allPeersKeepalive=2m
[2026-10-04 12:26:31.005] [out] [delivery_module] DBG 2026-10-04 12:26:31.005+02:00 no listener registered                     tid=4417132 event=onTopicHealthChange
[2026-10-04 12:26:31.005] [out] [delivery_module] DBG 2026-10-04 12:26:31.005+02:00 no listener registered                     tid=4417132 event=onTopicHealthChange
[2026-10-04 12:26:31.005] [out] [delivery_module] DBG 2026-10-04 12:26:31.005+02:00 no listener registered                     tid=4417132 event=onTopicHealthChange
[2026-10-04 12:26:31.005] [out] [delivery_module] DBG 2026-10-04 12:26:31.005+02:00 no listener registered                     tid=4417132 event=onTopicHealthChange
[2026-10-04 12:26:31.005] [out] [delivery_module] DBG 2026-10-04 12:26:31.005+02:00 no listener registered                     tid=4417132 event=onTopicHealthChange
[2026-10-04 12:26:31.005] [out] [delivery_module] DBG 2026-10-04 12:26:31.005+02:00 no listener registered                     tid=4417132 event=onTopicHealthChange
[2026-10-04 12:26:31.005] [out] [delivery_module] DBG 2026-10-04 12:26:31.005+02:00 no listener registered                     tid=4417132 event=onTopicHealthChange
[2026-10-04 12:26:31.107] [out] [delivery_module] DBG 2026-10-04 12:26:31.107+02:00 calculateConnectionState                   tid=4417131 relayCount=6 storeClientCount=6 lightpushCount=6 filterCount=6
[2026-10-04 12:26:31.203] [out] [delivery_module] DBG 2026-10-04 12:26:31.203+02:00 Received WakuMetadata request              topics="waku metadata" tid=4417131 remoteClusterId=ok(3) remoteShards="[5, 0, 2, 1, 4, 7, 3, 6]" localClusterId=3 localShards="[5, 0, 2, 1, 4, 7, 3, 6]" peer=16U*P1S397
[2026-10-04 12:26:31.219] [out] [delivery_module] DBG 2026-10-04 12:26:31.219+02:00 Received WakuMetadata request              topics="waku metadata" tid=4417131 remoteClusterId=ok(3) remoteShards="[5, 0, 2, 1, 4, 7, 3, 6]" localClusterId=3 localShards="[5, 0, 2, 1, 4, 7, 3, 6]" peer=16U*TwqBiH
[2026-10-04 12:26:31.312] [out] [delivery_module] DBG 2026-10-04 12:26:31.312+02:00 Received WakuMetadata request              topics="waku metadata" tid=4417131 remoteClusterId=ok(3) remoteShards="[5, 0, 2, 1, 4, 7, 3, 6]" localClusterId=3 localShards="[5, 0, 2, 1, 4, 7, 3, 6]" peer=16U*T3UNSE
[2026-10-04 12:26:31.318] [out] [delivery_module] DBG 2026-10-04 12:26:31.318+02:00 Received WakuMetadata request              topics="waku metadata" tid=4417131 remoteClusterId=ok(3) remoteShards="[5, 0, 2, 1, 4, 7, 3, 6]" localClusterId=3 localShards="[5, 0, 2, 1, 4, 7, 3, 6]" peer=16U*kGyuEP
[2026-10-04 12:26:31.359] [out] [delivery_module] DBG 2026-10-04 12:26:31.359+02:00 calculateConnectionState                   tid=4417131 relayCount=6 storeClientCount=6 lightpushCount=6 filterCount=6
[2026-10-04 12:26:31.460] [out] [delivery_module] DBG 2026-10-04 12:26:31.460+02:00 calculateConnectionState                   tid=4417131 relayCount=6 storeClientCount=6 lightpushCount=6 filterCount=6
[2026-10-04 12:26:31.519] [out] [delivery_module] DBG 2026-10-04 12:26:31.519+02:00 no listener registered                     tid=4417132 event=onConnectionChange
[2026-10-04 12:26:31.519] [out] [delivery_module] DBG 2026-10-04 12:26:31.519+02:00 no listener registered                     tid=4417132 event=onConnectionChange
[2026-10-04 12:26:31.521] [out] [delivery_module] DBG 2026-10-04 12:26:31.521+02:00 Dialing peer                               topics="libp2p dialer" tid=4417131 peerId=16U*oN8hgK addrs="[/ip4/173.42.114.210/tcp/45583]"
[2026-10-04 12:26:31.521] [out] [delivery_module] DBG 2026-10-04 12:26:31.521+02:00 Expanded address and hostname              topics="libp2p dialer" tid=4417131 expandedAddress=/ip4/173.42.114.210/tcp/45583 hostname=173.42.114.210 resolvedAddresses="[/ip4/173.42.114.210/tcp/45583]"
[2026-10-04 12:26:31.522] [out] [delivery_module] DBG 2026-10-04 12:26:31.522+02:00 Dialing peer                               topics="libp2p dialer" tid=4417131 peerId=16U*EivbVz addrs="[/ip4/172.20.10.14/udp/63966/quic-v1, /ip4/172.20.10.14/tcp/60485]"
[2026-10-04 12:26:31.522] [out] [delivery_module] DBG 2026-10-04 12:26:31.522+02:00 Expanded address and hostname              topics="libp2p dialer" tid=4417131 expandedAddress=/ip4/172.20.10.14/udp/63966/quic-v1 hostname=172.20.10.14 resolvedAddresses="[/ip4/172.20.10.14/udp/63966/quic-v1]"
[2026-10-04 12:26:31.522] [out] [delivery_module] DBG 2026-10-04 12:26:31.522+02:00 New connection established: client         tid=4417131
[2026-10-04 12:26:31.522] [out] [delivery_module] DBG 2026-10-04 12:26:31.522+02:00 Dialing peer                               topics="libp2p dialer" tid=4417131 peerId=16U*pJJk4V addrs="[/ip4/172.20.10.14/udp/51325/quic-v1, /ip4/172.20.10.14/tcp/60486]"
[2026-10-04 12:26:31.522] [out] [delivery_module] DBG 2026-10-04 12:26:31.522+02:00 Expanded address and hostname              topics="libp2p dialer" tid=4417131 expandedAddress=/ip4/172.20.10.14/udp/51325/quic-v1 hostname=172.20.10.14 resolvedAddresses="[/ip4/172.20.10.14/udp/51325/quic-v1]"
[2026-10-04 12:26:31.522] [out] [delivery_module] DBG 2026-10-04 12:26:31.522+02:00 New connection established: client         tid=4417131
[2026-10-04 12:26:31.523] [out] [delivery_module] DBG 2026-10-04 12:26:31.523+02:00 Dialing peer                               topics="libp2p dialer" tid=4417131 peerId=16U*oeaQi3 addrs="[/ip4/109.41.112.89/tcp/43059]"
[2026-10-04 12:26:31.523] [out] [delivery_module] DBG 2026-10-04 12:26:31.523+02:00 Expanded address and hostname              topics="libp2p dialer" tid=4417131 expandedAddress=/ip4/109.41.112.89/tcp/43059 hostname=109.41.112.89 resolvedAddresses="[/ip4/109.41.112.89/tcp/43059]"
[2026-10-04 12:26:31.524] [out] [delivery_module] DBG 2026-10-04 12:26:31.523+02:00 Dialing peer                               topics="libp2p dialer" tid=4417131 peerId=16U*iSrhve addrs="[/ip4/173.42.114.210/tcp/37795]"
[2026-10-04 12:26:31.524] [out] [delivery_module] DBG 2026-10-04 12:26:31.524+02:00 Expanded address and hostname              topics="libp2p dialer" tid=4417131 expandedAddress=/ip4/173.42.114.210/tcp/37795 hostname=173.42.114.210 resolvedAddresses="[/ip4/173.42.114.210/tcp/37795]"
[2026-10-04 12:26:31.524] [out] [delivery_module] DBG 2026-10-04 12:26:31.524+02:00 Dialing peer                               topics="libp2p dialer" tid=4417131 peerId=16U*2pfeoX addrs="[/ip4/192.168.68.53/udp/16011/quic-v1, /ip4/192.168.68.53/tcp/27431]"
[2026-10-04 12:26:31.524] [out] [delivery_module] DBG 2026-10-04 12:26:31.524+02:00 Expanded address and hostname              topics="libp2p dialer" tid=4417131 expandedAddress=/ip4/192.168.68.53/udp/16011/quic-v1 hostname=192.168.68.53 resolvedAddresses="[/ip4/192.168.68.53/udp/16011/quic-v1]"
[2026-10-04 12:26:31.524] [out] [delivery_module] DBG 2026-10-04 12:26:31.524+02:00 New connection established: client         tid=4417131
[2026-10-04 12:26:31.524] [out] [delivery_module] DBG 2026-10-04 12:26:31.524+02:00 Lookup query                               topics="kad-dht find" tid=4417131 peer=16U*oN8hgK
[2026-10-04 12:26:31.524] [out] [delivery_module] DBG 2026-10-04 12:26:31.524+02:00 Lookup query                               topics="kad-dht find" tid=4417131 peer=16U*EivbVz
[2026-10-04 12:26:31.524] [out] [delivery_module] DBG 2026-10-04 12:26:31.524+02:00 Lookup query                               topics="kad-dht find" tid=4417131 peer=16U*pJJk4V
[2026-10-04 12:26:31.524] [out] [delivery_module] DBG 2026-10-04 12:26:31.524+02:00 Lookup query                               topics="kad-dht find" tid=4417131 peer=16U*oeaQi3
[2026-10-04 12:26:31.524] [out] [delivery_module] DBG 2026-10-04 12:26:31.524+02:00 Lookup query                               topics="kad-dht find" tid=4417131 peer=16U*iSrhve
[2026-10-04 12:26:31.524] [out] [delivery_module] DBG 2026-10-04 12:26:31.524+02:00 Lookup query                               topics="kad-dht find" tid=4417131 peer=16U*2pfeoX
[2026-10-04 12:26:31.562] [out] [delivery_module] DBG 2026-10-04 12:26:31.562+02:00 calculateConnectionState                   tid=4417131 relayCount=6 storeClientCount=6 lightpushCount=6 filterCount=6
[2026-10-04 12:26:31.597] [out] [delivery_module] INF 2026-10-04 12:26:31.597+02:00 Message received                           tid=4417131 msg_hash=0x5d98ec30e48afe127835041fdd45b0045d773a07eb72f187d835f3078d66cc58 contentTopic=/lp0026forum/1/general/text pubsubTopic=/waku/2/rs/3/7 source=history
[2026-10-04 12:26:31.672] [out] [delivery_module] DBG 2026-10-04 12:26:31.672+02:00 no listener registered                     tid=4417132 event=onConnectionChange
[2026-10-04 12:26:31.673] [out] [delivery_module] DBG 2026-10-04 12:26:31.673+02:00 calculateConnectionState                   tid=4417131 relayCount=6 storeClientCount=6 lightpushCount=6 filterCount=6
[2026-10-04 12:26:31.771] [out] [delivery_module] DBG 2026-10-04 12:26:31.771+02:00 no listener registered                     tid=4417132 event=onConnectionChange
[2026-10-04 12:26:31.776] [out] [delivery_module] DBG 2026-10-04 12:26:31.776+02:00 calculateConnectionState                   tid=4417131 relayCount=6 storeClientCount=6 lightpushCount=6 filterCount=6
[2026-10-04 12:26:31.783] [out] [delivery_module] DBG 2026-10-04 12:26:31.783+02:00 Lookup query                               topics="kad-dht find" tid=4417131 peer=16U*oN8hgK
[2026-10-04 12:26:31.783] [out] [delivery_module] DBG 2026-10-04 12:26:31.783+02:00 Lookup query                               topics="kad-dht find" tid=4417131 peer=16U*EivbVz
[2026-10-04 12:26:31.783] [out] [delivery_module] DBG 2026-10-04 12:26:31.783+02:00 Lookup query                               topics="kad-dht find" tid=4417131 peer=16U*pJJk4V
[2026-10-04 12:26:31.783] [out] [delivery_module] DBG 2026-10-04 12:26:31.783+02:00 Lookup query                               topics="kad-dht find" tid=4417131 peer=16U*oeaQi3
[2026-10-04 12:26:31.783] [out] [delivery_module] DBG 2026-10-04 12:26:31.783+02:00 Lookup query                               topics="kad-dht find" tid=4417131 peer=16U*iSrhve
[2026-10-04 12:26:31.783] [out] [delivery_module] DBG 2026-10-04 12:26:31.783+02:00 Lookup query                               topics="kad-dht find" tid=4417131 peer=16U*2pfeoX
[2026-10-04 12:26:31.993] [out] [delivery_module] DBG 2026-10-04 12:26:31.993+02:00 Lookup query                               topics="kad-dht find" tid=4417131 peer=16U*TwqBiH
[2026-10-04 12:26:31.993] [out] [delivery_module] DBG 2026-10-04 12:26:31.993+02:00 Lookup query                               topics="kad-dht find" tid=4417131 peer=16U*kGyuEP
[2026-10-04 12:26:31.993] [out] [delivery_module] DBG 2026-10-04 12:26:31.993+02:00 Lookup query                               topics="kad-dht find" tid=4417131 peer=16U*T3UNSE
[2026-10-04 12:26:31.993] [out] [delivery_module] DBG 2026-10-04 12:26:31.993+02:00 Lookup query                               topics="kad-dht find" tid=4417131 peer=16U*P1S397
[2026-10-04 12:26:31.994] [out] [delivery_module] DBG 2026-10-04 12:26:31.994+02:00 Kad lookup: RPC error                      topics="kad-dht find" tid=4417131 peer=16U*TwqBiH msg="dialStage: timed out dialing the peer"
[2026-10-04 12:26:31.994] [out] [delivery_module] DBG 2026-10-04 12:26:31.994+02:00 Kad lookup: RPC error                      topics="kad-dht find" tid=4417131 peer=16U*kGyuEP msg="dialStage: timed out dialing the peer"
[2026-10-04 12:26:31.994] [out] [delivery_module] DBG 2026-10-04 12:26:31.994+02:00 Kad lookup: RPC error                      topics="kad-dht find" tid=4417131 peer=16U*T3UNSE msg="dialStage: timed out dialing the peer"
[2026-10-04 12:26:31.994] [out] [delivery_module] DBG 2026-10-04 12:26:31.994+02:00 Kad lookup: RPC error                      topics="kad-dht find" tid=4417131 peer=16U*P1S397 msg="dialStage: timed out dialing the peer"
[QmlInspector] Client disconnected
