run-logos-standalone-ui: hot-reloading QML from <repo>/src/qml
  (export DEV_QML_PATH to override, or LOGOS_QML_HOT_RELOAD=0 to disable)
Session directory: "~/Library/Application Support/Logos/LogosStandalone"
[2026-10-02 10:20:30.295] [info] [logos] Granting host services to 'capability_module': token_registry,token_delivery
[2026-10-02 10:20:30.322] [out] [capability_module] [2026-10-02 10:20:30.322] [info] Granting host services to capability_module: ["token_registry","token_delivery"]
RemoteTransportConnection: Connecting to registry: "local:logos_capability_module_eb3d3213a598" at "10:20:30.323"
RemoteTransportConnection: Registry connect attempt started (no peer contact yet): "local:logos_capability_module_eb3d3213a598"
LogosAPIConsumer: Informing module token for module: "capability_module" with token: "redacted:53c126de…"
RemoteTransportConnection: Requesting object: "capability_module" at "10:20:30.323"
[LogosObject] RemoteTransportConnection: returning RemoteLogosObject for: "capability_module"
[LogosObject] Created RemoteLogosObject wrapping QRemoteObjectReplica 105553179328512
[LogosObject] LogosAPIConsumer: calling LogosObject::informModuleToken for "capability_module"
LogosAPIConsumer: informModuleToken completed with result: true
[LogosObject] Destroying RemoteLogosObject 0
[2026-10-02 10:20:30.323] [info] [logos] Module loaded: capability_module
LogosAPIConsumer: Informing module token for module: "modules_state" with token: "redacted:552f1c7b…"
RemoteTransportConnection: Requesting object: "capability_module" at "10:20:30.351"
[LogosObject] RemoteTransportConnection: returning RemoteLogosObject for: "capability_module"
[LogosObject] Created RemoteLogosObject wrapping QRemoteObjectReplica 105553179377728
[LogosObject] LogosAPIConsumer: calling LogosObject::informModuleToken for "modules_state"
LogosAPIConsumer: informModuleToken completed with result: true
[LogosObject] Destroying RemoteLogosObject 0
[2026-10-02 10:20:30.350] [info] [logos] Module loaded: modules_state
RemoteTransportConnection: Connecting to registry: "local:logos_modules_state_eb3d3213a598" at "10:20:30.351"
RemoteTransportConnection: Registry connect attempt started (no peer contact yet): "local:logos_modules_state_eb3d3213a598"
RemoteTransportConnection: Connecting to registry: "local:logos_capability_module_eb3d3213a598" at "10:20:30.351"
RemoteTransportConnection: Registry connect attempt started (no peer contact yet): "local:logos_capability_module_eb3d3213a598"
LogosAPIConsumer: '"modules_state"::""' deferred pending the module becoming reachable
LogosAPIConsumer: '"modules_state"::""' deferred pending the module becoming reachable
Logos Core started (modules dir: "/nix/store/4v2cj5cr5dlsjb9cl0blr0cds0qf07iv-logos-forum_module-plugin-dir-modules" )
Set app icon from metadata: "/nix/store/75y0ikf2rmd03wjspwzcgpq9rk0i8njk-logos-forum_module-plugin-dir/src/icons/icon.png"
[2026-10-02 10:20:30.380] [info] [logos] [delivery_module] DeliveryModuleImpl: Initializing...
LogosAPIConsumer: Informing module token for module: "delivery_module" with token: "redacted:0ea47885…"
RemoteTransportConnection: Requesting object: "capability_module" at "10:20:30.381"
[LogosObject] RemoteTransportConnection: returning RemoteLogosObject for: "capability_module"
[LogosObject] Created RemoteLogosObject wrapping QRemoteObjectReplica 105553179379136
[LogosObject] LogosAPIConsumer: calling LogosObject::informModuleToken for "delivery_module"
LogosAPIConsumer: informModuleToken completed with result: true
[LogosObject] Destroying RemoteLogosObject 0
[2026-10-02 10:20:30.381] [info] [logos] Module loaded: delivery_module
RemoteTransportConnection: Connecting to registry: "local:logos_delivery_module_eb3d3213a598" at "10:20:30.381"
RemoteTransportConnection: Registry connect attempt started (no peer contact yet): "local:logos_delivery_module_eb3d3213a598"
RemoteTransportConnection: Connecting to registry: "local:logos_capability_module_eb3d3213a598" at "10:20:30.381"
RemoteTransportConnection: Registry connect attempt started (no peer contact yet): "local:logos_capability_module_eb3d3213a598"
LogosAPIConsumer: '"delivery_module"::""' deferred pending the module becoming reachable
LogosAPIClient: getToken for module: "modules_state"
LogosAPIClient: Found token for module: "modules_state"
RemoteTransportConnection: Requesting object: "modules_state" at "10:20:30.381"
[LogosObject] RemoteTransportConnection: returning RemoteLogosObject for: "modules_state"
[LogosObject] Created RemoteLogosObject wrapping QRemoteObjectReplica 105553179361376
[LogosObject] LogosAPIConsumer: async calling via LogosObject::callMethodAsync "note_transition"
[LogosObject] RemoteLogosObject::callMethodAsync "note_transition" args: 7
LogosAPIClient: getToken for module: "modules_state"
LogosAPIClient: Found token for module: "modules_state"
[LogosObject] LogosAPIConsumer: async calling via LogosObject::callMethodAsync "note_transition"
[LogosObject] RemoteLogosObject::callMethodAsync "note_transition" args: 7
Loaded dependency (with transitive deps): "delivery_module"
[2026-10-02 10:20:30.409] [info] [logos] [storage_module] StorageModuleImpl: Initializing...
LogosAPIConsumer: Informing module token for module: "storage_module" with token: "redacted:d1e15225…"
RemoteTransportConnection: Requesting object: "capability_module" at "10:20:30.410"
[LogosObject] Created RemoteLogosObject wrapping QRemoteObjectReplica 105553179378976
LogosAPIClient: invoking remote method "modules_state" "apply_snapshot" args_count: 1
LogosAPIClient: getToken for module: "modules_state"
LogosAPIClient: Found token for module: "modules_state"
LogosAPIConsumer: Calling invokeRemoteMethod: "modules_state" "apply_snapshot" args_count: 1 timeout: 20000
[LogosObject] LogosAPIConsumer: calling via LogosObject::callMethod "apply_snapshot"
[LogosObject] RemoteLogosObject::callMethod "apply_snapshot" args: 1
[LogosObject] Created RemoteLogosObject wrapping QRemoteObjectReplica 105553179433888
LogosAPIClient: getToken for module: "modules_state"
LogosAPIClient: Found token for module: "modules_state"
[LogosObject] LogosAPIConsumer: async calling via LogosObject::callMethodAsync "note_transition"
[LogosObject] RemoteLogosObject::callMethodAsync "note_transition" args: 7
LogosAPIClient: getToken for module: "modules_state"
LogosAPIClient: Found token for module: "modules_state"
[LogosObject] LogosAPIConsumer: async calling via LogosObject::callMethodAsync "note_transition"
[LogosObject] RemoteLogosObject::callMethodAsync "note_transition" args: 7
[2026-10-02 10:20:30.410] [info] [logos] Pushed module snapshot to modules_state
LogosAPIClient: getToken for module: "modules_state"
LogosAPIClient: Found token for module: "modules_state"
[LogosObject] LogosAPIConsumer: async calling via LogosObject::callMethodAsync "note_transition"
[LogosObject] RemoteLogosObject::callMethodAsync "note_transition" args: 7
[LogosObject] RemoteTransportConnection: returning RemoteLogosObject for: "capability_module"
[LogosObject] Created RemoteLogosObject wrapping QRemoteObjectReplica 105553179428736
[LogosObject] LogosAPIConsumer: calling LogosObject::informModuleToken for "storage_module"
LogosAPIConsumer: informModuleToken completed with result: true
[LogosObject] Destroying RemoteLogosObject 0
[2026-10-02 10:20:30.410] [info] [logos] Module loaded: storage_module
RemoteTransportConnection: Connecting to registry: "local:logos_storage_module_eb3d3213a598" at "10:20:30.410"
RemoteTransportConnection: Registry connect attempt started (no peer contact yet): "local:logos_storage_module_eb3d3213a598"
RemoteTransportConnection: Connecting to registry: "local:logos_capability_module_eb3d3213a598" at "10:20:30.410"
RemoteTransportConnection: Registry connect attempt started (no peer contact yet): "local:logos_capability_module_eb3d3213a598"
LogosAPIConsumer: '"storage_module"::""' deferred pending the module becoming reachable
LogosAPIClient: getToken for module: "modules_state"
LogosAPIClient: Found token for module: "modules_state"
[LogosObject] LogosAPIConsumer: async calling via LogosObject::callMethodAsync "note_transition"
[LogosObject] RemoteLogosObject::callMethodAsync "note_transition" args: 7
Loaded dependency (with transitive deps): "storage_module"
DEV_QML_PATH override active: <repo>/src/qml/Main.qml
RemoteTransportConnection: Connecting to registry: "local:logos_capability_module_eb3d3213a598" at "10:20:30.410"
RemoteTransportConnection: Registry connect attempt started (no peer contact yet): "local:logos_capability_module_eb3d3213a598"
LogosAPIConsumer: Informing module token for module: "forum_module" with token: "redacted:88b07753…"
RemoteTransportConnection: Requesting object: "capability_module" at "10:20:30.410"
[LogosObject] RemoteTransportConnection: returning RemoteLogosObject for: "capability_module"
[LogosObject] Created RemoteLogosObject wrapping QRemoteObjectReplica 105553179381696
[LogosObject] LogosAPIConsumer: calling LogosObject::informModuleToken for "forum_module"
[LogosObject] Created RemoteLogosObject wrapping QRemoteObjectReplica 105553179380640
LogosAPIClient: getToken for module: "modules_state"
LogosAPIClient: Found token for module: "modules_state"
[LogosObject] LogosAPIConsumer: async calling via LogosObject::callMethodAsync "note_transition"
[LogosObject] RemoteLogosObject::callMethodAsync "note_transition" args: 7
LogosAPIConsumer: informModuleToken completed with result: true
[LogosObject] Destroying RemoteLogosObject 0
[2026-10-02 10:20:30.439] [warning] [logos] [capability_module] Warning: QObject::connect: No such signal ::eventResponse(QString,QVariantList)
[2026-10-02 10:20:30.440] [info] [logos] [delivery_module] DeliveryModuleImpl::getNodeInfo called with nodeInfoId: MyPeerId
[2026-10-02 10:20:30.440] [info] [logos] [delivery_module] DeliveryModuleImpl: Cannot get node info - context not initialized. Call createNode first.
[2026-10-02 10:20:30.440] [info] [logos] [delivery_module] DeliveryModuleImpl::createNode called
[2026-10-02 10:20:30.445] [info] [logos] [delivery_module] DeliveryModuleImpl: Waiting for createNode callback...
[2026-10-02 10:20:30.446] [out] [delivery_module] DBG 2026-10-02 10:20:30.446+02:00 Whether to mount storeSync is not specified, defaulting to not mounting topics="waku conf builder" tid=42785929
[2026-10-02 10:20:30.446] [out] [delivery_module] INF 2026-10-02 10:20:30.446+02:00 Sharding configuration:                    topics="waku conf builder" tid=42785929 shardingConf="(kind: AutoSharding, numShardsInCluster: 1)" subscribeShards=@[0]
[2026-10-02 10:20:30.446] [out] [delivery_module] INF 2026-10-02 10:20:30.446+02:00 Configuration: Enabled protocols           topics="waku conf" tid=42785929 relay=true rlnRelay=false store=false filter=false lightPush=false peerExchange=false rendezvous=false
[2026-10-02 10:20:30.446] [out] [delivery_module] INF 2026-10-02 10:20:30.446+02:00 Configuration. Network                     topics="waku conf" tid=42785929 cluster=42
[2026-10-02 10:20:30.446] [out] [delivery_module] DBG 2026-10-02 10:20:30.446+02:00 Configuration. Active Relay Shards         topics="waku conf" tid=42785929 shard=0
[2026-10-02 10:20:30.446] [out] [delivery_module] INF 2026-10-02 10:20:30.446+02:00 Setting up storage                         tid=42785929
[2026-10-02 10:20:30.446] [out] [delivery_module] INF 2026-10-02 10:20:30.446+02:00 Initializing node                          tid=42785929
[2026-10-02 10:20:30.447] [out] [delivery_module] INF 2026-10-02 10:20:30.447+02:00 Initializing networking                    tid=42785929 addrs=@[/ip4/127.0.0.1/tcp/49273]
[2026-10-02 10:20:30.447] [out] [delivery_module] INF 2026-10-02 10:20:30.447+02:00 Mounting protocols                         tid=42785929
[2026-10-02 10:20:30.447] [out] [delivery_module] INF 2026-10-02 10:20:30.447+02:00 Created WakuMetadata protocol              topics="waku node" tid=42785929 clusterId=42 shards="[0]"
[2026-10-02 10:20:30.447] [out] [delivery_module] INF 2026-10-02 10:20:30.447+02:00 Mounting mix protocol                      topics="waku node" tid=42785929INF 2026-10-02 10:20:30.447+02:00 node info                                  topics="waku node" tid=42785929 wakuInfo="(listenAddresses: [/ip4/127.0.0.1/tcp/49273/p2p/16Uiu2HAmVqvGgVw5665Pwm255Nc2ry3wRZmgdoAGnS8qEifJht51], enrUri: enr:-JS4QO7kWPex6pubeIbhPgyf4dVDeZWFnDaNHNNQ1qO913_-MvaNjseAYcXAJ7HJ1dAlw3xQWThKxJcY0zgL_AxqnZQBgmlkgnY0gmlwhH8AAAGCcnOFACoBAACJc2VjcDI1NmsxoQP_Y3Q5WRojYEMoLb3q-wsZfDAVwCQlvp92tsVt4KuT5IN0Y3CCwHmFd2FrdTIh, mixPubKey: none())"
[2026-10-02 10:20:30.447] [out] [delivery_module]  nodeId="(listenAddresses: [/ip4/127.0.0.1/tcp/49273/p2p/16Uiu2HAmVqvGgVw5665Pwm255Nc2ry3wRZmgdoAGnS8qEifJht51], enrUri: enr:-JS4QO7kWPex6pubeIbhPgyf4dVDeZWFnDaNHNNQ1qO913_-MvaNjseAYcXAJ7HJ1dAlw3xQWThKxJcY0zgL_AxqnZQBgmlkgnY0gmlwhH8AAAGCcnOFACoBAACJc2VjcDI1NmsxoQP_Y3Q5WRojYEMoLb3q-wsZfDAVwCQlvp92tsVt4KuT5IN0Y3CCwHmFd2FrdTIh, mixPubKey: none())"
[2026-10-02 10:20:30.447] [out] [delivery_module] INF 2026-10-02 10:20:30.447+02:00 local addr                                 topics="waku node" tid=42785929 localaddr=/ip4/127.0.0.1/tcp/49273
[2026-10-02 10:20:30.447] [out] [delivery_module] INF 2026-10-02 10:20:30.447+02:00 mixPubKey                                  topics="waku node" tid=42785929 mixPubKey="[20, 223, 61, 7, 86, 107, 109, 243, 105, 159, 13, 69, 104, 207, 80, 239, 54, 109, 94, 166, 160, 15, 248, 131, 204, 133, 64, 219, 241, 56, 178, 98]"
[2026-10-02 10:20:30.447] [out] [delivery_module] INF 2026-10-02 10:20:30.447+02:00 Using mix bootstrap nodes                  topics="waku mix" tid=42785929 entries=4 poolSize=4
[2026-10-02 10:20:30.447] [out] [delivery_module] INF 2026-10-02 10:20:30.447+02:00 mounting store client                      topics="waku node store api" tid=42785929
[2026-10-02 10:20:30.447] [out] [delivery_module] INF 2026-10-02 10:20:30.447+02:00 Mounting auto sharding                     topics="waku node" tid=42785929 clusterId=42 shardCount=1
[2026-10-02 10:20:30.447] [out] [delivery_module] DBG 2026-10-02 10:20:30.447+02:00 Shards created from content topics         tid=42785929 contentTopics=[] shards=[]
[2026-10-02 10:20:30.447] [out] [delivery_module] DBG 2026-10-02 10:20:30.447+02:00 Setting max message size                   tid=42785929 num_bytes=153600
[2026-10-02 10:20:30.447] [out] [delivery_module] INF 2026-10-02 10:20:30.447+02:00 mounting relay protocol                    topics="waku node relay api" tid=42785929
[2026-10-02 10:20:30.447] [out] [delivery_module] DBG 2026-10-02 10:20:30.447+02:00 relay mounted successfully                 topics="waku node relay api" tid=42785929
[2026-10-02 10:20:30.447] [out] [delivery_module] DBG 2026-10-02 10:20:30.447+02:00 Adding validator to signed shards          tid=42785929 protectedShards=[] clusterId=42
[2026-10-02 10:20:30.447] [out] [delivery_module] INF 2026-10-02 10:20:30.447+02:00 mounting libp2p ping protocol              topics="waku node ping api" tid=42785929
[2026-10-02 10:20:30.447] [out] [delivery_module] INF 2026-10-02 10:20:30.447+02:00 mounting light push client                 topics="waku node lightpush api" tid=42785929
[2026-10-02 10:20:30.447] [out] [delivery_module] INF 2026-10-02 10:20:30.447+02:00 mounting legacy light push client          topics="waku node lightpush api" tid=42785929
[2026-10-02 10:20:30.447] [out] [delivery_module] DBG 2026-10-02 10:20:30.447+02:00 Adding peer to service slots               topics="waku node peer_manager" tid=42785929 peerId=16U*3BrsTs addr=/ip4/127.0.0.1/tcp/49269 service=/vac/waku/lightpush/3.0.0
[2026-10-02 10:20:30.447] [out] [delivery_module] DBG 2026-10-02 10:20:30.447+02:00 Adding peer to service slots               topics="waku node peer_manager" tid=42785929 peerId=16U*3BrsTs addr=/ip4/127.0.0.1/tcp/49269 service=/vac/waku/lightpush/2.0.0-beta1
[2026-10-02 10:20:30.447] [out] [delivery_module] INF 2026-10-02 10:20:30.447+02:00 mounting filter client                     topics="waku node filter api" tid=42785929
[2026-10-02 10:20:30.447] [out] [delivery_module] INF 2026-10-02 10:20:30.447+02:00 mounting waku peer exchange client         topics="waku node peerexchange api" tid=42785929
[2026-10-02 10:20:30.447] [out] [delivery_module] INF 2026-10-02 10:20:30.447+02:00 No external callbacks to be set            topics="wakunode waku" tid=42785929
[2026-10-02 10:20:30.447] [out] [delivery_module] INF 2026-10-02 10:20:30.447+02:00 Setting up AutonatService                  topics="libp2p autonatservice" tid=42785929
[2026-10-02 10:20:30.448] [info] [logos] [delivery_module] DeliveryModuleImpl::createNode callback called with ret: 0
[2026-10-02 10:20:30.449] [info] [logos] [delivery_module] DeliveryModuleImpl: Delivery context created successfully
[2026-10-02 10:20:30.449] [info] [logos] [delivery_module] DeliveryModuleImpl::start called
[2026-10-02 10:20:30.449] [out] [delivery_module] INF 2026-10-02 10:20:30.449+02:00 Retrieve dynamic bootstrap nodes           topics="wakunode waku" tid=42785929
[2026-10-02 10:20:30.449] [info] [logos] [delivery_module] DeliveryModuleImpl::getNodeInfo called with nodeInfoId: MyPeerId
[2026-10-02 10:20:30.449] [out] [delivery_module] INF 2026-10-02 10:20:30.449+02:00 Running nwaku node                         tid=42785929 version=v0.39.0-gca2814
[2026-10-02 10:20:30.449] [out] [delivery_module] INF 2026-10-02 10:20:30.449+02:00 Starting Waku node                         topics="waku node" tid=42785929 version=v0.39.0-gca2814
[2026-10-02 10:20:30.449] [out] [delivery_module] DBG 2026-10-02 10:20:30.449+02:00 starting switch for peer                   topics="libp2p switch" tid=42785929 peerInfo="(peerId: 16Uiu2HAmVqvGgVw5665Pwm255Nc2ry3wRZmgdoAGnS8qEifJht51, listenAddrs: [/ip4/127.0.0.1/tcp/49273], addrs: [], protocols: [/ipfs/id/1.0.0, /libp2p/autonat/1.0.0, /libp2p/circuit/relay/0.2.0/hop, /vac/waku/metadata/1.0.0, /mix/1.0.0, /vac/waku/relay/2.0.0, /ipfs/ping/1.0.0, /vac/waku/filter-push/2.0.0-beta1], protoVersion: ipfs/0.1.0, agentVersion: logos-delivery-v0.39.0-gca2814)"
[2026-10-02 10:20:30.449] [out] [delivery_module] DBG 2026-10-02 10:20:30.449+02:00 About to accept incoming connection        topics="libp2p switch" tid=42785929
[2026-10-02 10:20:30.449] [out] [delivery_module] INF 2026-10-02 10:20:30.449+02:00 start                                      topics="waku relay" tid=42785929
[2026-10-02 10:20:30.449] [out] [delivery_module] DBG 2026-10-02 10:20:30.449+02:00 Started libp2p node                        topics="libp2p switch" tid=42785929 peer="(peerId: 16Uiu2HAmVqvGgVw5665Pwm255Nc2ry3wRZmgdoAGnS8qEifJht51, listenAddrs: [/ip4/127.0.0.1/tcp/49273], addrs: [/ip4/127.0.0.1/tcp/49273], protocols: [/ipfs/id/1.0.0, /libp2p/autonat/1.0.0, /libp2p/circuit/relay/0.2.0/hop, /vac/waku/metadata/1.0.0, /mix/1.0.0, /vac/waku/relay/2.0.0, /ipfs/ping/1.0.0, /vac/waku/filter-push/2.0.0-beta1], protoVersion: ipfs/0.1.0, agentVersion: logos-delivery-v0.39.0-gca2814)"
[2026-10-02 10:20:30.450] [out] [delivery_module] INF 2026-10-02 10:20:30.450+02:00 Announced base resolved                    topics="waku node" tid=42785929 addrs=@[/ip4/127.0.0.1/tcp/49273] explicit=@[/ip4/127.0.0.1/tcp/49273]
[2026-10-02 10:20:30.450] [out] [delivery_module] DBG 2026-10-02 10:20:30.450+02:00 ENR addresses updated                      topics="waku enr" tid=42785929 retained=1 total=1
[2026-10-02 10:20:30.451] [out] [delivery_module] INF 2026-10-02 10:20:30.451+02:00 Node started successfully                  topics="waku node" tid=42785929
[2026-10-02 10:20:30.451] [out] [delivery_module] DBG 2026-10-02 10:20:30.451+02:00 Dialing multiple peers                     tid=42785929 numOfPeers=4 nodes="@[\"/ip4/127.0.0.1/tcp/49269/p2p/16Uiu2HAm6NTtaGeJFTVES3QKidiXWXD5itSqPHw7vDP5a63BrsTs\", \"/ip4/127.0.0.1/tcp/49270/p2p/16Uiu2HAm9RuAmoEe77UhrWf4JiHEi8JyG51no4vU8z8ZSjTiAPuF\", \"/ip4/127.0.0.1/tcp/49271/p2p/16Uiu2HAm39TrG4JKoNFpHY7FaPMzSao3mQyKqw4vn83MgAuHPPtB\", \"/ip4/127.0.0.1/tcp/49272/p2p/16Uiu2HAm7ca5KyCwzmjEA7eV8rf28r8XR74B2pTdMd9jTfxJeNMj\"]"
[2026-10-02 10:20:30.451] [out] [delivery_module] DBG 2026-10-02 10:20:30.451+02:00 Dialing peer                               topics="libp2p dialer" tid=42785929 peerId=16U*3BrsTs addrs="[/ip4/127.0.0.1/tcp/49269]"
[2026-10-02 10:20:30.451] [out] [delivery_module] DBG 2026-10-02 10:20:30.451+02:00 Expanded address and hostname              topics="libp2p dialer" tid=42785929 expandedAddress=/ip4/127.0.0.1/tcp/49269 hostname=127.0.0.1 resolvedAddresses="[/ip4/127.0.0.1/tcp/49269]"
[2026-10-02 10:20:30.451] [out] [delivery_module] DBG 2026-10-02 10:20:30.451+02:00 Dialing peer                               topics="libp2p dialer" tid=42785929 peerId=16U*TiAPuF addrs="[/ip4/127.0.0.1/tcp/49270]"
[2026-10-02 10:20:30.451] [out] [delivery_module] DBG 2026-10-02 10:20:30.451+02:00 Expanded address and hostname              topics="libp2p dialer" tid=42785929 expandedAddress=/ip4/127.0.0.1/tcp/49270 hostname=127.0.0.1 resolvedAddresses="[/ip4/127.0.0.1/tcp/49270]"
[2026-10-02 10:20:30.451] [out] [delivery_module] DBG 2026-10-02 10:20:30.451+02:00 Dialing peer                               topics="libp2p dialer" tid=42785929 peerId=16U*uHPPtB addrs="[/ip4/127.0.0.1/tcp/49271]"
[2026-10-02 10:20:30.451] [out] [delivery_module] DBG 2026-10-02 10:20:30.451+02:00 Expanded address and hostname              topics="libp2p dialer" tid=42785929 expandedAddress=/ip4/127.0.0.1/tcp/49271 hostname=127.0.0.1 resolvedAddresses="[/ip4/127.0.0.1/tcp/49271]"
[2026-10-02 10:20:30.451] [out] [delivery_module] DBG 2026-10-02 10:20:30.451+02:00 Dialing peer                               topics="libp2p dialer" tid=42785929 peerId=16U*xJeNMj addrs="[/ip4/127.0.0.1/tcp/49272]"
[2026-10-02 10:20:30.451] [out] [delivery_module] DBG 2026-10-02 10:20:30.451+02:00 Expanded address and hostname              topics="libp2p dialer" tid=42785929 expandedAddress=/ip4/127.0.0.1/tcp/49272 hostname=127.0.0.1 resolvedAddresses="[/ip4/127.0.0.1/tcp/49272]"
[2026-10-02 10:20:30.451] [info] [logos] [delivery_module] DeliveryModuleImpl::subscribe called with contentTopic: /lp0026forum/1/general/text
[2026-10-02 10:20:30.452] [out] [delivery_module] DBG 2026-10-02 10:20:30.452+02:00 Subscribing to pubsub topic                topics="waku relay" tid=42785929 pubsubTopic=/waku/2/rs/42/0
[2026-10-02 10:20:30.452] [info] [logos] [delivery_module] DeliveryModuleImpl: Subscribe completed for topic: /lp0026forum/1/general/text with success
[2026-10-02 10:20:30.452] [out] [delivery_module] DBG 2026-10-02 10:20:30.452+02:00 No mesh peer for the given pubsub topic    topics="waku relay" tid=42785929 pubsubTopic=/waku/2/rs/42/0
[2026-10-02 10:20:30.454] [out] [delivery_module] DBG 2026-10-02 10:20:30.454+02:00 Dial successful                            topics="libp2p dialer" tid=42785929 peerId=16U*3BrsTs
[2026-10-02 10:20:30.454] [out] [delivery_module] DBG 2026-10-02 10:20:30.454+02:00 starting sendNonHighPriorityTask           topics="libp2p pubsubpeer" tid=42785929 p=16U*3BrsTs
[2026-10-02 10:20:30.454] [out] [delivery_module] DBG 2026-10-02 10:20:30.454+02:00 created new pubsub peer                    topics="libp2p pubsub" tid=42785929 peerId=16U*3BrsTs
[2026-10-02 10:20:30.454] [out] [delivery_module] DBG 2026-10-02 10:20:30.454+02:00 no listener registered                     tid=42785930 event=onConnectionChange
[2026-10-02 10:20:30.454] [out] [delivery_module] DBG 2026-10-02 10:20:30.454+02:00 Incoming WakuRelay connection              topics="waku relay" tid=42785929 connection=16U*3BrsTs:6abf694ec64950cd33c55a30 protocol=/vac/waku/relay/2.0.0
[2026-10-02 10:20:30.454] [out] [delivery_module] DBG 2026-10-02 10:20:30.454+02:00 starting pubsub read loop                  topics="libp2p pubsubpeer" tid=42785929 stream=16U*3BrsTs:6abf694ec64950cd33c55a30 peer=16U*3BrsTs closed=false
[2026-10-02 10:20:30.454] [out] [delivery_module] DBG 2026-10-02 10:20:30.454+02:00 identify: info sent                        topics="libp2p identify" tid=42785929 stream=16U*3BrsTs:6abf694ec64950cd33c55a31 info="(peerId: 16Uiu2HAmVqvGgVw5665Pwm255Nc2ry3wRZmgdoAGnS8qEifJht51, listenAddrs: [/ip4/127.0.0.1/tcp/49273], addrs: [/ip4/127.0.0.1/tcp/49273], protocols: [/ipfs/id/1.0.0, /libp2p/autonat/1.0.0, /libp2p/circuit/relay/0.2.0/hop, /vac/waku/metadata/1.0.0, /mix/1.0.0, /vac/waku/relay/2.0.0, /ipfs/ping/1.0.0, /vac/waku/filter-push/2.0.0-beta1], protoVersion: ipfs/0.1.0, agentVersion: logos-delivery-v0.39.0-gca2814)"
[2026-10-02 10:20:30.454] [out] [delivery_module] DBG 2026-10-02 10:20:30.454+02:00 Dial successful                            topics="libp2p dialer" tid=42785929 peerId=16U*xJeNMj
[2026-10-02 10:20:30.455] [out] [delivery_module] DBG 2026-10-02 10:20:30.455+02:00 starting sendNonHighPriorityTask           topics="libp2p pubsubpeer" tid=42785929 p=16U*xJeNMj
[2026-10-02 10:20:30.455] [out] [delivery_module] DBG 2026-10-02 10:20:30.455+02:00 created new pubsub peer                    topics="libp2p pubsub" tid=42785929 peerId=16U*xJeNMj
[2026-10-02 10:20:30.455] [out] [delivery_module] DBG 2026-10-02 10:20:30.455+02:00 no listener registered                     tid=42785930 event=onConnectionChange
[2026-10-02 10:20:30.455] [out] [delivery_module] DBG 2026-10-02 10:20:30.455+02:00 Dial successful                            topics="libp2p dialer" tid=42785929 peerId=16U*uHPPtB
[2026-10-02 10:20:30.455] [out] [delivery_module] DBG 2026-10-02 10:20:30.455+02:00 Dial successful                            topics="libp2p dialer" tid=42785929 peerId=16U*TiAPuF
[2026-10-02 10:20:30.455] [out] [delivery_module] DBG 2026-10-02 10:20:30.455+02:00 starting sendNonHighPriorityTask           topics="libp2p pubsubpeer" tid=42785929 p=16U*uHPPtB
[2026-10-02 10:20:30.455] [out] [delivery_module] DBG 2026-10-02 10:20:30.455+02:00 created new pubsub peer                    topics="libp2p pubsub" tid=42785929 peerId=16U*uHPPtB
[2026-10-02 10:20:30.455] [out] [delivery_module] DBG 2026-10-02 10:20:30.455+02:00 no listener registered                     tid=42785930 event=onConnectionChange
[2026-10-02 10:20:30.455] [out] [delivery_module] DBG 2026-10-02 10:20:30.455+02:00 starting sendNonHighPriorityTask           topics="libp2p pubsubpeer" tid=42785929 p=16U*TiAPuF
[2026-10-02 10:20:30.455] [out] [delivery_module] DBG 2026-10-02 10:20:30.455+02:00 created new pubsub peer                    topics="libp2p pubsub" tid=42785929 peerId=16U*TiAPuF
[2026-10-02 10:20:30.455] [out] [delivery_module] DBG 2026-10-02 10:20:30.455+02:00 no listener registered                     tid=42785930 event=onConnectionChange
[2026-10-02 10:20:30.455] [out] [delivery_module] DBG 2026-10-02 10:20:30.455+02:00 Incoming WakuRelay connection              topics="waku relay" tid=42785929 connection=16U*xJeNMj:6abf694ec64950cd33c55a34 protocol=/vac/waku/relay/2.0.0
[2026-10-02 10:20:30.455] [out] [delivery_module] DBG 2026-10-02 10:20:30.455+02:00 starting pubsub read loop                  topics="libp2p pubsubpeer" tid=42785929 stream=16U*xJeNMj:6abf694ec64950cd33c55a34 peer=16U*xJeNMj closed=false
[2026-10-02 10:20:30.455] [out] [delivery_module] DBG 2026-10-02 10:20:30.455+02:00 identify: info sent                        topics="libp2p identify" tid=42785929 stream=16U*xJeNMj:6abf694ec64950cd33c55a35 info="(peerId: 16Uiu2HAmVqvGgVw5665Pwm255Nc2ry3wRZmgdoAGnS8qEifJht51, listenAddrs: [/ip4/127.0.0.1/tcp/49273], addrs: [/ip4/127.0.0.1/tcp/49273], protocols: [/ipfs/id/1.0.0, /libp2p/autonat/1.0.0, /libp2p/circuit/relay/0.2.0/hop, /vac/waku/metadata/1.0.0, /mix/1.0.0, /vac/waku/relay/2.0.0, /ipfs/ping/1.0.0, /vac/waku/filter-push/2.0.0-beta1], protoVersion: ipfs/0.1.0, agentVersion: logos-delivery-v0.39.0-gca2814)"
[2026-10-02 10:20:30.455] [out] [delivery_module] DBG 2026-10-02 10:20:30.455+02:00 Incoming WakuRelay connection              topics="waku relay" tid=42785929 connection=16U*uHPPtB:6abf694ec64950cd33c55a36 protocol=/vac/waku/relay/2.0.0
[2026-10-02 10:20:30.455] [out] [delivery_module] DBG 2026-10-02 10:20:30.455+02:00 starting pubsub read loop                  topics="libp2p pubsubpeer" tid=42785929 stream=16U*uHPPtB:6abf694ec64950cd33c55a36 peer=16U*uHPPtB closed=false
[2026-10-02 10:20:30.455] [out] [delivery_module] DBG 2026-10-02 10:20:30.455+02:00 identify: info sent                        topics="libp2p identify" tid=42785929 stream=16U*uHPPtB:6abf694ec64950cd33c55a37 info="(peerId: 16Uiu2HAmVqvGgVw5665Pwm255Nc2ry3wRZmgdoAGnS8qEifJht51, listenAddrs: [/ip4/127.0.0.1/tcp/49273], addrs: [/ip4/127.0.0.1/tcp/49273], protocols: [/ipfs/id/1.0.0, /libp2p/autonat/1.0.0, /libp2p/circuit/relay/0.2.0/hop, /vac/waku/metadata/1.0.0, /mix/1.0.0, /vac/waku/relay/2.0.0, /ipfs/ping/1.0.0, /vac/waku/filter-push/2.0.0-beta1], protoVersion: ipfs/0.1.0, agentVersion: logos-delivery-v0.39.0-gca2814)"
[2026-10-02 10:20:30.455] [out] [delivery_module] DBG 2026-10-02 10:20:30.455+02:00 Incoming WakuRelay connection              topics="waku relay" tid=42785929 connection=16U*TiAPuF:6abf694ec64950cd33c55a38 protocol=/vac/waku/relay/2.0.0
[2026-10-02 10:20:30.455] [out] [delivery_module] DBG 2026-10-02 10:20:30.455+02:00 starting pubsub read loop                  topics="libp2p pubsubpeer" tid=42785929 stream=16U*TiAPuF:6abf694ec64950cd33c55a38 peer=16U*TiAPuF closed=false
[2026-10-02 10:20:30.455] [out] [delivery_module] DBG 2026-10-02 10:20:30.455+02:00 identify: info sent                        topics="libp2p identify" tid=42785929 stream=16U*TiAPuF:6abf694ec64950cd33c55a39 info="(peerId: 16Uiu2HAmVqvGgVw5665Pwm255Nc2ry3wRZmgdoAGnS8qEifJht51, listenAddrs: [/ip4/127.0.0.1/tcp/49273], addrs: [/ip4/127.0.0.1/tcp/49273], protocols: [/ipfs/id/1.0.0, /libp2p/autonat/1.0.0, /libp2p/circuit/relay/0.2.0/hop, /vac/waku/metadata/1.0.0, /mix/1.0.0, /vac/waku/relay/2.0.0, /ipfs/ping/1.0.0, /vac/waku/filter-push/2.0.0-beta1], protoVersion: ipfs/0.1.0, agentVersion: logos-delivery-v0.39.0-gca2814)"
[2026-10-02 10:20:30.456] [out] [delivery_module] DBG 2026-10-02 10:20:30.456+02:00 identify: info received                    topics="libp2p identify" tid=42785929 stream=16U*3BrsTs:6abf694ec64950cd33c55a33 pubkey=ok(sec...8e62)) addresses=/ip4/127.0.0.1/tcp/49269 protocols=/ipfs/id/1.0.0,/libp2p/autonat/1.0.0,/libp2p/circuit/relay/0.2.0/hop,/vac/waku/metadata/1.0.0,/mix/1.0.0,/vac/waku/relay/2.0.0,/ipfs/ping/1.0.0,/vac/waku/lightpush/3.0.0,/vac/waku/lightpush/2.0.0-beta1,/vac/waku/filter-push/2.0.0-beta1 observable_address=ok(/ip4/127.0.0.1/tcp/49500) proto_version=ipfs/0.1.0 agent_version=logos-delivery-v0.39.0-gca2814 signedPeerRecord=None
[2026-10-02 10:20:30.456] [out] [delivery_module] DBG 2026-10-02 10:20:30.456+02:00 starting pubsub read loop                  topics="libp2p pubsubpeer" tid=42785929 stream=16U*3BrsTs:6abf694ec64950cd33c55a32 peer=16U*3BrsTs closed=false
[2026-10-02 10:20:30.456] [out] [delivery_module] DBG 2026-10-02 10:20:30.456+02:00 Event identified                           topics="waku node peer_manager" tid=42785929 peerId=16U*3BrsTs
[2026-10-02 10:20:30.456] [out] [delivery_module] DBG 2026-10-02 10:20:30.456+02:00 no listener registered                     tid=42785930 event=onConnectionChange
[2026-10-02 10:20:30.456] [out] [delivery_module] DBG 2026-10-02 10:20:30.456+02:00 identify: info received                    topics="libp2p identify" tid=42785929 stream=16U*xJeNMj:6abf694ec64950cd33c55a3b pubkey=ok(sec...d23a)) addresses=/ip4/127.0.0.1/tcp/49272 protocols=/ipfs/id/1.0.0,/libp2p/autonat/1.0.0,/libp2p/circuit/relay/0.2.0/hop,/vac/waku/metadata/1.0.0,/mix/1.0.0,/vac/waku/relay/2.0.0,/ipfs/ping/1.0.0,/vac/waku/lightpush/3.0.0,/vac/waku/lightpush/2.0.0-beta1,/vac/waku/filter-push/2.0.0-beta1 observable_address=ok(/ip4/127.0.0.1/tcp/49503) proto_version=ipfs/0.1.0 agent_version=logos-delivery-v0.39.0-gca2814 signedPeerRecord=None
[2026-10-02 10:20:30.457] [out] [delivery_module] DBG 2026-10-02 10:20:30.457+02:00 identify: info received                    topics="libp2p identify" tid=42785929 stream=16U*uHPPtB:6abf694ec64950cd33c55a3d pubkey=ok(sec...cdfe)) addresses=/ip4/127.0.0.1/tcp/49271 protocols=/ipfs/id/1.0.0,/libp2p/autonat/1.0.0,/libp2p/circuit/relay/0.2.0/hop,/vac/waku/metadata/1.0.0,/mix/1.0.0,/vac/waku/relay/2.0.0,/ipfs/ping/1.0.0,/vac/waku/lightpush/3.0.0,/vac/waku/lightpush/2.0.0-beta1,/vac/waku/filter-push/2.0.0-beta1 observable_address=ok(/ip4/127.0.0.1/tcp/49502) proto_version=ipfs/0.1.0 agent_version=logos-delivery-v0.39.0-gca2814 signedPeerRecord=None
[2026-10-02 10:20:30.457] [out] [delivery_module] DBG 2026-10-02 10:20:30.457+02:00 identify: info received                    topics="libp2p identify" tid=42785929 stream=16U*TiAPuF:6abf694ec64950cd33c55a3f pubkey=ok(sec...f738)) addresses=/ip4/127.0.0.1/tcp/49270 protocols=/ipfs/id/1.0.0,/libp2p/autonat/1.0.0,/libp2p/circuit/relay/0.2.0/hop,/vac/waku/metadata/1.0.0,/mix/1.0.0,/vac/waku/relay/2.0.0,/ipfs/ping/1.0.0,/vac/waku/lightpush/3.0.0,/vac/waku/lightpush/2.0.0-beta1,/vac/waku/filter-push/2.0.0-beta1 observable_address=ok(/ip4/127.0.0.1/tcp/49501) proto_version=ipfs/0.1.0 agent_version=logos-delivery-v0.39.0-gca2814 signedPeerRecord=None
[2026-10-02 10:20:30.457] [out] [delivery_module] DBG 2026-10-02 10:20:30.457+02:00 starting pubsub read loop                  topics="libp2p pubsubpeer" tid=42785929 stream=16U*xJeNMj:6abf694ec64950cd33c55a3a peer=16U*xJeNMj closed=false
[2026-10-02 10:20:30.457] [out] [delivery_module] DBG 2026-10-02 10:20:30.457+02:00 Event identified                           topics="waku node peer_manager" tid=42785929 peerId=16U*xJeNMj
[2026-10-02 10:20:30.457] [out] [delivery_module] DBG 2026-10-02 10:20:30.457+02:00 no listener registered                     tid=42785930 event=onConnectionChange
[2026-10-02 10:20:30.457] [out] [delivery_module] DBG 2026-10-02 10:20:30.457+02:00 starting pubsub read loop                  topics="libp2p pubsubpeer" tid=42785929 stream=16U*uHPPtB:6abf694ec64950cd33c55a3c peer=16U*uHPPtB closed=false
[2026-10-02 10:20:30.457] [out] [delivery_module] DBG 2026-10-02 10:20:30.457+02:00 starting pubsub read loop                  topics="libp2p pubsubpeer" tid=42785929 stream=16U*TiAPuF:6abf694ec64950cd33c55a3e peer=16U*TiAPuF closed=false
[2026-10-02 10:20:30.457] [out] [delivery_module] DBG 2026-10-02 10:20:30.457+02:00 Event identified                           topics="waku node peer_manager" tid=42785929 peerId=16U*uHPPtB
[2026-10-02 10:20:30.457] [out] [delivery_module] DBG 2026-10-02 10:20:30.457+02:00 Event identified                           topics="waku node peer_manager" tid=42785929 peerId=16U*TiAPuF
[2026-10-02 10:20:30.457] [out] [delivery_module] DBG 2026-10-02 10:20:30.457+02:00 no listener registered                     tid=42785930 event=onConnectionChange
[2026-10-02 10:20:30.457] [out] [delivery_module] DBG 2026-10-02 10:20:30.457+02:00 no listener registered                     tid=42785930 event=onConnectionChange
[2026-10-02 10:20:30.458] [out] [delivery_module] DBG 2026-10-02 10:20:30.458+02:00 Received WakuMetadata request              topics="waku metadata" tid=42785929 remoteClusterId=ok(42) remoteShards="[0]" localClusterId=42 localShards="[0]" peer=16U*3BrsTs
[2026-10-02 10:20:30.458] [out] [delivery_module] DBG 2026-10-02 10:20:30.458+02:00 Received WakuMetadata request              topics="waku metadata" tid=42785929 remoteClusterId=ok(42) remoteShards="[0]" localClusterId=42 localShards="[0]" peer=16U*xJeNMj
[2026-10-02 10:20:30.459] [out] [delivery_module] DBG 2026-10-02 10:20:30.459+02:00 Received WakuMetadata request              topics="waku metadata" tid=42785929 remoteClusterId=ok(42) remoteShards="[0]" localClusterId=42 localShards="[0]" peer=16U*uHPPtB
[2026-10-02 10:20:30.459] [out] [delivery_module] DBG 2026-10-02 10:20:30.459+02:00 Received WakuMetadata request              topics="waku metadata" tid=42785929 remoteClusterId=ok(42) remoteShards="[0]" localClusterId=42 localShards="[0]" peer=16U*TiAPuF
[2026-10-02 10:20:30.459] [out] [delivery_module] DBG 2026-10-02 10:20:30.459+02:00 no listener registered                     tid=42785930 event=onConnectionChange
[2026-10-02 10:20:30.460] [out] [delivery_module] DBG 2026-10-02 10:20:30.460+02:00 no listener registered                     tid=42785930 event=onConnectionChange
[2026-10-02 10:20:30.460] [out] [delivery_module] DBG 2026-10-02 10:20:30.460+02:00 no listener registered                     tid=42785930 event=onConnectionChange
[2026-10-02 10:20:30.460] [out] [delivery_module] DBG 2026-10-02 10:20:30.460+02:00 no listener registered                     tid=42785930 event=onConnectionChange
[2026-10-02 10:20:30.460] [out] [delivery_module] DBG 2026-10-02 10:20:30.460+02:00 Finished dialing multiple peers            tid=42785929 successfulConns=4 attempted=4
[2026-10-02 10:20:30.460] [out] [delivery_module] DBG 2026-10-02 10:20:30.460+02:00 Starting peer exchange loop                topics="waku node peerexchange api" tid=42785929
[2026-10-02 10:20:30.460] [out] [delivery_module] DBG 2026-10-02 10:20:30.460+02:00 Retrieving peer info via peer exchange protocol topics="waku node peerexchange api" tid=42785929 amount=5
[2026-10-02 10:20:30.460] [out] [delivery_module] DBG 2026-10-02 10:20:30.460+02:00 Peer exchange request could not be made as no peer exchange peers found topics="waku peer_exchange client" tid=42785929
[2026-10-02 10:20:30.460] [out] [delivery_module] DBG 2026-10-02 10:20:30.460+02:00 Failed to retrieve peer info via peer exchange protocol topics="waku node peerexchange api" tid=42785929 error="(status_code: SERVICE_UNAVAILABLE, status_desc: ok(peer_not_found_failure))"
[2026-10-02 10:20:30.460] [out] [delivery_module] DBG 2026-10-02 10:20:30.460+02:00 Cannot fetch peers from peer exchange      topics="waku node peerexchange api" tid=42785929 cause="(status_code: SERVICE_UNAVAILABLE, status_desc: ok(peer_not_found_failure))"
[2026-10-02 10:20:30.460] [out] [delivery_module] INF 2026-10-02 10:20:30.460+02:00 Relay peer connections                     topics="waku node peer_manager" tid=42785929 inRelayConns=0/50 outRelayConns=4/25 totalConnections=4/150 notConnectedPeers=0 outsideBackoffPeers=0
[2026-10-02 10:20:30.461] [out] [delivery_module] DBG 2026-10-02 10:20:30.461+02:00 ENR addresses updated                      topics="waku enr" tid=42785929 retained=1 total=1
[2026-10-02 10:20:30.461] [out] [delivery_module] INF 2026-10-02 10:20:30.461+02:00 Node is online                             topics="waku online monitor" tid=42785929
[2026-10-02 10:20:30.461] [out] [delivery_module] INF 2026-10-02 10:20:30.461+02:00 Health monitor loop start                  tid=42785929
[2026-10-02 10:20:30.461] [out] [delivery_module] DBG 2026-10-02 10:20:30.461+02:00 calculateConnectionState                   tid=42785929 relayCount=4 storeClientCount=0 lightpushCount=4 filterCount=0
[2026-10-02 10:20:30.461] [out] [delivery_module] DBG 2026-10-02 10:20:30.461+02:00 connectionStatus change                    tid=42785929 oldstatus=Disconnected newstatus=Connected
[2026-10-02 10:20:30.461] [out] [delivery_module] INF 2026-10-02 10:20:30.461+02:00 starting keepalive                         tid=42785929 randomPeersKeepalive=10s allPeersKeepalive=2m
qt.qpa.fonts: Populating font family aliases took 43 ms. Replace uses of missing font family "Sans Serif" with one that exists to avoid this cost. 
[2026-10-02 10:20:30.553] [out] [delivery_module] DBG 2026-10-02 10:20:30.553+02:00 No mesh peer for the given pubsub topic    topics="waku relay" tid=42785929 pubsubTopic=/waku/2/rs/42/0
Loaded UI plugin: "/nix/store/75y0ikf2rmd03wjspwzcgpq9rk0i8njk-logos-forum_module-plugin-dir"
[QmlInspector] Inspector server listening on port 3768
[QmlInspector] Client connected from "::1"
[QmlInspector] Client disconnected
[QmlInspector] Client connected from "::1"
[QmlInspector] Client disconnected
[QmlInspector] Client connected from "::1"
[2026-10-02 10:21:00.453] [out] [delivery_module] DBG 2026-10-02 10:21:00.453+02:00 Accepted an incoming connection            topics="libp2p switch" tid=42785929 conn=:6abf696cc64950cd33c55a51
[2026-10-02 10:21:00.453] [out] [delivery_module] DBG 2026-10-02 10:21:00.453+02:00 About to accept incoming connection        topics="libp2p switch" tid=42785929
[2026-10-02 10:21:00.455] [out] [delivery_module] DBG 2026-10-02 10:21:00.455+02:00 dialMe answer is reachable                 topics="libp2p autonatservice" tid=42785929 peerId=16Uiu2HAm7ca5KyCwzmjEA7eV8rf28r8XR74B2pTdMd9jTfxJeNMj
[2026-10-02 10:21:00.455] [out] [delivery_module] DBG 2026-10-02 10:21:00.455+02:00 Current status                             topics="libp2p autonatservice" tid=42785929 currentStats=Unknown confidence=none() answers=[Reachable]
[2026-10-02 10:21:00.457] [out] [delivery_module] DBG 2026-10-02 10:21:00.457+02:00 Accepted an incoming connection            topics="libp2p switch" tid=42785929 conn=:6abf696cc64950cd33c55a55
[2026-10-02 10:21:00.457] [out] [delivery_module] DBG 2026-10-02 10:21:00.457+02:00 About to accept incoming connection        topics="libp2p switch" tid=42785929
[2026-10-02 10:21:00.459] [out] [delivery_module] DBG 2026-10-02 10:21:00.459+02:00 dialMe answer is reachable                 topics="libp2p autonatservice" tid=42785929 peerId=16Uiu2HAm39TrG4JKoNFpHY7FaPMzSao3mQyKqw4vn83MgAuHPPtB
[2026-10-02 10:21:00.459] [out] [delivery_module] DBG 2026-10-02 10:21:00.459+02:00 Current status                             topics="libp2p autonatservice" tid=42785929 currentStats=Unknown confidence=none() answers=[Reachable, Reachable]
[2026-10-02 10:21:00.460] [out] [delivery_module] DBG 2026-10-02 10:21:00.460+02:00 Accepted an incoming connection            topics="libp2p switch" tid=42785929 conn=:6abf696cc64950cd33c55a59
[2026-10-02 10:21:00.460] [out] [delivery_module] DBG 2026-10-02 10:21:00.460+02:00 About to accept incoming connection        topics="libp2p switch" tid=42785929
[2026-10-02 10:21:00.463] [out] [delivery_module] DBG 2026-10-02 10:21:00.463+02:00 dialMe answer is reachable                 topics="libp2p autonatservice" tid=42785929 peerId=16Uiu2HAm9RuAmoEe77UhrWf4JiHEi8JyG51no4vU8z8ZSjTiAPuF
[2026-10-02 10:21:00.463] [out] [delivery_module] DBG 2026-10-02 10:21:00.463+02:00 Current status                             topics="libp2p autonatservice" tid=42785929 currentStats=Reachable confidence=ok(1.0) answers=[Reachable, Reachable, Reachable]
[2026-10-02 10:21:00.463] [out] [delivery_module] DBG 2026-10-02 10:21:00.463+02:00 Peer reachability status                   tid=42785929 networkReachability=Reachable confidence=1.0
[QmlInspector] Client disconnected
[QmlInspector] Client connected from "::1"
[QmlInspector] Client disconnected
