run-logos-standalone-ui: hot-reloading QML from <repo>/src/qml
  (export DEV_QML_PATH to override, or LOGOS_QML_HOT_RELOAD=0 to disable)
Session directory: "~/Library/Application Support/Logos/LogosStandalone"
[2026-10-04 18:44:32.309] [info] [logos] Granting host services to 'capability_module': token_registry,token_delivery
[2026-10-04 18:44:32.333] [out] [capability_module] [2026-10-04 18:44:32.332] [info] Granting host services to capability_module: ["token_registry","token_delivery"]
RemoteTransportConnection: Connecting to registry: "local:logos_capability_module_d556797e9ed9" at "18:44:32.333"
RemoteTransportConnection: Registry connect attempt started (no peer contact yet): "local:logos_capability_module_d556797e9ed9"
LogosAPIConsumer: Informing module token for module: "capability_module" with token: "redacted:eea8c15f…"
RemoteTransportConnection: Requesting object: "capability_module" at "18:44:32.334"
[LogosObject] RemoteTransportConnection: returning RemoteLogosObject for: "capability_module"
[LogosObject] Created RemoteLogosObject wrapping QRemoteObjectReplica 105553153078368
[LogosObject] LogosAPIConsumer: calling LogosObject::informModuleToken for "capability_module"
LogosAPIConsumer: informModuleToken completed with result: true
[LogosObject] Destroying RemoteLogosObject 0
[2026-10-04 18:44:32.354] [info] [logos] Module loaded: capability_module
LogosAPIConsumer: Informing module token for module: "modules_state" with token: "redacted:2fb15c57…"
RemoteTransportConnection: Requesting object: "capability_module" at "18:44:32.380"
[LogosObject] RemoteTransportConnection: returning RemoteLogosObject for: "capability_module"
[LogosObject] Created RemoteLogosObject wrapping QRemoteObjectReplica 105553153358688
[LogosObject] LogosAPIConsumer: calling LogosObject::informModuleToken for "modules_state"
LogosAPIConsumer: informModuleToken completed with result: true
[LogosObject] Destroying RemoteLogosObject 0
[2026-10-04 18:44:32.384] [info] [logos] Module loaded: modules_state
RemoteTransportConnection: Connecting to registry: "local:logos_modules_state_d556797e9ed9" at "18:44:32.384"
RemoteTransportConnection: Registry connect attempt started (no peer contact yet): "local:logos_modules_state_d556797e9ed9"
RemoteTransportConnection: Connecting to registry: "local:logos_capability_module_d556797e9ed9" at "18:44:32.384"
RemoteTransportConnection: Registry connect attempt started (no peer contact yet): "local:logos_capability_module_d556797e9ed9"
LogosAPIConsumer: '"modules_state"::""' deferred pending the module becoming reachable
LogosAPIConsumer: '"modules_state"::""' deferred pending the module becoming reachable
Logos Core started (modules dir: "/nix/store/4v2cj5cr5dlsjb9cl0blr0cds0qf07iv-logos-forum_module-plugin-dir-modules" )
Set app icon from metadata: "/nix/store/a520x5a79fn5a479j7jly13nzv3iln5x-logos-forum_module-plugin-dir/src/icons/icon.png"
[2026-10-04 18:44:32.416] [info] [logos] [delivery_module] DeliveryModuleImpl: Initializing...
LogosAPIConsumer: Informing module token for module: "delivery_module" with token: "redacted:8c5184d3…"
RemoteTransportConnection: Requesting object: "capability_module" at "18:44:32.417"
[LogosObject] RemoteTransportConnection: returning RemoteLogosObject for: "capability_module"
[LogosObject] Created RemoteLogosObject wrapping QRemoteObjectReplica 105553153320288
[LogosObject] LogosAPIConsumer: calling LogosObject::informModuleToken for "delivery_module"
LogosAPIConsumer: informModuleToken completed with result: true
[LogosObject] Destroying RemoteLogosObject 0
[2026-10-04 18:44:32.417] [info] [logos] Module loaded: delivery_module
RemoteTransportConnection: Connecting to registry: "local:logos_delivery_module_d556797e9ed9" at "18:44:32.418"
RemoteTransportConnection: Registry connect attempt started (no peer contact yet): "local:logos_delivery_module_d556797e9ed9"
RemoteTransportConnection: Connecting to registry: "local:logos_capability_module_d556797e9ed9" at "18:44:32.418"
RemoteTransportConnection: Registry connect attempt started (no peer contact yet): "local:logos_capability_module_d556797e9ed9"
LogosAPIConsumer: '"delivery_module"::""' deferred pending the module becoming reachable
LogosAPIClient: getToken for module: "modules_state"
LogosAPIClient: Found token for module: "modules_state"
RemoteTransportConnection: Requesting object: "modules_state" at "18:44:32.418"
[LogosObject] RemoteTransportConnection: returning RemoteLogosObject for: "modules_state"
[LogosObject] Created RemoteLogosObject wrapping QRemoteObjectReplica 105553153047456
[LogosObject] LogosAPIConsumer: async calling via LogosObject::callMethodAsync "note_transition"
[LogosObject] RemoteLogosObject::callMethodAsync "note_transition" args: 7
LogosAPIClient: getToken for module: "modules_state"
LogosAPIClient: Found token for module: "modules_state"
[LogosObject] LogosAPIConsumer: async calling via LogosObject::callMethodAsync "note_transition"
[LogosObject] RemoteLogosObject::callMethodAsync "note_transition" args: 7
Loaded dependency (with transitive deps): "delivery_module"
[2026-10-04 18:44:32.441] [info] [logos] [storage_module] StorageModuleImpl: Initializing...
LogosAPIConsumer: Informing module token for module: "storage_module" with token: "redacted:000d9242…"
RemoteTransportConnection: Requesting object: "capability_module" at "18:44:32.442"
[LogosObject] Created RemoteLogosObject wrapping QRemoteObjectReplica 105553153038720
LogosAPIClient: invoking remote method "modules_state" "apply_snapshot" args_count: 1
LogosAPIClient: getToken for module: "modules_state"
LogosAPIClient: Found token for module: "modules_state"
LogosAPIConsumer: Calling invokeRemoteMethod: "modules_state" "apply_snapshot" args_count: 1 timeout: 20000
[LogosObject] LogosAPIConsumer: calling via LogosObject::callMethod "apply_snapshot"
[LogosObject] RemoteLogosObject::callMethod "apply_snapshot" args: 1
[LogosObject] Created RemoteLogosObject wrapping QRemoteObjectReplica 105553153141152
LogosAPIClient: getToken for module: "modules_state"
LogosAPIClient: Found token for module: "modules_state"
[LogosObject] LogosAPIConsumer: async calling via LogosObject::callMethodAsync "note_transition"
[LogosObject] RemoteLogosObject::callMethodAsync "note_transition" args: 7
LogosAPIClient: getToken for module: "modules_state"
LogosAPIClient: Found token for module: "modules_state"
[LogosObject] LogosAPIConsumer: async calling via LogosObject::callMethodAsync "note_transition"
[LogosObject] RemoteLogosObject::callMethodAsync "note_transition" args: 7
[2026-10-04 18:44:32.443] [info] [logos] Pushed module snapshot to modules_state
LogosAPIClient: getToken for module: "modules_state"
LogosAPIClient: Found token for module: "modules_state"
[LogosObject] LogosAPIConsumer: async calling via LogosObject::callMethodAsync "note_transition"
[LogosObject] RemoteLogosObject::callMethodAsync "note_transition" args: 7
[LogosObject] RemoteTransportConnection: returning RemoteLogosObject for: "capability_module"
[LogosObject] Created RemoteLogosObject wrapping QRemoteObjectReplica 105553153294752
[LogosObject] LogosAPIConsumer: calling LogosObject::informModuleToken for "storage_module"
LogosAPIConsumer: informModuleToken completed with result: true
[LogosObject] Destroying RemoteLogosObject 0
[2026-10-04 18:44:32.443] [info] [logos] Module loaded: storage_module
RemoteTransportConnection: Connecting to registry: "local:logos_storage_module_d556797e9ed9" at "18:44:32.444"
RemoteTransportConnection: Registry connect attempt started (no peer contact yet): "local:logos_storage_module_d556797e9ed9"
RemoteTransportConnection: Connecting to registry: "local:logos_capability_module_d556797e9ed9" at "18:44:32.444"
RemoteTransportConnection: Registry connect attempt started (no peer contact yet): "local:logos_capability_module_d556797e9ed9"
LogosAPIConsumer: '"storage_module"::""' deferred pending the module becoming reachable
LogosAPIClient: getToken for module: "modules_state"
LogosAPIClient: Found token for module: "modules_state"
[LogosObject] LogosAPIConsumer: async calling via LogosObject::callMethodAsync "note_transition"
[LogosObject] RemoteLogosObject::callMethodAsync "note_transition" args: 7
Loaded dependency (with transitive deps): "storage_module"
DEV_QML_PATH override active: <repo>/src/qml/Main.qml
RemoteTransportConnection: Connecting to registry: "local:logos_capability_module_d556797e9ed9" at "18:44:32.444"
RemoteTransportConnection: Registry connect attempt started (no peer contact yet): "local:logos_capability_module_d556797e9ed9"
LogosAPIConsumer: Informing module token for module: "forum_module" with token: "redacted:a9617fd2…"
RemoteTransportConnection: Requesting object: "capability_module" at "18:44:32.444"
[LogosObject] RemoteTransportConnection: returning RemoteLogosObject for: "capability_module"
[LogosObject] Created RemoteLogosObject wrapping QRemoteObjectReplica 105553153296736
[LogosObject] LogosAPIConsumer: calling LogosObject::informModuleToken for "forum_module"
[LogosObject] Created RemoteLogosObject wrapping QRemoteObjectReplica 105553153296128
LogosAPIClient: getToken for module: "modules_state"
LogosAPIClient: Found token for module: "modules_state"
[LogosObject] LogosAPIConsumer: async calling via LogosObject::callMethodAsync "note_transition"
[LogosObject] RemoteLogosObject::callMethodAsync "note_transition" args: 7
LogosAPIConsumer: informModuleToken completed with result: true
[LogosObject] Destroying RemoteLogosObject 0
Loaded UI plugin: "/nix/store/a520x5a79fn5a479j7jly13nzv3iln5x-logos-forum_module-plugin-dir"
[QmlInspector] Inspector server listening on port 3769
[QmlInspector] Client connected from "::1"
[2026-10-04 18:44:40.264] [warning] [logos] [capability_module] Warning: QObject::connect: No such signal ::eventResponse(QString,QVariantList)
[2026-10-04 18:44:40.264] [info] [logos] [storage_module] StorageModuleImpl::init called
[2026-10-04 18:44:40.266] [out] [storage_module] WRN 2026-10-04 18:44:40.265+02:00 Data directory has insecure permissions. Correcting them. tid=6120526 data_dir=~/.local/share/lp0026-forum-dev/m7-storage/b-storage current_permissions=0755 required_permissions=0700
[2026-10-04 18:44:40.266] [out] [storage_module] INF 2026-10-04 18:44:40.266+02:00 Creating a private key and saving it       tid=6120526
[2026-10-04 18:44:40.266] [out] [storage_module] WRN 2026-10-04 18:44:40.266+02:00 Node has been marked with --no-bootstrap-node and will NOT be bootstrapped topics="libstorage libstoragelifecycle" tid=6120526
[2026-10-04 18:44:40.266] [out] [storage_module] INF 2026-10-04 18:44:40.266+02:00 Threadpool started                         topics="libstorage libstoragelifecycle" tid=6120526 numThreads=12
[2026-10-04 18:44:40.268] [info] [logos] [storage_module] StorageModuleImpl::start called
[2026-10-04 18:44:40.268] [out] [storage_module] WRN 2026-10-04 18:44:40.268+02:00 No key for a QueryResponse                 topics="storage repostore" tid=6120526
[2026-10-04 18:44:40.268] [out] [storage_module] NTC 2026-10-04 18:44:40.268+02:00 Started Storage node                       topics="storage node" tid=6120526 id=16U*Cy2UTS addrs="[/ip4/127.0.0.1/tcp/8572]"
[QmlInspector] Client disconnected
