run-logos-standalone-ui: hot-reloading QML from <repo>/src/qml
  (export DEV_QML_PATH to override, or LOGOS_QML_HOT_RELOAD=0 to disable)
Session directory: "~/Library/Application Support/Logos/LogosStandalone"
[2026-10-03 21:11:47.085] [info] [logos] Granting host services to 'capability_module': token_registry,token_delivery
[2026-10-03 21:11:47.125] [out] [capability_module] [2026-10-03 21:11:47.124] [info] Granting host services to capability_module: ["token_registry","token_delivery"]
RemoteTransportConnection: Connecting to registry: "local:logos_capability_module_e74a1ecbff11" at "21:11:47.129"
RemoteTransportConnection: Registry connect attempt started (no peer contact yet): "local:logos_capability_module_e74a1ecbff11"
LogosAPIConsumer: Informing module token for module: "capability_module" with token: "redacted:706428a9…"
RemoteTransportConnection: Requesting object: "capability_module" at "21:11:47.130"
[LogosObject] RemoteTransportConnection: returning RemoteLogosObject for: "capability_module"
[LogosObject] Created RemoteLogosObject wrapping QRemoteObjectReplica 105553133160768
[LogosObject] LogosAPIConsumer: calling LogosObject::informModuleToken for "capability_module"
LogosAPIConsumer: informModuleToken completed with result: true
[LogosObject] Destroying RemoteLogosObject 0
[2026-10-03 21:11:47.158] [info] [logos] Module loaded: capability_module
LogosAPIConsumer: Informing module token for module: "modules_state" with token: "redacted:259800ae…"
RemoteTransportConnection: Requesting object: "capability_module" at "21:11:47.193"
[LogosObject] RemoteTransportConnection: returning RemoteLogosObject for: "capability_module"
[LogosObject] Created RemoteLogosObject wrapping QRemoteObjectReplica 105553133160736
[LogosObject] LogosAPIConsumer: calling LogosObject::informModuleToken for "modules_state"
LogosAPIConsumer: informModuleToken completed with result: true
[LogosObject] Destroying RemoteLogosObject 0
[2026-10-03 21:11:47.196] [info] [logos] Module loaded: modules_state
RemoteTransportConnection: Connecting to registry: "local:logos_modules_state_e74a1ecbff11" at "21:11:47.197"
RemoteTransportConnection: Registry connect attempt started (no peer contact yet): "local:logos_modules_state_e74a1ecbff11"
RemoteTransportConnection: Connecting to registry: "local:logos_capability_module_e74a1ecbff11" at "21:11:47.197"
RemoteTransportConnection: Registry connect attempt started (no peer contact yet): "local:logos_capability_module_e74a1ecbff11"
LogosAPIConsumer: '"modules_state"::""' deferred pending the module becoming reachable
LogosAPIConsumer: '"modules_state"::""' deferred pending the module becoming reachable
Logos Core started (modules dir: "/nix/store/4v2cj5cr5dlsjb9cl0blr0cds0qf07iv-logos-forum_module-plugin-dir-modules" )
Set app icon from metadata: "/nix/store/hvaxfjndlvdc2din115i62wg7hlsw1s1-logos-forum_module-plugin-dir/src/icons/icon.png"
[2026-10-03 21:11:47.249] [info] [logos] [delivery_module] DeliveryModuleImpl: Initializing...
LogosAPIConsumer: Informing module token for module: "delivery_module" with token: "redacted:cbdcd67a…"
RemoteTransportConnection: Requesting object: "capability_module" at "21:11:47.251"
[LogosObject] RemoteTransportConnection: returning RemoteLogosObject for: "capability_module"
[LogosObject] Created RemoteLogosObject wrapping QRemoteObjectReplica 105553133458336
[LogosObject] LogosAPIConsumer: calling LogosObject::informModuleToken for "delivery_module"
LogosAPIConsumer: informModuleToken completed with result: true
[LogosObject] Destroying RemoteLogosObject 0
[2026-10-03 21:11:47.254] [info] [logos] Module loaded: delivery_module
RemoteTransportConnection: Connecting to registry: "local:logos_delivery_module_e74a1ecbff11" at "21:11:47.255"
RemoteTransportConnection: Registry connect attempt started (no peer contact yet): "local:logos_delivery_module_e74a1ecbff11"
RemoteTransportConnection: Connecting to registry: "local:logos_capability_module_e74a1ecbff11" at "21:11:47.255"
RemoteTransportConnection: Registry connect attempt started (no peer contact yet): "local:logos_capability_module_e74a1ecbff11"
LogosAPIConsumer: '"delivery_module"::""' deferred pending the module becoming reachable
LogosAPIClient: getToken for module: "modules_state"
LogosAPIClient: Found token for module: "modules_state"
RemoteTransportConnection: Requesting object: "modules_state" at "21:11:47.255"
[LogosObject] RemoteTransportConnection: returning RemoteLogosObject for: "modules_state"
[LogosObject] Created RemoteLogosObject wrapping QRemoteObjectReplica 105553133163936
[LogosObject] LogosAPIConsumer: async calling via LogosObject::callMethodAsync "note_transition"
[LogosObject] RemoteLogosObject::callMethodAsync "note_transition" args: 7
LogosAPIClient: getToken for module: "modules_state"
LogosAPIClient: Found token for module: "modules_state"
[LogosObject] LogosAPIConsumer: async calling via LogosObject::callMethodAsync "note_transition"
[LogosObject] RemoteLogosObject::callMethodAsync "note_transition" args: 7
Loaded dependency (with transitive deps): "delivery_module"
[2026-10-03 21:11:47.290] [info] [logos] [storage_module] StorageModuleImpl: Initializing...
LogosAPIConsumer: Informing module token for module: "storage_module" with token: "redacted:fcace429…"
RemoteTransportConnection: Requesting object: "capability_module" at "21:11:47.291"
[LogosObject] Created RemoteLogosObject wrapping QRemoteObjectReplica 105553133439520
LogosAPIClient: invoking remote method "modules_state" "apply_snapshot" args_count: 1
LogosAPIClient: getToken for module: "modules_state"
LogosAPIClient: Found token for module: "modules_state"
LogosAPIConsumer: Calling invokeRemoteMethod: "modules_state" "apply_snapshot" args_count: 1 timeout: 20000
[LogosObject] LogosAPIConsumer: calling via LogosObject::callMethod "apply_snapshot"
[LogosObject] RemoteLogosObject::callMethod "apply_snapshot" args: 1
[LogosObject] Created RemoteLogosObject wrapping QRemoteObjectReplica 105553133164960
LogosAPIClient: getToken for module: "modules_state"
LogosAPIClient: Found token for module: "modules_state"
[LogosObject] LogosAPIConsumer: async calling via LogosObject::callMethodAsync "note_transition"
[LogosObject] RemoteLogosObject::callMethodAsync "note_transition" args: 7
LogosAPIClient: getToken for module: "modules_state"
LogosAPIClient: Found token for module: "modules_state"
[LogosObject] LogosAPIConsumer: async calling via LogosObject::callMethodAsync "note_transition"
[LogosObject] RemoteLogosObject::callMethodAsync "note_transition" args: 7
[2026-10-03 21:11:47.291] [info] [logos] Pushed module snapshot to modules_state
LogosAPIClient: getToken for module: "modules_state"
LogosAPIClient: Found token for module: "modules_state"
[LogosObject] LogosAPIConsumer: async calling via LogosObject::callMethodAsync "note_transition"
[LogosObject] RemoteLogosObject::callMethodAsync "note_transition" args: 7
[LogosObject] RemoteTransportConnection: returning RemoteLogosObject for: "capability_module"
[LogosObject] Created RemoteLogosObject wrapping QRemoteObjectReplica 105553133249728
[LogosObject] LogosAPIConsumer: calling LogosObject::informModuleToken for "storage_module"
LogosAPIConsumer: informModuleToken completed with result: true
[LogosObject] Destroying RemoteLogosObject 0
[2026-10-03 21:11:47.292] [info] [logos] Module loaded: storage_module
RemoteTransportConnection: Connecting to registry: "local:logos_storage_module_e74a1ecbff11" at "21:11:47.292"
RemoteTransportConnection: Registry connect attempt started (no peer contact yet): "local:logos_storage_module_e74a1ecbff11"
RemoteTransportConnection: Connecting to registry: "local:logos_capability_module_e74a1ecbff11" at "21:11:47.292"
RemoteTransportConnection: Registry connect attempt started (no peer contact yet): "local:logos_capability_module_e74a1ecbff11"
LogosAPIConsumer: '"storage_module"::""' deferred pending the module becoming reachable
LogosAPIClient: getToken for module: "modules_state"
LogosAPIClient: Found token for module: "modules_state"
[LogosObject] LogosAPIConsumer: async calling via LogosObject::callMethodAsync "note_transition"
[LogosObject] RemoteLogosObject::callMethodAsync "note_transition" args: 7
Loaded dependency (with transitive deps): "storage_module"
DEV_QML_PATH override active: <repo>/src/qml/Main.qml
RemoteTransportConnection: Connecting to registry: "local:logos_capability_module_e74a1ecbff11" at "21:11:47.293"
RemoteTransportConnection: Registry connect attempt started (no peer contact yet): "local:logos_capability_module_e74a1ecbff11"
LogosAPIConsumer: Informing module token for module: "forum_module" with token: "redacted:971a9869…"
RemoteTransportConnection: Requesting object: "capability_module" at "21:11:47.293"
[LogosObject] RemoteTransportConnection: returning RemoteLogosObject for: "capability_module"
[LogosObject] Created RemoteLogosObject wrapping QRemoteObjectReplica 105553133467808
[LogosObject] LogosAPIConsumer: calling LogosObject::informModuleToken for "forum_module"
[LogosObject] Created RemoteLogosObject wrapping QRemoteObjectReplica 105553133246080
LogosAPIClient: getToken for module: "modules_state"
LogosAPIClient: Found token for module: "modules_state"
[LogosObject] LogosAPIConsumer: async calling via LogosObject::callMethodAsync "note_transition"
[LogosObject] RemoteLogosObject::callMethodAsync "note_transition" args: 7
LogosAPIConsumer: informModuleToken completed with result: true
[LogosObject] Destroying RemoteLogosObject 0
[2026-10-03 21:11:47.343] [warning] [logos] [capability_module] Warning: QObject::connect: No such signal ::eventResponse(QString,QVariantList)
[2026-10-03 21:11:47.345] [info] [logos] [delivery_module] DeliveryModuleImpl::getNodeInfo called with nodeInfoId: MyPeerId
[2026-10-03 21:11:47.345] [info] [logos] [delivery_module] DeliveryModuleImpl: Cannot get node info - context not initialized. Call createNode first.
[2026-10-03 21:11:47.345] [info] [logos] [delivery_module] DeliveryModuleImpl::createNode called
[2026-10-03 21:11:47.406] [info] [logos] [delivery_module] DeliveryModuleImpl: Waiting for createNode callback...
[2026-10-03 21:11:47.412] [out] [delivery_module] DBG 2026-10-03 21:11:47.411+02:00 Whether to mount storeSync is not specified, defaulting to not mounting topics="waku conf builder" tid=3024045
[2026-10-03 21:11:47.412] [out] [delivery_module] INF 2026-10-03 21:11:47.412+02:00 Sharding configuration:                    topics="waku conf builder" tid=3024045 shardingConf="(kind: AutoSharding, numShardsInCluster: 1)" subscribeShards=@[0]
[2026-10-03 21:11:47.418] [out] [delivery_module] INF 2026-10-03 21:11:47.418+02:00 Configuration: Enabled protocols           topics="waku conf" tid=3024045 relay=true rlnRelay=false store=false filter=false lightPush=false peerExchange=false rendezvous=false
[2026-10-03 21:11:47.418] [out] [delivery_module] INF 2026-10-03 21:11:47.418+02:00 Configuration. Network                     topics="waku conf" tid=3024045 cluster=42
[2026-10-03 21:11:47.418] [out] [delivery_module] DBG 2026-10-03 21:11:47.418+02:00 Configuration. Active Relay Shards         topics="waku conf" tid=3024045 shard=0
[2026-10-03 21:11:47.420] [out] [delivery_module] INF 2026-10-03 21:11:47.419+02:00 Setting up storage                         tid=3024045
[2026-10-03 21:11:47.420] [out] [delivery_module] INF 2026-10-03 21:11:47.419+02:00 Initializing node                          tid=3024045
[2026-10-03 21:11:47.421] [out] [delivery_module] INF 2026-10-03 21:11:47.421+02:00 Initializing networking                    tid=3024045 addrs=@[/ip4/127.0.0.1/tcp/61475]
[2026-10-03 21:11:47.421] [out] [delivery_module] INF 2026-10-03 21:11:47.421+02:00 Mounting protocols                         tid=3024045
[2026-10-03 21:11:47.422] [out] [delivery_module] INF 2026-10-03 21:11:47.422+02:00 Created WakuMetadata protocol              topics="waku node" tid=3024045 clusterId=42 shards="[0]"
[2026-10-03 21:11:47.422] [out] [delivery_module] INF 2026-10-03 21:11:47.422+02:00 mounting store client                      topics="waku node store api" tid=3024045
[2026-10-03 21:11:47.422] [out] [delivery_module] INF 2026-10-03 21:11:47.422+02:00 Mounting auto sharding                     topics="waku node" tid=3024045 clusterId=42 shardCount=1
[2026-10-03 21:11:47.422] [out] [delivery_module] DBG 2026-10-03 21:11:47.422+02:00 Shards created from content topics         tid=3024045 contentTopics=[] shards=[]
[2026-10-03 21:11:47.422] [out] [delivery_module] DBG 2026-10-03 21:11:47.422+02:00 Setting max message size                   tid=3024045 num_bytes=153600
[2026-10-03 21:11:47.423] [out] [delivery_module] INF 2026-10-03 21:11:47.423+02:00 mounting relay protocol                    topics="waku node relay api" tid=3024045
[2026-10-03 21:11:47.424] [out] [delivery_module] DBG 2026-10-03 21:11:47.423+02:00 relay mounted successfully                 topics="waku node relay api" tid=3024045
[2026-10-03 21:11:47.424] [out] [delivery_module] DBG 2026-10-03 21:11:47.424+02:00 Adding validator to signed shards          tid=3024045 protectedShards=[] clusterId=42
[2026-10-03 21:11:47.424] [out] [delivery_module] INF 2026-10-03 21:11:47.424+02:00 mounting libp2p ping protocol              topics="waku node ping api" tid=3024045
[2026-10-03 21:11:47.424] [out] [delivery_module] INF 2026-10-03 21:11:47.424+02:00 mounting light push client                 topics="waku node lightpush api" tid=3024045
[2026-10-03 21:11:47.424] [out] [delivery_module] INF 2026-10-03 21:11:47.424+02:00 mounting legacy light push client          topics="waku node lightpush api" tid=3024045
[2026-10-03 21:11:47.424] [out] [delivery_module] INF 2026-10-03 21:11:47.424+02:00 mounting filter client                     topics="waku node filter api" tid=3024045
[2026-10-03 21:11:47.425] [out] [delivery_module] INF 2026-10-03 21:11:47.425+02:00 mounting waku peer exchange client         topics="waku node peerexchange api" tid=3024045
[2026-10-03 21:11:47.425] [out] [delivery_module] INF 2026-10-03 21:11:47.425+02:00 No external callbacks to be set            topics="wakunode waku" tid=3024045
[2026-10-03 21:11:47.425] [out] [delivery_module] INF 2026-10-03 21:11:47.425+02:00 Setting up AutonatService                  topics="libp2p autonatservice" tid=3024045
[2026-10-03 21:11:47.426] [info] [logos] [delivery_module] DeliveryModuleImpl::createNode callback called with ret: 0
[2026-10-03 21:11:47.432] [info] [logos] [delivery_module] DeliveryModuleImpl: Delivery context created successfully
[2026-10-03 21:11:47.451] [info] [logos] [delivery_module] DeliveryModuleImpl::start called
[2026-10-03 21:11:47.453] [out] [delivery_module] INF 2026-10-03 21:11:47.453+02:00 Retrieve dynamic bootstrap nodes           topics="wakunode waku" tid=3024045
[2026-10-03 21:11:47.453] [out] [delivery_module] INF 2026-10-03 21:11:47.453+02:00 Running nwaku node                         tid=3024045 version=v0.39.0-gca2814
[2026-10-03 21:11:47.454] [out] [delivery_module] INF 2026-10-03 21:11:47.454+02:00 Starting Waku node                         topics="waku node" tid=3024045 version=v0.39.0-gca2814
[2026-10-03 21:11:47.454] [info] [logos] [delivery_module] DeliveryModuleImpl::getNodeInfo called with nodeInfoId: MyPeerId
[2026-10-03 21:11:47.455] [out] [delivery_module] DBG 2026-10-03 21:11:47.455+02:00 starting switch for peer                   topics="libp2p switch" tid=3024045 peerInfo="(peerId: 16Uiu2HAkxd1A4aY26W4rRLvErLtAZJbDtwTi9DNiv2Z3E1DMBYTz, listenAddrs: [/ip4/127.0.0.1/tcp/61475], addrs: [], protocols: [/ipfs/id/1.0.0, /libp2p/autonat/1.0.0, /libp2p/circuit/relay/0.2.0/hop, /vac/waku/metadata/1.0.0, /vac/waku/relay/2.0.0, /ipfs/ping/1.0.0, /vac/waku/filter-push/2.0.0-beta1], protoVersion: ipfs/0.1.0, agentVersion: logos-delivery-v0.39.0-gca2814)"
[2026-10-03 21:11:47.516] [out] [delivery_module] DBG 2026-10-03 21:11:47.512+02:00 About to accept incoming connection        topics="libp2p switch" tid=3024045
[2026-10-03 21:11:47.521] [out] [delivery_module] INF 2026-10-03 21:11:47.520+02:00 start                                      topics="waku relay" tid=3024045
[2026-10-03 21:11:47.523] [out] [delivery_module] DBG 2026-10-03 21:11:47.521+02:00 Started libp2p node                        topics="libp2p switch" tid=3024045 peer="(peerId: 16Uiu2HAkxd1A4aY26W4rRLvErLtAZJbDtwTi9DNiv2Z3E1DMBYTz, listenAddrs: [/ip4/127.0.0.1/tcp/61475], addrs: [/ip4/127.0.0.1/tcp/61475], protocols: [/ipfs/id/1.0.0, /libp2p/autonat/1.0.0, /libp2p/circuit/relay/0.2.0/hop, /vac/waku/metadata/1.0.0, /vac/waku/relay/2.0.0, /ipfs/ping/1.0.0, /vac/waku/filter-push/2.0.0-beta1], protoVersion: ipfs/0.1.0, agentVersion: logos-delivery-v0.39.0-gca2814)"
[2026-10-03 21:11:47.527] [out] [delivery_module] INF 2026-10-03 21:11:47.526+02:00 Announced base resolved                    topics="waku node" tid=3024045 addrs=@[/ip4/127.0.0.1/tcp/61475] explicit=@[/ip4/127.0.0.1/tcp/61475]
[2026-10-03 21:11:47.527] [out] [delivery_module] DBG 2026-10-03 21:11:47.527+02:00 ENR addresses updated                      topics="waku enr" tid=3024045 retained=1 total=1
[2026-10-03 21:11:47.527] [out] [delivery_module] INF 2026-10-03 21:11:47.527+02:00 Node started successfully                  topics="waku node" tid=3024045
[2026-10-03 21:11:47.527] [out] [delivery_module] DBG 2026-10-03 21:11:47.527+02:00 Dialing multiple peers                     tid=3024045 numOfPeers=4 nodes="@[\"/ip4/127.0.0.1/tcp/61470/p2p/16Uiu2HAmAfGrc7E9m8GSSJXPwTzY4KyxD65pUkV95B1TbVPvZpcH\", \"/ip4/127.0.0.1/tcp/61471/p2p/16Uiu2HAmTqX6fS4Kyk6i5mTN2JA2f64swpVMK6G3iTQkvkbrh4XS\", \"/ip4/127.0.0.1/tcp/61472/p2p/16Uiu2HAmALkxnY8E3j8tRTgACPUQnFRYdtjXTxtAv7xLVeFzRsp4\", \"/ip4/127.0.0.1/tcp/61473/p2p/16Uiu2HAmGK3uhei9fUCypob33iAQvYzPsrmmYLAzQtdAWBjZ8FwQ\"]"
[2026-10-03 21:11:47.527] [out] [delivery_module] DBG 2026-10-03 21:11:47.527+02:00 Dialing peer                               topics="libp2p dialer" tid=3024045 peerId=16U*PvZpcH addrs="[/ip4/127.0.0.1/tcp/61470]"
[2026-10-03 21:11:47.527] [out] [delivery_module] DBG 2026-10-03 21:11:47.527+02:00 Expanded address and hostname              topics="libp2p dialer" tid=3024045 expandedAddress=/ip4/127.0.0.1/tcp/61470 hostname=127.0.0.1 resolvedAddresses="[/ip4/127.0.0.1/tcp/61470]"
[2026-10-03 21:11:47.527] [out] [delivery_module] DBG 2026-10-03 21:11:47.527+02:00 Dialing peer                               topics="libp2p dialer" tid=3024045 peerId=16U*brh4XS addrs="[/ip4/127.0.0.1/tcp/61471]"
[2026-10-03 21:11:47.527] [out] [delivery_module] DBG 2026-10-03 21:11:47.527+02:00 Expanded address and hostname              topics="libp2p dialer" tid=3024045 expandedAddress=/ip4/127.0.0.1/tcp/61471 hostname=127.0.0.1 resolvedAddresses="[/ip4/127.0.0.1/tcp/61471]"
[2026-10-03 21:11:47.527] [out] [delivery_module] DBG 2026-10-03 21:11:47.527+02:00 Dialing peer                               topics="libp2p dialer" tid=3024045 peerId=16U*FzRsp4 addrs="[/ip4/127.0.0.1/tcp/61472]"
[2026-10-03 21:11:47.527] [out] [delivery_module] DBG 2026-10-03 21:11:47.527+02:00 Expanded address and hostname              topics="libp2p dialer" tid=3024045 expandedAddress=/ip4/127.0.0.1/tcp/61472 hostname=127.0.0.1 resolvedAddresses="[/ip4/127.0.0.1/tcp/61472]"
[2026-10-03 21:11:47.528] [out] [delivery_module] DBG 2026-10-03 21:11:47.527+02:00 Dialing peer                               topics="libp2p dialer" tid=3024045 peerId=16U*jZ8FwQ addrs="[/ip4/127.0.0.1/tcp/61473]"
[2026-10-03 21:11:47.528] [out] [delivery_module] DBG 2026-10-03 21:11:47.527+02:00 Expanded address and hostname              topics="libp2p dialer" tid=3024045 expandedAddress=/ip4/127.0.0.1/tcp/61473 hostname=127.0.0.1 resolvedAddresses="[/ip4/127.0.0.1/tcp/61473]"
[2026-10-03 21:11:47.535] [info] [logos] [delivery_module] DeliveryModuleImpl::subscribe called with contentTopic: /lp0026forum/1/general/text
[2026-10-03 21:11:47.537] [out] [delivery_module] DBG 2026-10-03 21:11:47.537+02:00 Subscribing to pubsub topic                topics="waku relay" tid=3024045 pubsubTopic=/waku/2/rs/42/0
[2026-10-03 21:11:47.539] [out] [delivery_module] DBG 2026-10-03 21:11:47.539+02:00 No mesh peer for the given pubsub topic    topics="waku relay" tid=3024045 pubsubTopic=/waku/2/rs/42/0
[2026-10-03 21:11:47.543] [info] [logos] [delivery_module] DeliveryModuleImpl: Subscribe completed for topic: /lp0026forum/1/general/text with success
[2026-10-03 21:11:47.544] [out] [delivery_module] DBG 2026-10-03 21:11:47.544+02:00 Dial successful                            topics="libp2p dialer" tid=3024045 peerId=16U*PvZpcH
[2026-10-03 21:11:47.544] [out] [delivery_module] DBG 2026-10-03 21:11:47.544+02:00 Dial successful                            topics="libp2p dialer" tid=3024045 peerId=16U*brh4XS
[2026-10-03 21:11:47.544] [out] [delivery_module] DBG 2026-10-03 21:11:47.544+02:00 Dial successful                            topics="libp2p dialer" tid=3024045 peerId=16U*jZ8FwQ
[2026-10-03 21:11:47.546] [out] [delivery_module] DBG 2026-10-03 21:11:47.546+02:00 starting sendNonHighPriorityTask           topics="libp2p pubsubpeer" tid=3024045 p=16U*PvZpcH
[2026-10-03 21:11:47.546] [out] [delivery_module] DBG 2026-10-03 21:11:47.546+02:00 created new pubsub peer                    topics="libp2p pubsub" tid=3024045 peerId=16U*PvZpcH
[2026-10-03 21:11:47.546] [out] [delivery_module] DBG 2026-10-03 21:11:47.546+02:00 no listener registered                     tid=3024048 event=onConnectionChange
[2026-10-03 21:11:47.546] [out] [delivery_module] DBG 2026-10-03 21:11:47.546+02:00 starting sendNonHighPriorityTask           topics="libp2p pubsubpeer" tid=3024045 p=16U*brh4XS
[2026-10-03 21:11:47.546] [out] [delivery_module] DBG 2026-10-03 21:11:47.546+02:00 created new pubsub peer                    topics="libp2p pubsub" tid=3024045 peerId=16U*brh4XS
[2026-10-03 21:11:47.546] [out] [delivery_module] DBG 2026-10-03 21:11:47.546+02:00 no listener registered                     tid=3024048 event=onConnectionChange
[2026-10-03 21:11:47.547] [out] [delivery_module] DBG 2026-10-03 21:11:47.547+02:00 starting sendNonHighPriorityTask           topics="libp2p pubsubpeer" tid=3024045 p=16U*jZ8FwQ
[2026-10-03 21:11:47.547] [out] [delivery_module] DBG 2026-10-03 21:11:47.547+02:00 created new pubsub peer                    topics="libp2p pubsub" tid=3024045 peerId=16U*jZ8FwQ
[2026-10-03 21:11:47.547] [out] [delivery_module] DBG 2026-10-03 21:11:47.547+02:00 no listener registered                     tid=3024048 event=onConnectionChange
[2026-10-03 21:11:47.547] [out] [delivery_module] DBG 2026-10-03 21:11:47.547+02:00 Incoming WakuRelay connection              topics="waku relay" tid=3024045 connection=16U*PvZpcH:6ac15373aef61c0bdd278e37 protocol=/vac/waku/relay/2.0.0
[2026-10-03 21:11:47.547] [out] [delivery_module] DBG 2026-10-03 21:11:47.547+02:00 starting pubsub read loop                  topics="libp2p pubsubpeer" tid=3024045 stream=16U*PvZpcH:6ac15373aef61c0bdd278e37 peer=16U*PvZpcH closed=false
[2026-10-03 21:11:47.548] [out] [delivery_module] DBG 2026-10-03 21:11:47.547+02:00 identify: info sent                        topics="libp2p identify" tid=3024045 stream=16U*PvZpcH:6ac15373aef61c0bdd278e38 info="(peerId: 16Uiu2HAkxd1A4aY26W4rRLvErLtAZJbDtwTi9DNiv2Z3E1DMBYTz, listenAddrs: [/ip4/127.0.0.1/tcp/61475], addrs: [/ip4/127.0.0.1/tcp/61475], protocols: [/ipfs/id/1.0.0, /libp2p/autonat/1.0.0, /libp2p/circuit/relay/0.2.0/hop, /vac/waku/metadata/1.0.0, /vac/waku/relay/2.0.0, /ipfs/ping/1.0.0, /vac/waku/filter-push/2.0.0-beta1], protoVersion: ipfs/0.1.0, agentVersion: logos-delivery-v0.39.0-gca2814)"
[2026-10-03 21:11:47.548] [out] [delivery_module] DBG 2026-10-03 21:11:47.547+02:00 Incoming WakuRelay connection              topics="waku relay" tid=3024045 connection=16U*brh4XS:6ac15373aef61c0bdd278e39 protocol=/vac/waku/relay/2.0.0
[2026-10-03 21:11:47.548] [out] [delivery_module] DBG 2026-10-03 21:11:47.547+02:00 starting pubsub read loop                  topics="libp2p pubsubpeer" tid=3024045 stream=16U*brh4XS:6ac15373aef61c0bdd278e39 peer=16U*brh4XS closed=false
[2026-10-03 21:11:47.548] [out] [delivery_module] DBG 2026-10-03 21:11:47.548+02:00 identify: info sent                        topics="libp2p identify" tid=3024045 stream=16U*brh4XS:6ac15373aef61c0bdd278e3a info="(peerId: 16Uiu2HAkxd1A4aY26W4rRLvErLtAZJbDtwTi9DNiv2Z3E1DMBYTz, listenAddrs: [/ip4/127.0.0.1/tcp/61475], addrs: [/ip4/127.0.0.1/tcp/61475], protocols: [/ipfs/id/1.0.0, /libp2p/autonat/1.0.0, /libp2p/circuit/relay/0.2.0/hop, /vac/waku/metadata/1.0.0, /vac/waku/relay/2.0.0, /ipfs/ping/1.0.0, /vac/waku/filter-push/2.0.0-beta1], protoVersion: ipfs/0.1.0, agentVersion: logos-delivery-v0.39.0-gca2814)"
[2026-10-03 21:11:47.548] [out] [delivery_module] DBG 2026-10-03 21:11:47.548+02:00 Incoming WakuRelay connection              topics="waku relay" tid=3024045 connection=16U*jZ8FwQ:6ac15373aef61c0bdd278e3b protocol=/vac/waku/relay/2.0.0
[2026-10-03 21:11:47.548] [out] [delivery_module] DBG 2026-10-03 21:11:47.548+02:00 starting pubsub read loop                  topics="libp2p pubsubpeer" tid=3024045 stream=16U*jZ8FwQ:6ac15373aef61c0bdd278e3b peer=16U*jZ8FwQ closed=false
[2026-10-03 21:11:47.548] [out] [delivery_module] DBG 2026-10-03 21:11:47.548+02:00 identify: info sent                        topics="libp2p identify" tid=3024045 stream=16U*jZ8FwQ:6ac15373aef61c0bdd278e3c info="(peerId: 16Uiu2HAkxd1A4aY26W4rRLvErLtAZJbDtwTi9DNiv2Z3E1DMBYTz, listenAddrs: [/ip4/127.0.0.1/tcp/61475], addrs: [/ip4/127.0.0.1/tcp/61475], protocols: [/ipfs/id/1.0.0, /libp2p/autonat/1.0.0, /libp2p/circuit/relay/0.2.0/hop, /vac/waku/metadata/1.0.0, /vac/waku/relay/2.0.0, /ipfs/ping/1.0.0, /vac/waku/filter-push/2.0.0-beta1], protoVersion: ipfs/0.1.0, agentVersion: logos-delivery-v0.39.0-gca2814)"
[2026-10-03 21:11:47.549] [out] [delivery_module] DBG 2026-10-03 21:11:47.549+02:00 Dial successful                            topics="libp2p dialer" tid=3024045 peerId=16U*FzRsp4
[2026-10-03 21:11:47.549] [out] [delivery_module] DBG 2026-10-03 21:11:47.549+02:00 starting sendNonHighPriorityTask           topics="libp2p pubsubpeer" tid=3024045 p=16U*FzRsp4
[2026-10-03 21:11:47.549] [out] [delivery_module] DBG 2026-10-03 21:11:47.549+02:00 created new pubsub peer                    topics="libp2p pubsub" tid=3024045 peerId=16U*FzRsp4
[2026-10-03 21:11:47.549] [out] [delivery_module] DBG 2026-10-03 21:11:47.549+02:00 no listener registered                     tid=3024048 event=onConnectionChange
[2026-10-03 21:11:47.549] [out] [delivery_module] DBG 2026-10-03 21:11:47.549+02:00 Incoming WakuRelay connection              topics="waku relay" tid=3024045 connection=16U*FzRsp4:6ac15373aef61c0bdd278e43 protocol=/vac/waku/relay/2.0.0
[2026-10-03 21:11:47.549] [out] [delivery_module] DBG 2026-10-03 21:11:47.549+02:00 starting pubsub read loop                  topics="libp2p pubsubpeer" tid=3024045 stream=16U*FzRsp4:6ac15373aef61c0bdd278e43 peer=16U*FzRsp4 closed=false
[2026-10-03 21:11:47.550] [out] [delivery_module] DBG 2026-10-03 21:11:47.549+02:00 identify: info sent                        topics="libp2p identify" tid=3024045 stream=16U*FzRsp4:6ac15373aef61c0bdd278e44 info="(peerId: 16Uiu2HAkxd1A4aY26W4rRLvErLtAZJbDtwTi9DNiv2Z3E1DMBYTz, listenAddrs: [/ip4/127.0.0.1/tcp/61475], addrs: [/ip4/127.0.0.1/tcp/61475], protocols: [/ipfs/id/1.0.0, /libp2p/autonat/1.0.0, /libp2p/circuit/relay/0.2.0/hop, /vac/waku/metadata/1.0.0, /vac/waku/relay/2.0.0, /ipfs/ping/1.0.0, /vac/waku/filter-push/2.0.0-beta1], protoVersion: ipfs/0.1.0, agentVersion: logos-delivery-v0.39.0-gca2814)"
[2026-10-03 21:11:47.550] [out] [delivery_module] DBG 2026-10-03 21:11:47.550+02:00 identify: info received                    topics="libp2p identify" tid=3024045 stream=16U*brh4XS:6ac15373aef61c0bdd278e40 pubkey=ok(sec...7fb3)) addresses=/ip4/127.0.0.1/tcp/61471 protocols=/ipfs/id/1.0.0,/libp2p/autonat/1.0.0,/libp2p/circuit/relay/0.2.0/hop,/vac/waku/metadata/1.0.0,/mix/1.0.0,/vac/waku/relay/2.0.0,/ipfs/ping/1.0.0,/vac/waku/lightpush/3.0.0,/vac/waku/lightpush/2.0.0-beta1,/vac/waku/filter-push/2.0.0-beta1 observable_address=ok(/ip4/127.0.0.1/tcp/63528) proto_version=ipfs/0.1.0 agent_version=logos-delivery-v0.39.0-gca2814 signedPeerRecord=None
[2026-10-03 21:11:47.551] [out] [delivery_module] DBG 2026-10-03 21:11:47.551+02:00 starting pubsub read loop                  topics="libp2p pubsubpeer" tid=3024045 stream=16U*brh4XS:6ac15373aef61c0bdd278e3f peer=16U*brh4XS closed=false
[2026-10-03 21:11:47.551] [out] [delivery_module] DBG 2026-10-03 21:11:47.551+02:00 identify: info received                    topics="libp2p identify" tid=3024045 stream=16U*PvZpcH:6ac15373aef61c0bdd278e3e pubkey=ok(sec...75b2)) addresses=/ip4/127.0.0.1/tcp/61470 protocols=/ipfs/id/1.0.0,/libp2p/autonat/1.0.0,/libp2p/circuit/relay/0.2.0/hop,/vac/waku/metadata/1.0.0,/mix/1.0.0,/vac/waku/relay/2.0.0,/ipfs/ping/1.0.0,/vac/waku/lightpush/3.0.0,/vac/waku/lightpush/2.0.0-beta1,/vac/waku/filter-push/2.0.0-beta1 observable_address=ok(/ip4/127.0.0.1/tcp/63525) proto_version=ipfs/0.1.0 agent_version=logos-delivery-v0.39.0-gca2814 signedPeerRecord=None
[2026-10-03 21:11:47.551] [out] [delivery_module] DBG 2026-10-03 21:11:47.551+02:00 Event identified                           topics="waku node peer_manager" tid=3024045 peerId=16U*brh4XS
[2026-10-03 21:11:47.552] [out] [delivery_module] DBG 2026-10-03 21:11:47.552+02:00 no listener registered                     tid=3024048 event=onConnectionChange
[2026-10-03 21:11:47.553] [out] [delivery_module] DBG 2026-10-03 21:11:47.553+02:00 starting pubsub read loop                  topics="libp2p pubsubpeer" tid=3024045 stream=16U*PvZpcH:6ac15373aef61c0bdd278e3d peer=16U*PvZpcH closed=false
[2026-10-03 21:11:47.553] [out] [delivery_module] DBG 2026-10-03 21:11:47.553+02:00 Event identified                           topics="waku node peer_manager" tid=3024045 peerId=16U*PvZpcH
[2026-10-03 21:11:47.553] [out] [delivery_module] DBG 2026-10-03 21:11:47.553+02:00 no listener registered                     tid=3024048 event=onConnectionChange
[2026-10-03 21:11:47.554] [out] [delivery_module] DBG 2026-10-03 21:11:47.554+02:00 identify: info received                    topics="libp2p identify" tid=3024045 stream=16U*jZ8FwQ:6ac15373aef61c0bdd278e42 pubkey=ok(sec...ecc9)) addresses=/ip4/127.0.0.1/tcp/61473 protocols=/ipfs/id/1.0.0,/libp2p/autonat/1.0.0,/libp2p/circuit/relay/0.2.0/hop,/vac/waku/metadata/1.0.0,/mix/1.0.0,/vac/waku/relay/2.0.0,/ipfs/ping/1.0.0,/vac/waku/lightpush/3.0.0,/vac/waku/lightpush/2.0.0-beta1,/vac/waku/filter-push/2.0.0-beta1 observable_address=ok(/ip4/127.0.0.1/tcp/63530) proto_version=ipfs/0.1.0 agent_version=logos-delivery-v0.39.0-gca2814 signedPeerRecord=None
[2026-10-03 21:11:47.554] [out] [delivery_module] DBG 2026-10-03 21:11:47.554+02:00 starting pubsub read loop                  topics="libp2p pubsubpeer" tid=3024045 stream=16U*jZ8FwQ:6ac15373aef61c0bdd278e41 peer=16U*jZ8FwQ closed=false
[2026-10-03 21:11:47.555] [out] [delivery_module] DBG 2026-10-03 21:11:47.555+02:00 identify: info received                    topics="libp2p identify" tid=3024045 stream=16U*FzRsp4:6ac15373aef61c0bdd278e46 pubkey=ok(sec...7ee2)) addresses=/ip4/127.0.0.1/tcp/61472 protocols=/ipfs/id/1.0.0,/libp2p/autonat/1.0.0,/libp2p/circuit/relay/0.2.0/hop,/vac/waku/metadata/1.0.0,/mix/1.0.0,/vac/waku/relay/2.0.0,/ipfs/ping/1.0.0,/vac/waku/lightpush/3.0.0,/vac/waku/lightpush/2.0.0-beta1,/vac/waku/filter-push/2.0.0-beta1 observable_address=ok(/ip4/127.0.0.1/tcp/63529) proto_version=ipfs/0.1.0 agent_version=logos-delivery-v0.39.0-gca2814 signedPeerRecord=None
[2026-10-03 21:11:47.555] [out] [delivery_module] DBG 2026-10-03 21:11:47.555+02:00 Event identified                           topics="waku node peer_manager" tid=3024045 peerId=16U*jZ8FwQ
[2026-10-03 21:11:47.556] [out] [delivery_module] DBG 2026-10-03 21:11:47.556+02:00 no listener registered                     tid=3024048 event=onConnectionChange
[2026-10-03 21:11:47.556] [out] [delivery_module] DBG 2026-10-03 21:11:47.556+02:00 starting pubsub read loop                  topics="libp2p pubsubpeer" tid=3024045 stream=16U*FzRsp4:6ac15373aef61c0bdd278e45 peer=16U*FzRsp4 closed=false
[2026-10-03 21:11:47.556] [out] [delivery_module] DBG 2026-10-03 21:11:47.556+02:00 Event identified                           topics="waku node peer_manager" tid=3024045 peerId=16U*FzRsp4
[2026-10-03 21:11:47.556] [out] [delivery_module] DBG 2026-10-03 21:11:47.556+02:00 no listener registered                     tid=3024048 event=onConnectionChange
[2026-10-03 21:11:47.557] [out] [delivery_module] DBG 2026-10-03 21:11:47.557+02:00 Received WakuMetadata request              topics="waku metadata" tid=3024045 remoteClusterId=ok(42) remoteShards="[0]" localClusterId=42 localShards="[0]" peer=16U*jZ8FwQ
[2026-10-03 21:11:47.558] [out] [delivery_module] DBG 2026-10-03 21:11:47.558+02:00 Received WakuMetadata request              topics="waku metadata" tid=3024045 remoteClusterId=ok(42) remoteShards="[0]" localClusterId=42 localShards="[0]" peer=16U*brh4XS
[2026-10-03 21:11:47.558] [out] [delivery_module] DBG 2026-10-03 21:11:47.558+02:00 Received WakuMetadata request              topics="waku metadata" tid=3024045 remoteClusterId=ok(42) remoteShards="[0]" localClusterId=42 localShards="[0]" peer=16U*PvZpcH
[2026-10-03 21:11:47.559] [out] [delivery_module] DBG 2026-10-03 21:11:47.558+02:00 Received WakuMetadata request              topics="waku metadata" tid=3024045 remoteClusterId=ok(42) remoteShards="[0]" localClusterId=42 localShards="[0]" peer=16U*FzRsp4
[2026-10-03 21:11:47.559] [out] [delivery_module] DBG 2026-10-03 21:11:47.559+02:00 no listener registered                     tid=3024048 event=onConnectionChange
[2026-10-03 21:11:47.559] [out] [delivery_module] DBG 2026-10-03 21:11:47.559+02:00 no listener registered                     tid=3024048 event=onConnectionChange
[2026-10-03 21:11:47.560] [out] [delivery_module] DBG 2026-10-03 21:11:47.560+02:00 no listener registered                     tid=3024048 event=onConnectionChange
[2026-10-03 21:11:47.561] [out] [delivery_module] DBG 2026-10-03 21:11:47.561+02:00 no listener registered                     tid=3024048 event=onConnectionChange
[2026-10-03 21:11:47.561] [out] [delivery_module] DBG 2026-10-03 21:11:47.561+02:00 Finished dialing multiple peers            tid=3024045 successfulConns=4 attempted=4
[2026-10-03 21:11:47.561] [out] [delivery_module] DBG 2026-10-03 21:11:47.561+02:00 Starting peer exchange loop                topics="waku node peerexchange api" tid=3024045
[2026-10-03 21:11:47.561] [out] [delivery_module] DBG 2026-10-03 21:11:47.561+02:00 Retrieving peer info via peer exchange protocol topics="waku node peerexchange api" tid=3024045 amount=5
[2026-10-03 21:11:47.562] [out] [delivery_module] DBG 2026-10-03 21:11:47.562+02:00 Peer exchange request could not be made as no peer exchange peers found topics="waku peer_exchange client" tid=3024045
[2026-10-03 21:11:47.562] [out] [delivery_module] DBG 2026-10-03 21:11:47.562+02:00 Failed to retrieve peer info via peer exchange protocol topics="waku node peerexchange api" tid=3024045 error="(status_code: SERVICE_UNAVAILABLE, status_desc: ok(peer_not_found_failure))"
[2026-10-03 21:11:47.562] [out] [delivery_module] DBG 2026-10-03 21:11:47.562+02:00 Cannot fetch peers from peer exchange      topics="waku node peerexchange api" tid=3024045 cause="(status_code: SERVICE_UNAVAILABLE, status_desc: ok(peer_not_found_failure))"
[2026-10-03 21:11:47.562] [out] [delivery_module] INF 2026-10-03 21:11:47.562+02:00 Relay peer connections                     topics="waku node peer_manager" tid=3024045 inRelayConns=0/50 outRelayConns=4/25 totalConnections=4/150 notConnectedPeers=0 outsideBackoffPeers=0
[2026-10-03 21:11:47.563] [out] [delivery_module] DBG 2026-10-03 21:11:47.563+02:00 ENR addresses updated                      topics="waku enr" tid=3024045 retained=1 total=1
[2026-10-03 21:11:47.564] [out] [delivery_module] INF 2026-10-03 21:11:47.564+02:00 Node is online                             topics="waku online monitor" tid=3024045
[2026-10-03 21:11:47.564] [out] [delivery_module] INF 2026-10-03 21:11:47.564+02:00 Health monitor loop start                  tid=3024045
[2026-10-03 21:11:47.565] [out] [delivery_module] DBG 2026-10-03 21:11:47.565+02:00 calculateConnectionState                   tid=3024045 relayCount=4 storeClientCount=0 lightpushCount=4 filterCount=0
[2026-10-03 21:11:47.565] [out] [delivery_module] DBG 2026-10-03 21:11:47.565+02:00 connectionStatus change                    tid=3024045 oldstatus=Disconnected newstatus=Connected
[2026-10-03 21:11:47.565] [out] [delivery_module] INF 2026-10-03 21:11:47.565+02:00 starting keepalive                         tid=3024045 randomPeersKeepalive=10s allPeersKeepalive=2m
[2026-10-03 21:11:47.569] [out] [delivery_module] WRN 2026-10-03 21:11:47.569+02:00 Messaging persistence disabled, could not open persistency job tid=3024045 jobId=messaging reason="PersistencyError(peBackend: openBackend: open ~/Library/Application Support/Logos/LogosStandalone/module_data/delivery_module/5145dd8132c8/data/messaging.db failed: database is locked)"
[2026-10-03 21:11:47.641] [out] [delivery_module] DBG 2026-10-03 21:11:47.641+02:00 no listener registered                     tid=3024048 event=onTopicHealthChange
Loaded UI plugin: "/nix/store/hvaxfjndlvdc2din115i62wg7hlsw1s1-logos-forum_module-plugin-dir"
[2026-10-03 21:11:47.667] [out] [delivery_module] DBG 2026-10-03 21:11:47.667+02:00 calculateConnectionState                   tid=3024045 relayCount=4 storeClientCount=0 lightpushCount=4 filterCount=0
[QmlInspector] Inspector server listening on port 3769
[QmlInspector] Client connected from "::1"
[2026-10-03 21:11:54.955] [out] [delivery_module] INF 2026-10-03 21:11:54.955+02:00 Message received                           tid=3024045 msg_hash=0xb08bc1e27465f33d90d460522892c261bd6261a5d90f7fdf223f7fb047ba4a99 contentTopic=/lp0026forum/1/general/text pubsubTopic=/waku/2/rs/42/0 source=live
[QmlInspector] Client disconnected
