run-logos-standalone-ui: hot-reloading QML from <repo>/src/qml
  (export DEV_QML_PATH to override, or LOGOS_QML_HOT_RELOAD=0 to disable)
Session directory: "~/Library/Application Support/Logos/LogosStandalone"
[2026-10-02 11:16:23.549] [info] [logos] Granting host services to 'capability_module': token_registry,token_delivery
[2026-10-02 11:16:23.603] [out] [capability_module] [2026-10-02 11:16:23.602] [info] Granting host services to capability_module: ["token_registry","token_delivery"]
RemoteTransportConnection: Connecting to registry: "local:logos_capability_module_07567cc2ee3d" at "11:16:23.609"
RemoteTransportConnection: Registry connect attempt started (no peer contact yet): "local:logos_capability_module_07567cc2ee3d"
LogosAPIConsumer: Informing module token for module: "capability_module" with token: "redacted:66b5999c…"
RemoteTransportConnection: Requesting object: "capability_module" at "11:16:23.612"
[LogosObject] RemoteTransportConnection: returning RemoteLogosObject for: "capability_module"
[LogosObject] Created RemoteLogosObject wrapping QRemoteObjectReplica 105553177690432
[LogosObject] LogosAPIConsumer: calling LogosObject::informModuleToken for "capability_module"
LogosAPIConsumer: informModuleToken completed with result: true
[LogosObject] Destroying RemoteLogosObject 0
[2026-10-02 11:16:23.667] [info] [logos] Module loaded: capability_module
LogosAPIConsumer: Informing module token for module: "modules_state" with token: "redacted:c446bcbd…"
RemoteTransportConnection: Requesting object: "capability_module" at "11:16:23.702"
[LogosObject] RemoteTransportConnection: returning RemoteLogosObject for: "capability_module"
[LogosObject] Created RemoteLogosObject wrapping QRemoteObjectReplica 105553177694176
[LogosObject] LogosAPIConsumer: calling LogosObject::informModuleToken for "modules_state"
LogosAPIConsumer: informModuleToken completed with result: true
[LogosObject] Destroying RemoteLogosObject 0
[2026-10-02 11:16:23.705] [info] [logos] Module loaded: modules_state
RemoteTransportConnection: Connecting to registry: "local:logos_modules_state_07567cc2ee3d" at "11:16:23.705"
RemoteTransportConnection: Registry connect attempt started (no peer contact yet): "local:logos_modules_state_07567cc2ee3d"
RemoteTransportConnection: Connecting to registry: "local:logos_capability_module_07567cc2ee3d" at "11:16:23.705"
RemoteTransportConnection: Registry connect attempt started (no peer contact yet): "local:logos_capability_module_07567cc2ee3d"
LogosAPIConsumer: '"modules_state"::""' deferred pending the module becoming reachable
LogosAPIConsumer: '"modules_state"::""' deferred pending the module becoming reachable
Logos Core started (modules dir: "/nix/store/4v2cj5cr5dlsjb9cl0blr0cds0qf07iv-logos-forum_module-plugin-dir-modules" )
Set app icon from metadata: "/nix/store/17hvmf1x06mgq90nb9pj0shyy3qpdy99-logos-forum_module-plugin-dir/src/icons/icon.png"
[2026-10-02 11:16:23.786] [info] [logos] [delivery_module] DeliveryModuleImpl: Initializing...
LogosAPIConsumer: Informing module token for module: "delivery_module" with token: "redacted:83475357…"
RemoteTransportConnection: Requesting object: "capability_module" at "11:16:23.789"
[LogosObject] RemoteTransportConnection: returning RemoteLogosObject for: "capability_module"
[LogosObject] Created RemoteLogosObject wrapping QRemoteObjectReplica 105553178003200
[LogosObject] LogosAPIConsumer: calling LogosObject::informModuleToken for "delivery_module"
LogosAPIConsumer: informModuleToken completed with result: true
[LogosObject] Destroying RemoteLogosObject 0
[2026-10-02 11:16:23.789] [info] [logos] Module loaded: delivery_module
RemoteTransportConnection: Connecting to registry: "local:logos_delivery_module_07567cc2ee3d" at "11:16:23.789"
RemoteTransportConnection: Registry connect attempt started (no peer contact yet): "local:logos_delivery_module_07567cc2ee3d"
RemoteTransportConnection: Connecting to registry: "local:logos_capability_module_07567cc2ee3d" at "11:16:23.789"
RemoteTransportConnection: Registry connect attempt started (no peer contact yet): "local:logos_capability_module_07567cc2ee3d"
LogosAPIConsumer: '"delivery_module"::""' deferred pending the module becoming reachable
LogosAPIClient: getToken for module: "modules_state"
LogosAPIClient: Found token for module: "modules_state"
RemoteTransportConnection: Requesting object: "modules_state" at "11:16:23.790"
[LogosObject] RemoteTransportConnection: returning RemoteLogosObject for: "modules_state"
[LogosObject] Created RemoteLogosObject wrapping QRemoteObjectReplica 105553178006624
[LogosObject] LogosAPIConsumer: async calling via LogosObject::callMethodAsync "note_transition"
[LogosObject] RemoteLogosObject::callMethodAsync "note_transition" args: 7
LogosAPIClient: getToken for module: "modules_state"
LogosAPIClient: Found token for module: "modules_state"
[LogosObject] LogosAPIConsumer: async calling via LogosObject::callMethodAsync "note_transition"
[LogosObject] RemoteLogosObject::callMethodAsync "note_transition" args: 7
Loaded dependency (with transitive deps): "delivery_module"
[2026-10-02 11:16:23.834] [info] [logos] [storage_module] StorageModuleImpl: Initializing...
LogosAPIConsumer: Informing module token for module: "storage_module" with token: "redacted:91975c29…"
RemoteTransportConnection: Requesting object: "capability_module" at "11:16:23.835"
[LogosObject] Created RemoteLogosObject wrapping QRemoteObjectReplica 105553177695936
LogosAPIClient: invoking remote method "modules_state" "apply_snapshot" args_count: 1
LogosAPIClient: getToken for module: "modules_state"
LogosAPIClient: Found token for module: "modules_state"
LogosAPIConsumer: Calling invokeRemoteMethod: "modules_state" "apply_snapshot" args_count: 1 timeout: 20000
[LogosObject] LogosAPIConsumer: calling via LogosObject::callMethod "apply_snapshot"
[LogosObject] RemoteLogosObject::callMethod "apply_snapshot" args: 1
[LogosObject] Created RemoteLogosObject wrapping QRemoteObjectReplica 105553178006400
LogosAPIClient: getToken for module: "modules_state"
LogosAPIClient: Found token for module: "modules_state"
[LogosObject] LogosAPIConsumer: async calling via LogosObject::callMethodAsync "note_transition"
[LogosObject] RemoteLogosObject::callMethodAsync "note_transition" args: 7
LogosAPIClient: getToken for module: "modules_state"
LogosAPIClient: Found token for module: "modules_state"
[LogosObject] LogosAPIConsumer: async calling via LogosObject::callMethodAsync "note_transition"
[LogosObject] RemoteLogosObject::callMethodAsync "note_transition" args: 7
[2026-10-02 11:16:23.840] [info] [logos] Pushed module snapshot to modules_state
LogosAPIClient: getToken for module: "modules_state"
LogosAPIClient: Found token for module: "modules_state"
[LogosObject] LogosAPIConsumer: async calling via LogosObject::callMethodAsync "note_transition"
[LogosObject] RemoteLogosObject::callMethodAsync "note_transition" args: 7
[LogosObject] RemoteTransportConnection: returning RemoteLogosObject for: "capability_module"
[LogosObject] Created RemoteLogosObject wrapping QRemoteObjectReplica 105553177693920
[LogosObject] LogosAPIConsumer: calling LogosObject::informModuleToken for "storage_module"
LogosAPIConsumer: informModuleToken completed with result: true
[LogosObject] Destroying RemoteLogosObject 0
[2026-10-02 11:16:23.840] [info] [logos] Module loaded: storage_module
RemoteTransportConnection: Connecting to registry: "local:logos_storage_module_07567cc2ee3d" at "11:16:23.841"
RemoteTransportConnection: Registry connect attempt started (no peer contact yet): "local:logos_storage_module_07567cc2ee3d"
RemoteTransportConnection: Connecting to registry: "local:logos_capability_module_07567cc2ee3d" at "11:16:23.841"
RemoteTransportConnection: Registry connect attempt started (no peer contact yet): "local:logos_capability_module_07567cc2ee3d"
LogosAPIConsumer: '"storage_module"::""' deferred pending the module becoming reachable
LogosAPIClient: getToken for module: "modules_state"
LogosAPIClient: Found token for module: "modules_state"
[LogosObject] LogosAPIConsumer: async calling via LogosObject::callMethodAsync "note_transition"
[LogosObject] RemoteLogosObject::callMethodAsync "note_transition" args: 7
Loaded dependency (with transitive deps): "storage_module"
DEV_QML_PATH override active: <repo>/src/qml/Main.qml
RemoteTransportConnection: Connecting to registry: "local:logos_capability_module_07567cc2ee3d" at "11:16:23.842"
RemoteTransportConnection: Registry connect attempt started (no peer contact yet): "local:logos_capability_module_07567cc2ee3d"
LogosAPIConsumer: Informing module token for module: "forum_module" with token: "redacted:4392b4f3…"
RemoteTransportConnection: Requesting object: "capability_module" at "11:16:23.842"
[LogosObject] RemoteTransportConnection: returning RemoteLogosObject for: "capability_module"
[LogosObject] Created RemoteLogosObject wrapping QRemoteObjectReplica 105553177694624
[LogosObject] LogosAPIConsumer: calling LogosObject::informModuleToken for "forum_module"
[LogosObject] Created RemoteLogosObject wrapping QRemoteObjectReplica 105553177713664
LogosAPIClient: getToken for module: "modules_state"
LogosAPIClient: Found token for module: "modules_state"
[LogosObject] LogosAPIConsumer: async calling via LogosObject::callMethodAsync "note_transition"
[LogosObject] RemoteLogosObject::callMethodAsync "note_transition" args: 7
LogosAPIConsumer: informModuleToken completed with result: true
[LogosObject] Destroying RemoteLogosObject 0
[2026-10-02 11:16:24.162] [warning] [logos] [capability_module] Warning: QObject::connect: No such signal ::eventResponse(QString,QVariantList)
[2026-10-02 11:16:24.165] [info] [logos] [delivery_module] DeliveryModuleImpl::getNodeInfo called with nodeInfoId: MyPeerId
[2026-10-02 11:16:24.165] [info] [logos] [delivery_module] DeliveryModuleImpl: Cannot get node info - context not initialized. Call createNode first.
[2026-10-02 11:16:24.165] [info] [logos] [delivery_module] DeliveryModuleImpl::createNode called
[2026-10-02 11:16:24.251] [info] [logos] [delivery_module] DeliveryModuleImpl: Waiting for createNode callback...
[2026-10-02 11:16:24.257] [out] [delivery_module] DBG 2026-10-02 11:16:24.257+02:00 Whether to mount storeSync is not specified, defaulting to not mounting topics="waku conf builder" tid=43021236
[2026-10-02 11:16:24.257] [out] [delivery_module] INF 2026-10-02 11:16:24.257+02:00 Sharding configuration:                    topics="waku conf builder" tid=43021236 shardingConf="(kind: AutoSharding, numShardsInCluster: 1)" subscribeShards=@[0]
[2026-10-02 11:16:24.260] [out] [delivery_module] INF 2026-10-02 11:16:24.260+02:00 Configuration: Enabled protocols           topics="waku conf" tid=43021236 relay=true rlnRelay=false store=false filter=false lightPush=false peerExchange=false rendezvous=false
[2026-10-02 11:16:24.260] [out] [delivery_module] INF 2026-10-02 11:16:24.260+02:00 Configuration. Network                     topics="waku conf" tid=43021236 cluster=42
[2026-10-02 11:16:24.260] [out] [delivery_module] DBG 2026-10-02 11:16:24.260+02:00 Configuration. Active Relay Shards         topics="waku conf" tid=43021236 shard=0
[2026-10-02 11:16:24.261] [out] [delivery_module] INF 2026-10-02 11:16:24.261+02:00 Setting up storage                         tid=43021236
[2026-10-02 11:16:24.261] [out] [delivery_module] INF 2026-10-02 11:16:24.261+02:00 Initializing node                          tid=43021236
[2026-10-02 11:16:24.263] [out] [delivery_module] INF 2026-10-02 11:16:24.263+02:00 Initializing networking                    tid=43021236 addrs=@[/ip4/127.0.0.1/tcp/54566]
[2026-10-02 11:16:24.263] [out] [delivery_module] INF 2026-10-02 11:16:24.263+02:00 Mounting protocols                         tid=43021236
[2026-10-02 11:16:24.264] [out] [delivery_module] INF 2026-10-02 11:16:24.264+02:00 Created WakuMetadata protocol              topics="waku node" tid=43021236 clusterId=42 shards="[0]"
[2026-10-02 11:16:24.264] [out] [delivery_module] INF 2026-10-02 11:16:24.264+02:00 mounting store client                      topics="waku node store api" tid=43021236
[2026-10-02 11:16:24.264] [out] [delivery_module] INF 2026-10-02 11:16:24.264+02:00 Mounting auto sharding                     topics="waku node" tid=43021236 clusterId=42 shardCount=1
[2026-10-02 11:16:24.264] [out] [delivery_module] DBG 2026-10-02 11:16:24.264+02:00 Shards created from content topics         tid=43021236 contentTopics=[] shards=[]
[2026-10-02 11:16:24.264] [out] [delivery_module] DBG 2026-10-02 11:16:24.264+02:00 Setting max message size                   tid=43021236 num_bytes=153600
[2026-10-02 11:16:24.264] [out] [delivery_module] INF 2026-10-02 11:16:24.264+02:00 mounting relay protocol                    topics="waku node relay api" tid=43021236
[2026-10-02 11:16:24.265] [out] [delivery_module] DBG 2026-10-02 11:16:24.265+02:00 relay mounted successfully                 topics="waku node relay api" tid=43021236
[2026-10-02 11:16:24.265] [out] [delivery_module] DBG 2026-10-02 11:16:24.265+02:00 Adding validator to signed shards          tid=43021236 protectedShards=[] clusterId=42
[2026-10-02 11:16:24.265] [out] [delivery_module] INF 2026-10-02 11:16:24.265+02:00 mounting libp2p ping protocol              topics="waku node ping api" tid=43021236
[2026-10-02 11:16:24.265] [out] [delivery_module] INF 2026-10-02 11:16:24.265+02:00 mounting light push client                 topics="waku node lightpush api" tid=43021236
[2026-10-02 11:16:24.266] [out] [delivery_module] INF 2026-10-02 11:16:24.265+02:00 mounting legacy light push client          topics="waku node lightpush api" tid=43021236
[2026-10-02 11:16:24.266] [out] [delivery_module] INF 2026-10-02 11:16:24.266+02:00 mounting filter client                     topics="waku node filter api" tid=43021236
[2026-10-02 11:16:24.266] [out] [delivery_module] INF 2026-10-02 11:16:24.266+02:00 mounting waku peer exchange client         topics="waku node peerexchange api" tid=43021236
[2026-10-02 11:16:24.266] [out] [delivery_module] INF 2026-10-02 11:16:24.266+02:00 No external callbacks to be set            topics="wakunode waku" tid=43021236
[2026-10-02 11:16:24.266] [out] [delivery_module] INF 2026-10-02 11:16:24.266+02:00 Setting up AutonatService                  topics="libp2p autonatservice" tid=43021236
[2026-10-02 11:16:24.268] [info] [logos] [delivery_module] DeliveryModuleImpl::createNode callback called with ret: 0
[2026-10-02 11:16:24.275] [info] [logos] [delivery_module] DeliveryModuleImpl: Delivery context created successfully
[2026-10-02 11:16:24.276] [info] [logos] [delivery_module] DeliveryModuleImpl::start called
[2026-10-02 11:16:24.276] [out] [delivery_module] INF 2026-10-02 11:16:24.276+02:00 Retrieve dynamic bootstrap nodes           topics="wakunode waku" tid=43021236
[2026-10-02 11:16:24.276] [out] [delivery_module] INF 2026-10-02 11:16:24.276+02:00 Running nwaku node                         tid=43021236 version=v0.39.0-gca2814
[2026-10-02 11:16:24.276] [out] [delivery_module] INF 2026-10-02 11:16:24.276+02:00 Starting Waku node                         topics="waku node" tid=43021236 version=v0.39.0-gca2814
[2026-10-02 11:16:24.276] [info] [logos] [delivery_module] DeliveryModuleImpl::getNodeInfo called with nodeInfoId: MyPeerId
[2026-10-02 11:16:24.276] [out] [delivery_module] DBG 2026-10-02 11:16:24.276+02:00 starting switch for peer                   topics="libp2p switch" tid=43021236 peerInfo="(peerId: 16Uiu2HAmNnJE1d91A3dYLajXkiZBhRDsvpr8sgyuAB8rBeE9M24r, listenAddrs: [/ip4/127.0.0.1/tcp/54566], addrs: [], protocols: [/ipfs/id/1.0.0, /libp2p/autonat/1.0.0, /libp2p/circuit/relay/0.2.0/hop, /vac/waku/metadata/1.0.0, /vac/waku/relay/2.0.0, /ipfs/ping/1.0.0, /vac/waku/filter-push/2.0.0-beta1], protoVersion: ipfs/0.1.0, agentVersion: logos-delivery-v0.39.0-gca2814)"
[2026-10-02 11:16:24.278] [out] [delivery_module] DBG 2026-10-02 11:16:24.278+02:00 About to accept incoming connection        topics="libp2p switch" tid=43021236
[2026-10-02 11:16:24.278] [out] [delivery_module] INF 2026-10-02 11:16:24.278+02:00 start                                      topics="waku relay" tid=43021236
[2026-10-02 11:16:24.279] [out] [delivery_module] DBG 2026-10-02 11:16:24.279+02:00 Started libp2p node                        topics="libp2p switch" tid=43021236 peer="(peerId: 16Uiu2HAmNnJE1d91A3dYLajXkiZBhRDsvpr8sgyuAB8rBeE9M24r, listenAddrs: [/ip4/127.0.0.1/tcp/54566], addrs: [/ip4/127.0.0.1/tcp/54566], protocols: [/ipfs/id/1.0.0, /libp2p/autonat/1.0.0, /libp2p/circuit/relay/0.2.0/hop, /vac/waku/metadata/1.0.0, /vac/waku/relay/2.0.0, /ipfs/ping/1.0.0, /vac/waku/filter-push/2.0.0-beta1], protoVersion: ipfs/0.1.0, agentVersion: logos-delivery-v0.39.0-gca2814)"
[2026-10-02 11:16:24.280] [out] [delivery_module] INF 2026-10-02 11:16:24.280+02:00 Announced base resolved                    topics="waku node" tid=43021236 addrs=@[/ip4/127.0.0.1/tcp/54566] explicit=@[/ip4/127.0.0.1/tcp/54566]
[2026-10-02 11:16:24.281] [out] [delivery_module] DBG 2026-10-02 11:16:24.281+02:00 ENR addresses updated                      topics="waku enr" tid=43021236 retained=1 total=1
[2026-10-02 11:16:24.281] [out] [delivery_module] INF 2026-10-02 11:16:24.281+02:00 Node started successfully                  topics="waku node" tid=43021236
[2026-10-02 11:16:24.281] [out] [delivery_module] DBG 2026-10-02 11:16:24.281+02:00 Dialing multiple peers                     tid=43021236 numOfPeers=4 nodes="@[\"/ip4/127.0.0.1/tcp/54561/p2p/16Uiu2HAmEw6SaMJibUQs2pToCTEVeHiR5x8L6Z7bfiA6jtDnyrgm\", \"/ip4/127.0.0.1/tcp/54562/p2p/16Uiu2HAm94oBTbFgj3FKx28pYUpASJxsL6bVhJ5QSnzuuCN8cC6K\", \"/ip4/127.0.0.1/tcp/54563/p2p/16Uiu2HAm3jaX5K1BXwdyXxEz8omZ6xkaNBtPHsY4CiwerWjstqmw\", \"/ip4/127.0.0.1/tcp/54564/p2p/16Uiu2HAkyG9S5DcpfDfyB4PhdgeuzqU8J2QpVUE4Vm9JDABpoXk3\"]"
[2026-10-02 11:16:24.282] [out] [delivery_module] DBG 2026-10-02 11:16:24.282+02:00 Dialing peer                               topics="libp2p dialer" tid=43021236 peerId=16U*Dnyrgm addrs="[/ip4/127.0.0.1/tcp/54561]"
[2026-10-02 11:16:24.282] [out] [delivery_module] DBG 2026-10-02 11:16:24.282+02:00 Expanded address and hostname              topics="libp2p dialer" tid=43021236 expandedAddress=/ip4/127.0.0.1/tcp/54561 hostname=127.0.0.1 resolvedAddresses="[/ip4/127.0.0.1/tcp/54561]"
[2026-10-02 11:16:24.282] [out] [delivery_module] DBG 2026-10-02 11:16:24.282+02:00 Dialing peer                               topics="libp2p dialer" tid=43021236 peerId=16U*N8cC6K addrs="[/ip4/127.0.0.1/tcp/54562]"
[2026-10-02 11:16:24.282] [out] [delivery_module] DBG 2026-10-02 11:16:24.282+02:00 Expanded address and hostname              topics="libp2p dialer" tid=43021236 expandedAddress=/ip4/127.0.0.1/tcp/54562 hostname=127.0.0.1 resolvedAddresses="[/ip4/127.0.0.1/tcp/54562]"
[2026-10-02 11:16:24.282] [out] [delivery_module] DBG 2026-10-02 11:16:24.282+02:00 Dialing peer                               topics="libp2p dialer" tid=43021236 peerId=16U*jstqmw addrs="[/ip4/127.0.0.1/tcp/54563]"
[2026-10-02 11:16:24.282] [out] [delivery_module] DBG 2026-10-02 11:16:24.282+02:00 Expanded address and hostname              topics="libp2p dialer" tid=43021236 expandedAddress=/ip4/127.0.0.1/tcp/54563 hostname=127.0.0.1 resolvedAddresses="[/ip4/127.0.0.1/tcp/54563]"
[2026-10-02 11:16:24.283] [out] [delivery_module] DBG 2026-10-02 11:16:24.283+02:00 Dialing peer                               topics="libp2p dialer" tid=43021236 peerId=16U*BpoXk3 addrs="[/ip4/127.0.0.1/tcp/54564]"
[2026-10-02 11:16:24.283] [out] [delivery_module] DBG 2026-10-02 11:16:24.283+02:00 Expanded address and hostname              topics="libp2p dialer" tid=43021236 expandedAddress=/ip4/127.0.0.1/tcp/54564 hostname=127.0.0.1 resolvedAddresses="[/ip4/127.0.0.1/tcp/54564]"
[2026-10-02 11:16:24.285] [info] [logos] [delivery_module] DeliveryModuleImpl::subscribe called with contentTopic: /lp0026forum/1/general/text
[2026-10-02 11:16:24.288] [out] [delivery_module] DBG 2026-10-02 11:16:24.288+02:00 Subscribing to pubsub topic                topics="waku relay" tid=43021236 pubsubTopic=/waku/2/rs/42/0
[2026-10-02 11:16:24.289] [out] [delivery_module] DBG 2026-10-02 11:16:24.289+02:00 No mesh peer for the given pubsub topic    topics="waku relay" tid=43021236 pubsubTopic=/waku/2/rs/42/0
[2026-10-02 11:16:24.290] [info] [logos] [delivery_module] DeliveryModuleImpl: Subscribe completed for topic: /lp0026forum/1/general/text with success
[2026-10-02 11:16:24.291] [out] [delivery_module] DBG 2026-10-02 11:16:24.291+02:00 Dial successful                            topics="libp2p dialer" tid=43021236 peerId=16U*Dnyrgm
[2026-10-02 11:16:24.292] [out] [delivery_module] DBG 2026-10-02 11:16:24.291+02:00 Dial successful                            topics="libp2p dialer" tid=43021236 peerId=16U*jstqmw
[2026-10-02 11:16:24.292] [out] [delivery_module] DBG 2026-10-02 11:16:24.292+02:00 no listener registered                     tid=43021237 event=onConnectionChange
[2026-10-02 11:16:24.292] [out] [delivery_module] DBG 2026-10-02 11:16:24.292+02:00 starting sendNonHighPriorityTask           topics="libp2p pubsubpeer" tid=43021236 p=16U*Dnyrgm
[2026-10-02 11:16:24.292] [out] [delivery_module] DBG 2026-10-02 11:16:24.292+02:00 created new pubsub peer                    topics="libp2p pubsub" tid=43021236 peerId=16U*Dnyrgm
[2026-10-02 11:16:24.293] [out] [delivery_module] DBG 2026-10-02 11:16:24.293+02:00 starting sendNonHighPriorityTask           topics="libp2p pubsubpeer" tid=43021236 p=16U*jstqmw
[2026-10-02 11:16:24.293] [out] [delivery_module] DBG 2026-10-02 11:16:24.293+02:00 created new pubsub peer                    topics="libp2p pubsub" tid=43021236 peerId=16U*jstqmw
[2026-10-02 11:16:24.293] [out] [delivery_module] DBG 2026-10-02 11:16:24.293+02:00 no listener registered                     tid=43021237 event=onConnectionChange
[2026-10-02 11:16:24.293] [out] [delivery_module] DBG 2026-10-02 11:16:24.293+02:00 Incoming WakuRelay connection              topics="waku relay" tid=43021236 connection=16U*Dnyrgm:6abf766824af97a6b0745d85 protocol=/vac/waku/relay/2.0.0
[2026-10-02 11:16:24.293] [out] [delivery_module] DBG 2026-10-02 11:16:24.293+02:00 starting pubsub read loop                  topics="libp2p pubsubpeer" tid=43021236 stream=16U*Dnyrgm:6abf766824af97a6b0745d85 peer=16U*Dnyrgm closed=false
[2026-10-02 11:16:24.293] [out] [delivery_module] DBG 2026-10-02 11:16:24.293+02:00 identify: info sent                        topics="libp2p identify" tid=43021236 stream=16U*Dnyrgm:6abf766824af97a6b0745d86 info="(peerId: 16Uiu2HAmNnJE1d91A3dYLajXkiZBhRDsvpr8sgyuAB8rBeE9M24r, listenAddrs: [/ip4/127.0.0.1/tcp/54566], addrs: [/ip4/127.0.0.1/tcp/54566], protocols: [/ipfs/id/1.0.0, /libp2p/autonat/1.0.0, /libp2p/circuit/relay/0.2.0/hop, /vac/waku/metadata/1.0.0, /vac/waku/relay/2.0.0, /ipfs/ping/1.0.0, /vac/waku/filter-push/2.0.0-beta1], protoVersion: ipfs/0.1.0, agentVersion: logos-delivery-v0.39.0-gca2814)"
[2026-10-02 11:16:24.293] [out] [delivery_module] DBG 2026-10-02 11:16:24.293+02:00 Incoming WakuRelay connection              topics="waku relay" tid=43021236 connection=16U*jstqmw:6abf766824af97a6b0745d87 protocol=/vac/waku/relay/2.0.0
[2026-10-02 11:16:24.293] [out] [delivery_module] DBG 2026-10-02 11:16:24.293+02:00 starting pubsub read loop                  topics="libp2p pubsubpeer" tid=43021236 stream=16U*jstqmw:6abf766824af97a6b0745d87 peer=16U*jstqmw closed=false
[2026-10-02 11:16:24.293] [out] [delivery_module] DBG 2026-10-02 11:16:24.293+02:00 identify: info sent                        topics="libp2p identify" tid=43021236 stream=16U*jstqmw:6abf766824af97a6b0745d88 info="(peerId: 16Uiu2HAmNnJE1d91A3dYLajXkiZBhRDsvpr8sgyuAB8rBeE9M24r, listenAddrs: [/ip4/127.0.0.1/tcp/54566], addrs: [/ip4/127.0.0.1/tcp/54566], protocols: [/ipfs/id/1.0.0, /libp2p/autonat/1.0.0, /libp2p/circuit/relay/0.2.0/hop, /vac/waku/metadata/1.0.0, /vac/waku/relay/2.0.0, /ipfs/ping/1.0.0, /vac/waku/filter-push/2.0.0-beta1], protoVersion: ipfs/0.1.0, agentVersion: logos-delivery-v0.39.0-gca2814)"
[2026-10-02 11:16:24.293] [out] [delivery_module] DBG 2026-10-02 11:16:24.293+02:00 Dial successful                            topics="libp2p dialer" tid=43021236 peerId=16U*BpoXk3
[2026-10-02 11:16:24.294] [out] [delivery_module] DBG 2026-10-02 11:16:24.294+02:00 starting sendNonHighPriorityTask           topics="libp2p pubsubpeer" tid=43021236 p=16U*BpoXk3
[2026-10-02 11:16:24.294] [out] [delivery_module] DBG 2026-10-02 11:16:24.294+02:00 created new pubsub peer                    topics="libp2p pubsub" tid=43021236 peerId=16U*BpoXk3
[2026-10-02 11:16:24.294] [out] [delivery_module] DBG 2026-10-02 11:16:24.294+02:00 no listener registered                     tid=43021237 event=onConnectionChange
[2026-10-02 11:16:24.294] [out] [delivery_module] DBG 2026-10-02 11:16:24.294+02:00 Dial successful                            topics="libp2p dialer" tid=43021236 peerId=16U*N8cC6K
[2026-10-02 11:16:24.294] [out] [delivery_module] DBG 2026-10-02 11:16:24.294+02:00 starting sendNonHighPriorityTask           topics="libp2p pubsubpeer" tid=43021236 p=16U*N8cC6K
[2026-10-02 11:16:24.295] [out] [delivery_module] DBG 2026-10-02 11:16:24.294+02:00 created new pubsub peer                    topics="libp2p pubsub" tid=43021236 peerId=16U*N8cC6K
[2026-10-02 11:16:24.295] [out] [delivery_module] DBG 2026-10-02 11:16:24.294+02:00 Incoming WakuRelay connection              topics="waku relay" tid=43021236 connection=16U*BpoXk3:6abf766824af97a6b0745d8d protocol=/vac/waku/relay/2.0.0
[2026-10-02 11:16:24.295] [out] [delivery_module] DBG 2026-10-02 11:16:24.294+02:00 starting pubsub read loop                  topics="libp2p pubsubpeer" tid=43021236 stream=16U*BpoXk3:6abf766824af97a6b0745d8d peer=16U*BpoXk3 closed=false
[2026-10-02 11:16:24.295] [out] [delivery_module] DBG 2026-10-02 11:16:24.295+02:00 no listener registered                     tid=43021237 event=onConnectionChange
[2026-10-02 11:16:24.295] [out] [delivery_module] DBG 2026-10-02 11:16:24.295+02:00 identify: info sent                        topics="libp2p identify" tid=43021236 stream=16U*BpoXk3:6abf766824af97a6b0745d8e info="(peerId: 16Uiu2HAmNnJE1d91A3dYLajXkiZBhRDsvpr8sgyuAB8rBeE9M24r, listenAddrs: [/ip4/127.0.0.1/tcp/54566], addrs: [/ip4/127.0.0.1/tcp/54566], protocols: [/ipfs/id/1.0.0, /libp2p/autonat/1.0.0, /libp2p/circuit/relay/0.2.0/hop, /vac/waku/metadata/1.0.0, /vac/waku/relay/2.0.0, /ipfs/ping/1.0.0, /vac/waku/filter-push/2.0.0-beta1], protoVersion: ipfs/0.1.0, agentVersion: logos-delivery-v0.39.0-gca2814)"
[2026-10-02 11:16:24.295] [out] [delivery_module] DBG 2026-10-02 11:16:24.295+02:00 Incoming WakuRelay connection              topics="waku relay" tid=43021236 connection=16U*N8cC6K:6abf766824af97a6b0745d8f protocol=/vac/waku/relay/2.0.0
[2026-10-02 11:16:24.295] [out] [delivery_module] DBG 2026-10-02 11:16:24.295+02:00 starting pubsub read loop                  topics="libp2p pubsubpeer" tid=43021236 stream=16U*N8cC6K:6abf766824af97a6b0745d8f peer=16U*N8cC6K closed=false
[2026-10-02 11:16:24.295] [out] [delivery_module] DBG 2026-10-02 11:16:24.295+02:00 identify: info sent                        topics="libp2p identify" tid=43021236 stream=16U*N8cC6K:6abf766824af97a6b0745d90 info="(peerId: 16Uiu2HAmNnJE1d91A3dYLajXkiZBhRDsvpr8sgyuAB8rBeE9M24r, listenAddrs: [/ip4/127.0.0.1/tcp/54566], addrs: [/ip4/127.0.0.1/tcp/54566], protocols: [/ipfs/id/1.0.0, /libp2p/autonat/1.0.0, /libp2p/circuit/relay/0.2.0/hop, /vac/waku/metadata/1.0.0, /vac/waku/relay/2.0.0, /ipfs/ping/1.0.0, /vac/waku/filter-push/2.0.0-beta1], protoVersion: ipfs/0.1.0, agentVersion: logos-delivery-v0.39.0-gca2814)"
[2026-10-02 11:16:24.295] [out] [delivery_module] DBG 2026-10-02 11:16:24.295+02:00 identify: info received                    topics="libp2p identify" tid=43021236 stream=16U*Dnyrgm:6abf766824af97a6b0745d8a pubkey=ok(sec...8ed3)) addresses=/ip4/127.0.0.1/tcp/54561 protocols=/ipfs/id/1.0.0,/libp2p/autonat/1.0.0,/libp2p/circuit/relay/0.2.0/hop,/vac/waku/metadata/1.0.0,/mix/1.0.0,/vac/waku/relay/2.0.0,/ipfs/ping/1.0.0,/vac/waku/lightpush/3.0.0,/vac/waku/lightpush/2.0.0-beta1,/vac/waku/filter-push/2.0.0-beta1 observable_address=ok(/ip4/127.0.0.1/tcp/54608) proto_version=ipfs/0.1.0 agent_version=logos-delivery-v0.39.0-gca2814 signedPeerRecord=None
[2026-10-02 11:16:24.296] [out] [delivery_module] DBG 2026-10-02 11:16:24.296+02:00 identify: info received                    topics="libp2p identify" tid=43021236 stream=16U*jstqmw:6abf766824af97a6b0745d8c pubkey=ok(sec...f242)) addresses=/ip4/127.0.0.1/tcp/54563 protocols=/ipfs/id/1.0.0,/libp2p/autonat/1.0.0,/libp2p/circuit/relay/0.2.0/hop,/vac/waku/metadata/1.0.0,/mix/1.0.0,/vac/waku/relay/2.0.0,/ipfs/ping/1.0.0,/vac/waku/lightpush/3.0.0,/vac/waku/lightpush/2.0.0-beta1,/vac/waku/filter-push/2.0.0-beta1 observable_address=ok(/ip4/127.0.0.1/tcp/54612) proto_version=ipfs/0.1.0 agent_version=logos-delivery-v0.39.0-gca2814 signedPeerRecord=None
[2026-10-02 11:16:24.296] [out] [delivery_module] DBG 2026-10-02 11:16:24.296+02:00 starting pubsub read loop                  topics="libp2p pubsubpeer" tid=43021236 stream=16U*Dnyrgm:6abf766824af97a6b0745d89 peer=16U*Dnyrgm closed=false
[2026-10-02 11:16:24.297] [out] [delivery_module] DBG 2026-10-02 11:16:24.297+02:00 Event identified                           topics="waku node peer_manager" tid=43021236 peerId=16U*Dnyrgm
[2026-10-02 11:16:24.297] [out] [delivery_module] DBG 2026-10-02 11:16:24.297+02:00 no listener registered                     tid=43021237 event=onConnectionChange
[2026-10-02 11:16:24.297] [out] [delivery_module] DBG 2026-10-02 11:16:24.297+02:00 starting pubsub read loop                  topics="libp2p pubsubpeer" tid=43021236 stream=16U*jstqmw:6abf766824af97a6b0745d8b peer=16U*jstqmw closed=false
[2026-10-02 11:16:24.297] [out] [delivery_module] DBG 2026-10-02 11:16:24.297+02:00 Event identified                           topics="waku node peer_manager" tid=43021236 peerId=16U*jstqmw
[2026-10-02 11:16:24.297] [out] [delivery_module] DBG 2026-10-02 11:16:24.297+02:00 no listener registered                     tid=43021237 event=onConnectionChange
[2026-10-02 11:16:24.297] [out] [delivery_module] DBG 2026-10-02 11:16:24.297+02:00 identify: info received                    topics="libp2p identify" tid=43021236 stream=16U*BpoXk3:6abf766824af97a6b0745d92 pubkey=ok(sec...1a04)) addresses=/ip4/127.0.0.1/tcp/54564 protocols=/ipfs/id/1.0.0,/libp2p/autonat/1.0.0,/libp2p/circuit/relay/0.2.0/hop,/vac/waku/metadata/1.0.0,/mix/1.0.0,/vac/waku/relay/2.0.0,/ipfs/ping/1.0.0,/vac/waku/lightpush/3.0.0,/vac/waku/lightpush/2.0.0-beta1,/vac/waku/filter-push/2.0.0-beta1 observable_address=ok(/ip4/127.0.0.1/tcp/54614) proto_version=ipfs/0.1.0 agent_version=logos-delivery-v0.39.0-gca2814 signedPeerRecord=None
[2026-10-02 11:16:24.298] [out] [delivery_module] DBG 2026-10-02 11:16:24.298+02:00 starting pubsub read loop                  topics="libp2p pubsubpeer" tid=43021236 stream=16U*BpoXk3:6abf766824af97a6b0745d91 peer=16U*BpoXk3 closed=false
[2026-10-02 11:16:24.298] [out] [delivery_module] DBG 2026-10-02 11:16:24.298+02:00 identify: info received                    topics="libp2p identify" tid=43021236 stream=16U*N8cC6K:6abf766824af97a6b0745d94 pubkey=ok(sec...da5e)) addresses=/ip4/127.0.0.1/tcp/54562 protocols=/ipfs/id/1.0.0,/libp2p/autonat/1.0.0,/libp2p/circuit/relay/0.2.0/hop,/vac/waku/metadata/1.0.0,/mix/1.0.0,/vac/waku/relay/2.0.0,/ipfs/ping/1.0.0,/vac/waku/lightpush/3.0.0,/vac/waku/lightpush/2.0.0-beta1,/vac/waku/filter-push/2.0.0-beta1 observable_address=ok(/ip4/127.0.0.1/tcp/54610) proto_version=ipfs/0.1.0 agent_version=logos-delivery-v0.39.0-gca2814 signedPeerRecord=None
[2026-10-02 11:16:24.298] [out] [delivery_module] DBG 2026-10-02 11:16:24.298+02:00 Event identified                           topics="waku node peer_manager" tid=43021236 peerId=16U*BpoXk3
[2026-10-02 11:16:24.298] [out] [delivery_module] DBG 2026-10-02 11:16:24.298+02:00 no listener registered                     tid=43021237 event=onConnectionChange
[2026-10-02 11:16:24.298] [out] [delivery_module] DBG 2026-10-02 11:16:24.298+02:00 starting pubsub read loop                  topics="libp2p pubsubpeer" tid=43021236 stream=16U*N8cC6K:6abf766824af97a6b0745d93 peer=16U*N8cC6K closed=false
[2026-10-02 11:16:24.299] [out] [delivery_module] DBG 2026-10-02 11:16:24.299+02:00 Event identified                           topics="waku node peer_manager" tid=43021236 peerId=16U*N8cC6K
[2026-10-02 11:16:24.299] [out] [delivery_module] DBG 2026-10-02 11:16:24.299+02:00 no listener registered                     tid=43021237 event=onConnectionChange
[2026-10-02 11:16:24.300] [out] [delivery_module] DBG 2026-10-02 11:16:24.300+02:00 Received WakuMetadata request              topics="waku metadata" tid=43021236 remoteClusterId=ok(42) remoteShards="[0]" localClusterId=42 localShards="[0]" peer=16U*Dnyrgm
[2026-10-02 11:16:24.300] [out] [delivery_module] DBG 2026-10-02 11:16:24.300+02:00 Received WakuMetadata request              topics="waku metadata" tid=43021236 remoteClusterId=ok(42) remoteShards="[0]" localClusterId=42 localShards="[0]" peer=16U*BpoXk3
[2026-10-02 11:16:24.300] [out] [delivery_module] DBG 2026-10-02 11:16:24.300+02:00 Received WakuMetadata request              topics="waku metadata" tid=43021236 remoteClusterId=ok(42) remoteShards="[0]" localClusterId=42 localShards="[0]" peer=16U*N8cC6K
[2026-10-02 11:16:24.300] [out] [delivery_module] DBG 2026-10-02 11:16:24.300+02:00 Received WakuMetadata request              topics="waku metadata" tid=43021236 remoteClusterId=ok(42) remoteShards="[0]" localClusterId=42 localShards="[0]" peer=16U*jstqmw
[2026-10-02 11:16:24.301] [out] [delivery_module] DBG 2026-10-02 11:16:24.301+02:00 no listener registered                     tid=43021237 event=onConnectionChange
[2026-10-02 11:16:24.301] [out] [delivery_module] DBG 2026-10-02 11:16:24.301+02:00 no listener registered                     tid=43021237 event=onConnectionChange
[2026-10-02 11:16:24.301] [out] [delivery_module] DBG 2026-10-02 11:16:24.301+02:00 no listener registered                     tid=43021237 event=onConnectionChange
[2026-10-02 11:16:24.301] [out] [delivery_module] DBG 2026-10-02 11:16:24.301+02:00 no listener registered                     tid=43021237 event=onConnectionChange
[2026-10-02 11:16:24.302] [out] [delivery_module] DBG 2026-10-02 11:16:24.302+02:00 Finished dialing multiple peers            tid=43021236 successfulConns=4 attempted=4
[2026-10-02 11:16:24.302] [out] [delivery_module] DBG 2026-10-02 11:16:24.302+02:00 Starting peer exchange loop                topics="waku node peerexchange api" tid=43021236
[2026-10-02 11:16:24.302] [out] [delivery_module] DBG 2026-10-02 11:16:24.302+02:00 Retrieving peer info via peer exchange protocol topics="waku node peerexchange api" tid=43021236 amount=5
[2026-10-02 11:16:24.302] [out] [delivery_module] DBG 2026-10-02 11:16:24.302+02:00 Peer exchange request could not be made as no peer exchange peers found topics="waku peer_exchange client" tid=43021236
[2026-10-02 11:16:24.302] [out] [delivery_module] DBG 2026-10-02 11:16:24.302+02:00 Failed to retrieve peer info via peer exchange protocol topics="waku node peerexchange api" tid=43021236 error="(status_code: SERVICE_UNAVAILABLE, status_desc: ok(peer_not_found_failure))"
[2026-10-02 11:16:24.302] [out] [delivery_module] DBG 2026-10-02 11:16:24.302+02:00 Cannot fetch peers from peer exchange      topics="waku node peerexchange api" tid=43021236 cause="(status_code: SERVICE_UNAVAILABLE, status_desc: ok(peer_not_found_failure))"
[2026-10-02 11:16:24.303] [out] [delivery_module] INF 2026-10-02 11:16:24.303+02:00 Relay peer connections                     topics="waku node peer_manager" tid=43021236 inRelayConns=0/50 outRelayConns=4/25 totalConnections=4/150 notConnectedPeers=0 outsideBackoffPeers=0
[2026-10-02 11:16:24.303] [out] [delivery_module] DBG 2026-10-02 11:16:24.303+02:00 ENR addresses updated                      topics="waku enr" tid=43021236 retained=1 total=1
[2026-10-02 11:16:24.304] [out] [delivery_module] INF 2026-10-02 11:16:24.304+02:00 Node is online                             topics="waku online monitor" tid=43021236
[2026-10-02 11:16:24.304] [out] [delivery_module] INF 2026-10-02 11:16:24.304+02:00 Health monitor loop start                  tid=43021236
[2026-10-02 11:16:24.305] [out] [delivery_module] DBG 2026-10-02 11:16:24.305+02:00 calculateConnectionState                   tid=43021236 relayCount=4 storeClientCount=0 lightpushCount=4 filterCount=0
[2026-10-02 11:16:24.305] [out] [delivery_module] DBG 2026-10-02 11:16:24.305+02:00 connectionStatus change                    tid=43021236 oldstatus=Disconnected newstatus=Connected
[2026-10-02 11:16:24.305] [out] [delivery_module] INF 2026-10-02 11:16:24.305+02:00 starting keepalive                         tid=43021236 randomPeersKeepalive=10s allPeersKeepalive=2m
[2026-10-02 11:16:24.310] [out] [delivery_module] WRN 2026-10-02 11:16:24.310+02:00 Messaging persistence disabled, could not open persistency job tid=43021236 jobId=messaging reason="PersistencyError(peBackend: openBackend: open ~/Library/Application Support/Logos/LogosStandalone/module_data/delivery_module/5145dd8132c8/data/messaging.db failed: database is locked)"
[2026-10-02 11:16:24.391] [out] [delivery_module] DBG 2026-10-02 11:16:24.391+02:00 no listener registered                     tid=43021237 event=onTopicHealthChange
[2026-10-02 11:16:24.407] [out] [delivery_module] DBG 2026-10-02 11:16:24.407+02:00 calculateConnectionState                   tid=43021236 relayCount=4 storeClientCount=0 lightpushCount=4 filterCount=0
Loaded UI plugin: "/nix/store/17hvmf1x06mgq90nb9pj0shyy3qpdy99-logos-forum_module-plugin-dir"
[QmlInspector] Inspector server listening on port 3769
[QmlInspector] Client connected from "::1"
[2026-10-02 11:16:54.281] [out] [delivery_module] DBG 2026-10-02 11:16:54.281+02:00 Accepted an incoming connection            topics="libp2p switch" tid=43021236 conn=:6abf768624af97a6b0745db2
[2026-10-02 11:16:54.281] [out] [delivery_module] DBG 2026-10-02 11:16:54.281+02:00 About to accept incoming connection        topics="libp2p switch" tid=43021236
[2026-10-02 11:16:54.283] [out] [delivery_module] DBG 2026-10-02 11:16:54.283+02:00 dialMe answer is reachable                 topics="libp2p autonatservice" tid=43021236 peerId=16Uiu2HAmEw6SaMJibUQs2pToCTEVeHiR5x8L6Z7bfiA6jtDnyrgm
[2026-10-02 11:16:54.283] [out] [delivery_module] DBG 2026-10-02 11:16:54.283+02:00 Current status                             topics="libp2p autonatservice" tid=43021236 currentStats=Unknown confidence=none() answers=[Reachable]
[2026-10-02 11:16:54.285] [out] [delivery_module] DBG 2026-10-02 11:16:54.285+02:00 Accepted an incoming connection            topics="libp2p switch" tid=43021236 conn=:6abf768624af97a6b0745db6
[2026-10-02 11:16:54.285] [out] [delivery_module] DBG 2026-10-02 11:16:54.285+02:00 About to accept incoming connection        topics="libp2p switch" tid=43021236
[2026-10-02 11:16:54.287] [out] [delivery_module] DBG 2026-10-02 11:16:54.287+02:00 dialMe answer is reachable                 topics="libp2p autonatservice" tid=43021236 peerId=16Uiu2HAkyG9S5DcpfDfyB4PhdgeuzqU8J2QpVUE4Vm9JDABpoXk3
[2026-10-02 11:16:54.287] [out] [delivery_module] DBG 2026-10-02 11:16:54.287+02:00 Current status                             topics="libp2p autonatservice" tid=43021236 currentStats=Unknown confidence=none() answers=[Reachable, Reachable]
[2026-10-02 11:16:54.291] [out] [delivery_module] DBG 2026-10-02 11:16:54.291+02:00 Accepted an incoming connection            topics="libp2p switch" tid=43021236 conn=:6abf768624af97a6b0745dba
[2026-10-02 11:16:54.291] [out] [delivery_module] DBG 2026-10-02 11:16:54.291+02:00 About to accept incoming connection        topics="libp2p switch" tid=43021236
[2026-10-02 11:16:54.293] [out] [delivery_module] DBG 2026-10-02 11:16:54.293+02:00 dialMe answer is reachable                 topics="libp2p autonatservice" tid=43021236 peerId=16Uiu2HAm94oBTbFgj3FKx28pYUpASJxsL6bVhJ5QSnzuuCN8cC6K
[2026-10-02 11:16:54.293] [out] [delivery_module] DBG 2026-10-02 11:16:54.293+02:00 Current status                             topics="libp2p autonatservice" tid=43021236 currentStats=Reachable confidence=ok(1.0) answers=[Reachable, Reachable, Reachable]
[2026-10-02 11:16:54.293] [out] [delivery_module] DBG 2026-10-02 11:16:54.293+02:00 Peer reachability status                   tid=43021236 networkReachability=Reachable confidence=1.0
[2026-10-02 11:17:24.281] [out] [delivery_module] DBG 2026-10-02 11:17:24.280+02:00 Accepted an incoming connection            topics="libp2p switch" tid=43021236 conn=:6abf76a424af97a6b0745dd6
[2026-10-02 11:17:24.311] [out] [delivery_module] DBG 2026-10-02 11:17:24.280+02:00 About to accept incoming connection        topics="libp2p switch" tid=43021236
[2026-10-02 11:17:24.311] [out] [delivery_module] DBG 2026-10-02 11:17:24.282+02:00 dialMe answer is reachable                 topics="libp2p autonatservice" tid=43021236 peerId=16Uiu2HAkyG9S5DcpfDfyB4PhdgeuzqU8J2QpVUE4Vm9JDABpoXk3
[2026-10-02 11:17:24.311] [out] [delivery_module] DBG 2026-10-02 11:17:24.282+02:00 Current status                             topics="libp2p autonatservice" tid=43021236 currentStats=Reachable confidence=ok(1.0) answers=[Reachable, Reachable, Reachable]
[2026-10-02 11:17:24.311] [out] [delivery_module] DBG 2026-10-02 11:17:24.284+02:00 Accepted an incoming connection            topics="libp2p switch" tid=43021236 conn=:6abf76a424af97a6b0745dda
[2026-10-02 11:17:24.311] [out] [delivery_module] DBG 2026-10-02 11:17:24.284+02:00 About to accept incoming connection        topics="libp2p switch" tid=43021236
[2026-10-02 11:17:24.311] [out] [delivery_module] DBG 2026-10-02 11:17:24.286+02:00 dialMe answer is reachable                 topics="libp2p autonatservice" tid=43021236 peerId=16Uiu2HAmEw6SaMJibUQs2pToCTEVeHiR5x8L6Z7bfiA6jtDnyrgm
[2026-10-02 11:17:24.311] [out] [delivery_module] DBG 2026-10-02 11:17:24.286+02:00 Current status                             topics="libp2p autonatservice" tid=43021236 currentStats=Reachable confidence=ok(1.0) answers=[Reachable, Reachable, Reachable]
[2026-10-02 11:17:24.311] [out] [delivery_module] DBG 2026-10-02 11:17:24.288+02:00 Accepted an incoming connection            topics="libp2p switch" tid=43021236 conn=:6abf76a424af97a6b0745dde
[2026-10-02 11:17:24.311] [out] [delivery_module] DBG 2026-10-02 11:17:24.288+02:00 About to accept incoming connection        topics="libp2p switch" tid=43021236
[2026-10-02 11:17:24.311] [out] [delivery_module] DBG 2026-10-02 11:17:24.290+02:00 dialMe answer is reachable                 topics="libp2p autonatservice" tid=43021236 peerId=16Uiu2HAm3jaX5K1BXwdyXxEz8omZ6xkaNBtPHsY4CiwerWjstqmw
[2026-10-02 11:17:24.311] [out] [delivery_module] DBG 2026-10-02 11:17:24.290+02:00 Current status                             topics="libp2p autonatservice" tid=43021236 currentStats=Reachable confidence=ok(1.0) answers=[Reachable, Reachable, Reachable]
[2026-10-02 11:17:24.311] [out] [delivery_module] DBG 2026-10-02 11:17:24.303+02:00 Retrieving peer info via peer exchange protocol topics="waku node peerexchange api" tid=43021236 amount=5
[2026-10-02 11:17:24.311] [out] [delivery_module] DBG 2026-10-02 11:17:24.304+02:00 Peer exchange request could not be made as no peer exchange peers found topics="waku peer_exchange client" tid=43021236
[2026-10-02 11:17:24.311] [out] [delivery_module] DBG 2026-10-02 11:17:24.304+02:00 Failed to retrieve peer info via peer exchange protocol topics="waku node peerexchange api" tid=43021236 error="(status_code: SERVICE_UNAVAILABLE, status_desc: ok(peer_not_found_failure))"
[2026-10-02 11:17:24.311] [out] [delivery_module] DBG 2026-10-02 11:17:24.304+02:00 Cannot fetch peers from peer exchange      topics="waku node peerexchange api" tid=43021236 cause="(status_code: SERVICE_UNAVAILABLE, status_desc: ok(peer_not_found_failure))"
[2026-10-02 11:17:54.281] [out] [delivery_module] DBG 2026-10-02 11:17:54.281+02:00 Accepted an incoming connection            topics="libp2p switch" tid=43021236 conn=:6abf76c224af97a6b0745df9
[2026-10-02 11:17:54.281] [out] [delivery_module] DBG 2026-10-02 11:17:54.281+02:00 About to accept incoming connection        topics="libp2p switch" tid=43021236
[2026-10-02 11:17:54.282] [out] [delivery_module] DBG 2026-10-02 11:17:54.282+02:00 dialMe answer is reachable                 topics="libp2p autonatservice" tid=43021236 peerId=16Uiu2HAm3jaX5K1BXwdyXxEz8omZ6xkaNBtPHsY4CiwerWjstqmw
[2026-10-02 11:17:54.283] [out] [delivery_module] DBG 2026-10-02 11:17:54.282+02:00 Current status                             topics="libp2p autonatservice" tid=43021236 currentStats=Reachable confidence=ok(1.0) answers=[Reachable, Reachable, Reachable]
[2026-10-02 11:17:54.284] [out] [delivery_module] DBG 2026-10-02 11:17:54.284+02:00 Accepted an incoming connection            topics="libp2p switch" tid=43021236 conn=:6abf76c224af97a6b0745dfd
[2026-10-02 11:17:54.284] [out] [delivery_module] DBG 2026-10-02 11:17:54.284+02:00 About to accept incoming connection        topics="libp2p switch" tid=43021236
[2026-10-02 11:17:54.286] [out] [delivery_module] DBG 2026-10-02 11:17:54.286+02:00 dialMe answer is reachable                 topics="libp2p autonatservice" tid=43021236 peerId=16Uiu2HAmEw6SaMJibUQs2pToCTEVeHiR5x8L6Z7bfiA6jtDnyrgm
[2026-10-02 11:17:54.286] [out] [delivery_module] DBG 2026-10-02 11:17:54.286+02:00 Current status                             topics="libp2p autonatservice" tid=43021236 currentStats=Reachable confidence=ok(1.0) answers=[Reachable, Reachable, Reachable]
[2026-10-02 11:17:54.288] [out] [delivery_module] DBG 2026-10-02 11:17:54.288+02:00 Accepted an incoming connection            topics="libp2p switch" tid=43021236 conn=:6abf76c224af97a6b0745e01
[2026-10-02 11:17:54.288] [out] [delivery_module] DBG 2026-10-02 11:17:54.288+02:00 About to accept incoming connection        topics="libp2p switch" tid=43021236
[2026-10-02 11:17:54.290] [out] [delivery_module] DBG 2026-10-02 11:17:54.290+02:00 dialMe answer is reachable                 topics="libp2p autonatservice" tid=43021236 peerId=16Uiu2HAm94oBTbFgj3FKx28pYUpASJxsL6bVhJ5QSnzuuCN8cC6K
[2026-10-02 11:17:54.290] [out] [delivery_module] DBG 2026-10-02 11:17:54.290+02:00 Current status                             topics="libp2p autonatservice" tid=43021236 currentStats=Reachable confidence=ok(1.0) answers=[Reachable, Reachable, Reachable]
[QmlInspector] Client disconnected
