run-logos-standalone-ui: hot-reloading QML from <repo>/src/qml
  (export DEV_QML_PATH to override, or LOGOS_QML_HOT_RELOAD=0 to disable)
Session directory: "~/Library/Application Support/Logos/LogosStandalone"
[2026-10-10 15:08:56.830] [info] [logos] Granting host services to 'capability_module': token_registry,token_delivery
[2026-10-10 15:08:56.989] [out] [capability_module] [2026-10-10 15:08:56.983] [info] Granting host services to capability_module: ["token_registry","token_delivery"]
RemoteTransportConnection: Connecting to registry: "local:logos_capability_module_070536202f98" at "15:08:57.004"
RemoteTransportConnection: Registry connect attempt started (no peer contact yet): "local:logos_capability_module_070536202f98"
LogosAPIConsumer: Informing module token for module: "capability_module" with token: "redacted:742c9172…"
RemoteTransportConnection: Requesting object: "capability_module" at "15:08:57.006"
[LogosObject] RemoteTransportConnection: returning RemoteLogosObject for: "capability_module"
[LogosObject] Created RemoteLogosObject wrapping QRemoteObjectReplica 105553117037056
[LogosObject] LogosAPIConsumer: calling LogosObject::informModuleToken for "capability_module"
LogosAPIConsumer: informModuleToken completed with result: true
[LogosObject] Destroying RemoteLogosObject 0
[2026-10-10 15:08:57.103] [info] [logos] Module loaded: capability_module
LogosAPIConsumer: Informing module token for module: "modules_state" with token: "redacted:586fcc9f…"
RemoteTransportConnection: Requesting object: "capability_module" at "15:08:57.573"
[LogosObject] RemoteTransportConnection: returning RemoteLogosObject for: "capability_module"
[LogosObject] Created RemoteLogosObject wrapping QRemoteObjectReplica 105553116796864
[LogosObject] LogosAPIConsumer: calling LogosObject::informModuleToken for "modules_state"
LogosAPIConsumer: informModuleToken completed with result: true
[LogosObject] Destroying RemoteLogosObject 0
[2026-10-10 15:08:57.626] [info] [logos] Module loaded: modules_state
RemoteTransportConnection: Connecting to registry: "local:logos_modules_state_070536202f98" at "15:08:57.627"
RemoteTransportConnection: Registry connect attempt started (no peer contact yet): "local:logos_modules_state_070536202f98"
RemoteTransportConnection: Connecting to registry: "local:logos_capability_module_070536202f98" at "15:08:57.627"
RemoteTransportConnection: Registry connect attempt started (no peer contact yet): "local:logos_capability_module_070536202f98"
LogosAPIConsumer: '"modules_state"::""' deferred pending the module becoming reachable
LogosAPIConsumer: '"modules_state"::""' deferred pending the module becoming reachable
Logos Core started (modules dir: "/nix/store/gxna1vv93drk0r01vph163c8q3dw4ng4-logos-forum_module-plugin-dir-modules" )
Set app icon from metadata: "/nix/store/h59z783ls34w3ah4nbkxka51ra4xpv9s-logos-forum_module-plugin-dir/src/icons/icon.png"
[2026-10-10 15:08:57.884] [info] [logos] [delivery_module] DeliveryModuleImpl: Initializing...
LogosAPIConsumer: Informing module token for module: "delivery_module" with token: "redacted:2b44921d…"
RemoteTransportConnection: Requesting object: "capability_module" at "15:08:57.888"
[LogosObject] RemoteTransportConnection: returning RemoteLogosObject for: "capability_module"
[LogosObject] Created RemoteLogosObject wrapping QRemoteObjectReplica 105553117053184
[LogosObject] LogosAPIConsumer: calling LogosObject::informModuleToken for "delivery_module"
LogosAPIConsumer: informModuleToken completed with result: true
[LogosObject] Destroying RemoteLogosObject 0
[2026-10-10 15:08:57.889] [info] [logos] Module loaded: delivery_module
RemoteTransportConnection: Connecting to registry: "local:logos_delivery_module_070536202f98" at "15:08:57.889"
RemoteTransportConnection: Registry connect attempt started (no peer contact yet): "local:logos_delivery_module_070536202f98"
RemoteTransportConnection: Connecting to registry: "local:logos_capability_module_070536202f98" at "15:08:57.889"
RemoteTransportConnection: Registry connect attempt started (no peer contact yet): "local:logos_capability_module_070536202f98"
LogosAPIConsumer: '"delivery_module"::""' deferred pending the module becoming reachable
LogosAPIClient: getToken for module: "modules_state"
LogosAPIClient: Found token for module: "modules_state"
RemoteTransportConnection: Requesting object: "modules_state" at "15:08:57.890"
[LogosObject] RemoteTransportConnection: returning RemoteLogosObject for: "modules_state"
[LogosObject] Created RemoteLogosObject wrapping QRemoteObjectReplica 105553117106176
[LogosObject] LogosAPIConsumer: async calling via LogosObject::callMethodAsync "note_transition"
[LogosObject] RemoteLogosObject::callMethodAsync "note_transition" args: 7
LogosAPIClient: getToken for module: "modules_state"
LogosAPIClient: Found token for module: "modules_state"
[LogosObject] LogosAPIConsumer: async calling via LogosObject::callMethodAsync "note_transition"
[LogosObject] RemoteLogosObject::callMethodAsync "note_transition" args: 7
Loaded dependency (with transitive deps): "delivery_module"
[2026-10-10 15:08:58.003] [info] [logos] [storage_module] StorageModuleImpl: Initializing...
LogosAPIConsumer: Informing module token for module: "storage_module" with token: "redacted:ba559f83…"
RemoteTransportConnection: Requesting object: "capability_module" at "15:08:58.006"
[LogosObject] Created RemoteLogosObject wrapping QRemoteObjectReplica 105553117029280
LogosAPIClient: invoking remote method "modules_state" "apply_snapshot" args_count: 1
LogosAPIClient: getToken for module: "modules_state"
LogosAPIClient: Found token for module: "modules_state"
LogosAPIConsumer: Calling invokeRemoteMethod: "modules_state" "apply_snapshot" args_count: 1 timeout: 20000
[LogosObject] LogosAPIConsumer: calling via LogosObject::callMethod "apply_snapshot"
[LogosObject] RemoteLogosObject::callMethod "apply_snapshot" args: 1
[LogosObject] Created RemoteLogosObject wrapping QRemoteObjectReplica 105553117105920
LogosAPIClient: getToken for module: "modules_state"
LogosAPIClient: Found token for module: "modules_state"
[LogosObject] LogosAPIConsumer: async calling via LogosObject::callMethodAsync "note_transition"
[LogosObject] RemoteLogosObject::callMethodAsync "note_transition" args: 7
LogosAPIClient: getToken for module: "modules_state"
LogosAPIClient: Found token for module: "modules_state"
[LogosObject] LogosAPIConsumer: async calling via LogosObject::callMethodAsync "note_transition"
[LogosObject] RemoteLogosObject::callMethodAsync "note_transition" args: 7
[2026-10-10 15:08:58.009] [info] [logos] Pushed module snapshot to modules_state
LogosAPIClient: getToken for module: "modules_state"
LogosAPIClient: Found token for module: "modules_state"
[LogosObject] LogosAPIConsumer: async calling via LogosObject::callMethodAsync "note_transition"
[LogosObject] RemoteLogosObject::callMethodAsync "note_transition" args: 7
[LogosObject] RemoteTransportConnection: returning RemoteLogosObject for: "capability_module"
[LogosObject] Created RemoteLogosObject wrapping QRemoteObjectReplica 105553117037152
[LogosObject] LogosAPIConsumer: calling LogosObject::informModuleToken for "storage_module"
LogosAPIConsumer: informModuleToken completed with result: true
[LogosObject] Destroying RemoteLogosObject 0
[2026-10-10 15:08:58.011] [info] [logos] Module loaded: storage_module
RemoteTransportConnection: Connecting to registry: "local:logos_storage_module_070536202f98" at "15:08:58.012"
RemoteTransportConnection: Registry connect attempt started (no peer contact yet): "local:logos_storage_module_070536202f98"
RemoteTransportConnection: Connecting to registry: "local:logos_capability_module_070536202f98" at "15:08:58.012"
RemoteTransportConnection: Registry connect attempt started (no peer contact yet): "local:logos_capability_module_070536202f98"
LogosAPIConsumer: '"storage_module"::""' deferred pending the module becoming reachable
LogosAPIClient: getToken for module: "modules_state"
LogosAPIClient: Found token for module: "modules_state"
[LogosObject] LogosAPIConsumer: async calling via LogosObject::callMethodAsync "note_transition"
[LogosObject] RemoteLogosObject::callMethodAsync "note_transition" args: 7
Loaded dependency (with transitive deps): "storage_module"
DEV_QML_PATH override active: <repo>/src/qml/Main.qml
RemoteTransportConnection: Connecting to registry: "local:logos_capability_module_070536202f98" at "15:08:58.013"
RemoteTransportConnection: Registry connect attempt started (no peer contact yet): "local:logos_capability_module_070536202f98"
LogosAPIConsumer: Informing module token for module: "forum_module" with token: "redacted:938cddda…"
RemoteTransportConnection: Requesting object: "capability_module" at "15:08:58.013"
[LogosObject] RemoteTransportConnection: returning RemoteLogosObject for: "capability_module"
[LogosObject] Created RemoteLogosObject wrapping QRemoteObjectReplica 105553117044192
[LogosObject] LogosAPIConsumer: calling LogosObject::informModuleToken for "forum_module"
[LogosObject] Created RemoteLogosObject wrapping QRemoteObjectReplica 105553117098080
LogosAPIClient: getToken for module: "modules_state"
LogosAPIClient: Found token for module: "modules_state"
[LogosObject] LogosAPIConsumer: async calling via LogosObject::callMethodAsync "note_transition"
[LogosObject] RemoteLogosObject::callMethodAsync "note_transition" args: 7
LogosAPIConsumer: informModuleToken completed with result: true
[LogosObject] Destroying RemoteLogosObject 0
[2026-10-10 15:08:58.826] [warning] [logos] [capability_module] Warning: QObject::connect: No such signal ::eventResponse(QString,QVariantList)
[2026-10-10 15:08:58.835] [info] [logos] [delivery_module] DeliveryModuleImpl::getNodeInfo called with nodeInfoId: MyPeerId
[2026-10-10 15:08:58.835] [info] [logos] [delivery_module] DeliveryModuleImpl: Cannot get node info - context not initialized. Call createNode first.
[2026-10-10 15:08:58.836] [info] [logos] [delivery_module] DeliveryModuleImpl::createNode called
[2026-10-10 15:08:59.142] [info] [logos] [delivery_module] DeliveryModuleImpl: Waiting for createNode callback...
[2026-10-10 15:08:59.150] [out] [delivery_module] DBG 2026-10-10 15:08:59.149+02:00 Whether to mount storeSync is not specified, defaulting to not mounting topics="waku conf builder" tid=19249988
[2026-10-10 15:08:59.150] [out] [delivery_module] INF 2026-10-10 15:08:59.150+02:00 Sharding configuration:                    topics="waku conf builder" tid=19249988 shardingConf="(kind: AutoSharding, numShardsInCluster: 1)" subscribeShards=@[0]
[2026-10-10 15:08:59.152] [out] [delivery_module] INF 2026-10-10 15:08:59.152+02:00 Configuration: Enabled protocols           topics="waku conf" tid=19249988 relay=true rlnRelay=false store=false filter=false lightPush=false peerExchange=false rendezvous=false
[2026-10-10 15:08:59.153] [out] [delivery_module] INF 2026-10-10 15:08:59.152+02:00 Configuration. Network                     topics="waku conf" tid=19249988 cluster=42
[2026-10-10 15:08:59.153] [out] [delivery_module] DBG 2026-10-10 15:08:59.153+02:00 Configuration. Active Relay Shards         topics="waku conf" tid=19249988 shard=0
[2026-10-10 15:08:59.154] [out] [delivery_module] INF 2026-10-10 15:08:59.153+02:00 Setting up storage                         tid=19249988
[2026-10-10 15:08:59.154] [out] [delivery_module] INF 2026-10-10 15:08:59.153+02:00 Initializing node                          tid=19249988
[2026-10-10 15:08:59.155] [out] [delivery_module] INF 2026-10-10 15:08:59.155+02:00 Initializing networking                    tid=19249988 addrs=@[/ip4/127.0.0.1/tcp/52063]
[2026-10-10 15:08:59.155] [out] [delivery_module] INF 2026-10-10 15:08:59.155+02:00 Mounting protocols                         tid=19249988
[2026-10-10 15:08:59.156] [out] [delivery_module] INF 2026-10-10 15:08:59.155+02:00 Created WakuMetadata protocol              topics="waku node" tid=19249988 clusterId=42 shards="[0]"
[2026-10-10 15:08:59.156] [out] [delivery_module] INF 2026-10-10 15:08:59.156+02:00 Mounting mix protocol                      topics="waku node" tid=19249988INF 2026-10-10 15:08:59.156+02:00 node info                                  topics="waku node" tid=19249988 wakuInfo="(listenAddresses: [/ip4/127.0.0.1/tcp/52063/p2p/16Uiu2HAmHpJz3AsxuU7q6Q4T3qdqZSUTEv3EDcLfCCQ4U3g4PddD], enrUri: enr:-JS4QJKLVeZros08nTZsDz3zb16KIPfNWyuEpVsmoT5b3uNib2eviD8RcaR1XAlV2SG9O7JgE99V8rQFBeaxMUcvdY4BgmlkgnY0gmlwhH8AAAGCcnOFACoBAACJc2VjcDI1NmsxoQNMrbshvMuKYB3TF3A-26I0VshUv2a6UOPW6etX4N94RIN0Y3CCy1-Fd2FrdTIh, mixPubKey: none())"
[2026-10-10 15:08:59.156] [out] [delivery_module]  nodeId="(listenAddresses: [/ip4/127.0.0.1/tcp/52063/p2p/16Uiu2HAmHpJz3AsxuU7q6Q4T3qdqZSUTEv3EDcLfCCQ4U3g4PddD], enrUri: enr:-JS4QJKLVeZros08nTZsDz3zb16KIPfNWyuEpVsmoT5b3uNib2eviD8RcaR1XAlV2SG9O7JgE99V8rQFBeaxMUcvdY4BgmlkgnY0gmlwhH8AAAGCcnOFACoBAACJc2VjcDI1NmsxoQNMrbshvMuKYB3TF3A-26I0VshUv2a6UOPW6etX4N94RIN0Y3CCy1-Fd2FrdTIh, mixPubKey: none())"
[2026-10-10 15:08:59.156] [out] [delivery_module] INF 2026-10-10 15:08:59.156+02:00 local addr                                 topics="waku node" tid=19249988 localaddr=/ip4/127.0.0.1/tcp/52063
[2026-10-10 15:08:59.156] [out] [delivery_module] INF 2026-10-10 15:08:59.156+02:00 mixPubKey                                  topics="waku node" tid=19249988 mixPubKey="[14, 113, 193, 45, 228, 239, 20, 190, 198, 160, 83, 201, 14, 61, 49, 80, 166, 53, 146, 27, 126, 125, 160, 214, 185, 6, 140, 114, 109, 13, 165, 57]"
[2026-10-10 15:08:59.159] [out] [delivery_module] INF 2026-10-10 15:08:59.159+02:00 Using mix bootstrap nodes                  topics="waku mix" tid=19249988 entries=4 poolSize=4
[2026-10-10 15:08:59.159] [out] [delivery_module] INF 2026-10-10 15:08:59.159+02:00 mounting store client                      topics="waku node store api" tid=19249988
[2026-10-10 15:08:59.159] [out] [delivery_module] INF 2026-10-10 15:08:59.159+02:00 Mounting auto sharding                     topics="waku node" tid=19249988 clusterId=42 shardCount=1
[2026-10-10 15:08:59.159] [out] [delivery_module] DBG 2026-10-10 15:08:59.159+02:00 Setting max message size                   tid=19249988 num_bytes=153600
[2026-10-10 15:08:59.159] [out] [delivery_module] INF 2026-10-10 15:08:59.159+02:00 mounting relay protocol                    topics="waku node relay api" tid=19249988
[2026-10-10 15:08:59.159] [out] [delivery_module] DBG 2026-10-10 15:08:59.159+02:00 relay mounted successfully                 topics="waku node relay api" tid=19249988
[2026-10-10 15:08:59.159] [out] [delivery_module] DBG 2026-10-10 15:08:59.159+02:00 Adding validator to signed shards          tid=19249988 protectedShards=[] clusterId=42
[2026-10-10 15:08:59.159] [out] [delivery_module] INF 2026-10-10 15:08:59.159+02:00 mounting libp2p ping protocol              topics="waku node ping api" tid=19249988
[2026-10-10 15:08:59.159] [out] [delivery_module] INF 2026-10-10 15:08:59.159+02:00 No RLN backend configured; RLN is off      tid=19249988
[2026-10-10 15:08:59.159] [out] [delivery_module] INF 2026-10-10 15:08:59.159+02:00 mounting light push client                 topics="waku node lightpush api" tid=19249988
[2026-10-10 15:08:59.159] [out] [delivery_module] INF 2026-10-10 15:08:59.159+02:00 mounting legacy light push client          topics="waku node lightpush api" tid=19249988
[2026-10-10 15:08:59.159] [out] [delivery_module] DBG 2026-10-10 15:08:59.159+02:00 Adding peer to service slots               topics="waku node peer_manager" tid=19249988 peerId=16Uiu2...FQzaBe addr=[/ip4/127.0.0.1/tcp/52059] service=/vac/waku/lightpush/3.0.0
[2026-10-10 15:08:59.159] [out] [delivery_module] DBG 2026-10-10 15:08:59.159+02:00 Adding peer to service slots               topics="waku node peer_manager" tid=19249988 peerId=16Uiu2...FQzaBe addr=[/ip4/127.0.0.1/tcp/52059] service=/vac/waku/lightpush/2.0.0-beta1
[2026-10-10 15:08:59.159] [out] [delivery_module] INF 2026-10-10 15:08:59.159+02:00 mounting filter client                     topics="waku node filter api" tid=19249988
[2026-10-10 15:08:59.159] [out] [delivery_module] INF 2026-10-10 15:08:59.159+02:00 mounting waku peer exchange client         topics="waku node peerexchange api" tid=19249988
[2026-10-10 15:08:59.160] [out] [delivery_module] INF 2026-10-10 15:08:59.159+02:00 No external callbacks to be set            topics="wakunode waku" tid=19249988
[2026-10-10 15:08:59.160] [out] [delivery_module] INF 2026-10-10 15:08:59.159+02:00 Setting up AutonatService                  topics="libp2p autonatservice" tid=19249988
[2026-10-10 15:08:59.160] [out] [delivery_module] INF 2026-10-10 15:08:59.159+02:00 Messaging API settings                     topics="logosdelivery" tid=19249988 reliability=false anonymityLevel=Required rateLimitEnabled=false rateLimitEpochPeriodSec=600 rateLimitMessagesPerEpoch=1 maxParkedAgeSec=1800 sendQueueCapacity=1000 backfillEnabled=true backfillRequestTimeout=10s
[2026-10-10 15:08:59.161] [info] [logos] [delivery_module] DeliveryModuleImpl::createNode callback called with ret: 0
[2026-10-10 15:08:59.163] [info] [logos] [delivery_module] DeliveryModuleImpl: Delivery context created successfully
[2026-10-10 15:08:59.165] [info] [logos] [delivery_module] DeliveryModuleImpl::start called
[2026-10-10 15:08:59.165] [info] [logos] [delivery_module] DeliveryModuleImpl::getNodeInfo called with nodeInfoId: MyPeerId
[2026-10-10 15:08:59.165] [out] [delivery_module] INF 2026-10-10 15:08:59.165+02:00 Retrieve dynamic bootstrap nodes           topics="wakunode waku" tid=19249988
[2026-10-10 15:08:59.166] [out] [delivery_module] INF 2026-10-10 15:08:59.166+02:00 Running nwaku node                         tid=19249988 version=v0.39.0-g3a478e
[2026-10-10 15:08:59.166] [out] [delivery_module] INF 2026-10-10 15:08:59.166+02:00 Starting Waku node                         topics="waku node" tid=19249988 version=v0.39.0-g3a478e
[2026-10-10 15:08:59.166] [out] [delivery_module] INF 2026-10-10 15:08:59.166+02:00 Starting switch for peer                   topics="libp2p switch" tid=19249988 peerInfo="(peerId: 16Uiu2HAmHpJz3AsxuU7q6Q4T3qdqZSUTEv3EDcLfCCQ4U3g4PddD, listenAddrs: [/ip4/127.0.0.1/tcp/52063], addrs: [], protocols: [/ipfs/id/1.0.0, /libp2p/autonat/1.0.0, /libp2p/circuit/relay/0.2.0/hop, /vac/waku/metadata/1.0.0, /mix/1.0.0, /vac/waku/relay/2.0.0, /ipfs/ping/1.0.0, /vac/waku/filter-push/2.0.0-beta1], protoVersion: ipfs/0.1.0, agentVersion: logos-delivery-v0.39.0-g3a478e)"
[2026-10-10 15:08:59.166] [out] [delivery_module] INF 2026-10-10 15:08:59.166+02:00 Running AutonatService                     topics="libp2p autonatservice" tid=19249988
[2026-10-10 15:08:59.168] [out] [delivery_module] DBG 2026-10-10 15:08:59.168+02:00 ENR addresses updated                      topics="waku enr" tid=19249988 retained=1 total=1
[2026-10-10 15:08:59.168] [out] [delivery_module] INF 2026-10-10 15:08:59.168+02:00 Starting TCP transport                     topics="libp2p tcptransport" tid=19249988
[2026-10-10 15:08:59.169] [out] [delivery_module] INF 2026-10-10 15:08:59.169+02:00 Transport starting                         topics="libp2p transport" tid=19249988 addresses=[/ip4/127.0.0.1/tcp/52063]
[2026-10-10 15:08:59.169] [out] [delivery_module] DBG 2026-10-10 15:08:59.169+02:00 Transport connection acceptance started    topics="libp2p switch" tid=19249988
[2026-10-10 15:08:59.169] [out] [delivery_module] INF 2026-10-10 15:08:59.169+02:00 start                                      topics="waku relay" tid=19249988
[2026-10-10 15:08:59.169] [out] [delivery_module] INF 2026-10-10 15:08:59.169+02:00 gossipsub start                            topics="libp2p gossipsub" tid=19249988
[2026-10-10 15:08:59.170] [out] [delivery_module] INF 2026-10-10 15:08:59.170+02:00 Started libp2p node                        topics="libp2p switch" tid=19249988 peerId="(peerId: 16Uiu2HAmHpJz3AsxuU7q6Q4T3qdqZSUTEv3EDcLfCCQ4U3g4PddD, listenAddrs: [/ip4/127.0.0.1/tcp/52063], addrs: [/ip4/127.0.0.1/tcp/52063], protocols: [/ipfs/id/1.0.0, /libp2p/autonat/1.0.0, /libp2p/circuit/relay/0.2.0/hop, /vac/waku/metadata/1.0.0, /mix/1.0.0, /vac/waku/relay/2.0.0, /ipfs/ping/1.0.0, /vac/waku/filter-push/2.0.0-beta1], protoVersion: ipfs/0.1.0, agentVersion: logos-delivery-v0.39.0-g3a478e)"
[2026-10-10 15:08:59.170] [out] [delivery_module] DBG 2026-10-10 15:08:59.170+02:00 ENR addresses updated                      topics="waku enr" tid=19249988 retained=1 total=1
[2026-10-10 15:08:59.170] [out] [delivery_module] INF 2026-10-10 15:08:59.170+02:00 Announced addresses resolved               topics="waku node" tid=19249988 addrs=@[/ip4/127.0.0.1/tcp/52063]
[2026-10-10 15:08:59.170] [out] [delivery_module] INF 2026-10-10 15:08:59.170+02:00 Node started successfully                  topics="waku node" tid=19249988
[2026-10-10 15:08:59.171] [out] [delivery_module] DBG 2026-10-10 15:08:59.171+02:00 Dialing multiple peers                     tid=19249988 numOfPeers=4 nodes="@[\"/ip4/127.0.0.1/tcp/52059/p2p/16Uiu2HAmKd98yRRHVmRQL8s62SynUPSK6YebrqvVwUXJyrFQzaBe\", \"/ip4/127.0.0.1/tcp/52060/p2p/16Uiu2HAmRz12SoDLvJgH9e8bHCxNhQiXzuuTxtv6xkmK7NtKE41Q\", \"/ip4/127.0.0.1/tcp/52061/p2p/16Uiu2HAmSfSPKsr2eNGmjMUvS5zzHScQiDy6zgDbZtnHw2UiuMRP\", \"/ip4/127.0.0.1/tcp/52062/p2p/16Uiu2HAmUF5vSoHsqwhUh8Qvpk4LeMb3jBNYCu9urKsX3gtfJZaa\"]"
[2026-10-10 15:08:59.171] [out] [delivery_module] DBG 2026-10-10 15:08:59.171+02:00 Peer dial started                          topics="libp2p dialer" tid=19249988 peerId=16Uiu2...FQzaBe addresses=[/ip4/127.0.0.1/tcp/52059]
[2026-10-10 15:08:59.172] [out] [delivery_module] DBG 2026-10-10 15:08:59.172+02:00 Peer dial started                          topics="libp2p dialer" tid=19249988 peerId=16Uiu2...tKE41Q addresses=[/ip4/127.0.0.1/tcp/52060]
[2026-10-10 15:08:59.173] [out] [delivery_module] DBG 2026-10-10 15:08:59.173+02:00 Peer dial started                          topics="libp2p dialer" tid=19249988 peerId=16Uiu2...UiuMRP addresses=[/ip4/127.0.0.1/tcp/52061]
[2026-10-10 15:08:59.173] [out] [delivery_module] DBG 2026-10-10 15:08:59.173+02:00 Peer dial started                          topics="libp2p dialer" tid=19249988 peerId=16Uiu2...tfJZaa addresses=[/ip4/127.0.0.1/tcp/52062]
[2026-10-10 15:08:59.177] [info] [logos] [delivery_module] DeliveryModuleImpl::subscribe called with contentTopic: /lp0026forum/1/general/text
[2026-10-10 15:08:59.181] [out] [delivery_module] DBG 2026-10-10 15:08:59.181+02:00 Subscribing to pubsub topic                topics="waku relay" tid=19249988 pubsubTopic=/waku/2/rs/42/0
[2026-10-10 15:08:59.182] [out] [delivery_module] DBG 2026-10-10 15:08:59.181+02:00 No mesh peer for the given pubsub topic    topics="waku relay" tid=19249988 pubsubTopic=/waku/2/rs/42/0
[2026-10-10 15:08:59.183] [info] [logos] [delivery_module] DeliveryModuleImpl: Subscribe completed for topic: /lp0026forum/1/general/text with success
[2026-10-10 15:08:59.189] [out] [delivery_module] DBG 2026-10-10 15:08:59.189+02:00 created new pubsub peer                    topics="libp2p pubsub" tid=19249988 peerId=16Uiu2...UiuMRP
[2026-10-10 15:08:59.189] [out] [delivery_module] DBG 2026-10-10 15:08:59.189+02:00 no listener registered                     tid=19249991 event=onConnectionChange
[2026-10-10 15:08:59.189] [out] [delivery_module] DBG 2026-10-10 15:08:59.189+02:00 created new pubsub peer                    topics="libp2p pubsub" tid=19249988 peerId=16Uiu2...tKE41Q
[2026-10-10 15:08:59.190] [out] [delivery_module] DBG 2026-10-10 15:08:59.189+02:00 no listener registered                     tid=19249991 event=onConnectionChange
[2026-10-10 15:08:59.190] [out] [delivery_module] DBG 2026-10-10 15:08:59.190+02:00 Incoming WakuRelay connection              topics="waku relay" tid=19249988 connection=16Uiu2...UiuMRP:6aca38ebecc9effe4443884d protocol=/vac/waku/relay/2.0.0
[2026-10-10 15:08:59.190] [out] [delivery_module] DBG 2026-10-10 15:08:59.190+02:00 Incoming WakuRelay connection              topics="waku relay" tid=19249988 connection=16Uiu2...tKE41Q:6aca38ebecc9effe4443884f protocol=/vac/waku/relay/2.0.0
[2026-10-10 15:08:59.191] [out] [delivery_module] DBG 2026-10-10 15:08:59.191+02:00 created new pubsub peer                    topics="libp2p pubsub" tid=19249988 peerId=16Uiu2...FQzaBe
[2026-10-10 15:08:59.193] [out] [delivery_module] DBG 2026-10-10 15:08:59.193+02:00 no listener registered                     tid=19249991 event=onConnectionChange
[2026-10-10 15:08:59.194] [out] [delivery_module] DBG 2026-10-10 15:08:59.193+02:00 Incoming WakuRelay connection              topics="waku relay" tid=19249988 connection=16Uiu2...FQzaBe:6aca38ebecc9effe44438855 protocol=/vac/waku/relay/2.0.0
[2026-10-10 15:08:59.195] [out] [delivery_module] DBG 2026-10-10 15:08:59.195+02:00 created new pubsub peer                    topics="libp2p pubsub" tid=19249988 peerId=16Uiu2...tfJZaa
[2026-10-10 15:08:59.197] [out] [delivery_module] DBG 2026-10-10 15:08:59.196+02:00 no listener registered                     tid=19249991 event=onConnectionChange
[2026-10-10 15:08:59.197] [out] [delivery_module] DBG 2026-10-10 15:08:59.197+02:00 Incoming WakuRelay connection              topics="waku relay" tid=19249988 connection=16Uiu2...tfJZaa:6aca38ebecc9effe44438859 protocol=/vac/waku/relay/2.0.0
[2026-10-10 15:08:59.200] [out] [delivery_module] DBG 2026-10-10 15:08:59.200+02:00 Event identified                           topics="waku node peer_manager" tid=19249988 peerId=16Uiu2...UiuMRP
[2026-10-10 15:08:59.201] [out] [delivery_module] DBG 2026-10-10 15:08:59.200+02:00 Event identified                           topics="waku node peer_manager" tid=19249988 peerId=16Uiu2...tKE41Q
[2026-10-10 15:08:59.203] [out] [delivery_module] DBG 2026-10-10 15:08:59.202+02:00 no listener registered                     tid=19249991 event=onConnectionChange
[2026-10-10 15:08:59.203] [out] [delivery_module] DBG 2026-10-10 15:08:59.202+02:00 no listener registered                     tid=19249991 event=onConnectionChange
[2026-10-10 15:08:59.253] [out] [delivery_module] DBG 2026-10-10 15:08:59.244+02:00 Event identified                           topics="waku node peer_manager" tid=19249988 peerId=16Uiu2...FQzaBe
[2026-10-10 15:08:59.267] [out] [delivery_module] DBG 2026-10-10 15:08:59.254+02:00 Event identified                           topics="waku node peer_manager" tid=19249988 peerId=16Uiu2...tfJZaa
[2026-10-10 15:08:59.285] [out] [delivery_module] DBG 2026-10-10 15:08:59.269+02:00 no listener registered                     tid=19249991 event=onConnectionChange
[2026-10-10 15:08:59.285] [out] [delivery_module] DBG 2026-10-10 15:08:59.269+02:00 no listener registered                     tid=19249991 event=onConnectionChange
[2026-10-10 15:08:59.308] [out] [delivery_module] DBG 2026-10-10 15:08:59.303+02:00 Received WakuMetadata request              topics="waku metadata" tid=19249988 remoteClusterId=ok(42) remoteShards="[0]" localClusterId=42 localShards="[0]" peer=16Uiu2...UiuMRP
[2026-10-10 15:08:59.308] [out] [delivery_module] DBG 2026-10-10 15:08:59.307+02:00 no listener registered                     tid=19249991 event=onTopicHealthChange
[2026-10-10 15:08:59.337] [out] [delivery_module] DBG 2026-10-10 15:08:59.332+02:00 Received WakuMetadata request              topics="waku metadata" tid=19249988 remoteClusterId=ok(42) remoteShards="[0]" localClusterId=42 localShards="[0]" peer=16Uiu2...tKE41Q
[2026-10-10 15:08:59.366] [out] [delivery_module] DBG 2026-10-10 15:08:59.361+02:00 Received WakuMetadata request              topics="waku metadata" tid=19249988 remoteClusterId=ok(42) remoteShards="[0]" localClusterId=42 localShards="[0]" peer=16Uiu2...FQzaBe
[2026-10-10 15:08:59.460] [out] [delivery_module] DBG 2026-10-10 15:08:59.448+02:00 no listener registered                     tid=19249991 event=onConnectionChange
[2026-10-10 15:08:59.460] [out] [delivery_module] DBG 2026-10-10 15:08:59.449+02:00 no listener registered                     tid=19249991 event=onConnectionChange
[2026-10-10 15:08:59.462] [out] [delivery_module] DBG 2026-10-10 15:08:59.462+02:00 Received WakuMetadata request              topics="waku metadata" tid=19249988 remoteClusterId=ok(42) remoteShards="[0]" localClusterId=42 localShards="[0]" peer=16Uiu2...tfJZaa
[2026-10-10 15:08:59.467] [out] [delivery_module] DBG 2026-10-10 15:08:59.466+02:00 no listener registered                     tid=19249991 event=onConnectionChange
[2026-10-10 15:08:59.479] [out] [delivery_module] DBG 2026-10-10 15:08:59.479+02:00 no listener registered                     tid=19249991 event=onConnectionChange
[2026-10-10 15:08:59.482] [out] [delivery_module] DBG 2026-10-10 15:08:59.481+02:00 Finished dialing multiple peers            tid=19249988 successfulConns=4 attempted=4
[2026-10-10 15:08:59.482] [out] [delivery_module] DBG 2026-10-10 15:08:59.482+02:00 Starting peer exchange loop                topics="waku node peerexchange api" tid=19249988
[2026-10-10 15:08:59.482] [out] [delivery_module] DBG 2026-10-10 15:08:59.482+02:00 Retrieving peer info via peer exchange protocol topics="waku node peerexchange api" tid=19249988 amount=5
[2026-10-10 15:08:59.482] [out] [delivery_module] DBG 2026-10-10 15:08:59.482+02:00 Peer exchange request could not be made as no peer exchange peers found topics="waku peer_exchange client" tid=19249988
[2026-10-10 15:08:59.482] [out] [delivery_module] DBG 2026-10-10 15:08:59.482+02:00 Failed to retrieve peer info via peer exchange protocol topics="waku node peerexchange api" tid=19249988 error="(status_code: SERVICE_UNAVAILABLE, status_desc: ok(peer_not_found_failure))"
[2026-10-10 15:08:59.482] [out] [delivery_module] DBG 2026-10-10 15:08:59.482+02:00 Cannot fetch peers from peer exchange      topics="waku node peerexchange api" tid=19249988 cause="(status_code: SERVICE_UNAVAILABLE, status_desc: ok(peer_not_found_failure))"
[2026-10-10 15:08:59.483] [out] [delivery_module] INF 2026-10-10 15:08:59.483+02:00 Relay peer connections                     topics="waku node peer_manager" tid=19249988 inRelayConns=0/50 outRelayConns=4/25 totalConnections=4/150 notConnectedPeers=0 outsideBackoffPeers=0
[2026-10-10 15:08:59.488] [out] [delivery_module] DBG 2026-10-10 15:08:59.487+02:00 ENR addresses updated                      topics="waku enr" tid=19249988 retained=1 total=1
[2026-10-10 15:08:59.488] [out] [delivery_module] INF 2026-10-10 15:08:59.488+02:00 Node is online                             topics="waku online monitor" tid=19249988
[2026-10-10 15:08:59.488] [out] [delivery_module] INF 2026-10-10 15:08:59.488+02:00 Health monitor loop start                  tid=19249988
[2026-10-10 15:08:59.491] [out] [delivery_module] DBG 2026-10-10 15:08:59.491+02:00 calculateConnectionState                   tid=19249988 relayCount=4 storeClientCount=0 lightpushCount=4 filterCount=0
[2026-10-10 15:08:59.491] [out] [delivery_module] DBG 2026-10-10 15:08:59.491+02:00 connectionStatus change                    tid=19249988 oldstatus=Disconnected newstatus=Connected
[2026-10-10 15:08:59.491] [out] [delivery_module] INF 2026-10-10 15:08:59.491+02:00 starting keepalive                         tid=19249988 randomPeersKeepalive=10s allPeersKeepalive=2m
qt.qpa.fonts: Populating font family aliases took 128 ms. Replace uses of missing font family "Public Sans" with one that exists to avoid this cost. 
Loaded UI plugin: "/nix/store/h59z783ls34w3ah4nbkxka51ra4xpv9s-logos-forum_module-plugin-dir"
[QmlInspector] Inspector server listening on port 3768
[QmlInspector] Client connected from "::1"
[2026-10-10 15:09:02.401] [info] [logos] [delivery_module] DeliveryModuleImpl::send called with contentTopic: /lp0026forum/1/general/text
[2026-10-10 15:09:02.418] [out] [delivery_module] DBG 2026-10-10 15:09:02.416+02:00 SendService.send: processing delivery task topics="send service" tid=19249988 requestId=5ec81740e4e231bcee22 msgHash=0x668808539d3a22b94012277cd49d338e74ab9d85f663b8cf15207dab0179a1a3
[2026-10-10 15:09:02.445] [out] [delivery_module] DBG 2026-10-10 15:09:02.421+02:00 Trying message delivery via Mix            topics="send service mix processor" tid=19249988 requestId=5ec81740e4e231bcee22 msgHash=0x668808539d3a22b94012277cd49d338e74ab9d85f663b8cf15207dab0179a1a3 tryCount=1
[2026-10-10 15:09:02.457] [out] [delivery_module] DBG 2026-10-10 15:09:02.421+02:00 Publishing message with lightpush          topics="waku node lightpush api" tid=19249988 pubsubTopic=/waku/2/rs/42/0 contentTopic=/lp0026forum/1/general/text target_peer_id=16Uiu2...FQzaBe msg_hash=0x668808539d3a22b94012277cd49d338e74ab9d85f663b8cf15207dab0179a1a3 mixify=true
[2026-10-10 15:09:02.457] [out] [delivery_module] DBG 2026-10-10 15:09:02.421+02:00 Publish                                    topics="waku lightpush client" tid=19249988 myPeerId=16Uiu2...g4PddD peerId= msgHash=0x668808539d3a22b94012277cd49d338e74ab9d85f663b8cf15207dab0179a1a3 sentTime=1791637742421728000
[2026-10-10 15:09:02.457] [out] [delivery_module] DBG 2026-10-10 15:09:02.421+02:00 Destination data                           tid=19249988 destination=MixDestination[MixNode](16Uiu2HAmKd98yRRHVmRQL8s62SynUPSK6YebrqvVwUXJyrFQzaBe)
[2026-10-10 15:09:02.457] [out] [delivery_module] DBG 2026-10-10 15:09:02.421+02:00 Selected mix node:                         tid=19249988 indexInPath=0 peerId=16Uiu2...tfJZaa
[2026-10-10 15:09:02.457] [out] [delivery_module] DBG 2026-10-10 15:09:02.421+02:00 Selected mix node:                         tid=19249988 indexInPath=1 peerId=16Uiu2...tKE41Q
[2026-10-10 15:09:02.457] [out] [delivery_module] DBG 2026-10-10 15:09:02.422+02:00 Selected mix node:                         tid=19249988 indexInPath=2 peerId=16Uiu2...FQzaBe
[2026-10-10 15:09:02.457] [out] [delivery_module] DBG 2026-10-10 15:09:02.422+02:00 Selected mix node for surbs:               tid=19249988 indexInPath=0 peerId=16Uiu2...tKE41Q
[2026-10-10 15:09:02.457] [out] [delivery_module] DBG 2026-10-10 15:09:02.434+02:00 Selected mix node for surbs:               tid=19249988 indexInPath=1 peerId=16Uiu2...UiuMRP
[2026-10-10 15:09:02.457] [info] [logos] [delivery_module] DeliveryModuleImpl: Send initiated for topic: /lp0026forum/1/general/text, with success, requestId: 5ec81740e4e231bcee22
[2026-10-10 15:09:02.601] [out] [delivery_module] INF 2026-10-10 15:09:02.600+02:00 Message received                           tid=19249988 msg_hash=0x668808539d3a22b94012277cd49d338e74ab9d85f663b8cf15207dab0179a1a3 contentTopic=/lp0026forum/1/general/text pubsubTopic=/waku/2/rs/42/0 source=live
[2026-10-10 15:09:02.717] [out] [delivery_module] DBG 2026-10-10 15:09:02.717+02:00 Message propagated via Mix                 topics="send service mix processor" tid=19249988 requestId=5ec81740e4e231bcee22 msgHash=0x668808539d3a22b94012277cd49d338e74ab9d85f663b8cf15207dab0179a1a3
[2026-10-10 15:09:02.717] [out] [delivery_module] INF 2026-10-10 15:09:02.717+02:00 Message successfully propagated            topics="send service" tid=19249988 requestId=5ec81740e4e231bcee22 msgHash=withheld
[2026-10-10 15:09:02.944] [info] [logos] [delivery_module] DeliveryModuleImpl::getNodeInfo called with nodeInfoId: MyPeerId
[QmlInspector] Client disconnected
