INF 2026-10-02 16:32:24.546+02:00 Creating a private key and saving it       tid=43955056
WRN 2026-10-02 16:32:24.546+02:00 Node has been marked with --no-bootstrap-node and will NOT be bootstrapped topics="libstorage libstoragelifecycle" tid=43955056
INF 2026-10-02 16:32:24.546+02:00 Threadpool started                         topics="libstorage libstoragelifecycle" tid=43955056 numThreads=12
WRN 2026-10-02 16:32:24.570+02:00 No key for a QueryResponse                 topics="storage repostore" tid=43955056
NTC 2026-10-02 16:32:24.571+02:00 Started Storage node                       topics="storage node" tid=43955056 id=16U*MggFJv addrs="[/ip4/127.0.0.1/tcp/64691]"
INF 2026-10-02 16:32:25.668+02:00 Storing data                               topics="storage node" tid=43955056
INF 2026-10-02 16:32:25.670+02:00 Stored data                                topics="storage node" tid=43955056 manifestCid=zDv*jvCdA5 treeCid=zDz*7htXke blocks=1 datasetSize=40'NByte filename=some("short.txt") mimetype=some("text/plain")
WRN 2026-10-02 16:33:24.582+02:00 No key for a QueryResponse                 topics="storage repostore" tid=43955056
WRN 2026-10-02 16:34:24.586+02:00 No key for a QueryResponse                 topics="storage repostore" tid=43955056
WRN 2026-10-02 16:35:24.591+02:00 No key for a QueryResponse                 topics="storage repostore" tid=43955056
INF 2026-10-02 16:35:55.825+02:00 Storing data                               topics="storage node" tid=43955056
INF 2026-10-02 16:35:55.826+02:00 Stored data                                topics="storage node" tid=43955056 manifestCid=zDv*jvCdA5 treeCid=zDz*7htXke blocks=1 datasetSize=40'NByte filename=some("short.txt") mimetype=some("text/plain")
NTC 2026-10-02 16:35:55.919+02:00 Stopping Storage node                      topics="storage node" tid=43955056
INF 2026-10-02 16:35:55.919+02:00 Timer loop has stopped                     tid=43955056 name=maintenance
WRN 2026-10-02 16:35:55.919+02:00 Cancelled advertise task runner            topics="storage discoveryengine advertiser" tid=43955056
INF 2026-10-02 16:35:55.919+02:00 Exiting advertise task runner              topics="storage discoveryengine advertiser" tid=43955056
WRN 2026-10-02 16:35:55.919+02:00 Cancelled advertise task runner            topics="storage discoveryengine advertiser" tid=43955056
INF 2026-10-02 16:35:55.919+02:00 Exiting advertise task runner              topics="storage discoveryengine advertiser" tid=43955056
WRN 2026-10-02 16:35:55.919+02:00 Cancelled advertise task runner            topics="storage discoveryengine advertiser" tid=43955056
INF 2026-10-02 16:35:55.919+02:00 Exiting advertise task runner              topics="storage discoveryengine advertiser" tid=43955056
WRN 2026-10-02 16:35:55.919+02:00 Cancelled advertise task runner            topics="storage discoveryengine advertiser" tid=43955056
INF 2026-10-02 16:35:55.919+02:00 Exiting advertise task runner              topics="storage discoveryengine advertiser" tid=43955056
WRN 2026-10-02 16:35:55.919+02:00 Cancelled advertise task runner            topics="storage discoveryengine advertiser" tid=43955056
INF 2026-10-02 16:35:55.919+02:00 Exiting advertise task runner              topics="storage discoveryengine advertiser" tid=43955056
WRN 2026-10-02 16:35:55.919+02:00 Cancelled advertise task runner            topics="storage discoveryengine advertiser" tid=43955056
INF 2026-10-02 16:35:55.919+02:00 Exiting advertise task runner              topics="storage discoveryengine advertiser" tid=43955056
WRN 2026-10-02 16:35:55.919+02:00 Cancelled advertise task runner            topics="storage discoveryengine advertiser" tid=43955056
INF 2026-10-02 16:35:55.919+02:00 Exiting advertise task runner              topics="storage discoveryengine advertiser" tid=43955056
WRN 2026-10-02 16:35:55.919+02:00 Cancelled advertise task runner            topics="storage discoveryengine advertiser" tid=43955056
INF 2026-10-02 16:35:55.919+02:00 Exiting advertise task runner              topics="storage discoveryengine advertiser" tid=43955056
WRN 2026-10-02 16:35:55.919+02:00 Cancelled advertise task runner            topics="storage discoveryengine advertiser" tid=43955056
INF 2026-10-02 16:35:55.920+02:00 Exiting advertise task runner              topics="storage discoveryengine advertiser" tid=43955056
WRN 2026-10-02 16:35:55.920+02:00 Cancelled advertise local store loop       topics="storage discoveryengine advertiser" tid=43955056
INF 2026-10-02 16:35:55.920+02:00 Exiting advertise task loop                topics="storage discoveryengine advertiser" tid=43955056
WRN 2026-10-02 16:35:55.920+02:00 Cancelled advertise task runner            topics="storage discoveryengine advertiser" tid=43955056
INF 2026-10-02 16:35:55.920+02:00 Exiting advertise task runner              topics="storage discoveryengine advertiser" tid=43955056
