run-logos-standalone-ui: hot-reloading QML from <repo>/src/qml
  (export DEV_QML_PATH to override, or LOGOS_QML_HOT_RELOAD=0 to disable)
Session directory: "~/Library/Application Support/Logos/LogosStandalone"
[2026-10-03 08:32:26.785] [info] [logos] Granting host services to 'capability_module': token_registry,token_delivery
[2026-10-03 08:32:26.818] [out] [capability_module] [2026-10-03 08:32:26.818] [info] Granting host services to capability_module: ["token_registry","token_delivery"]
RemoteTransportConnection: Connecting to registry: "local:logos_capability_module_8304ceeda96e" at "08:32:26.819"
RemoteTransportConnection: Registry connect attempt started (no peer contact yet): "local:logos_capability_module_8304ceeda96e"
LogosAPIConsumer: Informing module token for module: "capability_module" with token: "redacted:4d257b4f…"
RemoteTransportConnection: Requesting object: "capability_module" at "08:32:26.820"
[LogosObject] RemoteTransportConnection: returning RemoteLogosObject for: "capability_module"
[LogosObject] Created RemoteLogosObject wrapping QRemoteObjectReplica 105553170118880
[LogosObject] LogosAPIConsumer: calling LogosObject::informModuleToken for "capability_module"
LogosAPIConsumer: informModuleToken completed with result: true
[LogosObject] Destroying RemoteLogosObject 0
[2026-10-03 08:32:26.856] [info] [logos] Module loaded: capability_module
LogosAPIConsumer: Informing module token for module: "modules_state" with token: "redacted:7c3c6bb3…"
RemoteTransportConnection: Requesting object: "capability_module" at "08:32:26.889"
[LogosObject] RemoteTransportConnection: returning RemoteLogosObject for: "capability_module"
[LogosObject] Created RemoteLogosObject wrapping QRemoteObjectReplica 105553169913792
[LogosObject] LogosAPIConsumer: calling LogosObject::informModuleToken for "modules_state"
LogosAPIConsumer: informModuleToken completed with result: true
[LogosObject] Destroying RemoteLogosObject 0
[2026-10-03 08:32:26.889] [info] [logos] Module loaded: modules_state
RemoteTransportConnection: Connecting to registry: "local:logos_modules_state_8304ceeda96e" at "08:32:26.890"
RemoteTransportConnection: Registry connect attempt started (no peer contact yet): "local:logos_modules_state_8304ceeda96e"
RemoteTransportConnection: Connecting to registry: "local:logos_capability_module_8304ceeda96e" at "08:32:26.890"
RemoteTransportConnection: Registry connect attempt started (no peer contact yet): "local:logos_capability_module_8304ceeda96e"
LogosAPIConsumer: '"modules_state"::""' deferred pending the module becoming reachable
LogosAPIConsumer: '"modules_state"::""' deferred pending the module becoming reachable
Logos Core started (modules dir: "/nix/store/4v2cj5cr5dlsjb9cl0blr0cds0qf07iv-logos-forum_module-plugin-dir-modules" )
Set app icon from metadata: "/nix/store/3darymcfq7a6wq1fm1fv97x1ccbd7s30-logos-forum_module-plugin-dir/src/icons/icon.png"
[2026-10-03 08:32:26.951] [info] [logos] [delivery_module] DeliveryModuleImpl: Initializing...
LogosAPIConsumer: Informing module token for module: "delivery_module" with token: "redacted:f99ce68f…"
RemoteTransportConnection: Requesting object: "capability_module" at "08:32:26.953"
[LogosObject] RemoteTransportConnection: returning RemoteLogosObject for: "capability_module"
[LogosObject] Created RemoteLogosObject wrapping QRemoteObjectReplica 105553169895360
[LogosObject] LogosAPIConsumer: calling LogosObject::informModuleToken for "delivery_module"
LogosAPIConsumer: informModuleToken completed with result: true
[LogosObject] Destroying RemoteLogosObject 0
[2026-10-03 08:32:26.953] [info] [logos] Module loaded: delivery_module
RemoteTransportConnection: Connecting to registry: "local:logos_delivery_module_8304ceeda96e" at "08:32:26.953"
RemoteTransportConnection: Registry connect attempt started (no peer contact yet): "local:logos_delivery_module_8304ceeda96e"
RemoteTransportConnection: Connecting to registry: "local:logos_capability_module_8304ceeda96e" at "08:32:26.953"
RemoteTransportConnection: Registry connect attempt started (no peer contact yet): "local:logos_capability_module_8304ceeda96e"
LogosAPIConsumer: '"delivery_module"::""' deferred pending the module becoming reachable
LogosAPIClient: getToken for module: "modules_state"
LogosAPIClient: Found token for module: "modules_state"
RemoteTransportConnection: Requesting object: "modules_state" at "08:32:26.953"
[LogosObject] RemoteTransportConnection: returning RemoteLogosObject for: "modules_state"
[LogosObject] Created RemoteLogosObject wrapping QRemoteObjectReplica 105553170083840
[LogosObject] LogosAPIConsumer: async calling via LogosObject::callMethodAsync "note_transition"
[LogosObject] RemoteLogosObject::callMethodAsync "note_transition" args: 7
LogosAPIClient: getToken for module: "modules_state"
LogosAPIClient: Found token for module: "modules_state"
[LogosObject] LogosAPIConsumer: async calling via LogosObject::callMethodAsync "note_transition"
[LogosObject] RemoteLogosObject::callMethodAsync "note_transition" args: 7
Loaded dependency (with transitive deps): "delivery_module"
[2026-10-03 08:32:26.994] [info] [logos] [storage_module] StorageModuleImpl: Initializing...
LogosAPIConsumer: Informing module token for module: "storage_module" with token: "redacted:8a769639…"
RemoteTransportConnection: Requesting object: "capability_module" at "08:32:26.995"
[LogosObject] Created RemoteLogosObject wrapping QRemoteObjectReplica 105553170082752
LogosAPIClient: invoking remote method "modules_state" "apply_snapshot" args_count: 1
LogosAPIClient: getToken for module: "modules_state"
LogosAPIClient: Found token for module: "modules_state"
LogosAPIConsumer: Calling invokeRemoteMethod: "modules_state" "apply_snapshot" args_count: 1 timeout: 20000
[LogosObject] LogosAPIConsumer: calling via LogosObject::callMethod "apply_snapshot"
[LogosObject] RemoteLogosObject::callMethod "apply_snapshot" args: 1
[LogosObject] Created RemoteLogosObject wrapping QRemoteObjectReplica 105553170077440
LogosAPIClient: getToken for module: "modules_state"
LogosAPIClient: Found token for module: "modules_state"
[LogosObject] LogosAPIConsumer: async calling via LogosObject::callMethodAsync "note_transition"
[LogosObject] RemoteLogosObject::callMethodAsync "note_transition" args: 7
LogosAPIClient: getToken for module: "modules_state"
LogosAPIClient: Found token for module: "modules_state"
[LogosObject] LogosAPIConsumer: async calling via LogosObject::callMethodAsync "note_transition"
[LogosObject] RemoteLogosObject::callMethodAsync "note_transition" args: 7
[2026-10-03 08:32:26.996] [info] [logos] Pushed module snapshot to modules_state
LogosAPIClient: getToken for module: "modules_state"
LogosAPIClient: Found token for module: "modules_state"
[LogosObject] LogosAPIConsumer: async calling via LogosObject::callMethodAsync "note_transition"
[LogosObject] RemoteLogosObject::callMethodAsync "note_transition" args: 7
[LogosObject] RemoteTransportConnection: returning RemoteLogosObject for: "capability_module"
[LogosObject] Created RemoteLogosObject wrapping QRemoteObjectReplica 105553169913792
[LogosObject] LogosAPIConsumer: calling LogosObject::informModuleToken for "storage_module"
LogosAPIConsumer: informModuleToken completed with result: true
[LogosObject] Destroying RemoteLogosObject 0
[2026-10-03 08:32:26.996] [info] [logos] Module loaded: storage_module
RemoteTransportConnection: Connecting to registry: "local:logos_storage_module_8304ceeda96e" at "08:32:26.996"
RemoteTransportConnection: Registry connect attempt started (no peer contact yet): "local:logos_storage_module_8304ceeda96e"
RemoteTransportConnection: Connecting to registry: "local:logos_capability_module_8304ceeda96e" at "08:32:26.996"
RemoteTransportConnection: Registry connect attempt started (no peer contact yet): "local:logos_capability_module_8304ceeda96e"
LogosAPIConsumer: '"storage_module"::""' deferred pending the module becoming reachable
LogosAPIClient: getToken for module: "modules_state"
LogosAPIClient: Found token for module: "modules_state"
[LogosObject] LogosAPIConsumer: async calling via LogosObject::callMethodAsync "note_transition"
[LogosObject] RemoteLogosObject::callMethodAsync "note_transition" args: 7
Loaded dependency (with transitive deps): "storage_module"
DEV_QML_PATH override active: <repo>/src/qml/Main.qml
RemoteTransportConnection: Connecting to registry: "local:logos_capability_module_8304ceeda96e" at "08:32:26.997"
RemoteTransportConnection: Registry connect attempt started (no peer contact yet): "local:logos_capability_module_8304ceeda96e"
LogosAPIConsumer: Informing module token for module: "forum_module" with token: "redacted:73234540…"
RemoteTransportConnection: Requesting object: "capability_module" at "08:32:26.997"
[LogosObject] RemoteTransportConnection: returning RemoteLogosObject for: "capability_module"
[LogosObject] Created RemoteLogosObject wrapping QRemoteObjectReplica 105553169990720
[LogosObject] LogosAPIConsumer: calling LogosObject::informModuleToken for "forum_module"
[LogosObject] Created RemoteLogosObject wrapping QRemoteObjectReplica 105553169989760
LogosAPIClient: getToken for module: "modules_state"
LogosAPIClient: Found token for module: "modules_state"
[LogosObject] LogosAPIConsumer: async calling via LogosObject::callMethodAsync "note_transition"
[LogosObject] RemoteLogosObject::callMethodAsync "note_transition" args: 7
LogosAPIConsumer: informModuleToken completed with result: true
[LogosObject] Destroying RemoteLogosObject 0
[2026-10-03 08:32:27.243] [warning] [logos] [capability_module] Warning: QObject::connect: No such signal ::eventResponse(QString,QVariantList)
[2026-10-03 08:32:27.244] [info] [logos] [delivery_module] DeliveryModuleImpl::getNodeInfo called with nodeInfoId: MyPeerId
[2026-10-03 08:32:27.244] [info] [logos] [delivery_module] DeliveryModuleImpl: Cannot get node info - context not initialized. Call createNode first.
[2026-10-03 08:32:27.244] [info] [logos] [delivery_module] DeliveryModuleImpl::createNode called
[2026-10-03 08:32:27.300] [info] [logos] [delivery_module] DeliveryModuleImpl: Waiting for createNode callback...
[2026-10-03 08:32:27.305] [out] [delivery_module] DBG 2026-10-03 08:32:27.304+02:00 Whether to mount storeSync is not specified, defaulting to not mounting topics="waku conf builder" tid=169751
[2026-10-03 08:32:27.305] [out] [delivery_module] INF 2026-10-03 08:32:27.305+02:00 Sharding configuration:                    topics="waku conf builder" tid=169751 shardingConf="(kind: AutoSharding, numShardsInCluster: 1)" subscribeShards=@[0]
[2026-10-03 08:32:27.305] [out] [delivery_module] INF 2026-10-03 08:32:27.305+02:00 Configuration: Enabled protocols           topics="waku conf" tid=169751 relay=true rlnRelay=false store=false filter=false lightPush=false peerExchange=false rendezvous=false
[2026-10-03 08:32:27.305] [out] [delivery_module] INF 2026-10-03 08:32:27.305+02:00 Configuration. Network                     topics="waku conf" tid=169751 cluster=42
[2026-10-03 08:32:27.305] [out] [delivery_module] DBG 2026-10-03 08:32:27.305+02:00 Configuration. Active Relay Shards         topics="waku conf" tid=169751 shard=0
[2026-10-03 08:32:27.306] [out] [delivery_module] INF 2026-10-03 08:32:27.306+02:00 Setting up storage                         tid=169751
[2026-10-03 08:32:27.306] [out] [delivery_module] INF 2026-10-03 08:32:27.306+02:00 Initializing node                          tid=169751
[2026-10-03 08:32:27.307] [out] [delivery_module] INF 2026-10-03 08:32:27.307+02:00 Initializing networking                    tid=169751 addrs=@[/ip4/127.0.0.1/tcp/54322]
[2026-10-03 08:32:27.307] [out] [delivery_module] INF 2026-10-03 08:32:27.307+02:00 Mounting protocols                         tid=169751
[2026-10-03 08:32:27.307] [out] [delivery_module] INF 2026-10-03 08:32:27.307+02:00 Created WakuMetadata protocol              topics="waku node" tid=169751 clusterId=42 shards="[0]"
[2026-10-03 08:32:27.307] [out] [delivery_module] INF 2026-10-03 08:32:27.307+02:00 Mounting mix protocol                      topics="waku node" tid=169751INF 2026-10-03 08:32:27.307+02:00 node info                                  topics="waku node" tid=169751 wakuInfo="(listenAddresses: [/ip4/127.0.0.1/tcp/54322/p2p/16Uiu2HAkyAbf4aMyZTUwLHMy443m4bqQYshE5ZtSgQZuec65fcpZ], enrUri: enr:-JS4QIzJ21tD7neVOa1l9InhQ4zVwBhcmanvWYmtv-VggCwLNkhYp0NT0vPnweyU6JN70LqBB3NtfX34OUsggn9ooWoBgmlkgnY0gmlwhH8AAAGCcnOFACoBAACJc2VjcDI1NmsxoQI3kiXIyAdbX6uG1wgQTLxeUj3C914OBAB74mkjZLrQQoN0Y3CC1DKFd2FrdTIh, mixPubKey: none())"
[2026-10-03 08:32:27.307] [out] [delivery_module]  nodeId="(listenAddresses: [/ip4/127.0.0.1/tcp/54322/p2p/16Uiu2HAkyAbf4aMyZTUwLHMy443m4bqQYshE5ZtSgQZuec65fcpZ], enrUri: enr:-JS4QIzJ21tD7neVOa1l9InhQ4zVwBhcmanvWYmtv-VggCwLNkhYp0NT0vPnweyU6JN70LqBB3NtfX34OUsggn9ooWoBgmlkgnY0gmlwhH8AAAGCcnOFACoBAACJc2VjcDI1NmsxoQI3kiXIyAdbX6uG1wgQTLxeUj3C914OBAB74mkjZLrQQoN0Y3CC1DKFd2FrdTIh, mixPubKey: none())"
[2026-10-03 08:32:27.307] [out] [delivery_module] INF 2026-10-03 08:32:27.307+02:00 local addr                                 topics="waku node" tid=169751 localaddr=/ip4/127.0.0.1/tcp/54322
[2026-10-03 08:32:27.307] [out] [delivery_module] INF 2026-10-03 08:32:27.307+02:00 mixPubKey                                  topics="waku node" tid=169751 mixPubKey="[232, 156, 142, 38, 54, 152, 177, 14, 37, 170, 203, 48, 239, 62, 90, 104, 151, 27, 115, 209, 23, 210, 10, 14, 240, 212, 186, 143, 66, 54, 244, 79]"
[2026-10-03 08:32:27.308] [out] [delivery_module] INF 2026-10-03 08:32:27.308+02:00 Using mix bootstrap nodes                  topics="waku mix" tid=169751 entries=4 poolSize=4
[2026-10-03 08:32:27.309] [out] [delivery_module] INF 2026-10-03 08:32:27.309+02:00 mounting store client                      topics="waku node store api" tid=169751
[2026-10-03 08:32:27.309] [out] [delivery_module] INF 2026-10-03 08:32:27.309+02:00 Mounting auto sharding                     topics="waku node" tid=169751 clusterId=42 shardCount=1
[2026-10-03 08:32:27.309] [out] [delivery_module] DBG 2026-10-03 08:32:27.309+02:00 Shards created from content topics         tid=169751 contentTopics=[] shards=[]
[2026-10-03 08:32:27.309] [out] [delivery_module] DBG 2026-10-03 08:32:27.309+02:00 Setting max message size                   tid=169751 num_bytes=153600
[2026-10-03 08:32:27.309] [out] [delivery_module] INF 2026-10-03 08:32:27.309+02:00 mounting relay protocol                    topics="waku node relay api" tid=169751
[2026-10-03 08:32:27.309] [out] [delivery_module] DBG 2026-10-03 08:32:27.309+02:00 relay mounted successfully                 topics="waku node relay api" tid=169751
[2026-10-03 08:32:27.309] [out] [delivery_module] DBG 2026-10-03 08:32:27.309+02:00 Adding validator to signed shards          tid=169751 protectedShards=[] clusterId=42
[2026-10-03 08:32:27.309] [out] [delivery_module] INF 2026-10-03 08:32:27.309+02:00 mounting libp2p ping protocol              topics="waku node ping api" tid=169751
[2026-10-03 08:32:27.309] [out] [delivery_module] INF 2026-10-03 08:32:27.309+02:00 mounting light push client                 topics="waku node lightpush api" tid=169751
[2026-10-03 08:32:27.309] [out] [delivery_module] INF 2026-10-03 08:32:27.309+02:00 mounting legacy light push client          topics="waku node lightpush api" tid=169751
[2026-10-03 08:32:27.309] [out] [delivery_module] DBG 2026-10-03 08:32:27.309+02:00 Adding peer to service slots               topics="waku node peer_manager" tid=169751 peerId=16U*ztmLkp addr=/ip4/127.0.0.1/tcp/54318 service=/vac/waku/lightpush/3.0.0
[2026-10-03 08:32:27.309] [out] [delivery_module] DBG 2026-10-03 08:32:27.309+02:00 Adding peer to service slots               topics="waku node peer_manager" tid=169751 peerId=16U*ztmLkp addr=/ip4/127.0.0.1/tcp/54318 service=/vac/waku/lightpush/2.0.0-beta1
[2026-10-03 08:32:27.309] [out] [delivery_module] INF 2026-10-03 08:32:27.309+02:00 mounting filter client                     topics="waku node filter api" tid=169751
[2026-10-03 08:32:27.309] [out] [delivery_module] INF 2026-10-03 08:32:27.309+02:00 mounting waku peer exchange client         topics="waku node peerexchange api" tid=169751
[2026-10-03 08:32:27.309] [out] [delivery_module] INF 2026-10-03 08:32:27.309+02:00 No external callbacks to be set            topics="wakunode waku" tid=169751
[2026-10-03 08:32:27.309] [out] [delivery_module] INF 2026-10-03 08:32:27.309+02:00 Setting up AutonatService                  topics="libp2p autonatservice" tid=169751
[2026-10-03 08:32:27.309] [info] [logos] [delivery_module] DeliveryModuleImpl::createNode callback called with ret: 0
[2026-10-03 08:32:27.315] [info] [logos] [delivery_module] DeliveryModuleImpl: Delivery context created successfully
[2026-10-03 08:32:27.315] [info] [logos] [delivery_module] DeliveryModuleImpl::start called
[2026-10-03 08:32:27.316] [out] [delivery_module] INF 2026-10-03 08:32:27.316+02:00 Retrieve dynamic bootstrap nodes           topics="wakunode waku" tid=169751
[2026-10-03 08:32:27.316] [info] [logos] [delivery_module] DeliveryModuleImpl::getNodeInfo called with nodeInfoId: MyPeerId
[2026-10-03 08:32:27.316] [out] [delivery_module] INF 2026-10-03 08:32:27.316+02:00 Running nwaku node                         tid=169751 version=v0.39.0-gca2814
[2026-10-03 08:32:27.316] [out] [delivery_module] INF 2026-10-03 08:32:27.316+02:00 Starting Waku node                         topics="waku node" tid=169751 version=v0.39.0-gca2814
[2026-10-03 08:32:27.316] [out] [delivery_module] DBG 2026-10-03 08:32:27.316+02:00 starting switch for peer                   topics="libp2p switch" tid=169751 peerInfo="(peerId: 16Uiu2HAkyAbf4aMyZTUwLHMy443m4bqQYshE5ZtSgQZuec65fcpZ, listenAddrs: [/ip4/127.0.0.1/tcp/54322], addrs: [], protocols: [/ipfs/id/1.0.0, /libp2p/autonat/1.0.0, /libp2p/circuit/relay/0.2.0/hop, /vac/waku/metadata/1.0.0, /mix/1.0.0, /vac/waku/relay/2.0.0, /ipfs/ping/1.0.0, /vac/waku/filter-push/2.0.0-beta1], protoVersion: ipfs/0.1.0, agentVersion: logos-delivery-v0.39.0-gca2814)"
[2026-10-03 08:32:27.317] [out] [delivery_module] DBG 2026-10-03 08:32:27.317+02:00 About to accept incoming connection        topics="libp2p switch" tid=169751
[2026-10-03 08:32:27.318] [out] [delivery_module] INF 2026-10-03 08:32:27.318+02:00 start                                      topics="waku relay" tid=169751
[2026-10-03 08:32:27.318] [out] [delivery_module] DBG 2026-10-03 08:32:27.318+02:00 Started libp2p node                        topics="libp2p switch" tid=169751 peer="(peerId: 16Uiu2HAkyAbf4aMyZTUwLHMy443m4bqQYshE5ZtSgQZuec65fcpZ, listenAddrs: [/ip4/127.0.0.1/tcp/54322], addrs: [/ip4/127.0.0.1/tcp/54322], protocols: [/ipfs/id/1.0.0, /libp2p/autonat/1.0.0, /libp2p/circuit/relay/0.2.0/hop, /vac/waku/metadata/1.0.0, /mix/1.0.0, /vac/waku/relay/2.0.0, /ipfs/ping/1.0.0, /vac/waku/filter-push/2.0.0-beta1], protoVersion: ipfs/0.1.0, agentVersion: logos-delivery-v0.39.0-gca2814)"
[2026-10-03 08:32:27.319] [out] [delivery_module] INF 2026-10-03 08:32:27.319+02:00 Announced base resolved                    topics="waku node" tid=169751 addrs=@[/ip4/127.0.0.1/tcp/54322] explicit=@[/ip4/127.0.0.1/tcp/54322]
[2026-10-03 08:32:27.319] [out] [delivery_module] DBG 2026-10-03 08:32:27.319+02:00 ENR addresses updated                      topics="waku enr" tid=169751 retained=1 total=1
[2026-10-03 08:32:27.319] [out] [delivery_module] INF 2026-10-03 08:32:27.319+02:00 Node started successfully                  topics="waku node" tid=169751
[2026-10-03 08:32:27.319] [out] [delivery_module] DBG 2026-10-03 08:32:27.319+02:00 Dialing multiple peers                     tid=169751 numOfPeers=4 nodes="@[\"/ip4/127.0.0.1/tcp/54318/p2p/16Uiu2HAmJsNRCijS4a2kvDz3a72PwKjinNjb8cPXE5Pj3wztmLkp\", \"/ip4/127.0.0.1/tcp/54319/p2p/16Uiu2HAkxU2cFsVBKAyFapVsMNv2ykQfjA4ttDFnUWCVvsZnjbG7\", \"/ip4/127.0.0.1/tcp/54320/p2p/16Uiu2HAm5kW6EUuZsCBnDpv7rSEC5tU752qtCt5s4vpCtqpUkJbj\", \"/ip4/127.0.0.1/tcp/54321/p2p/16Uiu2HAmSij6NcBva8owLh8qQytiBTzXd4WcFru61euxYAL35SBw\"]"
[2026-10-03 08:32:27.320] [out] [delivery_module] DBG 2026-10-03 08:32:27.320+02:00 Dialing peer                               topics="libp2p dialer" tid=169751 peerId=16U*ztmLkp addrs="[/ip4/127.0.0.1/tcp/54318]"
[2026-10-03 08:32:27.320] [out] [delivery_module] DBG 2026-10-03 08:32:27.320+02:00 Expanded address and hostname              topics="libp2p dialer" tid=169751 expandedAddress=/ip4/127.0.0.1/tcp/54318 hostname=127.0.0.1 resolvedAddresses="[/ip4/127.0.0.1/tcp/54318]"
[2026-10-03 08:32:27.321] [out] [delivery_module] DBG 2026-10-03 08:32:27.321+02:00 Dialing peer                               topics="libp2p dialer" tid=169751 peerId=16U*ZnjbG7 addrs="[/ip4/127.0.0.1/tcp/54319]"
[2026-10-03 08:32:27.321] [out] [delivery_module] DBG 2026-10-03 08:32:27.321+02:00 Expanded address and hostname              topics="libp2p dialer" tid=169751 expandedAddress=/ip4/127.0.0.1/tcp/54319 hostname=127.0.0.1 resolvedAddresses="[/ip4/127.0.0.1/tcp/54319]"
[2026-10-03 08:32:27.321] [out] [delivery_module] DBG 2026-10-03 08:32:27.321+02:00 Dialing peer                               topics="libp2p dialer" tid=169751 peerId=16U*pUkJbj addrs="[/ip4/127.0.0.1/tcp/54320]"
[2026-10-03 08:32:27.321] [out] [delivery_module] DBG 2026-10-03 08:32:27.321+02:00 Expanded address and hostname              topics="libp2p dialer" tid=169751 expandedAddress=/ip4/127.0.0.1/tcp/54320 hostname=127.0.0.1 resolvedAddresses="[/ip4/127.0.0.1/tcp/54320]"
[2026-10-03 08:32:27.321] [out] [delivery_module] DBG 2026-10-03 08:32:27.321+02:00 Dialing peer                               topics="libp2p dialer" tid=169751 peerId=16U*L35SBw addrs="[/ip4/127.0.0.1/tcp/54321]"
[2026-10-03 08:32:27.321] [out] [delivery_module] DBG 2026-10-03 08:32:27.321+02:00 Expanded address and hostname              topics="libp2p dialer" tid=169751 expandedAddress=/ip4/127.0.0.1/tcp/54321 hostname=127.0.0.1 resolvedAddresses="[/ip4/127.0.0.1/tcp/54321]"
[2026-10-03 08:32:27.321] [info] [logos] [delivery_module] DeliveryModuleImpl::subscribe called with contentTopic: /lp0026forum/1/general/text
[2026-10-03 08:32:27.322] [out] [delivery_module] DBG 2026-10-03 08:32:27.322+02:00 Subscribing to pubsub topic                topics="waku relay" tid=169751 pubsubTopic=/waku/2/rs/42/0
[2026-10-03 08:32:27.323] [out] [delivery_module] DBG 2026-10-03 08:32:27.323+02:00 No mesh peer for the given pubsub topic    topics="waku relay" tid=169751 pubsubTopic=/waku/2/rs/42/0
[2026-10-03 08:32:27.323] [info] [logos] [delivery_module] DeliveryModuleImpl: Subscribe completed for topic: /lp0026forum/1/general/text with success
[2026-10-03 08:32:27.326] [out] [delivery_module] DBG 2026-10-03 08:32:27.326+02:00 Dial successful                            topics="libp2p dialer" tid=169751 peerId=16U*ztmLkp
[2026-10-03 08:32:27.326] [out] [delivery_module] DBG 2026-10-03 08:32:27.326+02:00 no listener registered                     tid=169752 event=onConnectionChange
[2026-10-03 08:32:27.327] [out] [delivery_module] DBG 2026-10-03 08:32:27.326+02:00 starting sendNonHighPriorityTask           topics="libp2p pubsubpeer" tid=169751 p=16U*ztmLkp
[2026-10-03 08:32:27.327] [out] [delivery_module] DBG 2026-10-03 08:32:27.326+02:00 created new pubsub peer                    topics="libp2p pubsub" tid=169751 peerId=16U*ztmLkp
[2026-10-03 08:32:27.327] [out] [delivery_module] DBG 2026-10-03 08:32:27.327+02:00 Incoming WakuRelay connection              topics="waku relay" tid=169751 connection=16U*ztmLkp:6ac0a17bb8c9302606762e07 protocol=/vac/waku/relay/2.0.0
[2026-10-03 08:32:27.327] [out] [delivery_module] DBG 2026-10-03 08:32:27.327+02:00 starting pubsub read loop                  topics="libp2p pubsubpeer" tid=169751 stream=16U*ztmLkp:6ac0a17bb8c9302606762e07 peer=16U*ztmLkp closed=false
[2026-10-03 08:32:27.327] [out] [delivery_module] DBG 2026-10-03 08:32:27.327+02:00 identify: info sent                        topics="libp2p identify" tid=169751 stream=16U*ztmLkp:6ac0a17bb8c9302606762e08 info="(peerId: 16Uiu2HAkyAbf4aMyZTUwLHMy443m4bqQYshE5ZtSgQZuec65fcpZ, listenAddrs: [/ip4/127.0.0.1/tcp/54322], addrs: [/ip4/127.0.0.1/tcp/54322], protocols: [/ipfs/id/1.0.0, /libp2p/autonat/1.0.0, /libp2p/circuit/relay/0.2.0/hop, /vac/waku/metadata/1.0.0, /mix/1.0.0, /vac/waku/relay/2.0.0, /ipfs/ping/1.0.0, /vac/waku/filter-push/2.0.0-beta1], protoVersion: ipfs/0.1.0, agentVersion: logos-delivery-v0.39.0-gca2814)"
[2026-10-03 08:32:27.327] [out] [delivery_module] DBG 2026-10-03 08:32:27.327+02:00 Dial successful                            topics="libp2p dialer" tid=169751 peerId=16U*pUkJbj
[2026-10-03 08:32:27.328] [out] [delivery_module] DBG 2026-10-03 08:32:27.328+02:00 starting sendNonHighPriorityTask           topics="libp2p pubsubpeer" tid=169751 p=16U*pUkJbj
[2026-10-03 08:32:27.328] [out] [delivery_module] DBG 2026-10-03 08:32:27.328+02:00 created new pubsub peer                    topics="libp2p pubsub" tid=169751 peerId=16U*pUkJbj
[2026-10-03 08:32:27.328] [out] [delivery_module] DBG 2026-10-03 08:32:27.328+02:00 no listener registered                     tid=169752 event=onConnectionChange
[2026-10-03 08:32:27.328] [out] [delivery_module] DBG 2026-10-03 08:32:27.328+02:00 Dial successful                            topics="libp2p dialer" tid=169751 peerId=16U*ZnjbG7
[2026-10-03 08:32:27.328] [out] [delivery_module] DBG 2026-10-03 08:32:27.328+02:00 Dial successful                            topics="libp2p dialer" tid=169751 peerId=16U*L35SBw
[2026-10-03 08:32:27.328] [out] [delivery_module] DBG 2026-10-03 08:32:27.328+02:00 Incoming WakuRelay connection              topics="waku relay" tid=169751 connection=16U*pUkJbj:6ac0a17bb8c9302606762e0b protocol=/vac/waku/relay/2.0.0
[2026-10-03 08:32:27.328] [out] [delivery_module] DBG 2026-10-03 08:32:27.328+02:00 starting pubsub read loop                  topics="libp2p pubsubpeer" tid=169751 stream=16U*pUkJbj:6ac0a17bb8c9302606762e0b peer=16U*pUkJbj closed=false
[2026-10-03 08:32:27.328] [out] [delivery_module] DBG 2026-10-03 08:32:27.328+02:00 identify: info sent                        topics="libp2p identify" tid=169751 stream=16U*pUkJbj:6ac0a17bb8c9302606762e0c info="(peerId: 16Uiu2HAkyAbf4aMyZTUwLHMy443m4bqQYshE5ZtSgQZuec65fcpZ, listenAddrs: [/ip4/127.0.0.1/tcp/54322], addrs: [/ip4/127.0.0.1/tcp/54322], protocols: [/ipfs/id/1.0.0, /libp2p/autonat/1.0.0, /libp2p/circuit/relay/0.2.0/hop, /vac/waku/metadata/1.0.0, /mix/1.0.0, /vac/waku/relay/2.0.0, /ipfs/ping/1.0.0, /vac/waku/filter-push/2.0.0-beta1], protoVersion: ipfs/0.1.0, agentVersion: logos-delivery-v0.39.0-gca2814)"
[2026-10-03 08:32:27.328] [out] [delivery_module] DBG 2026-10-03 08:32:27.328+02:00 starting sendNonHighPriorityTask           topics="libp2p pubsubpeer" tid=169751 p=16U*ZnjbG7
[2026-10-03 08:32:27.328] [out] [delivery_module] DBG 2026-10-03 08:32:27.328+02:00 created new pubsub peer                    topics="libp2p pubsub" tid=169751 peerId=16U*ZnjbG7
[2026-10-03 08:32:27.328] [out] [delivery_module] DBG 2026-10-03 08:32:27.328+02:00 no listener registered                     tid=169752 event=onConnectionChange
[2026-10-03 08:32:27.328] [out] [delivery_module] DBG 2026-10-03 08:32:27.328+02:00 starting sendNonHighPriorityTask           topics="libp2p pubsubpeer" tid=169751 p=16U*L35SBw
[2026-10-03 08:32:27.328] [out] [delivery_module] DBG 2026-10-03 08:32:27.328+02:00 created new pubsub peer                    topics="libp2p pubsub" tid=169751 peerId=16U*L35SBw
[2026-10-03 08:32:27.328] [out] [delivery_module] DBG 2026-10-03 08:32:27.328+02:00 no listener registered                     tid=169752 event=onConnectionChange
[2026-10-03 08:32:27.329] [out] [delivery_module] DBG 2026-10-03 08:32:27.329+02:00 Incoming WakuRelay connection              topics="waku relay" tid=169751 connection=16U*ZnjbG7:6ac0a17bb8c9302606762e0f protocol=/vac/waku/relay/2.0.0
[2026-10-03 08:32:27.329] [out] [delivery_module] DBG 2026-10-03 08:32:27.329+02:00 starting pubsub read loop                  topics="libp2p pubsubpeer" tid=169751 stream=16U*ZnjbG7:6ac0a17bb8c9302606762e0f peer=16U*ZnjbG7 closed=false
[2026-10-03 08:32:27.329] [out] [delivery_module] DBG 2026-10-03 08:32:27.329+02:00 identify: info sent                        topics="libp2p identify" tid=169751 stream=16U*ZnjbG7:6ac0a17bb8c9302606762e10 info="(peerId: 16Uiu2HAkyAbf4aMyZTUwLHMy443m4bqQYshE5ZtSgQZuec65fcpZ, listenAddrs: [/ip4/127.0.0.1/tcp/54322], addrs: [/ip4/127.0.0.1/tcp/54322], protocols: [/ipfs/id/1.0.0, /libp2p/autonat/1.0.0, /libp2p/circuit/relay/0.2.0/hop, /vac/waku/metadata/1.0.0, /mix/1.0.0, /vac/waku/relay/2.0.0, /ipfs/ping/1.0.0, /vac/waku/filter-push/2.0.0-beta1], protoVersion: ipfs/0.1.0, agentVersion: logos-delivery-v0.39.0-gca2814)"
[2026-10-03 08:32:27.329] [out] [delivery_module] DBG 2026-10-03 08:32:27.329+02:00 Incoming WakuRelay connection              topics="waku relay" tid=169751 connection=16U*L35SBw:6ac0a17bb8c9302606762e11 protocol=/vac/waku/relay/2.0.0
[2026-10-03 08:32:27.329] [out] [delivery_module] DBG 2026-10-03 08:32:27.329+02:00 starting pubsub read loop                  topics="libp2p pubsubpeer" tid=169751 stream=16U*L35SBw:6ac0a17bb8c9302606762e11 peer=16U*L35SBw closed=false
[2026-10-03 08:32:27.329] [out] [delivery_module] DBG 2026-10-03 08:32:27.329+02:00 identify: info sent                        topics="libp2p identify" tid=169751 stream=16U*L35SBw:6ac0a17bb8c9302606762e12 info="(peerId: 16Uiu2HAkyAbf4aMyZTUwLHMy443m4bqQYshE5ZtSgQZuec65fcpZ, listenAddrs: [/ip4/127.0.0.1/tcp/54322], addrs: [/ip4/127.0.0.1/tcp/54322], protocols: [/ipfs/id/1.0.0, /libp2p/autonat/1.0.0, /libp2p/circuit/relay/0.2.0/hop, /vac/waku/metadata/1.0.0, /mix/1.0.0, /vac/waku/relay/2.0.0, /ipfs/ping/1.0.0, /vac/waku/filter-push/2.0.0-beta1], protoVersion: ipfs/0.1.0, agentVersion: logos-delivery-v0.39.0-gca2814)"
[2026-10-03 08:32:27.329] [out] [delivery_module] DBG 2026-10-03 08:32:27.329+02:00 identify: info received                    topics="libp2p identify" tid=169751 stream=16U*ztmLkp:6ac0a17bb8c9302606762e0a pubkey=ok(sec...913b)) addresses=/ip4/127.0.0.1/tcp/54318 protocols=/ipfs/id/1.0.0,/libp2p/autonat/1.0.0,/libp2p/circuit/relay/0.2.0/hop,/vac/waku/metadata/1.0.0,/mix/1.0.0,/vac/waku/relay/2.0.0,/ipfs/ping/1.0.0,/vac/waku/lightpush/3.0.0,/vac/waku/lightpush/2.0.0-beta1,/vac/waku/filter-push/2.0.0-beta1 observable_address=ok(/ip4/127.0.0.1/tcp/54350) proto_version=ipfs/0.1.0 agent_version=logos-delivery-v0.39.0-gca2814 signedPeerRecord=None
[2026-10-03 08:32:27.329] [out] [delivery_module] DBG 2026-10-03 08:32:27.329+02:00 starting pubsub read loop                  topics="libp2p pubsubpeer" tid=169751 stream=16U*ztmLkp:6ac0a17bb8c9302606762e09 peer=16U*ztmLkp closed=false
[2026-10-03 08:32:27.329] [out] [delivery_module] DBG 2026-10-03 08:32:27.329+02:00 Event identified                           topics="waku node peer_manager" tid=169751 peerId=16U*ztmLkp
[2026-10-03 08:32:27.329] [out] [delivery_module] DBG 2026-10-03 08:32:27.329+02:00 no listener registered                     tid=169752 event=onConnectionChange
[2026-10-03 08:32:27.329] [out] [delivery_module] DBG 2026-10-03 08:32:27.329+02:00 identify: info received                    topics="libp2p identify" tid=169751 stream=16U*pUkJbj:6ac0a17bb8c9302606762e0e pubkey=ok(sec...a774)) addresses=/ip4/127.0.0.1/tcp/54320 protocols=/ipfs/id/1.0.0,/libp2p/autonat/1.0.0,/libp2p/circuit/relay/0.2.0/hop,/vac/waku/metadata/1.0.0,/mix/1.0.0,/vac/waku/relay/2.0.0,/ipfs/ping/1.0.0,/vac/waku/lightpush/3.0.0,/vac/waku/lightpush/2.0.0-beta1,/vac/waku/filter-push/2.0.0-beta1 observable_address=ok(/ip4/127.0.0.1/tcp/54353) proto_version=ipfs/0.1.0 agent_version=logos-delivery-v0.39.0-gca2814 signedPeerRecord=None
[2026-10-03 08:32:27.330] [out] [delivery_module] DBG 2026-10-03 08:32:27.330+02:00 starting pubsub read loop                  topics="libp2p pubsubpeer" tid=169751 stream=16U*pUkJbj:6ac0a17bb8c9302606762e0d peer=16U*pUkJbj closed=false
[2026-10-03 08:32:27.330] [out] [delivery_module] DBG 2026-10-03 08:32:27.330+02:00 Event identified                           topics="waku node peer_manager" tid=169751 peerId=16U*pUkJbj
[2026-10-03 08:32:27.330] [out] [delivery_module] DBG 2026-10-03 08:32:27.330+02:00 no listener registered                     tid=169752 event=onConnectionChange
[2026-10-03 08:32:27.330] [out] [delivery_module] DBG 2026-10-03 08:32:27.330+02:00 identify: info received                    topics="libp2p identify" tid=169751 stream=16U*ZnjbG7:6ac0a17bb8c9302606762e14 pubkey=ok(sec...05d2)) addresses=/ip4/127.0.0.1/tcp/54319 protocols=/ipfs/id/1.0.0,/libp2p/autonat/1.0.0,/libp2p/circuit/relay/0.2.0/hop,/vac/waku/metadata/1.0.0,/mix/1.0.0,/vac/waku/relay/2.0.0,/ipfs/ping/1.0.0,/vac/waku/lightpush/3.0.0,/vac/waku/lightpush/2.0.0-beta1,/vac/waku/filter-push/2.0.0-beta1 observable_address=ok(/ip4/127.0.0.1/tcp/54351) proto_version=ipfs/0.1.0 agent_version=logos-delivery-v0.39.0-gca2814 signedPeerRecord=None
[2026-10-03 08:32:27.330] [out] [delivery_module] DBG 2026-10-03 08:32:27.330+02:00 identify: info received                    topics="libp2p identify" tid=169751 stream=16U*L35SBw:6ac0a17bb8c9302606762e16 pubkey=ok(sec...4423)) addresses=/ip4/127.0.0.1/tcp/54321 protocols=/ipfs/id/1.0.0,/libp2p/autonat/1.0.0,/libp2p/circuit/relay/0.2.0/hop,/vac/waku/metadata/1.0.0,/mix/1.0.0,/vac/waku/relay/2.0.0,/ipfs/ping/1.0.0,/vac/waku/lightpush/3.0.0,/vac/waku/lightpush/2.0.0-beta1,/vac/waku/filter-push/2.0.0-beta1 observable_address=ok(/ip4/127.0.0.1/tcp/54355) proto_version=ipfs/0.1.0 agent_version=logos-delivery-v0.39.0-gca2814 signedPeerRecord=None
[2026-10-03 08:32:27.331] [out] [delivery_module] DBG 2026-10-03 08:32:27.331+02:00 starting pubsub read loop                  topics="libp2p pubsubpeer" tid=169751 stream=16U*ZnjbG7:6ac0a17bb8c9302606762e13 peer=16U*ZnjbG7 closed=false
[2026-10-03 08:32:27.331] [out] [delivery_module] DBG 2026-10-03 08:32:27.331+02:00 Event identified                           topics="waku node peer_manager" tid=169751 peerId=16U*ZnjbG7
[2026-10-03 08:32:27.331] [out] [delivery_module] DBG 2026-10-03 08:32:27.331+02:00 no listener registered                     tid=169752 event=onConnectionChange
[2026-10-03 08:32:27.331] [out] [delivery_module] DBG 2026-10-03 08:32:27.331+02:00 starting pubsub read loop                  topics="libp2p pubsubpeer" tid=169751 stream=16U*L35SBw:6ac0a17bb8c9302606762e15 peer=16U*L35SBw closed=false
[2026-10-03 08:32:27.331] [out] [delivery_module] DBG 2026-10-03 08:32:27.331+02:00 Event identified                           topics="waku node peer_manager" tid=169751 peerId=16U*L35SBw
[2026-10-03 08:32:27.331] [out] [delivery_module] DBG 2026-10-03 08:32:27.331+02:00 no listener registered                     tid=169752 event=onConnectionChange
[2026-10-03 08:32:27.331] [out] [delivery_module] DBG 2026-10-03 08:32:27.331+02:00 Received WakuMetadata request              topics="waku metadata" tid=169751 remoteClusterId=ok(42) remoteShards="[0]" localClusterId=42 localShards="[0]" peer=16U*ztmLkp
[2026-10-03 08:32:27.332] [out] [delivery_module] DBG 2026-10-03 08:32:27.332+02:00 Received WakuMetadata request              topics="waku metadata" tid=169751 remoteClusterId=ok(42) remoteShards="[0]" localClusterId=42 localShards="[0]" peer=16U*pUkJbj
[2026-10-03 08:32:27.332] [out] [delivery_module] DBG 2026-10-03 08:32:27.332+02:00 Received WakuMetadata request              topics="waku metadata" tid=169751 remoteClusterId=ok(42) remoteShards="[0]" localClusterId=42 localShards="[0]" peer=16U*ZnjbG7
[2026-10-03 08:32:27.332] [out] [delivery_module] DBG 2026-10-03 08:32:27.332+02:00 Received WakuMetadata request              topics="waku metadata" tid=169751 remoteClusterId=ok(42) remoteShards="[0]" localClusterId=42 localShards="[0]" peer=16U*L35SBw
[2026-10-03 08:32:27.332] [out] [delivery_module] DBG 2026-10-03 08:32:27.332+02:00 no listener registered                     tid=169752 event=onConnectionChange
[2026-10-03 08:32:27.332] [out] [delivery_module] DBG 2026-10-03 08:32:27.332+02:00 no listener registered                     tid=169752 event=onConnectionChange
[2026-10-03 08:32:27.333] [out] [delivery_module] DBG 2026-10-03 08:32:27.333+02:00 no listener registered                     tid=169752 event=onConnectionChange
[2026-10-03 08:32:27.333] [out] [delivery_module] DBG 2026-10-03 08:32:27.333+02:00 no listener registered                     tid=169752 event=onConnectionChange
[2026-10-03 08:32:27.333] [out] [delivery_module] DBG 2026-10-03 08:32:27.333+02:00 Finished dialing multiple peers            tid=169751 successfulConns=4 attempted=4
[2026-10-03 08:32:27.333] [out] [delivery_module] DBG 2026-10-03 08:32:27.333+02:00 Starting peer exchange loop                topics="waku node peerexchange api" tid=169751
[2026-10-03 08:32:27.333] [out] [delivery_module] DBG 2026-10-03 08:32:27.333+02:00 Retrieving peer info via peer exchange protocol topics="waku node peerexchange api" tid=169751 amount=5
[2026-10-03 08:32:27.333] [out] [delivery_module] DBG 2026-10-03 08:32:27.333+02:00 Peer exchange request could not be made as no peer exchange peers found topics="waku peer_exchange client" tid=169751
[2026-10-03 08:32:27.333] [out] [delivery_module] DBG 2026-10-03 08:32:27.333+02:00 Failed to retrieve peer info via peer exchange protocol topics="waku node peerexchange api" tid=169751 error="(status_code: SERVICE_UNAVAILABLE, status_desc: ok(peer_not_found_failure))"
[2026-10-03 08:32:27.334] [out] [delivery_module] DBG 2026-10-03 08:32:27.333+02:00 Cannot fetch peers from peer exchange      topics="waku node peerexchange api" tid=169751 cause="(status_code: SERVICE_UNAVAILABLE, status_desc: ok(peer_not_found_failure))"
[2026-10-03 08:32:27.334] [out] [delivery_module] INF 2026-10-03 08:32:27.334+02:00 Relay peer connections                     topics="waku node peer_manager" tid=169751 inRelayConns=0/50 outRelayConns=4/25 totalConnections=4/150 notConnectedPeers=0 outsideBackoffPeers=0
[2026-10-03 08:32:27.334] [out] [delivery_module] DBG 2026-10-03 08:32:27.334+02:00 ENR addresses updated                      topics="waku enr" tid=169751 retained=1 total=1
[2026-10-03 08:32:27.334] [out] [delivery_module] INF 2026-10-03 08:32:27.334+02:00 Node is online                             topics="waku online monitor" tid=169751
[2026-10-03 08:32:27.334] [out] [delivery_module] INF 2026-10-03 08:32:27.334+02:00 Health monitor loop start                  tid=169751
[2026-10-03 08:32:27.335] [out] [delivery_module] DBG 2026-10-03 08:32:27.335+02:00 calculateConnectionState                   tid=169751 relayCount=4 storeClientCount=0 lightpushCount=4 filterCount=0
[2026-10-03 08:32:27.335] [out] [delivery_module] DBG 2026-10-03 08:32:27.335+02:00 connectionStatus change                    tid=169751 oldstatus=Disconnected newstatus=Connected
[2026-10-03 08:32:27.335] [out] [delivery_module] INF 2026-10-03 08:32:27.335+02:00 starting keepalive                         tid=169751 randomPeersKeepalive=10s allPeersKeepalive=2m
[2026-10-03 08:32:27.339] [out] [delivery_module] WRN 2026-10-03 08:32:27.339+02:00 Messaging persistence disabled, could not open persistency job tid=169751 jobId=messaging reason="PersistencyError(peBackend: openBackend: open ~/Library/Application Support/Logos/LogosStandalone/module_data/delivery_module/5145dd8132c8/data/messaging.db failed: database is locked)"
[2026-10-03 08:32:27.425] [out] [delivery_module] DBG 2026-10-03 08:32:27.425+02:00 no listener registered                     tid=169752 event=onTopicHealthChange
[2026-10-03 08:32:27.437] [out] [delivery_module] DBG 2026-10-03 08:32:27.437+02:00 calculateConnectionState                   tid=169751 relayCount=4 storeClientCount=0 lightpushCount=4 filterCount=0
Loaded UI plugin: "/nix/store/3darymcfq7a6wq1fm1fv97x1ccbd7s30-logos-forum_module-plugin-dir"
[QmlInspector] Inspector server listening on port 3768
[QmlInspector] Client connected from "::ffff:127.0.0.1"
[2026-10-03 08:32:57.322] [out] [delivery_module] DBG 2026-10-03 08:32:57.322+02:00 Accepted an incoming connection            topics="libp2p switch" tid=169751 conn=:6ac0a199b8c9302606762e34
[2026-10-03 08:32:57.322] [out] [delivery_module] DBG 2026-10-03 08:32:57.322+02:00 About to accept incoming connection        topics="libp2p switch" tid=169751
[2026-10-03 08:32:57.324] [out] [delivery_module] DBG 2026-10-03 08:32:57.324+02:00 dialMe answer is reachable                 topics="libp2p autonatservice" tid=169751 peerId=16Uiu2HAmJsNRCijS4a2kvDz3a72PwKjinNjb8cPXE5Pj3wztmLkp
[2026-10-03 08:32:57.324] [out] [delivery_module] DBG 2026-10-03 08:32:57.324+02:00 Current status                             topics="libp2p autonatservice" tid=169751 currentStats=Unknown confidence=none() answers=[Reachable]
[2026-10-03 08:32:57.326] [out] [delivery_module] DBG 2026-10-03 08:32:57.326+02:00 Accepted an incoming connection            topics="libp2p switch" tid=169751 conn=:6ac0a199b8c9302606762e38
[2026-10-03 08:32:57.326] [out] [delivery_module] DBG 2026-10-03 08:32:57.326+02:00 About to accept incoming connection        topics="libp2p switch" tid=169751
[2026-10-03 08:32:57.327] [out] [delivery_module] DBG 2026-10-03 08:32:57.327+02:00 dialMe answer is reachable                 topics="libp2p autonatservice" tid=169751 peerId=16Uiu2HAkxU2cFsVBKAyFapVsMNv2ykQfjA4ttDFnUWCVvsZnjbG7
[2026-10-03 08:32:57.327] [out] [delivery_module] DBG 2026-10-03 08:32:57.327+02:00 Current status                             topics="libp2p autonatservice" tid=169751 currentStats=Unknown confidence=none() answers=[Reachable, Reachable]
[2026-10-03 08:32:57.329] [out] [delivery_module] DBG 2026-10-03 08:32:57.329+02:00 Accepted an incoming connection            topics="libp2p switch" tid=169751 conn=:6ac0a199b8c9302606762e3c
[2026-10-03 08:32:57.329] [out] [delivery_module] DBG 2026-10-03 08:32:57.329+02:00 About to accept incoming connection        topics="libp2p switch" tid=169751
[2026-10-03 08:32:57.331] [out] [delivery_module] DBG 2026-10-03 08:32:57.331+02:00 dialMe answer is reachable                 topics="libp2p autonatservice" tid=169751 peerId=16Uiu2HAm5kW6EUuZsCBnDpv7rSEC5tU752qtCt5s4vpCtqpUkJbj
[2026-10-03 08:32:57.331] [out] [delivery_module] DBG 2026-10-03 08:32:57.331+02:00 Current status                             topics="libp2p autonatservice" tid=169751 currentStats=Reachable confidence=ok(1.0) answers=[Reachable, Reachable, Reachable]
[2026-10-03 08:32:57.331] [out] [delivery_module] DBG 2026-10-03 08:32:57.331+02:00 Peer reachability status                   tid=169751 networkReachability=Reachable confidence=1.0
[2026-10-03 08:33:27.321] [out] [delivery_module] DBG 2026-10-03 08:33:27.321+02:00 Accepted an incoming connection            topics="libp2p switch" tid=169751 conn=:6ac0a1b7b8c9302606762e58
[2026-10-03 08:33:27.321] [out] [delivery_module] DBG 2026-10-03 08:33:27.321+02:00 About to accept incoming connection        topics="libp2p switch" tid=169751
[2026-10-03 08:33:27.323] [out] [delivery_module] DBG 2026-10-03 08:33:27.323+02:00 dialMe answer is reachable                 topics="libp2p autonatservice" tid=169751 peerId=16Uiu2HAm5kW6EUuZsCBnDpv7rSEC5tU752qtCt5s4vpCtqpUkJbj
[2026-10-03 08:33:27.323] [out] [delivery_module] DBG 2026-10-03 08:33:27.323+02:00 Current status                             topics="libp2p autonatservice" tid=169751 currentStats=Reachable confidence=ok(1.0) answers=[Reachable, Reachable, Reachable]
[2026-10-03 08:33:27.325] [out] [delivery_module] DBG 2026-10-03 08:33:27.325+02:00 Accepted an incoming connection            topics="libp2p switch" tid=169751 conn=:6ac0a1b7b8c9302606762e5c
[2026-10-03 08:33:27.325] [out] [delivery_module] DBG 2026-10-03 08:33:27.325+02:00 About to accept incoming connection        topics="libp2p switch" tid=169751
[2026-10-03 08:33:27.327] [out] [delivery_module] DBG 2026-10-03 08:33:27.327+02:00 dialMe answer is reachable                 topics="libp2p autonatservice" tid=169751 peerId=16Uiu2HAmSij6NcBva8owLh8qQytiBTzXd4WcFru61euxYAL35SBw
[2026-10-03 08:33:27.327] [out] [delivery_module] DBG 2026-10-03 08:33:27.327+02:00 Current status                             topics="libp2p autonatservice" tid=169751 currentStats=Reachable confidence=ok(1.0) answers=[Reachable, Reachable, Reachable]
[2026-10-03 08:33:27.328] [out] [delivery_module] DBG 2026-10-03 08:33:27.328+02:00 Accepted an incoming connection            topics="libp2p switch" tid=169751 conn=:6ac0a1b7b8c9302606762e60
[2026-10-03 08:33:27.328] [out] [delivery_module] DBG 2026-10-03 08:33:27.328+02:00 About to accept incoming connection        topics="libp2p switch" tid=169751
[2026-10-03 08:33:27.330] [out] [delivery_module] DBG 2026-10-03 08:33:27.330+02:00 dialMe answer is reachable                 topics="libp2p autonatservice" tid=169751 peerId=16Uiu2HAmJsNRCijS4a2kvDz3a72PwKjinNjb8cPXE5Pj3wztmLkp
[2026-10-03 08:33:27.330] [out] [delivery_module] DBG 2026-10-03 08:33:27.330+02:00 Current status                             topics="libp2p autonatservice" tid=169751 currentStats=Reachable confidence=ok(1.0) answers=[Reachable, Reachable, Reachable]
[2026-10-03 08:33:27.336] [out] [delivery_module] DBG 2026-10-03 08:33:27.336+02:00 Retrieving peer info via peer exchange protocol topics="waku node peerexchange api" tid=169751 amount=5
[2026-10-03 08:33:27.336] [out] [delivery_module] DBG 2026-10-03 08:33:27.336+02:00 Peer exchange request could not be made as no peer exchange peers found topics="waku peer_exchange client" tid=169751
[2026-10-03 08:33:27.336] [out] [delivery_module] DBG 2026-10-03 08:33:27.336+02:00 Failed to retrieve peer info via peer exchange protocol topics="waku node peerexchange api" tid=169751 error="(status_code: SERVICE_UNAVAILABLE, status_desc: ok(peer_not_found_failure))"
[2026-10-03 08:33:27.336] [out] [delivery_module] DBG 2026-10-03 08:33:27.336+02:00 Cannot fetch peers from peer exchange      topics="waku node peerexchange api" tid=169751 cause="(status_code: SERVICE_UNAVAILABLE, status_desc: ok(peer_not_found_failure))"
[2026-10-03 08:33:57.322] [out] [delivery_module] DBG 2026-10-03 08:33:57.322+02:00 Accepted an incoming connection            topics="libp2p switch" tid=169751 conn=:6ac0a1d5b8c9302606762e7b
[2026-10-03 08:33:57.323] [out] [delivery_module] DBG 2026-10-03 08:33:57.322+02:00 About to accept incoming connection        topics="libp2p switch" tid=169751
[2026-10-03 08:33:57.324] [out] [delivery_module] DBG 2026-10-03 08:33:57.324+02:00 dialMe answer is reachable                 topics="libp2p autonatservice" tid=169751 peerId=16Uiu2HAmJsNRCijS4a2kvDz3a72PwKjinNjb8cPXE5Pj3wztmLkp
[2026-10-03 08:33:57.324] [out] [delivery_module] DBG 2026-10-03 08:33:57.324+02:00 Current status                             topics="libp2p autonatservice" tid=169751 currentStats=Reachable confidence=ok(1.0) answers=[Reachable, Reachable, Reachable]
[2026-10-03 08:33:57.326] [out] [delivery_module] DBG 2026-10-03 08:33:57.326+02:00 Accepted an incoming connection            topics="libp2p switch" tid=169751 conn=:6ac0a1d5b8c9302606762e7f
[2026-10-03 08:33:57.326] [out] [delivery_module] DBG 2026-10-03 08:33:57.326+02:00 About to accept incoming connection        topics="libp2p switch" tid=169751
[2026-10-03 08:33:57.328] [out] [delivery_module] DBG 2026-10-03 08:33:57.328+02:00 dialMe answer is reachable                 topics="libp2p autonatservice" tid=169751 peerId=16Uiu2HAkxU2cFsVBKAyFapVsMNv2ykQfjA4ttDFnUWCVvsZnjbG7
[2026-10-03 08:33:57.328] [out] [delivery_module] DBG 2026-10-03 08:33:57.328+02:00 Current status                             topics="libp2p autonatservice" tid=169751 currentStats=Reachable confidence=ok(1.0) answers=[Reachable, Reachable, Reachable]
[2026-10-03 08:33:57.330] [out] [delivery_module] DBG 2026-10-03 08:33:57.330+02:00 Accepted an incoming connection            topics="libp2p switch" tid=169751 conn=:6ac0a1d5b8c9302606762e83
[2026-10-03 08:33:57.330] [out] [delivery_module] DBG 2026-10-03 08:33:57.330+02:00 About to accept incoming connection        topics="libp2p switch" tid=169751
[2026-10-03 08:33:57.332] [out] [delivery_module] DBG 2026-10-03 08:33:57.332+02:00 dialMe answer is reachable                 topics="libp2p autonatservice" tid=169751 peerId=16Uiu2HAm5kW6EUuZsCBnDpv7rSEC5tU752qtCt5s4vpCtqpUkJbj
[2026-10-03 08:33:57.332] [out] [delivery_module] DBG 2026-10-03 08:33:57.332+02:00 Current status                             topics="libp2p autonatservice" tid=169751 currentStats=Reachable confidence=ok(1.0) answers=[Reachable, Reachable, Reachable]
[QmlInspector] Client disconnected
