run-logos-standalone-ui: hot-reloading QML from <repo>/src/qml
  (export DEV_QML_PATH to override, or LOGOS_QML_HOT_RELOAD=0 to disable)
Session directory: "~/Library/Application Support/Logos/LogosStandalone"
[2026-10-10 15:09:13.201] [info] [logos] Granting host services to 'capability_module': token_registry,token_delivery
[2026-10-10 15:09:13.451] [out] [capability_module] [2026-10-10 15:09:13.444] [info] Granting host services to capability_module: ["token_registry","token_delivery"]
RemoteTransportConnection: Connecting to registry: "local:logos_capability_module_8ed8a59c5182" at "15:09:13.452"
RemoteTransportConnection: Registry connect attempt started (no peer contact yet): "local:logos_capability_module_8ed8a59c5182"
LogosAPIConsumer: Informing module token for module: "capability_module" with token: "redacted:c3f4e06f…"
RemoteTransportConnection: Requesting object: "capability_module" at "15:09:13.452"
[LogosObject] RemoteTransportConnection: returning RemoteLogosObject for: "capability_module"
[LogosObject] Created RemoteLogosObject wrapping QRemoteObjectReplica 105553119030784
[LogosObject] LogosAPIConsumer: calling LogosObject::informModuleToken for "capability_module"
LogosAPIConsumer: informModuleToken completed with result: true
[LogosObject] Destroying RemoteLogosObject 0
[2026-10-10 15:09:13.784] [info] [logos] Module loaded: capability_module
LogosAPIConsumer: Informing module token for module: "modules_state" with token: "redacted:bc223c9d…"
RemoteTransportConnection: Requesting object: "capability_module" at "15:09:13.979"
[LogosObject] RemoteTransportConnection: returning RemoteLogosObject for: "capability_module"
[LogosObject] Created RemoteLogosObject wrapping QRemoteObjectReplica 105553119354592
[LogosObject] LogosAPIConsumer: calling LogosObject::informModuleToken for "modules_state"
LogosAPIConsumer: informModuleToken completed with result: true
[LogosObject] Destroying RemoteLogosObject 0
[2026-10-10 15:09:13.981] [info] [logos] Module loaded: modules_state
RemoteTransportConnection: Connecting to registry: "local:logos_modules_state_8ed8a59c5182" at "15:09:13.981"
RemoteTransportConnection: Registry connect attempt started (no peer contact yet): "local:logos_modules_state_8ed8a59c5182"
RemoteTransportConnection: Connecting to registry: "local:logos_capability_module_8ed8a59c5182" at "15:09:13.981"
RemoteTransportConnection: Registry connect attempt started (no peer contact yet): "local:logos_capability_module_8ed8a59c5182"
LogosAPIConsumer: '"modules_state"::""' deferred pending the module becoming reachable
LogosAPIConsumer: '"modules_state"::""' deferred pending the module becoming reachable
Logos Core started (modules dir: "/nix/store/gxna1vv93drk0r01vph163c8q3dw4ng4-logos-forum_module-plugin-dir-modules" )
Set app icon from metadata: "/nix/store/h59z783ls34w3ah4nbkxka51ra4xpv9s-logos-forum_module-plugin-dir/src/icons/icon.png"
[2026-10-10 15:09:14.325] [info] [logos] [delivery_module] DeliveryModuleImpl: Initializing...
LogosAPIConsumer: Informing module token for module: "delivery_module" with token: "redacted:c1f5bd67…"
RemoteTransportConnection: Requesting object: "capability_module" at "15:09:14.326"
[LogosObject] RemoteTransportConnection: returning RemoteLogosObject for: "capability_module"
[LogosObject] Created RemoteLogosObject wrapping QRemoteObjectReplica 105553118938912
[LogosObject] LogosAPIConsumer: calling LogosObject::informModuleToken for "delivery_module"
LogosAPIConsumer: informModuleToken completed with result: true
[LogosObject] Destroying RemoteLogosObject 0
[2026-10-10 15:09:14.328] [info] [logos] Module loaded: delivery_module
RemoteTransportConnection: Connecting to registry: "local:logos_delivery_module_8ed8a59c5182" at "15:09:14.328"
RemoteTransportConnection: Registry connect attempt started (no peer contact yet): "local:logos_delivery_module_8ed8a59c5182"
RemoteTransportConnection: Connecting to registry: "local:logos_capability_module_8ed8a59c5182" at "15:09:14.328"
RemoteTransportConnection: Registry connect attempt started (no peer contact yet): "local:logos_capability_module_8ed8a59c5182"
LogosAPIConsumer: '"delivery_module"::""' deferred pending the module becoming reachable
LogosAPIClient: getToken for module: "modules_state"
LogosAPIClient: Found token for module: "modules_state"
RemoteTransportConnection: Requesting object: "modules_state" at "15:09:14.328"
[LogosObject] RemoteTransportConnection: returning RemoteLogosObject for: "modules_state"
[LogosObject] Created RemoteLogosObject wrapping QRemoteObjectReplica 105553118940992
[LogosObject] LogosAPIConsumer: async calling via LogosObject::callMethodAsync "note_transition"
[LogosObject] RemoteLogosObject::callMethodAsync "note_transition" args: 7
LogosAPIClient: getToken for module: "modules_state"
LogosAPIClient: Found token for module: "modules_state"
[LogosObject] LogosAPIConsumer: async calling via LogosObject::callMethodAsync "note_transition"
[LogosObject] RemoteLogosObject::callMethodAsync "note_transition" args: 7
Loaded dependency (with transitive deps): "delivery_module"
[2026-10-10 15:09:14.446] [info] [logos] [storage_module] StorageModuleImpl: Initializing...
LogosAPIConsumer: Informing module token for module: "storage_module" with token: "redacted:c3968bb0…"
RemoteTransportConnection: Requesting object: "capability_module" at "15:09:14.449"
[LogosObject] Created RemoteLogosObject wrapping QRemoteObjectReplica 105553118911936
LogosAPIClient: invoking remote method "modules_state" "apply_snapshot" args_count: 1
LogosAPIClient: getToken for module: "modules_state"
LogosAPIClient: Found token for module: "modules_state"
LogosAPIConsumer: Calling invokeRemoteMethod: "modules_state" "apply_snapshot" args_count: 1 timeout: 20000
[LogosObject] LogosAPIConsumer: calling via LogosObject::callMethod "apply_snapshot"
[LogosObject] RemoteLogosObject::callMethod "apply_snapshot" args: 1
[LogosObject] Created RemoteLogosObject wrapping QRemoteObjectReplica 105553118940736
LogosAPIClient: getToken for module: "modules_state"
LogosAPIClient: Found token for module: "modules_state"
[LogosObject] LogosAPIConsumer: async calling via LogosObject::callMethodAsync "note_transition"
[LogosObject] RemoteLogosObject::callMethodAsync "note_transition" args: 7
LogosAPIClient: getToken for module: "modules_state"
LogosAPIClient: Found token for module: "modules_state"
[LogosObject] LogosAPIConsumer: async calling via LogosObject::callMethodAsync "note_transition"
[LogosObject] RemoteLogosObject::callMethodAsync "note_transition" args: 7
[2026-10-10 15:09:14.451] [info] [logos] Pushed module snapshot to modules_state
LogosAPIClient: getToken for module: "modules_state"
LogosAPIClient: Found token for module: "modules_state"
[LogosObject] LogosAPIConsumer: async calling via LogosObject::callMethodAsync "note_transition"
[LogosObject] RemoteLogosObject::callMethodAsync "note_transition" args: 7
[LogosObject] RemoteTransportConnection: returning RemoteLogosObject for: "capability_module"
[LogosObject] Created RemoteLogosObject wrapping QRemoteObjectReplica 105553118941056
[LogosObject] LogosAPIConsumer: calling LogosObject::informModuleToken for "storage_module"
LogosAPIConsumer: informModuleToken completed with result: true
[LogosObject] Destroying RemoteLogosObject 0
[2026-10-10 15:09:14.451] [info] [logos] Module loaded: storage_module
RemoteTransportConnection: Connecting to registry: "local:logos_storage_module_8ed8a59c5182" at "15:09:14.452"
RemoteTransportConnection: Registry connect attempt started (no peer contact yet): "local:logos_storage_module_8ed8a59c5182"
RemoteTransportConnection: Connecting to registry: "local:logos_capability_module_8ed8a59c5182" at "15:09:14.452"
RemoteTransportConnection: Registry connect attempt started (no peer contact yet): "local:logos_capability_module_8ed8a59c5182"
LogosAPIConsumer: '"storage_module"::""' deferred pending the module becoming reachable
LogosAPIClient: getToken for module: "modules_state"
LogosAPIClient: Found token for module: "modules_state"
[LogosObject] LogosAPIConsumer: async calling via LogosObject::callMethodAsync "note_transition"
[LogosObject] RemoteLogosObject::callMethodAsync "note_transition" args: 7
Loaded dependency (with transitive deps): "storage_module"
DEV_QML_PATH override active: <repo>/src/qml/Main.qml
RemoteTransportConnection: Connecting to registry: "local:logos_capability_module_8ed8a59c5182" at "15:09:14.452"
RemoteTransportConnection: Registry connect attempt started (no peer contact yet): "local:logos_capability_module_8ed8a59c5182"
LogosAPIConsumer: Informing module token for module: "forum_module" with token: "redacted:7528d67d…"
RemoteTransportConnection: Requesting object: "capability_module" at "15:09:14.452"
[LogosObject] RemoteTransportConnection: returning RemoteLogosObject for: "capability_module"
[LogosObject] Created RemoteLogosObject wrapping QRemoteObjectReplica 105553119364768
[LogosObject] LogosAPIConsumer: calling LogosObject::informModuleToken for "forum_module"
[LogosObject] Created RemoteLogosObject wrapping QRemoteObjectReplica 105553119365952
LogosAPIClient: getToken for module: "modules_state"
LogosAPIClient: Found token for module: "modules_state"
[LogosObject] LogosAPIConsumer: async calling via LogosObject::callMethodAsync "note_transition"
[LogosObject] RemoteLogosObject::callMethodAsync "note_transition" args: 7
LogosAPIConsumer: informModuleToken completed with result: true
[LogosObject] Destroying RemoteLogosObject 0
qt.qpa.fonts: Populating font family aliases took 222 ms. Replace uses of missing font family "Public Sans" with one that exists to avoid this cost. 
Loaded UI plugin: "/nix/store/h59z783ls34w3ah4nbkxka51ra4xpv9s-logos-forum_module-plugin-dir"
[QmlInspector] Inspector server listening on port 3768
[QmlInspector] Client connected from "::1"
[2026-10-10 15:09:21.551] [warning] [logos] [capability_module] Warning: QObject::connect: No such signal ::eventResponse(QString,QVariantList)
[2026-10-10 15:09:21.551] [info] [logos] [delivery_module] DeliveryModuleImpl::getNodeInfo called with nodeInfoId: MyPeerId
[2026-10-10 15:09:21.551] [info] [logos] [delivery_module] DeliveryModuleImpl: Cannot get node info - context not initialized. Call createNode first.
[2026-10-10 15:09:21.551] [info] [logos] [delivery_module] DeliveryModuleImpl::createNode called
[2026-10-10 15:09:21.561] [info] [logos] [delivery_module] DeliveryModuleImpl: Waiting for createNode callback...
[2026-10-10 15:09:21.562] [out] [delivery_module] DBG 2026-10-10 15:09:21.562+02:00 Whether to mount storeSync is not specified, defaulting to not mounting topics="waku conf builder" tid=19251593
[2026-10-10 15:09:21.563] [out] [delivery_module] NTC 2026-10-10 15:09:21.562+02:00 No node key provided, generated a new one; identity will not persist across restarts topics="waku conf builder" tid=19251593
[2026-10-10 15:09:21.563] [out] [delivery_module] INF 2026-10-10 15:09:21.562+02:00 Sharding configuration:                    topics="waku conf builder" tid=19251593 shardingConf="(kind: AutoSharding, numShardsInCluster: 8)" subscribeShards="@[0, 1, 2, 3, 4, 5, 6, 7]"
[2026-10-10 15:09:21.563] [out] [delivery_module] WRN 2026-10-10 15:09:21.563+02:00 configuration flag ignored                 topics="waku cli args" tid=19251593 detail="--websocket-port is ignored: --websocket-support is not enabled"
[2026-10-10 15:09:21.564] [out] [delivery_module] INF 2026-10-10 15:09:21.563+02:00 Configuration: Enabled protocols           topics="waku conf" tid=19251593 relay=true rlnRelay=false store=false filter=true lightPush=true peerExchange=true rendezvous=true
[2026-10-10 15:09:21.564] [out] [delivery_module] INF 2026-10-10 15:09:21.563+02:00 Configuration. Network                     topics="waku conf" tid=19251593 cluster=3
[2026-10-10 15:09:21.564] [out] [delivery_module] DBG 2026-10-10 15:09:21.563+02:00 Configuration. Active Relay Shards         topics="waku conf" tid=19251593 shard=0
[2026-10-10 15:09:21.564] [out] [delivery_module] DBG 2026-10-10 15:09:21.563+02:00 Configuration. Active Relay Shards         topics="waku conf" tid=19251593 shard=1
[2026-10-10 15:09:21.564] [out] [delivery_module] DBG 2026-10-10 15:09:21.563+02:00 Configuration. Active Relay Shards         topics="waku conf" tid=19251593 shard=2
[2026-10-10 15:09:21.564] [out] [delivery_module] DBG 2026-10-10 15:09:21.563+02:00 Configuration. Active Relay Shards         topics="waku conf" tid=19251593 shard=3
[2026-10-10 15:09:21.564] [out] [delivery_module] DBG 2026-10-10 15:09:21.563+02:00 Configuration. Active Relay Shards         topics="waku conf" tid=19251593 shard=4
[2026-10-10 15:09:21.564] [out] [delivery_module] DBG 2026-10-10 15:09:21.563+02:00 Configuration. Active Relay Shards         topics="waku conf" tid=19251593 shard=5
[2026-10-10 15:09:21.564] [out] [delivery_module] DBG 2026-10-10 15:09:21.564+02:00 Configuration. Active Relay Shards         topics="waku conf" tid=19251593 shard=6
[2026-10-10 15:09:21.564] [out] [delivery_module] DBG 2026-10-10 15:09:21.564+02:00 Configuration. Active Relay Shards         topics="waku conf" tid=19251593 shard=7
[2026-10-10 15:09:21.564] [out] [delivery_module] INF 2026-10-10 15:09:21.564+02:00 Setting up storage                         tid=19251593
[2026-10-10 15:09:21.564] [out] [delivery_module] INF 2026-10-10 15:09:21.564+02:00 Initializing node                          tid=19251593
[2026-10-10 15:09:21.565] [out] [delivery_module] INF 2026-10-10 15:09:21.565+02:00 Setting up NATService                      topics="libp2p natservice" tid=19251593 portMapping=true reachability=false holePunching=false
[2026-10-10 15:09:21.565] [out] [delivery_module] INF 2026-10-10 15:09:21.565+02:00 Initializing networking                    tid=19251593 addrs="@[/ip4/0.0.0.0/tcp/0, /ip4/0.0.0.0/udp/0/quic-v1]"
[2026-10-10 15:09:21.565] [out] [delivery_module] INF 2026-10-10 15:09:21.565+02:00 Mounting protocols                         tid=19251593
[2026-10-10 15:09:21.565] [out] [delivery_module] INF 2026-10-10 15:09:21.565+02:00 Created WakuMetadata protocol              topics="waku node" tid=19251593 clusterId=3 shards="[0, 1, 2, 3, 4, 5, 6, 7]"
[2026-10-10 15:09:21.565] [out] [delivery_module] INF 2026-10-10 15:09:21.565+02:00 Mounting mix protocol                      topics="waku node" tid=19251593INF 2026-10-10 15:09:21.565+02:00 node info                                  topics="waku node" tid=19251593 wakuInfo="(listenAddresses: [/ip4/0.0.0.0/tcp/0/p2p/16Uiu2HAmVfTJLvFx1TDN2nRMJV4gc9xATd7PhmA3mD65AXGas9Zu, /ip4/0.0.0.0/udp/0/quic-v1/p2p/16Uiu2HAmVfTJLvFx1TDN2nRMJV4gc9xATd7PhmA3mD65AXGas9Zu], enrUri: enr:-JO4QI0gizuJ0LLEM79RUOv2VCPkOKIG7wVUyXZrQpq1mLe0M0sliEUDrIH5YYX3u0YuInk0Kqb7kXA3EBXm-FrILBYBgmlkgnY0gnJzkwADCAAAAAEAAgADAAQABQAGAAeJc2VjcDI1NmsxoQP8tSY52-HfpUzo4c_ZQm6xeDyzTwRB1r-i1RJ1PV9v1IV3YWt1Mi0, mixPubKey: none())"
[2026-10-10 15:09:21.565] [out] [delivery_module]  nodeId="(listenAddresses: [/ip4/0.0.0.0/tcp/0/p2p/16Uiu2HAmVfTJLvFx1TDN2nRMJV4gc9xATd7PhmA3mD65AXGas9Zu, /ip4/0.0.0.0/udp/0/quic-v1/p2p/16Uiu2HAmVfTJLvFx1TDN2nRMJV4gc9xATd7PhmA3mD65AXGas9Zu], enrUri: enr:-JO4QI0gizuJ0LLEM79RUOv2VCPkOKIG7wVUyXZrQpq1mLe0M0sliEUDrIH5YYX3u0YuInk0Kqb7kXA3EBXm-FrILBYBgmlkgnY0gnJzkwADCAAAAAEAAgADAAQABQAGAAeJc2VjcDI1NmsxoQP8tSY52-HfpUzo4c_ZQm6xeDyzTwRB1r-i1RJ1PV9v1IV3YWt1Mi0, mixPubKey: none())"
[2026-10-10 15:09:21.565] [out] [delivery_module] INF 2026-10-10 15:09:21.565+02:00 local addr                                 topics="waku node" tid=19251593 localaddr=/ip4/0.0.0.0/tcp/0
[2026-10-10 15:09:21.565] [out] [delivery_module] INF 2026-10-10 15:09:21.565+02:00 mixPubKey                                  topics="waku node" tid=19251593 mixPubKey="[251, 205, 216, 170, 14, 106, 131, 1, 182, 159, 151, 13, 37, 63, 63, 133, 225, 41, 17, 85, 250, 191, 130, 199, 242, 2, 159, 85, 156, 134, 158, 58]"
[2026-10-10 15:09:21.565] [out] [delivery_module] INF 2026-10-10 15:09:21.565+02:00 Using mix bootstrap nodes                  topics="waku mix" tid=19251593 entries=0 poolSize=0
[2026-10-10 15:09:21.565] [out] [delivery_module] INF 2026-10-10 15:09:21.565+02:00 Mix cannot publish yet, waiting for more mix nodes topics="waku node" tid=19251593 poolSize=0 required=4
[2026-10-10 15:09:21.567] [out] [delivery_module] INF 2026-10-10 15:09:21.567+02:00 mounting store client                      topics="waku node store api" tid=19251593
[2026-10-10 15:09:21.567] [out] [delivery_module] INF 2026-10-10 15:09:21.567+02:00 Mounting auto sharding                     topics="waku node" tid=19251593 clusterId=3 shardCount=8
[2026-10-10 15:09:21.567] [out] [delivery_module] DBG 2026-10-10 15:09:21.567+02:00 Setting max message size                   tid=19251593 num_bytes=153600
[2026-10-10 15:09:21.567] [out] [delivery_module] INF 2026-10-10 15:09:21.567+02:00 mounting relay protocol                    topics="waku node relay api" tid=19251593
[2026-10-10 15:09:21.567] [out] [delivery_module] DBG 2026-10-10 15:09:21.567+02:00 relay mounted successfully                 topics="waku node relay api" tid=19251593
[2026-10-10 15:09:21.567] [out] [delivery_module] DBG 2026-10-10 15:09:21.567+02:00 Adding validator to signed shards          tid=19251593 protectedShards=[] clusterId=3
[2026-10-10 15:09:21.567] [out] [delivery_module] INF 2026-10-10 15:09:21.567+02:00 Mounting rendezvous discovery protocol     topics="waku node" tid=19251593
[2026-10-10 15:09:21.567] [out] [delivery_module] INF 2026-10-10 15:09:21.567+02:00 Waku rendezvous initialized                topics="waku node" tid=19251593 clusterId=3 shards="[0, 1, 2, 3, 4, 5, 6, 7]" capabilities="[Relay, Filter, Lightpush, Mix]" wakuPeerRecord="(peerId: 16Uiu2...Gas9Zu, seqNo: 1791637761, addresses: [/ip4/0.0.0.0/tcp/0, /ip4/0.0.0.0/udp/0/quic-v1], mixKey: 0xfbcdd8aa0e6a8301b69f970d253f3f85e1291155fabf82c7f2029f559c869e3a)"
[2026-10-10 15:09:21.567] [out] [delivery_module] INF 2026-10-10 15:09:21.567+02:00 Mounting rendezvous client                 topics="waku node" tid=19251593
[2026-10-10 15:09:21.568] [out] [delivery_module] INF 2026-10-10 15:09:21.568+02:00 Waku rendezvous client initialized         topics="waku node" tid=19251593 clusterId=3
[2026-10-10 15:09:21.568] [out] [delivery_module] INF 2026-10-10 15:09:21.568+02:00 mounting libp2p ping protocol              topics="waku node ping api" tid=19251593
[2026-10-10 15:09:21.568] [out] [delivery_module] INF 2026-10-10 15:09:21.568+02:00 No RLN backend configured; RLN is off      tid=19251593
[2026-10-10 15:09:21.568] [out] [delivery_module] INF 2026-10-10 15:09:21.568+02:00 mounting light push                        topics="waku node lightpush api" tid=19251593
[2026-10-10 15:09:21.568] [out] [delivery_module] INF 2026-10-10 15:09:21.568+02:00 mounting lightpush with relay              topics="waku node lightpush api" tid=19251593
[2026-10-10 15:09:21.568] [out] [delivery_module] DBG 2026-10-10 15:09:21.568+02:00 lightpush mounted successfully             topics="waku node lightpush api" tid=19251593
[2026-10-10 15:09:21.568] [out] [delivery_module] INF 2026-10-10 15:09:21.568+02:00 mounting legacy light push                 topics="waku node lightpush api" tid=19251593
[2026-10-10 15:09:21.568] [out] [delivery_module] INF 2026-10-10 15:09:21.568+02:00 mounting legacy lightpush with relay       topics="waku node lightpush api" tid=19251593
[2026-10-10 15:09:21.568] [out] [delivery_module] DBG 2026-10-10 15:09:21.568+02:00 legacy lightpush mounted successfully      topics="waku node lightpush api" tid=19251593
[2026-10-10 15:09:21.568] [out] [delivery_module] INF 2026-10-10 15:09:21.568+02:00 mounting light push client                 topics="waku node lightpush api" tid=19251593
[2026-10-10 15:09:21.568] [out] [delivery_module] INF 2026-10-10 15:09:21.568+02:00 mounting legacy light push client          topics="waku node lightpush api" tid=19251593
[2026-10-10 15:09:21.568] [out] [delivery_module] INF 2026-10-10 15:09:21.568+02:00 mounting filter protocol                   topics="waku node filter api" tid=19251593
[2026-10-10 15:09:21.568] [out] [delivery_module] INF 2026-10-10 15:09:21.568+02:00 Starting filter protocol                   topics="waku filter" tid=19251593
[2026-10-10 15:09:21.568] [out] [delivery_module] DBG 2026-10-10 15:09:21.568+02:00 Starting to maintain subscriptions         topics="waku filter" tid=19251593
[2026-10-10 15:09:21.568] [out] [delivery_module] DBG 2026-10-10 15:09:21.568+02:00 Maintaining subscriptions                  topics="waku filter" tid=19251593
[2026-10-10 15:09:21.568] [out] [delivery_module] DBG 2026-10-10 15:09:21.568+02:00 Cleanup                                    topics="waku filter subscriptions" tid=19251593 currentPeerIds=[]
[2026-10-10 15:09:21.568] [out] [delivery_module] DBG 2026-10-10 15:09:21.568+02:00 After cleanup                              topics="waku filter subscriptions" tid=19251593 currentPeerIds=[]
[2026-10-10 15:09:21.568] [out] [delivery_module] INF 2026-10-10 15:09:21.568+02:00 mounting filter client                     topics="waku node filter api" tid=19251593
[2026-10-10 15:09:21.568] [out] [delivery_module] INF 2026-10-10 15:09:21.568+02:00 mounting waku peer exchange                topics="waku node peerexchange api" tid=19251593
[2026-10-10 15:09:21.568] [out] [delivery_module] INF 2026-10-10 15:09:21.568+02:00 mounting waku peer exchange client         topics="waku node peerexchange api" tid=19251593
[2026-10-10 15:09:21.568] [out] [delivery_module] INF 2026-10-10 15:09:21.568+02:00 No external callbacks to be set            topics="wakunode waku" tid=19251593
[2026-10-10 15:09:21.568] [out] [delivery_module] INF 2026-10-10 15:09:21.568+02:00 Setting up AutonatService                  topics="libp2p autonatservice" tid=19251593
[2026-10-10 15:09:21.568] [out] [delivery_module] INF 2026-10-10 15:09:21.568+02:00 Messaging API settings                     topics="logosdelivery" tid=19251593 reliability=true anonymityLevel=Required rateLimitEnabled=false rateLimitEpochPeriodSec=600 rateLimitMessagesPerEpoch=1 maxParkedAgeSec=1800 sendQueueCapacity=1000 backfillEnabled=true backfillRequestTimeout=10s
[2026-10-10 15:09:21.568] [info] [logos] [delivery_module] DeliveryModuleImpl::createNode callback called with ret: 0
[2026-10-10 15:09:21.569] [info] [logos] [delivery_module] DeliveryModuleImpl: Delivery context created successfully
[2026-10-10 15:09:21.569] [info] [logos] [delivery_module] DeliveryModuleImpl::start called
[2026-10-10 15:09:21.570] [out] [delivery_module] INF 2026-10-10 15:09:21.570+02:00 Retrieve dynamic bootstrap nodes           topics="wakunode waku" tid=19251593
[2026-10-10 15:09:21.570] [out] [delivery_module] INF 2026-10-10 15:09:21.570+02:00 Running nwaku node                         tid=19251593 version=v0.39.0-g3a478e
[2026-10-10 15:09:21.570] [out] [delivery_module] INF 2026-10-10 15:09:21.570+02:00 Starting Waku node                         topics="waku node" tid=19251593 version=v0.39.0-g3a478e
[2026-10-10 15:09:21.570] [out] [delivery_module] DBG 2026-10-10 15:09:21.570+02:00 Waku rendezvous periodic requests started  topics="waku rendezvous client" tid=19251593 interval=10s
[2026-10-10 15:09:21.570] [out] [delivery_module] INF 2026-10-10 15:09:21.570+02:00 Waku rendezvous client started             topics="waku rendezvous client" tid=19251593
[2026-10-10 15:09:21.570] [info] [logos] [delivery_module] DeliveryModuleImpl::getNodeInfo called with nodeInfoId: MyPeerId
[2026-10-10 15:09:21.570] [out] [delivery_module] INF 2026-10-10 15:09:21.570+02:00 Starting switch for peer                   topics="libp2p switch" tid=19251593 peerInfo="(peerId: 16Uiu2HAmVfTJLvFx1TDN2nRMJV4gc9xATd7PhmA3mD65AXGas9Zu, listenAddrs: [/ip4/0.0.0.0/tcp/0, /ip4/0.0.0.0/udp/0/quic-v1], addrs: [], protocols: [/ipfs/id/1.0.0, /libp2p/autonat/1.0.0, /libp2p/circuit/relay/0.2.0/hop, /vac/waku/metadata/1.0.0, /mix/1.0.0, /logos/service-discovery/1.0.0, /vac/waku/relay/2.0.0, /vac/waku/rendezvous/1.0.0, /ipfs/ping/1.0.0, /vac/waku/lightpush/3.0.0, /vac/waku/lightpush/2.0.0-beta1, /vac/waku/filter-subscribe/2.0.0-beta1, /vac/waku/filter-push/2.0.0-beta1, /vac/waku/peer-exchange/2.0.0-alpha1], protoVersion: ipfs/0.1.0, agentVersion: logos-delivery-v0.39.0-g3a478e)"
[2026-10-10 15:09:21.570] [out] [delivery_module] INF 2026-10-10 15:09:21.570+02:00 Starting NATService                        topics="libp2p natservice" tid=19251593
[2026-10-10 15:09:21.570] [out] [delivery_module] INF 2026-10-10 15:09:21.570+02:00 Running AutonatService                     topics="libp2p autonatservice" tid=19251593
[2026-10-10 15:09:21.572] [out] [delivery_module] DBG 2026-10-10 15:09:21.572+02:00 No private listen addresses to map; releasing any prior mappings topics="libp2p natservice" tid=19251593
[2026-10-10 15:09:21.572] [out] [delivery_module] INF 2026-10-10 15:09:21.572+02:00 Starting TCP transport                     topics="libp2p tcptransport" tid=19251593
[2026-10-10 15:09:21.572] [out] [delivery_module] INF 2026-10-10 15:09:21.572+02:00 Transport starting                         topics="libp2p transport" tid=19251593 addresses=[/ip4/0.0.0.0/tcp/52205]
[2026-10-10 15:09:21.576] [out] [delivery_module] DBG 2026-10-10 15:09:21.576+02:00 Configured QUIC UDP receive buffer         tid=19251593 requestedBytes=8388608 effectiveBytes=8388608
[2026-10-10 15:09:21.577] [out] [delivery_module] INF 2026-10-10 15:09:21.577+02:00 Transport starting                         topics="libp2p transport" tid=19251593 addresses=[/ip4/0.0.0.0/udp/58926/quic-v1]
[2026-10-10 15:09:21.577] [out] [delivery_module] DBG 2026-10-10 15:09:21.577+02:00 Transport connection acceptance started    topics="libp2p switch" tid=19251593
[2026-10-10 15:09:21.577] [out] [delivery_module] DBG 2026-10-10 15:09:21.577+02:00 Transport connection acceptance started    topics="libp2p switch" tid=19251593
[2026-10-10 15:09:21.583] [info] [logos] [delivery_module] DeliveryModuleImpl::subscribe called with contentTopic: /lp0026forum/1/general/text
[2026-10-10 15:09:21.583] [out] [delivery_module] DBG 2026-10-10 15:09:21.583+02:00 Subscribing to pubsub topic                topics="waku relay" tid=19251593 pubsubTopic=/waku/2/rs/3/7
[2026-10-10 15:09:21.583] [info] [logos] [delivery_module] DeliveryModuleImpl: Subscribe completed for topic: /lp0026forum/1/general/text with success
[2026-10-10 15:09:21.618] [out] [delivery_module] INF 2026-10-10 15:09:21.618+02:00 Using mix bootstrap nodes                  topics="waku mix" tid=19251593 entries=1 poolSize=1
[2026-10-10 15:09:21.628] [out] [delivery_module] INF 2026-10-10 15:09:21.628+02:00 Using mix bootstrap nodes                  topics="waku mix" tid=19251593 entries=1 poolSize=2
[2026-10-10 15:09:21.629] [out] [delivery_module] INF 2026-10-10 15:09:21.629+02:00 Using mix bootstrap nodes                  topics="waku mix" tid=19251593 entries=1 poolSize=3
[2026-10-10 15:09:21.633] [out] [delivery_module] INF 2026-10-10 15:09:21.633+02:00 Using mix bootstrap nodes                  topics="waku mix" tid=19251593 entries=1 poolSize=4
[2026-10-10 15:09:21.633] [out] [delivery_module] INF 2026-10-10 15:09:21.633+02:00 Using mix bootstrap nodes                  topics="waku mix" tid=19251593 entries=1 poolSize=5
[2026-10-10 15:09:21.642] [out] [delivery_module] INF 2026-10-10 15:09:21.642+02:00 Using mix bootstrap nodes                  topics="waku mix" tid=19251593 entries=1 poolSize=6
[2026-10-10 15:09:23.582] [out] [delivery_module] WRN 2026-10-10 15:09:23.582+02:00 NAT port mapping failed                    topics="libp2p natservice" tid=19251593 port=52205 protocol=mpTcp err="plum: mapping 0 failed"
[2026-10-10 15:09:25.590] [out] [delivery_module] WRN 2026-10-10 15:09:25.589+02:00 NAT port mapping failed                    topics="libp2p natservice" tid=19251593 port=58926 protocol=mpUdp err="plum: mapping 0 failed"
[2026-10-10 15:09:25.593] [out] [delivery_module] INF 2026-10-10 15:09:25.592+02:00 Mix self hop set                           topics="waku node" tid=19251593 hop=/ip4/172.20.10.14/tcp/52205 before=/ip4/0.0.0.0/tcp/0
[2026-10-10 15:09:25.593] [out] [delivery_module] DBG 2026-10-10 15:09:25.592+02:00 ENR addresses updated                      topics="waku enr" tid=19251593 retained=0 total=0
[2026-10-10 15:09:25.594] [out] [delivery_module] DBG 2026-10-10 15:09:25.594+02:00 Peer dial started                          topics="libp2p dialer" tid=19251593 peerId=16Uiu2...kGyuEP addresses="[/ip4/47.242.130.189/tcp/30303, /dns4/delivery-01.ac-cn-hongkong-c.logos.dev.status.im/tcp/30303]"
[2026-10-10 15:09:25.595] [out] [delivery_module] DBG 2026-10-10 15:09:25.595+02:00 Peer dial started                          topics="libp2p dialer" tid=19251593 peerId=16Uiu2...T3UNSE addresses="[/ip4/43.99.103.10/tcp/30303, /dns4/delivery-02.ac-cn-hongkong-c.logos.dev.status.im/tcp/30303]"
[2026-10-10 15:09:25.596] [out] [delivery_module] DBG 2026-10-10 15:09:25.596+02:00 Peer dial started                          topics="libp2p dialer" tid=19251593 peerId=16Uiu2...P1S397 addresses="[/ip4/136.119.156.87/tcp/30303, /dns4/delivery-01.gc-us-central1-a.logos.dev.status.im/tcp/30303]"
[2026-10-10 15:09:25.599] [out] [delivery_module] DBG 2026-10-10 15:09:25.598+02:00 Peer dial started                          topics="libp2p dialer" tid=19251593 peerId=16Uiu2...VpJprH addresses="[/ip4/174.138.106.244/tcp/30303, /dns4/delivery-02.do-ams3.logos.dev.status.im/tcp/30303]"
[2026-10-10 15:09:25.600] [out] [delivery_module] DBG 2026-10-10 15:09:25.600+02:00 Peer dial started                          topics="libp2p dialer" tid=19251593 peerId=16Uiu2...TwqBiH addresses="[/ip4/34.123.201.25/tcp/30303, /dns4/delivery-02.gc-us-central1-a.logos.dev.status.im/tcp/30303]"
[2026-10-10 15:09:25.601] [out] [delivery_module] DBG 2026-10-10 15:09:25.601+02:00 Peer dial started                          topics="libp2p dialer" tid=19251593 peerId=16Uiu2...NSkuby addresses="[/ip4/138.68.122.137/tcp/30303, /dns4/delivery-01.do-ams3.logos.dev.status.im/tcp/30303]"
[2026-10-10 15:09:25.602] [out] [delivery_module] INF 2026-10-10 15:09:25.602+02:00 Kademlia DHT started                       topics="kad-dht" tid=19251593
[2026-10-10 15:09:25.602] [out] [delivery_module] DBG 2026-10-10 15:09:25.602+02:00 Publishing Signed XPR                      topics="service-discovery" tid=19251593 xpr="(envelope: (publicKey: secp256k1 key (04fcb52639dbe1dfa54ce8e1cfd9426eb1783cb34f0441d6bfa2d512753d5f6fd4426dd1d9ad6df26f4483a03dcaf3f02449d85225c1d81926f3bc5c8a03a3e089), payloadType: @[3, 1], payload: @[10, 39, 0, 37, 8, 2, 18, 33, 3, 252, 181, 38, 57, 219, 225, 223, 165, 76, 232, 225, 207, 217, 66, 110, 177, 120, 60, 179, 79, 4, 65, 214, 191, 162, 213, 18, 117, 61, 95, 111, 212, 16, 149, 150, 18, 26, 10, 10, 8, 4, 172, 20, 10, 14, 6, 203, 237, 26, 13, 10, 11, 4, 172, 20, 10, 14, 145, 2, 230, 46, 205, 3], signature: 304402206DE90E13D2295D4F9D68E0DE8E0944F670F9529470FCFC011B1CB089F8167E9602204BC3F8C0022FC4B0B5A251FA5699BC50BA19B3D4A87A461059FFF478672627B2), data: (peerId: 16Uiu2HAmVfTJLvFx1TDN2nRMJV4gc9xATd7PhmA3mD65AXGas9Zu, seqNo: 297749, addresses: @[(address: /ip4/172.20.10.14/tcp/52205), (address: /ip4/172.20.10.14/udp/58926/quic-v1)], services: @[]))"
[2026-10-10 15:09:25.603] [out] [delivery_module] INF 2026-10-10 15:09:25.603+02:00 Service Discovery started                  topics="service-discovery" tid=19251593
[2026-10-10 15:09:25.603] [out] [delivery_module] INF 2026-10-10 15:09:25.603+02:00 start                                      topics="waku relay" tid=19251593
[2026-10-10 15:09:25.603] [out] [delivery_module] INF 2026-10-10 15:09:25.603+02:00 gossipsub start                            topics="libp2p gossipsub" tid=19251593
[2026-10-10 15:09:25.603] [out] [delivery_module] DBG 2026-10-10 15:09:25.603+02:00 No mesh peer for the given pubsub topic    topics="waku relay" tid=19251593 pubsubTopic=/waku/2/rs/3/7
[2026-10-10 15:09:25.603] [out] [delivery_module] DBG 2026-10-10 15:09:25.603+02:00 Waku rendezvous periodic registration started topics="waku rendezvous" tid=19251593 interval=10s
[2026-10-10 15:09:25.603] [out] [delivery_module] INF 2026-10-10 15:09:25.603+02:00 Waku rendezvous discovery started          topics="waku rendezvous" tid=19251593
[2026-10-10 15:09:25.603] [out] [delivery_module] INF 2026-10-10 15:09:25.603+02:00 Started libp2p node                        topics="libp2p switch" tid=19251593 peerId="(peerId: 16Uiu2HAmVfTJLvFx1TDN2nRMJV4gc9xATd7PhmA3mD65AXGas9Zu, listenAddrs: [/ip4/0.0.0.0/tcp/52205, /ip4/0.0.0.0/udp/58926/quic-v1], addrs: [/ip4/172.20.10.14/tcp/52205, /ip4/172.20.10.14/udp/58926/quic-v1], protocols: [/ipfs/id/1.0.0, /libp2p/autonat/1.0.0, /libp2p/circuit/relay/0.2.0/hop, /vac/waku/metadata/1.0.0, /mix/1.0.0, /logos/service-discovery/1.0.0, /vac/waku/relay/2.0.0, /vac/waku/rendezvous/1.0.0, /ipfs/ping/1.0.0, /vac/waku/lightpush/3.0.0, /vac/waku/lightpush/2.0.0-beta1, /vac/waku/filter-subscribe/2.0.0-beta1, /vac/waku/filter-push/2.0.0-beta1, /vac/waku/peer-exchange/2.0.0-alpha1], protoVersion: ipfs/0.1.0, agentVersion: logos-delivery-v0.39.0-g3a478e)"
[2026-10-10 15:09:25.604] [out] [delivery_module] DBG 2026-10-10 15:09:25.604+02:00 ENR addresses updated                      topics="waku enr" tid=19251593 retained=0 total=0
[2026-10-10 15:09:25.604] [out] [delivery_module] INF 2026-10-10 15:09:25.604+02:00 Announced addresses resolved               topics="waku node" tid=19251593 addrs="@[/ip4/172.20.10.14/tcp/52205, /ip4/172.20.10.14/udp/58926/quic-v1]"
[2026-10-10 15:09:25.604] [out] [delivery_module] INF 2026-10-10 15:09:25.604+02:00 Random kademlia lookups disabled           topics="waku service discovery" tid=19251593
[2026-10-10 15:09:25.604] [out] [delivery_module] DBG 2026-10-10 15:09:25.604+02:00 Periodic service lookup started            topics="waku service discovery" tid=19251593 interval=1m services={}
[2026-10-10 15:09:25.604] [out] [delivery_module] INF 2026-10-10 15:09:25.604+02:00 Kademlia discovery started                 topics="waku service discovery" tid=19251593
[2026-10-10 15:09:25.604] [out] [delivery_module] INF 2026-10-10 15:09:25.604+02:00 Discovery ENR initialized                  topics="eth p2p discv5" tid=19251593 enrAutoUpdate=false seqNum=4 ip=none() tcpPort=none() udpPort=none() customEnrFields=@[] uri=enr:-Ka4QA__dorBc58zXhEbcErA5nK05GHiubcuqg8yr3u63xppUk4kDIVyKEdbWiAA3Eq8HisDZ3Bfh9ocMVHZ-F3VSesEgmlkgnY0im11bHRpYWRkcnOAgnJzkwADCAAAAAEAAgADAAQABQAGAAeJc2VjcDI1NmsxoQP8tSY52-HfpUzo4c_ZQm6xeDyzTwRB1r-i1RJ1PV9v1IN0Y3CCy-2Fd2FrdTIt
[2026-10-10 15:09:25.604] [out] [delivery_module] WRN 2026-10-10 15:09:25.604+02:00 No external IP provided for the ENR, this node will not be discoverable topics="eth p2p discv5" tid=19251593
[2026-10-10 15:09:25.604] [out] [delivery_module] DBG 2026-10-10 15:09:25.604+02:00 peer filtering updated                     topics="waku discv5" tid=19251593
[2026-10-10 15:09:25.604] [out] [delivery_module] INF 2026-10-10 15:09:25.604+02:00 Starting discovery v5 service              topics="waku discv5" tid=19251593
[2026-10-10 15:09:25.604] [out] [delivery_module] INF 2026-10-10 15:09:25.604+02:00 Start listening on udp port                topics="waku discv5" tid=19251593 address=0.0.0.0 port=56810
[2026-10-10 15:09:25.604] [out] [delivery_module] INF 2026-10-10 15:09:25.604+02:00 Starting discovery node                    topics="eth p2p discv5" tid=19251593 node=1d*68f124:unaddressable bindAddress=0.0.0.0:56810
[2026-10-10 15:09:25.604] [out] [delivery_module] DBG 2026-10-10 15:09:25.604+02:00 Total nodes in routing table after populate topics="eth p2p discv5" tid=19251593 total=0
[2026-10-10 15:09:25.604] [out] [delivery_module] DBG 2026-10-10 15:09:25.604+02:00 Starting discovery v5 search               topics="waku discv5" tid=19251593
[2026-10-10 15:09:25.605] [out] [delivery_module] DBG 2026-10-10 15:09:25.605+02:00 Successfully started discovery v5 service  topics="waku discv5" tid=19251593
[2026-10-10 15:09:25.605] [out] [delivery_module] INF 2026-10-10 15:09:25.605+02:00 Discv5: discoverable ENR                   topics="waku discv5" tid=19251593 enrUri=enr:-Ka4QA__dorBc58zXhEbcErA5nK05GHiubcuqg8yr3u63xppUk4kDIVyKEdbWiAA3Eq8HisDZ3Bfh9ocMVHZ-F3VSesEgmlkgnY0im11bHRpYWRkcnOAgnJzkwADCAAAAAEAAgADAAQABQAGAAeJc2VjcDI1NmsxoQP8tSY52-HfpUzo4c_ZQm6xeDyzTwRB1r-i1RJ1PV9v1IN0Y3CCy-2Fd2FrdTIt enr="(4, id: \"v4\", multiaddrs: 0x, rs: 0x00030800000001000200030004000500060007, secp256k1: 0x03FCB52639DBE1DFA54CE8E1CFD9426EB1783CB34F0441D6BFA2D512753D5F6FD4, tcp: 52205, waku2: 0x2D)"
[2026-10-10 15:09:25.605] [out] [delivery_module] INF 2026-10-10 15:09:25.605+02:00 Node started successfully                  topics="waku node" tid=19251593
[2026-10-10 15:09:25.605] [out] [delivery_module] DBG 2026-10-10 15:09:25.605+02:00 Dialing multiple peers                     tid=19251593 numOfPeers=6 nodes="@[\"/dns4/delivery-01.do-ams3.logos.dev.status.im/tcp/30303/p2p/16Uiu2HAmTUbnxLGT9JvV6mu9oPyDjqHK4Phs1VDJNUgESgNSkuby\", \"/dns4/delivery-02.do-ams3.logos.dev.status.im/tcp/30303/p2p/16Uiu2HAmMK7PYygBtKUQ8EHp7EfaD3bCEsJrkFooK8RQ2PVpJprH\", \"/dns4/delivery-01.gc-us-central1-a.logos.dev.status.im/tcp/30303/p2p/16Uiu2HAm4S1JYkuzDKLKQvwgAhZKs9otxXqt8SCGtB4hoJP1S397\", \"/dns4/delivery-02.gc-us-central1-a.logos.dev.status.im/tcp/30303/p2p/16Uiu2HAm8Y9kgBNtjxvCnf1X6gnZJW5EGE4UwwCL3CCm55TwqBiH\", \"/dns4/delivery-01.ac-cn-hongkong-c.logos.dev.status.im/tcp/30303/p2p/16Uiu2HAm8YokiNun9BkeA1ZRmhLbtNUvcwRr64F69tYj9fkGyuEP\", \"/dns4/delivery-02.ac-cn-hongkong-c.logos.dev.status.im/tcp/30303/p2p/16Uiu2HAkvwhGHKNry6LACrB8TmEFoCJKEX29XR5dDUzk3UT3UNSE\"]"
[2026-10-10 15:09:26.381] [out] [delivery_module] DBG 2026-10-10 15:09:26.381+02:00 created new pubsub peer                    topics="libp2p pubsub" tid=19251593 peerId=16Uiu2...P1S397
[2026-10-10 15:09:26.381] [out] [delivery_module] DBG 2026-10-10 15:09:26.381+02:00 no listener registered                     tid=19251594 event=onConnectionChange
[2026-10-10 15:09:26.381] [out] [delivery_module] DBG 2026-10-10 15:09:26.381+02:00 Incoming WakuRelay connection              topics="waku relay" tid=19251593 connection=16Uiu2...P1S397:6aca3906b6e8d78d1b8572a2 protocol=/vac/waku/relay/2.0.0
[2026-10-10 15:09:26.580] [out] [delivery_module] WRN 2026-10-10 15:09:26.579+02:00 ffi request still in flight; caller notified via RET_STALE_WARN tid=19251593 reqId=LogosdeliveryStartNodeReq elapsedMs=5000
[2026-10-10 15:09:26.665] [out] [delivery_module] DBG 2026-10-10 15:09:26.665+02:00 created new pubsub peer                    topics="libp2p pubsub" tid=19251593 peerId=16Uiu2...TwqBiH
[2026-10-10 15:09:26.665] [out] [delivery_module] DBG 2026-10-10 15:09:26.665+02:00 no listener registered                     tid=19251594 event=onConnectionChange
[2026-10-10 15:09:26.666] [out] [delivery_module] DBG 2026-10-10 15:09:26.666+02:00 Incoming WakuRelay connection              topics="waku relay" tid=19251593 connection=16Uiu2...TwqBiH:6aca3906b6e8d78d1b8572a6 protocol=/vac/waku/relay/2.0.0
[2026-10-10 15:09:26.667] [out] [delivery_module] DBG 2026-10-10 15:09:26.667+02:00 Event identified                           topics="waku node peer_manager" tid=19251593 peerId=16Uiu2...P1S397
[2026-10-10 15:09:26.667] [out] [delivery_module] DBG 2026-10-10 15:09:26.667+02:00 no listener registered                     tid=19251594 event=onConnectionChange
[2026-10-10 15:09:26.841] [out] [delivery_module] DBG 2026-10-10 15:09:26.841+02:00 Received WakuMetadata request              topics="waku metadata" tid=19251593 remoteClusterId=ok(3) remoteShards="[5, 0, 2, 1, 4, 7, 3, 6]" localClusterId=3 localShards="[7]" peer=16Uiu2...P1S397
[2026-10-10 15:09:27.018] [out] [delivery_module] DBG 2026-10-10 15:09:27.018+02:00 no listener registered                     tid=19251594 event=onConnectionChange
[2026-10-10 15:09:27.019] [out] [delivery_module] DBG 2026-10-10 15:09:27.018+02:00 Event identified                           topics="waku node peer_manager" tid=19251593 peerId=16Uiu2...TwqBiH
[2026-10-10 15:09:27.019] [out] [delivery_module] DBG 2026-10-10 15:09:27.019+02:00 no listener registered                     tid=19251594 event=onConnectionChange
[2026-10-10 15:09:27.194] [out] [delivery_module] DBG 2026-10-10 15:09:27.194+02:00 Received WakuMetadata request              topics="waku metadata" tid=19251593 remoteClusterId=ok(3) remoteShards="[5, 0, 2, 1, 4, 7, 3, 6]" localClusterId=3 localShards="[7]" peer=16Uiu2...TwqBiH
[2026-10-10 15:09:27.194] [out] [delivery_module] DBG 2026-10-10 15:09:27.194+02:00 created new pubsub peer                    topics="libp2p pubsub" tid=19251593 peerId=16Uiu2...NSkuby
[2026-10-10 15:09:27.194] [out] [delivery_module] DBG 2026-10-10 15:09:27.194+02:00 no listener registered                     tid=19251594 event=onConnectionChange
[2026-10-10 15:09:27.195] [out] [delivery_module] DBG 2026-10-10 15:09:27.195+02:00 created new pubsub peer                    topics="libp2p pubsub" tid=19251593 peerId=16Uiu2...VpJprH
[2026-10-10 15:09:27.195] [out] [delivery_module] DBG 2026-10-10 15:09:27.195+02:00 no listener registered                     tid=19251594 event=onConnectionChange
[2026-10-10 15:09:27.195] [out] [delivery_module] DBG 2026-10-10 15:09:27.195+02:00 Incoming WakuRelay connection              topics="waku relay" tid=19251593 connection=16Uiu2...NSkuby:6aca3907b6e8d78d1b8572af protocol=/vac/waku/relay/2.0.0
[2026-10-10 15:09:27.195] [out] [delivery_module] DBG 2026-10-10 15:09:27.195+02:00 Incoming WakuRelay connection              topics="waku relay" tid=19251593 connection=16Uiu2...VpJprH:6aca3907b6e8d78d1b8572b1 protocol=/vac/waku/relay/2.0.0
[2026-10-10 15:09:27.370] [out] [delivery_module] DBG 2026-10-10 15:09:27.370+02:00 no listener registered                     tid=19251594 event=onConnectionChange
[2026-10-10 15:09:27.372] [out] [delivery_module] DBG 2026-10-10 15:09:27.372+02:00 Peer dial started                          topics="libp2p dialer" tid=19251593 peerId=16Uiu2...BjtNZZ addresses=[/ip4/173.42.114.210/tcp/46341]
[2026-10-10 15:09:27.373] [out] [delivery_module] DBG 2026-10-10 15:09:27.373+02:00 Peer dial started                          topics="libp2p dialer" tid=19251593 peerId=16Uiu2...3H7QUd addresses="[/ip4/172.20.10.14/udp/52662/quic-v1, /ip4/172.20.10.14/tcp/52206]"
[2026-10-10 15:09:27.375] [out] [delivery_module] DBG 2026-10-10 15:09:27.375+02:00 New connection established: client         tid=19251593
[2026-10-10 15:09:27.378] [out] [delivery_module] DBG 2026-10-10 15:09:27.378+02:00 Handshake done                             tid=19251593 status=1
[2026-10-10 15:09:27.378] [out] [delivery_module] DBG 2026-10-10 15:09:27.378+02:00 created new pubsub peer                    topics="libp2p pubsub" tid=19251593 peerId=16Uiu2...3H7QUd
[2026-10-10 15:09:27.378] [out] [delivery_module] DBG 2026-10-10 15:09:27.378+02:00 no listener registered                     tid=19251594 event=onConnectionChange
[2026-10-10 15:09:27.378] [out] [delivery_module] DBG 2026-10-10 15:09:27.378+02:00 Creating stream                            tid=19251593
[2026-10-10 15:09:27.378] [out] [delivery_module] DBG 2026-10-10 15:09:27.378+02:00 New stream created                         tid=19251593
[2026-10-10 15:09:27.379] [out] [delivery_module] DBG 2026-10-10 15:09:27.379+02:00 Creating stream                            tid=19251593
[2026-10-10 15:09:27.379] [out] [delivery_module] DBG 2026-10-10 15:09:27.379+02:00 New stream created                         tid=19251593
[2026-10-10 15:09:27.379] [out] [delivery_module] DBG 2026-10-10 15:09:27.379+02:00 New stream created                         tid=19251593
[2026-10-10 15:09:27.380] [out] [delivery_module] DBG 2026-10-10 15:09:27.380+02:00 Incoming WakuRelay connection              topics="waku relay" tid=19251593 connection=16Uiu2...3H7QUd:6aca3907b6e8d78d1b8572bc protocol=/vac/waku/relay/2.0.0
[2026-10-10 15:09:27.380] [out] [delivery_module] DBG 2026-10-10 15:09:27.380+02:00 New stream created                         tid=19251593
[2026-10-10 15:09:27.381] [out] [delivery_module] DBG 2026-10-10 15:09:27.380+02:00 Event identified                           topics="waku node peer_manager" tid=19251593 peerId=16Uiu2...3H7QUd
[2026-10-10 15:09:27.381] [out] [delivery_module] DBG 2026-10-10 15:09:27.381+02:00 Creating stream                            tid=19251593
[2026-10-10 15:09:27.381] [out] [delivery_module] DBG 2026-10-10 15:09:27.381+02:00 New stream created                         tid=19251593
[2026-10-10 15:09:27.381] [out] [delivery_module] DBG 2026-10-10 15:09:27.381+02:00 no listener registered                     tid=19251594 event=onConnectionChange
[2026-10-10 15:09:27.381] [out] [delivery_module] DBG 2026-10-10 15:09:27.381+02:00 New stream created                         tid=19251593
[2026-10-10 15:09:27.382] [out] [delivery_module] DBG 2026-10-10 15:09:27.382+02:00 Received WakuMetadata request              topics="waku metadata" tid=19251593 remoteClusterId=ok(3) remoteShards="[7]" localClusterId=3 localShards="[7]" peer=16Uiu2...3H7QUd
[2026-10-10 15:09:27.382] [out] [delivery_module] DBG 2026-10-10 15:09:27.382+02:00 no listener registered                     tid=19251594 event=onConnectionChange
[2026-10-10 15:09:27.383] [out] [delivery_module] DBG 2026-10-10 15:09:27.383+02:00 Creating stream                            tid=19251593
[2026-10-10 15:09:27.383] [out] [delivery_module] DBG 2026-10-10 15:09:27.383+02:00 New stream created                         tid=19251593
[2026-10-10 15:09:27.384] [out] [delivery_module] DBG 2026-10-10 15:09:27.384+02:00 New stream created                         tid=19251593
[2026-10-10 15:09:27.548] [out] [delivery_module] DBG 2026-10-10 15:09:27.548+02:00 Event identified                           topics="waku node peer_manager" tid=19251593 peerId=16Uiu2...VpJprH
[2026-10-10 15:09:27.548] [out] [delivery_module] DBG 2026-10-10 15:09:27.548+02:00 no listener registered                     tid=19251594 event=onConnectionChange
[2026-10-10 15:09:27.549] [out] [delivery_module] DBG 2026-10-10 15:09:27.549+02:00 Event identified                           topics="waku node peer_manager" tid=19251593 peerId=16Uiu2...NSkuby
[2026-10-10 15:09:27.549] [out] [delivery_module] DBG 2026-10-10 15:09:27.549+02:00 no listener registered                     tid=19251594 event=onConnectionChange
[2026-10-10 15:09:27.727] [out] [delivery_module] DBG 2026-10-10 15:09:27.726+02:00 Received WakuMetadata request              topics="waku metadata" tid=19251593 remoteClusterId=ok(3) remoteShards="[5, 0, 2, 1, 4, 7, 3, 6]" localClusterId=3 localShards="[7]" peer=16Uiu2...VpJprH
[2026-10-10 15:09:27.727] [out] [delivery_module] DBG 2026-10-10 15:09:27.727+02:00 Received WakuMetadata request              topics="waku metadata" tid=19251593 remoteClusterId=ok(3) remoteShards="[5, 0, 2, 1, 4, 7, 3, 6]" localClusterId=3 localShards="[7]" peer=16Uiu2...NSkuby
[2026-10-10 15:09:27.797] [out] [delivery_module] DBG 2026-10-10 15:09:27.797+02:00 no listener registered                     tid=19251594 event=onConnectionChange
[2026-10-10 15:09:27.808] [out] [delivery_module] DBG 2026-10-10 15:09:27.808+02:00 no listener registered                     tid=19251594 event=onConnectionChange
[2026-10-10 15:09:27.985] [out] [delivery_module] DBG 2026-10-10 15:09:27.985+02:00 created new pubsub peer                    topics="libp2p pubsub" tid=19251593 peerId=16Uiu2...kGyuEP
[2026-10-10 15:09:27.985] [out] [delivery_module] DBG 2026-10-10 15:09:27.985+02:00 no listener registered                     tid=19251594 event=onConnectionChange
[2026-10-10 15:09:27.994] [out] [delivery_module] DBG 2026-10-10 15:09:27.994+02:00 Incoming WakuRelay connection              topics="waku relay" tid=19251593 connection=16Uiu2...kGyuEP:6aca3907b6e8d78d1b8572d1 protocol=/vac/waku/relay/2.0.0
[2026-10-10 15:09:28.079] [out] [delivery_module] DBG 2026-10-10 15:09:28.079+02:00 created new pubsub peer                    topics="libp2p pubsub" tid=19251593 peerId=16Uiu2...BjtNZZ
[2026-10-10 15:09:28.079] [out] [delivery_module] DBG 2026-10-10 15:09:28.079+02:00 no listener registered                     tid=19251594 event=onConnectionChange
[2026-10-10 15:09:28.083] [out] [delivery_module] DBG 2026-10-10 15:09:28.083+02:00 Incoming WakuRelay connection              topics="waku relay" tid=19251593 connection=16Uiu2...BjtNZZ:6aca3908b6e8d78d1b8572d5 protocol=/vac/waku/relay/2.0.0
[2026-10-10 15:09:28.214] [out] [delivery_module] DBG 2026-10-10 15:09:28.214+02:00 Event identified                           topics="waku node peer_manager" tid=19251593 peerId=16Uiu2...kGyuEP
[2026-10-10 15:09:28.214] [out] [delivery_module] DBG 2026-10-10 15:09:28.214+02:00 no listener registered                     tid=19251594 event=onConnectionChange
[2026-10-10 15:09:28.248] [out] [delivery_module] DBG 2026-10-10 15:09:28.248+02:00 Event identified                           topics="waku node peer_manager" tid=19251593 peerId=16Uiu2...BjtNZZ
[2026-10-10 15:09:28.248] [out] [delivery_module] DBG 2026-10-10 15:09:28.248+02:00 no listener registered                     tid=19251594 event=onConnectionChange
[2026-10-10 15:09:28.400] [out] [delivery_module] DBG 2026-10-10 15:09:28.400+02:00 Received WakuMetadata request              topics="waku metadata" tid=19251593 remoteClusterId=ok(3) remoteShards="[5, 0, 2, 1, 4, 7, 3, 6]" localClusterId=3 localShards="[7]" peer=16Uiu2...BjtNZZ
[2026-10-10 15:09:28.543] [out] [delivery_module] DBG 2026-10-10 15:09:28.543+02:00 no listener registered                     tid=19251594 event=onConnectionChange
[2026-10-10 15:09:28.650] [out] [delivery_module] DBG 2026-10-10 15:09:28.650+02:00 no listener registered                     tid=19251594 event=onConnectionChange
[2026-10-10 15:09:28.670] [out] [delivery_module] DBG 2026-10-10 15:09:28.670+02:00 Received WakuMetadata request              topics="waku metadata" tid=19251593 remoteClusterId=ok(3) remoteShards="[5, 0, 2, 1, 4, 7, 3, 6]" localClusterId=3 localShards="[7]" peer=16Uiu2...kGyuEP
[2026-10-10 15:09:28.780] [out] [delivery_module] DBG 2026-10-10 15:09:28.780+02:00 created new pubsub peer                    topics="libp2p pubsub" tid=19251593 peerId=16Uiu2...T3UNSE
[2026-10-10 15:09:28.780] [out] [delivery_module] DBG 2026-10-10 15:09:28.780+02:00 no listener registered                     tid=19251594 event=onConnectionChange
[2026-10-10 15:09:28.781] [out] [delivery_module] DBG 2026-10-10 15:09:28.781+02:00 Incoming WakuRelay connection              topics="waku relay" tid=19251593 connection=16Uiu2...T3UNSE:6aca3908b6e8d78d1b8572de protocol=/vac/waku/relay/2.0.0
[2026-10-10 15:09:28.995] [out] [delivery_module] DBG 2026-10-10 15:09:28.995+02:00 Peer dial started                          topics="libp2p dialer" tid=19251593 peerId=16Uiu2...NmmnVv addresses="[/ip4/143.105.219.245/udp/60401/quic-v1, /ip4/143.105.219.245/tcp/61976]"
[2026-10-10 15:09:28.996] [out] [delivery_module] DBG 2026-10-10 15:09:28.996+02:00 New connection established: client         tid=19251593
[2026-10-10 15:09:29.238] [out] [delivery_module] DBG 2026-10-10 15:09:29.238+02:00 Event identified                           topics="waku node peer_manager" tid=19251593 peerId=16Uiu2...T3UNSE
[2026-10-10 15:09:29.239] [out] [delivery_module] DBG 2026-10-10 15:09:29.239+02:00 no listener registered                     tid=19251594 event=onConnectionChange
[2026-10-10 15:09:29.513] [out] [delivery_module] DBG 2026-10-10 15:09:29.513+02:00 Received WakuMetadata request              topics="waku metadata" tid=19251593 remoteClusterId=ok(3) remoteShards="[5, 0, 2, 1, 4, 7, 3, 6]" localClusterId=3 localShards="[7]" peer=16Uiu2...T3UNSE
[2026-10-10 15:09:29.660] [out] [delivery_module] DBG 2026-10-10 15:09:29.660+02:00 New stream created                         tid=19251593
[2026-10-10 15:09:29.662] [out] [delivery_module] DBG 2026-10-10 15:09:29.662+02:00 New stream created                         tid=19251593
[2026-10-10 15:09:29.753] [out] [delivery_module] DBG 2026-10-10 15:09:29.753+02:00 no listener registered                     tid=19251594 event=onConnectionChange
[2026-10-10 15:09:29.754] [out] [delivery_module] DBG 2026-10-10 15:09:29.754+02:00 Finished dialing multiple peers            tid=19251593 successfulConns=6 attempted=6
[2026-10-10 15:09:29.754] [out] [delivery_module] DBG 2026-10-10 15:09:29.754+02:00 Dialing multiple peers                     topics="waku node peer_manager" tid=19251593 numOfPeers=1 nodes=@[16Uiu2HAm1MeL9HxBACouZAWXsHDmSwVU2VcV6VZ3UXp1qNNmmnVv]
[2026-10-10 15:09:29.755] [out] [delivery_module] INF 2026-10-10 15:09:29.755+02:00 Relay peer connections                     topics="waku node peer_manager" tid=19251593 inRelayConns=0/50 outRelayConns=8/25 totalConnections=8/150 notConnectedPeers=1 outsideBackoffPeers=1
[2026-10-10 15:09:29.756] [out] [delivery_module] DBG 2026-10-10 15:09:29.756+02:00 ENR addresses updated                      topics="waku enr" tid=19251593 retained=0 total=0
[2026-10-10 15:09:29.756] [out] [delivery_module] DBG 2026-10-10 15:09:29.756+02:00 Subscribing to pubsub topic                topics="waku relay" tid=19251593 pubsubTopic=/waku/2/rs/3/0
[2026-10-10 15:09:29.757] [out] [delivery_module] DBG 2026-10-10 15:09:29.757+02:00 peer filtering updated                     topics="waku discv5" tid=19251593
[2026-10-10 15:09:29.757] [out] [delivery_module] DBG 2026-10-10 15:09:29.757+02:00 ENR shards updated                         topics="waku discv5" tid=19251593 enrUri=enr:-K24QBdxwk1LANz0aeK0gN_GfGmhSCdaWJpAUhZrS9oWjJcoOiVF3ML_ThlRmiOVR9F9psn-YaxWsIGHRbUVOryF--IHgmlkgnY0im11bHRpYWRkcnOAgnJzkwADCAAAAAEAAgADAAQABQAGAAeJc2VjcDI1NmsxoQP8tSY52-HfpUzo4c_ZQm6xeDyzTwRB1r-i1RJ1PV9v1IN0Y3CCy-2DdWRwgt3qhXdha3UyLQ add=true
[2026-10-10 15:09:29.757] [out] [delivery_module] DBG 2026-10-10 15:09:29.757+02:00 Subscribing to pubsub topic                topics="waku relay" tid=19251593 pubsubTopic=/waku/2/rs/3/1
[2026-10-10 15:09:29.757] [out] [delivery_module] DBG 2026-10-10 15:09:29.757+02:00 peer filtering updated                     topics="waku discv5" tid=19251593
[2026-10-10 15:09:29.757] [out] [delivery_module] DBG 2026-10-10 15:09:29.757+02:00 ENR shards updated                         topics="waku discv5" tid=19251593 enrUri=enr:-K24QHvRVor48o_Fy1dlF9_rLKkTnVGuZ4E2T5OXpZV9dkiqR7WNqAqlLRXOC0YfDz8YeHQXHDM92tK-dXMJKY7XhogIgmlkgnY0im11bHRpYWRkcnOAgnJzkwADCAAAAAEAAgADAAQABQAGAAeJc2VjcDI1NmsxoQP8tSY52-HfpUzo4c_ZQm6xeDyzTwRB1r-i1RJ1PV9v1IN0Y3CCy-2DdWRwgt3qhXdha3UyLQ add=true
[2026-10-10 15:09:29.758] [out] [delivery_module] DBG 2026-10-10 15:09:29.757+02:00 Subscribing to pubsub topic                topics="waku relay" tid=19251593 pubsubTopic=/waku/2/rs/3/2
[2026-10-10 15:09:29.758] [out] [delivery_module] DBG 2026-10-10 15:09:29.758+02:00 peer filtering updated                     topics="waku discv5" tid=19251593
[2026-10-10 15:09:29.758] [out] [delivery_module] DBG 2026-10-10 15:09:29.758+02:00 ENR shards updated                         topics="waku discv5" tid=19251593 enrUri=enr:-K24QDNVZ0_z2pEXs_7SOy6paHTGYKAWuPzo2wnaXCmrwYyuFYYwzzfyBHf1-TTiTA88GhSCwmUatL93VFVmAwE3DB0JgmlkgnY0im11bHRpYWRkcnOAgnJzkwADCAAAAAEAAgADAAQABQAGAAeJc2VjcDI1NmsxoQP8tSY52-HfpUzo4c_ZQm6xeDyzTwRB1r-i1RJ1PV9v1IN0Y3CCy-2DdWRwgt3qhXdha3UyLQ add=true
[2026-10-10 15:09:29.758] [out] [delivery_module] DBG 2026-10-10 15:09:29.758+02:00 Subscribing to pubsub topic                topics="waku relay" tid=19251593 pubsubTopic=/waku/2/rs/3/3
[2026-10-10 15:09:29.758] [out] [delivery_module] DBG 2026-10-10 15:09:29.758+02:00 peer filtering updated                     topics="waku discv5" tid=19251593
[2026-10-10 15:09:29.758] [out] [delivery_module] DBG 2026-10-10 15:09:29.758+02:00 ENR shards updated                         topics="waku discv5" tid=19251593 enrUri=enr:-K24QFka0k0kz7tYqdc6Jp_Z988jMth_VNfJSr8oxUyPWT_aVKvzWdUyuGETsRePOqK2y7M1Y8EjynY8syIBBDU7kV0KgmlkgnY0im11bHRpYWRkcnOAgnJzkwADCAAAAAEAAgADAAQABQAGAAeJc2VjcDI1NmsxoQP8tSY52-HfpUzo4c_ZQm6xeDyzTwRB1r-i1RJ1PV9v1IN0Y3CCy-2DdWRwgt3qhXdha3UyLQ add=true
[2026-10-10 15:09:29.758] [out] [delivery_module] DBG 2026-10-10 15:09:29.758+02:00 Subscribing to pubsub topic                topics="waku relay" tid=19251593 pubsubTopic=/waku/2/rs/3/4
[2026-10-10 15:09:29.759] [out] [delivery_module] DBG 2026-10-10 15:09:29.759+02:00 peer filtering updated                     topics="waku discv5" tid=19251593
[2026-10-10 15:09:29.759] [out] [delivery_module] DBG 2026-10-10 15:09:29.759+02:00 ENR shards updated                         topics="waku discv5" tid=19251593 enrUri=enr:-K24QMVZgKXkhnHJ_9lk9UnMSadIa1EV-ltFLB2ToiyFyU47QvZhrGxVHj3gyfT8EnGl0FM7y0bzjxAAYhB7if31Y8gLgmlkgnY0im11bHRpYWRkcnOAgnJzkwADCAAAAAEAAgADAAQABQAGAAeJc2VjcDI1NmsxoQP8tSY52-HfpUzo4c_ZQm6xeDyzTwRB1r-i1RJ1PV9v1IN0Y3CCy-2DdWRwgt3qhXdha3UyLQ add=true
[2026-10-10 15:09:29.759] [out] [delivery_module] DBG 2026-10-10 15:09:29.759+02:00 Subscribing to pubsub topic                topics="waku relay" tid=19251593 pubsubTopic=/waku/2/rs/3/5
[2026-10-10 15:09:29.759] [out] [delivery_module] DBG 2026-10-10 15:09:29.759+02:00 peer filtering updated                     topics="waku discv5" tid=19251593
[2026-10-10 15:09:29.759] [out] [delivery_module] DBG 2026-10-10 15:09:29.759+02:00 ENR shards updated                         topics="waku discv5" tid=19251593 enrUri=enr:-K24QA1Hw1TInOQuZazZGM8SopbTD7S1-YwkTnISK6mNwvIKYHcEGJte8hntLPKerHizOQyd8cm08PeiIY9iQ6epIKUMgmlkgnY0im11bHRpYWRkcnOAgnJzkwADCAAAAAEAAgADAAQABQAGAAeJc2VjcDI1NmsxoQP8tSY52-HfpUzo4c_ZQm6xeDyzTwRB1r-i1RJ1PV9v1IN0Y3CCy-2DdWRwgt3qhXdha3UyLQ add=true
[2026-10-10 15:09:29.759] [out] [delivery_module] DBG 2026-10-10 15:09:29.759+02:00 Subscribing to pubsub topic                topics="waku relay" tid=19251593 pubsubTopic=/waku/2/rs/3/6
[2026-10-10 15:09:29.760] [out] [delivery_module] DBG 2026-10-10 15:09:29.760+02:00 peer filtering updated                     topics="waku discv5" tid=19251593
[2026-10-10 15:09:29.760] [out] [delivery_module] DBG 2026-10-10 15:09:29.760+02:00 ENR shards updated                         topics="waku discv5" tid=19251593 enrUri=enr:-K24QJSgj-RKnlYN7ZMixqXL8i_z0oN-HyIXWI6D03qjGByYVYC50SpJOIqLlR62F7uauwbHgGWykX8VXtiBF1D0D5QNgmlkgnY0im11bHRpYWRkcnOAgnJzkwADCAAAAAEAAgADAAQABQAGAAeJc2VjcDI1NmsxoQP8tSY52-HfpUzo4c_ZQm6xeDyzTwRB1r-i1RJ1PV9v1IN0Y3CCy-2DdWRwgt3qhXdha3UyLQ add=true
[2026-10-10 15:09:29.760] [out] [delivery_module] NTC 2026-10-10 15:09:29.760+02:00 ENR carries no reachable host, so peers cannot dial this node. Set --nat, --ext-ip, --dns4-domain-name or --ext-multiaddr to advertise one topics="wakunode waku" tid=19251593
[2026-10-10 15:09:29.760] [out] [delivery_module] DBG 2026-10-10 15:09:29.760+02:00 Register interest                          topics="service-disco discoverer" tid=19251593 service=/logos/delivery serviceId=e6738033b5d4...cb0431b2f5d8
[2026-10-10 15:09:29.760] [out] [delivery_module] DBG 2026-10-10 15:09:29.760+02:00 Added service to discover                  topics="waku service discovery" tid=19251593 service=/logos/delivery
[2026-10-10 15:09:29.760] [out] [delivery_module] DBG 2026-10-10 15:09:29.760+02:00 Added provided service                     topics="service-disco advertiser" tid=19251593 service=/logos/delivery serviceId=e6738033b5d4...cb0431b2f5d8
[2026-10-10 15:09:29.760] [out] [delivery_module] DBG 2026-10-10 15:09:29.760+02:00 Creating stream                            tid=19251593
[2026-10-10 15:09:29.760] [out] [delivery_module] DBG 2026-10-10 15:09:29.760+02:00 New stream created                         tid=19251593
[2026-10-10 15:09:29.763] [out] [delivery_module] DBG 2026-10-10 15:09:29.763+02:00 Added service to advertise                 topics="waku service discovery" tid=19251593 service=/logos/delivery
[2026-10-10 15:09:29.763] [out] [delivery_module] INF 2026-10-10 15:09:29.763+02:00 advertising this node on the delivery network topics="waku discovery advertise" tid=19251593 backend=service protocols="[/vac/waku/relay/2.0.0, /vac/waku/filter-subscribe/2.0.0-beta1, /vac/waku/lightpush/3.0.0, /mix/1.0.0]"
[2026-10-10 15:09:29.763] [out] [delivery_module] DBG 2026-10-10 15:09:29.763+02:00 Register interest                          topics="service-disco discoverer" tid=19251593 service=/mix/1.0.0 serviceId=913b5c5dbe69...6f90568cea40
[2026-10-10 15:09:29.763] [out] [delivery_module] DBG 2026-10-10 15:09:29.763+02:00 Added service to discover                  topics="waku service discovery" tid=19251593 service=/mix/1.0.0
[2026-10-10 15:09:29.763] [out] [delivery_module] DBG 2026-10-10 15:09:29.763+02:00 Added provided service                     topics="service-disco advertiser" tid=19251593 service=/mix/1.0.0 serviceId=913b5c5dbe69...6f90568cea40
[2026-10-10 15:09:29.764] [out] [delivery_module] DBG 2026-10-10 15:09:29.764+02:00 Creating stream                            tid=19251593
[2026-10-10 15:09:29.764] [out] [delivery_module] DBG 2026-10-10 15:09:29.764+02:00 New stream created                         tid=19251593
[2026-10-10 15:09:29.765] [out] [delivery_module] DBG 2026-10-10 15:09:29.765+02:00 Added service to advertise                 topics="waku service discovery" tid=19251593 service=/mix/1.0.0
[2026-10-10 15:09:29.765] [out] [delivery_module] INF 2026-10-10 15:09:29.765+02:00 advertising this node as a mix node        topics="waku discovery advertise" tid=19251593 backend=service
[2026-10-10 15:09:29.765] [out] [delivery_module] INF 2026-10-10 15:09:29.765+02:00 Node is online                             topics="waku online monitor" tid=19251593
[2026-10-10 15:09:29.765] [out] [delivery_module] INF 2026-10-10 15:09:29.765+02:00 Health monitor loop start                  tid=19251593
[2026-10-10 15:09:29.767] [out] [delivery_module] DBG 2026-10-10 15:09:29.767+02:00 calculateConnectionState                   tid=19251593 relayCount=8 storeClientCount=6 lightpushCount=8 filterCount=8
[2026-10-10 15:09:29.767] [out] [delivery_module] DBG 2026-10-10 15:09:29.767+02:00 connectionStatus change                    tid=19251593 oldstatus=Disconnected newstatus=Connected
[2026-10-10 15:09:29.767] [out] [delivery_module] INF 2026-10-10 15:09:29.767+02:00 starting keepalive                         tid=19251593 randomPeersKeepalive=10s allPeersKeepalive=2m
[2026-10-10 15:09:29.767] [out] [delivery_module] DBG 2026-10-10 15:09:29.767+02:00 no listener registered                     tid=19251594 event=onTopicHealthChange
[2026-10-10 15:09:29.767] [out] [delivery_module] DBG 2026-10-10 15:09:29.767+02:00 no listener registered                     tid=19251594 event=onTopicHealthChange
[2026-10-10 15:09:29.767] [out] [delivery_module] DBG 2026-10-10 15:09:29.767+02:00 no listener registered                     tid=19251594 event=onTopicHealthChange
[2026-10-10 15:09:29.767] [out] [delivery_module] DBG 2026-10-10 15:09:29.767+02:00 no listener registered                     tid=19251594 event=onTopicHealthChange
[2026-10-10 15:09:29.767] [out] [delivery_module] DBG 2026-10-10 15:09:29.767+02:00 no listener registered                     tid=19251594 event=onTopicHealthChange
[2026-10-10 15:09:29.767] [out] [delivery_module] DBG 2026-10-10 15:09:29.767+02:00 no listener registered                     tid=19251594 event=onTopicHealthChange
[2026-10-10 15:09:29.767] [out] [delivery_module] DBG 2026-10-10 15:09:29.767+02:00 no listener registered                     tid=19251594 event=onTopicHealthChange
[2026-10-10 15:09:29.768] [info] [logos] [delivery_module] DeliveryModuleImpl::send called with contentTopic: /lp0026forum/1/general/text
[2026-10-10 15:09:29.771] [out] [delivery_module] DBG 2026-10-10 15:09:29.771+02:00 SendService.send: processing delivery task topics="send service" tid=19251593 requestId=e7e26f6f1f3ad55e124c msgHash=0xb2e48fa73ae4e5566936b3a397aee15a12889747087e459e546fbb0f7db9ac0a
[2026-10-10 15:09:29.771] [info] [logos] [delivery_module] DeliveryModuleImpl: Send initiated for topic: /lp0026forum/1/general/text, with success, requestId: e7e26f6f1f3ad55e124c
[2026-10-10 15:09:29.771] [out] [delivery_module] DBG 2026-10-10 15:09:29.771+02:00 Trying message delivery via Mix            topics="send service mix processor" tid=19251593 requestId=e7e26f6f1f3ad55e124c msgHash=0xb2e48fa73ae4e5566936b3a397aee15a12889747087e459e546fbb0f7db9ac0a tryCount=1
[2026-10-10 15:09:29.772] [out] [delivery_module] DBG 2026-10-10 15:09:29.772+02:00 Publishing message with lightpush          topics="waku node lightpush api" tid=19251593 pubsubTopic=/waku/2/rs/3/7 contentTopic=/lp0026forum/1/general/text target_peer_id=16Uiu2...NSkuby msg_hash=0xb2e48fa73ae4e5566936b3a397aee15a12889747087e459e546fbb0f7db9ac0a mixify=true
[2026-10-10 15:09:29.772] [out] [delivery_module] DBG 2026-10-10 15:09:29.772+02:00 Publish                                    topics="waku lightpush client" tid=19251593 myPeerId=16Uiu2...Gas9Zu peerId= msgHash=0xb2e48fa73ae4e5566936b3a397aee15a12889747087e459e546fbb0f7db9ac0a sentTime=1791637769772103168
[2026-10-10 15:09:29.772] [out] [delivery_module] DBG 2026-10-10 15:09:29.772+02:00 Destination data                           tid=19251593 destination=MixDestination[MixNode](16Uiu2HAmTUbnxLGT9JvV6mu9oPyDjqHK4Phs1VDJNUgESgNSkuby)
[2026-10-10 15:09:29.772] [out] [delivery_module] DBG 2026-10-10 15:09:29.772+02:00 Selected mix node:                         tid=19251593 indexInPath=0 peerId=16Uiu2...TwqBiH
[2026-10-10 15:09:29.772] [out] [delivery_module] DBG 2026-10-10 15:09:29.772+02:00 Selected mix node:                         tid=19251593 indexInPath=1 peerId=16Uiu2...VpJprH
[2026-10-10 15:09:29.772] [out] [delivery_module] DBG 2026-10-10 15:09:29.772+02:00 Selected mix node:                         tid=19251593 indexInPath=2 peerId=16Uiu2...NSkuby
[2026-10-10 15:09:29.772] [out] [delivery_module] DBG 2026-10-10 15:09:29.772+02:00 Selected mix node for surbs:               tid=19251593 indexInPath=0 peerId=16Uiu2...VpJprH
[2026-10-10 15:09:29.772] [out] [delivery_module] DBG 2026-10-10 15:09:29.772+02:00 Selected mix node for surbs:               tid=19251593 indexInPath=1 peerId=16Uiu2...T3UNSE
[2026-10-10 15:09:29.870] [out] [delivery_module] DBG 2026-10-10 15:09:29.870+02:00 calculateConnectionState                   tid=19251593 relayCount=8 storeClientCount=6 lightpushCount=8 filterCount=8
[2026-10-10 15:09:30.606] [out] [delivery_module] INF 2026-10-10 15:09:30.606+02:00 Message received                           tid=19251593 msg_hash=0xb2e48fa73ae4e5566936b3a397aee15a12889747087e459e546fbb0f7db9ac0a contentTopic=/lp0026forum/1/general/text pubsubTopic=/waku/2/rs/3/7 source=live
[2026-10-10 15:09:30.955] [out] [delivery_module] DBG 2026-10-10 15:09:30.955+02:00 New stream created                         tid=19251593
[2026-10-10 15:09:31.374] [out] [delivery_module] DBG 2026-10-10 15:09:31.374+02:00 Message propagated via Mix                 topics="send service mix processor" tid=19251593 requestId=e7e26f6f1f3ad55e124c msgHash=0xb2e48fa73ae4e5566936b3a397aee15a12889747087e459e546fbb0f7db9ac0a
[2026-10-10 15:09:31.374] [out] [delivery_module] INF 2026-10-10 15:09:31.374+02:00 Message successfully propagated            topics="send service" tid=19251593 requestId=e7e26f6f1f3ad55e124c msgHash=withheld
[2026-10-10 15:09:31.374] [out] [delivery_module] INF 2026-10-10 15:09:31.374+02:00 Message successfully sent over mix         topics="send service" tid=19251593 requestId=e7e26f6f1f3ad55e124c
[2026-10-10 15:09:31.430] [out] [delivery_module] DBG 2026-10-10 15:09:31.430+02:00 New stream created                         tid=19251593
[QmlInspector] Client disconnected
[2026-10-10 15:09:31.605] [out] [delivery_module] DBG 2026-10-10 15:09:31.604+02:00 Getting adverts                            topics="service-disco discoverer" tid=19251593 serviceId=913b5c5dbe69...6f90568cea40 registrar=16Uiu2...Gas9Zu
[2026-10-10 15:09:31.605] [out] [delivery_module] DBG 2026-10-10 15:09:31.605+02:00 Adverts found                              topics="service-disco discoverer" tid=19251593 serviceId=913b5c5dbe69...6f90568cea40 remote=16Uiu2...Gas9Zu count=0
[2026-10-10 15:09:31.606] [out] [delivery_module] DBG 2026-10-10 15:09:31.606+02:00 Getting adverts                            topics="service-disco discoverer" tid=19251593 serviceId=913b5c5dbe69...6f90568cea40 registrar=16Uiu2...NSkuby
[2026-10-10 15:09:31.606] [out] [delivery_module] DBG 2026-10-10 15:09:31.606+02:00 Getting adverts                            topics="service-disco discoverer" tid=19251593 serviceId=913b5c5dbe69...6f90568cea40 registrar=16Uiu2...3H7QUd
[2026-10-10 15:09:31.606] [out] [delivery_module] DBG 2026-10-10 15:09:31.606+02:00 Creating stream                            tid=19251593
[2026-10-10 15:09:31.606] [out] [delivery_module] DBG 2026-10-10 15:09:31.606+02:00 New stream created                         tid=19251593
[2026-10-10 15:09:31.606] [out] [delivery_module] DBG 2026-10-10 15:09:31.606+02:00 Getting adverts                            topics="service-disco discoverer" tid=19251593 serviceId=913b5c5dbe69...6f90568cea40 registrar=16Uiu2...TwqBiH
[2026-10-10 15:09:31.606] [out] [delivery_module] DBG 2026-10-10 15:09:31.606+02:00 Getting adverts                            topics="service-disco discoverer" tid=19251593 serviceId=e6738033b5d4...cb0431b2f5d8 registrar=16Uiu2...Gas9Zu
[2026-10-10 15:09:31.606] [out] [delivery_module] DBG 2026-10-10 15:09:31.606+02:00 Adverts found                              topics="service-disco discoverer" tid=19251593 serviceId=e6738033b5d4...cb0431b2f5d8 remote=16Uiu2...Gas9Zu count=1
