[2026-10-10 15:09:27.808] [out] [delivery_module] DBG 2026-10-10 15:09:27.808+02:00 no listener registered                     tid=19251594 event=onConnectionChange
[2026-10-10 15:09:27.985] [out] [delivery_module] DBG 2026-10-10 15:09:27.985+02:00 created new pubsub peer                    topics="libp2p pubsub" tid=19251593 peerId=16Uiu2...kGyuEP
[2026-10-10 15:09:27.985] [out] [delivery_module] DBG 2026-10-10 15:09:27.985+02:00 no listener registered                     tid=19251594 event=onConnectionChange
[2026-10-10 15:09:28.079] [out] [delivery_module] DBG 2026-10-10 15:09:28.079+02:00 created new pubsub peer                    topics="libp2p pubsub" tid=19251593 peerId=16Uiu2...BjtNZZ
[2026-10-10 15:09:28.079] [out] [delivery_module] DBG 2026-10-10 15:09:28.079+02:00 no listener registered                     tid=19251594 event=onConnectionChange
[2026-10-10 15:09:28.214] [out] [delivery_module] DBG 2026-10-10 15:09:28.214+02:00 Event identified                           topics="waku node peer_manager" tid=19251593 peerId=16Uiu2...kGyuEP
[2026-10-10 15:09:28.214] [out] [delivery_module] DBG 2026-10-10 15:09:28.214+02:00 no listener registered                     tid=19251594 event=onConnectionChange
[2026-10-10 15:09:28.248] [out] [delivery_module] DBG 2026-10-10 15:09:28.248+02:00 Event identified                           topics="waku node peer_manager" tid=19251593 peerId=16Uiu2...BjtNZZ
[2026-10-10 15:09:28.248] [out] [delivery_module] DBG 2026-10-10 15:09:28.248+02:00 no listener registered                     tid=19251594 event=onConnectionChange
[2026-10-10 15:09:28.400] [out] [delivery_module] DBG 2026-10-10 15:09:28.400+02:00 Received WakuMetadata request              topics="waku metadata" tid=19251593 remoteClusterId=ok(3) remoteShards="[5, 0, 2, 1, 4, 7, 3, 6]" localClusterId=3 localShards="[7]" peer=16Uiu2...BjtNZZ
[2026-10-10 15:09:28.543] [out] [delivery_module] DBG 2026-10-10 15:09:28.543+02:00 no listener registered                     tid=19251594 event=onConnectionChange
[2026-10-10 15:09:28.650] [out] [delivery_module] DBG 2026-10-10 15:09:28.650+02:00 no listener registered                     tid=19251594 event=onConnectionChange
[2026-10-10 15:09:28.670] [out] [delivery_module] DBG 2026-10-10 15:09:28.670+02:00 Received WakuMetadata request              topics="waku metadata" tid=19251593 remoteClusterId=ok(3) remoteShards="[5, 0, 2, 1, 4, 7, 3, 6]" localClusterId=3 localShards="[7]" peer=16Uiu2...kGyuEP
[2026-10-10 15:09:28.780] [out] [delivery_module] DBG 2026-10-10 15:09:28.780+02:00 created new pubsub peer                    topics="libp2p pubsub" tid=19251593 peerId=16Uiu2...T3UNSE
[2026-10-10 15:09:28.780] [out] [delivery_module] DBG 2026-10-10 15:09:28.780+02:00 no listener registered                     tid=19251594 event=onConnectionChange
[2026-10-10 15:09:28.995] [out] [delivery_module] DBG 2026-10-10 15:09:28.995+02:00 Peer dial started                          topics="libp2p dialer" tid=19251593 peerId=16Uiu2...NmmnVv addresses="[/ip4/143.105.219.245/udp/60401/quic-v1, /ip4/143.105.219.245/tcp/61976]"
[2026-10-10 15:09:29.238] [out] [delivery_module] DBG 2026-10-10 15:09:29.238+02:00 Event identified                           topics="waku node peer_manager" tid=19251593 peerId=16Uiu2...T3UNSE
[2026-10-10 15:09:29.239] [out] [delivery_module] DBG 2026-10-10 15:09:29.239+02:00 no listener registered                     tid=19251594 event=onConnectionChange
[2026-10-10 15:09:29.513] [out] [delivery_module] DBG 2026-10-10 15:09:29.513+02:00 Received WakuMetadata request              topics="waku metadata" tid=19251593 remoteClusterId=ok(3) remoteShards="[5, 0, 2, 1, 4, 7, 3, 6]" localClusterId=3 localShards="[7]" peer=16Uiu2...T3UNSE
[2026-10-10 15:09:29.753] [out] [delivery_module] DBG 2026-10-10 15:09:29.753+02:00 no listener registered                     tid=19251594 event=onConnectionChange
[2026-10-10 15:09:29.754] [out] [delivery_module] DBG 2026-10-10 15:09:29.754+02:00 Finished dialing multiple peers            tid=19251593 successfulConns=6 attempted=6
[2026-10-10 15:09:29.754] [out] [delivery_module] DBG 2026-10-10 15:09:29.754+02:00 Dialing multiple peers                     topics="waku node peer_manager" tid=19251593 numOfPeers=1 nodes=@[16Uiu2HAm1MeL9HxBACouZAWXsHDmSwVU2VcV6VZ3UXp1qNNmmnVv]
[2026-10-10 15:09:29.755] [out] [delivery_module] INF 2026-10-10 15:09:29.755+02:00 Relay peer connections                     topics="waku node peer_manager" tid=19251593 inRelayConns=0/50 outRelayConns=8/25 totalConnections=8/150 notConnectedPeers=1 outsideBackoffPeers=1
[2026-10-10 15:09:29.757] [out] [delivery_module] DBG 2026-10-10 15:09:29.757+02:00 peer filtering updated                     topics="waku discv5" tid=19251593
[2026-10-10 15:09:29.757] [out] [delivery_module] DBG 2026-10-10 15:09:29.757+02:00 peer filtering updated                     topics="waku discv5" tid=19251593
[2026-10-10 15:09:29.758] [out] [delivery_module] DBG 2026-10-10 15:09:29.758+02:00 peer filtering updated                     topics="waku discv5" tid=19251593
[2026-10-10 15:09:29.758] [out] [delivery_module] DBG 2026-10-10 15:09:29.758+02:00 peer filtering updated                     topics="waku discv5" tid=19251593
[2026-10-10 15:09:29.759] [out] [delivery_module] DBG 2026-10-10 15:09:29.759+02:00 peer filtering updated                     topics="waku discv5" tid=19251593
[2026-10-10 15:09:29.759] [out] [delivery_module] DBG 2026-10-10 15:09:29.759+02:00 peer filtering updated                     topics="waku discv5" tid=19251593
[2026-10-10 15:09:29.760] [out] [delivery_module] DBG 2026-10-10 15:09:29.760+02:00 peer filtering updated                     topics="waku discv5" tid=19251593
[2026-10-10 15:09:29.760] [out] [delivery_module] DBG 2026-10-10 15:09:29.760+02:00 ENR shards updated                         topics="waku discv5" tid=19251593 enrUri=enr:-K24QJSgj-RKnlYN7ZMixqXL8i_z0oN-HyIXWI6D03qjGByYVYC50SpJOIqLlR62F7uauwbHgGWykX8VXtiBF1D0D5QNgmlkgnY0im11bHRpYWRkcnOAgnJzkwADCAAAAAEAAgADAAQABQAGAAeJc2VjcDI1NmsxoQP8tSY52-HfpUzo4c_ZQm6xeDyzTwRB1r-i1RJ1PV9v1IN0Y3CCy-2DdWRwgt3qhXdha3UyLQ add=true
[2026-10-10 15:09:29.760] [out] [delivery_module] NTC 2026-10-10 15:09:29.760+02:00 ENR carries no reachable host, so peers cannot dial this node. Set --nat, --ext-ip, --dns4-domain-name or --ext-multiaddr to advertise one topics="wakunode waku" tid=19251593
[2026-10-10 15:09:29.763] [out] [delivery_module] INF 2026-10-10 15:09:29.763+02:00 advertising this node on the delivery network topics="waku discovery advertise" tid=19251593 backend=service protocols="[/vac/waku/relay/2.0.0, /vac/waku/filter-subscribe/2.0.0-beta1, /vac/waku/lightpush/3.0.0, /mix/1.0.0]"
[2026-10-10 15:09:29.763] [out] [delivery_module] DBG 2026-10-10 15:09:29.763+02:00 Register interest                          topics="service-disco discoverer" tid=19251593 service=/mix/1.0.0 serviceId=913b5c5dbe69...6f90568cea40
[2026-10-10 15:09:29.763] [out] [delivery_module] DBG 2026-10-10 15:09:29.763+02:00 Added service to discover                  topics="waku service discovery" tid=19251593 service=/mix/1.0.0
[2026-10-10 15:09:29.763] [out] [delivery_module] DBG 2026-10-10 15:09:29.763+02:00 Added provided service                     topics="service-disco advertiser" tid=19251593 service=/mix/1.0.0 serviceId=913b5c5dbe69...6f90568cea40
[2026-10-10 15:09:29.765] [out] [delivery_module] DBG 2026-10-10 15:09:29.765+02:00 Added service to advertise                 topics="waku service discovery" tid=19251593 service=/mix/1.0.0
[2026-10-10 15:09:29.765] [out] [delivery_module] INF 2026-10-10 15:09:29.765+02:00 advertising this node as a mix node        topics="waku discovery advertise" tid=19251593 backend=service
[2026-10-10 15:09:29.767] [out] [delivery_module] DBG 2026-10-10 15:09:29.767+02:00 calculateConnectionState                   tid=19251593 relayCount=8 storeClientCount=6 lightpushCount=8 filterCount=8
[2026-10-10 15:09:29.767] [out] [delivery_module] INF 2026-10-10 15:09:29.767+02:00 starting keepalive                         tid=19251593 randomPeersKeepalive=10s allPeersKeepalive=2m
[2026-10-10 15:09:29.767] [out] [delivery_module] DBG 2026-10-10 15:09:29.767+02:00 no listener registered                     tid=19251594 event=onTopicHealthChange
[2026-10-10 15:09:29.767] [out] [delivery_module] DBG 2026-10-10 15:09:29.767+02:00 no listener registered                     tid=19251594 event=onTopicHealthChange
[2026-10-10 15:09:29.767] [out] [delivery_module] DBG 2026-10-10 15:09:29.767+02:00 no listener registered                     tid=19251594 event=onTopicHealthChange
[2026-10-10 15:09:29.767] [out] [delivery_module] DBG 2026-10-10 15:09:29.767+02:00 no listener registered                     tid=19251594 event=onTopicHealthChange
[2026-10-10 15:09:29.767] [out] [delivery_module] DBG 2026-10-10 15:09:29.767+02:00 no listener registered                     tid=19251594 event=onTopicHealthChange
[2026-10-10 15:09:29.767] [out] [delivery_module] DBG 2026-10-10 15:09:29.767+02:00 no listener registered                     tid=19251594 event=onTopicHealthChange
[2026-10-10 15:09:29.767] [out] [delivery_module] DBG 2026-10-10 15:09:29.767+02:00 no listener registered                     tid=19251594 event=onTopicHealthChange
[2026-10-10 15:09:29.771] [out] [delivery_module] DBG 2026-10-10 15:09:29.771+02:00 Trying message delivery via Mix            topics="send service mix processor" tid=19251593 requestId=e7e26f6f1f3ad55e124c msgHash=0xb2e48fa73ae4e5566936b3a397aee15a12889747087e459e546fbb0f7db9ac0a tryCount=1
[2026-10-10 15:09:29.772] [out] [delivery_module] DBG 2026-10-10 15:09:29.772+02:00 Publishing message with lightpush          topics="waku node lightpush api" tid=19251593 pubsubTopic=/waku/2/rs/3/7 contentTopic=/lp0026forum/1/general/text target_peer_id=16Uiu2...NSkuby msg_hash=0xb2e48fa73ae4e5566936b3a397aee15a12889747087e459e546fbb0f7db9ac0a mixify=true
[2026-10-10 15:09:29.772] [out] [delivery_module] DBG 2026-10-10 15:09:29.772+02:00 Publish                                    topics="waku lightpush client" tid=19251593 myPeerId=16Uiu2...Gas9Zu peerId= msgHash=0xb2e48fa73ae4e5566936b3a397aee15a12889747087e459e546fbb0f7db9ac0a sentTime=1791637769772103168
[2026-10-10 15:09:29.772] [out] [delivery_module] DBG 2026-10-10 15:09:29.772+02:00 Destination data                           tid=19251593 destination=MixDestination[MixNode](16Uiu2HAmTUbnxLGT9JvV6mu9oPyDjqHK4Phs1VDJNUgESgNSkuby)
[2026-10-10 15:09:29.772] [out] [delivery_module] DBG 2026-10-10 15:09:29.772+02:00 Selected mix node:                         tid=19251593 indexInPath=0 peerId=16Uiu2...TwqBiH
[2026-10-10 15:09:29.772] [out] [delivery_module] DBG 2026-10-10 15:09:29.772+02:00 Selected mix node:                         tid=19251593 indexInPath=1 peerId=16Uiu2...VpJprH
[2026-10-10 15:09:29.772] [out] [delivery_module] DBG 2026-10-10 15:09:29.772+02:00 Selected mix node:                         tid=19251593 indexInPath=2 peerId=16Uiu2...NSkuby
[2026-10-10 15:09:29.772] [out] [delivery_module] DBG 2026-10-10 15:09:29.772+02:00 Selected mix node for surbs:               tid=19251593 indexInPath=0 peerId=16Uiu2...VpJprH
[2026-10-10 15:09:29.772] [out] [delivery_module] DBG 2026-10-10 15:09:29.772+02:00 Selected mix node for surbs:               tid=19251593 indexInPath=1 peerId=16Uiu2...T3UNSE
[2026-10-10 15:09:29.870] [out] [delivery_module] DBG 2026-10-10 15:09:29.870+02:00 calculateConnectionState                   tid=19251593 relayCount=8 storeClientCount=6 lightpushCount=8 filterCount=8
[2026-10-10 15:09:31.374] [out] [delivery_module] DBG 2026-10-10 15:09:31.374+02:00 Message propagated via Mix                 topics="send service mix processor" tid=19251593 requestId=e7e26f6f1f3ad55e124c msgHash=0xb2e48fa73ae4e5566936b3a397aee15a12889747087e459e546fbb0f7db9ac0a
[2026-10-10 15:09:31.374] [out] [delivery_module] INF 2026-10-10 15:09:31.374+02:00 Message successfully propagated            topics="send service" tid=19251593 requestId=e7e26f6f1f3ad55e124c msgHash=withheld
[2026-10-10 15:09:31.374] [out] [delivery_module] INF 2026-10-10 15:09:31.374+02:00 Message successfully sent over mix         topics="send service" tid=19251593 requestId=e7e26f6f1f3ad55e124c
