run-logos-standalone-ui: hot-reloading QML from <repo>/src/qml
  (export DEV_QML_PATH to override, or LOGOS_QML_HOT_RELOAD=0 to disable)
Session directory: "~/Library/Application Support/Logos/LogosStandalone"
[2026-10-10 15:09:13.141] [info] [logos] Granting host services to 'capability_module': token_registry,token_delivery
[2026-10-10 15:09:13.340] [out] [capability_module] [2026-10-10 15:09:13.336] [info] Granting host services to capability_module: ["token_registry","token_delivery"]
RemoteTransportConnection: Connecting to registry: "local:logos_capability_module_7805079f2a33" at "15:09:13.346"
RemoteTransportConnection: Registry connect attempt started (no peer contact yet): "local:logos_capability_module_7805079f2a33"
LogosAPIConsumer: Informing module token for module: "capability_module" with token: "redacted:0feb36d8…"
RemoteTransportConnection: Requesting object: "capability_module" at "15:09:13.347"
[LogosObject] RemoteTransportConnection: returning RemoteLogosObject for: "capability_module"
[LogosObject] Created RemoteLogosObject wrapping QRemoteObjectReplica 105553143956416
[LogosObject] LogosAPIConsumer: calling LogosObject::informModuleToken for "capability_module"
LogosAPIConsumer: informModuleToken completed with result: true
[LogosObject] Destroying RemoteLogosObject 0
[2026-10-10 15:09:13.432] [info] [logos] Module loaded: capability_module
LogosAPIConsumer: Informing module token for module: "modules_state" with token: "redacted:3e326678…"
RemoteTransportConnection: Requesting object: "capability_module" at "15:09:13.937"
[LogosObject] RemoteTransportConnection: returning RemoteLogosObject for: "capability_module"
[LogosObject] Created RemoteLogosObject wrapping QRemoteObjectReplica 105553143857504
[LogosObject] LogosAPIConsumer: calling LogosObject::informModuleToken for "modules_state"
LogosAPIConsumer: informModuleToken completed with result: true
[LogosObject] Destroying RemoteLogosObject 0
[2026-10-10 15:09:14.037] [info] [logos] Module loaded: modules_state
RemoteTransportConnection: Connecting to registry: "local:logos_modules_state_7805079f2a33" at "15:09:14.037"
RemoteTransportConnection: Registry connect attempt started (no peer contact yet): "local:logos_modules_state_7805079f2a33"
RemoteTransportConnection: Connecting to registry: "local:logos_capability_module_7805079f2a33" at "15:09:14.038"
RemoteTransportConnection: Registry connect attempt started (no peer contact yet): "local:logos_capability_module_7805079f2a33"
LogosAPIConsumer: '"modules_state"::""' deferred pending the module becoming reachable
LogosAPIConsumer: '"modules_state"::""' deferred pending the module becoming reachable
Logos Core started (modules dir: "/nix/store/gxna1vv93drk0r01vph163c8q3dw4ng4-logos-forum_module-plugin-dir-modules" )
Set app icon from metadata: "/nix/store/h59z783ls34w3ah4nbkxka51ra4xpv9s-logos-forum_module-plugin-dir/src/icons/icon.png"
[2026-10-10 15:09:14.336] [info] [logos] [delivery_module] DeliveryModuleImpl: Initializing...
LogosAPIConsumer: Informing module token for module: "delivery_module" with token: "redacted:b31cb0d4…"
RemoteTransportConnection: Requesting object: "capability_module" at "15:09:14.341"
[LogosObject] RemoteTransportConnection: returning RemoteLogosObject for: "capability_module"
[LogosObject] Created RemoteLogosObject wrapping QRemoteObjectReplica 105553143965184
[LogosObject] LogosAPIConsumer: calling LogosObject::informModuleToken for "delivery_module"
[LogosObject] Created RemoteLogosObject wrapping QRemoteObjectReplica 105553144051168
LogosAPIClient: invoking remote method "modules_state" "apply_snapshot" args_count: 1
LogosAPIClient: getToken for module: "modules_state"
LogosAPIClient: Found token for module: "modules_state"
LogosAPIConsumer: Calling invokeRemoteMethod: "modules_state" "apply_snapshot" args_count: 1 timeout: 20000
RemoteTransportConnection: Requesting object: "modules_state" at "15:09:14.345"
[LogosObject] RemoteTransportConnection: returning RemoteLogosObject for: "modules_state"
[LogosObject] Created RemoteLogosObject wrapping QRemoteObjectReplica 105553144015232
[LogosObject] LogosAPIConsumer: calling via LogosObject::callMethod "apply_snapshot"
[LogosObject] RemoteLogosObject::callMethod "apply_snapshot" args: 1
[2026-10-10 15:09:14.349] [info] [logos] Pushed module snapshot to modules_state
LogosAPIClient: getToken for module: "modules_state"
LogosAPIClient: Found token for module: "modules_state"
[LogosObject] LogosAPIConsumer: async calling via LogosObject::callMethodAsync "note_transition"
[LogosObject] RemoteLogosObject::callMethodAsync "note_transition" args: 7
LogosAPIClient: getToken for module: "modules_state"
LogosAPIClient: Found token for module: "modules_state"
[LogosObject] LogosAPIConsumer: async calling via LogosObject::callMethodAsync "note_transition"
[LogosObject] RemoteLogosObject::callMethodAsync "note_transition" args: 7
LogosAPIConsumer: informModuleToken completed with result: true
[LogosObject] Destroying RemoteLogosObject 0
[2026-10-10 15:09:14.350] [info] [logos] Module loaded: delivery_module
RemoteTransportConnection: Connecting to registry: "local:logos_delivery_module_7805079f2a33" at "15:09:14.351"
RemoteTransportConnection: Registry connect attempt started (no peer contact yet): "local:logos_delivery_module_7805079f2a33"
RemoteTransportConnection: Connecting to registry: "local:logos_capability_module_7805079f2a33" at "15:09:14.351"
RemoteTransportConnection: Registry connect attempt started (no peer contact yet): "local:logos_capability_module_7805079f2a33"
LogosAPIConsumer: '"delivery_module"::""' deferred pending the module becoming reachable
LogosAPIClient: getToken for module: "modules_state"
LogosAPIClient: Found token for module: "modules_state"
[LogosObject] LogosAPIConsumer: async calling via LogosObject::callMethodAsync "note_transition"
[LogosObject] RemoteLogosObject::callMethodAsync "note_transition" args: 7
Loaded dependency (with transitive deps): "delivery_module"
[2026-10-10 15:09:14.468] [info] [logos] [storage_module] StorageModuleImpl: Initializing...
LogosAPIConsumer: Informing module token for module: "storage_module" with token: "redacted:e3b13084…"
RemoteTransportConnection: Requesting object: "capability_module" at "15:09:14.470"
[LogosObject] RemoteTransportConnection: returning RemoteLogosObject for: "capability_module"
[LogosObject] Created RemoteLogosObject wrapping QRemoteObjectReplica 105553143834496
[LogosObject] LogosAPIConsumer: calling LogosObject::informModuleToken for "storage_module"
LogosAPIConsumer: informModuleToken completed with result: true
[LogosObject] Destroying RemoteLogosObject 0
[2026-10-10 15:09:14.471] [info] [logos] Module loaded: storage_module
RemoteTransportConnection: Connecting to registry: "local:logos_storage_module_7805079f2a33" at "15:09:14.471"
RemoteTransportConnection: Registry connect attempt started (no peer contact yet): "local:logos_storage_module_7805079f2a33"
RemoteTransportConnection: Connecting to registry: "local:logos_capability_module_7805079f2a33" at "15:09:14.471"
RemoteTransportConnection: Registry connect attempt started (no peer contact yet): "local:logos_capability_module_7805079f2a33"
LogosAPIConsumer: '"storage_module"::""' deferred pending the module becoming reachable
LogosAPIClient: getToken for module: "modules_state"
LogosAPIClient: Found token for module: "modules_state"
[LogosObject] LogosAPIConsumer: async calling via LogosObject::callMethodAsync "note_transition"
[LogosObject] RemoteLogosObject::callMethodAsync "note_transition" args: 7
LogosAPIClient: getToken for module: "modules_state"
LogosAPIClient: Found token for module: "modules_state"
[LogosObject] LogosAPIConsumer: async calling via LogosObject::callMethodAsync "note_transition"
[LogosObject] RemoteLogosObject::callMethodAsync "note_transition" args: 7
Loaded dependency (with transitive deps): "storage_module"
DEV_QML_PATH override active: <repo>/src/qml/Main.qml
RemoteTransportConnection: Connecting to registry: "local:logos_capability_module_7805079f2a33" at "15:09:14.472"
RemoteTransportConnection: Registry connect attempt started (no peer contact yet): "local:logos_capability_module_7805079f2a33"
LogosAPIConsumer: Informing module token for module: "forum_module" with token: "redacted:9c8baee5…"
RemoteTransportConnection: Requesting object: "capability_module" at "15:09:14.472"
[LogosObject] Created RemoteLogosObject wrapping QRemoteObjectReplica 105553144017888
LogosAPIClient: getToken for module: "modules_state"
LogosAPIClient: Found token for module: "modules_state"
[LogosObject] LogosAPIConsumer: async calling via LogosObject::callMethodAsync "note_transition"
[LogosObject] RemoteLogosObject::callMethodAsync "note_transition" args: 7
[LogosObject] Created RemoteLogosObject wrapping QRemoteObjectReplica 105553143965536
LogosAPIClient: getToken for module: "modules_state"
LogosAPIClient: Found token for module: "modules_state"
[LogosObject] LogosAPIConsumer: async calling via LogosObject::callMethodAsync "note_transition"
[LogosObject] RemoteLogosObject::callMethodAsync "note_transition" args: 7
[LogosObject] RemoteTransportConnection: returning RemoteLogosObject for: "capability_module"
[LogosObject] Created RemoteLogosObject wrapping QRemoteObjectReplica 105553144031808
[LogosObject] LogosAPIConsumer: calling LogosObject::informModuleToken for "forum_module"
LogosAPIConsumer: informModuleToken completed with result: true
[LogosObject] Destroying RemoteLogosObject 0
qt.qpa.fonts: Populating font family aliases took 170 ms. Replace uses of missing font family "Public Sans" with one that exists to avoid this cost. 
Loaded UI plugin: "/nix/store/h59z783ls34w3ah4nbkxka51ra4xpv9s-logos-forum_module-plugin-dir"
[QmlInspector] Inspector server listening on port 3769
[QmlInspector] Client connected from "::1"
[2026-10-10 15:09:21.551] [warning] [logos] [capability_module] Warning: QObject::connect: No such signal ::eventResponse(QString,QVariantList)
[2026-10-10 15:09:21.551] [info] [logos] [delivery_module] DeliveryModuleImpl::getNodeInfo called with nodeInfoId: MyPeerId
[2026-10-10 15:09:21.552] [info] [logos] [delivery_module] DeliveryModuleImpl: Cannot get node info - context not initialized. Call createNode first.
[2026-10-10 15:09:21.552] [info] [logos] [delivery_module] DeliveryModuleImpl::createNode called
[2026-10-10 15:09:21.561] [info] [logos] [delivery_module] DeliveryModuleImpl: Waiting for createNode callback...
[2026-10-10 15:09:21.563] [out] [delivery_module] DBG 2026-10-10 15:09:21.562+02:00 Whether to mount storeSync is not specified, defaulting to not mounting topics="waku conf builder" tid=19251595
[2026-10-10 15:09:21.563] [out] [delivery_module] NTC 2026-10-10 15:09:21.563+02:00 No node key provided, generated a new one; identity will not persist across restarts topics="waku conf builder" tid=19251595
[2026-10-10 15:09:21.563] [out] [delivery_module] INF 2026-10-10 15:09:21.563+02:00 Sharding configuration:                    topics="waku conf builder" tid=19251595 shardingConf="(kind: AutoSharding, numShardsInCluster: 8)" subscribeShards="@[0, 1, 2, 3, 4, 5, 6, 7]"
[2026-10-10 15:09:21.563] [out] [delivery_module] WRN 2026-10-10 15:09:21.563+02:00 configuration flag ignored                 topics="waku cli args" tid=19251595 detail="--websocket-port is ignored: --websocket-support is not enabled"
[2026-10-10 15:09:21.564] [out] [delivery_module] INF 2026-10-10 15:09:21.563+02:00 Configuration: Enabled protocols           topics="waku conf" tid=19251595 relay=true rlnRelay=false store=false filter=true lightPush=true peerExchange=true rendezvous=true
[2026-10-10 15:09:21.564] [out] [delivery_module] INF 2026-10-10 15:09:21.563+02:00 Configuration. Network                     topics="waku conf" tid=19251595 cluster=3
[2026-10-10 15:09:21.564] [out] [delivery_module] DBG 2026-10-10 15:09:21.563+02:00 Configuration. Active Relay Shards         topics="waku conf" tid=19251595 shard=0
[2026-10-10 15:09:21.564] [out] [delivery_module] DBG 2026-10-10 15:09:21.563+02:00 Configuration. Active Relay Shards         topics="waku conf" tid=19251595 shard=1
[2026-10-10 15:09:21.564] [out] [delivery_module] DBG 2026-10-10 15:09:21.563+02:00 Configuration. Active Relay Shards         topics="waku conf" tid=19251595 shard=2
[2026-10-10 15:09:21.564] [out] [delivery_module] DBG 2026-10-10 15:09:21.563+02:00 Configuration. Active Relay Shards         topics="waku conf" tid=19251595 shard=3
[2026-10-10 15:09:21.564] [out] [delivery_module] DBG 2026-10-10 15:09:21.563+02:00 Configuration. Active Relay Shards         topics="waku conf" tid=19251595 shard=4
[2026-10-10 15:09:21.564] [out] [delivery_module] DBG 2026-10-10 15:09:21.563+02:00 Configuration. Active Relay Shards         topics="waku conf" tid=19251595 shard=5
[2026-10-10 15:09:21.564] [out] [delivery_module] DBG 2026-10-10 15:09:21.563+02:00 Configuration. Active Relay Shards         topics="waku conf" tid=19251595 shard=6
[2026-10-10 15:09:21.564] [out] [delivery_module] DBG 2026-10-10 15:09:21.564+02:00 Configuration. Active Relay Shards         topics="waku conf" tid=19251595 shard=7
[2026-10-10 15:09:21.564] [out] [delivery_module] INF 2026-10-10 15:09:21.564+02:00 Setting up storage                         tid=19251595
[2026-10-10 15:09:21.564] [out] [delivery_module] INF 2026-10-10 15:09:21.564+02:00 Initializing node                          tid=19251595
[2026-10-10 15:09:21.565] [out] [delivery_module] INF 2026-10-10 15:09:21.565+02:00 Setting up NATService                      topics="libp2p natservice" tid=19251595 portMapping=true reachability=false holePunching=false
[2026-10-10 15:09:21.565] [out] [delivery_module] INF 2026-10-10 15:09:21.565+02:00 Initializing networking                    tid=19251595 addrs="@[/ip4/0.0.0.0/tcp/0, /ip4/0.0.0.0/udp/0/quic-v1]"
[2026-10-10 15:09:21.565] [out] [delivery_module] INF 2026-10-10 15:09:21.565+02:00 Mounting protocols                         tid=19251595
[2026-10-10 15:09:21.565] [out] [delivery_module] INF 2026-10-10 15:09:21.565+02:00 Created WakuMetadata protocol              topics="waku node" tid=19251595 clusterId=3 shards="[0, 1, 2, 3, 4, 5, 6, 7]"
[2026-10-10 15:09:21.565] [out] [delivery_module] INF 2026-10-10 15:09:21.565+02:00 Mounting mix protocol                      topics="waku node" tid=19251595INF 2026-10-10 15:09:21.565+02:00 node info                                  topics="waku node" tid=19251595 wakuInfo="(listenAddresses: [/ip4/0.0.0.0/tcp/0/p2p/16Uiu2HAmDxFW65dZVPRDVknRWBzq4XjYHeWT3uc9rEzXpx3H7QUd, /ip4/0.0.0.0/udp/0/quic-v1/p2p/16Uiu2HAmDxFW65dZVPRDVknRWBzq4XjYHeWT3uc9rEzXpx3H7QUd], enrUri: enr:-JO4QOV2ejzVmjKFOsohuqkVvC1JAfOA3mruJMxyDbgZBRJnd9jSKlJ-c3-AoR-4h6qTf-AWxoTNsyoE7dk8HgyptngBgmlkgnY0gnJzkwADCAAAAAEAAgADAAQABQAGAAeJc2VjcDI1NmsxoQMTR7FYyBHJGYWBF5tO1D2uNFnqCPTtV6pCVEfLNQ027oV3YWt1Mi0, mixPubKey: none())"
[2026-10-10 15:09:21.565] [out] [delivery_module]  nodeId="(listenAddresses: [/ip4/0.0.0.0/tcp/0/p2p/16Uiu2HAmDxFW65dZVPRDVknRWBzq4XjYHeWT3uc9rEzXpx3H7QUd, /ip4/0.0.0.0/udp/0/quic-v1/p2p/16Uiu2HAmDxFW65dZVPRDVknRWBzq4XjYHeWT3uc9rEzXpx3H7QUd], enrUri: enr:-JO4QOV2ejzVmjKFOsohuqkVvC1JAfOA3mruJMxyDbgZBRJnd9jSKlJ-c3-AoR-4h6qTf-AWxoTNsyoE7dk8HgyptngBgmlkgnY0gnJzkwADCAAAAAEAAgADAAQABQAGAAeJc2VjcDI1NmsxoQMTR7FYyBHJGYWBF5tO1D2uNFnqCPTtV6pCVEfLNQ027oV3YWt1Mi0, mixPubKey: none())"
[2026-10-10 15:09:21.565] [out] [delivery_module] INF 2026-10-10 15:09:21.565+02:00 local addr                                 topics="waku node" tid=19251595 localaddr=/ip4/0.0.0.0/tcp/0
[2026-10-10 15:09:21.565] [out] [delivery_module] INF 2026-10-10 15:09:21.565+02:00 mixPubKey                                  topics="waku node" tid=19251595 mixPubKey="[132, 130, 72, 11, 197, 143, 173, 249, 85, 176, 133, 115, 254, 59, 238, 20, 43, 150, 18, 49, 239, 244, 14, 198, 12, 114, 174, 173, 224, 176, 66, 70]"
[2026-10-10 15:09:21.565] [out] [delivery_module] INF 2026-10-10 15:09:21.565+02:00 Using mix bootstrap nodes                  topics="waku mix" tid=19251595 entries=0 poolSize=0
[2026-10-10 15:09:21.565] [out] [delivery_module] INF 2026-10-10 15:09:21.565+02:00 Mix cannot publish yet, waiting for more mix nodes topics="waku node" tid=19251595 poolSize=0 required=4
[2026-10-10 15:09:21.567] [out] [delivery_module] INF 2026-10-10 15:09:21.567+02:00 mounting store client                      topics="waku node store api" tid=19251595
[2026-10-10 15:09:21.567] [out] [delivery_module] INF 2026-10-10 15:09:21.567+02:00 Mounting auto sharding                     topics="waku node" tid=19251595 clusterId=3 shardCount=8
[2026-10-10 15:09:21.567] [out] [delivery_module] DBG 2026-10-10 15:09:21.567+02:00 Setting max message size                   tid=19251595 num_bytes=153600
[2026-10-10 15:09:21.567] [out] [delivery_module] INF 2026-10-10 15:09:21.567+02:00 mounting relay protocol                    topics="waku node relay api" tid=19251595
[2026-10-10 15:09:21.567] [out] [delivery_module] DBG 2026-10-10 15:09:21.567+02:00 relay mounted successfully                 topics="waku node relay api" tid=19251595
[2026-10-10 15:09:21.567] [out] [delivery_module] DBG 2026-10-10 15:09:21.567+02:00 Adding validator to signed shards          tid=19251595 protectedShards=[] clusterId=3
[2026-10-10 15:09:21.567] [out] [delivery_module] INF 2026-10-10 15:09:21.567+02:00 Mounting rendezvous discovery protocol     topics="waku node" tid=19251595
[2026-10-10 15:09:21.567] [out] [delivery_module] INF 2026-10-10 15:09:21.567+02:00 Waku rendezvous initialized                topics="waku node" tid=19251595 clusterId=3 shards="[0, 1, 2, 3, 4, 5, 6, 7]" capabilities="[Relay, Filter, Lightpush, Mix]" wakuPeerRecord="(peerId: 16Uiu2...3H7QUd, seqNo: 1791637761, addresses: [/ip4/0.0.0.0/tcp/0, /ip4/0.0.0.0/udp/0/quic-v1], mixKey: 0x8482480bc58fadf955b08573fe3bee142b961231eff40ec60c72aeade0b04246)"
[2026-10-10 15:09:21.567] [out] [delivery_module] INF 2026-10-10 15:09:21.567+02:00 Mounting rendezvous client                 topics="waku node" tid=19251595
[2026-10-10 15:09:21.568] [out] [delivery_module] INF 2026-10-10 15:09:21.567+02:00 Waku rendezvous client initialized         topics="waku node" tid=19251595 clusterId=3
[2026-10-10 15:09:21.568] [out] [delivery_module] INF 2026-10-10 15:09:21.568+02:00 mounting libp2p ping protocol              topics="waku node ping api" tid=19251595
[2026-10-10 15:09:21.568] [out] [delivery_module] INF 2026-10-10 15:09:21.568+02:00 No RLN backend configured; RLN is off      tid=19251595
[2026-10-10 15:09:21.568] [out] [delivery_module] INF 2026-10-10 15:09:21.568+02:00 mounting light push                        topics="waku node lightpush api" tid=19251595
[2026-10-10 15:09:21.568] [out] [delivery_module] INF 2026-10-10 15:09:21.568+02:00 mounting lightpush with relay              topics="waku node lightpush api" tid=19251595
[2026-10-10 15:09:21.568] [out] [delivery_module] DBG 2026-10-10 15:09:21.568+02:00 lightpush mounted successfully             topics="waku node lightpush api" tid=19251595
[2026-10-10 15:09:21.568] [out] [delivery_module] INF 2026-10-10 15:09:21.568+02:00 mounting legacy light push                 topics="waku node lightpush api" tid=19251595
[2026-10-10 15:09:21.568] [out] [delivery_module] INF 2026-10-10 15:09:21.568+02:00 mounting legacy lightpush with relay       topics="waku node lightpush api" tid=19251595
[2026-10-10 15:09:21.568] [out] [delivery_module] DBG 2026-10-10 15:09:21.568+02:00 legacy lightpush mounted successfully      topics="waku node lightpush api" tid=19251595
[2026-10-10 15:09:21.568] [out] [delivery_module] INF 2026-10-10 15:09:21.568+02:00 mounting light push client                 topics="waku node lightpush api" tid=19251595
[2026-10-10 15:09:21.568] [out] [delivery_module] INF 2026-10-10 15:09:21.568+02:00 mounting legacy light push client          topics="waku node lightpush api" tid=19251595
[2026-10-10 15:09:21.568] [out] [delivery_module] INF 2026-10-10 15:09:21.568+02:00 mounting filter protocol                   topics="waku node filter api" tid=19251595
[2026-10-10 15:09:21.568] [out] [delivery_module] INF 2026-10-10 15:09:21.568+02:00 Starting filter protocol                   topics="waku filter" tid=19251595
[2026-10-10 15:09:21.568] [out] [delivery_module] DBG 2026-10-10 15:09:21.568+02:00 Starting to maintain subscriptions         topics="waku filter" tid=19251595
[2026-10-10 15:09:21.568] [out] [delivery_module] DBG 2026-10-10 15:09:21.568+02:00 Maintaining subscriptions                  topics="waku filter" tid=19251595
[2026-10-10 15:09:21.568] [out] [delivery_module] DBG 2026-10-10 15:09:21.568+02:00 Cleanup                                    topics="waku filter subscriptions" tid=19251595 currentPeerIds=[]
[2026-10-10 15:09:21.568] [out] [delivery_module] DBG 2026-10-10 15:09:21.568+02:00 After cleanup                              topics="waku filter subscriptions" tid=19251595 currentPeerIds=[]
[2026-10-10 15:09:21.568] [out] [delivery_module] INF 2026-10-10 15:09:21.568+02:00 mounting filter client                     topics="waku node filter api" tid=19251595
[2026-10-10 15:09:21.568] [out] [delivery_module] INF 2026-10-10 15:09:21.568+02:00 mounting waku peer exchange                topics="waku node peerexchange api" tid=19251595
[2026-10-10 15:09:21.568] [out] [delivery_module] INF 2026-10-10 15:09:21.568+02:00 mounting waku peer exchange client         topics="waku node peerexchange api" tid=19251595
[2026-10-10 15:09:21.568] [out] [delivery_module] INF 2026-10-10 15:09:21.568+02:00 No external callbacks to be set            topics="wakunode waku" tid=19251595
[2026-10-10 15:09:21.568] [out] [delivery_module] INF 2026-10-10 15:09:21.568+02:00 Setting up AutonatService                  topics="libp2p autonatservice" tid=19251595
[2026-10-10 15:09:21.568] [out] [delivery_module] INF 2026-10-10 15:09:21.568+02:00 Messaging API settings                     topics="logosdelivery" tid=19251595 reliability=true anonymityLevel=Required rateLimitEnabled=false rateLimitEpochPeriodSec=600 rateLimitMessagesPerEpoch=1 maxParkedAgeSec=1800 sendQueueCapacity=1000 backfillEnabled=true backfillRequestTimeout=10s
[2026-10-10 15:09:21.568] [info] [logos] [delivery_module] DeliveryModuleImpl::createNode callback called with ret: 0
[2026-10-10 15:09:21.571] [info] [logos] [delivery_module] DeliveryModuleImpl: Delivery context created successfully
[2026-10-10 15:09:21.572] [info] [logos] [delivery_module] DeliveryModuleImpl::start called
[2026-10-10 15:09:21.572] [out] [delivery_module] INF 2026-10-10 15:09:21.572+02:00 Retrieve dynamic bootstrap nodes           topics="wakunode waku" tid=19251595
[2026-10-10 15:09:21.572] [info] [logos] [delivery_module] DeliveryModuleImpl::getNodeInfo called with nodeInfoId: MyPeerId
[2026-10-10 15:09:21.572] [out] [delivery_module] INF 2026-10-10 15:09:21.572+02:00 Running nwaku node                         tid=19251595 version=v0.39.0-g3a478e
[2026-10-10 15:09:21.572] [out] [delivery_module] INF 2026-10-10 15:09:21.572+02:00 Starting Waku node                         topics="waku node" tid=19251595 version=v0.39.0-g3a478e
[2026-10-10 15:09:21.572] [out] [delivery_module] DBG 2026-10-10 15:09:21.572+02:00 Waku rendezvous periodic requests started  topics="waku rendezvous client" tid=19251595 interval=10s
[2026-10-10 15:09:21.572] [out] [delivery_module] INF 2026-10-10 15:09:21.572+02:00 Waku rendezvous client started             topics="waku rendezvous client" tid=19251595
[2026-10-10 15:09:21.572] [out] [delivery_module] INF 2026-10-10 15:09:21.572+02:00 Starting switch for peer                   topics="libp2p switch" tid=19251595 peerInfo="(peerId: 16Uiu2HAmDxFW65dZVPRDVknRWBzq4XjYHeWT3uc9rEzXpx3H7QUd, listenAddrs: [/ip4/0.0.0.0/tcp/0, /ip4/0.0.0.0/udp/0/quic-v1], addrs: [], protocols: [/ipfs/id/1.0.0, /libp2p/autonat/1.0.0, /libp2p/circuit/relay/0.2.0/hop, /vac/waku/metadata/1.0.0, /mix/1.0.0, /logos/service-discovery/1.0.0, /vac/waku/relay/2.0.0, /vac/waku/rendezvous/1.0.0, /ipfs/ping/1.0.0, /vac/waku/lightpush/3.0.0, /vac/waku/lightpush/2.0.0-beta1, /vac/waku/filter-subscribe/2.0.0-beta1, /vac/waku/filter-push/2.0.0-beta1, /vac/waku/peer-exchange/2.0.0-alpha1], protoVersion: ipfs/0.1.0, agentVersion: logos-delivery-v0.39.0-g3a478e)"
[2026-10-10 15:09:21.572] [out] [delivery_module] INF 2026-10-10 15:09:21.572+02:00 Starting NATService                        topics="libp2p natservice" tid=19251595
[2026-10-10 15:09:21.572] [out] [delivery_module] INF 2026-10-10 15:09:21.572+02:00 Running AutonatService                     topics="libp2p autonatservice" tid=19251595
[2026-10-10 15:09:21.574] [out] [delivery_module] DBG 2026-10-10 15:09:21.574+02:00 No private listen addresses to map; releasing any prior mappings topics="libp2p natservice" tid=19251595
[2026-10-10 15:09:21.574] [out] [delivery_module] INF 2026-10-10 15:09:21.574+02:00 Starting TCP transport                     topics="libp2p tcptransport" tid=19251595
[2026-10-10 15:09:21.574] [out] [delivery_module] INF 2026-10-10 15:09:21.574+02:00 Transport starting                         topics="libp2p transport" tid=19251595 addresses=[/ip4/0.0.0.0/tcp/52206]
[2026-10-10 15:09:21.576] [out] [delivery_module] DBG 2026-10-10 15:09:21.576+02:00 Configured QUIC UDP receive buffer         tid=19251595 requestedBytes=8388608 effectiveBytes=8388608
[2026-10-10 15:09:21.577] [out] [delivery_module] INF 2026-10-10 15:09:21.577+02:00 Transport starting                         topics="libp2p transport" tid=19251595 addresses=[/ip4/0.0.0.0/udp/52662/quic-v1]
[2026-10-10 15:09:21.577] [out] [delivery_module] DBG 2026-10-10 15:09:21.577+02:00 Transport connection acceptance started    topics="libp2p switch" tid=19251595
[2026-10-10 15:09:21.577] [out] [delivery_module] DBG 2026-10-10 15:09:21.577+02:00 Transport connection acceptance started    topics="libp2p switch" tid=19251595
[2026-10-10 15:09:21.582] [info] [logos] [delivery_module] DeliveryModuleImpl::subscribe called with contentTopic: /lp0026forum/1/general/text
[2026-10-10 15:09:21.582] [out] [delivery_module] DBG 2026-10-10 15:09:21.582+02:00 Subscribing to pubsub topic                topics="waku relay" tid=19251595 pubsubTopic=/waku/2/rs/3/7
[2026-10-10 15:09:21.582] [info] [logos] [delivery_module] DeliveryModuleImpl: Subscribe completed for topic: /lp0026forum/1/general/text with success
[2026-10-10 15:09:21.612] [out] [delivery_module] INF 2026-10-10 15:09:21.612+02:00 Using mix bootstrap nodes                  topics="waku mix" tid=19251595 entries=1 poolSize=1
[2026-10-10 15:09:21.618] [out] [delivery_module] INF 2026-10-10 15:09:21.618+02:00 Using mix bootstrap nodes                  topics="waku mix" tid=19251595 entries=1 poolSize=2
[2026-10-10 15:09:21.628] [out] [delivery_module] INF 2026-10-10 15:09:21.628+02:00 Using mix bootstrap nodes                  topics="waku mix" tid=19251595 entries=1 poolSize=3
[2026-10-10 15:09:21.629] [out] [delivery_module] INF 2026-10-10 15:09:21.629+02:00 Using mix bootstrap nodes                  topics="waku mix" tid=19251595 entries=1 poolSize=4
[2026-10-10 15:09:21.629] [out] [delivery_module] INF 2026-10-10 15:09:21.629+02:00 Using mix bootstrap nodes                  topics="waku mix" tid=19251595 entries=1 poolSize=5
[2026-10-10 15:09:21.630] [out] [delivery_module] INF 2026-10-10 15:09:21.630+02:00 Using mix bootstrap nodes                  topics="waku mix" tid=19251595 entries=1 poolSize=6
[2026-10-10 15:09:22.580] [out] [delivery_module] WRN 2026-10-10 15:09:22.580+02:00 NAT port mapping failed                    topics="libp2p natservice" tid=19251595 port=52206 protocol=mpTcp err="plum: mapping 0 failed"
[2026-10-10 15:09:24.584] [out] [delivery_module] WRN 2026-10-10 15:09:24.584+02:00 NAT port mapping failed                    topics="libp2p natservice" tid=19251595 port=52662 protocol=mpUdp err="plum: mapping 0 failed"
[2026-10-10 15:09:24.585] [out] [delivery_module] INF 2026-10-10 15:09:24.585+02:00 Mix self hop set                           topics="waku node" tid=19251595 hop=/ip4/172.20.10.14/tcp/52206 before=/ip4/0.0.0.0/tcp/0
[2026-10-10 15:09:24.585] [out] [delivery_module] DBG 2026-10-10 15:09:24.585+02:00 ENR addresses updated                      topics="waku enr" tid=19251595 retained=0 total=0
[2026-10-10 15:09:24.587] [out] [delivery_module] DBG 2026-10-10 15:09:24.587+02:00 Peer dial started                          topics="libp2p dialer" tid=19251595 peerId=16Uiu2...NSkuby addresses="[/ip4/138.68.122.137/tcp/30303, /dns4/delivery-01.do-ams3.logos.dev.status.im/tcp/30303]"
[2026-10-10 15:09:24.587] [out] [delivery_module] DBG 2026-10-10 15:09:24.587+02:00 Peer dial started                          topics="libp2p dialer" tid=19251595 peerId=16Uiu2...TwqBiH addresses="[/ip4/34.123.201.25/tcp/30303, /dns4/delivery-02.gc-us-central1-a.logos.dev.status.im/tcp/30303]"
[2026-10-10 15:09:24.587] [out] [delivery_module] DBG 2026-10-10 15:09:24.587+02:00 Peer dial started                          topics="libp2p dialer" tid=19251595 peerId=16Uiu2...VpJprH addresses="[/ip4/174.138.106.244/tcp/30303, /dns4/delivery-02.do-ams3.logos.dev.status.im/tcp/30303]"
[2026-10-10 15:09:24.588] [out] [delivery_module] DBG 2026-10-10 15:09:24.588+02:00 Peer dial started                          topics="libp2p dialer" tid=19251595 peerId=16Uiu2...T3UNSE addresses="[/ip4/43.99.103.10/tcp/30303, /dns4/delivery-02.ac-cn-hongkong-c.logos.dev.status.im/tcp/30303]"
[2026-10-10 15:09:24.588] [out] [delivery_module] DBG 2026-10-10 15:09:24.588+02:00 Peer dial started                          topics="libp2p dialer" tid=19251595 peerId=16Uiu2...P1S397 addresses="[/ip4/136.119.156.87/tcp/30303, /dns4/delivery-01.gc-us-central1-a.logos.dev.status.im/tcp/30303]"
[2026-10-10 15:09:24.589] [out] [delivery_module] DBG 2026-10-10 15:09:24.589+02:00 Peer dial started                          topics="libp2p dialer" tid=19251595 peerId=16Uiu2...kGyuEP addresses="[/ip4/47.242.130.189/tcp/30303, /dns4/delivery-01.ac-cn-hongkong-c.logos.dev.status.im/tcp/30303]"
[2026-10-10 15:09:24.589] [out] [delivery_module] INF 2026-10-10 15:09:24.589+02:00 Kademlia DHT started                       topics="kad-dht" tid=19251595
[2026-10-10 15:09:24.589] [out] [delivery_module] DBG 2026-10-10 15:09:24.589+02:00 Publishing Signed XPR                      topics="service-discovery" tid=19251595 xpr="(envelope: (publicKey: secp256k1 key (041347b158c811c9198581179b4ed43dae3459ea08f4ed57aa425447cb350d36ee474297bd3b452ad1927d1b2b196ffd32574551f90e93c34f54300aeab804d149), payloadType: @[3, 1], payload: @[10, 39, 0, 37, 8, 2, 18, 33, 3, 19, 71, 177, 88, 200, 17, 201, 25, 133, 129, 23, 155, 78, 212, 61, 174, 52, 89, 234, 8, 244, 237, 87, 170, 66, 84, 71, 203, 53, 13, 54, 238, 16, 148, 150, 18, 26, 10, 10, 8, 4, 172, 20, 10, 14, 6, 203, 238, 26, 13, 10, 11, 4, 172, 20, 10, 14, 145, 2, 205, 182, 205, 3], signature: 304502210080B05B2C1A8D86A53FBB569719BBDAC67E1F23AB57C2CC0244A9C1BF08CB41C0022011A3C6BDFA5E465C609D2795B0F65F702DDFCA3623F47BF261E37A0C38E8A639), data: (peerId: 16Uiu2HAmDxFW65dZVPRDVknRWBzq4XjYHeWT3uc9rEzXpx3H7QUd, seqNo: 297748, addresses: @[(address: /ip4/172.20.10.14/tcp/52206), (address: /ip4/172.20.10.14/udp/52662/quic-v1)], services: @[]))"
[2026-10-10 15:09:24.590] [out] [delivery_module] INF 2026-10-10 15:09:24.590+02:00 Service Discovery started                  topics="service-discovery" tid=19251595
[2026-10-10 15:09:24.590] [out] [delivery_module] INF 2026-10-10 15:09:24.590+02:00 start                                      topics="waku relay" tid=19251595
[2026-10-10 15:09:24.590] [out] [delivery_module] INF 2026-10-10 15:09:24.590+02:00 gossipsub start                            topics="libp2p gossipsub" tid=19251595
[2026-10-10 15:09:24.590] [out] [delivery_module] DBG 2026-10-10 15:09:24.590+02:00 No mesh peer for the given pubsub topic    topics="waku relay" tid=19251595 pubsubTopic=/waku/2/rs/3/7
[2026-10-10 15:09:24.590] [out] [delivery_module] DBG 2026-10-10 15:09:24.590+02:00 Waku rendezvous periodic registration started topics="waku rendezvous" tid=19251595 interval=10s
[2026-10-10 15:09:24.590] [out] [delivery_module] INF 2026-10-10 15:09:24.590+02:00 Waku rendezvous discovery started          topics="waku rendezvous" tid=19251595
[2026-10-10 15:09:24.590] [out] [delivery_module] INF 2026-10-10 15:09:24.590+02:00 Started libp2p node                        topics="libp2p switch" tid=19251595 peerId="(peerId: 16Uiu2HAmDxFW65dZVPRDVknRWBzq4XjYHeWT3uc9rEzXpx3H7QUd, listenAddrs: [/ip4/0.0.0.0/tcp/52206, /ip4/0.0.0.0/udp/52662/quic-v1], addrs: [/ip4/172.20.10.14/tcp/52206, /ip4/172.20.10.14/udp/52662/quic-v1], protocols: [/ipfs/id/1.0.0, /libp2p/autonat/1.0.0, /libp2p/circuit/relay/0.2.0/hop, /vac/waku/metadata/1.0.0, /mix/1.0.0, /logos/service-discovery/1.0.0, /vac/waku/relay/2.0.0, /vac/waku/rendezvous/1.0.0, /ipfs/ping/1.0.0, /vac/waku/lightpush/3.0.0, /vac/waku/lightpush/2.0.0-beta1, /vac/waku/filter-subscribe/2.0.0-beta1, /vac/waku/filter-push/2.0.0-beta1, /vac/waku/peer-exchange/2.0.0-alpha1], protoVersion: ipfs/0.1.0, agentVersion: logos-delivery-v0.39.0-g3a478e)"
[2026-10-10 15:09:24.590] [out] [delivery_module] DBG 2026-10-10 15:09:24.590+02:00 ENR addresses updated                      topics="waku enr" tid=19251595 retained=0 total=0
[2026-10-10 15:09:24.590] [out] [delivery_module] INF 2026-10-10 15:09:24.590+02:00 Announced addresses resolved               topics="waku node" tid=19251595 addrs="@[/ip4/172.20.10.14/tcp/52206, /ip4/172.20.10.14/udp/52662/quic-v1]"
[2026-10-10 15:09:24.591] [out] [delivery_module] INF 2026-10-10 15:09:24.591+02:00 Random kademlia lookups disabled           topics="waku service discovery" tid=19251595
[2026-10-10 15:09:24.591] [out] [delivery_module] DBG 2026-10-10 15:09:24.591+02:00 Periodic service lookup started            topics="waku service discovery" tid=19251595 interval=1m services={}
[2026-10-10 15:09:24.591] [out] [delivery_module] INF 2026-10-10 15:09:24.591+02:00 Kademlia discovery started                 topics="waku service discovery" tid=19251595
[2026-10-10 15:09:24.591] [out] [delivery_module] INF 2026-10-10 15:09:24.591+02:00 Discovery ENR initialized                  topics="eth p2p discv5" tid=19251595 enrAutoUpdate=false seqNum=4 ip=none() tcpPort=none() udpPort=none() customEnrFields=@[] uri=enr:-Ka4QDoqQ0smV2N7SBTznvUCWKGOTwFe3P7bJrj9cLlGo2YdFyyfL5AoQspD2sGLRqzeDf9KAeu5RDM8h4sQu7gzYCkEgmlkgnY0im11bHRpYWRkcnOAgnJzkwADCAAAAAEAAgADAAQABQAGAAeJc2VjcDI1NmsxoQMTR7FYyBHJGYWBF5tO1D2uNFnqCPTtV6pCVEfLNQ027oN0Y3CCy-6Fd2FrdTIt
[2026-10-10 15:09:24.591] [out] [delivery_module] WRN 2026-10-10 15:09:24.591+02:00 No external IP provided for the ENR, this node will not be discoverable topics="eth p2p discv5" tid=19251595
[2026-10-10 15:09:24.591] [out] [delivery_module] DBG 2026-10-10 15:09:24.591+02:00 peer filtering updated                     topics="waku discv5" tid=19251595
[2026-10-10 15:09:24.591] [out] [delivery_module] INF 2026-10-10 15:09:24.591+02:00 Starting discovery v5 service              topics="waku discv5" tid=19251595
[2026-10-10 15:09:24.591] [out] [delivery_module] INF 2026-10-10 15:09:24.591+02:00 Start listening on udp port                topics="waku discv5" tid=19251595 address=0.0.0.0 port=58442
[2026-10-10 15:09:24.591] [out] [delivery_module] INF 2026-10-10 15:09:24.591+02:00 Starting discovery node                    topics="eth p2p discv5" tid=19251595 node=c9*d1c233:unaddressable bindAddress=0.0.0.0:58442
[2026-10-10 15:09:24.592] [out] [delivery_module] DBG 2026-10-10 15:09:24.592+02:00 Total nodes in routing table after populate topics="eth p2p discv5" tid=19251595 total=0
[2026-10-10 15:09:24.592] [out] [delivery_module] DBG 2026-10-10 15:09:24.592+02:00 Starting discovery v5 search               topics="waku discv5" tid=19251595
[2026-10-10 15:09:24.592] [out] [delivery_module] DBG 2026-10-10 15:09:24.592+02:00 Successfully started discovery v5 service  topics="waku discv5" tid=19251595
[2026-10-10 15:09:24.592] [out] [delivery_module] INF 2026-10-10 15:09:24.592+02:00 Discv5: discoverable ENR                   topics="waku discv5" tid=19251595 enrUri=enr:-Ka4QDoqQ0smV2N7SBTznvUCWKGOTwFe3P7bJrj9cLlGo2YdFyyfL5AoQspD2sGLRqzeDf9KAeu5RDM8h4sQu7gzYCkEgmlkgnY0im11bHRpYWRkcnOAgnJzkwADCAAAAAEAAgADAAQABQAGAAeJc2VjcDI1NmsxoQMTR7FYyBHJGYWBF5tO1D2uNFnqCPTtV6pCVEfLNQ027oN0Y3CCy-6Fd2FrdTIt enr="(4, id: \"v4\", multiaddrs: 0x, rs: 0x00030800000001000200030004000500060007, secp256k1: 0x031347B158C811C9198581179B4ED43DAE3459EA08F4ED57AA425447CB350D36EE, tcp: 52206, waku2: 0x2D)"
[2026-10-10 15:09:24.592] [out] [delivery_module] INF 2026-10-10 15:09:24.592+02:00 Node started successfully                  topics="waku node" tid=19251595
[2026-10-10 15:09:24.592] [out] [delivery_module] DBG 2026-10-10 15:09:24.592+02:00 Dialing multiple peers                     tid=19251595 numOfPeers=6 nodes="@[\"/dns4/delivery-01.do-ams3.logos.dev.status.im/tcp/30303/p2p/16Uiu2HAmTUbnxLGT9JvV6mu9oPyDjqHK4Phs1VDJNUgESgNSkuby\", \"/dns4/delivery-02.do-ams3.logos.dev.status.im/tcp/30303/p2p/16Uiu2HAmMK7PYygBtKUQ8EHp7EfaD3bCEsJrkFooK8RQ2PVpJprH\", \"/dns4/delivery-01.gc-us-central1-a.logos.dev.status.im/tcp/30303/p2p/16Uiu2HAm4S1JYkuzDKLKQvwgAhZKs9otxXqt8SCGtB4hoJP1S397\", \"/dns4/delivery-02.gc-us-central1-a.logos.dev.status.im/tcp/30303/p2p/16Uiu2HAm8Y9kgBNtjxvCnf1X6gnZJW5EGE4UwwCL3CCm55TwqBiH\", \"/dns4/delivery-01.ac-cn-hongkong-c.logos.dev.status.im/tcp/30303/p2p/16Uiu2HAm8YokiNun9BkeA1ZRmhLbtNUvcwRr64F69tYj9fkGyuEP\", \"/dns4/delivery-02.ac-cn-hongkong-c.logos.dev.status.im/tcp/30303/p2p/16Uiu2HAkvwhGHKNry6LACrB8TmEFoCJKEX29XR5dDUzk3UT3UNSE\"]"
[2026-10-10 15:09:24.858] [out] [delivery_module] DBG 2026-10-10 15:09:24.858+02:00 created new pubsub peer                    topics="libp2p pubsub" tid=19251595 peerId=16Uiu2...NSkuby
[2026-10-10 15:09:24.858] [out] [delivery_module] DBG 2026-10-10 15:09:24.858+02:00 no listener registered                     tid=19251596 event=onConnectionChange
[2026-10-10 15:09:24.858] [out] [delivery_module] DBG 2026-10-10 15:09:24.858+02:00 created new pubsub peer                    topics="libp2p pubsub" tid=19251595 peerId=16Uiu2...VpJprH
[2026-10-10 15:09:24.858] [out] [delivery_module] DBG 2026-10-10 15:09:24.858+02:00 no listener registered                     tid=19251596 event=onConnectionChange
[2026-10-10 15:09:24.861] [out] [delivery_module] DBG 2026-10-10 15:09:24.861+02:00 Incoming WakuRelay connection              topics="waku relay" tid=19251595 connection=16Uiu2...NSkuby:6aca3904b6e8d78d1b8572a4 protocol=/vac/waku/relay/2.0.0
[2026-10-10 15:09:24.861] [out] [delivery_module] DBG 2026-10-10 15:09:24.861+02:00 Incoming WakuRelay connection              topics="waku relay" tid=19251595 connection=16Uiu2...VpJprH:6aca3904b6e8d78d1b85729f protocol=/vac/waku/relay/2.0.0
[2026-10-10 15:09:24.922] [out] [delivery_module] DBG 2026-10-10 15:09:24.922+02:00 Event identified                           topics="waku node peer_manager" tid=19251595 peerId=16Uiu2...NSkuby
[2026-10-10 15:09:24.922] [out] [delivery_module] DBG 2026-10-10 15:09:24.922+02:00 no listener registered                     tid=19251596 event=onConnectionChange
[2026-10-10 15:09:24.922] [out] [delivery_module] DBG 2026-10-10 15:09:24.922+02:00 Event identified                           topics="waku node peer_manager" tid=19251595 peerId=16Uiu2...VpJprH
[2026-10-10 15:09:24.923] [out] [delivery_module] DBG 2026-10-10 15:09:24.923+02:00 no listener registered                     tid=19251596 event=onConnectionChange
[2026-10-10 15:09:24.980] [out] [delivery_module] DBG 2026-10-10 15:09:24.980+02:00 Received WakuMetadata request              topics="waku metadata" tid=19251595 remoteClusterId=ok(3) remoteShards="[5, 0, 2, 1, 4, 7, 3, 6]" localClusterId=3 localShards="[7]" peer=16Uiu2...VpJprH
[2026-10-10 15:09:25.022] [out] [delivery_module] DBG 2026-10-10 15:09:25.022+02:00 no listener registered                     tid=19251596 event=onConnectionChange
[2026-10-10 15:09:25.115] [out] [delivery_module] DBG 2026-10-10 15:09:25.115+02:00 Received WakuMetadata request              topics="waku metadata" tid=19251595 remoteClusterId=ok(3) remoteShards="[5, 0, 2, 1, 4, 7, 3, 6]" localClusterId=3 localShards="[7]" peer=16Uiu2...NSkuby
[2026-10-10 15:09:25.124] [out] [delivery_module] DBG 2026-10-10 15:09:25.123+02:00 no listener registered                     tid=19251596 event=onConnectionChange
[2026-10-10 15:09:25.145] [out] [delivery_module] DBG 2026-10-10 15:09:25.145+02:00 Peer dial started                          topics="libp2p dialer" tid=19251595 peerId=16Uiu2...BjtNZZ addresses=[/ip4/173.42.114.210/tcp/46341]
[2026-10-10 15:09:25.215] [out] [delivery_module] DBG 2026-10-10 15:09:25.215+02:00 created new pubsub peer                    topics="libp2p pubsub" tid=19251595 peerId=16Uiu2...TwqBiH
[2026-10-10 15:09:25.215] [out] [delivery_module] DBG 2026-10-10 15:09:25.215+02:00 no listener registered                     tid=19251596 event=onConnectionChange
[2026-10-10 15:09:25.216] [out] [delivery_module] DBG 2026-10-10 15:09:25.216+02:00 created new pubsub peer                    topics="libp2p pubsub" tid=19251595 peerId=16Uiu2...P1S397
[2026-10-10 15:09:25.216] [out] [delivery_module] DBG 2026-10-10 15:09:25.216+02:00 no listener registered                     tid=19251596 event=onConnectionChange
[2026-10-10 15:09:25.216] [out] [delivery_module] DBG 2026-10-10 15:09:25.216+02:00 Incoming WakuRelay connection              topics="waku relay" tid=19251595 connection=16Uiu2...TwqBiH:6aca3905b6e8d78d1b8572b0 protocol=/vac/waku/relay/2.0.0
[2026-10-10 15:09:25.217] [out] [delivery_module] DBG 2026-10-10 15:09:25.216+02:00 Incoming WakuRelay connection              topics="waku relay" tid=19251595 connection=16Uiu2...P1S397:6aca3905b6e8d78d1b8572b2 protocol=/vac/waku/relay/2.0.0
[2026-10-10 15:09:25.374] [out] [delivery_module] DBG 2026-10-10 15:09:25.374+02:00 Event identified                           topics="waku node peer_manager" tid=19251595 peerId=16Uiu2...TwqBiH
[2026-10-10 15:09:25.374] [out] [delivery_module] DBG 2026-10-10 15:09:25.374+02:00 no listener registered                     tid=19251596 event=onConnectionChange
[2026-10-10 15:09:25.392] [out] [delivery_module] DBG 2026-10-10 15:09:25.392+02:00 Event identified                           topics="waku node peer_manager" tid=19251595 peerId=16Uiu2...P1S397
[2026-10-10 15:09:25.392] [out] [delivery_module] DBG 2026-10-10 15:09:25.392+02:00 no listener registered                     tid=19251596 event=onConnectionChange
[2026-10-10 15:09:25.680] [out] [delivery_module] DBG 2026-10-10 15:09:25.680+02:00 Received WakuMetadata request              topics="waku metadata" tid=19251595 remoteClusterId=ok(3) remoteShards="[5, 0, 2, 1, 4, 7, 3, 6]" localClusterId=3 localShards="[7]" peer=16Uiu2...TwqBiH
[2026-10-10 15:09:25.681] [out] [delivery_module] DBG 2026-10-10 15:09:25.681+02:00 Received WakuMetadata request              topics="waku metadata" tid=19251595 remoteClusterId=ok(3) remoteShards="[5, 0, 2, 1, 4, 7, 3, 6]" localClusterId=3 localShards="[7]" peer=16Uiu2...P1S397
[2026-10-10 15:09:25.683] [out] [delivery_module] DBG 2026-10-10 15:09:25.682+02:00 created new pubsub peer                    topics="libp2p pubsub" tid=19251595 peerId=16Uiu2...T3UNSE
[2026-10-10 15:09:25.683] [out] [delivery_module] DBG 2026-10-10 15:09:25.683+02:00 no listener registered                     tid=19251596 event=onConnectionChange
[2026-10-10 15:09:25.684] [out] [delivery_module] DBG 2026-10-10 15:09:25.684+02:00 Incoming WakuRelay connection              topics="waku relay" tid=19251595 connection=16Uiu2...T3UNSE:6aca3905b6e8d78d1b8572c1 protocol=/vac/waku/relay/2.0.0
[2026-10-10 15:09:25.852] [out] [delivery_module] DBG 2026-10-10 15:09:25.852+02:00 created new pubsub peer                    topics="libp2p pubsub" tid=19251595 peerId=16Uiu2...BjtNZZ
[2026-10-10 15:09:25.852] [out] [delivery_module] DBG 2026-10-10 15:09:25.852+02:00 no listener registered                     tid=19251596 event=onConnectionChange
[2026-10-10 15:09:25.852] [out] [delivery_module] DBG 2026-10-10 15:09:25.852+02:00 no listener registered                     tid=19251596 event=onConnectionChange
[2026-10-10 15:09:25.852] [out] [delivery_module] DBG 2026-10-10 15:09:25.852+02:00 no listener registered                     tid=19251596 event=onConnectionChange
[2026-10-10 15:09:25.852] [out] [delivery_module] DBG 2026-10-10 15:09:25.852+02:00 Incoming WakuRelay connection              topics="waku relay" tid=19251595 connection=16Uiu2...BjtNZZ:6aca3905b6e8d78d1b8572c5 protocol=/vac/waku/relay/2.0.0
[2026-10-10 15:09:26.027] [out] [delivery_module] DBG 2026-10-10 15:09:26.027+02:00 Event identified                           topics="waku node peer_manager" tid=19251595 peerId=16Uiu2...T3UNSE
[2026-10-10 15:09:26.028] [out] [delivery_module] DBG 2026-10-10 15:09:26.028+02:00 no listener registered                     tid=19251596 event=onConnectionChange
[2026-10-10 15:09:26.031] [out] [delivery_module] DBG 2026-10-10 15:09:26.031+02:00 Event identified                           topics="waku node peer_manager" tid=19251595 peerId=16Uiu2...BjtNZZ
[2026-10-10 15:09:26.031] [out] [delivery_module] DBG 2026-10-10 15:09:26.031+02:00 no listener registered                     tid=19251596 event=onConnectionChange
[2026-10-10 15:09:26.205] [out] [delivery_module] DBG 2026-10-10 15:09:26.204+02:00 Received WakuMetadata request              topics="waku metadata" tid=19251595 remoteClusterId=ok(3) remoteShards="[5, 0, 2, 1, 4, 7, 3, 6]" localClusterId=3 localShards="[7]" peer=16Uiu2...BjtNZZ
[2026-10-10 15:09:26.580] [out] [delivery_module] WRN 2026-10-10 15:09:26.579+02:00 ffi request still in flight; caller notified via RET_STALE_WARN tid=19251595 reqId=LogosdeliveryStartNodeReq elapsedMs=5000
[2026-10-10 15:09:27.194] [out] [delivery_module] DBG 2026-10-10 15:09:27.194+02:00 no listener registered                     tid=19251596 event=onConnectionChange
[2026-10-10 15:09:27.378] [out] [delivery_module] DBG 2026-10-10 15:09:27.378+02:00 New connection established: server         tid=19251595
[2026-10-10 15:09:27.379] [out] [delivery_module] DBG 2026-10-10 15:09:27.379+02:00 Transport connection accepted              topics="libp2p switch" tid=19251595 conn=:6aca3907b6e8d78d1b8572d3
[2026-10-10 15:09:27.379] [out] [delivery_module] DBG 2026-10-10 15:09:27.379+02:00 created new pubsub peer                    topics="libp2p pubsub" tid=19251595 peerId=16Uiu2...Gas9Zu
[2026-10-10 15:09:27.379] [out] [delivery_module] DBG 2026-10-10 15:09:27.379+02:00 Creating stream                            tid=19251595
[2026-10-10 15:09:27.379] [out] [delivery_module] DBG 2026-10-10 15:09:27.379+02:00 no listener registered                     tid=19251596 event=onConnectionChange
[2026-10-10 15:09:27.379] [out] [delivery_module] DBG 2026-10-10 15:09:27.379+02:00 New stream created                         tid=19251595
[2026-10-10 15:09:27.379] [out] [delivery_module] DBG 2026-10-10 15:09:27.379+02:00 Creating stream                            tid=19251595
[2026-10-10 15:09:27.379] [out] [delivery_module] DBG 2026-10-10 15:09:27.379+02:00 New stream created                         tid=19251595
[2026-10-10 15:09:27.379] [out] [delivery_module] DBG 2026-10-10 15:09:27.379+02:00 Transport connection acceptance started    topics="libp2p switch" tid=19251595
[2026-10-10 15:09:27.379] [out] [delivery_module] DBG 2026-10-10 15:09:27.379+02:00 New stream created                         tid=19251595
[2026-10-10 15:09:27.379] [out] [delivery_module] DBG 2026-10-10 15:09:27.379+02:00 New stream created                         tid=19251595
[2026-10-10 15:09:27.380] [out] [delivery_module] DBG 2026-10-10 15:09:27.380+02:00 Incoming WakuRelay connection              topics="waku relay" tid=19251595 connection=16Uiu2...Gas9Zu:6aca3907b6e8d78d1b8572d6 protocol=/vac/waku/relay/2.0.0
[2026-10-10 15:09:27.381] [out] [delivery_module] DBG 2026-10-10 15:09:27.381+02:00 Event identified                           topics="waku node peer_manager" tid=19251595 peerId=16Uiu2...Gas9Zu
[2026-10-10 15:09:27.381] [out] [delivery_module] DBG 2026-10-10 15:09:27.381+02:00 Creating stream                            tid=19251595
[2026-10-10 15:09:27.381] [out] [delivery_module] DBG 2026-10-10 15:09:27.381+02:00 New stream created                         tid=19251595
[2026-10-10 15:09:27.381] [out] [delivery_module] DBG 2026-10-10 15:09:27.381+02:00 no listener registered                     tid=19251596 event=onConnectionChange
[2026-10-10 15:09:27.381] [out] [delivery_module] DBG 2026-10-10 15:09:27.381+02:00 New stream created                         tid=19251595
[2026-10-10 15:09:27.381] [out] [delivery_module] DBG 2026-10-10 15:09:27.381+02:00 no listener registered                     tid=19251596 event=onTopicHealthChange
[2026-10-10 15:09:27.382] [out] [delivery_module] DBG 2026-10-10 15:09:27.382+02:00 Received WakuMetadata request              topics="waku metadata" tid=19251595 remoteClusterId=ok(3) remoteShards="[7]" localClusterId=3 localShards="[7]" peer=16Uiu2...Gas9Zu
[2026-10-10 15:09:27.382] [out] [delivery_module] DBG 2026-10-10 15:09:27.382+02:00 no listener registered                     tid=19251596 event=onConnectionChange
[2026-10-10 15:09:27.383] [out] [delivery_module] DBG 2026-10-10 15:09:27.383+02:00 New stream created                         tid=19251595
[2026-10-10 15:09:27.384] [out] [delivery_module] DBG 2026-10-10 15:09:27.384+02:00 Creating stream                            tid=19251595
[2026-10-10 15:09:27.384] [out] [delivery_module] DBG 2026-10-10 15:09:27.384+02:00 New stream created                         tid=19251595
[2026-10-10 15:09:27.546] [out] [delivery_module] DBG 2026-10-10 15:09:27.546+02:00 Received WakuMetadata request              topics="waku metadata" tid=19251595 remoteClusterId=ok(3) remoteShards="[5, 0, 2, 1, 4, 7, 3, 6]" localClusterId=3 localShards="[7]" peer=16Uiu2...T3UNSE
[2026-10-10 15:09:27.936] [out] [delivery_module] DBG 2026-10-10 15:09:27.936+02:00 Peer dial started                          topics="libp2p dialer" tid=19251595 peerId=16Uiu2...NmmnVv addresses="[/ip4/143.105.219.245/udp/60401/quic-v1, /ip4/143.105.219.245/tcp/61976]"
[2026-10-10 15:09:27.936] [out] [delivery_module] DBG 2026-10-10 15:09:27.936+02:00 New connection established: client         tid=19251595
[2026-10-10 15:09:28.009] [out] [delivery_module] DBG 2026-10-10 15:09:28.009+02:00 no listener registered                     tid=19251596 event=onConnectionChange
[2026-10-10 15:09:28.752] [out] [delivery_module] DBG 2026-10-10 15:09:28.752+02:00 created new pubsub peer                    topics="libp2p pubsub" tid=19251595 peerId=16Uiu2...kGyuEP
[2026-10-10 15:09:28.752] [out] [delivery_module] DBG 2026-10-10 15:09:28.752+02:00 no listener registered                     tid=19251596 event=onConnectionChange
[2026-10-10 15:09:28.752] [out] [delivery_module] DBG 2026-10-10 15:09:28.752+02:00 Incoming WakuRelay connection              topics="waku relay" tid=19251595 connection=16Uiu2...kGyuEP:6aca3908b6e8d78d1b8572e2 protocol=/vac/waku/relay/2.0.0
[2026-10-10 15:09:29.198] [out] [delivery_module] DBG 2026-10-10 15:09:29.198+02:00 Event identified                           topics="waku node peer_manager" tid=19251595 peerId=16Uiu2...kGyuEP
[2026-10-10 15:09:29.198] [out] [delivery_module] DBG 2026-10-10 15:09:29.198+02:00 no listener registered                     tid=19251596 event=onConnectionChange
[2026-10-10 15:09:29.471] [out] [delivery_module] DBG 2026-10-10 15:09:29.471+02:00 Received WakuMetadata request              topics="waku metadata" tid=19251595 remoteClusterId=ok(3) remoteShards="[5, 0, 2, 1, 4, 7, 3, 6]" localClusterId=3 localShards="[7]" peer=16Uiu2...kGyuEP
[2026-10-10 15:09:29.648] [out] [delivery_module] DBG 2026-10-10 15:09:29.648+02:00 no listener registered                     tid=19251596 event=onConnectionChange
[2026-10-10 15:09:29.648] [out] [delivery_module] DBG 2026-10-10 15:09:29.648+02:00 Finished dialing multiple peers            tid=19251595 successfulConns=6 attempted=6
[2026-10-10 15:09:29.648] [out] [delivery_module] DBG 2026-10-10 15:09:29.648+02:00 Dialing multiple peers                     topics="waku node peer_manager" tid=19251595 numOfPeers=1 nodes=@[16Uiu2HAm1MeL9HxBACouZAWXsHDmSwVU2VcV6VZ3UXp1qNNmmnVv]
[2026-10-10 15:09:29.649] [out] [delivery_module] INF 2026-10-10 15:09:29.649+02:00 Relay peer connections                     topics="waku node peer_manager" tid=19251595 inRelayConns=1/50 outRelayConns=7/25 totalConnections=8/150 notConnectedPeers=1 outsideBackoffPeers=1
[2026-10-10 15:09:29.650] [out] [delivery_module] DBG 2026-10-10 15:09:29.650+02:00 ENR addresses updated                      topics="waku enr" tid=19251595 retained=0 total=0
[2026-10-10 15:09:29.650] [out] [delivery_module] DBG 2026-10-10 15:09:29.650+02:00 Subscribing to pubsub topic                topics="waku relay" tid=19251595 pubsubTopic=/waku/2/rs/3/0
[2026-10-10 15:09:29.650] [out] [delivery_module] DBG 2026-10-10 15:09:29.650+02:00 peer filtering updated                     topics="waku discv5" tid=19251595
[2026-10-10 15:09:29.650] [out] [delivery_module] DBG 2026-10-10 15:09:29.650+02:00 ENR shards updated                         topics="waku discv5" tid=19251595 enrUri=enr:-K24QJQRFL_Nwm1IiSUXqiTSPVaxqbq2uAkd8qQ9D3rJfAdDCFLV7dMbh71H-GepBYfrYLGhdQqZMw__Dy83LFgk3MwHgmlkgnY0im11bHRpYWRkcnOAgnJzkwADCAAAAAEAAgADAAQABQAGAAeJc2VjcDI1NmsxoQMTR7FYyBHJGYWBF5tO1D2uNFnqCPTtV6pCVEfLNQ027oN0Y3CCy-6DdWRwguRKhXdha3UyLQ add=true
[2026-10-10 15:09:29.651] [out] [delivery_module] DBG 2026-10-10 15:09:29.650+02:00 Subscribing to pubsub topic                topics="waku relay" tid=19251595 pubsubTopic=/waku/2/rs/3/1
[2026-10-10 15:09:29.651] [out] [delivery_module] DBG 2026-10-10 15:09:29.651+02:00 peer filtering updated                     topics="waku discv5" tid=19251595
[2026-10-10 15:09:29.651] [out] [delivery_module] DBG 2026-10-10 15:09:29.651+02:00 ENR shards updated                         topics="waku discv5" tid=19251595 enrUri=enr:-K24QIvHkN-w4nwIEVF5HLBGcQPFvojhG2EF5sREzlLL0uXtESqPBXOvUipCLGN3ojaFkoMgk6m0jSmONvrU-zDMgFAIgmlkgnY0im11bHRpYWRkcnOAgnJzkwADCAAAAAEAAgADAAQABQAGAAeJc2VjcDI1NmsxoQMTR7FYyBHJGYWBF5tO1D2uNFnqCPTtV6pCVEfLNQ027oN0Y3CCy-6DdWRwguRKhXdha3UyLQ add=true
[2026-10-10 15:09:29.651] [out] [delivery_module] DBG 2026-10-10 15:09:29.651+02:00 Subscribing to pubsub topic                topics="waku relay" tid=19251595 pubsubTopic=/waku/2/rs/3/2
[2026-10-10 15:09:29.651] [out] [delivery_module] DBG 2026-10-10 15:09:29.651+02:00 peer filtering updated                     topics="waku discv5" tid=19251595
[2026-10-10 15:09:29.651] [out] [delivery_module] DBG 2026-10-10 15:09:29.651+02:00 ENR shards updated                         topics="waku discv5" tid=19251595 enrUri=enr:-K24QF0kXTmqet6P4QxAqG6fUlIrjEs54-A7bSMZeJjoq87TUOcao9hyQsgsojukziVZyhGv0Rp7jslusNCEnGcpKakJgmlkgnY0im11bHRpYWRkcnOAgnJzkwADCAAAAAEAAgADAAQABQAGAAeJc2VjcDI1NmsxoQMTR7FYyBHJGYWBF5tO1D2uNFnqCPTtV6pCVEfLNQ027oN0Y3CCy-6DdWRwguRKhXdha3UyLQ add=true
[2026-10-10 15:09:29.651] [out] [delivery_module] DBG 2026-10-10 15:09:29.651+02:00 Subscribing to pubsub topic                topics="waku relay" tid=19251595 pubsubTopic=/waku/2/rs/3/3
[2026-10-10 15:09:29.652] [out] [delivery_module] DBG 2026-10-10 15:09:29.652+02:00 peer filtering updated                     topics="waku discv5" tid=19251595
[2026-10-10 15:09:29.652] [out] [delivery_module] DBG 2026-10-10 15:09:29.652+02:00 ENR shards updated                         topics="waku discv5" tid=19251595 enrUri=enr:-K24QFShtwb3QvIPoJCrSbRauGA0eYIib7p9qMqtl_VgHs7PZDMLT109yxNh9gNGQD8DNnTitYHDJMH61DLBk3eZmAAKgmlkgnY0im11bHRpYWRkcnOAgnJzkwADCAAAAAEAAgADAAQABQAGAAeJc2VjcDI1NmsxoQMTR7FYyBHJGYWBF5tO1D2uNFnqCPTtV6pCVEfLNQ027oN0Y3CCy-6DdWRwguRKhXdha3UyLQ add=true
[2026-10-10 15:09:29.652] [out] [delivery_module] DBG 2026-10-10 15:09:29.652+02:00 Subscribing to pubsub topic                topics="waku relay" tid=19251595 pubsubTopic=/waku/2/rs/3/4
[2026-10-10 15:09:29.652] [out] [delivery_module] DBG 2026-10-10 15:09:29.652+02:00 peer filtering updated                     topics="waku discv5" tid=19251595
[2026-10-10 15:09:29.652] [out] [delivery_module] DBG 2026-10-10 15:09:29.652+02:00 ENR shards updated                         topics="waku discv5" tid=19251595 enrUri=enr:-K24QLRyDz9L7qQsikB76L3jj3-l56zy7au1t-Jc-xciwIhTMU7q1TlNJxjafZdi_gdxbzpTDy9UVqFe5QUEFZUeAggLgmlkgnY0im11bHRpYWRkcnOAgnJzkwADCAAAAAEAAgADAAQABQAGAAeJc2VjcDI1NmsxoQMTR7FYyBHJGYWBF5tO1D2uNFnqCPTtV6pCVEfLNQ027oN0Y3CCy-6DdWRwguRKhXdha3UyLQ add=true
[2026-10-10 15:09:29.652] [out] [delivery_module] DBG 2026-10-10 15:09:29.652+02:00 Subscribing to pubsub topic                topics="waku relay" tid=19251595 pubsubTopic=/waku/2/rs/3/5
[2026-10-10 15:09:29.652] [out] [delivery_module] DBG 2026-10-10 15:09:29.652+02:00 peer filtering updated                     topics="waku discv5" tid=19251595
[2026-10-10 15:09:29.652] [out] [delivery_module] DBG 2026-10-10 15:09:29.652+02:00 ENR shards updated                         topics="waku discv5" tid=19251595 enrUri=enr:-K24QE0Aal1fEDwRAnzl_RBLxr_tXsyZVyy8eo12gro5lPAgK5GhSGIhkthfGZRxnTfr45c3bYWg_2Xi3Vqh-YHKiE0MgmlkgnY0im11bHRpYWRkcnOAgnJzkwADCAAAAAEAAgADAAQABQAGAAeJc2VjcDI1NmsxoQMTR7FYyBHJGYWBF5tO1D2uNFnqCPTtV6pCVEfLNQ027oN0Y3CCy-6DdWRwguRKhXdha3UyLQ add=true
[2026-10-10 15:09:29.652] [out] [delivery_module] DBG 2026-10-10 15:09:29.652+02:00 Subscribing to pubsub topic                topics="waku relay" tid=19251595 pubsubTopic=/waku/2/rs/3/6
[2026-10-10 15:09:29.653] [out] [delivery_module] DBG 2026-10-10 15:09:29.653+02:00 peer filtering updated                     topics="waku discv5" tid=19251595
[2026-10-10 15:09:29.653] [out] [delivery_module] DBG 2026-10-10 15:09:29.653+02:00 ENR shards updated                         topics="waku discv5" tid=19251595 enrUri=enr:-K24QKppAGSsJjqt_TOnOQ42Aorh00J6JD-qViaFRl-VMafmOxHcOR-JZ1SMO0I1-0GR-glNCDhw1tVRW_QCLv2a71UNgmlkgnY0im11bHRpYWRkcnOAgnJzkwADCAAAAAEAAgADAAQABQAGAAeJc2VjcDI1NmsxoQMTR7FYyBHJGYWBF5tO1D2uNFnqCPTtV6pCVEfLNQ027oN0Y3CCy-6DdWRwguRKhXdha3UyLQ add=true
[2026-10-10 15:09:29.653] [out] [delivery_module] NTC 2026-10-10 15:09:29.653+02:00 ENR carries no reachable host, so peers cannot dial this node. Set --nat, --ext-ip, --dns4-domain-name or --ext-multiaddr to advertise one topics="wakunode waku" tid=19251595
[2026-10-10 15:09:29.654] [out] [delivery_module] DBG 2026-10-10 15:09:29.654+02:00 Register interest                          topics="service-disco discoverer" tid=19251595 service=/logos/delivery serviceId=e6738033b5d4...cb0431b2f5d8
[2026-10-10 15:09:29.655] [out] [delivery_module] DBG 2026-10-10 15:09:29.655+02:00 Added service to discover                  topics="waku service discovery" tid=19251595 service=/logos/delivery
[2026-10-10 15:09:29.656] [out] [delivery_module] DBG 2026-10-10 15:09:29.656+02:00 Added provided service                     topics="service-disco advertiser" tid=19251595 service=/logos/delivery serviceId=e6738033b5d4...cb0431b2f5d8
[2026-10-10 15:09:29.656] [out] [delivery_module] DBG 2026-10-10 15:09:29.656+02:00 Creating stream                            tid=19251595
[2026-10-10 15:09:29.656] [out] [delivery_module] DBG 2026-10-10 15:09:29.656+02:00 New stream created                         tid=19251595
[2026-10-10 15:09:29.657] [out] [delivery_module] DBG 2026-10-10 15:09:29.657+02:00 Cannot insert self in routing table        topics="kad-dht rtable" tid=19251595 nodeId=002508021221...47cb350d36ee
[2026-10-10 15:09:29.658] [out] [delivery_module] DBG 2026-10-10 15:09:29.658+02:00 Added service to advertise                 topics="waku service discovery" tid=19251595 service=/logos/delivery
[2026-10-10 15:09:29.658] [out] [delivery_module] INF 2026-10-10 15:09:29.658+02:00 advertising this node on the delivery network topics="waku discovery advertise" tid=19251595 backend=service protocols="[/vac/waku/relay/2.0.0, /vac/waku/filter-subscribe/2.0.0-beta1, /vac/waku/lightpush/3.0.0, /mix/1.0.0]"
[2026-10-10 15:09:29.658] [out] [delivery_module] DBG 2026-10-10 15:09:29.658+02:00 Register interest                          topics="service-disco discoverer" tid=19251595 service=/mix/1.0.0 serviceId=913b5c5dbe69...6f90568cea40
[2026-10-10 15:09:29.659] [out] [delivery_module] DBG 2026-10-10 15:09:29.659+02:00 Added service to discover                  topics="waku service discovery" tid=19251595 service=/mix/1.0.0
[2026-10-10 15:09:29.659] [out] [delivery_module] DBG 2026-10-10 15:09:29.659+02:00 Added provided service                     topics="service-disco advertiser" tid=19251595 service=/mix/1.0.0 serviceId=913b5c5dbe69...6f90568cea40
[2026-10-10 15:09:29.659] [out] [delivery_module] DBG 2026-10-10 15:09:29.659+02:00 Creating stream                            tid=19251595
[2026-10-10 15:09:29.659] [out] [delivery_module] DBG 2026-10-10 15:09:29.659+02:00 New stream created                         tid=19251595
[2026-10-10 15:09:29.660] [out] [delivery_module] DBG 2026-10-10 15:09:29.660+02:00 Added service to advertise                 topics="waku service discovery" tid=19251595 service=/mix/1.0.0
[2026-10-10 15:09:29.660] [out] [delivery_module] INF 2026-10-10 15:09:29.660+02:00 advertising this node as a mix node        topics="waku discovery advertise" tid=19251595 backend=service
[2026-10-10 15:09:29.660] [out] [delivery_module] INF 2026-10-10 15:09:29.660+02:00 Node is online                             topics="waku online monitor" tid=19251595
[2026-10-10 15:09:29.660] [out] [delivery_module] INF 2026-10-10 15:09:29.660+02:00 Health monitor loop start                  tid=19251595
[2026-10-10 15:09:29.662] [out] [delivery_module] DBG 2026-10-10 15:09:29.662+02:00 calculateConnectionState                   tid=19251595 relayCount=8 storeClientCount=6 lightpushCount=8 filterCount=8
[2026-10-10 15:09:29.662] [out] [delivery_module] DBG 2026-10-10 15:09:29.662+02:00 connectionStatus change                    tid=19251595 oldstatus=Disconnected newstatus=Connected
[2026-10-10 15:09:29.662] [out] [delivery_module] INF 2026-10-10 15:09:29.662+02:00 starting keepalive                         tid=19251595 randomPeersKeepalive=10s allPeersKeepalive=2m
[2026-10-10 15:09:29.662] [out] [delivery_module] DBG 2026-10-10 15:09:29.662+02:00 no listener registered                     tid=19251596 event=onTopicHealthChange
[2026-10-10 15:09:29.662] [out] [delivery_module] DBG 2026-10-10 15:09:29.662+02:00 no listener registered                     tid=19251596 event=onTopicHealthChange
[2026-10-10 15:09:29.662] [out] [delivery_module] DBG 2026-10-10 15:09:29.662+02:00 no listener registered                     tid=19251596 event=onTopicHealthChange
[2026-10-10 15:09:29.662] [out] [delivery_module] DBG 2026-10-10 15:09:29.662+02:00 no listener registered                     tid=19251596 event=onTopicHealthChange
[2026-10-10 15:09:29.662] [out] [delivery_module] DBG 2026-10-10 15:09:29.662+02:00 no listener registered                     tid=19251596 event=onTopicHealthChange
[2026-10-10 15:09:29.662] [out] [delivery_module] DBG 2026-10-10 15:09:29.662+02:00 no listener registered                     tid=19251596 event=onTopicHealthChange
[2026-10-10 15:09:29.662] [out] [delivery_module] DBG 2026-10-10 15:09:29.662+02:00 no listener registered                     tid=19251596 event=onTopicHealthChange
[2026-10-10 15:09:29.764] [out] [delivery_module] DBG 2026-10-10 15:09:29.764+02:00 calculateConnectionState                   tid=19251595 relayCount=8 storeClientCount=6 lightpushCount=8 filterCount=8
[2026-10-10 15:09:29.764] [out] [delivery_module] DBG 2026-10-10 15:09:29.764+02:00 New stream created                         tid=19251595
[2026-10-10 15:09:29.767] [out] [delivery_module] DBG 2026-10-10 15:09:29.767+02:00 New stream created                         tid=19251595
[2026-10-10 15:09:29.777] [out] [delivery_module] DBG 2026-10-10 15:09:29.777+02:00 Provider found                             topics="service-disco tracker" tid=19251595 serviceId=e6738033b5d4...cb0431b2f5d8 provider=16Uiu2...Gas9Zu rank=1 elapsedMs=123 source=FromRegistration
[2026-10-10 15:09:29.778] [out] [delivery_module] DBG 2026-10-10 15:09:29.777+02:00 Provider found                             topics="service-disco tracker" tid=19251595 serviceId=913b5c5dbe69...6f90568cea40 provider=16Uiu2...Gas9Zu rank=1 elapsedMs=119 source=FromRegistration
[2026-10-10 15:09:30.592] [out] [delivery_module] DBG 2026-10-10 15:09:30.592+02:00 Getting adverts                            topics="service-disco discoverer" tid=19251595 serviceId=913b5c5dbe69...6f90568cea40 registrar=16Uiu2...3H7QUd
[2026-10-10 15:09:30.592] [out] [delivery_module] DBG 2026-10-10 15:09:30.592+02:00 Adverts found                              topics="service-disco discoverer" tid=19251595 serviceId=913b5c5dbe69...6f90568cea40 remote=16Uiu2...3H7QUd count=0
[2026-10-10 15:09:30.593] [out] [delivery_module] DBG 2026-10-10 15:09:30.593+02:00 Getting adverts                            topics="service-disco discoverer" tid=19251595 serviceId=913b5c5dbe69...6f90568cea40 registrar=16Uiu2...NSkuby
[2026-10-10 15:09:30.593] [out] [delivery_module] DBG 2026-10-10 15:09:30.593+02:00 Getting adverts                            topics="service-disco discoverer" tid=19251595 serviceId=913b5c5dbe69...6f90568cea40 registrar=16Uiu2...TwqBiH
[2026-10-10 15:09:30.593] [out] [delivery_module] DBG 2026-10-10 15:09:30.593+02:00 Getting adverts                            topics="service-disco discoverer" tid=19251595 serviceId=e6738033b5d4...cb0431b2f5d8 registrar=16Uiu2...3H7QUd
[2026-10-10 15:09:30.593] [out] [delivery_module] DBG 2026-10-10 15:09:30.593+02:00 Adverts found                              topics="service-disco discoverer" tid=19251595 serviceId=e6738033b5d4...cb0431b2f5d8 remote=16Uiu2...3H7QUd count=1
[2026-10-10 15:09:30.594] [out] [delivery_module] DBG 2026-10-10 15:09:30.594+02:00 Getting adverts                            topics="service-disco discoverer" tid=19251595 serviceId=e6738033b5d4...cb0431b2f5d8 registrar=16Uiu2...NSkuby
[2026-10-10 15:09:30.595] [out] [delivery_module] DBG 2026-10-10 15:09:30.595+02:00 Getting adverts                            topics="service-disco discoverer" tid=19251595 serviceId=e6738033b5d4...cb0431b2f5d8 registrar=16Uiu2...TwqBiH
[2026-10-10 15:09:30.605] [out] [delivery_module] INF 2026-10-10 15:09:30.605+02:00 Message received                           tid=19251595 msg_hash=0xb2e48fa73ae4e5566936b3a397aee15a12889747087e459e546fbb0f7db9ac0a contentTopic=/lp0026forum/1/general/text pubsubTopic=/waku/2/rs/3/7 source=live
[2026-10-10 15:09:30.706] [out] [delivery_module] DBG 2026-10-10 15:09:30.706+02:00 Adverts found                              topics="service-disco discoverer" tid=19251595 serviceId=913b5c5dbe69...6f90568cea40 remote=16Uiu2...NSkuby count=3
[2026-10-10 15:09:30.707] [out] [delivery_module] DBG 2026-10-10 15:09:30.707+02:00 Provider found                             topics="service-disco tracker" tid=19251595 serviceId=913b5c5dbe69...6f90568cea40 provider=16Uiu2...P1S397 rank=2 elapsedMs=1049 source=FromLookup
[2026-10-10 15:09:30.707] [out] [delivery_module] DBG 2026-10-10 15:09:30.707+02:00 Provider found                             topics="service-disco tracker" tid=19251595 serviceId=913b5c5dbe69...6f90568cea40 provider=16Uiu2...T3UNSE rank=3 elapsedMs=1049 source=FromLookup
[2026-10-10 15:09:30.707] [out] [delivery_module] DBG 2026-10-10 15:09:30.707+02:00 Provider found                             topics="service-disco tracker" tid=19251595 serviceId=913b5c5dbe69...6f90568cea40 provider=16Uiu2...TwqBiH rank=4 elapsedMs=1049 source=FromLookup
[2026-10-10 15:09:30.710] [out] [delivery_module] DBG 2026-10-10 15:09:30.710+02:00 Adverts found                              topics="service-disco discoverer" tid=19251595 serviceId=e6738033b5d4...cb0431b2f5d8 remote=16Uiu2...NSkuby count=3
[2026-10-10 15:09:30.711] [out] [delivery_module] DBG 2026-10-10 15:09:30.711+02:00 Provider found                             topics="service-disco tracker" tid=19251595 serviceId=e6738033b5d4...cb0431b2f5d8 provider=16Uiu2...kGyuEP rank=2 elapsedMs=1057 source=FromLookup
[2026-10-10 15:09:30.711] [out] [delivery_module] DBG 2026-10-10 15:09:30.711+02:00 Provider found                             topics="service-disco tracker" tid=19251595 serviceId=e6738033b5d4...cb0431b2f5d8 provider=16Uiu2...P1S397 rank=3 elapsedMs=1057 source=FromLookup
[2026-10-10 15:09:30.711] [out] [delivery_module] DBG 2026-10-10 15:09:30.711+02:00 Provider found                             topics="service-disco tracker" tid=19251595 serviceId=e6738033b5d4...cb0431b2f5d8 provider=16Uiu2...VpJprH rank=4 elapsedMs=1057 source=FromLookup
[2026-10-10 15:09:30.938] [out] [delivery_module] DBG 2026-10-10 15:09:30.938+02:00 Address dial failed                        topics="libp2p dialer" tid=19251595 err="quic dial timed out after 3s" peerId=16Uiu2...NmmnVv address=/ip4/143.105.219.245/udp/60401/quic-v1 hostname=143.105.219.245
[2026-10-10 15:09:30.951] [out] [delivery_module] DBG 2026-10-10 15:09:30.951+02:00 Adverts found                              topics="service-disco discoverer" tid=19251595 serviceId=913b5c5dbe69...6f90568cea40 remote=16Uiu2...TwqBiH count=5
[2026-10-10 15:09:30.951] [out] [delivery_module] DBG 2026-10-10 15:09:30.951+02:00 Adverts found                              topics="service-disco discoverer" tid=19251595 serviceId=e6738033b5d4...cb0431b2f5d8 remote=16Uiu2...TwqBiH count=3
[2026-10-10 15:09:30.953] [out] [delivery_module] DBG 2026-10-10 15:09:30.953+02:00 Provider found                             topics="service-disco tracker" tid=19251595 serviceId=913b5c5dbe69...6f90568cea40 provider=16Uiu2...kGyuEP rank=5 elapsedMs=1294 source=FromLookup
[2026-10-10 15:09:30.953] [out] [delivery_module] DBG 2026-10-10 15:09:30.953+02:00 Provider found                             topics="service-disco tracker" tid=19251595 serviceId=913b5c5dbe69...6f90568cea40 provider=16Uiu2...VpJprH rank=6 elapsedMs=1294 source=FromLookup
[2026-10-10 15:09:30.953] [out] [delivery_module] DBG 2026-10-10 15:09:30.953+02:00 Provider found                             topics="service-disco tracker" tid=19251595 serviceId=913b5c5dbe69...6f90568cea40 provider=16Uiu2...NSkuby rank=7 elapsedMs=1294 source=FromLookup
[2026-10-10 15:09:30.953] [out] [delivery_module] DBG 2026-10-10 15:09:30.953+02:00 Provider found                             topics="service-disco tracker" tid=19251595 serviceId=e6738033b5d4...cb0431b2f5d8 provider=16Uiu2...BjtNZZ rank=5 elapsedMs=1299 source=FromLookup
[2026-10-10 15:09:30.953] [out] [delivery_module] DBG 2026-10-10 15:09:30.953+02:00 Provider found                             topics="service-disco tracker" tid=19251595 serviceId=e6738033b5d4...cb0431b2f5d8 provider=16Uiu2...TwqBiH rank=6 elapsedMs=1299 source=FromLookup
[2026-10-10 15:09:30.954] [out] [delivery_module] DBG 2026-10-10 15:09:30.954+02:00 Getting adverts                            topics="service-disco discoverer" tid=19251595 serviceId=913b5c5dbe69...6f90568cea40 registrar=16Uiu2...T3UNSE
[2026-10-10 15:09:30.954] [out] [delivery_module] DBG 2026-10-10 15:09:30.954+02:00 Getting adverts                            topics="service-disco discoverer" tid=19251595 serviceId=913b5c5dbe69...6f90568cea40 registrar=16Uiu2...P1S397
[2026-10-10 15:09:30.954] [out] [delivery_module] DBG 2026-10-10 15:09:30.954+02:00 Getting adverts                            topics="service-disco discoverer" tid=19251595 serviceId=913b5c5dbe69...6f90568cea40 registrar=16Uiu2...VpJprH
[2026-10-10 15:09:30.954] [out] [delivery_module] DBG 2026-10-10 15:09:30.954+02:00 Getting adverts                            topics="service-disco discoverer" tid=19251595 serviceId=e6738033b5d4...cb0431b2f5d8 registrar=16Uiu2...Gas9Zu
[2026-10-10 15:09:30.955] [out] [delivery_module] DBG 2026-10-10 15:09:30.955+02:00 Creating stream                            tid=19251595
[2026-10-10 15:09:30.955] [out] [delivery_module] DBG 2026-10-10 15:09:30.955+02:00 New stream created                         tid=19251595
[2026-10-10 15:09:30.955] [out] [delivery_module] DBG 2026-10-10 15:09:30.955+02:00 Getting adverts                            topics="service-disco discoverer" tid=19251595 serviceId=e6738033b5d4...cb0431b2f5d8 registrar=16Uiu2...kGyuEP
[2026-10-10 15:09:30.955] [out] [delivery_module] DBG 2026-10-10 15:09:30.955+02:00 Getting adverts                            topics="service-disco discoverer" tid=19251595 serviceId=e6738033b5d4...cb0431b2f5d8 registrar=16Uiu2...BjtNZZ
[2026-10-10 15:09:30.957] [out] [delivery_module] DBG 2026-10-10 15:09:30.957+02:00 Adverts found                              topics="service-disco discoverer" tid=19251595 serviceId=e6738033b5d4...cb0431b2f5d8 remote=16Uiu2...Gas9Zu count=1
[2026-10-10 15:09:31.081] [out] [delivery_module] DBG 2026-10-10 15:09:31.081+02:00 Adverts found                              topics="service-disco discoverer" tid=19251595 serviceId=913b5c5dbe69...6f90568cea40 remote=16Uiu2...VpJprH count=3
[2026-10-10 15:09:31.269] [out] [delivery_module] DBG 2026-10-10 15:09:31.269+02:00 Adverts found                              topics="service-disco discoverer" tid=19251595 serviceId=e6738033b5d4...cb0431b2f5d8 remote=16Uiu2...BjtNZZ count=1
[2026-10-10 15:09:31.303] [out] [delivery_module] DBG 2026-10-10 15:09:31.303+02:00 Adverts found                              topics="service-disco discoverer" tid=19251595 serviceId=913b5c5dbe69...6f90568cea40 remote=16Uiu2...P1S397 count=3
[2026-10-10 15:09:31.427] [out] [delivery_module] DBG 2026-10-10 15:09:31.427+02:00 Adverts found                              topics="service-disco discoverer" tid=19251595 serviceId=e6738033b5d4...cb0431b2f5d8 remote=16Uiu2...kGyuEP count=5
[2026-10-10 15:09:31.428] [out] [delivery_module] DBG 2026-10-10 15:09:31.428+02:00 Adverts found                              topics="service-disco discoverer" tid=19251595 serviceId=913b5c5dbe69...6f90568cea40 remote=16Uiu2...T3UNSE count=0
[2026-10-10 15:09:31.428] [out] [delivery_module] DBG 2026-10-10 15:09:31.428+02:00 Provider found                             topics="service-disco tracker" tid=19251595 serviceId=e6738033b5d4...cb0431b2f5d8 provider=16Uiu2...NSkuby rank=7 elapsedMs=1774 source=FromLookup
[2026-10-10 15:09:31.429] [out] [delivery_module] DBG 2026-10-10 15:09:31.429+02:00 Getting adverts                            topics="service-disco discoverer" tid=19251595 serviceId=e6738033b5d4...cb0431b2f5d8 registrar=16Uiu2...VpJprH
[2026-10-10 15:09:31.430] [out] [delivery_module] DBG 2026-10-10 15:09:31.430+02:00 Getting adverts                            topics="service-disco discoverer" tid=19251595 serviceId=913b5c5dbe69...6f90568cea40 registrar=16Uiu2...Gas9Zu
[2026-10-10 15:09:31.430] [out] [delivery_module] DBG 2026-10-10 15:09:31.430+02:00 Creating stream                            tid=19251595
[2026-10-10 15:09:31.430] [out] [delivery_module] DBG 2026-10-10 15:09:31.430+02:00 New stream created                         tid=19251595
[2026-10-10 15:09:31.432] [out] [delivery_module] DBG 2026-10-10 15:09:31.432+02:00 Adverts found                              topics="service-disco discoverer" tid=19251595 serviceId=913b5c5dbe69...6f90568cea40 remote=16Uiu2...Gas9Zu count=0
[2026-10-10 15:09:31.433] [out] [delivery_module] DBG 2026-10-10 15:09:31.433+02:00 Getting adverts                            topics="service-disco discoverer" tid=19251595 serviceId=913b5c5dbe69...6f90568cea40 registrar=16Uiu2...kGyuEP
[2026-10-10 15:09:31.549] [out] [delivery_module] DBG 2026-10-10 15:09:31.549+02:00 Adverts found                              topics="service-disco discoverer" tid=19251595 serviceId=e6738033b5d4...cb0431b2f5d8 remote=16Uiu2...VpJprH count=5
[2026-10-10 15:09:31.551] [out] [delivery_module] DBG 2026-10-10 15:09:31.551+02:00 Getting adverts                            topics="service-disco discoverer" tid=19251595 serviceId=e6738033b5d4...cb0431b2f5d8 registrar=16Uiu2...T3UNSE
[2026-10-10 15:09:31.551] [out] [delivery_module] DBG 2026-10-10 15:09:31.551+02:00 Getting adverts                            topics="service-disco discoverer" tid=19251595 serviceId=e6738033b5d4...cb0431b2f5d8 registrar=16Uiu2...P1S397
[QmlInspector] Client disconnected
