run-logos-standalone-ui: hot-reloading QML from <repo>/src/qml
  (export DEV_QML_PATH to override, or LOGOS_QML_HOT_RELOAD=0 to disable)
Session directory: "~/Library/Application Support/Logos/LogosStandalone"
[2026-10-03 21:08:38.414] [info] [logos] Granting host services to 'capability_module': token_registry,token_delivery
[2026-10-03 21:08:38.449] [out] [capability_module] [2026-10-03 21:08:38.449] [info] Granting host services to capability_module: ["token_registry","token_delivery"]
RemoteTransportConnection: Connecting to registry: "local:logos_capability_module_8d5c0ea8f2e8" at "21:08:38.450"
RemoteTransportConnection: Registry connect attempt started (no peer contact yet): "local:logos_capability_module_8d5c0ea8f2e8"
LogosAPIConsumer: Informing module token for module: "capability_module" with token: "redacted:5f57a295…"
RemoteTransportConnection: Requesting object: "capability_module" at "21:08:38.450"
[LogosObject] RemoteTransportConnection: returning RemoteLogosObject for: "capability_module"
[LogosObject] Created RemoteLogosObject wrapping QRemoteObjectReplica 105553166474944
[LogosObject] LogosAPIConsumer: calling LogosObject::informModuleToken for "capability_module"
LogosAPIConsumer: informModuleToken completed with result: true
[LogosObject] Destroying RemoteLogosObject 0
[2026-10-03 21:08:38.531] [info] [logos] Module loaded: capability_module
LogosAPIConsumer: Informing module token for module: "modules_state" with token: "redacted:8bb1e540…"
RemoteTransportConnection: Requesting object: "capability_module" at "21:08:38.566"
[LogosObject] RemoteTransportConnection: returning RemoteLogosObject for: "capability_module"
[LogosObject] Created RemoteLogosObject wrapping QRemoteObjectReplica 105553166513728
[LogosObject] LogosAPIConsumer: calling LogosObject::informModuleToken for "modules_state"
LogosAPIConsumer: informModuleToken completed with result: true
[LogosObject] Destroying RemoteLogosObject 0
[2026-10-03 21:08:38.566] [info] [logos] Module loaded: modules_state
RemoteTransportConnection: Connecting to registry: "local:logos_modules_state_8d5c0ea8f2e8" at "21:08:38.566"
RemoteTransportConnection: Registry connect attempt started (no peer contact yet): "local:logos_modules_state_8d5c0ea8f2e8"
RemoteTransportConnection: Connecting to registry: "local:logos_capability_module_8d5c0ea8f2e8" at "21:08:38.566"
RemoteTransportConnection: Registry connect attempt started (no peer contact yet): "local:logos_capability_module_8d5c0ea8f2e8"
LogosAPIConsumer: '"modules_state"::""' deferred pending the module becoming reachable
LogosAPIConsumer: '"modules_state"::""' deferred pending the module becoming reachable
Logos Core started (modules dir: "/nix/store/4v2cj5cr5dlsjb9cl0blr0cds0qf07iv-logos-forum_module-plugin-dir-modules" )
Set app icon from metadata: "/nix/store/hvaxfjndlvdc2din115i62wg7hlsw1s1-logos-forum_module-plugin-dir/src/icons/icon.png"
[2026-10-03 21:08:38.613] [info] [logos] [delivery_module] DeliveryModuleImpl: Initializing...
LogosAPIConsumer: Informing module token for module: "delivery_module" with token: "redacted:3ddbef71…"
RemoteTransportConnection: Requesting object: "capability_module" at "21:08:38.614"
[LogosObject] RemoteTransportConnection: returning RemoteLogosObject for: "capability_module"
[LogosObject] Created RemoteLogosObject wrapping QRemoteObjectReplica 105553166462272
[LogosObject] LogosAPIConsumer: calling LogosObject::informModuleToken for "delivery_module"
LogosAPIConsumer: informModuleToken completed with result: true
[LogosObject] Destroying RemoteLogosObject 0
[2026-10-03 21:08:38.614] [info] [logos] Module loaded: delivery_module
RemoteTransportConnection: Connecting to registry: "local:logos_delivery_module_8d5c0ea8f2e8" at "21:08:38.614"
RemoteTransportConnection: Registry connect attempt started (no peer contact yet): "local:logos_delivery_module_8d5c0ea8f2e8"
RemoteTransportConnection: Connecting to registry: "local:logos_capability_module_8d5c0ea8f2e8" at "21:08:38.614"
RemoteTransportConnection: Registry connect attempt started (no peer contact yet): "local:logos_capability_module_8d5c0ea8f2e8"
LogosAPIConsumer: '"delivery_module"::""' deferred pending the module becoming reachable
LogosAPIClient: getToken for module: "modules_state"
LogosAPIClient: Found token for module: "modules_state"
RemoteTransportConnection: Requesting object: "modules_state" at "21:08:38.614"
[LogosObject] RemoteTransportConnection: returning RemoteLogosObject for: "modules_state"
[LogosObject] Created RemoteLogosObject wrapping QRemoteObjectReplica 105553166229728
[LogosObject] LogosAPIConsumer: async calling via LogosObject::callMethodAsync "note_transition"
[LogosObject] RemoteLogosObject::callMethodAsync "note_transition" args: 7
LogosAPIClient: getToken for module: "modules_state"
LogosAPIClient: Found token for module: "modules_state"
[LogosObject] LogosAPIConsumer: async calling via LogosObject::callMethodAsync "note_transition"
[LogosObject] RemoteLogosObject::callMethodAsync "note_transition" args: 7
Loaded dependency (with transitive deps): "delivery_module"
[2026-10-03 21:08:38.649] [info] [logos] [storage_module] StorageModuleImpl: Initializing...
LogosAPIConsumer: Informing module token for module: "storage_module" with token: "redacted:24f374d6…"
RemoteTransportConnection: Requesting object: "capability_module" at "21:08:38.650"
[LogosObject] Created RemoteLogosObject wrapping QRemoteObjectReplica 105553166480000
LogosAPIClient: invoking remote method "modules_state" "apply_snapshot" args_count: 1
LogosAPIClient: getToken for module: "modules_state"
LogosAPIClient: Found token for module: "modules_state"
LogosAPIConsumer: Calling invokeRemoteMethod: "modules_state" "apply_snapshot" args_count: 1 timeout: 20000
[LogosObject] LogosAPIConsumer: calling via LogosObject::callMethod "apply_snapshot"
[LogosObject] RemoteLogosObject::callMethod "apply_snapshot" args: 1
[LogosObject] Created RemoteLogosObject wrapping QRemoteObjectReplica 105553166232576
LogosAPIClient: getToken for module: "modules_state"
LogosAPIClient: Found token for module: "modules_state"
[LogosObject] LogosAPIConsumer: async calling via LogosObject::callMethodAsync "note_transition"
[LogosObject] RemoteLogosObject::callMethodAsync "note_transition" args: 7
LogosAPIClient: getToken for module: "modules_state"
LogosAPIClient: Found token for module: "modules_state"
[LogosObject] LogosAPIConsumer: async calling via LogosObject::callMethodAsync "note_transition"
[LogosObject] RemoteLogosObject::callMethodAsync "note_transition" args: 7
[2026-10-03 21:08:38.650] [info] [logos] Pushed module snapshot to modules_state
LogosAPIClient: getToken for module: "modules_state"
LogosAPIClient: Found token for module: "modules_state"
[LogosObject] LogosAPIConsumer: async calling via LogosObject::callMethodAsync "note_transition"
[LogosObject] RemoteLogosObject::callMethodAsync "note_transition" args: 7
[LogosObject] RemoteTransportConnection: returning RemoteLogosObject for: "capability_module"
[LogosObject] Created RemoteLogosObject wrapping QRemoteObjectReplica 105553166508960
[LogosObject] LogosAPIConsumer: calling LogosObject::informModuleToken for "storage_module"
LogosAPIConsumer: informModuleToken completed with result: true
[LogosObject] Destroying RemoteLogosObject 0
[2026-10-03 21:08:38.651] [info] [logos] Module loaded: storage_module
RemoteTransportConnection: Connecting to registry: "local:logos_storage_module_8d5c0ea8f2e8" at "21:08:38.651"
RemoteTransportConnection: Registry connect attempt started (no peer contact yet): "local:logos_storage_module_8d5c0ea8f2e8"
RemoteTransportConnection: Connecting to registry: "local:logos_capability_module_8d5c0ea8f2e8" at "21:08:38.651"
RemoteTransportConnection: Registry connect attempt started (no peer contact yet): "local:logos_capability_module_8d5c0ea8f2e8"
LogosAPIConsumer: '"storage_module"::""' deferred pending the module becoming reachable
LogosAPIClient: getToken for module: "modules_state"
LogosAPIClient: Found token for module: "modules_state"
[LogosObject] LogosAPIConsumer: async calling via LogosObject::callMethodAsync "note_transition"
[LogosObject] RemoteLogosObject::callMethodAsync "note_transition" args: 7
Loaded dependency (with transitive deps): "storage_module"
DEV_QML_PATH override active: <repo>/src/qml/Main.qml
RemoteTransportConnection: Connecting to registry: "local:logos_capability_module_8d5c0ea8f2e8" at "21:08:38.651"
RemoteTransportConnection: Registry connect attempt started (no peer contact yet): "local:logos_capability_module_8d5c0ea8f2e8"
LogosAPIConsumer: Informing module token for module: "forum_module" with token: "redacted:70efb4d9…"
RemoteTransportConnection: Requesting object: "capability_module" at "21:08:38.651"
[LogosObject] RemoteTransportConnection: returning RemoteLogosObject for: "capability_module"
[LogosObject] Created RemoteLogosObject wrapping QRemoteObjectReplica 105553166233408
[LogosObject] LogosAPIConsumer: calling LogosObject::informModuleToken for "forum_module"
[LogosObject] Created RemoteLogosObject wrapping QRemoteObjectReplica 105553166231232
LogosAPIClient: getToken for module: "modules_state"
LogosAPIClient: Found token for module: "modules_state"
[LogosObject] LogosAPIConsumer: async calling via LogosObject::callMethodAsync "note_transition"
[LogosObject] RemoteLogosObject::callMethodAsync "note_transition" args: 7
LogosAPIConsumer: informModuleToken completed with result: true
[LogosObject] Destroying RemoteLogosObject 0
[2026-10-03 21:08:38.868] [warning] [logos] [capability_module] Warning: QObject::connect: No such signal ::eventResponse(QString,QVariantList)
[2026-10-03 21:08:38.870] [info] [logos] [delivery_module] DeliveryModuleImpl::getNodeInfo called with nodeInfoId: MyPeerId
[2026-10-03 21:08:38.870] [info] [logos] [delivery_module] DeliveryModuleImpl: Cannot get node info - context not initialized. Call createNode first.
[2026-10-03 21:08:38.870] [info] [logos] [delivery_module] DeliveryModuleImpl::createNode called
[2026-10-03 21:08:38.932] [info] [logos] [delivery_module] DeliveryModuleImpl: Waiting for createNode callback...
[2026-10-03 21:08:38.936] [out] [delivery_module] DBG 2026-10-03 21:08:38.936+02:00 Whether to mount storeSync is not specified, defaulting to not mounting topics="waku conf builder" tid=2998939
[2026-10-03 21:08:38.936] [out] [delivery_module] INF 2026-10-03 21:08:38.936+02:00 Sharding configuration:                    topics="waku conf builder" tid=2998939 shardingConf="(kind: AutoSharding, numShardsInCluster: 1)" subscribeShards=@[0]
[2026-10-03 21:08:38.937] [out] [delivery_module] INF 2026-10-03 21:08:38.937+02:00 Configuration: Enabled protocols           topics="waku conf" tid=2998939 relay=true rlnRelay=false store=false filter=false lightPush=false peerExchange=false rendezvous=false
[2026-10-03 21:08:38.938] [out] [delivery_module] INF 2026-10-03 21:08:38.937+02:00 Configuration. Network                     topics="waku conf" tid=2998939 cluster=42
[2026-10-03 21:08:38.938] [out] [delivery_module] DBG 2026-10-03 21:08:38.938+02:00 Configuration. Active Relay Shards         topics="waku conf" tid=2998939 shard=0
[2026-10-03 21:08:38.938] [out] [delivery_module] INF 2026-10-03 21:08:38.938+02:00 Setting up storage                         tid=2998939
[2026-10-03 21:08:38.938] [out] [delivery_module] INF 2026-10-03 21:08:38.938+02:00 Initializing node                          tid=2998939
[2026-10-03 21:08:38.939] [out] [delivery_module] INF 2026-10-03 21:08:38.939+02:00 Initializing networking                    tid=2998939 addrs=@[/ip4/127.0.0.1/tcp/61225]
[2026-10-03 21:08:38.939] [out] [delivery_module] INF 2026-10-03 21:08:38.939+02:00 Mounting protocols                         tid=2998939
[2026-10-03 21:08:38.940] [out] [delivery_module] INF 2026-10-03 21:08:38.939+02:00 Created WakuMetadata protocol              topics="waku node" tid=2998939 clusterId=42 shards="[0]"
[2026-10-03 21:08:38.940] [out] [delivery_module] INF 2026-10-03 21:08:38.940+02:00 mounting store client                      topics="waku node store api" tid=2998939
[2026-10-03 21:08:38.940] [out] [delivery_module] INF 2026-10-03 21:08:38.940+02:00 Mounting auto sharding                     topics="waku node" tid=2998939 clusterId=42 shardCount=1
[2026-10-03 21:08:38.940] [out] [delivery_module] DBG 2026-10-03 21:08:38.940+02:00 Shards created from content topics         tid=2998939 contentTopics=[] shards=[]
[2026-10-03 21:08:38.940] [out] [delivery_module] DBG 2026-10-03 21:08:38.940+02:00 Setting max message size                   tid=2998939 num_bytes=153600
[2026-10-03 21:08:38.940] [out] [delivery_module] INF 2026-10-03 21:08:38.940+02:00 mounting relay protocol                    topics="waku node relay api" tid=2998939
[2026-10-03 21:08:38.941] [out] [delivery_module] DBG 2026-10-03 21:08:38.941+02:00 relay mounted successfully                 topics="waku node relay api" tid=2998939
[2026-10-03 21:08:38.941] [out] [delivery_module] DBG 2026-10-03 21:08:38.941+02:00 Adding validator to signed shards          tid=2998939 protectedShards=[] clusterId=42
[2026-10-03 21:08:38.941] [out] [delivery_module] INF 2026-10-03 21:08:38.941+02:00 mounting libp2p ping protocol              topics="waku node ping api" tid=2998939
[2026-10-03 21:08:38.941] [out] [delivery_module] INF 2026-10-03 21:08:38.941+02:00 mounting light push client                 topics="waku node lightpush api" tid=2998939
[2026-10-03 21:08:38.941] [out] [delivery_module] INF 2026-10-03 21:08:38.941+02:00 mounting legacy light push client          topics="waku node lightpush api" tid=2998939
[2026-10-03 21:08:38.941] [out] [delivery_module] INF 2026-10-03 21:08:38.941+02:00 mounting filter client                     topics="waku node filter api" tid=2998939
[2026-10-03 21:08:38.941] [out] [delivery_module] INF 2026-10-03 21:08:38.941+02:00 mounting waku peer exchange client         topics="waku node peerexchange api" tid=2998939
[2026-10-03 21:08:38.941] [out] [delivery_module] INF 2026-10-03 21:08:38.941+02:00 No external callbacks to be set            topics="wakunode waku" tid=2998939
[2026-10-03 21:08:38.941] [out] [delivery_module] INF 2026-10-03 21:08:38.941+02:00 Setting up AutonatService                  topics="libp2p autonatservice" tid=2998939
[2026-10-03 21:08:38.942] [info] [logos] [delivery_module] DeliveryModuleImpl::createNode callback called with ret: 0
[2026-10-03 21:08:38.943] [info] [logos] [delivery_module] DeliveryModuleImpl: Delivery context created successfully
[2026-10-03 21:08:38.944] [info] [logos] [delivery_module] DeliveryModuleImpl::start called
[2026-10-03 21:08:38.944] [out] [delivery_module] INF 2026-10-03 21:08:38.944+02:00 Retrieve dynamic bootstrap nodes           topics="wakunode waku" tid=2998939
[2026-10-03 21:08:38.944] [out] [delivery_module] INF 2026-10-03 21:08:38.944+02:00 Running nwaku node                         tid=2998939 version=v0.39.0-gca2814
[2026-10-03 21:08:38.944] [out] [delivery_module] INF 2026-10-03 21:08:38.944+02:00 Starting Waku node                         topics="waku node" tid=2998939 version=v0.39.0-gca2814
[2026-10-03 21:08:38.944] [out] [delivery_module] DBG 2026-10-03 21:08:38.944+02:00 starting switch for peer                   topics="libp2p switch" tid=2998939 peerInfo="(peerId: 16Uiu2HAmTQAA8pp5BqKvyRVTFUP8szntWohw97T7gXyS8p76gEtw, listenAddrs: [/ip4/127.0.0.1/tcp/61225], addrs: [], protocols: [/ipfs/id/1.0.0, /libp2p/autonat/1.0.0, /libp2p/circuit/relay/0.2.0/hop, /vac/waku/metadata/1.0.0, /vac/waku/relay/2.0.0, /ipfs/ping/1.0.0, /vac/waku/filter-push/2.0.0-beta1], protoVersion: ipfs/0.1.0, agentVersion: logos-delivery-v0.39.0-gca2814)"
[2026-10-03 21:08:38.944] [info] [logos] [delivery_module] DeliveryModuleImpl::getNodeInfo called with nodeInfoId: MyPeerId
[2026-10-03 21:08:38.945] [out] [delivery_module] DBG 2026-10-03 21:08:38.945+02:00 About to accept incoming connection        topics="libp2p switch" tid=2998939
[2026-10-03 21:08:38.946] [out] [delivery_module] INF 2026-10-03 21:08:38.946+02:00 start                                      topics="waku relay" tid=2998939
[2026-10-03 21:08:38.946] [out] [delivery_module] DBG 2026-10-03 21:08:38.946+02:00 Started libp2p node                        topics="libp2p switch" tid=2998939 peer="(peerId: 16Uiu2HAmTQAA8pp5BqKvyRVTFUP8szntWohw97T7gXyS8p76gEtw, listenAddrs: [/ip4/127.0.0.1/tcp/61225], addrs: [/ip4/127.0.0.1/tcp/61225], protocols: [/ipfs/id/1.0.0, /libp2p/autonat/1.0.0, /libp2p/circuit/relay/0.2.0/hop, /vac/waku/metadata/1.0.0, /vac/waku/relay/2.0.0, /ipfs/ping/1.0.0, /vac/waku/filter-push/2.0.0-beta1], protoVersion: ipfs/0.1.0, agentVersion: logos-delivery-v0.39.0-gca2814)"
[2026-10-03 21:08:38.947] [out] [delivery_module] INF 2026-10-03 21:08:38.947+02:00 Announced base resolved                    topics="waku node" tid=2998939 addrs=@[/ip4/127.0.0.1/tcp/61225] explicit=@[/ip4/127.0.0.1/tcp/61225]
[2026-10-03 21:08:38.947] [out] [delivery_module] DBG 2026-10-03 21:08:38.947+02:00 ENR addresses updated                      topics="waku enr" tid=2998939 retained=1 total=1
[2026-10-03 21:08:38.947] [out] [delivery_module] INF 2026-10-03 21:08:38.947+02:00 Node started successfully                  topics="waku node" tid=2998939
[2026-10-03 21:08:38.947] [out] [delivery_module] DBG 2026-10-03 21:08:38.947+02:00 Dialing multiple peers                     tid=2998939 numOfPeers=4 nodes="@[\"/ip4/127.0.0.1/tcp/61220/p2p/16Uiu2HAmMXWhFCF5JKguEZYjjkZPdqXSArDnHjTH6SdsmzvhY7m2\", \"/ip4/127.0.0.1/tcp/61221/p2p/16Uiu2HAm8Xhc688ozc7CarAQwXsdcocsiMa97v1bCGhnbDbgEW6Q\", \"/ip4/127.0.0.1/tcp/61222/p2p/16Uiu2HAm411nUZVgqDxDv6orvj8kd6staoJqbrE8W5hftBHQhF3F\", \"/ip4/127.0.0.1/tcp/61223/p2p/16Uiu2HAkwdnB4qkQ6oyAUEbwQZPXeV7KDbZW3R8ThTxK3jeWQLYq\"]"
[2026-10-03 21:08:38.948] [out] [delivery_module] DBG 2026-10-03 21:08:38.948+02:00 Dialing peer                               topics="libp2p dialer" tid=2998939 peerId=16U*vhY7m2 addrs="[/ip4/127.0.0.1/tcp/61220]"
[2026-10-03 21:08:38.948] [out] [delivery_module] DBG 2026-10-03 21:08:38.948+02:00 Expanded address and hostname              topics="libp2p dialer" tid=2998939 expandedAddress=/ip4/127.0.0.1/tcp/61220 hostname=127.0.0.1 resolvedAddresses="[/ip4/127.0.0.1/tcp/61220]"
[2026-10-03 21:08:38.948] [out] [delivery_module] DBG 2026-10-03 21:08:38.948+02:00 Dialing peer                               topics="libp2p dialer" tid=2998939 peerId=16U*bgEW6Q addrs="[/ip4/127.0.0.1/tcp/61221]"
[2026-10-03 21:08:38.948] [out] [delivery_module] DBG 2026-10-03 21:08:38.948+02:00 Expanded address and hostname              topics="libp2p dialer" tid=2998939 expandedAddress=/ip4/127.0.0.1/tcp/61221 hostname=127.0.0.1 resolvedAddresses="[/ip4/127.0.0.1/tcp/61221]"
[2026-10-03 21:08:38.948] [out] [delivery_module] DBG 2026-10-03 21:08:38.948+02:00 Dialing peer                               topics="libp2p dialer" tid=2998939 peerId=16U*HQhF3F addrs="[/ip4/127.0.0.1/tcp/61222]"
[2026-10-03 21:08:38.948] [out] [delivery_module] DBG 2026-10-03 21:08:38.948+02:00 Expanded address and hostname              topics="libp2p dialer" tid=2998939 expandedAddress=/ip4/127.0.0.1/tcp/61222 hostname=127.0.0.1 resolvedAddresses="[/ip4/127.0.0.1/tcp/61222]"
[2026-10-03 21:08:38.949] [out] [delivery_module] DBG 2026-10-03 21:08:38.949+02:00 Dialing peer                               topics="libp2p dialer" tid=2998939 peerId=16U*eWQLYq addrs="[/ip4/127.0.0.1/tcp/61223]"
[2026-10-03 21:08:38.949] [out] [delivery_module] DBG 2026-10-03 21:08:38.949+02:00 Expanded address and hostname              topics="libp2p dialer" tid=2998939 expandedAddress=/ip4/127.0.0.1/tcp/61223 hostname=127.0.0.1 resolvedAddresses="[/ip4/127.0.0.1/tcp/61223]"
[2026-10-03 21:08:38.949] [out] [delivery_module] DBG 2026-10-03 21:08:38.949+02:00 Dialing failed                             topics="libp2p dialer" tid=2998939 description="TcpTransport dial error: (61) Connection refused" peerId=16U*vhY7m2 address=/ip4/127.0.0.1/tcp/61220 hostname=127.0.0.1
[2026-10-03 21:08:38.949] [out] [delivery_module] DBG 2026-10-03 21:08:38.949+02:00 Dialing failed                             topics="libp2p dialer" tid=2998939 description="TcpTransport dial error: (61) Connection refused" peerId=16U*bgEW6Q address=/ip4/127.0.0.1/tcp/61221 hostname=127.0.0.1
[2026-10-03 21:08:38.949] [out] [delivery_module] DBG 2026-10-03 21:08:38.949+02:00 Dialing failed                             topics="libp2p dialer" tid=2998939 description="TcpTransport dial error: (61) Connection refused" peerId=16U*HQhF3F address=/ip4/127.0.0.1/tcp/61222 hostname=127.0.0.1
[2026-10-03 21:08:38.949] [out] [delivery_module] DBG 2026-10-03 21:08:38.949+02:00 Dialing failed                             topics="libp2p dialer" tid=2998939 description="TcpTransport dial error: (61) Connection refused" peerId=16U*eWQLYq address=/ip4/127.0.0.1/tcp/61223 hostname=127.0.0.1
[2026-10-03 21:08:38.949] [out] [delivery_module] DBG 2026-10-03 21:08:38.949+02:00 Finished dialing multiple peers            tid=2998939 successfulConns=0 attempted=4
[2026-10-03 21:08:38.949] [out] [delivery_module] DBG 2026-10-03 21:08:38.949+02:00 Starting peer exchange loop                topics="waku node peerexchange api" tid=2998939
[2026-10-03 21:08:38.949] [out] [delivery_module] DBG 2026-10-03 21:08:38.949+02:00 Retrieving peer info via peer exchange protocol topics="waku node peerexchange api" tid=2998939 amount=5
[2026-10-03 21:08:38.949] [out] [delivery_module] DBG 2026-10-03 21:08:38.949+02:00 Peer exchange request could not be made as no peer exchange peers found topics="waku peer_exchange client" tid=2998939
[2026-10-03 21:08:38.949] [out] [delivery_module] DBG 2026-10-03 21:08:38.949+02:00 Failed to retrieve peer info via peer exchange protocol topics="waku node peerexchange api" tid=2998939 error="(status_code: SERVICE_UNAVAILABLE, status_desc: ok(peer_not_found_failure))"
[2026-10-03 21:08:38.949] [out] [delivery_module] DBG 2026-10-03 21:08:38.949+02:00 Cannot fetch peers from peer exchange      topics="waku node peerexchange api" tid=2998939 cause="(status_code: SERVICE_UNAVAILABLE, status_desc: ok(peer_not_found_failure))"
[2026-10-03 21:08:38.949] [out] [delivery_module] INF 2026-10-03 21:08:38.949+02:00 Relay peer connections                     topics="waku node peer_manager" tid=2998939 inRelayConns=0/50 outRelayConns=0/25 totalConnections=0/150 notConnectedPeers=4 outsideBackoffPeers=0
[2026-10-03 21:08:38.950] [info] [logos] [delivery_module] DeliveryModuleImpl::subscribe called with contentTopic: /lp0026forum/1/general/text
[2026-10-03 21:08:38.950] [out] [delivery_module] DBG 2026-10-03 21:08:38.950+02:00 ENR addresses updated                      topics="waku enr" tid=2998939 retained=1 total=1
[2026-10-03 21:08:38.950] [out] [delivery_module] DBG 2026-10-03 21:08:38.950+02:00 Subscribing to pubsub topic                topics="waku relay" tid=2998939 pubsubTopic=/waku/2/rs/42/0
[2026-10-03 21:08:38.951] [out] [delivery_module] INF 2026-10-03 21:08:38.951+02:00 Health monitor loop start                  tid=2998939
[2026-10-03 21:08:38.951] [out] [delivery_module] DBG 2026-10-03 21:08:38.951+02:00 calculateConnectionState                   tid=2998939 relayCount=0 storeClientCount=0 lightpushCount=0 filterCount=0
[2026-10-03 21:08:38.952] [out] [delivery_module] INF 2026-10-03 21:08:38.951+02:00 starting keepalive                         tid=2998939 randomPeersKeepalive=10s allPeersKeepalive=2m
[2026-10-03 21:08:38.952] [out] [delivery_module] DBG 2026-10-03 21:08:38.952+02:00 No mesh peer for the given pubsub topic    topics="waku relay" tid=2998939 pubsubTopic=/waku/2/rs/42/0
[2026-10-03 21:08:38.966] [info] [logos] [delivery_module] DeliveryModuleImpl: Subscribe completed for topic: /lp0026forum/1/general/text with success
[2026-10-03 21:08:38.993] [out] [delivery_module] INF 2026-10-03 21:08:38.993+02:00 Node is online                             topics="waku online monitor" tid=2998939
Loaded UI plugin: "/nix/store/hvaxfjndlvdc2din115i62wg7hlsw1s1-logos-forum_module-plugin-dir"
[QmlInspector] Inspector server listening on port 3769
[QmlInspector] Client connected from "::1"
[2026-10-03 21:09:38.946] [out] [delivery_module] DBG 2026-10-03 21:09:38.946+02:00 Retrieving peer info via peer exchange protocol topics="waku node peerexchange api" tid=2998939 amount=5
[2026-10-03 21:09:38.946] [out] [delivery_module] DBG 2026-10-03 21:09:38.946+02:00 Peer exchange request could not be made as no peer exchange peers found topics="waku peer_exchange client" tid=2998939
[2026-10-03 21:09:38.946] [out] [delivery_module] DBG 2026-10-03 21:09:38.946+02:00 Failed to retrieve peer info via peer exchange protocol topics="waku node peerexchange api" tid=2998939 error="(status_code: SERVICE_UNAVAILABLE, status_desc: ok(peer_not_found_failure))"
[2026-10-03 21:09:38.946] [out] [delivery_module] DBG 2026-10-03 21:09:38.946+02:00 Cannot fetch peers from peer exchange      topics="waku node peerexchange api" tid=2998939 cause="(status_code: SERVICE_UNAVAILABLE, status_desc: ok(peer_not_found_failure))"
[QmlInspector] Client disconnected
