run-logos-standalone-ui: hot-reloading QML from <repo>/src/qml
  (export DEV_QML_PATH to override, or LOGOS_QML_HOT_RELOAD=0 to disable)
Session directory: "~/Library/Application Support/Logos/LogosStandalone"
[2026-10-01 23:09:03.263] [info] [logos] Granting host services to 'capability_module': token_registry,token_delivery
[2026-10-01 23:09:03.292] [out] [capability_module] [2026-10-01 23:09:03.291] [info] Granting host services to capability_module: ["token_registry","token_delivery"]
RemoteTransportConnection: Connecting to registry: "local:logos_capability_module_bb9c7400d42b" at "23:09:03.293"
RemoteTransportConnection: Registry connect attempt started (no peer contact yet): "local:logos_capability_module_bb9c7400d42b"
LogosAPIConsumer: Informing module token for module: "capability_module" with token: "redacted:c9cc0d3d…"
RemoteTransportConnection: Requesting object: "capability_module" at "23:09:03.293"
[LogosObject] RemoteTransportConnection: returning RemoteLogosObject for: "capability_module"
[LogosObject] Created RemoteLogosObject wrapping QRemoteObjectReplica 105553155014112
[LogosObject] LogosAPIConsumer: calling LogosObject::informModuleToken for "capability_module"
LogosAPIConsumer: informModuleToken completed with result: true
[LogosObject] Destroying RemoteLogosObject 0
[2026-10-01 23:09:03.319] [info] [logos] Module loaded: capability_module
LogosAPIConsumer: Informing module token for module: "modules_state" with token: "redacted:2132389d…"
RemoteTransportConnection: Requesting object: "capability_module" at "23:09:03.347"
[LogosObject] RemoteTransportConnection: returning RemoteLogosObject for: "capability_module"
[LogosObject] Created RemoteLogosObject wrapping QRemoteObjectReplica 105553154810176
[LogosObject] LogosAPIConsumer: calling LogosObject::informModuleToken for "modules_state"
LogosAPIConsumer: informModuleToken completed with result: true
[LogosObject] Destroying RemoteLogosObject 0
[2026-10-01 23:09:03.351] [info] [logos] Module loaded: modules_state
RemoteTransportConnection: Connecting to registry: "local:logos_modules_state_bb9c7400d42b" at "23:09:03.352"
RemoteTransportConnection: Registry connect attempt started (no peer contact yet): "local:logos_modules_state_bb9c7400d42b"
RemoteTransportConnection: Connecting to registry: "local:logos_capability_module_bb9c7400d42b" at "23:09:03.352"
RemoteTransportConnection: Registry connect attempt started (no peer contact yet): "local:logos_capability_module_bb9c7400d42b"
LogosAPIConsumer: '"modules_state"::""' deferred pending the module becoming reachable
LogosAPIConsumer: '"modules_state"::""' deferred pending the module becoming reachable
Logos Core started (modules dir: "/nix/store/4v2cj5cr5dlsjb9cl0blr0cds0qf07iv-logos-forum_module-plugin-dir-modules" )
Set app icon from metadata: "/nix/store/hd5w6hjzlc0r8yz57fpggsc7mmwlwh15-logos-forum_module-plugin-dir/src/icons/icon.png"
[2026-10-01 23:09:03.390] [info] [logos] [delivery_module] DeliveryModuleImpl: Initializing...
LogosAPIConsumer: Informing module token for module: "delivery_module" with token: "redacted:05132982…"
RemoteTransportConnection: Requesting object: "capability_module" at "23:09:03.391"
[LogosObject] RemoteTransportConnection: returning RemoteLogosObject for: "capability_module"
[LogosObject] Created RemoteLogosObject wrapping QRemoteObjectReplica 105553154904480
[LogosObject] LogosAPIConsumer: calling LogosObject::informModuleToken for "delivery_module"
LogosAPIConsumer: informModuleToken completed with result: true
[LogosObject] Destroying RemoteLogosObject 0
[2026-10-01 23:09:03.392] [info] [logos] Module loaded: delivery_module
RemoteTransportConnection: Connecting to registry: "local:logos_delivery_module_bb9c7400d42b" at "23:09:03.392"
RemoteTransportConnection: Registry connect attempt started (no peer contact yet): "local:logos_delivery_module_bb9c7400d42b"
RemoteTransportConnection: Connecting to registry: "local:logos_capability_module_bb9c7400d42b" at "23:09:03.393"
RemoteTransportConnection: Registry connect attempt started (no peer contact yet): "local:logos_capability_module_bb9c7400d42b"
LogosAPIConsumer: '"delivery_module"::""' deferred pending the module becoming reachable
LogosAPIClient: getToken for module: "modules_state"
LogosAPIClient: Found token for module: "modules_state"
RemoteTransportConnection: Requesting object: "modules_state" at "23:09:03.393"
[LogosObject] RemoteTransportConnection: returning RemoteLogosObject for: "modules_state"
[LogosObject] Created RemoteLogosObject wrapping QRemoteObjectReplica 105553154835872
[LogosObject] LogosAPIConsumer: async calling via LogosObject::callMethodAsync "note_transition"
[LogosObject] RemoteLogosObject::callMethodAsync "note_transition" args: 7
LogosAPIClient: getToken for module: "modules_state"
LogosAPIClient: Found token for module: "modules_state"
[LogosObject] LogosAPIConsumer: async calling via LogosObject::callMethodAsync "note_transition"
[LogosObject] RemoteLogosObject::callMethodAsync "note_transition" args: 7
Loaded dependency (with transitive deps): "delivery_module"
[2026-10-01 23:09:03.421] [info] [logos] [storage_module] StorageModuleImpl: Initializing...
LogosAPIConsumer: Informing module token for module: "storage_module" with token: "redacted:017af991…"
RemoteTransportConnection: Requesting object: "capability_module" at "23:09:03.422"
[LogosObject] Created RemoteLogosObject wrapping QRemoteObjectReplica 105553155024000
LogosAPIClient: invoking remote method "modules_state" "apply_snapshot" args_count: 1
LogosAPIClient: getToken for module: "modules_state"
LogosAPIClient: Found token for module: "modules_state"
LogosAPIConsumer: Calling invokeRemoteMethod: "modules_state" "apply_snapshot" args_count: 1 timeout: 20000
[LogosObject] LogosAPIConsumer: calling via LogosObject::callMethod "apply_snapshot"
[LogosObject] RemoteLogosObject::callMethod "apply_snapshot" args: 1
[LogosObject] Created RemoteLogosObject wrapping QRemoteObjectReplica 105553154838688
LogosAPIClient: getToken for module: "modules_state"
LogosAPIClient: Found token for module: "modules_state"
[LogosObject] LogosAPIConsumer: async calling via LogosObject::callMethodAsync "note_transition"
[LogosObject] RemoteLogosObject::callMethodAsync "note_transition" args: 7
LogosAPIClient: getToken for module: "modules_state"
LogosAPIClient: Found token for module: "modules_state"
[LogosObject] LogosAPIConsumer: async calling via LogosObject::callMethodAsync "note_transition"
[LogosObject] RemoteLogosObject::callMethodAsync "note_transition" args: 7
[2026-10-01 23:09:03.425] [info] [logos] Pushed module snapshot to modules_state
LogosAPIClient: getToken for module: "modules_state"
LogosAPIClient: Found token for module: "modules_state"
[LogosObject] LogosAPIConsumer: async calling via LogosObject::callMethodAsync "note_transition"
[LogosObject] RemoteLogosObject::callMethodAsync "note_transition" args: 7
[LogosObject] RemoteTransportConnection: returning RemoteLogosObject for: "capability_module"
[LogosObject] Created RemoteLogosObject wrapping QRemoteObjectReplica 105553154904000
[LogosObject] LogosAPIConsumer: calling LogosObject::informModuleToken for "storage_module"
LogosAPIConsumer: informModuleToken completed with result: true
[LogosObject] Destroying RemoteLogosObject 0
[2026-10-01 23:09:03.425] [info] [logos] Module loaded: storage_module
RemoteTransportConnection: Connecting to registry: "local:logos_storage_module_bb9c7400d42b" at "23:09:03.426"
RemoteTransportConnection: Registry connect attempt started (no peer contact yet): "local:logos_storage_module_bb9c7400d42b"
RemoteTransportConnection: Connecting to registry: "local:logos_capability_module_bb9c7400d42b" at "23:09:03.426"
RemoteTransportConnection: Registry connect attempt started (no peer contact yet): "local:logos_capability_module_bb9c7400d42b"
LogosAPIConsumer: '"storage_module"::""' deferred pending the module becoming reachable
LogosAPIClient: getToken for module: "modules_state"
LogosAPIClient: Found token for module: "modules_state"
[LogosObject] LogosAPIConsumer: async calling via LogosObject::callMethodAsync "note_transition"
[LogosObject] RemoteLogosObject::callMethodAsync "note_transition" args: 7
Loaded dependency (with transitive deps): "storage_module"
DEV_QML_PATH override active: <repo>/src/qml/Main.qml
RemoteTransportConnection: Connecting to registry: "local:logos_capability_module_bb9c7400d42b" at "23:09:03.426"
RemoteTransportConnection: Registry connect attempt started (no peer contact yet): "local:logos_capability_module_bb9c7400d42b"
LogosAPIConsumer: Informing module token for module: "forum_module" with token: "redacted:b4b0becf…"
RemoteTransportConnection: Requesting object: "capability_module" at "23:09:03.426"
[LogosObject] RemoteTransportConnection: returning RemoteLogosObject for: "capability_module"
[LogosObject] Created RemoteLogosObject wrapping QRemoteObjectReplica 105553154810016
[LogosObject] LogosAPIConsumer: calling LogosObject::informModuleToken for "forum_module"
[LogosObject] Created RemoteLogosObject wrapping QRemoteObjectReplica 105553154816032
LogosAPIClient: getToken for module: "modules_state"
LogosAPIClient: Found token for module: "modules_state"
[LogosObject] LogosAPIConsumer: async calling via LogosObject::callMethodAsync "note_transition"
[LogosObject] RemoteLogosObject::callMethodAsync "note_transition" args: 7
LogosAPIConsumer: informModuleToken completed with result: true
[LogosObject] Destroying RemoteLogosObject 0
[2026-10-01 23:09:03.464] [warning] [logos] [capability_module] Warning: QObject::connect: No such signal ::eventResponse(QString,QVariantList)
[2026-10-01 23:09:03.464] [info] [logos] [delivery_module] DeliveryModuleImpl::getNodeInfo called with nodeInfoId: MyPeerId
[2026-10-01 23:09:03.464] [info] [logos] [delivery_module] DeliveryModuleImpl: Cannot get node info - context not initialized. Call createNode first.
[2026-10-01 23:09:03.464] [info] [logos] [delivery_module] DeliveryModuleImpl::createNode called
[2026-10-01 23:09:03.469] [info] [logos] [delivery_module] DeliveryModuleImpl: Waiting for createNode callback...
[2026-10-01 23:09:03.470] [out] [delivery_module] DBG 2026-10-01 23:09:03.470+02:00 Whether to mount storeSync is not specified, defaulting to not mounting topics="waku conf builder" tid=41790281
[2026-10-01 23:09:03.470] [out] [delivery_module] INF 2026-10-01 23:09:03.470+02:00 Sharding configuration:                    topics="waku conf builder" tid=41790281 shardingConf="(kind: AutoSharding, numShardsInCluster: 1)" subscribeShards=@[0]
[2026-10-01 23:09:03.470] [out] [delivery_module] INF 2026-10-01 23:09:03.470+02:00 Configuration: Enabled protocols           topics="waku conf" tid=41790281 relay=true rlnRelay=false store=false filter=false lightPush=false peerExchange=false rendezvous=false
[2026-10-01 23:09:03.470] [out] [delivery_module] INF 2026-10-01 23:09:03.470+02:00 Configuration. Network                     topics="waku conf" tid=41790281 cluster=42
[2026-10-01 23:09:03.470] [out] [delivery_module] DBG 2026-10-01 23:09:03.470+02:00 Configuration. Active Relay Shards         topics="waku conf" tid=41790281 shard=0
[2026-10-01 23:09:03.470] [out] [delivery_module] INF 2026-10-01 23:09:03.470+02:00 Setting up storage                         tid=41790281
[2026-10-01 23:09:03.470] [out] [delivery_module] INF 2026-10-01 23:09:03.470+02:00 Initializing node                          tid=41790281
[2026-10-01 23:09:03.470] [out] [delivery_module] INF 2026-10-01 23:09:03.470+02:00 Initializing networking                    tid=41790281 addrs=@[/ip4/127.0.0.1/tcp/57835]
[2026-10-01 23:09:03.470] [out] [delivery_module] INF 2026-10-01 23:09:03.470+02:00 Mounting protocols                         tid=41790281
[2026-10-01 23:09:03.470] [out] [delivery_module] INF 2026-10-01 23:09:03.470+02:00 Created WakuMetadata protocol              topics="waku node" tid=41790281 clusterId=42 shards="[0]"
[2026-10-01 23:09:03.470] [out] [delivery_module] INF 2026-10-01 23:09:03.470+02:00 mounting store client                      topics="waku node store api" tid=41790281
[2026-10-01 23:09:03.470] [out] [delivery_module] INF 2026-10-01 23:09:03.470+02:00 Mounting auto sharding                     topics="waku node" tid=41790281 clusterId=42 shardCount=1
[2026-10-01 23:09:03.470] [out] [delivery_module] DBG 2026-10-01 23:09:03.470+02:00 Shards created from content topics         tid=41790281 contentTopics=[] shards=[]
[2026-10-01 23:09:03.470] [out] [delivery_module] DBG 2026-10-01 23:09:03.470+02:00 Setting max message size                   tid=41790281 num_bytes=153600
[2026-10-01 23:09:03.470] [out] [delivery_module] INF 2026-10-01 23:09:03.470+02:00 mounting relay protocol                    topics="waku node relay api" tid=41790281
[2026-10-01 23:09:03.471] [out] [delivery_module] DBG 2026-10-01 23:09:03.470+02:00 relay mounted successfully                 topics="waku node relay api" tid=41790281
[2026-10-01 23:09:03.471] [out] [delivery_module] DBG 2026-10-01 23:09:03.471+02:00 Adding validator to signed shards          tid=41790281 protectedShards=[] clusterId=42
[2026-10-01 23:09:03.471] [out] [delivery_module] INF 2026-10-01 23:09:03.471+02:00 mounting libp2p ping protocol              topics="waku node ping api" tid=41790281
[2026-10-01 23:09:03.471] [out] [delivery_module] INF 2026-10-01 23:09:03.471+02:00 mounting light push client                 topics="waku node lightpush api" tid=41790281
[2026-10-01 23:09:03.471] [out] [delivery_module] INF 2026-10-01 23:09:03.471+02:00 mounting legacy light push client          topics="waku node lightpush api" tid=41790281
[2026-10-01 23:09:03.471] [out] [delivery_module] INF 2026-10-01 23:09:03.471+02:00 mounting filter client                     topics="waku node filter api" tid=41790281
[2026-10-01 23:09:03.471] [out] [delivery_module] INF 2026-10-01 23:09:03.471+02:00 mounting waku peer exchange client         topics="waku node peerexchange api" tid=41790281
[2026-10-01 23:09:03.471] [out] [delivery_module] INF 2026-10-01 23:09:03.471+02:00 No external callbacks to be set            topics="wakunode waku" tid=41790281
[2026-10-01 23:09:03.471] [out] [delivery_module] INF 2026-10-01 23:09:03.471+02:00 Setting up AutonatService                  topics="libp2p autonatservice" tid=41790281
[2026-10-01 23:09:03.471] [info] [logos] [delivery_module] DeliveryModuleImpl::createNode callback called with ret: 0
[2026-10-01 23:09:03.471] [info] [logos] [delivery_module] DeliveryModuleImpl: Delivery context created successfully
[2026-10-01 23:09:03.472] [info] [logos] [delivery_module] DeliveryModuleImpl::start called
[2026-10-01 23:09:03.472] [out] [delivery_module] INF 2026-10-01 23:09:03.472+02:00 Retrieve dynamic bootstrap nodes           topics="wakunode waku" tid=41790281
[2026-10-01 23:09:03.472] [out] [delivery_module] INF 2026-10-01 23:09:03.472+02:00 Running nwaku node                         tid=41790281 version=v0.39.0-gca2814
[2026-10-01 23:09:03.472] [out] [delivery_module] INF 2026-10-01 23:09:03.472+02:00 Starting Waku node                         topics="waku node" tid=41790281 version=v0.39.0-gca2814
[2026-10-01 23:09:03.472] [info] [logos] [delivery_module] DeliveryModuleImpl::getNodeInfo called with nodeInfoId: MyPeerId
[2026-10-01 23:09:03.472] [out] [delivery_module] DBG 2026-10-01 23:09:03.472+02:00 starting switch for peer                   topics="libp2p switch" tid=41790281 peerInfo="(peerId: 16Uiu2HAm8c54th1Sq7USHxsTykEUYodYTkpU3NzRpH1LExivzcP8, listenAddrs: [/ip4/127.0.0.1/tcp/57835], addrs: [], protocols: [/ipfs/id/1.0.0, /libp2p/autonat/1.0.0, /libp2p/circuit/relay/0.2.0/hop, /vac/waku/metadata/1.0.0, /vac/waku/relay/2.0.0, /ipfs/ping/1.0.0, /vac/waku/filter-push/2.0.0-beta1], protoVersion: ipfs/0.1.0, agentVersion: logos-delivery-v0.39.0-gca2814)"
[2026-10-01 23:09:03.472] [out] [delivery_module] DBG 2026-10-01 23:09:03.472+02:00 About to accept incoming connection        topics="libp2p switch" tid=41790281
[2026-10-01 23:09:03.472] [out] [delivery_module] INF 2026-10-01 23:09:03.472+02:00 start                                      topics="waku relay" tid=41790281
[2026-10-01 23:09:03.472] [out] [delivery_module] DBG 2026-10-01 23:09:03.472+02:00 Started libp2p node                        topics="libp2p switch" tid=41790281 peer="(peerId: 16Uiu2HAm8c54th1Sq7USHxsTykEUYodYTkpU3NzRpH1LExivzcP8, listenAddrs: [/ip4/127.0.0.1/tcp/57835], addrs: [/ip4/127.0.0.1/tcp/57835], protocols: [/ipfs/id/1.0.0, /libp2p/autonat/1.0.0, /libp2p/circuit/relay/0.2.0/hop, /vac/waku/metadata/1.0.0, /vac/waku/relay/2.0.0, /ipfs/ping/1.0.0, /vac/waku/filter-push/2.0.0-beta1], protoVersion: ipfs/0.1.0, agentVersion: logos-delivery-v0.39.0-gca2814)"
[2026-10-01 23:09:03.473] [out] [delivery_module] INF 2026-10-01 23:09:03.473+02:00 Announced base resolved                    topics="waku node" tid=41790281 addrs=@[/ip4/127.0.0.1/tcp/57835] explicit=@[/ip4/127.0.0.1/tcp/57835]
[2026-10-01 23:09:03.473] [out] [delivery_module] DBG 2026-10-01 23:09:03.473+02:00 ENR addresses updated                      topics="waku enr" tid=41790281 retained=1 total=1
[2026-10-01 23:09:03.473] [out] [delivery_module] INF 2026-10-01 23:09:03.473+02:00 Node started successfully                  topics="waku node" tid=41790281
[2026-10-01 23:09:03.473] [out] [delivery_module] DBG 2026-10-01 23:09:03.473+02:00 Dialing multiple peers                     tid=41790281 numOfPeers=4 nodes="@[\"/ip4/127.0.0.1/tcp/57830/p2p/16Uiu2HAmNNaMC3KiS2bPqi7UohniU9BMFBuZ1erfW8F6fAd9HLRE\", \"/ip4/127.0.0.1/tcp/57831/p2p/16Uiu2HAkuWbopB9ino4UQwRcWRs8bLvmHeTWshReMrr1N4RifDg5\", \"/ip4/127.0.0.1/tcp/57832/p2p/16Uiu2HAm5n29WCABxY6YT99wcoSp5hFA45DdjbpunqrFfjtzoFRG\", \"/ip4/127.0.0.1/tcp/57833/p2p/16Uiu2HAmDzd2qudiRa9rGMM81zN4MUEzAwFVs8QKxqhfqizsbb5p\"]"
[2026-10-01 23:09:03.473] [out] [delivery_module] DBG 2026-10-01 23:09:03.473+02:00 Dialing peer                               topics="libp2p dialer" tid=41790281 peerId=16U*d9HLRE addrs="[/ip4/127.0.0.1/tcp/57830]"
[2026-10-01 23:09:03.474] [out] [delivery_module] DBG 2026-10-01 23:09:03.473+02:00 Expanded address and hostname              topics="libp2p dialer" tid=41790281 expandedAddress=/ip4/127.0.0.1/tcp/57830 hostname=127.0.0.1 resolvedAddresses="[/ip4/127.0.0.1/tcp/57830]"
[2026-10-01 23:09:03.474] [out] [delivery_module] DBG 2026-10-01 23:09:03.474+02:00 Dialing peer                               topics="libp2p dialer" tid=41790281 peerId=16U*RifDg5 addrs="[/ip4/127.0.0.1/tcp/57831]"
[2026-10-01 23:09:03.474] [out] [delivery_module] DBG 2026-10-01 23:09:03.474+02:00 Expanded address and hostname              topics="libp2p dialer" tid=41790281 expandedAddress=/ip4/127.0.0.1/tcp/57831 hostname=127.0.0.1 resolvedAddresses="[/ip4/127.0.0.1/tcp/57831]"
[2026-10-01 23:09:03.474] [out] [delivery_module] DBG 2026-10-01 23:09:03.474+02:00 Dialing peer                               topics="libp2p dialer" tid=41790281 peerId=16U*tzoFRG addrs="[/ip4/127.0.0.1/tcp/57832]"
[2026-10-01 23:09:03.474] [out] [delivery_module] DBG 2026-10-01 23:09:03.474+02:00 Expanded address and hostname              topics="libp2p dialer" tid=41790281 expandedAddress=/ip4/127.0.0.1/tcp/57832 hostname=127.0.0.1 resolvedAddresses="[/ip4/127.0.0.1/tcp/57832]"
[2026-10-01 23:09:03.474] [out] [delivery_module] DBG 2026-10-01 23:09:03.474+02:00 Dialing peer                               topics="libp2p dialer" tid=41790281 peerId=16U*zsbb5p addrs="[/ip4/127.0.0.1/tcp/57833]"
[2026-10-01 23:09:03.474] [out] [delivery_module] DBG 2026-10-01 23:09:03.474+02:00 Expanded address and hostname              topics="libp2p dialer" tid=41790281 expandedAddress=/ip4/127.0.0.1/tcp/57833 hostname=127.0.0.1 resolvedAddresses="[/ip4/127.0.0.1/tcp/57833]"
[2026-10-01 23:09:03.475] [info] [logos] [delivery_module] DeliveryModuleImpl::subscribe called with contentTopic: /lp0026forum/1/general/text
[2026-10-01 23:09:03.476] [out] [delivery_module] DBG 2026-10-01 23:09:03.476+02:00 Subscribing to pubsub topic                topics="waku relay" tid=41790281 pubsubTopic=/waku/2/rs/42/0
[2026-10-01 23:09:03.476] [info] [logos] [delivery_module] DeliveryModuleImpl: Subscribe completed for topic: /lp0026forum/1/general/text with success
[2026-10-01 23:09:03.476] [out] [delivery_module] DBG 2026-10-01 23:09:03.476+02:00 No mesh peer for the given pubsub topic    topics="waku relay" tid=41790281 pubsubTopic=/waku/2/rs/42/0
[2026-10-01 23:09:03.477] [out] [delivery_module] DBG 2026-10-01 23:09:03.477+02:00 Dial successful                            topics="libp2p dialer" tid=41790281 peerId=16U*RifDg5
[2026-10-01 23:09:03.477] [out] [delivery_module] DBG 2026-10-01 23:09:03.477+02:00 Dial successful                            topics="libp2p dialer" tid=41790281 peerId=16U*d9HLRE
[2026-10-01 23:09:03.478] [out] [delivery_module] DBG 2026-10-01 23:09:03.478+02:00 starting sendNonHighPriorityTask           topics="libp2p pubsubpeer" tid=41790281 p=16U*RifDg5
[2026-10-01 23:09:03.478] [out] [delivery_module] DBG 2026-10-01 23:09:03.478+02:00 created new pubsub peer                    topics="libp2p pubsub" tid=41790281 peerId=16U*RifDg5
[2026-10-01 23:09:03.478] [out] [delivery_module] DBG 2026-10-01 23:09:03.478+02:00 no listener registered                     tid=41790282 event=onConnectionChange
[2026-10-01 23:09:03.478] [out] [delivery_module] DBG 2026-10-01 23:09:03.478+02:00 starting sendNonHighPriorityTask           topics="libp2p pubsubpeer" tid=41790281 p=16U*d9HLRE
[2026-10-01 23:09:03.478] [out] [delivery_module] DBG 2026-10-01 23:09:03.478+02:00 created new pubsub peer                    topics="libp2p pubsub" tid=41790281 peerId=16U*d9HLRE
[2026-10-01 23:09:03.478] [out] [delivery_module] DBG 2026-10-01 23:09:03.478+02:00 no listener registered                     tid=41790282 event=onConnectionChange
[2026-10-01 23:09:03.478] [out] [delivery_module] DBG 2026-10-01 23:09:03.478+02:00 Incoming WakuRelay connection              topics="waku relay" tid=41790281 connection=16U*RifDg5:6abecbefb76aab44d829f5c9 protocol=/vac/waku/relay/2.0.0
[2026-10-01 23:09:03.478] [out] [delivery_module] DBG 2026-10-01 23:09:03.478+02:00 starting pubsub read loop                  topics="libp2p pubsubpeer" tid=41790281 stream=16U*RifDg5:6abecbefb76aab44d829f5c9 peer=16U*RifDg5 closed=false
[2026-10-01 23:09:03.478] [out] [delivery_module] DBG 2026-10-01 23:09:03.478+02:00 identify: info sent                        topics="libp2p identify" tid=41790281 stream=16U*RifDg5:6abecbefb76aab44d829f5ca info="(peerId: 16Uiu2HAm8c54th1Sq7USHxsTykEUYodYTkpU3NzRpH1LExivzcP8, listenAddrs: [/ip4/127.0.0.1/tcp/57835], addrs: [/ip4/127.0.0.1/tcp/57835], protocols: [/ipfs/id/1.0.0, /libp2p/autonat/1.0.0, /libp2p/circuit/relay/0.2.0/hop, /vac/waku/metadata/1.0.0, /vac/waku/relay/2.0.0, /ipfs/ping/1.0.0, /vac/waku/filter-push/2.0.0-beta1], protoVersion: ipfs/0.1.0, agentVersion: logos-delivery-v0.39.0-gca2814)"
[2026-10-01 23:09:03.478] [out] [delivery_module] DBG 2026-10-01 23:09:03.478+02:00 Incoming WakuRelay connection              topics="waku relay" tid=41790281 connection=16U*d9HLRE:6abecbefb76aab44d829f5cb protocol=/vac/waku/relay/2.0.0
[2026-10-01 23:09:03.478] [out] [delivery_module] DBG 2026-10-01 23:09:03.478+02:00 starting pubsub read loop                  topics="libp2p pubsubpeer" tid=41790281 stream=16U*d9HLRE:6abecbefb76aab44d829f5cb peer=16U*d9HLRE closed=false
[2026-10-01 23:09:03.478] [out] [delivery_module] DBG 2026-10-01 23:09:03.478+02:00 identify: info sent                        topics="libp2p identify" tid=41790281 stream=16U*d9HLRE:6abecbefb76aab44d829f5cc info="(peerId: 16Uiu2HAm8c54th1Sq7USHxsTykEUYodYTkpU3NzRpH1LExivzcP8, listenAddrs: [/ip4/127.0.0.1/tcp/57835], addrs: [/ip4/127.0.0.1/tcp/57835], protocols: [/ipfs/id/1.0.0, /libp2p/autonat/1.0.0, /libp2p/circuit/relay/0.2.0/hop, /vac/waku/metadata/1.0.0, /vac/waku/relay/2.0.0, /ipfs/ping/1.0.0, /vac/waku/filter-push/2.0.0-beta1], protoVersion: ipfs/0.1.0, agentVersion: logos-delivery-v0.39.0-gca2814)"
[2026-10-01 23:09:03.479] [out] [delivery_module] DBG 2026-10-01 23:09:03.479+02:00 Dial successful                            topics="libp2p dialer" tid=41790281 peerId=16U*zsbb5p
[2026-10-01 23:09:03.479] [out] [delivery_module] DBG 2026-10-01 23:09:03.479+02:00 Dial successful                            topics="libp2p dialer" tid=41790281 peerId=16U*tzoFRG
[2026-10-01 23:09:03.479] [out] [delivery_module] DBG 2026-10-01 23:09:03.479+02:00 starting sendNonHighPriorityTask           topics="libp2p pubsubpeer" tid=41790281 p=16U*zsbb5p
[2026-10-01 23:09:03.479] [out] [delivery_module] DBG 2026-10-01 23:09:03.479+02:00 created new pubsub peer                    topics="libp2p pubsub" tid=41790281 peerId=16U*zsbb5p
[2026-10-01 23:09:03.479] [out] [delivery_module] DBG 2026-10-01 23:09:03.479+02:00 no listener registered                     tid=41790282 event=onConnectionChange
[2026-10-01 23:09:03.479] [out] [delivery_module] DBG 2026-10-01 23:09:03.479+02:00 starting sendNonHighPriorityTask           topics="libp2p pubsubpeer" tid=41790281 p=16U*tzoFRG
[2026-10-01 23:09:03.479] [out] [delivery_module] DBG 2026-10-01 23:09:03.479+02:00 created new pubsub peer                    topics="libp2p pubsub" tid=41790281 peerId=16U*tzoFRG
[2026-10-01 23:09:03.479] [out] [delivery_module] DBG 2026-10-01 23:09:03.479+02:00 no listener registered                     tid=41790282 event=onConnectionChange
[2026-10-01 23:09:03.480] [out] [delivery_module] DBG 2026-10-01 23:09:03.480+02:00 Incoming WakuRelay connection              topics="waku relay" tid=41790281 connection=16U*zsbb5p:6abecbefb76aab44d829f5d1 protocol=/vac/waku/relay/2.0.0
[2026-10-01 23:09:03.480] [out] [delivery_module] DBG 2026-10-01 23:09:03.480+02:00 starting pubsub read loop                  topics="libp2p pubsubpeer" tid=41790281 stream=16U*zsbb5p:6abecbefb76aab44d829f5d1 peer=16U*zsbb5p closed=false
[2026-10-01 23:09:03.480] [out] [delivery_module] DBG 2026-10-01 23:09:03.480+02:00 identify: info sent                        topics="libp2p identify" tid=41790281 stream=16U*zsbb5p:6abecbefb76aab44d829f5d2 info="(peerId: 16Uiu2HAm8c54th1Sq7USHxsTykEUYodYTkpU3NzRpH1LExivzcP8, listenAddrs: [/ip4/127.0.0.1/tcp/57835], addrs: [/ip4/127.0.0.1/tcp/57835], protocols: [/ipfs/id/1.0.0, /libp2p/autonat/1.0.0, /libp2p/circuit/relay/0.2.0/hop, /vac/waku/metadata/1.0.0, /vac/waku/relay/2.0.0, /ipfs/ping/1.0.0, /vac/waku/filter-push/2.0.0-beta1], protoVersion: ipfs/0.1.0, agentVersion: logos-delivery-v0.39.0-gca2814)"
[2026-10-01 23:09:03.480] [out] [delivery_module] DBG 2026-10-01 23:09:03.480+02:00 Incoming WakuRelay connection              topics="waku relay" tid=41790281 connection=16U*tzoFRG:6abecbefb76aab44d829f5d3 protocol=/vac/waku/relay/2.0.0
[2026-10-01 23:09:03.480] [out] [delivery_module] DBG 2026-10-01 23:09:03.480+02:00 starting pubsub read loop                  topics="libp2p pubsubpeer" tid=41790281 stream=16U*tzoFRG:6abecbefb76aab44d829f5d3 peer=16U*tzoFRG closed=false
[2026-10-01 23:09:03.480] [out] [delivery_module] DBG 2026-10-01 23:09:03.480+02:00 identify: info sent                        topics="libp2p identify" tid=41790281 stream=16U*tzoFRG:6abecbefb76aab44d829f5d4 info="(peerId: 16Uiu2HAm8c54th1Sq7USHxsTykEUYodYTkpU3NzRpH1LExivzcP8, listenAddrs: [/ip4/127.0.0.1/tcp/57835], addrs: [/ip4/127.0.0.1/tcp/57835], protocols: [/ipfs/id/1.0.0, /libp2p/autonat/1.0.0, /libp2p/circuit/relay/0.2.0/hop, /vac/waku/metadata/1.0.0, /vac/waku/relay/2.0.0, /ipfs/ping/1.0.0, /vac/waku/filter-push/2.0.0-beta1], protoVersion: ipfs/0.1.0, agentVersion: logos-delivery-v0.39.0-gca2814)"
[2026-10-01 23:09:03.480] [out] [delivery_module] DBG 2026-10-01 23:09:03.480+02:00 identify: info received                    topics="libp2p identify" tid=41790281 stream=16U*d9HLRE:6abecbefb76aab44d829f5d0 pubkey=ok(sec...fcc7)) addresses=/ip4/127.0.0.1/tcp/57830 protocols=/ipfs/id/1.0.0,/libp2p/autonat/1.0.0,/libp2p/circuit/relay/0.2.0/hop,/vac/waku/metadata/1.0.0,/mix/1.0.0,/vac/waku/relay/2.0.0,/ipfs/ping/1.0.0,/vac/waku/lightpush/3.0.0,/vac/waku/lightpush/2.0.0-beta1,/vac/waku/filter-push/2.0.0-beta1 observable_address=ok(/ip4/127.0.0.1/tcp/57918) proto_version=ipfs/0.1.0 agent_version=logos-delivery-v0.39.0-gca2814 signedPeerRecord=None
[2026-10-01 23:09:03.481] [out] [delivery_module] DBG 2026-10-01 23:09:03.481+02:00 identify: info received                    topics="libp2p identify" tid=41790281 stream=16U*RifDg5:6abecbefb76aab44d829f5ce pubkey=ok(sec...5aca)) addresses=/ip4/127.0.0.1/tcp/57831 protocols=/ipfs/id/1.0.0,/libp2p/autonat/1.0.0,/libp2p/circuit/relay/0.2.0/hop,/vac/waku/metadata/1.0.0,/mix/1.0.0,/vac/waku/relay/2.0.0,/ipfs/ping/1.0.0,/vac/waku/lightpush/3.0.0,/vac/waku/lightpush/2.0.0-beta1,/vac/waku/filter-push/2.0.0-beta1 observable_address=ok(/ip4/127.0.0.1/tcp/57919) proto_version=ipfs/0.1.0 agent_version=logos-delivery-v0.39.0-gca2814 signedPeerRecord=None
[2026-10-01 23:09:03.481] [out] [delivery_module] DBG 2026-10-01 23:09:03.481+02:00 starting pubsub read loop                  topics="libp2p pubsubpeer" tid=41790281 stream=16U*d9HLRE:6abecbefb76aab44d829f5cf peer=16U*d9HLRE closed=false
[2026-10-01 23:09:03.481] [out] [delivery_module] DBG 2026-10-01 23:09:03.481+02:00 starting pubsub read loop                  topics="libp2p pubsubpeer" tid=41790281 stream=16U*RifDg5:6abecbefb76aab44d829f5cd peer=16U*RifDg5 closed=false
[2026-10-01 23:09:03.481] [out] [delivery_module] DBG 2026-10-01 23:09:03.481+02:00 Event identified                           topics="waku node peer_manager" tid=41790281 peerId=16U*d9HLRE
[2026-10-01 23:09:03.482] [out] [delivery_module] DBG 2026-10-01 23:09:03.481+02:00 Event identified                           topics="waku node peer_manager" tid=41790281 peerId=16U*RifDg5
[2026-10-01 23:09:03.482] [out] [delivery_module] DBG 2026-10-01 23:09:03.481+02:00 no listener registered                     tid=41790282 event=onConnectionChange
[2026-10-01 23:09:03.482] [out] [delivery_module] DBG 2026-10-01 23:09:03.481+02:00 no listener registered                     tid=41790282 event=onConnectionChange
[2026-10-01 23:09:03.482] [out] [delivery_module] DBG 2026-10-01 23:09:03.482+02:00 identify: info received                    topics="libp2p identify" tid=41790281 stream=16U*zsbb5p:6abecbefb76aab44d829f5d6 pubkey=ok(sec...1e9d)) addresses=/ip4/127.0.0.1/tcp/57833 protocols=/ipfs/id/1.0.0,/libp2p/autonat/1.0.0,/libp2p/circuit/relay/0.2.0/hop,/vac/waku/metadata/1.0.0,/mix/1.0.0,/vac/waku/relay/2.0.0,/ipfs/ping/1.0.0,/vac/waku/lightpush/3.0.0,/vac/waku/lightpush/2.0.0-beta1,/vac/waku/filter-push/2.0.0-beta1 observable_address=ok(/ip4/127.0.0.1/tcp/57921) proto_version=ipfs/0.1.0 agent_version=logos-delivery-v0.39.0-gca2814 signedPeerRecord=None
[2026-10-01 23:09:03.482] [out] [delivery_module] DBG 2026-10-01 23:09:03.482+02:00 identify: info received                    topics="libp2p identify" tid=41790281 stream=16U*tzoFRG:6abecbefb76aab44d829f5d8 pubkey=ok(sec...1a2e)) addresses=/ip4/127.0.0.1/tcp/57832 protocols=/ipfs/id/1.0.0,/libp2p/autonat/1.0.0,/libp2p/circuit/relay/0.2.0/hop,/vac/waku/metadata/1.0.0,/mix/1.0.0,/vac/waku/relay/2.0.0,/ipfs/ping/1.0.0,/vac/waku/lightpush/3.0.0,/vac/waku/lightpush/2.0.0-beta1,/vac/waku/filter-push/2.0.0-beta1 observable_address=ok(/ip4/127.0.0.1/tcp/57920) proto_version=ipfs/0.1.0 agent_version=logos-delivery-v0.39.0-gca2814 signedPeerRecord=None
[2026-10-01 23:09:03.482] [out] [delivery_module] DBG 2026-10-01 23:09:03.482+02:00 starting pubsub read loop                  topics="libp2p pubsubpeer" tid=41790281 stream=16U*zsbb5p:6abecbefb76aab44d829f5d5 peer=16U*zsbb5p closed=false
[2026-10-01 23:09:03.482] [out] [delivery_module] DBG 2026-10-01 23:09:03.482+02:00 starting pubsub read loop                  topics="libp2p pubsubpeer" tid=41790281 stream=16U*tzoFRG:6abecbefb76aab44d829f5d7 peer=16U*tzoFRG closed=false
[2026-10-01 23:09:03.482] [out] [delivery_module] DBG 2026-10-01 23:09:03.482+02:00 Event identified                           topics="waku node peer_manager" tid=41790281 peerId=16U*zsbb5p
[2026-10-01 23:09:03.483] [out] [delivery_module] DBG 2026-10-01 23:09:03.483+02:00 Event identified                           topics="waku node peer_manager" tid=41790281 peerId=16U*tzoFRG
[2026-10-01 23:09:03.483] [out] [delivery_module] DBG 2026-10-01 23:09:03.483+02:00 no listener registered                     tid=41790282 event=onConnectionChange
[2026-10-01 23:09:03.483] [out] [delivery_module] DBG 2026-10-01 23:09:03.483+02:00 no listener registered                     tid=41790282 event=onConnectionChange
[2026-10-01 23:09:03.484] [out] [delivery_module] DBG 2026-10-01 23:09:03.484+02:00 Received WakuMetadata request              topics="waku metadata" tid=41790281 remoteClusterId=ok(42) remoteShards="[0]" localClusterId=42 localShards="[0]" peer=16U*RifDg5
[2026-10-01 23:09:03.484] [out] [delivery_module] DBG 2026-10-01 23:09:03.484+02:00 Received WakuMetadata request              topics="waku metadata" tid=41790281 remoteClusterId=ok(42) remoteShards="[0]" localClusterId=42 localShards="[0]" peer=16U*d9HLRE
[2026-10-01 23:09:03.485] [out] [delivery_module] DBG 2026-10-01 23:09:03.484+02:00 Received WakuMetadata request              topics="waku metadata" tid=41790281 remoteClusterId=ok(42) remoteShards="[0]" localClusterId=42 localShards="[0]" peer=16U*zsbb5p
[2026-10-01 23:09:03.485] [out] [delivery_module] DBG 2026-10-01 23:09:03.485+02:00 Received WakuMetadata request              topics="waku metadata" tid=41790281 remoteClusterId=ok(42) remoteShards="[0]" localClusterId=42 localShards="[0]" peer=16U*tzoFRG
[2026-10-01 23:09:03.485] [out] [delivery_module] DBG 2026-10-01 23:09:03.485+02:00 no listener registered                     tid=41790282 event=onConnectionChange
[2026-10-01 23:09:03.485] [out] [delivery_module] DBG 2026-10-01 23:09:03.485+02:00 no listener registered                     tid=41790282 event=onConnectionChange
[2026-10-01 23:09:03.486] [out] [delivery_module] DBG 2026-10-01 23:09:03.486+02:00 no listener registered                     tid=41790282 event=onConnectionChange
[2026-10-01 23:09:03.486] [out] [delivery_module] DBG 2026-10-01 23:09:03.486+02:00 no listener registered                     tid=41790282 event=onConnectionChange
[2026-10-01 23:09:03.486] [out] [delivery_module] DBG 2026-10-01 23:09:03.486+02:00 Finished dialing multiple peers            tid=41790281 successfulConns=4 attempted=4
[2026-10-01 23:09:03.486] [out] [delivery_module] DBG 2026-10-01 23:09:03.486+02:00 Starting peer exchange loop                topics="waku node peerexchange api" tid=41790281
[2026-10-01 23:09:03.486] [out] [delivery_module] DBG 2026-10-01 23:09:03.486+02:00 Retrieving peer info via peer exchange protocol topics="waku node peerexchange api" tid=41790281 amount=5
[2026-10-01 23:09:03.486] [out] [delivery_module] DBG 2026-10-01 23:09:03.486+02:00 Peer exchange request could not be made as no peer exchange peers found topics="waku peer_exchange client" tid=41790281
[2026-10-01 23:09:03.486] [out] [delivery_module] DBG 2026-10-01 23:09:03.486+02:00 Failed to retrieve peer info via peer exchange protocol topics="waku node peerexchange api" tid=41790281 error="(status_code: SERVICE_UNAVAILABLE, status_desc: ok(peer_not_found_failure))"
[2026-10-01 23:09:03.486] [out] [delivery_module] DBG 2026-10-01 23:09:03.486+02:00 Cannot fetch peers from peer exchange      topics="waku node peerexchange api" tid=41790281 cause="(status_code: SERVICE_UNAVAILABLE, status_desc: ok(peer_not_found_failure))"
[2026-10-01 23:09:03.487] [out] [delivery_module] INF 2026-10-01 23:09:03.487+02:00 Relay peer connections                     topics="waku node peer_manager" tid=41790281 inRelayConns=0/50 outRelayConns=4/25 totalConnections=4/150 notConnectedPeers=0 outsideBackoffPeers=0
[2026-10-01 23:09:03.487] [out] [delivery_module] DBG 2026-10-01 23:09:03.487+02:00 ENR addresses updated                      topics="waku enr" tid=41790281 retained=1 total=1
[2026-10-01 23:09:03.487] [out] [delivery_module] INF 2026-10-01 23:09:03.487+02:00 Node is online                             topics="waku online monitor" tid=41790281
[2026-10-01 23:09:03.487] [out] [delivery_module] INF 2026-10-01 23:09:03.487+02:00 Health monitor loop start                  tid=41790281
[2026-10-01 23:09:03.487] [out] [delivery_module] DBG 2026-10-01 23:09:03.487+02:00 calculateConnectionState                   tid=41790281 relayCount=4 storeClientCount=0 lightpushCount=4 filterCount=0
[2026-10-01 23:09:03.487] [out] [delivery_module] DBG 2026-10-01 23:09:03.487+02:00 connectionStatus change                    tid=41790281 oldstatus=Disconnected newstatus=Connected
[2026-10-01 23:09:03.487] [out] [delivery_module] INF 2026-10-01 23:09:03.487+02:00 starting keepalive                         tid=41790281 randomPeersKeepalive=10s allPeersKeepalive=2m
Loaded UI plugin: "/nix/store/hd5w6hjzlc0r8yz57fpggsc7mmwlwh15-logos-forum_module-plugin-dir"
[2026-10-01 23:09:03.579] [out] [delivery_module] DBG 2026-10-01 23:09:03.579+02:00 no listener registered                     tid=41790282 event=onTopicHealthChange
[2026-10-01 23:09:03.588] [out] [delivery_module] DBG 2026-10-01 23:09:03.588+02:00 calculateConnectionState                   tid=41790281 relayCount=4 storeClientCount=0 lightpushCount=4 filterCount=0
[QmlInspector] Inspector server listening on port 3769
[QmlInspector] Client connected from "::1"
[QmlInspector] Client disconnected
[2026-10-01 23:09:33.480] [out] [delivery_module] DBG 2026-10-01 23:09:33.479+02:00 Accepted an incoming connection            topics="libp2p switch" tid=41790281 conn=:6abecc0db76aab44d829f5f6
[2026-10-01 23:09:33.480] [out] [delivery_module] DBG 2026-10-01 23:09:33.480+02:00 About to accept incoming connection        topics="libp2p switch" tid=41790281
[2026-10-01 23:09:33.483] [out] [delivery_module] DBG 2026-10-01 23:09:33.483+02:00 dialMe answer is reachable                 topics="libp2p autonatservice" tid=41790281 peerId=16Uiu2HAmNNaMC3KiS2bPqi7UohniU9BMFBuZ1erfW8F6fAd9HLRE
[2026-10-01 23:09:33.483] [out] [delivery_module] DBG 2026-10-01 23:09:33.483+02:00 Current status                             topics="libp2p autonatservice" tid=41790281 currentStats=Unknown confidence=none() answers=[Reachable]
[2026-10-01 23:09:33.485] [out] [delivery_module] DBG 2026-10-01 23:09:33.485+02:00 Accepted an incoming connection            topics="libp2p switch" tid=41790281 conn=:6abecc0db76aab44d829f5fa
[2026-10-01 23:09:33.485] [out] [delivery_module] DBG 2026-10-01 23:09:33.485+02:00 About to accept incoming connection        topics="libp2p switch" tid=41790281
[2026-10-01 23:09:33.488] [out] [delivery_module] DBG 2026-10-01 23:09:33.488+02:00 dialMe answer is reachable                 topics="libp2p autonatservice" tid=41790281 peerId=16Uiu2HAmDzd2qudiRa9rGMM81zN4MUEzAwFVs8QKxqhfqizsbb5p
[2026-10-01 23:09:33.488] [out] [delivery_module] DBG 2026-10-01 23:09:33.488+02:00 Current status                             topics="libp2p autonatservice" tid=41790281 currentStats=Unknown confidence=none() answers=[Reachable, Reachable]
[2026-10-01 23:09:33.490] [out] [delivery_module] DBG 2026-10-01 23:09:33.490+02:00 Accepted an incoming connection            topics="libp2p switch" tid=41790281 conn=:6abecc0db76aab44d829f5fe
[2026-10-01 23:09:33.490] [out] [delivery_module] DBG 2026-10-01 23:09:33.490+02:00 About to accept incoming connection        topics="libp2p switch" tid=41790281
[2026-10-01 23:09:33.494] [out] [delivery_module] DBG 2026-10-01 23:09:33.493+02:00 dialMe answer is reachable                 topics="libp2p autonatservice" tid=41790281 peerId=16Uiu2HAkuWbopB9ino4UQwRcWRs8bLvmHeTWshReMrr1N4RifDg5
[2026-10-01 23:09:33.494] [out] [delivery_module] DBG 2026-10-01 23:09:33.494+02:00 Current status                             topics="libp2p autonatservice" tid=41790281 currentStats=Reachable confidence=ok(1.0) answers=[Reachable, Reachable, Reachable]
[2026-10-01 23:09:33.494] [out] [delivery_module] DBG 2026-10-01 23:09:33.494+02:00 Peer reachability status                   tid=41790281 networkReachability=Reachable confidence=1.0
[QmlInspector] Client connected from "::1"
[2026-10-01 23:10:03.477] [out] [delivery_module] DBG 2026-10-01 23:10:03.477+02:00 Accepted an incoming connection            topics="libp2p switch" tid=41790281 conn=:6abecc2bb76aab44d829f61a
[2026-10-01 23:10:03.477] [out] [delivery_module] DBG 2026-10-01 23:10:03.477+02:00 About to accept incoming connection        topics="libp2p switch" tid=41790281
[2026-10-01 23:10:03.479] [out] [delivery_module] DBG 2026-10-01 23:10:03.479+02:00 dialMe answer is reachable                 topics="libp2p autonatservice" tid=41790281 peerId=16Uiu2HAmDzd2qudiRa9rGMM81zN4MUEzAwFVs8QKxqhfqizsbb5p
[2026-10-01 23:10:03.479] [out] [delivery_module] DBG 2026-10-01 23:10:03.479+02:00 Current status                             topics="libp2p autonatservice" tid=41790281 currentStats=Reachable confidence=ok(1.0) answers=[Reachable, Reachable, Reachable]
[2026-10-01 23:10:03.484] [out] [delivery_module] DBG 2026-10-01 23:10:03.484+02:00 Accepted an incoming connection            topics="libp2p switch" tid=41790281 conn=:6abecc2bb76aab44d829f61e
[2026-10-01 23:10:03.485] [out] [delivery_module] DBG 2026-10-01 23:10:03.485+02:00 About to accept incoming connection        topics="libp2p switch" tid=41790281
[2026-10-01 23:10:03.487] [out] [delivery_module] DBG 2026-10-01 23:10:03.487+02:00 Retrieving peer info via peer exchange protocol topics="waku node peerexchange api" tid=41790281 amount=5
[2026-10-01 23:10:03.487] [out] [delivery_module] DBG 2026-10-01 23:10:03.487+02:00 Peer exchange request could not be made as no peer exchange peers found topics="waku peer_exchange client" tid=41790281
[2026-10-01 23:10:03.487] [out] [delivery_module] DBG 2026-10-01 23:10:03.487+02:00 Failed to retrieve peer info via peer exchange protocol topics="waku node peerexchange api" tid=41790281 error="(status_code: SERVICE_UNAVAILABLE, status_desc: ok(peer_not_found_failure))"
[2026-10-01 23:10:03.487] [out] [delivery_module] DBG 2026-10-01 23:10:03.487+02:00 Cannot fetch peers from peer exchange      topics="waku node peerexchange api" tid=41790281 cause="(status_code: SERVICE_UNAVAILABLE, status_desc: ok(peer_not_found_failure))"
[2026-10-01 23:10:03.487] [out] [delivery_module] DBG 2026-10-01 23:10:03.487+02:00 dialMe answer is reachable                 topics="libp2p autonatservice" tid=41790281 peerId=16Uiu2HAkuWbopB9ino4UQwRcWRs8bLvmHeTWshReMrr1N4RifDg5
[2026-10-01 23:10:03.487] [out] [delivery_module] DBG 2026-10-01 23:10:03.487+02:00 Current status                             topics="libp2p autonatservice" tid=41790281 currentStats=Reachable confidence=ok(1.0) answers=[Reachable, Reachable, Reachable]
[2026-10-01 23:10:03.489] [out] [delivery_module] DBG 2026-10-01 23:10:03.489+02:00 Accepted an incoming connection            topics="libp2p switch" tid=41790281 conn=:6abecc2bb76aab44d829f622
[2026-10-01 23:10:03.489] [out] [delivery_module] DBG 2026-10-01 23:10:03.489+02:00 About to accept incoming connection        topics="libp2p switch" tid=41790281
[2026-10-01 23:10:03.492] [out] [delivery_module] DBG 2026-10-01 23:10:03.492+02:00 dialMe answer is reachable                 topics="libp2p autonatservice" tid=41790281 peerId=16Uiu2HAmNNaMC3KiS2bPqi7UohniU9BMFBuZ1erfW8F6fAd9HLRE
[2026-10-01 23:10:03.492] [out] [delivery_module] DBG 2026-10-01 23:10:03.492+02:00 Current status                             topics="libp2p autonatservice" tid=41790281 currentStats=Reachable confidence=ok(1.0) answers=[Reachable, Reachable, Reachable]
[QmlInspector] Client disconnected
