INF 2026-10-02 19:15:40.303+02:00 Creating a private key and saving it       tid=44109202
WRN 2026-10-02 19:15:40.303+02:00 Overriding network preset using custom bootstrap nodes topics="libstorage libstoragelifecycle" tid=44109202 nodes="@[(peerId: 16Uiu2HAmBBPar7twXDqAJ2XtZCuAWGPmt2G9QnLCVZRzra5AoRYt, seqNo: 1790961340, addresses: @[(address: /ip4/127.0.0.1/tcp/58702)])]"
INF 2026-10-02 19:15:40.303+02:00 Threadpool started                         topics="libstorage libstoragelifecycle" tid=44109202 numThreads=12
WRN 2026-10-02 19:15:40.329+02:00 No key for a QueryResponse                 topics="storage repostore" tid=44109202
NTC 2026-10-02 19:15:40.336+02:00 Started Storage node                       topics="storage node" tid=44109202 id=16U*ZaDioz addrs="[/ip4/127.0.0.1/tcp/58704]"
NTC 2026-10-02 19:15:40.923+02:00 Stopping Storage node                      topics="storage node" tid=44109202
INF 2026-10-02 19:15:40.924+02:00 Timer loop has stopped                     tid=44109202 name=maintenance
WRN 2026-10-02 19:15:40.924+02:00 Exception in blockexc read loop            topics="storage blockexcnetworkpeer" tid=44109202 msg="Stream Closed!"
WRN 2026-10-02 19:15:40.924+02:00 Detaching read loop                        topics="storage blockexcnetworkpeer" tid=44109202 peer=16U*5AoRYt connId=6abfe6bca3add0a4a4062184
WRN 2026-10-02 19:15:40.924+02:00 Exception in blockexc read loop            topics="storage blockexcnetworkpeer" tid=44109202 msg="Stream Closed!"
WRN 2026-10-02 19:15:40.924+02:00 Detaching read loop                        topics="storage blockexcnetworkpeer" tid=44109202 peer=16U*5AoRYt connId=6abfe6bca3add0a4a4062187
WRN 2026-10-02 19:15:40.924+02:00 Cancelled advertise task runner            topics="storage discoveryengine advertiser" tid=44109202
INF 2026-10-02 19:15:40.924+02:00 Exiting advertise task runner              topics="storage discoveryengine advertiser" tid=44109202
WRN 2026-10-02 19:15:40.924+02:00 Cancelled advertise task runner            topics="storage discoveryengine advertiser" tid=44109202
INF 2026-10-02 19:15:40.924+02:00 Exiting advertise task runner              topics="storage discoveryengine advertiser" tid=44109202
WRN 2026-10-02 19:15:40.924+02:00 Cancelled advertise local store loop       topics="storage discoveryengine advertiser" tid=44109202
INF 2026-10-02 19:15:40.924+02:00 Exiting advertise task loop                topics="storage discoveryengine advertiser" tid=44109202
WRN 2026-10-02 19:15:40.924+02:00 Cancelled advertise task runner            topics="storage discoveryengine advertiser" tid=44109202
INF 2026-10-02 19:15:40.924+02:00 Exiting advertise task runner              topics="storage discoveryengine advertiser" tid=44109202
WRN 2026-10-02 19:15:40.924+02:00 Cancelled advertise task runner            topics="storage discoveryengine advertiser" tid=44109202
INF 2026-10-02 19:15:40.924+02:00 Exiting advertise task runner              topics="storage discoveryengine advertiser" tid=44109202
WRN 2026-10-02 19:15:40.924+02:00 Cancelled advertise task runner            topics="storage discoveryengine advertiser" tid=44109202
INF 2026-10-02 19:15:40.924+02:00 Exiting advertise task runner              topics="storage discoveryengine advertiser" tid=44109202
WRN 2026-10-02 19:15:40.924+02:00 Cancelled advertise task runner            topics="storage discoveryengine advertiser" tid=44109202
INF 2026-10-02 19:15:40.924+02:00 Exiting advertise task runner              topics="storage discoveryengine advertiser" tid=44109202
WRN 2026-10-02 19:15:40.924+02:00 Cancelled advertise task runner            topics="storage discoveryengine advertiser" tid=44109202
INF 2026-10-02 19:15:40.924+02:00 Exiting advertise task runner              topics="storage discoveryengine advertiser" tid=44109202
WRN 2026-10-02 19:15:40.924+02:00 Cancelled advertise task runner            topics="storage discoveryengine advertiser" tid=44109202
INF 2026-10-02 19:15:40.924+02:00 Exiting advertise task runner              topics="storage discoveryengine advertiser" tid=44109202
WRN 2026-10-02 19:15:40.924+02:00 Cancelled advertise task runner            topics="storage discoveryengine advertiser" tid=44109202
INF 2026-10-02 19:15:40.925+02:00 Exiting advertise task runner              topics="storage discoveryengine advertiser" tid=44109202
WRN 2026-10-02 19:15:40.925+02:00 Cancelled advertise task runner            topics="storage discoveryengine advertiser" tid=44109202
INF 2026-10-02 19:15:40.925+02:00 Exiting advertise task runner              topics="storage discoveryengine advertiser" tid=44109202
