run-logos-standalone-ui: hot-reloading QML from <repo>/src/qml
  (export DEV_QML_PATH to override, or LOGOS_QML_HOT_RELOAD=0 to disable)
Session directory: "~/Library/Application Support/Logos/LogosStandalone"
[2026-10-10 15:12:08.369] [info] [logos] Granting host services to 'capability_module': token_registry,token_delivery
[2026-10-10 15:12:08.560] [out] [capability_module] [2026-10-10 15:12:08.551] [info] Granting host services to capability_module: ["token_registry","token_delivery"]
RemoteTransportConnection: Connecting to registry: "local:logos_capability_module_1446bee24351" at "15:12:08.564"
RemoteTransportConnection: Registry connect attempt started (no peer contact yet): "local:logos_capability_module_1446bee24351"
LogosAPIConsumer: Informing module token for module: "capability_module" with token: "redacted:9b517d8d…"
RemoteTransportConnection: Requesting object: "capability_module" at "15:12:08.564"
[LogosObject] RemoteTransportConnection: returning RemoteLogosObject for: "capability_module"
[LogosObject] Created RemoteLogosObject wrapping QRemoteObjectReplica 105553119680000
[LogosObject] LogosAPIConsumer: calling LogosObject::informModuleToken for "capability_module"
LogosAPIConsumer: informModuleToken completed with result: true
[LogosObject] Destroying RemoteLogosObject 0
[2026-10-10 15:12:08.912] [info] [logos] Module loaded: capability_module
LogosAPIConsumer: Informing module token for module: "modules_state" with token: "redacted:48ee7c58…"
RemoteTransportConnection: Requesting object: "capability_module" at "15:12:09.011"
[LogosObject] RemoteTransportConnection: returning RemoteLogosObject for: "capability_module"
[LogosObject] Created RemoteLogosObject wrapping QRemoteObjectReplica 105553119842464
[LogosObject] LogosAPIConsumer: calling LogosObject::informModuleToken for "modules_state"
LogosAPIConsumer: informModuleToken completed with result: true
[LogosObject] Destroying RemoteLogosObject 0
[2026-10-10 15:12:09.015] [info] [logos] Module loaded: modules_state
RemoteTransportConnection: Connecting to registry: "local:logos_modules_state_1446bee24351" at "15:12:09.015"
RemoteTransportConnection: Registry connect attempt started (no peer contact yet): "local:logos_modules_state_1446bee24351"
RemoteTransportConnection: Connecting to registry: "local:logos_capability_module_1446bee24351" at "15:12:09.015"
RemoteTransportConnection: Registry connect attempt started (no peer contact yet): "local:logos_capability_module_1446bee24351"
LogosAPIConsumer: '"modules_state"::""' deferred pending the module becoming reachable
LogosAPIConsumer: '"modules_state"::""' deferred pending the module becoming reachable
Logos Core started (modules dir: "/nix/store/gxna1vv93drk0r01vph163c8q3dw4ng4-logos-forum_module-plugin-dir-modules" )
Set app icon from metadata: "/nix/store/h59z783ls34w3ah4nbkxka51ra4xpv9s-logos-forum_module-plugin-dir/src/icons/icon.png"
[2026-10-10 15:12:09.380] [info] [logos] [delivery_module] DeliveryModuleImpl: Initializing...
LogosAPIConsumer: Informing module token for module: "delivery_module" with token: "redacted:86a8b660…"
RemoteTransportConnection: Requesting object: "capability_module" at "15:12:09.383"
[LogosObject] RemoteTransportConnection: returning RemoteLogosObject for: "capability_module"
[LogosObject] Created RemoteLogosObject wrapping QRemoteObjectReplica 105553119680192
[LogosObject] LogosAPIConsumer: calling LogosObject::informModuleToken for "delivery_module"
LogosAPIConsumer: informModuleToken completed with result: true
[LogosObject] Destroying RemoteLogosObject 0
[2026-10-10 15:12:09.384] [info] [logos] Module loaded: delivery_module
RemoteTransportConnection: Connecting to registry: "local:logos_delivery_module_1446bee24351" at "15:12:09.384"
RemoteTransportConnection: Registry connect attempt started (no peer contact yet): "local:logos_delivery_module_1446bee24351"
RemoteTransportConnection: Connecting to registry: "local:logos_capability_module_1446bee24351" at "15:12:09.384"
RemoteTransportConnection: Registry connect attempt started (no peer contact yet): "local:logos_capability_module_1446bee24351"
LogosAPIConsumer: '"delivery_module"::""' deferred pending the module becoming reachable
LogosAPIClient: getToken for module: "modules_state"
LogosAPIClient: Found token for module: "modules_state"
RemoteTransportConnection: Requesting object: "modules_state" at "15:12:09.385"
[LogosObject] RemoteTransportConnection: returning RemoteLogosObject for: "modules_state"
[LogosObject] Created RemoteLogosObject wrapping QRemoteObjectReplica 105553119861376
[LogosObject] LogosAPIConsumer: async calling via LogosObject::callMethodAsync "note_transition"
[LogosObject] RemoteLogosObject::callMethodAsync "note_transition" args: 7
LogosAPIClient: getToken for module: "modules_state"
LogosAPIClient: Found token for module: "modules_state"
[LogosObject] LogosAPIConsumer: async calling via LogosObject::callMethodAsync "note_transition"
[LogosObject] RemoteLogosObject::callMethodAsync "note_transition" args: 7
Loaded dependency (with transitive deps): "delivery_module"
[2026-10-10 15:12:09.474] [info] [logos] [storage_module] StorageModuleImpl: Initializing...
LogosAPIConsumer: Informing module token for module: "storage_module" with token: "redacted:35c69557…"
RemoteTransportConnection: Requesting object: "capability_module" at "15:12:09.475"
[LogosObject] Created RemoteLogosObject wrapping QRemoteObjectReplica 105553119848416
LogosAPIClient: invoking remote method "modules_state" "apply_snapshot" args_count: 1
LogosAPIClient: getToken for module: "modules_state"
LogosAPIClient: Found token for module: "modules_state"
LogosAPIConsumer: Calling invokeRemoteMethod: "modules_state" "apply_snapshot" args_count: 1 timeout: 20000
[LogosObject] LogosAPIConsumer: calling via LogosObject::callMethod "apply_snapshot"
[LogosObject] RemoteLogosObject::callMethod "apply_snapshot" args: 1
[LogosObject] Created RemoteLogosObject wrapping QRemoteObjectReplica 105553119863840
LogosAPIClient: getToken for module: "modules_state"
LogosAPIClient: Found token for module: "modules_state"
[LogosObject] LogosAPIConsumer: async calling via LogosObject::callMethodAsync "note_transition"
[LogosObject] RemoteLogosObject::callMethodAsync "note_transition" args: 7
LogosAPIClient: getToken for module: "modules_state"
LogosAPIClient: Found token for module: "modules_state"
[LogosObject] LogosAPIConsumer: async calling via LogosObject::callMethodAsync "note_transition"
[LogosObject] RemoteLogosObject::callMethodAsync "note_transition" args: 7
[2026-10-10 15:12:09.476] [info] [logos] Pushed module snapshot to modules_state
LogosAPIClient: getToken for module: "modules_state"
LogosAPIClient: Found token for module: "modules_state"
[LogosObject] LogosAPIConsumer: async calling via LogosObject::callMethodAsync "note_transition"
[LogosObject] RemoteLogosObject::callMethodAsync "note_transition" args: 7
[LogosObject] RemoteTransportConnection: returning RemoteLogosObject for: "capability_module"
[LogosObject] Created RemoteLogosObject wrapping QRemoteObjectReplica 105553119781216
[LogosObject] LogosAPIConsumer: calling LogosObject::informModuleToken for "storage_module"
LogosAPIConsumer: informModuleToken completed with result: true
[LogosObject] Destroying RemoteLogosObject 0
[2026-10-10 15:12:09.476] [info] [logos] Module loaded: storage_module
RemoteTransportConnection: Connecting to registry: "local:logos_storage_module_1446bee24351" at "15:12:09.477"
RemoteTransportConnection: Registry connect attempt started (no peer contact yet): "local:logos_storage_module_1446bee24351"
RemoteTransportConnection: Connecting to registry: "local:logos_capability_module_1446bee24351" at "15:12:09.477"
RemoteTransportConnection: Registry connect attempt started (no peer contact yet): "local:logos_capability_module_1446bee24351"
LogosAPIConsumer: '"storage_module"::""' deferred pending the module becoming reachable
LogosAPIClient: getToken for module: "modules_state"
LogosAPIClient: Found token for module: "modules_state"
[LogosObject] LogosAPIConsumer: async calling via LogosObject::callMethodAsync "note_transition"
[LogosObject] RemoteLogosObject::callMethodAsync "note_transition" args: 7
Loaded dependency (with transitive deps): "storage_module"
DEV_QML_PATH override active: <repo>/src/qml/Main.qml
RemoteTransportConnection: Connecting to registry: "local:logos_capability_module_1446bee24351" at "15:12:09.477"
RemoteTransportConnection: Registry connect attempt started (no peer contact yet): "local:logos_capability_module_1446bee24351"
LogosAPIConsumer: Informing module token for module: "forum_module" with token: "redacted:579eb970…"
RemoteTransportConnection: Requesting object: "capability_module" at "15:12:09.477"
[LogosObject] RemoteTransportConnection: returning RemoteLogosObject for: "capability_module"
[LogosObject] Created RemoteLogosObject wrapping QRemoteObjectReplica 105553119462336
[LogosObject] LogosAPIConsumer: calling LogosObject::informModuleToken for "forum_module"
[LogosObject] Created RemoteLogosObject wrapping QRemoteObjectReplica 105553119462784
LogosAPIClient: getToken for module: "modules_state"
LogosAPIClient: Found token for module: "modules_state"
[LogosObject] LogosAPIConsumer: async calling via LogosObject::callMethodAsync "note_transition"
[LogosObject] RemoteLogosObject::callMethodAsync "note_transition" args: 7
LogosAPIConsumer: informModuleToken completed with result: true
[LogosObject] Destroying RemoteLogosObject 0
qt.qpa.fonts: Populating font family aliases took 193 ms. Replace uses of missing font family "Public Sans" with one that exists to avoid this cost. 
Loaded UI plugin: "/nix/store/h59z783ls34w3ah4nbkxka51ra4xpv9s-logos-forum_module-plugin-dir"
[QmlInspector] Inspector server listening on port 3769
[QmlInspector] Client connected from "::1"
[2026-10-10 15:12:16.047] [warning] [logos] [capability_module] Warning: QObject::connect: No such signal ::eventResponse(QString,QVariantList)
[2026-10-10 15:12:16.048] [info] [logos] [storage_module] StorageModuleImpl::init called
[2026-10-10 15:12:16.050] [out] [storage_module] WRN 2026-10-10 15:12:16.050+02:00 Data directory has insecure permissions. Correcting them. tid=19259124 data_dir=~/.local/share/lp0026-forum-dev/m7-storage/b-storage current_permissions=0755 required_permissions=0700
[2026-10-10 15:12:16.050] [out] [storage_module] INF 2026-10-10 15:12:16.050+02:00 Creating a private key and saving it       tid=19259124
[2026-10-10 15:12:16.050] [out] [storage_module] WRN 2026-10-10 15:12:16.050+02:00 Node has been marked with --no-bootstrap-node and will NOT be bootstrapped topics="libstorage libstoragelifecycle" tid=19259124
[2026-10-10 15:12:16.050] [out] [storage_module] INF 2026-10-10 15:12:16.050+02:00 Threadpool started                         topics="libstorage libstoragelifecycle" tid=19259124 numThreads=12
[2026-10-10 15:12:16.052] [info] [logos] [storage_module] StorageModuleImpl::start called
[2026-10-10 15:12:16.052] [out] [storage_module] WRN 2026-10-10 15:12:16.052+02:00 No key for a QueryResponse                 topics="storage repostore" tid=19259124
[2026-10-10 15:12:16.053] [out] [storage_module] NTC 2026-10-10 15:12:16.052+02:00 Started Storage node                       topics="storage node" tid=19259124 id=16U*R3AXTT addrs="[/ip4/127.0.0.1/tcp/8572]"
[2026-10-10 15:12:43.439] [out] [storage_module] ERR 2026-10-10 15:12:43.435+02:00 Failed to MANIFEST.                        topics="libstorage libstoragedownload" tid=19259124 error="Failed to fetch manifest: Failed to fetch manifest zDvZRwzm2C8BoeEhr3RDDrtJkin17rFZ2wLFHfukDrniPmtixzkv after 10 attempts: Key doesn't exist"
[2026-10-10 15:12:43.444] [info] [logos] [storage_module] StorageModuleImpl::downloadChunksInternal: failed to get manifest for zDvZRwzm2C8BoeEhr3RDDrtJkin17rFZ2wLFHfukDrniPmtixzkv
[QmlInspector] Client disconnected
