these 9 derivations will be built:
  /nix/store/prfbab0w4ivpj0gzn8al7bllajdhwc2a-logos-cpp-sdk.drv
  /nix/store/b1adic8vx48498789vg1hn8khfb5sdq4-logos-qt-sdk.drv
  /nix/store/vhx03sapqkqbi5nmc8iasxc9mg34fjia-logos-protocol.drv
  /nix/store/wv213r60i4ypi03bb24a6kkf1mkjg72c-logos-cpp-sdk.drv
  /nix/store/v2sfk81945h94f9adhvmarwz7zy2yzhf-logos-forum_module-module-lib-x86_64-w64-mingw32-0.1.0.drv
  /nix/store/kr2wallg4w3j96nlkxqrz095fw12a9hq-logos-forum_module-module.drv
  /nix/store/gpdr623xfps6p30yy2x5fdh26x2sffip-logos-forum_module-module-win-payload.drv
  /nix/store/xky9nql64hzvzk8vlmi8bpsihnrsa5g2-logos-forum_module-module-metadata.json.drv
  /nix/store/19qrpc0l47l4i1c54fkc6fmkyglvbylr-logos-forum_module-module-lgx-x86_64-w64-mingw32-0.1.0.drv
these 446 paths will be fetched (481.8 MiB download, 3.0 GiB unpacked):
  /nix/store/3apspx5fhyb83153axf1b80ifiklgjbh-acl-2.3.2
  /nix/store/c96wgx1q0v8j90isavvxm3qah55r45lw-at-spi2-core-2.56.2
  /nix/store/s2bjqqzdjs4ji71qm1wwnkiy7g3afdz6-at-spi2-core-2.60.4
  /nix/store/877drgyy4926ps2qfraaxsd49w90bwiz-attr-2.5.2
  /nix/store/j32hl8idyin6cl5050j6lazvcwqpplxy-audit-4.1.1-unstable-2025-08-01-lib
  /nix/store/739zqr9vbg3vqgzil037h18azafdbzd0-avahi-0.8
  /nix/store/s9nqr7mipmbi2vgkwkqiriq8ggrrw915-avahi-0.8
  /nix/store/q7sqwn7i6w2b67adw0bmix29pxg85x3w-bash-5.3p3
  /nix/store/x0cccj6ww4hkl1hlirx60f32r13dvfmf-boost-1.87.0
  /nix/store/20cck0r5dvh21c4w7wy8j3f7cc6wb5k2-boost-1.87.0-dev
  /nix/store/vndjbn87a9vfv9knzkm18gvx8qmrxy2f-boost-x86_64-w64-mingw32-1.89.0
  /nix/store/rbxklxqlr1dqdk63rs658p3mj4z0ywpx-boost-x86_64-w64-mingw32-1.89.0-dev
  /nix/store/scirrfdcp47bhxaaw6n5q9gwlzxd8hcr-brotli-1.1.0-lib
  /nix/store/7cc1hx3npwz92xc9wxczhcl1yvixpz1w-brotli-x86_64-w64-mingw32-1.2.0
  /nix/store/xgm5iqd9ymdzj2iqskqlwl4j0x7idz5p-brotli-x86_64-w64-mingw32-1.2.0-lib
  /nix/store/x1nn5jrx1im7wmmn1xmpjvyf072s5k75-bzip2-1.0.8
  /nix/store/6yjb3zdj448rm8qsmpiq3f67kvj5683a-bzip2-1.0.8-bin
  /nix/store/lc20sfvskz0my6phs73nmsnlrxp06kgb-bzip2-1.0.8-bin
  /nix/store/dykyzqmyd8jb4288mmpx7aij62d3f7hl-bzip2-x86_64-w64-mingw32-1.0.8
  /nix/store/4zwifnznmqsg3zl8y5yyfafwp4sws6rs-cairo-1.18.4
  /nix/store/qqp9905idvzszhmkgnd468nbx3ydnk5s-cairo-1.18.4
  /nix/store/jvw7sjqpjszz163vsqvwcjfc4i0skc3w-closure-info
  /nix/store/k1b82rs72af124wmq6nb00nhw5i7ikp7-cmake-4.1.2
  /nix/store/8ksax0a2mxglr5hlkj2dzl556jx7xqn5-coreutils-9.7
  /nix/store/83izyxvw00pqxi3dxlq81i15957z7wyp-cracklib-2.10.3
  /nix/store/flx3ldz80vm7ir7rnm9fk48d5bdr56ch-cracklib-2.10.3
  /nix/store/dmd8bw8q30r01lszawp254nf26sc8j5b-cryptsetup-2.8.1
  /nix/store/ga7hgba1656wk4hbpyphflnjq2x2997r-cryptsetup-2.8.6
  /nix/store/zkpfddh7v4svk76afsc1bbbvqapzjpir-cups-2.4.12-lib
  /nix/store/4spfjgy8lggmpbxwdx99qm7bqj7c8g2m-cups-2.4.19-lib
  /nix/store/g3vj4z918zal30klpdd9papkavis01sh-curl-8.14.1
  /nix/store/7d0ipnwnibbxc9153mns8hc800kx3ihg-curl-8.20.0
  /nix/store/gmym0k5njbill58wygw9n5vbhl0ramw7-db-4.8.30
  /nix/store/wm9npw769j5z8zfap6bgfka0rhd6y85c-dbus-1.14.10
  /nix/store/1h1cz7mqml20pcdwa7a5wi5kv0z5f9jx-dbus-1.14.10-dev
  /nix/store/wmaqf8a3d2hzljx92sckpa4ivzqh5dcm-dbus-1.14.10-lib
  /nix/store/165rncxlyi4f9pjf1zk3hmj3mh2v881w-dbus-1.16.2
  /nix/store/7vxs654j460qbxf3idgzwb92g4zwlbwi-dbus-1.16.2-dev
  /nix/store/b7znxzn9wa1wm20dxz05p8f82xpij1cv-dbus-1.16.2-lib
  /nix/store/saybx2945n4rgs0pid63dgangvy4fyq8-dconf-0.40.0-lib
  /nix/store/w4n6wq0wkg2f4c0d0ndkf37vpfargv1l-dconf-0.49.0-lib
  /nix/store/k9q0wrnif5m9fxvk1rxbz777blpxkqg5-dejavu-fonts-minimal-2.37
  /nix/store/py2xh8hk2dbvgflrmgc6xfnml504ybwx-dejavu-fonts-minimal-2.37
  /nix/store/3c05s0vxy8wafaa7lkj4bfh69wa0ch10-diffutils-3.12
  /nix/store/s2fvny566vls74p4qm9v3fdqd741fh3f-diffutils-3.12
  /nix/store/8l7vc3i8rpxfrpgpl0ysriz8ahhaswfi-dns-root-data-2025-04-14
  /nix/store/8c5qlxhjcjbqmib5gy0ajn0cpn3pz96l-double-conversion-3.3.1
  /nix/store/ipfjglzcmi3p9yai048jc0yqsd6ywl3a-double-conversion-3.3.1
  /nix/store/4qdgw7j7x42pswjnbzffc4hji4cf6d1a-double-conversion-x86_64-w64-mingw32-3.3.1
  /nix/store/4mxj2wmi9xb81g64wrc7j5sgx5bm0fw0-double-conversion-x86_64-w64-mingw32-3.3.1-dev
  /nix/store/8x1h50iwn4f8s997fyvgw68lbbk41iyn-duktape-2.7.0
  /nix/store/vayvc99ff9n0pj4jsvxfdrnv5i4yj9v8-duktape-2.7.0
  /nix/store/xxris3l81hc2c8ibx8fcyimwqpvfh2pp-ed-1.21.1
  /nix/store/ybmzybab5jpd6k6ij0pchn4jn6jlczlg-ed-1.22.5
  /nix/store/hnzqas16kwcvaj2j5wb4izxdh692f9vn-elfutils-0.193
  /nix/store/a8phd5lf9wrzgz9mrsg4y3rp7si1yakz-elfutils-0.194
  /nix/store/ip4yc28pjrp2hybj4k6n9ag80fwb2cm8-expand-response-params
  /nix/store/wdbr9yrvz0vgsii826wlidr48m7rafdf-expat-2.7.1
  /nix/store/gcg8vgv846ippc10l2ximay0r6bal97a-expat-2.7.1-dev
  /nix/store/v40ijzz8p2fpk9ihjck3a1ncqaqfmn3c-file-5.45
  /nix/store/y1fmsp7vhpdaclpqbsgm2qyl7yixx4ci-file-5.47
  /nix/store/cd8rc4rrghkc6z2f2nb152pvppy0xjsj-find-xml-catalogs-hook
  /nix/store/l964krgbp613d5jxga2vy5qdssj7zfzj-findutils-4.10.0
  /nix/store/lscizzvxksjpvqd0kjkd04q264qq22yr-fontconfig-2.16.2
  /nix/store/kld68jc4zmliifsvhq8gwrn85zxr8vr4-fontconfig-2.16.2-lib
  /nix/store/36z7msh6ps0hy8l575ai3v0lvsyppja1-fontconfig-2.17.1
  /nix/store/mksx1i8qmgxlvxib2myg4d1faz3x7kmx-fontconfig-2.17.1-lib
  /nix/store/95gvjj2dq0fn7x95zppnkpbril4djmnn-freetype-2.13.3
  /nix/store/hiy13xbjr54lx4f7nck27jkrgldvhkbq-freetype-2.14.3
  /nix/store/jcqd3050npmdbdhbkf4hb6zif7m85zsm-freetype-x86_64-w64-mingw32-2.14.3
  /nix/store/gpgyciv31k1n5z7ip0c12lmyix6l18bq-fribidi-1.0.16
  /nix/store/l7pi2m8xpg1s2nix2xhw5kbwqcrcwhkc-fribidi-1.0.16
  /nix/store/03nvbw411p097h6yxjghc33rbcrjfb9d-gawk-5.3.2
  /nix/store/cdd73p8qiphg0scs02i6lrg1sjsdvbkx-gawk-5.4.0
  /nix/store/41ym1jm1b7j3rhglk82gwg9jml26z1km-gcc-14.3.0-lib
  /nix/store/8zm936ys1dkqv2710j0w09r2mk0kj5n9-gcc-14.3.0-libgcc
  /nix/store/ym535kzfflwz7zhafjs3q9ydrcnng7di-gdk-pixbuf-2.42.12
  /nix/store/rgr3i966i5wnblv62fvkid3v3lxy1ivb-gdk-pixbuf-2.44.6
  /nix/store/ah5ms38f9ava60jdwvf6whwbw7663w6l-getent-glibc-2.40-66
  /nix/store/sw65zmbjpwij0ln3h2wrvi9pg8iyl2xb-gettext-x86_64-w64-mingw32-1.0
  /nix/store/4wsbhlx84w65m1666czrmc671i9wxgk3-giflib-5.2.2
  /nix/store/kf1v2ncrf1w42640ib6br8d95z40rvxs-giflib-5.2.2
  /nix/store/qfm3kqdbpd289nnmdhd4dis4svd2nzwv-glib-2.84.4
  /nix/store/7dl2py4dnp4ffj92r1lq0i54ik1v8kzn-glib-2.88.1
  /nix/store/392pdasnd30hclf90swcv9p8sk8hrbzs-glib-x86_64-w64-mingw32-2.88.1
  /nix/store/sa4863h0zvd6h0pygxvfkyi38zgbmlx3-glib-x86_64-w64-mingw32-2.88.1-bin
  /nix/store/776irwlgfb65a782cxmyk61pck460fs9-glibc-2.40-66
  /nix/store/n2k28lkawd29rjds56jnyq70pbdknilc-glibc-2.40-66-getent
  /nix/store/q5wv2ldpcv5w8yb2wmsngsygvlxb73fk-glibc-2.42-67-dev
  /nix/store/12m0v9p2c5pshd8m201z8la0ijd95ri9-gmp-with-cxx-6.3.0
  /nix/store/b7pkrm3rv0sydsppr9abs4qsmcm7a4rv-gmp-with-cxx-6.3.0
  /nix/store/4i7gvqwiq5mbl5pxh43frzq2nibxvwb5-gnu-config-2024-01-01
  /nix/store/k0190hq0n1n89h6rxkpkbgrqx5vj0mg5-gnu-config-2024-01-01
  /nix/store/vlckk0vnmawq9wwh7ndkrwxlpv4h29yh-gnugrep-3.12
  /nix/store/aqdvlkh0jdwkc22hh5vr9sl6qlw5ha74-gnumake-4.4.1
  /nix/store/i4jf7w00lr5q85r55rc35n83l7iwys73-gnumake-4.4.1
  /nix/store/nb2k3hzxl438b9l8r13p2s3r9c1wpzzn-gnupg-2.4.8
  /nix/store/pmhkmqy0vxk47r6ndh0azybhf6gs6k25-gnused-4.9
  /nix/store/066fzlsj0wdq2sqxjrksysfxyr4r5f72-gnutar-1.35
  /nix/store/8av8pfs7bnyc6hqj764ns4z1fnr9bva1-gnutar-1.35
  /nix/store/a55chb1mj39mgjcbw0h655ri6dlgd0wl-gnutls-3.8.10
  /nix/store/z49s8zpdckv2jbl1kbzdhl48z3f7hqv7-gnutls-3.8.13
  /nix/store/q683hzf36jlwq310v2n15qn4grkxxg41-gobject-introspection-1.84.0
  /nix/store/9wg1widcffg6z8j7x5l5pangwraacdgd-gobject-introspection-1.86.0
  /nix/store/mdd6cbrw28ygk8rg2xn8i69dxmpj1n27-graphite2-1.3.14
  /nix/store/pwi47xzcfzfgzn6s3xlvyk9a0xyrv76v-graphite2-1.3.14
  /nix/store/azvhvlwl2xf9l1halbcxdfbxzwfrpwr5-graphite2-x86_64-w64-mingw32-1.3.14
  /nix/store/z71h9qv0cginnysrvrqkdnb9bkwap1z8-graphite2-x86_64-w64-mingw32-1.3.14-dev
  /nix/store/4mnv8i8s1rg1j3ivmwz1xb23dc87qy60-gsettings-desktop-schemas-48.0
  /nix/store/nrsr9inxq0v02ihrm2cfc548yp0i234g-gsettings-desktop-schemas-50.1
  /nix/store/lw4v9xvxyqrabifarmvj36prncj0c947-gtk+3-3.24.49
  /nix/store/7c73fgj9w0k8qrpq3j1h8h976bk7gqsp-gtk+3-3.24.52
  /nix/store/8gsxxh82rf957ffbsk0q9670nhvl5lia-gzip-1.14
  /nix/store/j1ymhj0igpi1vyyhh3ylzrggl0pz6qqv-harfbuzz-11.2.1
  /nix/store/49i3fhgpfffwh3xm3j58ma4z7221sqbq-harfbuzz-13.2.1
  /nix/store/h251hf55d9dsjvmkgz9biklsv9gigjlm-harfbuzz-x86_64-w64-mingw32-13.2.1
  /nix/store/pcifd9284mfhpbdnhy8x0bb8pvj5jcsy-harfbuzz-x86_64-w64-mingw32-13.2.1-dev
  /nix/store/wg6gqk570l5x32hq7plbpkk6lw7svpkj-hwdata-0.398
  /nix/store/aizrb5ax5kjwh4askhj7svzi0ri70qdk-hwdata-0.406
  /nix/store/657nyvrdribi7if64nhykz0vji7ljn1p-icu4c-76.1
  /nix/store/w24hkb1b9v50r3sgpvmk8kwyi04x7imq-icu4c-76.1
  /nix/store/pshrkr5kn36zn76jvscp0j9rls6wz2ni-icu4c-x86_64-w64-mingw32-76.1
  /nix/store/nxwagq28jm15ph8mwyvs4hvjskz4aw7n-icu4c-x86_64-w64-mingw32-76.1-dev
  /nix/store/xg2lg3rm18gsrkyzmzzb3608mrvxqxnv-isl-0.20
  /nix/store/l6cfiv9k72iv7m8ihmgp6d1fwiicbswl-iso-codes-4.18.0
  /nix/store/2mk1s35j2qlqxd4iwm3isqz5da61vhiq-iso-codes-4.20.1
  /nix/store/bzm6nb8fx5p005bygrarn48i6qy1ir3a-jq-1.8.1
  /nix/store/q0pj1dw2nr57y6b4pqljklf0hy20alfj-jq-1.8.1-bin
  /nix/store/3vavalljj18drsycygl361zqz4rryygd-jq-1.8.1-dev
  /nix/store/dlkag0m5p7b6d6nbhh091hq0s60q6vks-json-c-0.18
  /nix/store/r10fg73217nj93v3g4i4qlm9jsgar6ij-json-c-0.18
  /nix/store/7jlq3dh1n2a5fjakic3rzh353qy8hry1-json-glib-1.10.6
  /nix/store/ip85a0cqf7x5v5b1ik2ga21xql6hajhf-json-glib-1.10.8
  /nix/store/j3v7fsg7hwfyy8ciz7sk5dyqygs235vb-kbd-2.8.0-unstable-2025-08-12
  /nix/store/z7g4qf35k3rgzm5d7fm6x9g8ahba8x3q-kbd-2.8.0-unstable-2025-08-12
  /nix/store/fynagizpw08nvf6icpdyjarbar5p2mcj-kbd-2.9.0
  /nix/store/wfsx9ghfmkmz4zq5gabp0mssr9lgcdxa-kexec-tools-2.0.31
  /nix/store/yhbxryl6698ig8kzrmgjb4h288m8wyil-kexec-tools-2.0.32
  /nix/store/1vw3n1caad61rdg020qgsil21db98x7j-keyutils-1.6.3-lib
  /nix/store/4jyrpflk1a2pjwg1i8v81gprkzcjwvkh-kmod-31
  /nix/store/lfj10jjq7l48m6w8lh0lwj8prbw4b6fq-kmod-31
  /nix/store/x8n1yb7wh7msk0lvj3xawcw77967pvvy-kmod-31-lib
  /nix/store/y9czkcg5k265nw5zhbafv510wl333z2q-kmod-31-lib
  /nix/store/jlf1dhlhcn8xk3swlxc9y3a0yrina46w-krb5-1.22.1-lib
  /nix/store/12xvprmf0k03p7lzpcb4rrbdky1gsjj3-lerc-4.0.0
  /nix/store/6ywssag7pi7pnh16gpima8d5icwbais6-lerc-4.1.0
  /nix/store/c5d1pkggxigymvvny0vqb4v7hikglv20-lgx-0.1.0
  /nix/store/ia7js0riygf22nsxxiw5pwq6yxscz55p-libXcomposite-0.4.6
  /nix/store/gzwi69v5a7k48sjkvf4c3998kg0ymfrn-libXdamage-1.1.6
  /nix/store/rvx9p4dhgbf9ch5lvwfk8pk01zfm6ih2-libXft-2.3.9
  /nix/store/w8q26h5dvhy79fxcsj31iw11sdf09hs6-libXi-1.8.2
  /nix/store/xczzyjgbid5krg4wqmgk0zfvdinilwkw-libXinerama-1.1.5
  /nix/store/ycsmihpja2k7bcw8kw9r3h9x1a2q0gsg-libXtst-1.2.5
  /nix/store/n9aigl6w7igkdyd6kdwal3n9ys4byp64-libapparmor-4.1.1
  /nix/store/xrnir0r9asp1gyf5qali282gg3l36hlf-libapparmor-4.1.7
  /nix/store/flqs48a2h0jbls6k3las4qgq7yhbickc-libarchive-3.8.1-lib
  /nix/store/lww5x725wwazzfp9r5hy8484qdgmmaxp-libassuan-3.0.2
  /nix/store/ppj73b9r7vld4q5ma044j2wzzhgqvj19-libb2-0.98.1
  /nix/store/yw99kj2gfllair6b5r1vsbj034xicbi1-libb2-0.98.1
  /nix/store/d64hpmj3gzzlyy522dxrrdsx3lh5zkv4-libb2-x86_64-w64-mingw32-0.98.1
  /nix/store/8jgnmlzb820a1bkff5bkwl1qi681qz7n-libbpf-1.6.2
  /nix/store/b2f0cn980wsjfh2l1hczga2mlai0djnp-libbpf-1.7.0
  /nix/store/cwl3ixd56h52b4hjv5qydxk1izigxcjz-libcap-2.76-lib
  /nix/store/d79izxk2mrmcrx3wzpx2p19dzj98m0sw-libcap-2.76-lib
  /nix/store/vh93gfvv15gjs6ak9fvgypaq8sff9kzh-libcap-ng-0.8.5
  /nix/store/zhnnbi2jr3c4jsipl7wm233syzdbf10n-libcbor-0.12.0
  /nix/store/q0c41yrzah9pfyd0nnmasalsqh8gbqal-libdaemon-0.14
  /nix/store/wbds6kqjkmpsnzygah4hx5y8vy3z6cf8-libdaemon-0.14
  /nix/store/g6n2ix6b3ajv84zrrr8pmkm08j822aqy-libdatrie-2019-12-20-lib
  /nix/store/nby25vgms4mvg0rfj55axngwafmpdzx4-libdatrie-2019-12-20-lib
  /nix/store/zl4ax0cxkdchwax6qdhc762cwmnwafyy-libdeflate-1.24
  /nix/store/61wvqlkj92m30wnki32b5y1icqm8wdpf-libdeflate-1.25
  /nix/store/h5k131fmpybsz4c5ip83z58m5iafqv0w-libdrm-2.4.125
  /nix/store/3rjzxgsnsb6qq6xazc8lc3m39vkf0jra-libdrm-2.4.133
  /nix/store/7maka2prb59aiishp08wfn7qcw64c0bj-libdrm-2.4.133-bin
  /nix/store/jl06f30bsw7ya4qvlpawjqx23x52hm62-libdrm-2.4.133-dev
  /nix/store/54p2yd34njvrb4y3yq2k14dk0c6db1c2-libepoxy-1.5.10
  /nix/store/8ygm3rn55rcybnp45wpg6x80ax4ik51r-libepoxy-1.5.10
  /nix/store/4c9lbyb7payh9akmia87v38bi82vdidb-libevent-2.1.12
  /nix/store/i3dqwabnv7mrzi5xi8x14990n6hg4jb1-libevent-2.1.12
  /nix/store/i6a553gjc2i4r4p54qk5mdy3ybsiydwk-libffi-3.5.1
  /nix/store/chc8cxmnqxgnf4i0y89m292wm6290qsy-libffi-3.5.2
  /nix/store/08fsx6zsn71aylhjblicjf3dv3xkk309-libffi-x86_64-w64-mingw32-3.5.2
  /nix/store/lql1za1wl82nq874j0n9lapdx5jfkawl-libfido2-1.16.0
  /nix/store/hq4c9wzzdnxj06f810b5rwkcvv0bb5cf-libgcrypt-1.11.1-lib
  /nix/store/qp14ji38fkmy939yghbwrnn8dpb5ycif-libgcrypt-1.12.2-lib
  /nix/store/6rffq8f7j8f6szmd7wdnyddbm7kgr76h-libglvnd-1.7.0
  /nix/store/pgxicv9xgn7y4wlamnlwzh2frlcfi2f5-libglvnd-1.7.0
  /nix/store/10ahhmqpbmy6rpznpjjadwz8c722a256-libgpg-error-1.55
  /nix/store/vb5nfiqv7rw67lv60w0si4n4q2bwmnml-libgpg-error-1.59
  /nix/store/1n45jia80pf41vhmsgxaspr2zyf1gkf4-libice-1.1.2
  /nix/store/4b37gbgcbbdm1kvqfbnx989qsz55zzkx-libice-1.1.2
  /nix/store/zcx9b4kp2ncqhndc75la5yp24j8xqlb2-libiconv-x86_64-w64-mingw32-1.19
  /nix/store/wwqyxsvmg41q5ckfvvv6wa50nwvz9dv4-libidn2-2.3.8
  /nix/store/ld48pvj263k06rvljmh8la69ghh11yy0-libjpeg-turbo-3.1.1
  /nix/store/cc98qw6f8xk09spfyp0w2xxzc4nscp0v-libjpeg-turbo-3.1.4
  /nix/store/90gx8pfmh6q6bdlk72qls9swk33zbqw6-libjpeg-turbo-x86_64-w64-mingw32-3.1.4
  /nix/store/f75s4c0kgy72iiv3w6pwkqimxvjdnyi6-libjpeg-turbo-x86_64-w64-mingw32-3.1.4-bin
  /nix/store/hdvqaqvh0nbyxvfgkiyxn4k9swrbdx0b-libjpeg-turbo-x86_64-w64-mingw32-3.1.4-dev
  /nix/store/598h9vdqrzqkjfrkvhndhfx3ksil1qc4-libmicrohttpd-1.0.2
  /nix/store/ylirzjzp6fxm8xdp8547kbbshbwydxs2-libmicrohttpd-1.0.2
  /nix/store/8iim5h6p8lhhxshq9y2yn7yfxzjwc72y-libmpc-1.4.0
  /nix/store/x4fn0mq0jx2sy2z9anw0fajaxhy57nwd-libpciaccess-0.18.1
  /nix/store/w593i6xly4dj24nkd13ldrydm2xwcyp8-libpciaccess-0.19
  /nix/store/acdymp33g8mgllql8s80li89fafakjam-libpng-apng-1.6.49
  /nix/store/yzv7lxhgkiggw4yyh4i4igpi5jc43bhk-libpng-apng-1.6.58
  /nix/store/j2y7wgda7jbczbwkmx7xfmbxcf7clpri-libpng-apng-x86_64-w64-mingw32-1.6.58
  /nix/store/wl6c8iv1qc831d69pjf0whzq06cshdwd-libpng-apng-x86_64-w64-mingw32-1.6.58-dev
  /nix/store/hyp4z8ip3s7rnp3s18jkd8sgfrwxkhmz-libpq-17.6
  /nix/store/2larhas2prhbdmgk47lccvv83d3sb6gg-libpq-18.4
  /nix/store/g5fkbz2i5azsgl5w6az4l6fvi5b9iv2a-libproxy-0.5.10
  /nix/store/mcfn4dxh8id3sqq6fhjgh7nd7n1s1rbp-libproxy-0.5.12
  /nix/store/bywdzqksdpfd0kx50k5zvicvkir05s18-libpsl-0.21.5
  /nix/store/5fd78i1yplqk80drr25x68xx5y6hf1vi-libpwquality-1.4.5-lib
  /nix/store/8czvbpbjkykiw4kfp84lravx0rc88gkm-libpwquality-1.4.5-lib
  /nix/store/jap6dd4lrpfjqdv1d335jx9h1anxgyng-libseccomp-2.6.0-lib
  /nix/store/114gyk70x8my82fpcjnxksqbhxxh1j51-libselinux-3.10
  /nix/store/abd6znwgd3dhma7bnzdzhdwp22wnj8sw-libselinux-3.8.1
  /nix/store/kpyiq73aiq90cc4nn4y8v4kw9qzhysbh-libsm-1.2.6
  /nix/store/z8yc7mq9y9pjl06yhqcl93m5anbvl1xy-libsm-1.2.6
  /nix/store/0ncz9ijx5slwskb2bbbacygs8apnm6rg-libsodium-1.0.20
  /nix/store/cil2vgf2zq49v7w9zbipm1a99kflg0yq-libsodium-1.0.22-unstable-2026-04-09-dev
  /nix/store/a87v8ga7jn57rmqs377nhszvmyz1rzdn-libsodium-x86_64-w64-mingw32-1.0.22-unstable-2026-04-09
  /nix/store/mqa4955l9gx8bvi3laq0l6626bw8z7gc-libsodium-x86_64-w64-mingw32-1.0.22-unstable-2026-04-09-dev
  /nix/store/83z8p55rvrxy6nzqgx3jbc2vyp2h4fw0-libsoup-3.6.5
  /nix/store/jc4y9v7ci45vas65kyl00pzpam3dnbfk-libsoup-3.6.6
  /nix/store/va3w14p49xm87pnmxavk4j3imnqzb03m-libssh2-1.11.1
  /nix/store/fhw4y5vwmmxkq72bl4jkr55iayqvjji7-libtasn1-4.20.0
  /nix/store/qa77jydj4h1n2lj4gzshrmkvinkaz3y1-libtasn1-4.21.0
  /nix/store/51wrmhqzrzs4dyli3zadpi58p0a9c9b9-libthai-0.1.29
  /nix/store/w159ng8il60abv4m40ilqzx4crzn1yaf-libthai-0.1.30
  /nix/store/88fdfl1xvwfnx9sqhxkkfgpwbhn80xfb-libtiff-4.7.0
  /nix/store/f51ch3asrp52bly5rdarh3823wfp1x91-libtiff-4.7.1
  /nix/store/9xw59kidx5dh9b0bzk1why292ww1swkd-libtool-2.5.4-lib
  /nix/store/89bsxfq70m9zs7pvg0n7bkarpb75m00p-libtpms-0.10.1
  /nix/store/25hs1bkz6dxlg4j97r24jwrkw94000zx-libtpms-0.10.2
  /nix/store/7ndy5820h69n1pgd13viph1qjq6zhhkj-libunistring-1.3
  /nix/store/hb0162ab7wxqm1sdfy23zbmgayj1z6aj-libuv-1.52.1
  /nix/store/l6pwiihhn9jkxrm38qvf18b3c4qpd2w4-libwebp-1.6.0
  /nix/store/xxb70pyyqqhyvhczd6c5fm077ah722wp-libwebp-1.6.0
  /nix/store/wfna2fx4023769504rjzgn0mz0m6bc0c-libx11-1.8.12
  /nix/store/flhvh2a7c578zbca9arvn4n2vc2pcgpc-libx11-1.8.13
  /nix/store/8df4dy2m15wm65f5ksd6rvm5n87jm6vm-libxau-1.0.12
  /nix/store/z33vk6wn8gjndbjx5szwadxckchh3p70-libxau-1.0.12
  /nix/store/3q0df4j93xpcdv69mm8b4ll6rfawkmaf-libxcb-1.17.0
  /nix/store/xpzd2xmvqpkv1la78qkfpybkfwak27xd-libxcb-1.17.0
  /nix/store/q9896fbvl1l8nmxaq8hym58qxgspn3vl-libxcb-cursor-0.1.6
  /nix/store/wbffjdah02s7g05sgm9x3xpxnn2mmjxp-libxcb-image-0.4.1
  /nix/store/ykjv611d1x5p2jg23j51mhymrq061d6q-libxcb-image-0.4.1
  /nix/store/lap23knfaqyz066bln9pzbrk0vcz11hz-libxcb-keysyms-0.4.1
  /nix/store/nj17d3n2y7wp116j7x9p34wg9rsj2nlz-libxcb-keysyms-0.4.1
  /nix/store/0gnjn6sm2h306pq5951gglan4r6vbfi3-libxcb-render-util-0.3.10
  /nix/store/k9c39lb1y750blrkak4n7a91cja9lvpq-libxcb-render-util-0.3.10
  /nix/store/1rp7sk17sm6463i6j83ljg4f59dajrvf-libxcb-util-0.4.1
  /nix/store/bs8x8yjjc9zcwf3xp83g5njarsr6iwdz-libxcb-util-0.4.1
  /nix/store/bgmsj1bz761jn7wm81aw4gkvavrg5cc8-libxcb-wm-0.4.2
  /nix/store/xbwjkpn95aa7my0ynssw466y57r27kci-libxcb-wm-0.4.2
  /nix/store/gq2lnqhh6j7d0vxqmg59i1raj1z0z5i4-libxcomposite-0.4.7
  /nix/store/bcsfx7baf00f6bldlpshfsd6fnaxi8xx-libxcrypt-4.4.38
  /nix/store/gf2x0w6knrqsdvz9bs5646qgd9xbh6g8-libxcursor-1.2.3
  /nix/store/wh144m9n9l6x0ymkijrschjnxdbfvmmc-libxcursor-1.2.3
  /nix/store/ddrm3mkr7y3974x3pbvbc2b7aypa46j2-libxdamage-1.1.7
  /nix/store/gqy115r3rfasx1i1vq9pvnjyq75q31j9-libxdmcp-1.1.5
  /nix/store/lgcbdfspxmgyrxmb06j8cwy3qdlry8xp-libxdmcp-1.1.5
  /nix/store/vqviqi56cf6wri18bscgxgx45lwb6mgc-libxext-1.3.6
  /nix/store/b0dnb18ak3qwrkml30b5a9xcgk1vsb92-libxext-1.3.7
  /nix/store/wh2rk89l24k7gaqyi75qjjj6m874gikr-libxfixes-6.0.1
  /nix/store/8mkji51dkg6cmcx79kbj91r54vsc0pdb-libxfixes-6.0.2
  /nix/store/ll7r0nvlzgfq64s9m53pmjyp9jf3hlvp-libxft-2.3.9
  /nix/store/g3bm7755sljx222d35mc8mhw38gc2p4m-libxi-1.8.2
  /nix/store/ahbvjmacrbdm99lp30rvzdszxx917h5y-libxinerama-1.1.6
  /nix/store/q90008wvsnvg7jyg9n2gyq2nq2il1q5c-libxkbcommon-1.11.0
  /nix/store/3kncz3fkk7sv9xc61x096jnbxvxfnx1k-libxkbcommon-1.13.1
  /nix/store/zamqz08gyq11cbbi2f3ciwmynkvsfk5n-libxml2-2.14.5
  /nix/store/9ldi4sgha2x2c7mssp83df3ln4hxmdnp-libxml2-x86_64-w64-mingw32-2.15.3
  /nix/store/pa4rv3s2hvg88ddhb62n9sf9vdhax9g8-libxml2-x86_64-w64-mingw32-2.15.3-bin
  /nix/store/vh321i7vkiij462q17rwjfhl4apk7lym-libxml2-x86_64-w64-mingw32-2.15.3-dev
  /nix/store/y3f8qyplqlr2dq45brdllmfbmq72881k-libxrandr-1.5.4
  /nix/store/j9f5ly9l31afxxv1r56gqnf15k1cj8lq-libxrandr-1.5.5
  /nix/store/j5w94awx63f17csdk9zz0b22mq5ddp7l-libxrender-0.9.12
  /nix/store/z91n482d5j83vwahjbp7ynrsz2hka8js-libxrender-0.9.12
  /nix/store/15blk3w6fma5hsxqw76br1v5snd72ndg-libxslt-x86_64-w64-mingw32-1.1.45
  /nix/store/0pzlv9nvifvxz752kyxqdn6lbiqcikgm-libxslt-x86_64-w64-mingw32-1.1.45-bin
  /nix/store/9g35laxm0a43k8ywpj6jwyr5km0jghqv-libxslt-x86_64-w64-mingw32-1.1.45-dev
  /nix/store/gczb0k0hdx7dv6d1f5kp44k5hqrwayqj-libxtst-1.2.5
  /nix/store/1hrk7xhpm6h98n0lg1qixfrr2kb96zqs-linux-headers-6.18.7
  /nix/store/gz42kmkrky3w0jki988aa2x0pjhfj56m-linux-pam-1.7.1
  /nix/store/ccihqmbbygsvx7jap8apl5jwp8ipy61y-lndir-1.0.5
  /nix/store/zgkdy3sr5bwxcg00m4cs2d4gjm6ghs3i-lndir-1.0.5
  /nix/store/pv0kcwwv88yrvmww7jmvjk5yjnlkc2gy-logos-cpp-sdk-generator-0.2.0
  /nix/store/6h3x64zbc1x3s1rf8nwms3lphw4jf1hh-logos-cpp-sdk-generator-x86_64-w64-mingw32-0.2.0
  /nix/store/zrsgdj8xly3463ddxrl4rajk1ysazib5-logos-cpp-sdk-headers-0.2.0
  /nix/store/wfillzpa95618bg7vfgliwzgbaq6hb3b-logos-cpp-sdk-headers-x86_64-w64-mingw32-0.2.0
  /nix/store/a0ziid43hc6sy0qwhni4sx0d34a15gp0-logos-cpp-sdk-lib-0.2.0
  /nix/store/iaz6gxqk4qwlfbhffh7mjsi29bms8hrc-logos-cpp-sdk-lib-x86_64-w64-mingw32-0.2.0
  /nix/store/q9hjkk8br3ixrvy0rjwgzg6mq4vp4rnw-logos-delivery_module-lidl
  /nix/store/dqlrz15kqgw65cvscqmqgz5v1zwr87c9-logos-module-x86_64-w64-mingw32-0.1.0
  /nix/store/7ak71w1pazjdx43x1qw94da59g2ggjsh-logos-protocol-headers-x86_64-w64-mingw32-0.9.0
  /nix/store/w9q0p85mkbzn3qmrrljv1sfwcll6dw9j-logos-protocol-lib-x86_64-w64-mingw32-0.9.0
  /nix/store/3mhlxk6snixvywf63vyc2f8xagqwjq5z-logos-qt-generator-0.1.0
  /nix/store/q4wr0nah93dpr0wkk9j9vxiki735fvph-logos-qt-host-generator-0.1.0
  /nix/store/5khnm99cax3wx92mv7c0csn4ql2krfxq-logos-qt-host-x86_64-w64-mingw32-0.1.0
  /nix/store/3x5r41k9xmk40yn92zn0j65vhl1a33gi-logos-qt-sdk-headers-x86_64-w64-mingw32-0.1.0
  /nix/store/jx8zjzc6vk3gwgwbkwnjxvc7grl5vg17-logos-qt-sdk-lib-x86_64-w64-mingw32-0.1.0
  /nix/store/s7slkhc0jsq6n69npqmzw73diydmwp1a-logos-storage_module-lidl
  /nix/store/2i75dy6n5mlqizqwslc96ck75rln6y4a-logos-view-generator-0.1.0
  /nix/store/h8p3w2ghsj6m4vqk58fd9r42pj8av3gd-logos-view-module-include
  /nix/store/lyra3zrdkd9j7rjra9n8r63zxqgpfvg0-logos-view-templates
  /nix/store/xnrzbm6z6v7x1a8n4l9pyvzjr3js9j4f-lvm2-2.03.33-lib
  /nix/store/7cw0q1x70lh28m2p23mz0b0bglxd3z45-lvm2-2.03.39-lib
  /nix/store/9bgw49f2lk2wc3gxizmg987xmgpqplqx-lz4-1.10.0-lib
  /nix/store/dww7q4wmgj9x62fnriarqarb3xcaygj3-lz4-1.10.0-lib
  /nix/store/fm9ga2sqj5mg40v35zn4mcn7sjj8xp9v-lzo-2.10
  /nix/store/ndfsadq4s7n9d39zv75xdx2jv28lnwr0-lzo-2.10
  /nix/store/xakkd7mhg6dindq35ji8smr4j9ypwpn7-mailcap-2.1.54
  /nix/store/ml8334d7m0h6q1z6dx61xz4zhj7scqmz-mariadb-connector-c-3.3.5
  /nix/store/rwzchc7pj0521ypkfqvn2bacqb8m6bgs-mariadb-connector-c-3.3.5
  /nix/store/xy37mp1yip5wd2cbv44lpj2c7fbm8w4r-mcfgthread-x86_64-w64-mingw32-2.3.2
  /nix/store/jldbysl6yr8arccijp26m9qhsnjxkd15-mcfgthread-x86_64-w64-mingw32-2.3.2-dev
  /nix/store/70s3p0swvp41ndcq93zcb6np0xx3xd5i-md4c-0.5.2-lib
  /nix/store/ndf4ys5nad5naw8v746bx976c7jhsq6v-md4c-0.5.2-lib
  /nix/store/xwp295ypn9rdbxaq10nddr4wwlaylz2k-md4c-x86_64-w64-mingw32-0.5.2
  /nix/store/ysijynsgpyr91q5j57rs90vwmbyqj7pz-md4c-x86_64-w64-mingw32-0.5.2-dev
  /nix/store/i2ilfq4zlrj3hv87v862in3ik6gv3ys4-md4c-x86_64-w64-mingw32-0.5.2-lib
  /nix/store/wq42x6sf3mqxbx641bwh8msmhh5g8bsn-mesa-libgbm-26.0.3
  /nix/store/p2xs2q2qpq6fw6rv1k4rcif0dyz7zrq0-mingw-w64-x86_64-w64-mingw32-13.0.0
  /nix/store/b8rwzy18lsrfk9bv7hc9z8k9bxqhs79k-mingw-w64-x86_64-w64-mingw32-13.0.0-dev
  /nix/store/xnlpfhi3m3in4b1h8h905hpv97gc8b07-mpdecimal-4.0.1
  /nix/store/5bb947514lbvidi2ksicnk0lwgmx30mq-mpfr-4.2.2
  /nix/store/0jbb8w6zkibl8c4qjybn0ajm9668ginz-mtdev-1.1.7
  /nix/store/yg95pqw1c4ff09jnvdkin69zps7rb6kf-mtdev-1.1.7
  /nix/store/mszd3cfmlqdz864qgc85h24h5r73xg0z-nettle-3.10.2
  /nix/store/v9c75y1hd6yzlgiwvxriigylqgznq3rg-nettle-3.10.2
  /nix/store/did4qx8g0fx4kyiyk9imhbbyhdg8mjba-nghttp2-1.66.0-lib
  /nix/store/p09rxlcxr21s9lq7z1rcg5i03kgk9xim-ninja-1.13.2
  /nix/store/r82wggrhgs0v2kkp0f2g9jplc4mfh2gq-nlohmann_json-3.11.3
  /nix/store/6dl4c7yln9ig1y904dm7kzsw9ikq2mfj-nlohmann_json-x86_64-w64-mingw32-3.12.0
  /nix/store/cjhsw9j1nlryd5vrj28xm1wn1q59iy0w-npth-1.8
  /nix/store/4z1k9vq4dgzsa8ifbmdgv1y7wqdqq234-oniguruma-6.9.10-lib
  /nix/store/gi615r79j260ihhzdkhrg6qva9wfrbyy-openssl-3.5.1
  /nix/store/nn4b544v4sanvsf22mjiw3qh8mwh6pzh-openssl-3.5.1-bin
  /nix/store/qqfiw89h8j4pilcyqapldzq5vf0vqgxy-openssl-3.5.1-dev
  /nix/store/pq8wq6dlxpklzyb0gmk44vjfj8qc39bi-openssl-x86_64-w64-mingw32-3.6.2
  /nix/store/nwp0v3ihqr0lkpvhahbz8cacz0kmn0wv-openssl-x86_64-w64-mingw32-3.6.2-bin
  /nix/store/in13pmkbrqrzj3c5cizy5bhacrbj2g2r-openssl-x86_64-w64-mingw32-3.6.2-dev
  /nix/store/lghfgb8v4ac7vi1bfj2fq74x11jxbh8l-p11-kit-0.25.5
  /nix/store/d3y9krrxjz9xyrwfr2f71d1yk6ck95yx-p11-kit-0.26.2
  /nix/store/vc37li5p9cmqx5zfhlm6sxmli6qbc346-pango-1.56.3
  /nix/store/90ln3xz5m2x3r0ykad4mkg9gnwgrjpzg-pango-1.57.1
  /nix/store/856i1ajaci3kmmp15rifacfz3jvn5l3q-patch-2.8
  /nix/store/vm55g5jg7ra19gdsxsxr092vpb52ayiz-patch-2.8
  /nix/store/gx2l0rnp3qcnysdddkg9dqnh2mz6w08k-patchelf-0.15.2
  /nix/store/jbav217344pndjbghzyjmh0mkzy1973i-patchelf-0.15.2
  /nix/store/y667mbdld0s8rmb2i493ldyfh3lsgk1y-pcre2-10.44
  /nix/store/by7qh781mb6fl321c63sww64hl3fl3gj-pcre2-x86_64-w64-mingw32-10.46
  /nix/store/vhyflv4mrsq2c1xlc5m0yjvll29rffc6-pcre2-x86_64-w64-mingw32-10.46-bin
  /nix/store/7ql7h23vbl6qiz71apwk1xnzjzadn4b9-pcre2-x86_64-w64-mingw32-10.46-dev
  /nix/store/790lr6wk5m760ahglbi7fzafqqxc9j3w-pcsclite-2.3.0-lib
  /nix/store/ssshfj3zgwnx3j77spypa7c5v5ixc5sc-pixman-0.46.2
  /nix/store/mwwr9pw1xqar6a725mnkw3fl5iahyj1m-pixman-0.46.4
  /nix/store/4my6a75b8p1w734w7crqfw69jw7xarla-pkg-config-0.29.2
  /nix/store/qbp2psw4y7cg333ydgrd5l9mah1qsd4a-pkg-config-0.29.2
  /nix/store/05h9vfzhqf7l6w1xczixici2ldw9y788-pkg-config-wrapper-0.29.2
  /nix/store/sq5p43ziv78vxp51rpaajhvz0584lgqw-pkg-config-wrapper-0.29.2
  /nix/store/v3z4bn1pxsg6699y61x86pvzif41m666-publicsuffix-list-0-unstable-2025-07-22
  /nix/store/l9k0anq0z7zz81zcwy035jfwap9ga6rl-python3-3.13.13
  /nix/store/80756r64gv9w9aml3waq5s9lfbplihqr-qrencode-4.1.1
  /nix/store/viqr1b2gsdgs7fh6qfmkil026nsx3n3z-qrencode-4.1.1
  /nix/store/b1zm7dq5gf2593fmk575wgr0nvr2ngld-qtbase-6.11.1
  /nix/store/dkfr32yi7p8cdxsnll05q1kax19fl7ay-qtbase-6.9.2
  /nix/store/a7yn32bjr496l6ql281ih4ccnmc4pmq6-qtbase-6.9.2-only-plugins-qml
  /nix/store/8kajm3yl9p4m6sj8ssl3sazzdyjf5bi3-qtbase-x86_64-w64-mingw32-6.11.1
  /nix/store/96ilk5zdl50p186bhiifan0v3c2ay8d1-qtbase-x86_64-w64-mingw32-6.11.1
  /nix/store/3lamqfgdnds9kfhvak7b266zaqzmw8l6-qtbase-x86_64-w64-mingw32-6.11.1-dev
  /nix/store/b6j7b0rnw3fxj8d117icwvvymw91sycl-qtdeclarative-6.11.1
  /nix/store/i625i8dgmdnfn6kdklvlxsj0qamfsxhf-qtdeclarative-x86_64-w64-mingw32-6.11.1
  /nix/store/z75kjn599v90bszz2j290qfviz8jdi98-qtdeclarative-x86_64-w64-mingw32-6.11.1-dev
  /nix/store/52m99lna8gism0pfxvj3hrsdp79c01fd-qtlanguageserver-x86_64-w64-mingw32-6.11.1
  /nix/store/xkk67wjjskb1m7a6a0svb4b15gp8p8nw-qtlanguageserver-x86_64-w64-mingw32-6.11.1-dev
  /nix/store/wcawd19k7k57vjlvgsdv7fz5l3z0362g-qtremoteobjects-6.11.1
  /nix/store/jv6xakycih5qr2jvxwzjw75az6ljnkrh-qtremoteobjects-x86_64-w64-mingw32-6.11.1
  /nix/store/2jaf86cq9giiii2wr6ah451p5n79lj26-qtremoteobjects-x86_64-w64-mingw32-6.11.1-dev
  /nix/store/37cfq2xam1c630j4v0wj4r1yly9k258i-qtshadertools-6.11.1
  /nix/store/nv06bha7wc4ls3hhwm5y6w0ch1w2zwwv-qtshadertools-x86_64-w64-mingw32-6.11.1
  /nix/store/fjysr4gixcp3yzaq32y6389affgnzb7r-qtshadertools-x86_64-w64-mingw32-6.11.1-dev
  /nix/store/3dd40zfmpxiahc6ai6fl4qazps493q46-qtsvg-6.11.1
  /nix/store/s98a2yr1wmsarffl0hcn50r0fh7mdk0l-qtsvg-x86_64-w64-mingw32-6.11.1
  /nix/store/vnp5kbd2vsrrlzdlvhvj1dn3z6fpxxnk-qtsvg-x86_64-w64-mingw32-6.11.1-dev
  /nix/store/h2zdwc8khyb0iv1ffb1syk4y1xqj96yk-qttranslations-6.11.1
  /nix/store/vma55wxinv0crfqbi0fiflaqzwg75c3m-qttranslations-6.9.2
  /nix/store/ch8wripczdc6cqcbkpa9s342y32gnxhp-rhash-1.4.6
  /nix/store/8bsyjdxv61ha88hjrpgl6nyfjxfqnphx-sqlite-3.50.2
  /nix/store/pfaam25wgs7ls2bfmq8mdqdmnhbk7j2f-sqlite-3.51.2-bin
  /nix/store/w1cmsd5kg0jsj76cxj1vgfrsw3gk86yh-sqlite-3.51.2-dev
  /nix/store/561yjxd5m0z56r7hpm0vha0g0s640lgk-sqlite-x86_64-w64-mingw32-3.51.2
  /nix/store/hfbg80y54s0vwbl5zrjmbqvprr63lm7d-sqlite-x86_64-w64-mingw32-3.51.2-bin
  /nix/store/ckw64m6caai0fc55d1lixsv4bmr1pfd2-sqlite-x86_64-w64-mingw32-3.51.2-dev
  /nix/store/8yk6k80h03hz8a6743x53xqlcdpafda8-stdenv-linux
  /nix/store/9l757fsk35sk0zfkjx2nadha552p9z2j-stdenv-linux
  /nix/store/pr27j8nm0xl52pq4ylncj9kwjw3b84mk-stdenv-linux
  /nix/store/yvcij5baly05dhsfwlc6f2xyz93xkazs-stdenv-linux
  /nix/store/acjdidq41qig9khxcm7gx1d7brzjs249-systemd-257.8
  /nix/store/rd05syhv5v5999907a2n1r37sgi19vpd-systemd-260.2
  /nix/store/l6l0dawq6d90x1dimwpihl0c21cphhhz-systemd-minimal-257.8
  /nix/store/rz3ss5filvbbwi9f36g1dw2f95sasqbq-systemd-minimal-260.2
  /nix/store/8lxn5385zrbgamkn3gs0gih2lwgcz91g-systemd-minimal-libs-257.8
  /nix/store/7h2q4x2v5aiismlawkrzgrbkzsffqmpj-tinysparql-3.11.1
  /nix/store/rk9kj6nnabvam68pdw7vjj2jxsc0flc8-tinysparql-3.9.2
  /nix/store/fysmdm45psr9inrf9y0i8l1vvxlc1y0w-tpm2-tss-4.1.3
  /nix/store/vf0s5s9ai939h9rl2r4ajiv30xgdzglp-tpm2-tss-4.1.3
  /nix/store/ga3b95jkyvknam1nxl25r95nyk87ix25-tzdata-2026b
  /nix/store/ysy40jp0zlni955x2k5dj621c3pxkv74-unbound-1.23.1-lib
  /nix/store/kh4j2kji7i38viz4h0cf6kbv9fnvhnkg-unbound-1.25.1-lib
  /nix/store/1qbfh0apn9nv6y3xvm9h5z6mphhjyy6i-unixODBC-2.3.12
  /nix/store/6gq1magqnpdwj3m3pwpvhhj2xg0l86xm-unixodbc-2.3.14
  /nix/store/iymsdj1yqiy7d8pylqvjqxqiqb9lqq94-update-autotools-gnu-config-scripts-hook
  /nix/store/jwjq0fjgn7d00kswhaw2m8hbgws5vbi4-update-autotools-gnu-config-scripts-hook
  /nix/store/qcxrf6hi3afinicfhfi73n3c8y3zlyk0-util-linux-minimal-2.41.1-lib
  /nix/store/1cax162px6a0kqh1gqv717kiq38jhf7c-util-linux-minimal-2.41.1-login
  /nix/store/1xkx302ri8lra6bzjy70zs4hpmjfv8wg-util-linux-minimal-2.41.1-mount
  /nix/store/r8cl93l8s5gk1x4s547vvvrn93zv3z63-util-linux-minimal-2.41.1-swap
  /nix/store/wzngf2vhv7bhy3zqmq1716lgr7p1cwiq-vulkan-loader-1.4.321.0
  /nix/store/y5a34h6vgvsc1pmfmvcqfcvxy2grg3hx-vulkan-loader-1.4.341.0
  /nix/store/yb3bf4iyxzjhs51kgj3w7kw42ci9vx3n-wayland-1.24.0
  /nix/store/clvzgv5kqq953s4azqhkg3ddgpvgl9wc-wayland-1.25.0
  /nix/store/6yj80l6hlz4x6xvampf3wxbyr92czp38-x86_64-w64-mingw32-binutils-2.46
  /nix/store/a54mx5f1rbscymkdq511m98vvvspwq40-x86_64-w64-mingw32-binutils-wrapper-2.46
  /nix/store/rwns501wzp6lvdxki41xkn5yakjp6gxi-x86_64-w64-mingw32-gcc-15.2.0
  /nix/store/6v7py38zw53lr2zwwhb3vczjb2w5lyy7-x86_64-w64-mingw32-gcc-15.2.0-lib
  /nix/store/71vrsbx9s21j8apvdslva42gcrg7lqb9-x86_64-w64-mingw32-gcc-wrapper-15.2.0
  /nix/store/kmdw440zx9mnvnyxlf73h68dmy72h42k-x86_64-w64-mingw32-pkg-config-wrapper-0.29.2
  /nix/store/sizvgh45aij5lckxc7wzxi13azaixi82-xcb-util-cursor-0.1.5
  /nix/store/0ja5daq2yay3svg6f48spyfby7pgy5bm-xgcc-14.3.0-libgcc
  /nix/store/v0jl272ii01xf06r1q99c6x2v0yfjf8h-xkeyboard-config-2.45
  /nix/store/czwchfqv2v6v2gm545mhdj03smk50rw0-xkeyboard-config-2.47
  /nix/store/mjszfnqrfid0c9b4dnaydkz43cmg23k7-xz-5.8.1
  /nix/store/y9kgzp85ykrhd7l691w4djx121qygy68-xz-5.8.1-bin
  /nix/store/y5zljns1fbcdgh5pp1szjlw0j11xxvcy-xz-5.8.3-bin
  /nix/store/09sifcahf0j1xnw80k9l33jzcs1p2qbw-zlib-1.3.1
  /nix/store/7y3nkp1ygncjr2gbyxc3lj4zim1m7qnz-zlib-1.3.2-static
  /nix/store/j208lz25m32y06c06721qkdl8m5mlv4n-zlib-x86_64-w64-mingw32-1.3.2
  /nix/store/nmhqlkgaf7dvis48svdqi18lmbgdrmkh-zlib-x86_64-w64-mingw32-1.3.2-dev
  /nix/store/bxn7mqdrckhjkmvy5ynhybmj0lmdlgb4-zstd-1.5.7
  /nix/store/brlfx0a68jfsqgc32pcz5fd0gx67fa01-zstd-x86_64-w64-mingw32-1.5.7
  /nix/store/d7sjwyxcdl132y3s10p9i7r9hdgrq4nr-zstd-x86_64-w64-mingw32-1.5.7-bin
  /nix/store/shyld29yq0hw92izwr5d0dsy7lsqg4w4-zstd-x86_64-w64-mingw32-1.5.7-dev
copying path '/nix/store/xakkd7mhg6dindq35ji8smr4j9ypwpn7-mailcap-2.1.54' from 'https://cache.nixos.org'...
copying path '/nix/store/ga3b95jkyvknam1nxl25r95nyk87ix25-tzdata-2026b' from 'https://cache.nixos.org'...
copying path '/nix/store/4i7gvqwiq5mbl5pxh43frzq2nibxvwb5-gnu-config-2024-01-01' from 'https://cache.nixos.org'...
copying path '/nix/store/ip4yc28pjrp2hybj4k6n9ag80fwb2cm8-expand-response-params' from 'https://cache.nixos.org'...
copying path '/nix/store/6yj80l6hlz4x6xvampf3wxbyr92czp38-x86_64-w64-mingw32-binutils-2.46' from 'https://cache.nixos.org'...
copying path '/nix/store/chc8cxmnqxgnf4i0y89m292wm6290qsy-libffi-3.5.2' from 'https://cache.nixos.org'...
copying path '/nix/store/6v7py38zw53lr2zwwhb3vczjb2w5lyy7-x86_64-w64-mingw32-gcc-15.2.0-lib' from 'https://cache.nixos.org'...
copying path '/nix/store/xnlpfhi3m3in4b1h8h905hpv97gc8b07-mpdecimal-4.0.1' from 'https://cache.nixos.org'...
copying path '/nix/store/066fzlsj0wdq2sqxjrksysfxyr4r5f72-gnutar-1.35' from 'https://cache.nixos.org'...
copying path '/nix/store/l9k0anq0z7zz81zcwy035jfwap9ga6rl-python3-3.13.13' from 'https://cache.nixos.org'...
copying path '/nix/store/8zm936ys1dkqv2710j0w09r2mk0kj5n9-gcc-14.3.0-libgcc' from 'https://cache.nixos.org'...
copying path '/nix/store/3c05s0vxy8wafaa7lkj4bfh69wa0ch10-diffutils-3.12' from 'https://cache.nixos.org'...
copying path '/nix/store/cdd73p8qiphg0scs02i6lrg1sjsdvbkx-gawk-5.4.0' from 'https://cache.nixos.org'...
copying path '/nix/store/0ja5daq2yay3svg6f48spyfby7pgy5bm-xgcc-14.3.0-libgcc' from 'https://cache.nixos.org'...
copying path '/nix/store/ybmzybab5jpd6k6ij0pchn4jn6jlczlg-ed-1.22.5' from 'https://cache.nixos.org'...
copying path '/nix/store/xy37mp1yip5wd2cbv44lpj2c7fbm8w4r-mcfgthread-x86_64-w64-mingw32-2.3.2' from 'https://cache.nixos.org'...
copying path '/nix/store/p2xs2q2qpq6fw6rv1k4rcif0dyz7zrq0-mingw-w64-x86_64-w64-mingw32-13.0.0' from 'https://cache.nixos.org'...
copying path '/nix/store/jldbysl6yr8arccijp26m9qhsnjxkd15-mcfgthread-x86_64-w64-mingw32-2.3.2-dev' from 'https://cache.nixos.org'...
copying path '/nix/store/b8rwzy18lsrfk9bv7hc9z8k9bxqhs79k-mingw-w64-x86_64-w64-mingw32-13.0.0-dev' from 'https://cache.nixos.org'...
copying path '/nix/store/i4jf7w00lr5q85r55rc35n83l7iwys73-gnumake-4.4.1' from 'https://cache.nixos.org'...
copying path '/nix/store/a54mx5f1rbscymkdq511m98vvvspwq40-x86_64-w64-mingw32-binutils-wrapper-2.46' from 'https://cache.nixos.org'...
copying path '/nix/store/iymsdj1yqiy7d8pylqvjqxqiqb9lqq94-update-autotools-gnu-config-scripts-hook' from 'https://cache.nixos.org'...
copying path '/nix/store/jbav217344pndjbghzyjmh0mkzy1973i-patchelf-0.15.2' from 'https://cache.nixos.org'...
copying path '/nix/store/lc20sfvskz0my6phs73nmsnlrxp06kgb-bzip2-1.0.8-bin' from 'https://cache.nixos.org'...
copying path '/nix/store/vm55g5jg7ra19gdsxsxr092vpb52ayiz-patch-2.8' from 'https://cache.nixos.org'...
copying path '/nix/store/y1fmsp7vhpdaclpqbsgm2qyl7yixx4ci-file-5.47' from 'https://cache.nixos.org'...
copying path '/nix/store/y5zljns1fbcdgh5pp1szjlw0j11xxvcy-xz-5.8.3-bin' from 'https://cache.nixos.org'...
copying path '/nix/store/7ndy5820h69n1pgd13viph1qjq6zhhkj-libunistring-1.3' from 'https://cache.nixos.org'...
copying path '/nix/store/9l757fsk35sk0zfkjx2nadha552p9z2j-stdenv-linux' from 'https://cache.nixos.org'...
copying path '/nix/store/pr27j8nm0xl52pq4ylncj9kwjw3b84mk-stdenv-linux' from 'https://cache.nixos.org'...
building '/nix/store/xky9nql64hzvzk8vlmi8bpsihnrsa5g2-logos-forum_module-module-metadata.json.drv'...
copying path '/nix/store/wwqyxsvmg41q5ckfvvv6wa50nwvz9dv4-libidn2-2.3.8' from 'https://cache.nixos.org'...
copying path '/nix/store/s7slkhc0jsq6n69npqmzw73diydmwp1a-logos-storage_module-lidl' from 'https://cache.nix.logos.co/public'...
copying path '/nix/store/q9hjkk8br3ixrvy0rjwgzg6mq4vp4rnw-logos-delivery_module-lidl' from 'https://cache.nix.logos.co/public'...
copying path '/nix/store/776irwlgfb65a782cxmyk61pck460fs9-glibc-2.40-66' from 'https://cache.nixos.org'...
copying path '/nix/store/5bb947514lbvidi2ksicnk0lwgmx30mq-mpfr-4.2.2' from 'https://cache.nixos.org'...
copying path '/nix/store/xg2lg3rm18gsrkyzmzzb3608mrvxqxnv-isl-0.20' from 'https://cache.nixos.org'...
copying path '/nix/store/8iim5h6p8lhhxshq9y2yn7yfxzjwc72y-libmpc-1.4.0' from 'https://cache.nixos.org'...
copying path '/nix/store/zrsgdj8xly3463ddxrl4rajk1ysazib5-logos-cpp-sdk-headers-0.2.0' from 'https://cache.nix.logos.co/public'...
copying path '/nix/store/pmhkmqy0vxk47r6ndh0azybhf6gs6k25-gnused-4.9' from 'https://cache.nixos.org'...
copying path '/nix/store/rwns501wzp6lvdxki41xkn5yakjp6gxi-x86_64-w64-mingw32-gcc-15.2.0' from 'https://cache.nixos.org'...
copying path '/nix/store/09sifcahf0j1xnw80k9l33jzcs1p2qbw-zlib-1.3.1' from 'https://cache.nixos.org'...
copying path '/nix/store/0ncz9ijx5slwskb2bbbacygs8apnm6rg-libsodium-1.0.20' from 'https://cache.nixos.org'...
copying path '/nix/store/v40ijzz8p2fpk9ihjck3a1ncqaqfmn3c-file-5.45' from 'https://cache.nixos.org'...
copying path '/nix/store/41ym1jm1b7j3rhglk82gwg9jml26z1km-gcc-14.3.0-lib' from 'https://cache.nixos.org'...
copying path '/nix/store/q7sqwn7i6w2b67adw0bmix29pxg85x3w-bash-5.3p3' from 'https://cache.nixos.org'...
copying path '/nix/store/w24hkb1b9v50r3sgpvmk8kwyi04x7imq-icu4c-76.1' from 'https://cache.nixos.org'...
copying path '/nix/store/zgkdy3sr5bwxcg00m4cs2d4gjm6ghs3i-lndir-1.0.5' from 'https://cache.nixos.org'...
copying path '/nix/store/c5d1pkggxigymvvny0vqb4v7hikglv20-lgx-0.1.0' from 'https://cache.nix.logos.co/public'...
copying path '/nix/store/r82wggrhgs0v2kkp0f2g9jplc4mfh2gq-nlohmann_json-3.11.3' from 'https://cache.nixos.org'...
copying path '/nix/store/gi615r79j260ihhzdkhrg6qva9wfrbyy-openssl-3.5.1' from 'https://cache.nixos.org'...
copying path '/nix/store/a0ziid43hc6sy0qwhni4sx0d34a15gp0-logos-cpp-sdk-lib-0.2.0' from 'https://cache.nix.logos.co/public'...
copying path '/nix/store/nn4b544v4sanvsf22mjiw3qh8mwh6pzh-openssl-3.5.1-bin' from 'https://cache.nixos.org'...
copying path '/nix/store/03nvbw411p097h6yxjghc33rbcrjfb9d-gawk-5.3.2' from 'https://cache.nixos.org'...
copying path '/nix/store/qqfiw89h8j4pilcyqapldzq5vf0vqgxy-openssl-3.5.1-dev' from 'https://cache.nixos.org'...
copying path '/nix/store/8gsxxh82rf957ffbsk0q9670nhvl5lia-gzip-1.14' from 'https://cache.nixos.org'...
copying path '/nix/store/aqdvlkh0jdwkc22hh5vr9sl6qlw5ha74-gnumake-4.4.1' from 'https://cache.nixos.org'...
copying path '/nix/store/gx2l0rnp3qcnysdddkg9dqnh2mz6w08k-patchelf-0.15.2' from 'https://cache.nixos.org'...
copying path '/nix/store/ccihqmbbygsvx7jap8apl5jwp8ipy61y-lndir-1.0.5' from 'https://cache.nixos.org'...
copying path '/nix/store/bxn7mqdrckhjkmvy5ynhybmj0lmdlgb4-zstd-1.5.7' from 'https://cache.nixos.org'...
copying path '/nix/store/mjszfnqrfid0c9b4dnaydkz43cmg23k7-xz-5.8.1' from 'https://cache.nixos.org'...
copying path '/nix/store/x1nn5jrx1im7wmmn1xmpjvyf072s5k75-bzip2-1.0.8' from 'https://cache.nixos.org'...
copying path '/nix/store/y9kgzp85ykrhd7l691w4djx121qygy68-xz-5.8.1-bin' from 'https://cache.nixos.org'...
copying path '/nix/store/x0cccj6ww4hkl1hlirx60f32r13dvfmf-boost-1.87.0' from 'https://cache.nixos.org'...
copying path '/nix/store/6yjb3zdj448rm8qsmpiq3f67kvj5683a-bzip2-1.0.8-bin' from 'https://cache.nixos.org'...
copying path '/nix/store/20cck0r5dvh21c4w7wy8j3f7cc6wb5k2-boost-1.87.0-dev' from 'https://cache.nixos.org'...
copying path '/nix/store/877drgyy4926ps2qfraaxsd49w90bwiz-attr-2.5.2' from 'https://cache.nixos.org'...
copying path '/nix/store/b7pkrm3rv0sydsppr9abs4qsmcm7a4rv-gmp-with-cxx-6.3.0' from 'https://cache.nixos.org'...
copying path '/nix/store/3apspx5fhyb83153axf1b80ifiklgjbh-acl-2.3.2' from 'https://cache.nixos.org'...
copying path '/nix/store/y667mbdld0s8rmb2i493ldyfh3lsgk1y-pcre2-10.44' from 'https://cache.nixos.org'...
copying path '/nix/store/8av8pfs7bnyc6hqj764ns4z1fnr9bva1-gnutar-1.35' from 'https://cache.nixos.org'...
copying path '/nix/store/vlckk0vnmawq9wwh7ndkrwxlpv4h29yh-gnugrep-3.12' from 'https://cache.nixos.org'...
copying path '/nix/store/8ksax0a2mxglr5hlkj2dzl556jx7xqn5-coreutils-9.7' from 'https://cache.nixos.org'...
copying path '/nix/store/71vrsbx9s21j8apvdslva42gcrg7lqb9-x86_64-w64-mingw32-gcc-wrapper-15.2.0' from 'https://cache.nixos.org'...
copying path '/nix/store/xxris3l81hc2c8ibx8fcyimwqpvfh2pp-ed-1.21.1' from 'https://cache.nixos.org'...
copying path '/nix/store/yvcij5baly05dhsfwlc6f2xyz93xkazs-stdenv-linux' from 'https://cache.nixos.org'...
copying path '/nix/store/s2fvny566vls74p4qm9v3fdqd741fh3f-diffutils-3.12' from 'https://cache.nixos.org'...
copying path '/nix/store/856i1ajaci3kmmp15rifacfz3jvn5l3q-patch-2.8' from 'https://cache.nixos.org'...
copying path '/nix/store/l964krgbp613d5jxga2vy5qdssj7zfzj-findutils-4.10.0' from 'https://cache.nixos.org'...
copying path '/nix/store/k0190hq0n1n89h6rxkpkbgrqx5vj0mg5-gnu-config-2024-01-01' from 'https://cache.nixos.org'...
copying path '/nix/store/jvw7sjqpjszz163vsqvwcjfc4i0skc3w-closure-info' from 'https://cache.nixos.org'...
copying path '/nix/store/cil2vgf2zq49v7w9zbipm1a99kflg0yq-libsodium-1.0.22-unstable-2026-04-09-dev' from 'https://cache.nixos.org'...
copying path '/nix/store/jwjq0fjgn7d00kswhaw2m8hbgws5vbi4-update-autotools-gnu-config-scripts-hook' from 'https://cache.nixos.org'...
copying path '/nix/store/h8p3w2ghsj6m4vqk58fd9r42pj8av3gd-logos-view-module-include' from 'https://cache.nix.logos.co/public'...
copying path '/nix/store/lyra3zrdkd9j7rjra9n8r63zxqgpfvg0-logos-view-templates' from 'https://cache.nix.logos.co/public'...
copying path '/nix/store/8yk6k80h03hz8a6743x53xqlcdpafda8-stdenv-linux' from 'https://cache.nixos.org'...
copying path '/nix/store/p09rxlcxr21s9lq7z1rcg5i03kgk9xim-ninja-1.13.2' from 'https://cache.nixos.org'...
copying path '/nix/store/wfillzpa95618bg7vfgliwzgbaq6hb3b-logos-cpp-sdk-headers-x86_64-w64-mingw32-0.2.0' from 'https://cache.nix.logos.co/public'...
copying path '/nix/store/7ak71w1pazjdx43x1qw94da59g2ggjsh-logos-protocol-headers-x86_64-w64-mingw32-0.9.0' from 'https://cache.nix.logos.co/public'...
copying path '/nix/store/3x5r41k9xmk40yn92zn0j65vhl1a33gi-logos-qt-sdk-headers-x86_64-w64-mingw32-0.1.0' from 'https://cache.nix.logos.co/public'...
copying path '/nix/store/6dl4c7yln9ig1y904dm7kzsw9ikq2mfj-nlohmann_json-x86_64-w64-mingw32-3.12.0' from 'https://cache.nixos.org'...
copying path '/nix/store/7d0ipnwnibbxc9153mns8hc800kx3ihg-curl-8.20.0' from 'https://cache.nixos.org'...
copying path '/nix/store/ndfsadq4s7n9d39zv75xdx2jv28lnwr0-lzo-2.10' from 'https://cache.nixos.org'...
copying path '/nix/store/iaz6gxqk4qwlfbhffh7mjsi29bms8hrc-logos-cpp-sdk-lib-x86_64-w64-mingw32-0.2.0' from 'https://cache.nix.logos.co/public'...
copying path '/nix/store/ch8wripczdc6cqcbkpa9s342y32gnxhp-rhash-1.4.6' from 'https://cache.nixos.org'...
copying path '/nix/store/hb0162ab7wxqm1sdfy23zbmgayj1z6aj-libuv-1.52.1' from 'https://cache.nixos.org'...
copying path '/nix/store/mwwr9pw1xqar6a725mnkw3fl5iahyj1m-pixman-0.46.4' from 'https://cache.nixos.org'...
copying path '/nix/store/a87v8ga7jn57rmqs377nhszvmyz1rzdn-libsodium-x86_64-w64-mingw32-1.0.22-unstable-2026-04-09' from 'https://cache.nixos.org'...
copying path '/nix/store/pq8wq6dlxpklzyb0gmk44vjfj8qc39bi-openssl-x86_64-w64-mingw32-3.6.2' from 'https://cache.nixos.org'...
copying path '/nix/store/0jbb8w6zkibl8c4qjybn0ajm9668ginz-mtdev-1.1.7' from 'https://cache.nixos.org'...
copying path '/nix/store/mqa4955l9gx8bvi3laq0l6626bw8z7gc-libsodium-x86_64-w64-mingw32-1.0.22-unstable-2026-04-09-dev' from 'https://cache.nixos.org'...
copying path '/nix/store/2larhas2prhbdmgk47lccvv83d3sb6gg-libpq-18.4' from 'https://cache.nixos.org'...
copying path '/nix/store/nwp0v3ihqr0lkpvhahbz8cacz0kmn0wv-openssl-x86_64-w64-mingw32-3.6.2-bin' from 'https://cache.nixos.org'...
copying path '/nix/store/4b37gbgcbbdm1kvqfbnx989qsz55zzkx-libice-1.1.2' from 'https://cache.nixos.org'...
copying path '/nix/store/657nyvrdribi7if64nhykz0vji7ljn1p-icu4c-76.1' from 'https://cache.nixos.org'...
copying path '/nix/store/70s3p0swvp41ndcq93zcb6np0xx3xd5i-md4c-0.5.2-lib' from 'https://cache.nixos.org'...
copying path '/nix/store/in13pmkbrqrzj3c5cizy5bhacrbj2g2r-openssl-x86_64-w64-mingw32-3.6.2-dev' from 'https://cache.nixos.org'...
copying path '/nix/store/cc98qw6f8xk09spfyp0w2xxzc4nscp0v-libjpeg-turbo-3.1.4' from 'https://cache.nixos.org'...
copying path '/nix/store/clvzgv5kqq953s4azqhkg3ddgpvgl9wc-wayland-1.25.0' from 'https://cache.nixos.org'...
copying path '/nix/store/h2zdwc8khyb0iv1ffb1syk4y1xqj96yk-qttranslations-6.11.1' from 'https://cache.nixos.org'...
copying path '/nix/store/ipfjglzcmi3p9yai048jc0yqsd6ywl3a-double-conversion-3.3.1' from 'https://cache.nixos.org'...
copying path '/nix/store/fm9ga2sqj5mg40v35zn4mcn7sjj8xp9v-lzo-2.10' from 'https://cache.nixos.org'...
copying path '/nix/store/ssshfj3zgwnx3j77spypa7c5v5ixc5sc-pixman-0.46.2' from 'https://cache.nixos.org'...
copying path '/nix/store/kpyiq73aiq90cc4nn4y8v4kw9qzhysbh-libsm-1.2.6' from 'https://cache.nixos.org'...
copying path '/nix/store/rwzchc7pj0521ypkfqvn2bacqb8m6bgs-mariadb-connector-c-3.3.5' from 'https://cache.nixos.org'...
copying path '/nix/store/y5a34h6vgvsc1pmfmvcqfcvxy2grg3hx-vulkan-loader-1.4.341.0' from 'https://cache.nixos.org'...
copying path '/nix/store/yw99kj2gfllair6b5r1vsbj034xicbi1-libb2-0.98.1' from 'https://cache.nixos.org'...
copying path '/nix/store/yzv7lxhgkiggw4yyh4i4igpi5jc43bhk-libpng-apng-1.6.58' from 'https://cache.nixos.org'...
copying path '/nix/store/1n45jia80pf41vhmsgxaspr2zyf1gkf4-libice-1.1.2' from 'https://cache.nixos.org'...
copying path '/nix/store/1qbfh0apn9nv6y3xvm9h5z6mphhjyy6i-unixODBC-2.3.12' from 'https://cache.nixos.org'...
copying path '/nix/store/8bsyjdxv61ha88hjrpgl6nyfjxfqnphx-sqlite-3.50.2' from 'https://cache.nixos.org'...
copying path '/nix/store/8c5qlxhjcjbqmib5gy0ajn0cpn3pz96l-double-conversion-3.3.1' from 'https://cache.nixos.org'...
copying path '/nix/store/acdymp33g8mgllql8s80li89fafakjam-libpng-apng-1.6.49' from 'https://cache.nixos.org'...
copying path '/nix/store/ld48pvj263k06rvljmh8la69ghh11yy0-libjpeg-turbo-3.1.1' from 'https://cache.nixos.org'...
copying path '/nix/store/ndf4ys5nad5naw8v746bx976c7jhsq6v-md4c-0.5.2-lib' from 'https://cache.nixos.org'...
copying path '/nix/store/ppj73b9r7vld4q5ma044j2wzzhgqvj19-libb2-0.98.1' from 'https://cache.nixos.org'...
copying path '/nix/store/scirrfdcp47bhxaaw6n5q9gwlzxd8hcr-brotli-1.1.0-lib' from 'https://cache.nixos.org'...
copying path '/nix/store/vma55wxinv0crfqbi0fiflaqzwg75c3m-qttranslations-6.9.2' from 'https://cache.nixos.org'...
copying path '/nix/store/wzngf2vhv7bhy3zqmq1716lgr7p1cwiq-vulkan-loader-1.4.321.0' from 'https://cache.nixos.org'...
copying path '/nix/store/95gvjj2dq0fn7x95zppnkpbril4djmnn-freetype-2.13.3' from 'https://cache.nixos.org'...
copying path '/nix/store/yg95pqw1c4ff09jnvdkin69zps7rb6kf-mtdev-1.1.7' from 'https://cache.nixos.org'...
copying path '/nix/store/pfaam25wgs7ls2bfmq8mdqdmnhbk7j2f-sqlite-3.51.2-bin' from 'https://cache.nixos.org'...
copying path '/nix/store/qbp2psw4y7cg333ydgrd5l9mah1qsd4a-pkg-config-0.29.2' from 'https://cache.nixos.org'...
copying path '/nix/store/4mnv8i8s1rg1j3ivmwz1xb23dc87qy60-gsettings-desktop-schemas-48.0' from 'https://cache.nixos.org'...
copying path '/nix/store/kmdw440zx9mnvnyxlf73h68dmy72h42k-x86_64-w64-mingw32-pkg-config-wrapper-0.29.2' from 'https://cache.nixos.org'...
copying path '/nix/store/w1cmsd5kg0jsj76cxj1vgfrsw3gk86yh-sqlite-3.51.2-dev' from 'https://cache.nixos.org'...
copying path '/nix/store/sq5p43ziv78vxp51rpaajhvz0584lgqw-pkg-config-wrapper-0.29.2' from 'https://cache.nixos.org'...
copying path '/nix/store/d79izxk2mrmcrx3wzpx2p19dzj98m0sw-libcap-2.76-lib' from 'https://cache.nixos.org'...
copying path '/nix/store/gmym0k5njbill58wygw9n5vbhl0ramw7-db-4.8.30' from 'https://cache.nixos.org'...
copying path '/nix/store/nrsr9inxq0v02ihrm2cfc548yp0i234g-gsettings-desktop-schemas-50.1' from 'https://cache.nixos.org'...
copying path '/nix/store/8lxn5385zrbgamkn3gs0gih2lwgcz91g-systemd-minimal-libs-257.8' from 'https://cache.nixos.org'...
copying path '/nix/store/vndjbn87a9vfv9knzkm18gvx8qmrxy2f-boost-x86_64-w64-mingw32-1.89.0' from 'https://cache.nix.logos.co/public'...
copying path '/nix/store/9ldi4sgha2x2c7mssp83df3ln4hxmdnp-libxml2-x86_64-w64-mingw32-2.15.3' from 'https://cache.nixos.org'...
copying path '/nix/store/cd8rc4rrghkc6z2f2nb152pvppy0xjsj-find-xml-catalogs-hook' from 'https://cache.nixos.org'...
copying path '/nix/store/61wvqlkj92m30wnki32b5y1icqm8wdpf-libdeflate-1.25' from 'https://cache.nixos.org'...
copying path '/nix/store/k9q0wrnif5m9fxvk1rxbz777blpxkqg5-dejavu-fonts-minimal-2.37' from 'https://cache.nixos.org'...
copying path '/nix/store/wdbr9yrvz0vgsii826wlidr48m7rafdf-expat-2.7.1' from 'https://cache.nixos.org'...
copying path '/nix/store/lscizzvxksjpvqd0kjkd04q264qq22yr-fontconfig-2.16.2' from 'https://cache.nixos.org'...
copying path '/nix/store/gcg8vgv846ippc10l2ximay0r6bal97a-expat-2.7.1-dev' from 'https://cache.nixos.org'...
copying path '/nix/store/kld68jc4zmliifsvhq8gwrn85zxr8vr4-fontconfig-2.16.2-lib' from 'https://cache.nixos.org'...
copying path '/nix/store/12xvprmf0k03p7lzpcb4rrbdky1gsjj3-lerc-4.0.0' from 'https://cache.nixos.org'...
copying path '/nix/store/g6n2ix6b3ajv84zrrr8pmkm08j822aqy-libdatrie-2019-12-20-lib' from 'https://cache.nixos.org'...
copying path '/nix/store/zl4ax0cxkdchwax6qdhc762cwmnwafyy-libdeflate-1.24' from 'https://cache.nixos.org'...
copying path '/nix/store/py2xh8hk2dbvgflrmgc6xfnml504ybwx-dejavu-fonts-minimal-2.37' from 'https://cache.nixos.org'...
copying path '/nix/store/7y3nkp1ygncjr2gbyxc3lj4zim1m7qnz-zlib-1.3.2-static' from 'https://cache.nixos.org'...
copying path '/nix/store/36z7msh6ps0hy8l575ai3v0lvsyppja1-fontconfig-2.17.1' from 'https://cache.nixos.org'...
copying path '/nix/store/hiy13xbjr54lx4f7nck27jkrgldvhkbq-freetype-2.14.3' from 'https://cache.nixos.org'...
copying path '/nix/store/abd6znwgd3dhma7bnzdzhdwp22wnj8sw-libselinux-3.8.1' from 'https://cache.nixos.org'...
copying path '/nix/store/mksx1i8qmgxlvxib2myg4d1faz3x7kmx-fontconfig-2.17.1-lib' from 'https://cache.nixos.org'...
copying path '/nix/store/i6a553gjc2i4r4p54qk5mdy3ybsiydwk-libffi-3.5.1' from 'https://cache.nixos.org'...
copying path '/nix/store/qcxrf6hi3afinicfhfi73n3c8y3zlyk0-util-linux-minimal-2.41.1-lib' from 'https://cache.nixos.org'...
copying path '/nix/store/114gyk70x8my82fpcjnxksqbhxxh1j51-libselinux-3.10' from 'https://cache.nixos.org'...
copying path '/nix/store/qfm3kqdbpd289nnmdhd4dis4svd2nzwv-glib-2.84.4' from 'https://cache.nixos.org'...
copying path '/nix/store/7dl2py4dnp4ffj92r1lq0i54ik1v8kzn-glib-2.88.1' from 'https://cache.nixos.org'...
copying path '/nix/store/rbxklxqlr1dqdk63rs658p3mj4z0ywpx-boost-x86_64-w64-mingw32-1.89.0-dev' from 'https://cache.nix.logos.co/public'...
copying path '/nix/store/z8yc7mq9y9pjl06yhqcl93m5anbvl1xy-libsm-1.2.6' from 'https://cache.nixos.org'...
copying path '/nix/store/saybx2945n4rgs0pid63dgangvy4fyq8-dconf-0.40.0-lib' from 'https://cache.nixos.org'...
copying path '/nix/store/w4n6wq0wkg2f4c0d0ndkf37vpfargv1l-dconf-0.49.0-lib' from 'https://cache.nixos.org'...
copying path '/nix/store/zcx9b4kp2ncqhndc75la5yp24j8xqlb2-libiconv-x86_64-w64-mingw32-1.19' from 'https://cache.nixos.org'...
copying path '/nix/store/1hrk7xhpm6h98n0lg1qixfrr2kb96zqs-linux-headers-6.18.7' from 'https://cache.nixos.org'...
copying path '/nix/store/15blk3w6fma5hsxqw76br1v5snd72ndg-libxslt-x86_64-w64-mingw32-1.1.45' from 'https://cache.nixos.org'...
copying path '/nix/store/q5wv2ldpcv5w8yb2wmsngsygvlxb73fk-glibc-2.42-67-dev' from 'https://cache.nixos.org'...
copying path '/nix/store/pa4rv3s2hvg88ddhb62n9sf9vdhax9g8-libxml2-x86_64-w64-mingw32-2.15.3-bin' from 'https://cache.nixos.org'...
copying path '/nix/store/0pzlv9nvifvxz752kyxqdn6lbiqcikgm-libxslt-x86_64-w64-mingw32-1.1.45-bin' from 'https://cache.nixos.org'...
copying path '/nix/store/k1b82rs72af124wmq6nb00nhw5i7ikp7-cmake-4.1.2' from 'https://cache.nixos.org'...
copying path '/nix/store/6ywssag7pi7pnh16gpima8d5icwbais6-lerc-4.1.0' from 'https://cache.nixos.org'...
copying path '/nix/store/l6cfiv9k72iv7m8ihmgp6d1fwiicbswl-iso-codes-4.18.0' from 'https://cache.nixos.org'...
copying path '/nix/store/l7pi2m8xpg1s2nix2xhw5kbwqcrcwhkc-fribidi-1.0.16' from 'https://cache.nixos.org'...
copying path '/nix/store/yb3bf4iyxzjhs51kgj3w7kw42ci9vx3n-wayland-1.24.0' from 'https://cache.nixos.org'...
copying path '/nix/store/2mk1s35j2qlqxd4iwm3isqz5da61vhiq-iso-codes-4.20.1' from 'https://cache.nixos.org'...
copying path '/nix/store/gpgyciv31k1n5z7ip0c12lmyix6l18bq-fribidi-1.0.16' from 'https://cache.nixos.org'...
copying path '/nix/store/mdd6cbrw28ygk8rg2xn8i69dxmpj1n27-graphite2-1.3.14' from 'https://cache.nixos.org'...
copying path '/nix/store/pwi47xzcfzfgzn6s3xlvyk9a0xyrv76v-graphite2-1.3.14' from 'https://cache.nixos.org'...
copying path '/nix/store/4z1k9vq4dgzsa8ifbmdgv1y7wqdqq234-oniguruma-6.9.10-lib' from 'https://cache.nixos.org'...
copying path '/nix/store/j1ymhj0igpi1vyyhh3ylzrggl0pz6qqv-harfbuzz-11.2.1' from 'https://cache.nixos.org'...
copying path '/nix/store/49i3fhgpfffwh3xm3j58ma4z7221sqbq-harfbuzz-13.2.1' from 'https://cache.nixos.org'...
copying path '/nix/store/bzm6nb8fx5p005bygrarn48i6qy1ir3a-jq-1.8.1' from 'https://cache.nixos.org'...
copying path '/nix/store/1vw3n1caad61rdg020qgsil21db98x7j-keyutils-1.6.3-lib' from 'https://cache.nixos.org'...
copying path '/nix/store/8x1h50iwn4f8s997fyvgw68lbbk41iyn-duktape-2.7.0' from 'https://cache.nixos.org'...
copying path '/nix/store/q0pj1dw2nr57y6b4pqljklf0hy20alfj-jq-1.8.1-bin' from 'https://cache.nixos.org'...
copying path '/nix/store/jlf1dhlhcn8xk3swlxc9y3a0yrina46w-krb5-1.22.1-lib' from 'https://cache.nixos.org'...
copying path '/nix/store/3vavalljj18drsycygl361zqz4rryygd-jq-1.8.1-dev' from 'https://cache.nixos.org'...
copying path '/nix/store/hyp4z8ip3s7rnp3s18jkd8sgfrwxkhmz-libpq-17.6' from 'https://cache.nixos.org'...
copying path '/nix/store/vayvc99ff9n0pj4jsvxfdrnv5i4yj9v8-duktape-2.7.0' from 'https://cache.nixos.org'...
copying path '/nix/store/gqy115r3rfasx1i1vq9pvnjyq75q31j9-libxdmcp-1.1.5' from 'https://cache.nixos.org'...
copying path '/nix/store/mcfn4dxh8id3sqq6fhjgh7nd7n1s1rbp-libproxy-0.5.12' from 'https://cache.nixos.org'...
copying path '/nix/store/z33vk6wn8gjndbjx5szwadxckchh3p70-libxau-1.0.12' from 'https://cache.nixos.org'...
copying path '/nix/store/8df4dy2m15wm65f5ksd6rvm5n87jm6vm-libxau-1.0.12' from 'https://cache.nixos.org'...
copying path '/nix/store/3q0df4j93xpcdv69mm8b4ll6rfawkmaf-libxcb-1.17.0' from 'https://cache.nixos.org'...
copying path '/nix/store/lgcbdfspxmgyrxmb06j8cwy3qdlry8xp-libxdmcp-1.1.5' from 'https://cache.nixos.org'...
copying path '/nix/store/v0jl272ii01xf06r1q99c6x2v0yfjf8h-xkeyboard-config-2.45' from 'https://cache.nixos.org'...
copying path '/nix/store/0gnjn6sm2h306pq5951gglan4r6vbfi3-libxcb-render-util-0.3.10' from 'https://cache.nixos.org'...
copying path '/nix/store/xpzd2xmvqpkv1la78qkfpybkfwak27xd-libxcb-1.17.0' from 'https://cache.nixos.org'...
copying path '/nix/store/1rp7sk17sm6463i6j83ljg4f59dajrvf-libxcb-util-0.4.1' from 'https://cache.nixos.org'...
copying path '/nix/store/nj17d3n2y7wp116j7x9p34wg9rsj2nlz-libxcb-keysyms-0.4.1' from 'https://cache.nixos.org'...
copying path '/nix/store/wbffjdah02s7g05sgm9x3xpxnn2mmjxp-libxcb-image-0.4.1' from 'https://cache.nixos.org'...
copying path '/nix/store/bgmsj1bz761jn7wm81aw4gkvavrg5cc8-libxcb-wm-0.4.2' from 'https://cache.nixos.org'...
copying path '/nix/store/bs8x8yjjc9zcwf3xp83g5njarsr6iwdz-libxcb-util-0.4.1' from 'https://cache.nixos.org'...
copying path '/nix/store/flhvh2a7c578zbca9arvn4n2vc2pcgpc-libx11-1.8.13' from 'https://cache.nixos.org'...
copying path '/nix/store/k9c39lb1y750blrkak4n7a91cja9lvpq-libxcb-render-util-0.3.10' from 'https://cache.nixos.org'...
copying path '/nix/store/lap23knfaqyz066bln9pzbrk0vcz11hz-libxcb-keysyms-0.4.1' from 'https://cache.nixos.org'...
copying path '/nix/store/ykjv611d1x5p2jg23j51mhymrq061d6q-libxcb-image-0.4.1' from 'https://cache.nixos.org'...
copying path '/nix/store/j5w94awx63f17csdk9zz0b22mq5ddp7l-libxrender-0.9.12' from 'https://cache.nixos.org'...
copying path '/nix/store/b0dnb18ak3qwrkml30b5a9xcgk1vsb92-libxext-1.3.7' from 'https://cache.nixos.org'...
copying path '/nix/store/q9896fbvl1l8nmxaq8hym58qxgspn3vl-libxcb-cursor-0.1.6' from 'https://cache.nixos.org'...
copying path '/nix/store/6rffq8f7j8f6szmd7wdnyddbm7kgr76h-libglvnd-1.7.0' from 'https://cache.nixos.org'...
copying path '/nix/store/4zwifnznmqsg3zl8y5yyfafwp4sws6rs-cairo-1.18.4' from 'https://cache.nixos.org'...
copying path '/nix/store/sizvgh45aij5lckxc7wzxi13azaixi82-xcb-util-cursor-0.1.5' from 'https://cache.nixos.org'...
copying path '/nix/store/wfna2fx4023769504rjzgn0mz0m6bc0c-libx11-1.8.12' from 'https://cache.nixos.org'...
copying path '/nix/store/xbwjkpn95aa7my0ynssw466y57r27kci-libxcb-wm-0.4.2' from 'https://cache.nixos.org'...
copying path '/nix/store/g3bm7755sljx222d35mc8mhw38gc2p4m-libxi-1.8.2' from 'https://cache.nixos.org'...
copying path '/nix/store/vqviqi56cf6wri18bscgxgx45lwb6mgc-libxext-1.3.6' from 'https://cache.nixos.org'...
copying path '/nix/store/z91n482d5j83vwahjbp7ynrsz2hka8js-libxrender-0.9.12' from 'https://cache.nixos.org'...
copying path '/nix/store/w8q26h5dvhy79fxcsj31iw11sdf09hs6-libXi-1.8.2' from 'https://cache.nixos.org'...
copying path '/nix/store/pgxicv9xgn7y4wlamnlwzh2frlcfi2f5-libglvnd-1.7.0' from 'https://cache.nixos.org'...
copying path '/nix/store/qqp9905idvzszhmkgnd468nbx3ydnk5s-cairo-1.18.4' from 'https://cache.nixos.org'...
copying path '/nix/store/ycsmihpja2k7bcw8kw9r3h9x1a2q0gsg-libXtst-1.2.5' from 'https://cache.nixos.org'...
copying path '/nix/store/gczb0k0hdx7dv6d1f5kp44k5hqrwayqj-libxtst-1.2.5' from 'https://cache.nixos.org'...
copying path '/nix/store/54p2yd34njvrb4y3yq2k14dk0c6db1c2-libepoxy-1.5.10' from 'https://cache.nixos.org'...
copying path '/nix/store/ia7js0riygf22nsxxiw5pwq6yxscz55p-libXcomposite-0.4.6' from 'https://cache.nixos.org'...
copying path '/nix/store/wh2rk89l24k7gaqyi75qjjj6m874gikr-libxfixes-6.0.1' from 'https://cache.nixos.org'...
copying path '/nix/store/xczzyjgbid5krg4wqmgk0zfvdinilwkw-libXinerama-1.1.5' from 'https://cache.nixos.org'...
copying path '/nix/store/y3f8qyplqlr2dq45brdllmfbmq72881k-libxrandr-1.5.4' from 'https://cache.nixos.org'...
copying path '/nix/store/gzwi69v5a7k48sjkvf4c3998kg0ymfrn-libXdamage-1.1.6' from 'https://cache.nixos.org'...
copying path '/nix/store/wh144m9n9l6x0ymkijrschjnxdbfvmmc-libxcursor-1.2.3' from 'https://cache.nixos.org'...
copying path '/nix/store/8mkji51dkg6cmcx79kbj91r54vsc0pdb-libxfixes-6.0.2' from 'https://cache.nixos.org'...
copying path '/nix/store/8ygm3rn55rcybnp45wpg6x80ax4ik51r-libepoxy-1.5.10' from 'https://cache.nixos.org'...
copying path '/nix/store/ahbvjmacrbdm99lp30rvzdszxx917h5y-libxinerama-1.1.6' from 'https://cache.nixos.org'...
copying path '/nix/store/ddrm3mkr7y3974x3pbvbc2b7aypa46j2-libxdamage-1.1.7' from 'https://cache.nixos.org'...
copying path '/nix/store/gf2x0w6knrqsdvz9bs5646qgd9xbh6g8-libxcursor-1.2.3' from 'https://cache.nixos.org'...
copying path '/nix/store/gq2lnqhh6j7d0vxqmg59i1raj1z0z5i4-libxcomposite-0.4.7' from 'https://cache.nixos.org'...
copying path '/nix/store/j9f5ly9l31afxxv1r56gqnf15k1cj8lq-libxrandr-1.5.5' from 'https://cache.nixos.org'...
copying path '/nix/store/zamqz08gyq11cbbi2f3ciwmynkvsfk5n-libxml2-2.14.5' from 'https://cache.nixos.org'...
copying path '/nix/store/czwchfqv2v6v2gm545mhdj03smk50rw0-xkeyboard-config-2.47' from 'https://cache.nixos.org'...
copying path '/nix/store/flx3ldz80vm7ir7rnm9fk48d5bdr56ch-cracklib-2.10.3' from 'https://cache.nixos.org'...
copying path '/nix/store/q90008wvsnvg7jyg9n2gyq2nq2il1q5c-libxkbcommon-1.11.0' from 'https://cache.nixos.org'...
copying path '/nix/store/3kncz3fkk7sv9xc61x096jnbxvxfnx1k-libxkbcommon-1.13.1' from 'https://cache.nixos.org'...
copying path '/nix/store/4qdgw7j7x42pswjnbzffc4hji4cf6d1a-double-conversion-x86_64-w64-mingw32-3.3.1' from 'https://cache.nix.logos.co/public'...
copying path '/nix/store/by7qh781mb6fl321c63sww64hl3fl3gj-pcre2-x86_64-w64-mingw32-10.46' from 'https://cache.nixos.org'...
copying path '/nix/store/d64hpmj3gzzlyy522dxrrdsx3lh5zkv4-libb2-x86_64-w64-mingw32-0.98.1' from 'https://cache.nix.logos.co/public'...
copying path '/nix/store/d7sjwyxcdl132y3s10p9i7r9hdgrq4nr-zstd-x86_64-w64-mingw32-1.5.7-bin' from 'https://cache.nixos.org'...
copying path '/nix/store/j208lz25m32y06c06721qkdl8m5mlv4n-zlib-x86_64-w64-mingw32-1.3.2' from 'https://cache.nixos.org'...
copying path '/nix/store/vhyflv4mrsq2c1xlc5m0yjvll29rffc6-pcre2-x86_64-w64-mingw32-10.46-bin' from 'https://cache.nixos.org'...
copying path '/nix/store/nby25vgms4mvg0rfj55axngwafmpdzx4-libdatrie-2019-12-20-lib' from 'https://cache.nixos.org'...
copying path '/nix/store/rvx9p4dhgbf9ch5lvwfk8pk01zfm6ih2-libXft-2.3.9' from 'https://cache.nixos.org'...
copying path '/nix/store/ll7r0nvlzgfq64s9m53pmjyp9jf3hlvp-libxft-2.3.9' from 'https://cache.nixos.org'...
copying path '/nix/store/51wrmhqzrzs4dyli3zadpi58p0a9c9b9-libthai-0.1.29' from 'https://cache.nixos.org'...
copying path '/nix/store/w159ng8il60abv4m40ilqzx4crzn1yaf-libthai-0.1.30' from 'https://cache.nixos.org'...
copying path '/nix/store/4my6a75b8p1w734w7crqfw69jw7xarla-pkg-config-0.29.2' from 'https://cache.nixos.org'...
copying path '/nix/store/vc37li5p9cmqx5zfhlm6sxmli6qbc346-pango-1.56.3' from 'https://cache.nixos.org'...
copying path '/nix/store/90ln3xz5m2x3r0ykad4mkg9gnwgrjpzg-pango-1.57.1' from 'https://cache.nixos.org'...
copying path '/nix/store/05h9vfzhqf7l6w1xczixici2ldw9y788-pkg-config-wrapper-0.29.2' from 'https://cache.nixos.org'...
copying path '/nix/store/4mxj2wmi9xb81g64wrc7j5sgx5bm0fw0-double-conversion-x86_64-w64-mingw32-3.3.1-dev' from 'https://cache.nix.logos.co/public'...
copying path '/nix/store/7ql7h23vbl6qiz71apwk1xnzjzadn4b9-pcre2-x86_64-w64-mingw32-10.46-dev' from 'https://cache.nixos.org'...
copying path '/nix/store/83izyxvw00pqxi3dxlq81i15957z7wyp-cracklib-2.10.3' from 'https://cache.nixos.org'...
copying path '/nix/store/nmhqlkgaf7dvis48svdqi18lmbgdrmkh-zlib-x86_64-w64-mingw32-1.3.2-dev' from 'https://cache.nixos.org'...
copying path '/nix/store/vh321i7vkiij462q17rwjfhl4apk7lym-libxml2-x86_64-w64-mingw32-2.15.3-dev' from 'https://cache.nixos.org'...
copying path '/nix/store/561yjxd5m0z56r7hpm0vha0g0s640lgk-sqlite-x86_64-w64-mingw32-3.51.2' from 'https://cache.nix.logos.co/public'...
copying path '/nix/store/hfbg80y54s0vwbl5zrjmbqvprr63lm7d-sqlite-x86_64-w64-mingw32-3.51.2-bin' from 'https://cache.nix.logos.co/public'...
copying path '/nix/store/9g35laxm0a43k8ywpj6jwyr5km0jghqv-libxslt-x86_64-w64-mingw32-1.1.45-dev' from 'https://cache.nixos.org'...
copying path '/nix/store/10ahhmqpbmy6rpznpjjadwz8c722a256-libgpg-error-1.55' from 'https://cache.nixos.org'...
copying path '/nix/store/1xkx302ri8lra6bzjy70zs4hpmjfv8wg-util-linux-minimal-2.41.1-mount' from 'https://cache.nixos.org'...
copying path '/nix/store/4jyrpflk1a2pjwg1i8v81gprkzcjwvkh-kmod-31' from 'https://cache.nixos.org'...
copying path '/nix/store/80756r64gv9w9aml3waq5s9lfbplihqr-qrencode-4.1.1' from 'https://cache.nixos.org'...
copying path '/nix/store/bcsfx7baf00f6bldlpshfsd6fnaxi8xx-libxcrypt-4.4.38' from 'https://cache.nixos.org'...
copying path '/nix/store/ckw64m6caai0fc55d1lixsv4bmr1pfd2-sqlite-x86_64-w64-mingw32-3.51.2-dev' from 'https://cache.nix.logos.co/public'...
copying path '/nix/store/cwl3ixd56h52b4hjv5qydxk1izigxcjz-libcap-2.76-lib' from 'https://cache.nixos.org'...
copying path '/nix/store/1cax162px6a0kqh1gqv717kiq38jhf7c-util-linux-minimal-2.41.1-login' from 'https://cache.nixos.org'...
copying path '/nix/store/dww7q4wmgj9x62fnriarqarb3xcaygj3-lz4-1.10.0-lib' from 'https://cache.nixos.org'...
copying path '/nix/store/flqs48a2h0jbls6k3las4qgq7yhbickc-libarchive-3.8.1-lib' from 'https://cache.nixos.org'...
copying path '/nix/store/hq4c9wzzdnxj06f810b5rwkcvv0bb5cf-libgcrypt-1.11.1-lib' from 'https://cache.nixos.org'...
copying path '/nix/store/jap6dd4lrpfjqdv1d335jx9h1anxgyng-libseccomp-2.6.0-lib' from 'https://cache.nixos.org'...
copying path '/nix/store/n9aigl6w7igkdyd6kdwal3n9ys4byp64-libapparmor-4.1.1' from 'https://cache.nixos.org'...
copying path '/nix/store/r8cl93l8s5gk1x4s547vvvrn93zv3z63-util-linux-minimal-2.41.1-swap' from 'https://cache.nixos.org'...
copying path '/nix/store/wfsx9ghfmkmz4zq5gabp0mssr9lgcdxa-kexec-tools-2.0.31' from 'https://cache.nixos.org'...
copying path '/nix/store/y9czkcg5k265nw5zhbafv510wl333z2q-kmod-31-lib' from 'https://cache.nixos.org'...
copying path '/nix/store/z7g4qf35k3rgzm5d7fm6x9g8ahba8x3q-kbd-2.8.0-unstable-2025-08-12' from 'https://cache.nixos.org'...
copying path '/nix/store/xnrzbm6z6v7x1a8n4l9pyvzjr3js9j4f-lvm2-2.03.33-lib' from 'https://cache.nixos.org'...
copying path '/nix/store/5fd78i1yplqk80drr25x68xx5y6hf1vi-libpwquality-1.4.5-lib' from 'https://cache.nixos.org'...
copying path '/nix/store/v3z4bn1pxsg6699y61x86pvzif41m666-publicsuffix-list-0-unstable-2025-07-22' from 'https://cache.nixos.org'...
copying path '/nix/store/9bgw49f2lk2wc3gxizmg987xmgpqplqx-lz4-1.10.0-lib' from 'https://cache.nixos.org'...
copying path '/nix/store/90gx8pfmh6q6bdlk72qls9swk33zbqw6-libjpeg-turbo-x86_64-w64-mingw32-3.1.4' from 'https://cache.nix.logos.co/public'...
copying path '/nix/store/fynagizpw08nvf6icpdyjarbar5p2mcj-kbd-2.9.0' from 'https://cache.nixos.org'...
copying path '/nix/store/dlkag0m5p7b6d6nbhh091hq0s60q6vks-json-c-0.18' from 'https://cache.nixos.org'...
copying path '/nix/store/lfj10jjq7l48m6w8lh0lwj8prbw4b6fq-kmod-31' from 'https://cache.nixos.org'...
copying path '/nix/store/wbds6kqjkmpsnzygah4hx5y8vy3z6cf8-libdaemon-0.14' from 'https://cache.nixos.org'...
copying path '/nix/store/a8phd5lf9wrzgz9mrsg4y3rp7si1yakz-elfutils-0.194' from 'https://cache.nixos.org'...
copying path '/nix/store/q0c41yrzah9pfyd0nnmasalsqh8gbqal-libdaemon-0.14' from 'https://cache.nixos.org'...
copying path '/nix/store/i3dqwabnv7mrzi5xi8x14990n6hg4jb1-libevent-2.1.12' from 'https://cache.nixos.org'...
copying path '/nix/store/r10fg73217nj93v3g4i4qlm9jsgar6ij-json-c-0.18' from 'https://cache.nixos.org'...
copying path '/nix/store/b2f0cn980wsjfh2l1hczga2mlai0djnp-libbpf-1.7.0' from 'https://cache.nixos.org'...
copying path '/nix/store/f75s4c0kgy72iiv3w6pwkqimxvjdnyi6-libjpeg-turbo-x86_64-w64-mingw32-3.1.4-bin' from 'https://cache.nix.logos.co/public'...
copying path '/nix/store/dmd8bw8q30r01lszawp254nf26sc8j5b-cryptsetup-2.8.1' from 'https://cache.nixos.org'...
copying path '/nix/store/viqr1b2gsdgs7fh6qfmkil026nsx3n3z-qrencode-4.1.1' from 'https://cache.nixos.org'...
copying path '/nix/store/4c9lbyb7payh9akmia87v38bi82vdidb-libevent-2.1.12' from 'https://cache.nixos.org'...
copying path '/nix/store/x8n1yb7wh7msk0lvj3xawcw77967pvvy-kmod-31-lib' from 'https://cache.nixos.org'...
copying path '/nix/store/xrnir0r9asp1gyf5qali282gg3l36hlf-libapparmor-4.1.7' from 'https://cache.nixos.org'...
copying path '/nix/store/hdvqaqvh0nbyxvfgkiyxn4k9swrbdx0b-libjpeg-turbo-x86_64-w64-mingw32-3.1.4-dev' from 'https://cache.nix.logos.co/public'...
copying path '/nix/store/rz3ss5filvbbwi9f36g1dw2f95sasqbq-systemd-minimal-260.2' from 'https://cache.nixos.org'...
copying path '/nix/store/yhbxryl6698ig8kzrmgjb4h288m8wyil-kexec-tools-2.0.32' from 'https://cache.nixos.org'...
copying path '/nix/store/7cw0q1x70lh28m2p23mz0b0bglxd3z45-lvm2-2.03.39-lib' from 'https://cache.nixos.org'...
copying path '/nix/store/pshrkr5kn36zn76jvscp0j9rls6wz2ni-icu4c-x86_64-w64-mingw32-76.1' from 'https://cache.nix.logos.co/public'...
copying path '/nix/store/ga7hgba1656wk4hbpyphflnjq2x2997r-cryptsetup-2.8.6' from 'https://cache.nixos.org'...
copying path '/nix/store/b7znxzn9wa1wm20dxz05p8f82xpij1cv-dbus-1.16.2-lib' from 'https://cache.nixos.org'...
copying path '/nix/store/nxwagq28jm15ph8mwyvs4hvjskz4aw7n-icu4c-x86_64-w64-mingw32-76.1-dev' from 'https://cache.nix.logos.co/public'...
copying path '/nix/store/9xw59kidx5dh9b0bzk1why292ww1swkd-libtool-2.5.4-lib' from 'https://cache.nixos.org'...
copying path '/nix/store/s2bjqqzdjs4ji71qm1wwnkiy7g3afdz6-at-spi2-core-2.60.4' from 'https://cache.nixos.org'...
copying path '/nix/store/739zqr9vbg3vqgzil037h18azafdbzd0-avahi-0.8' from 'https://cache.nixos.org'...
copying path '/nix/store/6gq1magqnpdwj3m3pwpvhhj2xg0l86xm-unixodbc-2.3.14' from 'https://cache.nixos.org'...
copying path '/nix/store/165rncxlyi4f9pjf1zk3hmj3mh2v881w-dbus-1.16.2' from 'https://cache.nixos.org'...
copying path '/nix/store/vh93gfvv15gjs6ak9fvgypaq8sff9kzh-libcap-ng-0.8.5' from 'https://cache.nixos.org'...
copying path '/nix/store/7vxs654j460qbxf3idgzwb92g4zwlbwi-dbus-1.16.2-dev' from 'https://cache.nixos.org'...
copying path '/nix/store/j32hl8idyin6cl5050j6lazvcwqpplxy-audit-4.1.1-unstable-2025-08-01-lib' from 'https://cache.nixos.org'...
copying path '/nix/store/kf1v2ncrf1w42640ib6br8d95z40rvxs-giflib-5.2.2' from 'https://cache.nixos.org'...
copying path '/nix/store/gz42kmkrky3w0jki988aa2x0pjhfj56m-linux-pam-1.7.1' from 'https://cache.nixos.org'...
copying path '/nix/store/l6pwiihhn9jkxrm38qvf18b3c4qpd2w4-libwebp-1.6.0' from 'https://cache.nixos.org'...
copying path '/nix/store/8czvbpbjkykiw4kfp84lravx0rc88gkm-libpwquality-1.4.5-lib' from 'https://cache.nixos.org'...
copying path '/nix/store/f51ch3asrp52bly5rdarh3823wfp1x91-libtiff-4.7.1' from 'https://cache.nixos.org'...
copying path '/nix/store/bywdzqksdpfd0kx50k5zvicvkir05s18-libpsl-0.21.5' from 'https://cache.nixos.org'...
copying path '/nix/store/rgr3i966i5wnblv62fvkid3v3lxy1ivb-gdk-pixbuf-2.44.6' from 'https://cache.nixos.org'...
copying path '/nix/store/did4qx8g0fx4kyiyk9imhbbyhdg8mjba-nghttp2-1.66.0-lib' from 'https://cache.nixos.org'...
copying path '/nix/store/va3w14p49xm87pnmxavk4j3imnqzb03m-libssh2-1.11.1' from 'https://cache.nixos.org'...
copying path '/nix/store/4wsbhlx84w65m1666czrmc671i9wxgk3-giflib-5.2.2' from 'https://cache.nixos.org'...
copying path '/nix/store/g3vj4z918zal30klpdd9papkavis01sh-curl-8.14.1' from 'https://cache.nixos.org'...
copying path '/nix/store/xxb70pyyqqhyvhczd6c5fm077ah722wp-libwebp-1.6.0' from 'https://cache.nixos.org'...
copying path '/nix/store/g5fkbz2i5azsgl5w6az4l6fvi5b9iv2a-libproxy-0.5.10' from 'https://cache.nixos.org'...
copying path '/nix/store/ml8334d7m0h6q1z6dx61xz4zhj7scqmz-mariadb-connector-c-3.3.5' from 'https://cache.nixos.org'...
copying path '/nix/store/88fdfl1xvwfnx9sqhxkkfgpwbhn80xfb-libtiff-4.7.0' from 'https://cache.nixos.org'...
copying path '/nix/store/hnzqas16kwcvaj2j5wb4izxdh692f9vn-elfutils-0.193' from 'https://cache.nixos.org'...
copying path '/nix/store/ym535kzfflwz7zhafjs3q9ydrcnng7di-gdk-pixbuf-2.42.12' from 'https://cache.nixos.org'...
copying path '/nix/store/8jgnmlzb820a1bkff5bkwl1qi681qz7n-libbpf-1.6.2' from 'https://cache.nixos.org'...
copying path '/nix/store/sw65zmbjpwij0ln3h2wrvi9pg8iyl2xb-gettext-x86_64-w64-mingw32-1.0' from 'https://cache.nix.logos.co/public'...
copying path '/nix/store/n2k28lkawd29rjds56jnyq70pbdknilc-glibc-2.40-66-getent' from 'https://cache.nixos.org'...
copying path '/nix/store/cjhsw9j1nlryd5vrj28xm1wn1q59iy0w-npth-1.8' from 'https://cache.nixos.org'...
copying path '/nix/store/ah5ms38f9ava60jdwvf6whwbw7663w6l-getent-glibc-2.40-66' from 'https://cache.nixos.org'...
copying path '/nix/store/lww5x725wwazzfp9r5hy8484qdgmmaxp-libassuan-3.0.2' from 'https://cache.nixos.org'...
copying path '/nix/store/12m0v9p2c5pshd8m201z8la0ijd95ri9-gmp-with-cxx-6.3.0' from 'https://cache.nixos.org'...
copying path '/nix/store/nb2k3hzxl438b9l8r13p2s3r9c1wpzzn-gnupg-2.4.8' from 'https://cache.nixos.org'...
copying path '/nix/store/8l7vc3i8rpxfrpgpl0ysriz8ahhaswfi-dns-root-data-2025-04-14' from 'https://cache.nixos.org'...
copying path '/nix/store/fhw4y5vwmmxkq72bl4jkr55iayqvjji7-libtasn1-4.20.0' from 'https://cache.nixos.org'...
copying path '/nix/store/mszd3cfmlqdz864qgc85h24h5r73xg0z-nettle-3.10.2' from 'https://cache.nixos.org'...
copying path '/nix/store/lghfgb8v4ac7vi1bfj2fq74x11jxbh8l-p11-kit-0.25.5' from 'https://cache.nixos.org'...
copying path '/nix/store/ysy40jp0zlni955x2k5dj621c3pxkv74-unbound-1.23.1-lib' from 'https://cache.nixos.org'...
copying path '/nix/store/qa77jydj4h1n2lj4gzshrmkvinkaz3y1-libtasn1-4.21.0' from 'https://cache.nixos.org'...
copying path '/nix/store/v9c75y1hd6yzlgiwvxriigylqgznq3rg-nettle-3.10.2' from 'https://cache.nixos.org'...
copying path '/nix/store/a55chb1mj39mgjcbw0h655ri6dlgd0wl-gnutls-3.8.10' from 'https://cache.nixos.org'...
copying path '/nix/store/d3y9krrxjz9xyrwfr2f71d1yk6ck95yx-p11-kit-0.26.2' from 'https://cache.nixos.org'...
copying path '/nix/store/kh4j2kji7i38viz4h0cf6kbv9fnvhnkg-unbound-1.25.1-lib' from 'https://cache.nixos.org'...
copying path '/nix/store/598h9vdqrzqkjfrkvhndhfx3ksil1qc4-libmicrohttpd-1.0.2' from 'https://cache.nixos.org'...
copying path '/nix/store/790lr6wk5m760ahglbi7fzafqqxc9j3w-pcsclite-2.3.0-lib' from 'https://cache.nixos.org'...
copying path '/nix/store/z49s8zpdckv2jbl1kbzdhl48z3f7hqv7-gnutls-3.8.13' from 'https://cache.nixos.org'...
copying path '/nix/store/zhnnbi2jr3c4jsipl7wm233syzdbf10n-libcbor-0.12.0' from 'https://cache.nixos.org'...
copying path '/nix/store/vb5nfiqv7rw67lv60w0si4n4q2bwmnml-libgpg-error-1.59' from 'https://cache.nixos.org'...
copying path '/nix/store/4spfjgy8lggmpbxwdx99qm7bqj7c8g2m-cups-2.4.19-lib' from 'https://cache.nixos.org'...
copying path '/nix/store/lql1za1wl82nq874j0n9lapdx5jfkawl-libfido2-1.16.0' from 'https://cache.nixos.org'...
copying path '/nix/store/qp14ji38fkmy939yghbwrnn8dpb5ycif-libgcrypt-1.12.2-lib' from 'https://cache.nixos.org'...
copying path '/nix/store/ylirzjzp6fxm8xdp8547kbbshbwydxs2-libmicrohttpd-1.0.2' from 'https://cache.nixos.org'...
copying path '/nix/store/wg6gqk570l5x32hq7plbpkk6lw7svpkj-hwdata-0.398' from 'https://cache.nixos.org'...
copying path '/nix/store/aizrb5ax5kjwh4askhj7svzi0ri70qdk-hwdata-0.406' from 'https://cache.nixos.org'...
copying path '/nix/store/j3v7fsg7hwfyy8ciz7sk5dyqygs235vb-kbd-2.8.0-unstable-2025-08-12' from 'https://cache.nixos.org'...
copying path '/nix/store/x4fn0mq0jx2sy2z9anw0fajaxhy57nwd-libpciaccess-0.18.1' from 'https://cache.nixos.org'...
copying path '/nix/store/w593i6xly4dj24nkd13ldrydm2xwcyp8-libpciaccess-0.19' from 'https://cache.nixos.org'...
copying path '/nix/store/l6l0dawq6d90x1dimwpihl0c21cphhhz-systemd-minimal-257.8' from 'https://cache.nixos.org'...
copying path '/nix/store/h5k131fmpybsz4c5ip83z58m5iafqv0w-libdrm-2.4.125' from 'https://cache.nixos.org'...
copying path '/nix/store/3rjzxgsnsb6qq6xazc8lc3m39vkf0jra-libdrm-2.4.133' from 'https://cache.nixos.org'...
copying path '/nix/store/j2y7wgda7jbczbwkmx7xfmbxcf7clpri-libpng-apng-x86_64-w64-mingw32-1.6.58' from 'https://cache.nix.logos.co/public'...
copying path '/nix/store/wmaqf8a3d2hzljx92sckpa4ivzqh5dcm-dbus-1.14.10-lib' from 'https://cache.nixos.org'...
copying path '/nix/store/7maka2prb59aiishp08wfn7qcw64c0bj-libdrm-2.4.133-bin' from 'https://cache.nixos.org'...
copying path '/nix/store/s9nqr7mipmbi2vgkwkqiriq8ggrrw915-avahi-0.8' from 'https://cache.nixos.org'...
copying path '/nix/store/c96wgx1q0v8j90isavvxm3qah55r45lw-at-spi2-core-2.56.2' from 'https://cache.nixos.org'...
copying path '/nix/store/wm9npw769j5z8zfap6bgfka0rhd6y85c-dbus-1.14.10' from 'https://cache.nixos.org'...
copying path '/nix/store/zkpfddh7v4svk76afsc1bbbvqapzjpir-cups-2.4.12-lib' from 'https://cache.nixos.org'...
copying path '/nix/store/jl06f30bsw7ya4qvlpawjqx23x52hm62-libdrm-2.4.133-dev' from 'https://cache.nixos.org'...
copying path '/nix/store/1h1cz7mqml20pcdwa7a5wi5kv0z5f9jx-dbus-1.14.10-dev' from 'https://cache.nixos.org'...
copying path '/nix/store/wl6c8iv1qc831d69pjf0whzq06cshdwd-libpng-apng-x86_64-w64-mingw32-1.6.58-dev' from 'https://cache.nix.logos.co/public'...
copying path '/nix/store/wq42x6sf3mqxbx641bwh8msmhh5g8bsn-mesa-libgbm-26.0.3' from 'https://cache.nixos.org'...
copying path '/nix/store/azvhvlwl2xf9l1halbcxdfbxzwfrpwr5-graphite2-x86_64-w64-mingw32-1.3.14' from 'https://cache.nix.logos.co/public'...
copying path '/nix/store/7cc1hx3npwz92xc9wxczhcl1yvixpz1w-brotli-x86_64-w64-mingw32-1.2.0' from 'https://cache.nixos.org'...
copying path '/nix/store/h251hf55d9dsjvmkgz9biklsv9gigjlm-harfbuzz-x86_64-w64-mingw32-13.2.1' from 'https://cache.nix.logos.co/public'...
copying path '/nix/store/9wg1widcffg6z8j7x5l5pangwraacdgd-gobject-introspection-1.86.0' from 'https://cache.nixos.org'...
copying path '/nix/store/z71h9qv0cginnysrvrqkdnb9bkwap1z8-graphite2-x86_64-w64-mingw32-1.3.14-dev' from 'https://cache.nix.logos.co/public'...
copying path '/nix/store/dykyzqmyd8jb4288mmpx7aij62d3f7hl-bzip2-x86_64-w64-mingw32-1.0.8' from 'https://cache.nixos.org'...
copying path '/nix/store/ip85a0cqf7x5v5b1ik2ga21xql6hajhf-json-glib-1.10.8' from 'https://cache.nixos.org'...
copying path '/nix/store/jc4y9v7ci45vas65kyl00pzpam3dnbfk-libsoup-3.6.6' from 'https://cache.nixos.org'...
copying path '/nix/store/7jlq3dh1n2a5fjakic3rzh353qy8hry1-json-glib-1.10.6' from 'https://cache.nixos.org'...
copying path '/nix/store/83z8p55rvrxy6nzqgx3jbc2vyp2h4fw0-libsoup-3.6.5' from 'https://cache.nixos.org'...
copying path '/nix/store/7h2q4x2v5aiismlawkrzgrbkzsffqmpj-tinysparql-3.11.1' from 'https://cache.nixos.org'...
copying path '/nix/store/q683hzf36jlwq310v2n15qn4grkxxg41-gobject-introspection-1.84.0' from 'https://cache.nixos.org'...
copying path '/nix/store/25hs1bkz6dxlg4j97r24jwrkw94000zx-libtpms-0.10.2' from 'https://cache.nixos.org'...
copying path '/nix/store/7c73fgj9w0k8qrpq3j1h8h976bk7gqsp-gtk+3-3.24.52' from 'https://cache.nixos.org'...
copying path '/nix/store/rk9kj6nnabvam68pdw7vjj2jxsc0flc8-tinysparql-3.9.2' from 'https://cache.nixos.org'...
copying path '/nix/store/fysmdm45psr9inrf9y0i8l1vvxlc1y0w-tpm2-tss-4.1.3' from 'https://cache.nixos.org'...
copying path '/nix/store/lw4v9xvxyqrabifarmvj36prncj0c947-gtk+3-3.24.49' from 'https://cache.nixos.org'...
copying path '/nix/store/rd05syhv5v5999907a2n1r37sgi19vpd-systemd-260.2' from 'https://cache.nixos.org'...
copying path '/nix/store/89bsxfq70m9zs7pvg0n7bkarpb75m00p-libtpms-0.10.1' from 'https://cache.nixos.org'...
copying path '/nix/store/brlfx0a68jfsqgc32pcz5fd0gx67fa01-zstd-x86_64-w64-mingw32-1.5.7' from 'https://cache.nixos.org'...
copying path '/nix/store/vf0s5s9ai939h9rl2r4ajiv30xgdzglp-tpm2-tss-4.1.3' from 'https://cache.nixos.org'...
copying path '/nix/store/shyld29yq0hw92izwr5d0dsy7lsqg4w4-zstd-x86_64-w64-mingw32-1.5.7-dev' from 'https://cache.nixos.org'...
copying path '/nix/store/acjdidq41qig9khxcm7gx1d7brzjs249-systemd-257.8' from 'https://cache.nixos.org'...
copying path '/nix/store/52m99lna8gism0pfxvj3hrsdp79c01fd-qtlanguageserver-x86_64-w64-mingw32-6.11.1' from 'https://cache.nix.logos.co/public'...
copying path '/nix/store/b1zm7dq5gf2593fmk575wgr0nvr2ngld-qtbase-6.11.1' from 'https://cache.nixos.org'...
copying path '/nix/store/392pdasnd30hclf90swcv9p8sk8hrbzs-glib-x86_64-w64-mingw32-2.88.1' from 'https://cache.nix.logos.co/public'...
copying path '/nix/store/dkfr32yi7p8cdxsnll05q1kax19fl7ay-qtbase-6.9.2' from 'https://cache.nixos.org'...
copying path '/nix/store/08fsx6zsn71aylhjblicjf3dv3xkk309-libffi-x86_64-w64-mingw32-3.5.2' from 'https://cache.nixos.org'...
copying path '/nix/store/pv0kcwwv88yrvmww7jmvjk5yjnlkc2gy-logos-cpp-sdk-generator-0.2.0' from 'https://cache.nix.logos.co/public'...
copying path '/nix/store/3mhlxk6snixvywf63vyc2f8xagqwjq5z-logos-qt-generator-0.1.0' from 'https://cache.nix.logos.co/public'...
copying path '/nix/store/37cfq2xam1c630j4v0wj4r1yly9k258i-qtshadertools-6.11.1' from 'https://cache.nixos.org'...
building '/nix/store/prfbab0w4ivpj0gzn8al7bllajdhwc2a-logos-cpp-sdk.drv'...
/nix/store/zrsgdj8xly3463ddxrl4rajk1ysazib5-logos-cpp-sdk-headers-0.2.0/include:
logos_lp_client.h: Keeping existing link to /nix/store/a0ziid43hc6sy0qwhni4sx0d34a15gp0-logos-cpp-sdk-lib-0.2.0/include/logos_lp_client.h
logos_module_context.h: Keeping existing link to /nix/store/a0ziid43hc6sy0qwhni4sx0d34a15gp0-logos-cpp-sdk-lib-0.2.0/include/logos_module_context.h
logos_async_result.h: Keeping existing link to /nix/store/a0ziid43hc6sy0qwhni4sx0d34a15gp0-logos-cpp-sdk-lib-0.2.0/include/logos_async_result.h
logos_result.h: Keeping existing link to /nix/store/a0ziid43hc6sy0qwhni4sx0d34a15gp0-logos-cpp-sdk-lib-0.2.0/include/logos_result.h
logos_caller.h: Keeping existing link to /nix/store/a0ziid43hc6sy0qwhni4sx0d34a15gp0-logos-cpp-sdk-lib-0.2.0/include/logos_caller.h
logos_host_core.h: Keeping existing link to /nix/store/a0ziid43hc6sy0qwhni4sx0d34a15gp0-logos-cpp-sdk-lib-0.2.0/include/logos_host_core.h
logos_json.h: Keeping existing link to /nix/store/a0ziid43hc6sy0qwhni4sx0d34a15gp0-logos-cpp-sdk-lib-0.2.0/include/logos_json.h
logos_host_services.h: Keeping existing link to /nix/store/a0ziid43hc6sy0qwhni4sx0d34a15gp0-logos-cpp-sdk-lib-0.2.0/include/logos_host_services.h
copying path '/nix/store/3dd40zfmpxiahc6ai6fl4qazps493q46-qtsvg-6.11.1' from 'https://cache.nixos.org'...
copying path '/nix/store/96ilk5zdl50p186bhiifan0v3c2ay8d1-qtbase-x86_64-w64-mingw32-6.11.1' from 'https://cache.nix.logos.co/public'...
copying path '/nix/store/8kajm3yl9p4m6sj8ssl3sazzdyjf5bi3-qtbase-x86_64-w64-mingw32-6.11.1' from 'https://cache.nix.logos.co/public'...
copying path '/nix/store/b6j7b0rnw3fxj8d117icwvvymw91sycl-qtdeclarative-6.11.1' from 'https://cache.nixos.org'...
copying path '/nix/store/6h3x64zbc1x3s1rf8nwms3lphw4jf1hh-logos-cpp-sdk-generator-x86_64-w64-mingw32-0.2.0' from 'https://cache.nix.logos.co/public'...
copying path '/nix/store/dqlrz15kqgw65cvscqmqgz5v1zwr87c9-logos-module-x86_64-w64-mingw32-0.1.0' from 'https://cache.nix.logos.co/public'...
building '/nix/store/wv213r60i4ypi03bb24a6kkf1mkjg72c-logos-cpp-sdk.drv'...
/nix/store/wfillzpa95618bg7vfgliwzgbaq6hb3b-logos-cpp-sdk-headers-x86_64-w64-mingw32-0.2.0/include:
logos_lp_client.h: Keeping existing link to /nix/store/iaz6gxqk4qwlfbhffh7mjsi29bms8hrc-logos-cpp-sdk-lib-x86_64-w64-mingw32-0.2.0/include/logos_lp_client.h
logos_module_context.h: Keeping existing link to /nix/store/iaz6gxqk4qwlfbhffh7mjsi29bms8hrc-logos-cpp-sdk-lib-x86_64-w64-mingw32-0.2.0/include/logos_module_context.h
logos_async_result.h: Keeping existing link to /nix/store/iaz6gxqk4qwlfbhffh7mjsi29bms8hrc-logos-cpp-sdk-lib-x86_64-w64-mingw32-0.2.0/include/logos_async_result.h
logos_result.h: Keeping existing link to /nix/store/iaz6gxqk4qwlfbhffh7mjsi29bms8hrc-logos-cpp-sdk-lib-x86_64-w64-mingw32-0.2.0/include/logos_result.h
logos_caller.h: Keeping existing link to /nix/store/iaz6gxqk4qwlfbhffh7mjsi29bms8hrc-logos-cpp-sdk-lib-x86_64-w64-mingw32-0.2.0/include/logos_caller.h
logos_host_core.h: Keeping existing link to /nix/store/iaz6gxqk4qwlfbhffh7mjsi29bms8hrc-logos-cpp-sdk-lib-x86_64-w64-mingw32-0.2.0/include/logos_host_core.h
logos_json.h: Keeping existing link to /nix/store/iaz6gxqk4qwlfbhffh7mjsi29bms8hrc-logos-cpp-sdk-lib-x86_64-w64-mingw32-0.2.0/include/logos_json.h
logos_host_services.h: Keeping existing link to /nix/store/iaz6gxqk4qwlfbhffh7mjsi29bms8hrc-logos-cpp-sdk-lib-x86_64-w64-mingw32-0.2.0/include/logos_host_services.h
copying path '/nix/store/jv6xakycih5qr2jvxwzjw75az6ljnkrh-qtremoteobjects-x86_64-w64-mingw32-6.11.1' from 'https://cache.nix.logos.co/public'...
copying path '/nix/store/a7yn32bjr496l6ql281ih4ccnmc4pmq6-qtbase-6.9.2-only-plugins-qml' from 'https://cache.nixos.org'...
copying path '/nix/store/w9q0p85mkbzn3qmrrljv1sfwcll6dw9j-logos-protocol-lib-x86_64-w64-mingw32-0.9.0' from 'https://cache.nix.logos.co/public'...
copying path '/nix/store/q4wr0nah93dpr0wkk9j9vxiki735fvph-logos-qt-host-generator-0.1.0' from 'https://cache.nix.logos.co/public'...
building '/nix/store/vhx03sapqkqbi5nmc8iasxc9mg34fjia-logos-protocol.drv'...
/nix/store/7ak71w1pazjdx43x1qw94da59g2ggjsh-logos-protocol-headers-x86_64-w64-mingw32-0.9.0/include:
logos_mode.h: Keeping existing link to /nix/store/w9q0p85mkbzn3qmrrljv1sfwcll6dw9j-logos-protocol-lib-x86_64-w64-mingw32-0.9.0/include/logos_mode.h
logos_protocol.h: Keeping existing link to /nix/store/w9q0p85mkbzn3qmrrljv1sfwcll6dw9j-logos-protocol-lib-x86_64-w64-mingw32-0.9.0/include/logos_protocol.h
copying path '/nix/store/5khnm99cax3wx92mv7c0csn4ql2krfxq-logos-qt-host-x86_64-w64-mingw32-0.1.0' from 'https://cache.nix.logos.co/public'...
copying path '/nix/store/2i75dy6n5mlqizqwslc96ck75rln6y4a-logos-view-generator-0.1.0' from 'https://cache.nix.logos.co/public'...
copying path '/nix/store/jx8zjzc6vk3gwgwbkwnjxvc7grl5vg17-logos-qt-sdk-lib-x86_64-w64-mingw32-0.1.0' from 'https://cache.nix.logos.co/public'...
copying path '/nix/store/nv06bha7wc4ls3hhwm5y6w0ch1w2zwwv-qtshadertools-x86_64-w64-mingw32-6.11.1' from 'https://cache.nix.logos.co/public'...
building '/nix/store/b1adic8vx48498789vg1hn8khfb5sdq4-logos-qt-sdk.drv'...
copying path '/nix/store/sa4863h0zvd6h0pygxvfkyi38zgbmlx3-glib-x86_64-w64-mingw32-2.88.1-bin' from 'https://cache.nix.logos.co/public'...
copying path '/nix/store/i2ilfq4zlrj3hv87v862in3ik6gv3ys4-md4c-x86_64-w64-mingw32-0.5.2-lib' from 'https://cache.nix.logos.co/public'...
copying path '/nix/store/xwp295ypn9rdbxaq10nddr4wwlaylz2k-md4c-x86_64-w64-mingw32-0.5.2' from 'https://cache.nix.logos.co/public'...
copying path '/nix/store/xgm5iqd9ymdzj2iqskqlwl4j0x7idz5p-brotli-x86_64-w64-mingw32-1.2.0-lib' from 'https://cache.nixos.org'...
copying path '/nix/store/ysijynsgpyr91q5j57rs90vwmbyqj7pz-md4c-x86_64-w64-mingw32-0.5.2-dev' from 'https://cache.nix.logos.co/public'...
copying path '/nix/store/jcqd3050npmdbdhbkf4hb6zif7m85zsm-freetype-x86_64-w64-mingw32-2.14.3' from 'https://cache.nix.logos.co/public'...
copying path '/nix/store/s98a2yr1wmsarffl0hcn50r0fh7mdk0l-qtsvg-x86_64-w64-mingw32-6.11.1' from 'https://cache.nix.logos.co/public'...
copying path '/nix/store/wcawd19k7k57vjlvgsdv7fz5l3z0362g-qtremoteobjects-6.11.1' from 'https://cache.nixos.org'...
copying path '/nix/store/pcifd9284mfhpbdnhy8x0bb8pvj5jcsy-harfbuzz-x86_64-w64-mingw32-13.2.1-dev' from 'https://cache.nix.logos.co/public'...
copying path '/nix/store/i625i8dgmdnfn6kdklvlxsj0qamfsxhf-qtdeclarative-x86_64-w64-mingw32-6.11.1' from 'https://cache.nix.logos.co/public'...
copying path '/nix/store/3lamqfgdnds9kfhvak7b266zaqzmw8l6-qtbase-x86_64-w64-mingw32-6.11.1-dev' from 'https://cache.nix.logos.co/public'...
copying path '/nix/store/xkk67wjjskb1m7a6a0svb4b15gp8p8nw-qtlanguageserver-x86_64-w64-mingw32-6.11.1-dev' from 'https://cache.nix.logos.co/public'...
copying path '/nix/store/fjysr4gixcp3yzaq32y6389affgnzb7r-qtshadertools-x86_64-w64-mingw32-6.11.1-dev' from 'https://cache.nix.logos.co/public'...
copying path '/nix/store/vnp5kbd2vsrrlzdlvhvj1dn3z6fpxxnk-qtsvg-x86_64-w64-mingw32-6.11.1-dev' from 'https://cache.nix.logos.co/public'...
copying path '/nix/store/z75kjn599v90bszz2j290qfviz8jdi98-qtdeclarative-x86_64-w64-mingw32-6.11.1-dev' from 'https://cache.nix.logos.co/public'...
copying path '/nix/store/2jaf86cq9giiii2wr6ah451p5n79lj26-qtremoteobjects-x86_64-w64-mingw32-6.11.1-dev' from 'https://cache.nix.logos.co/public'...
building '/nix/store/v2sfk81945h94f9adhvmarwz7zy2yzhf-logos-forum_module-module-lib-x86_64-w64-mingw32-0.1.0.drv'...
Running phase: qtPreHook
Running phase: unpackPhase
unpacking source archive /nix/store/h4py7p0njk0nyb83mzmr26a2rsmgygiq-wng8is68dhfphda594p6sfifm8hqxphg-source
source root is wng8is68dhfphda594p6sfifm8hqxphg-source
Running phase: patchPhase
Running phase: updateAutotoolsGnuConfigScriptsPhase
Running phase: configurePhase
Running logos-cpp-generator (api-style=qt)...
Generating deps from LIDL: delivery_module, storage_module
Detected locale "C" with character encoding "ANSI_X3.4-1968", which is not UTF-8.
Qt depends on a UTF-8 locale, and has switched to "C.UTF-8" instead.
If this causes problems, reconfigure your locale. See the locale(1) manual
for more information.
Generated logos_sdk.h and logos_sdk.cpp
Running logos-qt-generator --backend consumer for the Qt-typed dependency wrappers...
Detected locale "C" with character encoding "ANSI_X3.4-1968", which is not UTF-8.
Qt depends on a UTF-8 locale, and has switched to "C.UTF-8" instead.
If this causes problems, reconfigure your locale. See the locale(1) manual
for more information.
Generated: ./generated_code/delivery_module_api.h
Generated: ./generated_code/delivery_module_api.cpp
Detected locale "C" with character encoding "ANSI_X3.4-1968", which is not UTF-8.
Qt depends on a UTF-8 locale, and has switched to "C.UTF-8" instead.
If this causes problems, reconfigure your locale. See the locale(1) manual
for more information.
Generated: ./generated_code/storage_module_api.h
Generated: ./generated_code/storage_module_api.cpp
Checking generated files in generated_code:
total 196
drwxr-xr-x 2 nixbld1 nixbld  4096 Oct  4 19:11 .
drwxr-xr-x 9 nixbld1 nixbld  4096 Oct  4 19:11 ..
-rw-r--r-- 1 nixbld1 nixbld 61780 Oct  4 19:11 delivery_module_api.cpp
-rw-r--r-- 1 nixbld1 nixbld 12269 Oct  4 19:11 delivery_module_api.h
-rw-r--r-- 1 nixbld1 nixbld    94 Oct  4 19:11 logos_sdk.cpp
-rw-r--r-- 1 nixbld1 nixbld   363 Oct  4 19:11 logos_sdk.h
-rw-r--r-- 1 nixbld1 nixbld 87563 Oct  4 19:11 storage_module_api.cpp
-rw-r--r-- 1 nixbld1 nixbld 15623 Oct  4 19:11 storage_module_api.h
Creating include directory and moving generated files...
Generated include directory:
total 196
drwxr-xr-x 2 nixbld1 nixbld  4096 Oct  4 19:11 .
drwxr-xr-x 3 nixbld1 nixbld  4096 Oct  4 19:11 ..
-rw-r--r-- 1 nixbld1 nixbld 61780 Oct  4 19:11 delivery_module_api.cpp
-rw-r--r-- 1 nixbld1 nixbld 12269 Oct  4 19:11 delivery_module_api.h
-rw-r--r-- 1 nixbld1 nixbld    94 Oct  4 19:11 logos_sdk.cpp
-rw-r--r-- 1 nixbld1 nixbld   363 Oct  4 19:11 logos_sdk.h
-rw-r--r-- 1 nixbld1 nixbld 87563 Oct  4 19:11 storage_module_api.cpp
-rw-r--r-- 1 nixbld1 nixbld 15623 Oct  4 19:11 storage_module_api.h
Stamped logos_protocol_version=0.9.0 into metadata.json
logos-module-builder: generating ui plugin glue (forum_module)...
Detected locale "C" with character encoding "ANSI_X3.4-1968", which is not UTF-8.
Qt depends on a UTF-8 locale, and has switched to "C.UTF-8" instead.
If this causes problems, reconfigure your locale. See the locale(1) manual
for more information.
Generated: ./generated_code/forum_module_ui_interface.h
Generated: ./generated_code/forum_module_ui_glue.h
Generated: ./generated_code/forum_module_ui_glue.cpp
cmake flags: -GNinja -DCMAKE_FIND_USE_SYSTEM_PACKAGE_REGISTRY=OFF -DCMAKE_FIND_USE_PACKAGE_REGISTRY=OFF -DCMAKE_EXPORT_NO_PACKAGE_REGISTRY=ON -DCMAKE_BUILD_TYPE=Release -DBUILD_TESTING=OFF -DCMAKE_INSTALL_LOCALEDIR=/nix/store/y0ibqnb8wbjdzrnhxl4rawd92h7lnpmr-logos-forum_module-module-lib-x86_64-w64-mingw32-0.1.0/share/locale -DCMAKE_INSTALL_LIBEXECDIR=/nix/store/y0ibqnb8wbjdzrnhxl4rawd92h7lnpmr-logos-forum_module-module-lib-x86_64-w64-mingw32-0.1.0/libexec -DCMAKE_INSTALL_LIBDIR=/nix/store/y0ibqnb8wbjdzrnhxl4rawd92h7lnpmr-logos-forum_module-module-lib-x86_64-w64-mingw32-0.1.0/lib -DCMAKE_INSTALL_DOCDIR=/nix/store/y0ibqnb8wbjdzrnhxl4rawd92h7lnpmr-logos-forum_module-module-lib-x86_64-w64-mingw32-0.1.0/share/doc/ForumPlugin -DCMAKE_INSTALL_INFODIR=/nix/store/y0ibqnb8wbjdzrnhxl4rawd92h7lnpmr-logos-forum_module-module-lib-x86_64-w64-mingw32-0.1.0/share/info -DCMAKE_INSTALL_MANDIR=/nix/store/y0ibqnb8wbjdzrnhxl4rawd92h7lnpmr-logos-forum_module-module-lib-x86_64-w64-mingw32-0.1.0/share/man -DCMAKE_INSTALL_INCLUDEDIR=/nix/store/y0ibqnb8wbjdzrnhxl4rawd92h7lnpmr-logos-forum_module-module-lib-x86_64-w64-mingw32-0.1.0/include -DCMAKE_INSTALL_SBINDIR=/nix/store/y0ibqnb8wbjdzrnhxl4rawd92h7lnpmr-logos-forum_module-module-lib-x86_64-w64-mingw32-0.1.0/sbin -DCMAKE_INSTALL_BINDIR=/nix/store/y0ibqnb8wbjdzrnhxl4rawd92h7lnpmr-logos-forum_module-module-lib-x86_64-w64-mingw32-0.1.0/bin -DCMAKE_INSTALL_NAME_DIR=/nix/store/y0ibqnb8wbjdzrnhxl4rawd92h7lnpmr-logos-forum_module-module-lib-x86_64-w64-mingw32-0.1.0/lib -DCMAKE_STRIP=/nix/store/71vrsbx9s21j8apvdslva42gcrg7lqb9-x86_64-w64-mingw32-gcc-wrapper-15.2.0/bin/x86_64-w64-mingw32-strip -DCMAKE_RANLIB=/nix/store/71vrsbx9s21j8apvdslva42gcrg7lqb9-x86_64-w64-mingw32-gcc-wrapper-15.2.0/bin/x86_64-w64-mingw32-ranlib -DCMAKE_AR=/nix/store/71vrsbx9s21j8apvdslva42gcrg7lqb9-x86_64-w64-mingw32-gcc-wrapper-15.2.0/bin/x86_64-w64-mingw32-ar -DCMAKE_C_COMPILER=x86_64-w64-mingw32-gcc -DCMAKE_CXX_COMPILER=x86_64-w64-mingw32-g++ -DCMAKE_INSTALL_PREFIX=/nix/store/y0ibqnb8wbjdzrnhxl4rawd92h7lnpmr-logos-forum_module-module-lib-x86_64-w64-mingw32-0.1.0 -GNinja -DLOGOS_MODULE_ROOT=/nix/store/dqlrz15kqgw65cvscqmqgz5v1zwr87c9-logos-module-x86_64-w64-mingw32-0.1.0 -DQT_HOST_PATH=/nix/store/b1zm7dq5gf2593fmk575wgr0nvr2ngld-qtbase-6.11.1 -DQT_ADDITIONAL_HOST_PACKAGES_PREFIX_PATH=/nix/store/b1zm7dq5gf2593fmk575wgr0nvr2ngld-qtbase-6.11.1\;/nix/store/wcawd19k7k57vjlvgsdv7fz5l3z0362g-qtremoteobjects-6.11.1\;/nix/store/b6j7b0rnw3fxj8d117icwvvymw91sycl-qtdeclarative-6.11.1\;/nix/store/37cfq2xam1c630j4v0wj4r1yly9k258i-qtshadertools-6.11.1\;/nix/store/3dd40zfmpxiahc6ai6fl4qazps493q46-qtsvg-6.11.1 -DLOGOS_CPP_SDK_ROOT=/nix/store/vgmr19kxw5hjc8175d6rrng5r3abx9r2-logos-cpp-sdk -DLOGOS_QT_SDK_ROOT=/nix/store/vbdhqa9ndm59x250gbkrqvgbkmin9fiz-logos-qt-sdk -DLOGOS_QT_HOST_ROOT=/nix/store/5khnm99cax3wx92mv7c0csn4ql2krfxq-logos-qt-host-x86_64-w64-mingw32-0.1.0 -DLOGOS_PROTOCOL_ROOT=/nix/store/spsl1n4l1nkjwy3xpw45w5nfrs2ywsa8-logos-protocol -DLOGOS_VIEW_TEMPLATE_DIR=/nix/store/lyra3zrdkd9j7rjra9n8r63zxqgpfvg0-logos-view-templates -DLOGOS_VIEW_INCLUDE_DIR=/nix/store/h8p3w2ghsj6m4vqk58fd9r42pj8av3gd-logos-view-module-include -DCMAKE_SYSTEM_NAME=Windows -DCMAKE_SYSTEM_PROCESSOR=x86_64 -DCMAKE_HOST_SYSTEM_NAME=Linux -DCMAKE_HOST_SYSTEM_PROCESSOR=x86_64
-- The CXX compiler identification is GNU 15.2.0
-- Detecting CXX compiler ABI info
-- Detecting CXX compiler ABI info - done
-- Check for working CXX compiler: /nix/store/71vrsbx9s21j8apvdslva42gcrg7lqb9-x86_64-w64-mingw32-gcc-wrapper-15.2.0/bin/x86_64-w64-mingw32-g++ - skipped
-- Detecting CXX compile features
-- Detecting CXX compile features - done
-- LogosModule.cmake: /nix/store/wfvnsjzflhgh2mihmj16yx655x8zqhk3-fi97x4xl2saxayr1qrynyycm45ifshqg-source/cmake/LogosModule.cmake
-- Found logos-module at: /nix/store/dqlrz15kqgw65cvscqmqgz5v1zwr87c9-logos-module-x86_64-w64-mingw32-0.1.0
-- Found logos-cpp-sdk at: /nix/store/vgmr19kxw5hjc8175d6rrng5r3abx9r2-logos-cpp-sdk
-- Found logos-qt-sdk at: /nix/store/vbdhqa9ndm59x250gbkrqvgbkmin9fiz-logos-qt-sdk
-- Found logos-protocol at: /nix/store/spsl1n4l1nkjwy3xpw45w5nfrs2ywsa8-logos-protocol
-- Qt host runtime: logos-qt-host::logos_qt_host at /nix/store/5khnm99cax3wx92mv7c0csn4ql2krfxq-logos-qt-host-x86_64-w64-mingw32-0.1.0
-- Performing Test CMAKE_HAVE_LIBC_PTHREAD
-- Performing Test CMAKE_HAVE_LIBC_PTHREAD - Failed
-- Check if compiler accepts -pthread
-- Check if compiler accepts -pthread - no
-- Looking for pthread_create in pthreads
-- Looking for pthread_create in pthreads - not found
-- Looking for pthread_create in pthread
-- Looking for pthread_create in pthread - not found
-- Found Threads: TRUE
-- Performing Test HAVE_STDATOMIC
-- Performing Test HAVE_STDATOMIC - Success
-- Found WrapAtomic: TRUE
CMake Warning (dev) at /nix/store/k1b82rs72af124wmq6nb00nhw5i7ikp7-cmake-4.1.2/share/cmake-4.1/Modules/CMakeFindDependencyMacro.cmake:78 (find_package):
  Policy CMP0167 is not set: The FindBoost module is removed.  Run "cmake
  --help-policy CMP0167" for policy details.  Use the cmake_policy command to
  set the policy and suppress this warning.

Call Stack (most recent call first):
  /nix/store/spsl1n4l1nkjwy3xpw45w5nfrs2ywsa8-logos-protocol/lib/cmake/logos-protocol/logos-protocolConfig.cmake:48 (find_dependency)
  /nix/store/wfvnsjzflhgh2mihmj16yx655x8zqhk3-fi97x4xl2saxayr1qrynyycm45ifshqg-source/cmake/LogosModule.cmake:622 (find_package)
  CMakeLists.txt:16 (logos_module)
This warning is for project developers.  Use -Wno-dev to suppress it.

-- Found Boost: /nix/store/rbxklxqlr1dqdk63rs658p3mj4z0ywpx-boost-x86_64-w64-mingw32-1.89.0-dev/lib/cmake/Boost-1.89.0/BoostConfig.cmake (found version "1.89.0")
CMake Warning (dev) at /nix/store/spsl1n4l1nkjwy3xpw45w5nfrs2ywsa8-logos-protocol/lib/cmake/logos-protocol/logos-protocolConfig.cmake:49 (find_package):
  Policy CMP0167 is not set: The FindBoost module is removed.  Run "cmake
  --help-policy CMP0167" for policy details.  Use the cmake_policy command to
  set the policy and suppress this warning.

Call Stack (most recent call first):
  /nix/store/wfvnsjzflhgh2mihmj16yx655x8zqhk3-fi97x4xl2saxayr1qrynyycm45ifshqg-source/cmake/LogosModule.cmake:622 (find_package)
  CMakeLists.txt:16 (logos_module)
This warning is for project developers.  Use -Wno-dev to suppress it.

-- Found OpenSSL: /nix/store/pq8wq6dlxpklzyb0gmk44vjfj8qc39bi-openssl-x86_64-w64-mingw32-3.6.2/lib/libcrypto.dll.a (found version "3.6.2")
-- Found nlohmann_json: /nix/store/6dl4c7yln9ig1y904dm7kzsw9ikq2mfj-nlohmann_json-x86_64-w64-mingw32-3.12.0/share/cmake/nlohmann_json/nlohmann_jsonConfig.cmake (found version "3.12.0")
CMake Warning (dev) at /nix/store/spsl1n4l1nkjwy3xpw45w5nfrs2ywsa8-logos-protocol/lib/cmake/logos-protocol/logos-protocolConfig.cmake:49 (find_package):
  Policy CMP0167 is not set: The FindBoost module is removed.  Run "cmake
  --help-policy CMP0167" for policy details.  Use the cmake_policy command to
  set the policy and suppress this warning.

Call Stack (most recent call first):
  /nix/store/k1b82rs72af124wmq6nb00nhw5i7ikp7-cmake-4.1.2/share/cmake-4.1/Modules/CMakeFindDependencyMacro.cmake:78 (find_package)
  /nix/store/5khnm99cax3wx92mv7c0csn4ql2krfxq-logos-qt-host-x86_64-w64-mingw32-0.1.0/lib/cmake/logos-qt-host/logos-qt-hostConfig.cmake:34 (find_dependency)
  /nix/store/wfvnsjzflhgh2mihmj16yx655x8zqhk3-fi97x4xl2saxayr1qrynyycm45ifshqg-source/cmake/LogosModule.cmake:625 (find_package)
  CMakeLists.txt:16 (logos_module)
This warning is for project developers.  Use -Wno-dev to suppress it.

-- Logos module forum_module: replica factory plugin from src/forum_module.rep (class Forum, QML Logos.Forum.Forum)
-- Logos module forum_module configured successfully
-- Configuring done (4.4s)
-- Generating done (0.1s)
CMake Warning:
  Manually-specified variables were not used by the project:

    BUILD_TESTING
    CMAKE_C_COMPILER
    CMAKE_EXPORT_NO_PACKAGE_REGISTRY


-- Build files have been written to: /nix/var/nix/builds/nix-43-2583307801/wng8is68dhfphda594p6sfifm8hqxphg-source/build
cmake: enabled parallel building
cmake: enabled parallel installing
Running phase: buildPhase
build flags: -j4
[0/2] Re-checking globbed directories...
[1/20] Automatic MOC for target forum_module_replica_factory
[2/20] Automatic MOC for target forum_module_module_plugin
[3/20] Generating rep_forum_module_replica.h
FAILED: [code=139] rep_forum_module_replica.h /nix/var/nix/builds/nix-43-2583307801/wng8is68dhfphda594p6sfifm8hqxphg-source/build/rep_forum_module_replica.h 
cd /nix/var/nix/builds/nix-43-2583307801/wng8is68dhfphda594p6sfifm8hqxphg-source/build && /nix/store/wcawd19k7k57vjlvgsdv7fz5l3z0362g-qtremoteobjects-6.11.1/libexec/repc -o replica /nix/var/nix/builds/nix-43-2583307801/wng8is68dhfphda594p6sfifm8hqxphg-source/src/forum_module.rep /nix/var/nix/builds/nix-43-2583307801/wng8is68dhfphda594p6sfifm8hqxphg-source/build/rep_forum_module_replica.h
[4/20] Generating rep_forum_module_source.h
FAILED: [code=139] rep_forum_module_source.h /nix/var/nix/builds/nix-43-2583307801/wng8is68dhfphda594p6sfifm8hqxphg-source/build/rep_forum_module_source.h 
cd /nix/var/nix/builds/nix-43-2583307801/wng8is68dhfphda594p6sfifm8hqxphg-source/build && /nix/store/wcawd19k7k57vjlvgsdv7fz5l3z0362g-qtremoteobjects-6.11.1/libexec/repc -o source /nix/var/nix/builds/nix-43-2583307801/wng8is68dhfphda594p6sfifm8hqxphg-source/src/forum_module.rep /nix/var/nix/builds/nix-43-2583307801/wng8is68dhfphda594p6sfifm8hqxphg-source/build/rep_forum_module_source.h
ninja: build stopped: subcommand failed.
error: Cannot build '/nix/store/v2sfk81945h94f9adhvmarwz7zy2yzhf-logos-forum_module-module-lib-x86_64-w64-mingw32-0.1.0.drv'.
       Reason: builder failed with exit code 139.
       Output paths:
         /nix/store/y0ibqnb8wbjdzrnhxl4rawd92h7lnpmr-logos-forum_module-module-lib-x86_64-w64-mingw32-0.1.0
error: Cannot build '/nix/store/kr2wallg4w3j96nlkxqrz095fw12a9hq-logos-forum_module-module.drv'.
       Reason: 1 dependency failed.
       Output paths:
         /nix/store/zfr1f4nhxjr3llmm5zpinxa6xhz6zvhy-logos-forum_module-module
error: Cannot build '/nix/store/gpdr623xfps6p30yy2x5fdh26x2sffip-logos-forum_module-module-win-payload.drv'.
       Reason: 1 dependency failed.
       Output paths:
         /nix/store/yclacdvcymm969p26gsg0f0nm8vxiz18-logos-forum_module-module-win-payload
error: Cannot build '/nix/store/19qrpc0l47l4i1c54fkc6fmkyglvbylr-logos-forum_module-module-lgx-x86_64-w64-mingw32-0.1.0.drv'.
       Reason: 1 dependency failed.
       Output paths:
         /nix/store/liz9kh2dc4wjnd2njkkjkliq976xhdbd-logos-forum_module-module-lgx-x86_64-w64-mingw32-0.1.0
