run-logos-standalone-ui: hot-reloading QML from <repo>/src/qml
  (export DEV_QML_PATH to override, or LOGOS_QML_HOT_RELOAD=0 to disable)
Session directory: "~/Library/Application Support/Logos/LogosStandalone"
[2026-10-04 18:25:35.746] [info] [logos] Granting host services to 'capability_module': token_registry,token_delivery
[2026-10-04 18:25:35.773] [out] [capability_module] [2026-10-04 18:25:35.773] [info] Granting host services to capability_module: ["token_registry","token_delivery"]
RemoteTransportConnection: Connecting to registry: "local:logos_capability_module_033bff84316a" at "18:25:35.774"
RemoteTransportConnection: Registry connect attempt started (no peer contact yet): "local:logos_capability_module_033bff84316a"
LogosAPIConsumer: Informing module token for module: "capability_module" with token: "redacted:7d50c720…"
RemoteTransportConnection: Requesting object: "capability_module" at "18:25:35.774"
[LogosObject] RemoteTransportConnection: returning RemoteLogosObject for: "capability_module"
[LogosObject] Created RemoteLogosObject wrapping QRemoteObjectReplica 105553174954560
[LogosObject] LogosAPIConsumer: calling LogosObject::informModuleToken for "capability_module"
LogosAPIConsumer: informModuleToken completed with result: true
[LogosObject] Destroying RemoteLogosObject 0
[2026-10-04 18:25:35.774] [info] [logos] Module loaded: capability_module
LogosAPIConsumer: Informing module token for module: "modules_state" with token: "redacted:fd581d11…"
RemoteTransportConnection: Requesting object: "capability_module" at "18:25:35.801"
[LogosObject] RemoteTransportConnection: returning RemoteLogosObject for: "capability_module"
[LogosObject] Created RemoteLogosObject wrapping QRemoteObjectReplica 105553174970368
[LogosObject] LogosAPIConsumer: calling LogosObject::informModuleToken for "modules_state"
LogosAPIConsumer: informModuleToken completed with result: true
[LogosObject] Destroying RemoteLogosObject 0
[2026-10-04 18:25:35.801] [info] [logos] Module loaded: modules_state
RemoteTransportConnection: Connecting to registry: "local:logos_modules_state_033bff84316a" at "18:25:35.801"
RemoteTransportConnection: Registry connect attempt started (no peer contact yet): "local:logos_modules_state_033bff84316a"
RemoteTransportConnection: Connecting to registry: "local:logos_capability_module_033bff84316a" at "18:25:35.801"
RemoteTransportConnection: Registry connect attempt started (no peer contact yet): "local:logos_capability_module_033bff84316a"
LogosAPIConsumer: '"modules_state"::""' deferred pending the module becoming reachable
LogosAPIConsumer: '"modules_state"::""' deferred pending the module becoming reachable
Logos Core started (modules dir: "/nix/store/4v2cj5cr5dlsjb9cl0blr0cds0qf07iv-logos-forum_module-plugin-dir-modules" )
Set app icon from metadata: "/nix/store/0qnbr8sh9kp4h3q230appx22j4s532mb-logos-forum_module-plugin-dir/src/icons/icon.png"
[2026-10-04 18:25:35.828] [info] [logos] [delivery_module] DeliveryModuleImpl: Initializing...
LogosAPIConsumer: Informing module token for module: "delivery_module" with token: "redacted:54dc5aef…"
RemoteTransportConnection: Requesting object: "capability_module" at "18:25:35.829"
[LogosObject] RemoteTransportConnection: returning RemoteLogosObject for: "capability_module"
[LogosObject] Created RemoteLogosObject wrapping QRemoteObjectReplica 105553174907680
[LogosObject] LogosAPIConsumer: calling LogosObject::informModuleToken for "delivery_module"
LogosAPIConsumer: informModuleToken completed with result: true
[LogosObject] Destroying RemoteLogosObject 0
[2026-10-04 18:25:35.829] [info] [logos] Module loaded: delivery_module
RemoteTransportConnection: Connecting to registry: "local:logos_delivery_module_033bff84316a" at "18:25:35.829"
RemoteTransportConnection: Registry connect attempt started (no peer contact yet): "local:logos_delivery_module_033bff84316a"
RemoteTransportConnection: Connecting to registry: "local:logos_capability_module_033bff84316a" at "18:25:35.829"
RemoteTransportConnection: Registry connect attempt started (no peer contact yet): "local:logos_capability_module_033bff84316a"
LogosAPIConsumer: '"delivery_module"::""' deferred pending the module becoming reachable
LogosAPIClient: getToken for module: "modules_state"
LogosAPIClient: Found token for module: "modules_state"
RemoteTransportConnection: Requesting object: "modules_state" at "18:25:35.829"
[LogosObject] RemoteTransportConnection: returning RemoteLogosObject for: "modules_state"
[LogosObject] Created RemoteLogosObject wrapping QRemoteObjectReplica 105553174908960
[LogosObject] LogosAPIConsumer: async calling via LogosObject::callMethodAsync "note_transition"
[LogosObject] RemoteLogosObject::callMethodAsync "note_transition" args: 7
LogosAPIClient: getToken for module: "modules_state"
LogosAPIClient: Found token for module: "modules_state"
[LogosObject] LogosAPIConsumer: async calling via LogosObject::callMethodAsync "note_transition"
[LogosObject] RemoteLogosObject::callMethodAsync "note_transition" args: 7
Loaded dependency (with transitive deps): "delivery_module"
[2026-10-04 18:25:35.853] [info] [logos] [storage_module] StorageModuleImpl: Initializing...
LogosAPIConsumer: Informing module token for module: "storage_module" with token: "redacted:172569b0…"
RemoteTransportConnection: Requesting object: "capability_module" at "18:25:35.854"
[LogosObject] Created RemoteLogosObject wrapping QRemoteObjectReplica 105553174955808
LogosAPIClient: invoking remote method "modules_state" "apply_snapshot" args_count: 1
LogosAPIClient: getToken for module: "modules_state"
LogosAPIClient: Found token for module: "modules_state"
LogosAPIConsumer: Calling invokeRemoteMethod: "modules_state" "apply_snapshot" args_count: 1 timeout: 20000
[LogosObject] LogosAPIConsumer: calling via LogosObject::callMethod "apply_snapshot"
[LogosObject] RemoteLogosObject::callMethod "apply_snapshot" args: 1
[LogosObject] Created RemoteLogosObject wrapping QRemoteObjectReplica 105553174908736
LogosAPIClient: getToken for module: "modules_state"
LogosAPIClient: Found token for module: "modules_state"
[LogosObject] LogosAPIConsumer: async calling via LogosObject::callMethodAsync "note_transition"
[LogosObject] RemoteLogosObject::callMethodAsync "note_transition" args: 7
LogosAPIClient: getToken for module: "modules_state"
LogosAPIClient: Found token for module: "modules_state"
[LogosObject] LogosAPIConsumer: async calling via LogosObject::callMethodAsync "note_transition"
[LogosObject] RemoteLogosObject::callMethodAsync "note_transition" args: 7
[2026-10-04 18:25:35.853] [info] [logos] Pushed module snapshot to modules_state
LogosAPIClient: getToken for module: "modules_state"
LogosAPIClient: Found token for module: "modules_state"
[LogosObject] LogosAPIConsumer: async calling via LogosObject::callMethodAsync "note_transition"
[LogosObject] RemoteLogosObject::callMethodAsync "note_transition" args: 7
[LogosObject] RemoteTransportConnection: returning RemoteLogosObject for: "capability_module"
[LogosObject] Created RemoteLogosObject wrapping QRemoteObjectReplica 105553174880800
[LogosObject] LogosAPIConsumer: calling LogosObject::informModuleToken for "storage_module"
LogosAPIConsumer: informModuleToken completed with result: true
[LogosObject] Destroying RemoteLogosObject 0
[2026-10-04 18:25:35.854] [info] [logos] Module loaded: storage_module
RemoteTransportConnection: Connecting to registry: "local:logos_storage_module_033bff84316a" at "18:25:35.854"
RemoteTransportConnection: Registry connect attempt started (no peer contact yet): "local:logos_storage_module_033bff84316a"
RemoteTransportConnection: Connecting to registry: "local:logos_capability_module_033bff84316a" at "18:25:35.854"
RemoteTransportConnection: Registry connect attempt started (no peer contact yet): "local:logos_capability_module_033bff84316a"
LogosAPIConsumer: '"storage_module"::""' deferred pending the module becoming reachable
LogosAPIClient: getToken for module: "modules_state"
LogosAPIClient: Found token for module: "modules_state"
[LogosObject] LogosAPIConsumer: async calling via LogosObject::callMethodAsync "note_transition"
[LogosObject] RemoteLogosObject::callMethodAsync "note_transition" args: 7
Loaded dependency (with transitive deps): "storage_module"
DEV_QML_PATH override active: <repo>/src/qml/Main.qml
RemoteTransportConnection: Connecting to registry: "local:logos_capability_module_033bff84316a" at "18:25:35.854"
RemoteTransportConnection: Registry connect attempt started (no peer contact yet): "local:logos_capability_module_033bff84316a"
LogosAPIConsumer: Informing module token for module: "forum_module" with token: "redacted:8bc3fce3…"
RemoteTransportConnection: Requesting object: "capability_module" at "18:25:35.854"
[LogosObject] RemoteTransportConnection: returning RemoteLogosObject for: "capability_module"
[LogosObject] Created RemoteLogosObject wrapping QRemoteObjectReplica 105553174881536
[LogosObject] LogosAPIConsumer: calling LogosObject::informModuleToken for "forum_module"
[LogosObject] Created RemoteLogosObject wrapping QRemoteObjectReplica 105553174879872
LogosAPIClient: getToken for module: "modules_state"
LogosAPIClient: Found token for module: "modules_state"
[LogosObject] LogosAPIConsumer: async calling via LogosObject::callMethodAsync "note_transition"
[LogosObject] RemoteLogosObject::callMethodAsync "note_transition" args: 7
LogosAPIConsumer: informModuleToken completed with result: true
[LogosObject] Destroying RemoteLogosObject 0
qt.qpa.fonts: Populating font family aliases took 37 ms. Replace uses of missing font family "Sans Serif" with one that exists to avoid this cost. 
QML hot reload active — watching <repo>/src/qml 
  edit any .qml/.js under it and save; set LOGOS_QML_HOT_RELOAD=0 to disable
Loaded UI plugin: "/nix/store/0qnbr8sh9kp4h3q230appx22j4s532mb-logos-forum_module-plugin-dir"
[QmlInspector] Inspector server listening on port 3789
[QmlInspector] Client connected from "::1"
[2026-10-04 18:25:36.820] [warning] [logos] [capability_module] Warning: QObject::connect: No such signal ::eventResponse(QString,QVariantList)
[2026-10-04 18:25:36.820] [info] [logos] [delivery_module] DeliveryModuleImpl::getAvailableConfigs called
[2026-10-04 18:25:36.820] [info] [logos] [delivery_module] DeliveryModuleImpl: Cannot get available configs - context not initialized. Call createNode first.
[2026-10-04 18:25:36.821] [warning] [logos] [capability_module] Warning: QObject::connect: No such signal ::eventResponse(QString,QVariantList)
[2026-10-04 18:25:36.824] [info] [logos] [delivery_module] DeliveryModuleImpl::getAvailableConfigs called
[2026-10-04 18:25:36.824] [info] [logos] [delivery_module] DeliveryModuleImpl: Cannot get available configs - context not initialized. Call createNode first.
[QmlInspector] Client disconnected
[QmlInspector] Client connected from "::1"
[QmlInspector] Client disconnected
[QmlInspector] Client connected from "::1"
[QmlInspector] Client disconnected
