INF 2026-10-02 16:24:35.783+02:00 Creating a private key and saving it       tid=43938111
WRN 2026-10-02 16:24:35.783+02:00 Node has been marked with --no-bootstrap-node and will NOT be bootstrapped topics="libstorage libstoragelifecycle" tid=43938111
INF 2026-10-02 16:24:35.784+02:00 Threadpool started                         topics="libstorage libstoragelifecycle" tid=43938111 numThreads=12
WRN 2026-10-02 16:24:35.823+02:00 No key for a QueryResponse                 topics="storage repostore" tid=43938111
NTC 2026-10-02 16:24:35.824+02:00 Started Storage node                       topics="storage node" tid=43938111 id=16U*qJ6zZz addrs="[/ip4/127.0.0.1/tcp/64267]"
INF 2026-10-02 16:25:22.049+02:00 Storing data                               topics="storage node" tid=43938111
INF 2026-10-02 16:25:22.053+02:00 Stored data                                topics="storage node" tid=43938111 manifestCid=zDv*zSvcGF treeCid=zDz*zyZVa5 blocks=1 datasetSize=1629'NByte filename=some("corpus.txt") mimetype=some("text/plain")
WRN 2026-10-02 16:25:35.825+02:00 No key for a QueryResponse                 topics="storage repostore" tid=43938111
WRN 2026-10-02 16:26:35.829+02:00 No key for a QueryResponse                 topics="storage repostore" tid=43938111
NTC 2026-10-02 16:26:52.973+02:00 Stopping Storage node                      topics="storage node" tid=43938111
INF 2026-10-02 16:26:52.973+02:00 Timer loop has stopped                     tid=43938111 name=maintenance
WRN 2026-10-02 16:26:52.974+02:00 Cancelled advertise task runner            topics="storage discoveryengine advertiser" tid=43938111
INF 2026-10-02 16:26:52.974+02:00 Exiting advertise task runner              topics="storage discoveryengine advertiser" tid=43938111
WRN 2026-10-02 16:26:52.974+02:00 Cancelled advertise task runner            topics="storage discoveryengine advertiser" tid=43938111
INF 2026-10-02 16:26:52.974+02:00 Exiting advertise task runner              topics="storage discoveryengine advertiser" tid=43938111
WRN 2026-10-02 16:26:52.974+02:00 Cancelled advertise task runner            topics="storage discoveryengine advertiser" tid=43938111
INF 2026-10-02 16:26:52.974+02:00 Exiting advertise task runner              topics="storage discoveryengine advertiser" tid=43938111
WRN 2026-10-02 16:26:52.974+02:00 Cancelled advertise task runner            topics="storage discoveryengine advertiser" tid=43938111
INF 2026-10-02 16:26:52.974+02:00 Exiting advertise task runner              topics="storage discoveryengine advertiser" tid=43938111
WRN 2026-10-02 16:26:52.974+02:00 Cancelled advertise task runner            topics="storage discoveryengine advertiser" tid=43938111
INF 2026-10-02 16:26:52.974+02:00 Exiting advertise task runner              topics="storage discoveryengine advertiser" tid=43938111
WRN 2026-10-02 16:26:52.974+02:00 Cancelled advertise task runner            topics="storage discoveryengine advertiser" tid=43938111
INF 2026-10-02 16:26:52.974+02:00 Exiting advertise task runner              topics="storage discoveryengine advertiser" tid=43938111
WRN 2026-10-02 16:26:52.974+02:00 Cancelled advertise task runner            topics="storage discoveryengine advertiser" tid=43938111
INF 2026-10-02 16:26:52.974+02:00 Exiting advertise task runner              topics="storage discoveryengine advertiser" tid=43938111
WRN 2026-10-02 16:26:52.974+02:00 Cancelled advertise task runner            topics="storage discoveryengine advertiser" tid=43938111
INF 2026-10-02 16:26:52.974+02:00 Exiting advertise task runner              topics="storage discoveryengine advertiser" tid=43938111
WRN 2026-10-02 16:26:52.974+02:00 Cancelled advertise task runner            topics="storage discoveryengine advertiser" tid=43938111
INF 2026-10-02 16:26:52.974+02:00 Exiting advertise task runner              topics="storage discoveryengine advertiser" tid=43938111
WRN 2026-10-02 16:26:52.974+02:00 Cancelled advertise local store loop       topics="storage discoveryengine advertiser" tid=43938111
INF 2026-10-02 16:26:52.974+02:00 Exiting advertise task loop                topics="storage discoveryengine advertiser" tid=43938111
WRN 2026-10-02 16:26:52.974+02:00 Cancelled advertise task runner            topics="storage discoveryengine advertiser" tid=43938111
INF 2026-10-02 16:26:52.974+02:00 Exiting advertise task runner              topics="storage discoveryengine advertiser" tid=43938111
