run-logos-standalone-ui: hot-reloading QML from <repo>/src/qml
  (export DEV_QML_PATH to override, or LOGOS_QML_HOT_RELOAD=0 to disable)
Session directory: "~/Library/Application Support/Logos/LogosStandalone"
[2026-10-01 23:02:00.260] [info] [logos] Granting host services to 'capability_module': token_registry,token_delivery
[2026-10-01 23:02:00.287] [out] [capability_module] [2026-10-01 23:02:00.287] [info] Granting host services to capability_module: ["token_registry","token_delivery"]
RemoteTransportConnection: Connecting to registry: "local:logos_capability_module_ff405cb32393" at "23:02:00.288"
RemoteTransportConnection: Registry connect attempt started (no peer contact yet): "local:logos_capability_module_ff405cb32393"
LogosAPIConsumer: Informing module token for module: "capability_module" with token: "redacted:8525292e…"
RemoteTransportConnection: Requesting object: "capability_module" at "23:02:00.288"
[LogosObject] RemoteTransportConnection: returning RemoteLogosObject for: "capability_module"
[LogosObject] Created RemoteLogosObject wrapping QRemoteObjectReplica 105553143238528
[LogosObject] LogosAPIConsumer: calling LogosObject::informModuleToken for "capability_module"
LogosAPIConsumer: informModuleToken completed with result: true
[LogosObject] Destroying RemoteLogosObject 0
[2026-10-01 23:02:00.310] [info] [logos] Module loaded: capability_module
LogosAPIConsumer: Informing module token for module: "modules_state" with token: "redacted:eb6f49f8…"
RemoteTransportConnection: Requesting object: "capability_module" at "23:02:00.337"
[LogosObject] RemoteTransportConnection: returning RemoteLogosObject for: "capability_module"
[LogosObject] Created RemoteLogosObject wrapping QRemoteObjectReplica 105553143245344
[LogosObject] LogosAPIConsumer: calling LogosObject::informModuleToken for "modules_state"
LogosAPIConsumer: informModuleToken completed with result: true
[LogosObject] Destroying RemoteLogosObject 0
[2026-10-01 23:02:00.337] [info] [logos] Module loaded: modules_state
RemoteTransportConnection: Connecting to registry: "local:logos_modules_state_ff405cb32393" at "23:02:00.338"
RemoteTransportConnection: Registry connect attempt started (no peer contact yet): "local:logos_modules_state_ff405cb32393"
RemoteTransportConnection: Connecting to registry: "local:logos_capability_module_ff405cb32393" at "23:02:00.338"
RemoteTransportConnection: Registry connect attempt started (no peer contact yet): "local:logos_capability_module_ff405cb32393"
LogosAPIConsumer: '"modules_state"::""' deferred pending the module becoming reachable
LogosAPIConsumer: '"modules_state"::""' deferred pending the module becoming reachable
Logos Core started (modules dir: "/nix/store/4v2cj5cr5dlsjb9cl0blr0cds0qf07iv-logos-forum_module-plugin-dir-modules" )
Set app icon from metadata: "/nix/store/hd5w6hjzlc0r8yz57fpggsc7mmwlwh15-logos-forum_module-plugin-dir/src/icons/icon.png"
[2026-10-01 23:02:00.375] [info] [logos] [delivery_module] DeliveryModuleImpl: Initializing...
LogosAPIConsumer: Informing module token for module: "delivery_module" with token: "redacted:70f98b08…"
RemoteTransportConnection: Requesting object: "capability_module" at "23:02:00.376"
[LogosObject] RemoteTransportConnection: returning RemoteLogosObject for: "capability_module"
[LogosObject] Created RemoteLogosObject wrapping QRemoteObjectReplica 105553143090624
[LogosObject] LogosAPIConsumer: calling LogosObject::informModuleToken for "delivery_module"
LogosAPIConsumer: informModuleToken completed with result: true
[LogosObject] Destroying RemoteLogosObject 0
[2026-10-01 23:02:00.376] [info] [logos] Module loaded: delivery_module
RemoteTransportConnection: Connecting to registry: "local:logos_delivery_module_ff405cb32393" at "23:02:00.377"
RemoteTransportConnection: Registry connect attempt started (no peer contact yet): "local:logos_delivery_module_ff405cb32393"
RemoteTransportConnection: Connecting to registry: "local:logos_capability_module_ff405cb32393" at "23:02:00.377"
RemoteTransportConnection: Registry connect attempt started (no peer contact yet): "local:logos_capability_module_ff405cb32393"
LogosAPIConsumer: '"delivery_module"::""' deferred pending the module becoming reachable
LogosAPIClient: getToken for module: "modules_state"
LogosAPIClient: Found token for module: "modules_state"
RemoteTransportConnection: Requesting object: "modules_state" at "23:02:00.377"
[LogosObject] RemoteTransportConnection: returning RemoteLogosObject for: "modules_state"
[LogosObject] Created RemoteLogosObject wrapping QRemoteObjectReplica 105553143443008
[LogosObject] LogosAPIConsumer: async calling via LogosObject::callMethodAsync "note_transition"
[LogosObject] RemoteLogosObject::callMethodAsync "note_transition" args: 7
LogosAPIClient: getToken for module: "modules_state"
LogosAPIClient: Found token for module: "modules_state"
[LogosObject] LogosAPIConsumer: async calling via LogosObject::callMethodAsync "note_transition"
[LogosObject] RemoteLogosObject::callMethodAsync "note_transition" args: 7
Loaded dependency (with transitive deps): "delivery_module"
[2026-10-01 23:02:00.404] [info] [logos] [storage_module] StorageModuleImpl: Initializing...
LogosAPIConsumer: Informing module token for module: "storage_module" with token: "redacted:832a461e…"
RemoteTransportConnection: Requesting object: "capability_module" at "23:02:00.405"
[LogosObject] Created RemoteLogosObject wrapping QRemoteObjectReplica 105553143448096
LogosAPIClient: invoking remote method "modules_state" "apply_snapshot" args_count: 1
LogosAPIClient: getToken for module: "modules_state"
LogosAPIClient: Found token for module: "modules_state"
LogosAPIConsumer: Calling invokeRemoteMethod: "modules_state" "apply_snapshot" args_count: 1 timeout: 20000
[LogosObject] LogosAPIConsumer: calling via LogosObject::callMethod "apply_snapshot"
[LogosObject] RemoteLogosObject::callMethod "apply_snapshot" args: 1
[2026-10-01 23:02:00.408] [info] [logos] Pushed module snapshot to modules_state
LogosAPIClient: getToken for module: "modules_state"
LogosAPIClient: Found token for module: "modules_state"
[LogosObject] LogosAPIConsumer: async calling via LogosObject::callMethodAsync "note_transition"
[LogosObject] RemoteLogosObject::callMethodAsync "note_transition" args: 7
LogosAPIClient: getToken for module: "modules_state"
LogosAPIClient: Found token for module: "modules_state"
[LogosObject] LogosAPIConsumer: async calling via LogosObject::callMethodAsync "note_transition"
[LogosObject] RemoteLogosObject::callMethodAsync "note_transition" args: 7
[LogosObject] Created RemoteLogosObject wrapping QRemoteObjectReplica 105553143442784
LogosAPIClient: getToken for module: "modules_state"
LogosAPIClient: Found token for module: "modules_state"
[LogosObject] LogosAPIConsumer: async calling via LogosObject::callMethodAsync "note_transition"
[LogosObject] RemoteLogosObject::callMethodAsync "note_transition" args: 7
[LogosObject] RemoteTransportConnection: returning RemoteLogosObject for: "capability_module"
[LogosObject] Created RemoteLogosObject wrapping QRemoteObjectReplica 105553143074144
[LogosObject] LogosAPIConsumer: calling LogosObject::informModuleToken for "storage_module"
LogosAPIConsumer: informModuleToken completed with result: true
[LogosObject] Destroying RemoteLogosObject 0
[2026-10-01 23:02:00.409] [info] [logos] Module loaded: storage_module
RemoteTransportConnection: Connecting to registry: "local:logos_storage_module_ff405cb32393" at "23:02:00.409"
RemoteTransportConnection: Registry connect attempt started (no peer contact yet): "local:logos_storage_module_ff405cb32393"
RemoteTransportConnection: Connecting to registry: "local:logos_capability_module_ff405cb32393" at "23:02:00.409"
RemoteTransportConnection: Registry connect attempt started (no peer contact yet): "local:logos_capability_module_ff405cb32393"
LogosAPIConsumer: '"storage_module"::""' deferred pending the module becoming reachable
LogosAPIClient: getToken for module: "modules_state"
LogosAPIClient: Found token for module: "modules_state"
[LogosObject] LogosAPIConsumer: async calling via LogosObject::callMethodAsync "note_transition"
[LogosObject] RemoteLogosObject::callMethodAsync "note_transition" args: 7
Loaded dependency (with transitive deps): "storage_module"
DEV_QML_PATH override active: <repo>/src/qml/Main.qml
RemoteTransportConnection: Connecting to registry: "local:logos_capability_module_ff405cb32393" at "23:02:00.409"
RemoteTransportConnection: Registry connect attempt started (no peer contact yet): "local:logos_capability_module_ff405cb32393"
LogosAPIConsumer: Informing module token for module: "forum_module" with token: "redacted:c061e477…"
RemoteTransportConnection: Requesting object: "capability_module" at "23:02:00.409"
[LogosObject] RemoteTransportConnection: returning RemoteLogosObject for: "capability_module"
[LogosObject] Created RemoteLogosObject wrapping QRemoteObjectReplica 105553143074816
[LogosObject] LogosAPIConsumer: calling LogosObject::informModuleToken for "forum_module"
[LogosObject] Created RemoteLogosObject wrapping QRemoteObjectReplica 105553143080640
LogosAPIClient: getToken for module: "modules_state"
LogosAPIClient: Found token for module: "modules_state"
[LogosObject] LogosAPIConsumer: async calling via LogosObject::callMethodAsync "note_transition"
[LogosObject] RemoteLogosObject::callMethodAsync "note_transition" args: 7
LogosAPIConsumer: informModuleToken completed with result: true
[LogosObject] Destroying RemoteLogosObject 0
[2026-10-01 23:02:00.455] [warning] [logos] [capability_module] Warning: QObject::connect: No such signal ::eventResponse(QString,QVariantList)
[2026-10-01 23:02:00.456] [info] [logos] [delivery_module] DeliveryModuleImpl::getNodeInfo called with nodeInfoId: MyPeerId
[2026-10-01 23:02:00.456] [info] [logos] [delivery_module] DeliveryModuleImpl: Cannot get node info - context not initialized. Call createNode first.
[2026-10-01 23:02:00.456] [info] [logos] [delivery_module] DeliveryModuleImpl::createNode called
[2026-10-01 23:02:00.461] [info] [logos] [delivery_module] DeliveryModuleImpl: Waiting for createNode callback...
[2026-10-01 23:02:00.462] [out] [delivery_module] DBG 2026-10-01 23:02:00.462+02:00 Whether to mount storeSync is not specified, defaulting to not mounting topics="waku conf builder" tid=41754413
[2026-10-01 23:02:00.462] [out] [delivery_module] INF 2026-10-01 23:02:00.462+02:00 Sharding configuration:                    topics="waku conf builder" tid=41754413 shardingConf="(kind: AutoSharding, numShardsInCluster: 1)" subscribeShards=@[0]
[2026-10-01 23:02:00.462] [out] [delivery_module] INF 2026-10-01 23:02:00.462+02:00 Configuration: Enabled protocols           topics="waku conf" tid=41754413 relay=true rlnRelay=false store=false filter=false lightPush=false peerExchange=false rendezvous=false
[2026-10-01 23:02:00.462] [out] [delivery_module] INF 2026-10-01 23:02:00.462+02:00 Configuration. Network                     topics="waku conf" tid=41754413 cluster=42
[2026-10-01 23:02:00.462] [out] [delivery_module] DBG 2026-10-01 23:02:00.462+02:00 Configuration. Active Relay Shards         topics="waku conf" tid=41754413 shard=0
[2026-10-01 23:02:00.462] [out] [delivery_module] INF 2026-10-01 23:02:00.462+02:00 Setting up storage                         tid=41754413
[2026-10-01 23:02:00.462] [out] [delivery_module] INF 2026-10-01 23:02:00.462+02:00 Initializing node                          tid=41754413
[2026-10-01 23:02:00.462] [out] [delivery_module] INF 2026-10-01 23:02:00.462+02:00 Initializing networking                    tid=41754413 addrs=@[/ip4/127.0.0.1/tcp/56833]
[2026-10-01 23:02:00.462] [out] [delivery_module] INF 2026-10-01 23:02:00.462+02:00 Mounting protocols                         tid=41754413
[2026-10-01 23:02:00.462] [out] [delivery_module] INF 2026-10-01 23:02:00.462+02:00 Created WakuMetadata protocol              topics="waku node" tid=41754413 clusterId=42 shards="[0]"
[2026-10-01 23:02:00.462] [out] [delivery_module] INF 2026-10-01 23:02:00.462+02:00 Mounting mix protocol                      topics="waku node" tid=41754413INF 2026-10-01 23:02:00.462+02:00 node info                                  topics="waku node" tid=41754413 wakuInfo="(listenAddresses: [/ip4/127.0.0.1/tcp/56833/p2p/16Uiu2HAmPvj2iVXheJTEWdpFWQfNhwKKsbXmb2GZLyZT2PzTbAZ7], enrUri: enr:-JS4QLfhUkRAShsshVYPm0w1u_MHCdcY-5eUvV8md-mSxpcvHZhbzAGOCBULBKz19Zc315m8yH-JqXlF3DJdqf2lVr8BgmlkgnY0gmlwhH8AAAGCcnOFACoBAACJc2VjcDI1NmsxoQOneIbH_aLLe8HgFJoNSHacenJb70LdyanD7Gggy4dBGoN0Y3CC3gGFd2FrdTIh, mixPubKey: none())"
[2026-10-01 23:02:00.462] [out] [delivery_module]  nodeId="(listenAddresses: [/ip4/127.0.0.1/tcp/56833/p2p/16Uiu2HAmPvj2iVXheJTEWdpFWQfNhwKKsbXmb2GZLyZT2PzTbAZ7], enrUri: enr:-JS4QLfhUkRAShsshVYPm0w1u_MHCdcY-5eUvV8md-mSxpcvHZhbzAGOCBULBKz19Zc315m8yH-JqXlF3DJdqf2lVr8BgmlkgnY0gmlwhH8AAAGCcnOFACoBAACJc2VjcDI1NmsxoQOneIbH_aLLe8HgFJoNSHacenJb70LdyanD7Gggy4dBGoN0Y3CC3gGFd2FrdTIh, mixPubKey: none())"
[2026-10-01 23:02:00.462] [out] [delivery_module] INF 2026-10-01 23:02:00.462+02:00 local addr                                 topics="waku node" tid=41754413 localaddr=/ip4/127.0.0.1/tcp/56833
[2026-10-01 23:02:00.462] [out] [delivery_module] INF 2026-10-01 23:02:00.462+02:00 mixPubKey                                  topics="waku node" tid=41754413 mixPubKey="[26, 47, 25, 246, 139, 11, 240, 38, 205, 189, 36, 78, 112, 194, 51, 12, 155, 234, 85, 81, 80, 225, 170, 199, 60, 51, 145, 38, 46, 128, 169, 69]"
[2026-10-01 23:02:00.463] [out] [delivery_module] INF 2026-10-01 23:02:00.463+02:00 Using mix bootstrap nodes                  topics="waku mix" tid=41754413 entries=4 poolSize=4
[2026-10-01 23:02:00.463] [out] [delivery_module] INF 2026-10-01 23:02:00.463+02:00 mounting store client                      topics="waku node store api" tid=41754413
[2026-10-01 23:02:00.463] [out] [delivery_module] INF 2026-10-01 23:02:00.463+02:00 Mounting auto sharding                     topics="waku node" tid=41754413 clusterId=42 shardCount=1
[2026-10-01 23:02:00.463] [out] [delivery_module] DBG 2026-10-01 23:02:00.463+02:00 Shards created from content topics         tid=41754413 contentTopics=[] shards=[]
[2026-10-01 23:02:00.463] [out] [delivery_module] DBG 2026-10-01 23:02:00.463+02:00 Setting max message size                   tid=41754413 num_bytes=153600
[2026-10-01 23:02:00.463] [out] [delivery_module] INF 2026-10-01 23:02:00.463+02:00 mounting relay protocol                    topics="waku node relay api" tid=41754413
[2026-10-01 23:02:00.463] [out] [delivery_module] DBG 2026-10-01 23:02:00.463+02:00 relay mounted successfully                 topics="waku node relay api" tid=41754413
[2026-10-01 23:02:00.463] [out] [delivery_module] DBG 2026-10-01 23:02:00.463+02:00 Adding validator to signed shards          tid=41754413 protectedShards=[] clusterId=42
[2026-10-01 23:02:00.463] [out] [delivery_module] INF 2026-10-01 23:02:00.463+02:00 mounting libp2p ping protocol              topics="waku node ping api" tid=41754413
[2026-10-01 23:02:00.463] [out] [delivery_module] INF 2026-10-01 23:02:00.463+02:00 mounting light push client                 topics="waku node lightpush api" tid=41754413
[2026-10-01 23:02:00.463] [out] [delivery_module] INF 2026-10-01 23:02:00.463+02:00 mounting legacy light push client          topics="waku node lightpush api" tid=41754413
[2026-10-01 23:02:00.463] [out] [delivery_module] DBG 2026-10-01 23:02:00.463+02:00 Adding peer to service slots               topics="waku node peer_manager" tid=41754413 peerId=16U*piznPr addr=/ip4/127.0.0.1/tcp/56829 service=/vac/waku/lightpush/3.0.0
[2026-10-01 23:02:00.463] [out] [delivery_module] DBG 2026-10-01 23:02:00.463+02:00 Adding peer to service slots               topics="waku node peer_manager" tid=41754413 peerId=16U*piznPr addr=/ip4/127.0.0.1/tcp/56829 service=/vac/waku/lightpush/2.0.0-beta1
[2026-10-01 23:02:00.463] [out] [delivery_module] INF 2026-10-01 23:02:00.463+02:00 mounting filter client                     topics="waku node filter api" tid=41754413
[2026-10-01 23:02:00.463] [out] [delivery_module] INF 2026-10-01 23:02:00.463+02:00 mounting waku peer exchange client         topics="waku node peerexchange api" tid=41754413
[2026-10-01 23:02:00.463] [out] [delivery_module] INF 2026-10-01 23:02:00.463+02:00 No external callbacks to be set            topics="wakunode waku" tid=41754413
[2026-10-01 23:02:00.463] [out] [delivery_module] INF 2026-10-01 23:02:00.463+02:00 Setting up AutonatService                  topics="libp2p autonatservice" tid=41754413
[2026-10-01 23:02:00.463] [info] [logos] [delivery_module] DeliveryModuleImpl::createNode callback called with ret: 0
[2026-10-01 23:02:00.464] [info] [logos] [delivery_module] DeliveryModuleImpl: Delivery context created successfully
[2026-10-01 23:02:00.465] [info] [logos] [delivery_module] DeliveryModuleImpl::start called
[2026-10-01 23:02:00.465] [out] [delivery_module] INF 2026-10-01 23:02:00.465+02:00 Retrieve dynamic bootstrap nodes           topics="wakunode waku" tid=41754413
[2026-10-01 23:02:00.465] [out] [delivery_module] INF 2026-10-01 23:02:00.465+02:00 Running nwaku node                         tid=41754413 version=v0.39.0-gca2814
[2026-10-01 23:02:00.465] [out] [delivery_module] INF 2026-10-01 23:02:00.465+02:00 Starting Waku node                         topics="waku node" tid=41754413 version=v0.39.0-gca2814
[2026-10-01 23:02:00.465] [out] [delivery_module] DBG 2026-10-01 23:02:00.465+02:00 starting switch for peer                   topics="libp2p switch" tid=41754413 peerInfo="(peerId: 16Uiu2HAmPvj2iVXheJTEWdpFWQfNhwKKsbXmb2GZLyZT2PzTbAZ7, listenAddrs: [/ip4/127.0.0.1/tcp/56833], addrs: [], protocols: [/ipfs/id/1.0.0, /libp2p/autonat/1.0.0, /libp2p/circuit/relay/0.2.0/hop, /vac/waku/metadata/1.0.0, /mix/1.0.0, /vac/waku/relay/2.0.0, /ipfs/ping/1.0.0, /vac/waku/filter-push/2.0.0-beta1], protoVersion: ipfs/0.1.0, agentVersion: logos-delivery-v0.39.0-gca2814)"
[2026-10-01 23:02:00.465] [info] [logos] [delivery_module] DeliveryModuleImpl::getNodeInfo called with nodeInfoId: MyPeerId
[2026-10-01 23:02:00.465] [out] [delivery_module] DBG 2026-10-01 23:02:00.465+02:00 About to accept incoming connection        topics="libp2p switch" tid=41754413
[2026-10-01 23:02:00.465] [out] [delivery_module] INF 2026-10-01 23:02:00.465+02:00 start                                      topics="waku relay" tid=41754413
[2026-10-01 23:02:00.465] [out] [delivery_module] DBG 2026-10-01 23:02:00.465+02:00 Started libp2p node                        topics="libp2p switch" tid=41754413 peer="(peerId: 16Uiu2HAmPvj2iVXheJTEWdpFWQfNhwKKsbXmb2GZLyZT2PzTbAZ7, listenAddrs: [/ip4/127.0.0.1/tcp/56833], addrs: [/ip4/127.0.0.1/tcp/56833], protocols: [/ipfs/id/1.0.0, /libp2p/autonat/1.0.0, /libp2p/circuit/relay/0.2.0/hop, /vac/waku/metadata/1.0.0, /mix/1.0.0, /vac/waku/relay/2.0.0, /ipfs/ping/1.0.0, /vac/waku/filter-push/2.0.0-beta1], protoVersion: ipfs/0.1.0, agentVersion: logos-delivery-v0.39.0-gca2814)"
[2026-10-01 23:02:00.466] [out] [delivery_module] INF 2026-10-01 23:02:00.466+02:00 Announced base resolved                    topics="waku node" tid=41754413 addrs=@[/ip4/127.0.0.1/tcp/56833] explicit=@[/ip4/127.0.0.1/tcp/56833]
[2026-10-01 23:02:00.466] [out] [delivery_module] DBG 2026-10-01 23:02:00.466+02:00 ENR addresses updated                      topics="waku enr" tid=41754413 retained=1 total=1
[2026-10-01 23:02:00.466] [out] [delivery_module] INF 2026-10-01 23:02:00.466+02:00 Node started successfully                  topics="waku node" tid=41754413
[2026-10-01 23:02:00.466] [out] [delivery_module] DBG 2026-10-01 23:02:00.466+02:00 Dialing multiple peers                     tid=41754413 numOfPeers=4 nodes="@[\"/ip4/127.0.0.1/tcp/56829/p2p/16Uiu2HAmLkgSjH3PjpVVtKwdMxNzgeHMv95rtKSDuzwNHApiznPr\", \"/ip4/127.0.0.1/tcp/56830/p2p/16Uiu2HAm5QgWFyVqD3a5F91hXso7ennnFNqt5JNY32qeGYEPi3k9\", \"/ip4/127.0.0.1/tcp/56831/p2p/16Uiu2HAmFcrUKziXSFPciQS9EaVVrTRHJcdfe6CNeynL4hotH7d6\", \"/ip4/127.0.0.1/tcp/56832/p2p/16Uiu2HAkzRtfpnczwScFF5TZw8nweDgNGhDGGuKjynva2YuHXrhH\"]"
[2026-10-01 23:02:00.466] [out] [delivery_module] DBG 2026-10-01 23:02:00.466+02:00 Dialing peer                               topics="libp2p dialer" tid=41754413 peerId=16U*piznPr addrs="[/ip4/127.0.0.1/tcp/56829]"
[2026-10-01 23:02:00.466] [out] [delivery_module] DBG 2026-10-01 23:02:00.466+02:00 Expanded address and hostname              topics="libp2p dialer" tid=41754413 expandedAddress=/ip4/127.0.0.1/tcp/56829 hostname=127.0.0.1 resolvedAddresses="[/ip4/127.0.0.1/tcp/56829]"
[2026-10-01 23:02:00.466] [out] [delivery_module] DBG 2026-10-01 23:02:00.466+02:00 Dialing peer                               topics="libp2p dialer" tid=41754413 peerId=16U*EPi3k9 addrs="[/ip4/127.0.0.1/tcp/56830]"
[2026-10-01 23:02:00.466] [out] [delivery_module] DBG 2026-10-01 23:02:00.466+02:00 Expanded address and hostname              topics="libp2p dialer" tid=41754413 expandedAddress=/ip4/127.0.0.1/tcp/56830 hostname=127.0.0.1 resolvedAddresses="[/ip4/127.0.0.1/tcp/56830]"
[2026-10-01 23:02:00.467] [out] [delivery_module] DBG 2026-10-01 23:02:00.467+02:00 Dialing peer                               topics="libp2p dialer" tid=41754413 peerId=16U*otH7d6 addrs="[/ip4/127.0.0.1/tcp/56831]"
[2026-10-01 23:02:00.467] [out] [delivery_module] DBG 2026-10-01 23:02:00.467+02:00 Expanded address and hostname              topics="libp2p dialer" tid=41754413 expandedAddress=/ip4/127.0.0.1/tcp/56831 hostname=127.0.0.1 resolvedAddresses="[/ip4/127.0.0.1/tcp/56831]"
[2026-10-01 23:02:00.467] [out] [delivery_module] DBG 2026-10-01 23:02:00.467+02:00 Dialing peer                               topics="libp2p dialer" tid=41754413 peerId=16U*uHXrhH addrs="[/ip4/127.0.0.1/tcp/56832]"
[2026-10-01 23:02:00.467] [out] [delivery_module] DBG 2026-10-01 23:02:00.467+02:00 Expanded address and hostname              topics="libp2p dialer" tid=41754413 expandedAddress=/ip4/127.0.0.1/tcp/56832 hostname=127.0.0.1 resolvedAddresses="[/ip4/127.0.0.1/tcp/56832]"
[2026-10-01 23:02:00.469] [info] [logos] [delivery_module] DeliveryModuleImpl::subscribe called with contentTopic: /lp0026forum/1/general/text
[2026-10-01 23:02:00.469] [out] [delivery_module] DBG 2026-10-01 23:02:00.469+02:00 Subscribing to pubsub topic                topics="waku relay" tid=41754413 pubsubTopic=/waku/2/rs/42/0
[2026-10-01 23:02:00.469] [out] [delivery_module] DBG 2026-10-01 23:02:00.469+02:00 No mesh peer for the given pubsub topic    topics="waku relay" tid=41754413 pubsubTopic=/waku/2/rs/42/0
[2026-10-01 23:02:00.469] [info] [logos] [delivery_module] DeliveryModuleImpl: Subscribe completed for topic: /lp0026forum/1/general/text with success
[2026-10-01 23:02:00.470] [out] [delivery_module] DBG 2026-10-01 23:02:00.470+02:00 Dial successful                            topics="libp2p dialer" tid=41754413 peerId=16U*piznPr
[2026-10-01 23:02:00.470] [out] [delivery_module] DBG 2026-10-01 23:02:00.470+02:00 starting sendNonHighPriorityTask           topics="libp2p pubsubpeer" tid=41754413 p=16U*piznPr
[2026-10-01 23:02:00.470] [out] [delivery_module] DBG 2026-10-01 23:02:00.470+02:00 created new pubsub peer                    topics="libp2p pubsub" tid=41754413 peerId=16U*piznPr
[2026-10-01 23:02:00.470] [out] [delivery_module] DBG 2026-10-01 23:02:00.470+02:00 no listener registered                     tid=41754416 event=onConnectionChange
[2026-10-01 23:02:00.470] [out] [delivery_module] DBG 2026-10-01 23:02:00.470+02:00 Incoming WakuRelay connection              topics="waku relay" tid=41754413 connection=16U*piznPr:6abeca484d36658be4831d50 protocol=/vac/waku/relay/2.0.0
[2026-10-01 23:02:00.470] [out] [delivery_module] DBG 2026-10-01 23:02:00.470+02:00 starting pubsub read loop                  topics="libp2p pubsubpeer" tid=41754413 stream=16U*piznPr:6abeca484d36658be4831d50 peer=16U*piznPr closed=false
[2026-10-01 23:02:00.470] [out] [delivery_module] DBG 2026-10-01 23:02:00.470+02:00 identify: info sent                        topics="libp2p identify" tid=41754413 stream=16U*piznPr:6abeca484d36658be4831d51 info="(peerId: 16Uiu2HAmPvj2iVXheJTEWdpFWQfNhwKKsbXmb2GZLyZT2PzTbAZ7, listenAddrs: [/ip4/127.0.0.1/tcp/56833], addrs: [/ip4/127.0.0.1/tcp/56833], protocols: [/ipfs/id/1.0.0, /libp2p/autonat/1.0.0, /libp2p/circuit/relay/0.2.0/hop, /vac/waku/metadata/1.0.0, /mix/1.0.0, /vac/waku/relay/2.0.0, /ipfs/ping/1.0.0, /vac/waku/filter-push/2.0.0-beta1], protoVersion: ipfs/0.1.0, agentVersion: logos-delivery-v0.39.0-gca2814)"
[2026-10-01 23:02:00.471] [out] [delivery_module] DBG 2026-10-01 23:02:00.471+02:00 Dial successful                            topics="libp2p dialer" tid=41754413 peerId=16U*otH7d6
[2026-10-01 23:02:00.471] [out] [delivery_module] DBG 2026-10-01 23:02:00.471+02:00 Dial successful                            topics="libp2p dialer" tid=41754413 peerId=16U*uHXrhH
[2026-10-01 23:02:00.471] [out] [delivery_module] DBG 2026-10-01 23:02:00.471+02:00 starting sendNonHighPriorityTask           topics="libp2p pubsubpeer" tid=41754413 p=16U*otH7d6
[2026-10-01 23:02:00.471] [out] [delivery_module] DBG 2026-10-01 23:02:00.471+02:00 created new pubsub peer                    topics="libp2p pubsub" tid=41754413 peerId=16U*otH7d6
[2026-10-01 23:02:00.471] [out] [delivery_module] DBG 2026-10-01 23:02:00.471+02:00 no listener registered                     tid=41754416 event=onConnectionChange
[2026-10-01 23:02:00.471] [out] [delivery_module] DBG 2026-10-01 23:02:00.471+02:00 starting sendNonHighPriorityTask           topics="libp2p pubsubpeer" tid=41754413 p=16U*uHXrhH
[2026-10-01 23:02:00.471] [out] [delivery_module] DBG 2026-10-01 23:02:00.471+02:00 created new pubsub peer                    topics="libp2p pubsub" tid=41754413 peerId=16U*uHXrhH
[2026-10-01 23:02:00.471] [out] [delivery_module] DBG 2026-10-01 23:02:00.471+02:00 no listener registered                     tid=41754416 event=onConnectionChange
[2026-10-01 23:02:00.471] [out] [delivery_module] DBG 2026-10-01 23:02:00.471+02:00 Dial successful                            topics="libp2p dialer" tid=41754413 peerId=16U*EPi3k9
[2026-10-01 23:02:00.471] [out] [delivery_module] DBG 2026-10-01 23:02:00.471+02:00 starting sendNonHighPriorityTask           topics="libp2p pubsubpeer" tid=41754413 p=16U*EPi3k9
[2026-10-01 23:02:00.471] [out] [delivery_module] DBG 2026-10-01 23:02:00.471+02:00 created new pubsub peer                    topics="libp2p pubsub" tid=41754413 peerId=16U*EPi3k9
[2026-10-01 23:02:00.471] [out] [delivery_module] DBG 2026-10-01 23:02:00.471+02:00 Incoming WakuRelay connection              topics="waku relay" tid=41754413 connection=16U*otH7d6:6abeca484d36658be4831d54 protocol=/vac/waku/relay/2.0.0
[2026-10-01 23:02:00.471] [out] [delivery_module] DBG 2026-10-01 23:02:00.471+02:00 no listener registered                     tid=41754416 event=onConnectionChange
[2026-10-01 23:02:00.471] [out] [delivery_module] DBG 2026-10-01 23:02:00.471+02:00 starting pubsub read loop                  topics="libp2p pubsubpeer" tid=41754413 stream=16U*otH7d6:6abeca484d36658be4831d54 peer=16U*otH7d6 closed=false
[2026-10-01 23:02:00.471] [out] [delivery_module] DBG 2026-10-01 23:02:00.471+02:00 identify: info sent                        topics="libp2p identify" tid=41754413 stream=16U*otH7d6:6abeca484d36658be4831d55 info="(peerId: 16Uiu2HAmPvj2iVXheJTEWdpFWQfNhwKKsbXmb2GZLyZT2PzTbAZ7, listenAddrs: [/ip4/127.0.0.1/tcp/56833], addrs: [/ip4/127.0.0.1/tcp/56833], protocols: [/ipfs/id/1.0.0, /libp2p/autonat/1.0.0, /libp2p/circuit/relay/0.2.0/hop, /vac/waku/metadata/1.0.0, /mix/1.0.0, /vac/waku/relay/2.0.0, /ipfs/ping/1.0.0, /vac/waku/filter-push/2.0.0-beta1], protoVersion: ipfs/0.1.0, agentVersion: logos-delivery-v0.39.0-gca2814)"
[2026-10-01 23:02:00.471] [out] [delivery_module] DBG 2026-10-01 23:02:00.471+02:00 Incoming WakuRelay connection              topics="waku relay" tid=41754413 connection=16U*uHXrhH:6abeca484d36658be4831d56 protocol=/vac/waku/relay/2.0.0
[2026-10-01 23:02:00.471] [out] [delivery_module] DBG 2026-10-01 23:02:00.471+02:00 starting pubsub read loop                  topics="libp2p pubsubpeer" tid=41754413 stream=16U*uHXrhH:6abeca484d36658be4831d56 peer=16U*uHXrhH closed=false
[2026-10-01 23:02:00.472] [out] [delivery_module] DBG 2026-10-01 23:02:00.471+02:00 identify: info sent                        topics="libp2p identify" tid=41754413 stream=16U*uHXrhH:6abeca484d36658be4831d57 info="(peerId: 16Uiu2HAmPvj2iVXheJTEWdpFWQfNhwKKsbXmb2GZLyZT2PzTbAZ7, listenAddrs: [/ip4/127.0.0.1/tcp/56833], addrs: [/ip4/127.0.0.1/tcp/56833], protocols: [/ipfs/id/1.0.0, /libp2p/autonat/1.0.0, /libp2p/circuit/relay/0.2.0/hop, /vac/waku/metadata/1.0.0, /mix/1.0.0, /vac/waku/relay/2.0.0, /ipfs/ping/1.0.0, /vac/waku/filter-push/2.0.0-beta1], protoVersion: ipfs/0.1.0, agentVersion: logos-delivery-v0.39.0-gca2814)"
[2026-10-01 23:02:00.472] [out] [delivery_module] DBG 2026-10-01 23:02:00.472+02:00 Incoming WakuRelay connection              topics="waku relay" tid=41754413 connection=16U*EPi3k9:6abeca484d36658be4831d58 protocol=/vac/waku/relay/2.0.0
[2026-10-01 23:02:00.472] [out] [delivery_module] DBG 2026-10-01 23:02:00.472+02:00 starting pubsub read loop                  topics="libp2p pubsubpeer" tid=41754413 stream=16U*EPi3k9:6abeca484d36658be4831d58 peer=16U*EPi3k9 closed=false
[2026-10-01 23:02:00.472] [out] [delivery_module] DBG 2026-10-01 23:02:00.472+02:00 identify: info sent                        topics="libp2p identify" tid=41754413 stream=16U*EPi3k9:6abeca484d36658be4831d59 info="(peerId: 16Uiu2HAmPvj2iVXheJTEWdpFWQfNhwKKsbXmb2GZLyZT2PzTbAZ7, listenAddrs: [/ip4/127.0.0.1/tcp/56833], addrs: [/ip4/127.0.0.1/tcp/56833], protocols: [/ipfs/id/1.0.0, /libp2p/autonat/1.0.0, /libp2p/circuit/relay/0.2.0/hop, /vac/waku/metadata/1.0.0, /mix/1.0.0, /vac/waku/relay/2.0.0, /ipfs/ping/1.0.0, /vac/waku/filter-push/2.0.0-beta1], protoVersion: ipfs/0.1.0, agentVersion: logos-delivery-v0.39.0-gca2814)"
[2026-10-01 23:02:00.472] [out] [delivery_module] DBG 2026-10-01 23:02:00.472+02:00 identify: info received                    topics="libp2p identify" tid=41754413 stream=16U*piznPr:6abeca484d36658be4831d53 pubkey=ok(sec...201f)) addresses=/ip4/127.0.0.1/tcp/56829 protocols=/ipfs/id/1.0.0,/libp2p/autonat/1.0.0,/libp2p/circuit/relay/0.2.0/hop,/vac/waku/metadata/1.0.0,/mix/1.0.0,/vac/waku/relay/2.0.0,/ipfs/ping/1.0.0,/vac/waku/lightpush/3.0.0,/vac/waku/lightpush/2.0.0-beta1,/vac/waku/filter-push/2.0.0-beta1 observable_address=ok(/ip4/127.0.0.1/tcp/57084) proto_version=ipfs/0.1.0 agent_version=logos-delivery-v0.39.0-gca2814 signedPeerRecord=None
[2026-10-01 23:02:00.473] [out] [delivery_module] DBG 2026-10-01 23:02:00.473+02:00 starting pubsub read loop                  topics="libp2p pubsubpeer" tid=41754413 stream=16U*piznPr:6abeca484d36658be4831d52 peer=16U*piznPr closed=false
[2026-10-01 23:02:00.473] [out] [delivery_module] DBG 2026-10-01 23:02:00.473+02:00 Event identified                           topics="waku node peer_manager" tid=41754413 peerId=16U*piznPr
[2026-10-01 23:02:00.473] [out] [delivery_module] DBG 2026-10-01 23:02:00.473+02:00 no listener registered                     tid=41754416 event=onConnectionChange
[2026-10-01 23:02:00.473] [out] [delivery_module] DBG 2026-10-01 23:02:00.473+02:00 identify: info received                    topics="libp2p identify" tid=41754413 stream=16U*uHXrhH:6abeca484d36658be4831d5d pubkey=ok(sec...5f52)) addresses=/ip4/127.0.0.1/tcp/56832 protocols=/ipfs/id/1.0.0,/libp2p/autonat/1.0.0,/libp2p/circuit/relay/0.2.0/hop,/vac/waku/metadata/1.0.0,/mix/1.0.0,/vac/waku/relay/2.0.0,/ipfs/ping/1.0.0,/vac/waku/lightpush/3.0.0,/vac/waku/lightpush/2.0.0-beta1,/vac/waku/filter-push/2.0.0-beta1 observable_address=ok(/ip4/127.0.0.1/tcp/57087) proto_version=ipfs/0.1.0 agent_version=logos-delivery-v0.39.0-gca2814 signedPeerRecord=None
[2026-10-01 23:02:00.473] [out] [delivery_module] DBG 2026-10-01 23:02:00.473+02:00 identify: info received                    topics="libp2p identify" tid=41754413 stream=16U*otH7d6:6abeca484d36658be4831d5b pubkey=ok(sec...dceb)) addresses=/ip4/127.0.0.1/tcp/56831 protocols=/ipfs/id/1.0.0,/libp2p/autonat/1.0.0,/libp2p/circuit/relay/0.2.0/hop,/vac/waku/metadata/1.0.0,/mix/1.0.0,/vac/waku/relay/2.0.0,/ipfs/ping/1.0.0,/vac/waku/lightpush/3.0.0,/vac/waku/lightpush/2.0.0-beta1,/vac/waku/filter-push/2.0.0-beta1 observable_address=ok(/ip4/127.0.0.1/tcp/57086) proto_version=ipfs/0.1.0 agent_version=logos-delivery-v0.39.0-gca2814 signedPeerRecord=None
[2026-10-01 23:02:00.473] [out] [delivery_module] DBG 2026-10-01 23:02:00.473+02:00 starting pubsub read loop                  topics="libp2p pubsubpeer" tid=41754413 stream=16U*uHXrhH:6abeca484d36658be4831d5c peer=16U*uHXrhH closed=false
[2026-10-01 23:02:00.473] [out] [delivery_module] DBG 2026-10-01 23:02:00.473+02:00 starting pubsub read loop                  topics="libp2p pubsubpeer" tid=41754413 stream=16U*otH7d6:6abeca484d36658be4831d5a peer=16U*otH7d6 closed=false
[2026-10-01 23:02:00.474] [out] [delivery_module] DBG 2026-10-01 23:02:00.473+02:00 Event identified                           topics="waku node peer_manager" tid=41754413 peerId=16U*uHXrhH
[2026-10-01 23:02:00.474] [out] [delivery_module] DBG 2026-10-01 23:02:00.474+02:00 no listener registered                     tid=41754416 event=onConnectionChange
[2026-10-01 23:02:00.474] [out] [delivery_module] DBG 2026-10-01 23:02:00.474+02:00 Event identified                           topics="waku node peer_manager" tid=41754413 peerId=16U*otH7d6
[2026-10-01 23:02:00.474] [out] [delivery_module] DBG 2026-10-01 23:02:00.474+02:00 no listener registered                     tid=41754416 event=onConnectionChange
[2026-10-01 23:02:00.474] [out] [delivery_module] DBG 2026-10-01 23:02:00.474+02:00 identify: info received                    topics="libp2p identify" tid=41754413 stream=16U*EPi3k9:6abeca484d36658be4831d5f pubkey=ok(sec...63b0)) addresses=/ip4/127.0.0.1/tcp/56830 protocols=/ipfs/id/1.0.0,/libp2p/autonat/1.0.0,/libp2p/circuit/relay/0.2.0/hop,/vac/waku/metadata/1.0.0,/mix/1.0.0,/vac/waku/relay/2.0.0,/ipfs/ping/1.0.0,/vac/waku/lightpush/3.0.0,/vac/waku/lightpush/2.0.0-beta1,/vac/waku/filter-push/2.0.0-beta1 observable_address=ok(/ip4/127.0.0.1/tcp/57085) proto_version=ipfs/0.1.0 agent_version=logos-delivery-v0.39.0-gca2814 signedPeerRecord=None
[2026-10-01 23:02:00.475] [out] [delivery_module] DBG 2026-10-01 23:02:00.475+02:00 Received WakuMetadata request              topics="waku metadata" tid=41754413 remoteClusterId=ok(42) remoteShards="[0]" localClusterId=42 localShards="[0]" peer=16U*piznPr
[2026-10-01 23:02:00.475] [out] [delivery_module] DBG 2026-10-01 23:02:00.475+02:00 starting pubsub read loop                  topics="libp2p pubsubpeer" tid=41754413 stream=16U*EPi3k9:6abeca484d36658be4831d5e peer=16U*EPi3k9 closed=false
[2026-10-01 23:02:00.475] [out] [delivery_module] DBG 2026-10-01 23:02:00.475+02:00 Event identified                           topics="waku node peer_manager" tid=41754413 peerId=16U*EPi3k9
[2026-10-01 23:02:00.475] [out] [delivery_module] DBG 2026-10-01 23:02:00.475+02:00 no listener registered                     tid=41754416 event=onConnectionChange
[2026-10-01 23:02:00.476] [out] [delivery_module] DBG 2026-10-01 23:02:00.476+02:00 Received WakuMetadata request              topics="waku metadata" tid=41754413 remoteClusterId=ok(42) remoteShards="[0]" localClusterId=42 localShards="[0]" peer=16U*uHXrhH
[2026-10-01 23:02:00.476] [out] [delivery_module] DBG 2026-10-01 23:02:00.476+02:00 Received WakuMetadata request              topics="waku metadata" tid=41754413 remoteClusterId=ok(42) remoteShards="[0]" localClusterId=42 localShards="[0]" peer=16U*otH7d6
[2026-10-01 23:02:00.476] [out] [delivery_module] DBG 2026-10-01 23:02:00.476+02:00 no listener registered                     tid=41754416 event=onConnectionChange
[2026-10-01 23:02:00.476] [out] [delivery_module] DBG 2026-10-01 23:02:00.476+02:00 Received WakuMetadata request              topics="waku metadata" tid=41754413 remoteClusterId=ok(42) remoteShards="[0]" localClusterId=42 localShards="[0]" peer=16U*EPi3k9
[2026-10-01 23:02:00.477] [out] [delivery_module] DBG 2026-10-01 23:02:00.477+02:00 no listener registered                     tid=41754416 event=onConnectionChange
[2026-10-01 23:02:00.477] [out] [delivery_module] DBG 2026-10-01 23:02:00.477+02:00 no listener registered                     tid=41754416 event=onConnectionChange
[2026-10-01 23:02:00.478] [out] [delivery_module] DBG 2026-10-01 23:02:00.478+02:00 no listener registered                     tid=41754416 event=onConnectionChange
[2026-10-01 23:02:00.478] [out] [delivery_module] DBG 2026-10-01 23:02:00.478+02:00 Finished dialing multiple peers            tid=41754413 successfulConns=4 attempted=4
[2026-10-01 23:02:00.478] [out] [delivery_module] DBG 2026-10-01 23:02:00.478+02:00 Starting peer exchange loop                topics="waku node peerexchange api" tid=41754413
[2026-10-01 23:02:00.478] [out] [delivery_module] DBG 2026-10-01 23:02:00.478+02:00 Retrieving peer info via peer exchange protocol topics="waku node peerexchange api" tid=41754413 amount=5
[2026-10-01 23:02:00.478] [out] [delivery_module] DBG 2026-10-01 23:02:00.478+02:00 Peer exchange request could not be made as no peer exchange peers found topics="waku peer_exchange client" tid=41754413
[2026-10-01 23:02:00.478] [out] [delivery_module] DBG 2026-10-01 23:02:00.478+02:00 Failed to retrieve peer info via peer exchange protocol topics="waku node peerexchange api" tid=41754413 error="(status_code: SERVICE_UNAVAILABLE, status_desc: ok(peer_not_found_failure))"
[2026-10-01 23:02:00.478] [out] [delivery_module] DBG 2026-10-01 23:02:00.478+02:00 Cannot fetch peers from peer exchange      topics="waku node peerexchange api" tid=41754413 cause="(status_code: SERVICE_UNAVAILABLE, status_desc: ok(peer_not_found_failure))"
[2026-10-01 23:02:00.478] [out] [delivery_module] INF 2026-10-01 23:02:00.478+02:00 Relay peer connections                     topics="waku node peer_manager" tid=41754413 inRelayConns=0/50 outRelayConns=4/25 totalConnections=4/150 notConnectedPeers=0 outsideBackoffPeers=0
[2026-10-01 23:02:00.478] [out] [delivery_module] DBG 2026-10-01 23:02:00.478+02:00 ENR addresses updated                      topics="waku enr" tid=41754413 retained=1 total=1
[2026-10-01 23:02:00.478] [out] [delivery_module] INF 2026-10-01 23:02:00.478+02:00 Node is online                             topics="waku online monitor" tid=41754413
[2026-10-01 23:02:00.478] [out] [delivery_module] INF 2026-10-01 23:02:00.478+02:00 Health monitor loop start                  tid=41754413
[2026-10-01 23:02:00.479] [out] [delivery_module] DBG 2026-10-01 23:02:00.479+02:00 calculateConnectionState                   tid=41754413 relayCount=4 storeClientCount=0 lightpushCount=4 filterCount=0
[2026-10-01 23:02:00.479] [out] [delivery_module] DBG 2026-10-01 23:02:00.479+02:00 connectionStatus change                    tid=41754413 oldstatus=Disconnected newstatus=Connected
[2026-10-01 23:02:00.479] [out] [delivery_module] INF 2026-10-01 23:02:00.479+02:00 starting keepalive                         tid=41754413 randomPeersKeepalive=10s allPeersKeepalive=2m
Loaded UI plugin: "/nix/store/hd5w6hjzlc0r8yz57fpggsc7mmwlwh15-logos-forum_module-plugin-dir"
[QmlInspector] Inspector server listening on port 3768
[QmlInspector] Client connected from "::1"
[2026-10-01 23:02:30.469] [out] [delivery_module] DBG 2026-10-01 23:02:30.469+02:00 Accepted an incoming connection            topics="libp2p switch" tid=41754413 conn=:6abeca664d36658be4831d7d
[2026-10-01 23:02:30.469] [out] [delivery_module] DBG 2026-10-01 23:02:30.469+02:00 About to accept incoming connection        topics="libp2p switch" tid=41754413
[2026-10-01 23:02:30.473] [out] [delivery_module] DBG 2026-10-01 23:02:30.473+02:00 dialMe answer is reachable                 topics="libp2p autonatservice" tid=41754413 peerId=16Uiu2HAmFcrUKziXSFPciQS9EaVVrTRHJcdfe6CNeynL4hotH7d6
[2026-10-01 23:02:30.473] [out] [delivery_module] DBG 2026-10-01 23:02:30.473+02:00 Current status                             topics="libp2p autonatservice" tid=41754413 currentStats=Unknown confidence=none() answers=[Reachable]
[2026-10-01 23:02:30.479] [out] [delivery_module] DBG 2026-10-01 23:02:30.479+02:00 Accepted an incoming connection            topics="libp2p switch" tid=41754413 conn=:6abeca664d36658be4831d81
[2026-10-01 23:02:30.479] [out] [delivery_module] DBG 2026-10-01 23:02:30.479+02:00 About to accept incoming connection        topics="libp2p switch" tid=41754413
[2026-10-01 23:02:30.482] [out] [delivery_module] DBG 2026-10-01 23:02:30.482+02:00 dialMe answer is reachable                 topics="libp2p autonatservice" tid=41754413 peerId=16Uiu2HAm5QgWFyVqD3a5F91hXso7ennnFNqt5JNY32qeGYEPi3k9
[2026-10-01 23:02:30.482] [out] [delivery_module] DBG 2026-10-01 23:02:30.482+02:00 Current status                             topics="libp2p autonatservice" tid=41754413 currentStats=Unknown confidence=none() answers=[Reachable, Reachable]
[2026-10-01 23:02:30.484] [out] [delivery_module] DBG 2026-10-01 23:02:30.484+02:00 Accepted an incoming connection            topics="libp2p switch" tid=41754413 conn=:6abeca664d36658be4831d85
[2026-10-01 23:02:30.484] [out] [delivery_module] DBG 2026-10-01 23:02:30.484+02:00 About to accept incoming connection        topics="libp2p switch" tid=41754413
[2026-10-01 23:02:30.488] [out] [delivery_module] DBG 2026-10-01 23:02:30.488+02:00 dialMe answer is reachable                 topics="libp2p autonatservice" tid=41754413 peerId=16Uiu2HAmLkgSjH3PjpVVtKwdMxNzgeHMv95rtKSDuzwNHApiznPr
[2026-10-01 23:02:30.488] [out] [delivery_module] DBG 2026-10-01 23:02:30.488+02:00 Current status                             topics="libp2p autonatservice" tid=41754413 currentStats=Reachable confidence=ok(1.0) answers=[Reachable, Reachable, Reachable]
[2026-10-01 23:02:30.488] [out] [delivery_module] DBG 2026-10-01 23:02:30.488+02:00 Peer reachability status                   tid=41754413 networkReachability=Reachable confidence=1.0
[QmlInspector] Client disconnected
[2026-10-01 23:03:00.467] [out] [delivery_module] DBG 2026-10-01 23:03:00.467+02:00 Accepted an incoming connection            topics="libp2p switch" tid=41754413 conn=:6abeca844d36658be4831da1
[2026-10-01 23:03:00.467] [out] [delivery_module] DBG 2026-10-01 23:03:00.467+02:00 About to accept incoming connection        topics="libp2p switch" tid=41754413
[2026-10-01 23:03:00.470] [out] [delivery_module] DBG 2026-10-01 23:03:00.470+02:00 dialMe answer is reachable                 topics="libp2p autonatservice" tid=41754413 peerId=16Uiu2HAkzRtfpnczwScFF5TZw8nweDgNGhDGGuKjynva2YuHXrhH
[2026-10-01 23:03:00.470] [out] [delivery_module] DBG 2026-10-01 23:03:00.470+02:00 Current status                             topics="libp2p autonatservice" tid=41754413 currentStats=Reachable confidence=ok(1.0) answers=[Reachable, Reachable, Reachable]
[2026-10-01 23:03:00.472] [out] [delivery_module] DBG 2026-10-01 23:03:00.472+02:00 Accepted an incoming connection            topics="libp2p switch" tid=41754413 conn=:6abeca844d36658be4831da5
[2026-10-01 23:03:00.472] [out] [delivery_module] DBG 2026-10-01 23:03:00.472+02:00 About to accept incoming connection        topics="libp2p switch" tid=41754413
[2026-10-01 23:03:00.474] [out] [delivery_module] DBG 2026-10-01 23:03:00.474+02:00 dialMe answer is reachable                 topics="libp2p autonatservice" tid=41754413 peerId=16Uiu2HAmLkgSjH3PjpVVtKwdMxNzgeHMv95rtKSDuzwNHApiznPr
[2026-10-01 23:03:00.474] [out] [delivery_module] DBG 2026-10-01 23:03:00.474+02:00 Current status                             topics="libp2p autonatservice" tid=41754413 currentStats=Reachable confidence=ok(1.0) answers=[Reachable, Reachable, Reachable]
[2026-10-01 23:03:00.476] [out] [delivery_module] DBG 2026-10-01 23:03:00.476+02:00 Accepted an incoming connection            topics="libp2p switch" tid=41754413 conn=:6abeca844d36658be4831da9
[2026-10-01 23:03:00.476] [out] [delivery_module] DBG 2026-10-01 23:03:00.476+02:00 About to accept incoming connection        topics="libp2p switch" tid=41754413
[2026-10-01 23:03:00.477] [out] [delivery_module] DBG 2026-10-01 23:03:00.477+02:00 Retrieving peer info via peer exchange protocol topics="waku node peerexchange api" tid=41754413 amount=5
[2026-10-01 23:03:00.477] [out] [delivery_module] DBG 2026-10-01 23:03:00.477+02:00 Peer exchange request could not be made as no peer exchange peers found topics="waku peer_exchange client" tid=41754413
[2026-10-01 23:03:00.477] [out] [delivery_module] DBG 2026-10-01 23:03:00.477+02:00 Failed to retrieve peer info via peer exchange protocol topics="waku node peerexchange api" tid=41754413 error="(status_code: SERVICE_UNAVAILABLE, status_desc: ok(peer_not_found_failure))"
[2026-10-01 23:03:00.477] [out] [delivery_module] DBG 2026-10-01 23:03:00.477+02:00 Cannot fetch peers from peer exchange      topics="waku node peerexchange api" tid=41754413 cause="(status_code: SERVICE_UNAVAILABLE, status_desc: ok(peer_not_found_failure))"
[2026-10-01 23:03:00.479] [out] [delivery_module] DBG 2026-10-01 23:03:00.479+02:00 dialMe answer is reachable                 topics="libp2p autonatservice" tid=41754413 peerId=16Uiu2HAm5QgWFyVqD3a5F91hXso7ennnFNqt5JNY32qeGYEPi3k9
[2026-10-01 23:03:00.479] [out] [delivery_module] DBG 2026-10-01 23:03:00.479+02:00 Current status                             topics="libp2p autonatservice" tid=41754413 currentStats=Reachable confidence=ok(1.0) answers=[Reachable, Reachable, Reachable]
