run-logos-standalone-ui: hot-reloading QML from <repo>/src/qml
  (export DEV_QML_PATH to override, or LOGOS_QML_HOT_RELOAD=0 to disable)
Session directory: "~/Library/Application Support/Logos/LogosStandalone"
[2026-10-02 10:30:40.276] [info] [logos] Granting host services to 'capability_module': token_registry,token_delivery
[2026-10-02 10:30:40.304] [out] [capability_module] [2026-10-02 10:30:40.304] [info] Granting host services to capability_module: ["token_registry","token_delivery"]
RemoteTransportConnection: Connecting to registry: "local:logos_capability_module_7a98d99f1f35" at "10:30:40.305"
RemoteTransportConnection: Registry connect attempt started (no peer contact yet): "local:logos_capability_module_7a98d99f1f35"
LogosAPIConsumer: Informing module token for module: "capability_module" with token: "redacted:14160629…"
RemoteTransportConnection: Requesting object: "capability_module" at "10:30:40.305"
[LogosObject] RemoteTransportConnection: returning RemoteLogosObject for: "capability_module"
[LogosObject] Created RemoteLogosObject wrapping QRemoteObjectReplica 105553118314272
[LogosObject] LogosAPIConsumer: calling LogosObject::informModuleToken for "capability_module"
LogosAPIConsumer: informModuleToken completed with result: true
[LogosObject] Destroying RemoteLogosObject 0
[2026-10-02 10:30:40.305] [info] [logos] Module loaded: capability_module
LogosAPIConsumer: Informing module token for module: "modules_state" with token: "redacted:693bc2d8…"
RemoteTransportConnection: Requesting object: "capability_module" at "10:30:40.333"
[LogosObject] RemoteTransportConnection: returning RemoteLogosObject for: "capability_module"
[LogosObject] Created RemoteLogosObject wrapping QRemoteObjectReplica 105553118351840
[LogosObject] LogosAPIConsumer: calling LogosObject::informModuleToken for "modules_state"
LogosAPIConsumer: informModuleToken completed with result: true
[LogosObject] Destroying RemoteLogosObject 0
[2026-10-02 10:30:40.332] [info] [logos] Module loaded: modules_state
RemoteTransportConnection: Connecting to registry: "local:logos_modules_state_7a98d99f1f35" at "10:30:40.333"
RemoteTransportConnection: Registry connect attempt started (no peer contact yet): "local:logos_modules_state_7a98d99f1f35"
RemoteTransportConnection: Connecting to registry: "local:logos_capability_module_7a98d99f1f35" at "10:30:40.333"
RemoteTransportConnection: Registry connect attempt started (no peer contact yet): "local:logos_capability_module_7a98d99f1f35"
LogosAPIConsumer: '"modules_state"::""' deferred pending the module becoming reachable
LogosAPIConsumer: '"modules_state"::""' deferred pending the module becoming reachable
Logos Core started (modules dir: "/nix/store/4v2cj5cr5dlsjb9cl0blr0cds0qf07iv-logos-forum_module-plugin-dir-modules" )
Set app icon from metadata: "/nix/store/75y0ikf2rmd03wjspwzcgpq9rk0i8njk-logos-forum_module-plugin-dir/src/icons/icon.png"
[2026-10-02 10:30:40.364] [info] [logos] [delivery_module] DeliveryModuleImpl: Initializing...
LogosAPIConsumer: Informing module token for module: "delivery_module" with token: "redacted:80fdc157…"
RemoteTransportConnection: Requesting object: "capability_module" at "10:30:40.365"
[LogosObject] RemoteTransportConnection: returning RemoteLogosObject for: "capability_module"
[LogosObject] Created RemoteLogosObject wrapping QRemoteObjectReplica 105553118285536
[LogosObject] LogosAPIConsumer: calling LogosObject::informModuleToken for "delivery_module"
LogosAPIConsumer: informModuleToken completed with result: true
[LogosObject] Destroying RemoteLogosObject 0
[2026-10-02 10:30:40.364] [info] [logos] Module loaded: delivery_module
RemoteTransportConnection: Connecting to registry: "local:logos_delivery_module_7a98d99f1f35" at "10:30:40.365"
RemoteTransportConnection: Registry connect attempt started (no peer contact yet): "local:logos_delivery_module_7a98d99f1f35"
RemoteTransportConnection: Connecting to registry: "local:logos_capability_module_7a98d99f1f35" at "10:30:40.365"
RemoteTransportConnection: Registry connect attempt started (no peer contact yet): "local:logos_capability_module_7a98d99f1f35"
LogosAPIConsumer: '"delivery_module"::""' deferred pending the module becoming reachable
LogosAPIClient: getToken for module: "modules_state"
LogosAPIClient: Found token for module: "modules_state"
RemoteTransportConnection: Requesting object: "modules_state" at "10:30:40.365"
[LogosObject] RemoteTransportConnection: returning RemoteLogosObject for: "modules_state"
[LogosObject] Created RemoteLogosObject wrapping QRemoteObjectReplica 105553118321088
[LogosObject] LogosAPIConsumer: async calling via LogosObject::callMethodAsync "note_transition"
[LogosObject] RemoteLogosObject::callMethodAsync "note_transition" args: 7
LogosAPIClient: getToken for module: "modules_state"
LogosAPIClient: Found token for module: "modules_state"
[LogosObject] LogosAPIConsumer: async calling via LogosObject::callMethodAsync "note_transition"
[LogosObject] RemoteLogosObject::callMethodAsync "note_transition" args: 7
Loaded dependency (with transitive deps): "delivery_module"
[2026-10-02 10:30:40.393] [info] [logos] [storage_module] StorageModuleImpl: Initializing...
LogosAPIConsumer: Informing module token for module: "storage_module" with token: "redacted:dae5272a…"
RemoteTransportConnection: Requesting object: "capability_module" at "10:30:40.394"
[LogosObject] Created RemoteLogosObject wrapping QRemoteObjectReplica 105553118352992
LogosAPIClient: invoking remote method "modules_state" "apply_snapshot" args_count: 1
LogosAPIClient: getToken for module: "modules_state"
LogosAPIClient: Found token for module: "modules_state"
LogosAPIConsumer: Calling invokeRemoteMethod: "modules_state" "apply_snapshot" args_count: 1 timeout: 20000
[LogosObject] LogosAPIConsumer: calling via LogosObject::callMethod "apply_snapshot"
[LogosObject] RemoteLogosObject::callMethod "apply_snapshot" args: 1
[LogosObject] Created RemoteLogosObject wrapping QRemoteObjectReplica 105553118320864
LogosAPIClient: getToken for module: "modules_state"
LogosAPIClient: Found token for module: "modules_state"
[LogosObject] LogosAPIConsumer: async calling via LogosObject::callMethodAsync "note_transition"
[LogosObject] RemoteLogosObject::callMethodAsync "note_transition" args: 7
LogosAPIClient: getToken for module: "modules_state"
LogosAPIClient: Found token for module: "modules_state"
[LogosObject] LogosAPIConsumer: async calling via LogosObject::callMethodAsync "note_transition"
[LogosObject] RemoteLogosObject::callMethodAsync "note_transition" args: 7
[2026-10-02 10:30:40.394] [info] [logos] Pushed module snapshot to modules_state
LogosAPIClient: getToken for module: "modules_state"
LogosAPIClient: Found token for module: "modules_state"
[LogosObject] LogosAPIConsumer: async calling via LogosObject::callMethodAsync "note_transition"
[LogosObject] RemoteLogosObject::callMethodAsync "note_transition" args: 7
[LogosObject] RemoteTransportConnection: returning RemoteLogosObject for: "capability_module"
[LogosObject] Created RemoteLogosObject wrapping QRemoteObjectReplica 105553118321984
[LogosObject] LogosAPIConsumer: calling LogosObject::informModuleToken for "storage_module"
LogosAPIConsumer: informModuleToken completed with result: true
[LogosObject] Destroying RemoteLogosObject 0
[2026-10-02 10:30:40.394] [info] [logos] Module loaded: storage_module
RemoteTransportConnection: Connecting to registry: "local:logos_storage_module_7a98d99f1f35" at "10:30:40.394"
RemoteTransportConnection: Registry connect attempt started (no peer contact yet): "local:logos_storage_module_7a98d99f1f35"
RemoteTransportConnection: Connecting to registry: "local:logos_capability_module_7a98d99f1f35" at "10:30:40.394"
RemoteTransportConnection: Registry connect attempt started (no peer contact yet): "local:logos_capability_module_7a98d99f1f35"
LogosAPIConsumer: '"storage_module"::""' deferred pending the module becoming reachable
LogosAPIClient: getToken for module: "modules_state"
LogosAPIClient: Found token for module: "modules_state"
[LogosObject] LogosAPIConsumer: async calling via LogosObject::callMethodAsync "note_transition"
[LogosObject] RemoteLogosObject::callMethodAsync "note_transition" args: 7
Loaded dependency (with transitive deps): "storage_module"
DEV_QML_PATH override active: <repo>/src/qml/Main.qml
RemoteTransportConnection: Connecting to registry: "local:logos_capability_module_7a98d99f1f35" at "10:30:40.395"
RemoteTransportConnection: Registry connect attempt started (no peer contact yet): "local:logos_capability_module_7a98d99f1f35"
LogosAPIConsumer: Informing module token for module: "forum_module" with token: "redacted:c408d096…"
RemoteTransportConnection: Requesting object: "capability_module" at "10:30:40.395"
[LogosObject] RemoteTransportConnection: returning RemoteLogosObject for: "capability_module"
[LogosObject] Created RemoteLogosObject wrapping QRemoteObjectReplica 105553118251424
[LogosObject] LogosAPIConsumer: calling LogosObject::informModuleToken for "forum_module"
[LogosObject] Created RemoteLogosObject wrapping QRemoteObjectReplica 105553118250368
LogosAPIClient: getToken for module: "modules_state"
LogosAPIClient: Found token for module: "modules_state"
[LogosObject] LogosAPIConsumer: async calling via LogosObject::callMethodAsync "note_transition"
[LogosObject] RemoteLogosObject::callMethodAsync "note_transition" args: 7
LogosAPIConsumer: informModuleToken completed with result: true
[LogosObject] Destroying RemoteLogosObject 0
[2026-10-02 10:30:40.429] [warning] [logos] [capability_module] Warning: QObject::connect: No such signal ::eventResponse(QString,QVariantList)
[2026-10-02 10:30:40.429] [info] [logos] [delivery_module] DeliveryModuleImpl::getNodeInfo called with nodeInfoId: MyPeerId
[2026-10-02 10:30:40.429] [info] [logos] [delivery_module] DeliveryModuleImpl: Cannot get node info - context not initialized. Call createNode first.
[2026-10-02 10:30:40.429] [info] [logos] [delivery_module] DeliveryModuleImpl::createNode called
[2026-10-02 10:30:40.434] [info] [logos] [delivery_module] DeliveryModuleImpl: Waiting for createNode callback...
[2026-10-02 10:30:40.435] [out] [delivery_module] DBG 2026-10-02 10:30:40.435+02:00 Whether to mount storeSync is not specified, defaulting to not mounting topics="waku conf builder" tid=42814261
[2026-10-02 10:30:40.435] [out] [delivery_module] INF 2026-10-02 10:30:40.435+02:00 Sharding configuration:                    topics="waku conf builder" tid=42814261 shardingConf="(kind: AutoSharding, numShardsInCluster: 1)" subscribeShards=@[0]
[2026-10-02 10:30:40.435] [out] [delivery_module] INF 2026-10-02 10:30:40.435+02:00 Configuration: Enabled protocols           topics="waku conf" tid=42814261 relay=true rlnRelay=false store=false filter=false lightPush=false peerExchange=false rendezvous=false
[2026-10-02 10:30:40.435] [out] [delivery_module] INF 2026-10-02 10:30:40.435+02:00 Configuration. Network                     topics="waku conf" tid=42814261 cluster=42
[2026-10-02 10:30:40.435] [out] [delivery_module] DBG 2026-10-02 10:30:40.435+02:00 Configuration. Active Relay Shards         topics="waku conf" tid=42814261 shard=0
[2026-10-02 10:30:40.435] [out] [delivery_module] INF 2026-10-02 10:30:40.435+02:00 Setting up storage                         tid=42814261
[2026-10-02 10:30:40.435] [out] [delivery_module] INF 2026-10-02 10:30:40.435+02:00 Initializing node                          tid=42814261
[2026-10-02 10:30:40.436] [out] [delivery_module] INF 2026-10-02 10:30:40.436+02:00 Initializing networking                    tid=42814261 addrs=@[/ip4/127.0.0.1/tcp/50268]
[2026-10-02 10:30:40.436] [out] [delivery_module] INF 2026-10-02 10:30:40.436+02:00 Mounting protocols                         tid=42814261
[2026-10-02 10:30:40.436] [out] [delivery_module] INF 2026-10-02 10:30:40.436+02:00 Created WakuMetadata protocol              topics="waku node" tid=42814261 clusterId=42 shards="[0]"
[2026-10-02 10:30:40.436] [out] [delivery_module] INF 2026-10-02 10:30:40.436+02:00 Mounting mix protocol                      topics="waku node" tid=42814261INF 2026-10-02 10:30:40.436+02:00 node info                                  topics="waku node" tid=42814261 wakuInfo="(listenAddresses: [/ip4/127.0.0.1/tcp/50268/p2p/16Uiu2HAkv9vJgRgEEtKcfxXZBJocT4JLqU4AJ8XQdc9E4dY9swBp], enrUri: enr:-JS4QDaGbDjSx_Bus7EPuxplqoe4pX4pPSqVnx-ofeMFQ71hKQNoXEX0SaCMQAezI9asps15KcU36uK_4UJHPMAWulcBgmlkgnY0gmlwhH8AAAGCcnOFACoBAACJc2VjcDI1NmsxoQIK0pePce6eUcWnFX8WjsbDR_BJZo4wIBYFmA-oSj9kO4N0Y3CCxFyFd2FrdTIh, mixPubKey: none())"
[2026-10-02 10:30:40.436] [out] [delivery_module]  nodeId="(listenAddresses: [/ip4/127.0.0.1/tcp/50268/p2p/16Uiu2HAkv9vJgRgEEtKcfxXZBJocT4JLqU4AJ8XQdc9E4dY9swBp], enrUri: enr:-JS4QDaGbDjSx_Bus7EPuxplqoe4pX4pPSqVnx-ofeMFQ71hKQNoXEX0SaCMQAezI9asps15KcU36uK_4UJHPMAWulcBgmlkgnY0gmlwhH8AAAGCcnOFACoBAACJc2VjcDI1NmsxoQIK0pePce6eUcWnFX8WjsbDR_BJZo4wIBYFmA-oSj9kO4N0Y3CCxFyFd2FrdTIh, mixPubKey: none())"
[2026-10-02 10:30:40.436] [out] [delivery_module] INF 2026-10-02 10:30:40.436+02:00 local addr                                 topics="waku node" tid=42814261 localaddr=/ip4/127.0.0.1/tcp/50268
[2026-10-02 10:30:40.436] [out] [delivery_module] INF 2026-10-02 10:30:40.436+02:00 mixPubKey                                  topics="waku node" tid=42814261 mixPubKey="[192, 128, 62, 45, 125, 208, 76, 247, 41, 188, 4, 70, 85, 51, 26, 155, 221, 167, 85, 61, 44, 33, 198, 232, 219, 103, 246, 191, 182, 206, 247, 69]"
[2026-10-02 10:30:40.436] [out] [delivery_module] INF 2026-10-02 10:30:40.436+02:00 Using mix bootstrap nodes                  topics="waku mix" tid=42814261 entries=4 poolSize=4
[2026-10-02 10:30:40.436] [out] [delivery_module] INF 2026-10-02 10:30:40.436+02:00 mounting store client                      topics="waku node store api" tid=42814261
[2026-10-02 10:30:40.436] [out] [delivery_module] INF 2026-10-02 10:30:40.436+02:00 Mounting auto sharding                     topics="waku node" tid=42814261 clusterId=42 shardCount=1
[2026-10-02 10:30:40.436] [out] [delivery_module] DBG 2026-10-02 10:30:40.436+02:00 Shards created from content topics         tid=42814261 contentTopics=[] shards=[]
[2026-10-02 10:30:40.436] [out] [delivery_module] DBG 2026-10-02 10:30:40.436+02:00 Setting max message size                   tid=42814261 num_bytes=153600
[2026-10-02 10:30:40.436] [out] [delivery_module] INF 2026-10-02 10:30:40.436+02:00 mounting relay protocol                    topics="waku node relay api" tid=42814261
[2026-10-02 10:30:40.436] [out] [delivery_module] DBG 2026-10-02 10:30:40.436+02:00 relay mounted successfully                 topics="waku node relay api" tid=42814261
[2026-10-02 10:30:40.436] [out] [delivery_module] DBG 2026-10-02 10:30:40.436+02:00 Adding validator to signed shards          tid=42814261 protectedShards=[] clusterId=42
[2026-10-02 10:30:40.436] [out] [delivery_module] INF 2026-10-02 10:30:40.436+02:00 mounting libp2p ping protocol              topics="waku node ping api" tid=42814261
[2026-10-02 10:30:40.436] [out] [delivery_module] INF 2026-10-02 10:30:40.436+02:00 mounting light push client                 topics="waku node lightpush api" tid=42814261
[2026-10-02 10:30:40.436] [out] [delivery_module] INF 2026-10-02 10:30:40.436+02:00 mounting legacy light push client          topics="waku node lightpush api" tid=42814261
[2026-10-02 10:30:40.436] [out] [delivery_module] DBG 2026-10-02 10:30:40.436+02:00 Adding peer to service slots               topics="waku node peer_manager" tid=42814261 peerId=16U*1xkeAz addr=/ip4/127.0.0.1/tcp/50264 service=/vac/waku/lightpush/3.0.0
[2026-10-02 10:30:40.436] [out] [delivery_module] DBG 2026-10-02 10:30:40.436+02:00 Adding peer to service slots               topics="waku node peer_manager" tid=42814261 peerId=16U*1xkeAz addr=/ip4/127.0.0.1/tcp/50264 service=/vac/waku/lightpush/2.0.0-beta1
[2026-10-02 10:30:40.436] [out] [delivery_module] INF 2026-10-02 10:30:40.436+02:00 mounting filter client                     topics="waku node filter api" tid=42814261
[2026-10-02 10:30:40.436] [out] [delivery_module] INF 2026-10-02 10:30:40.436+02:00 mounting waku peer exchange client         topics="waku node peerexchange api" tid=42814261
[2026-10-02 10:30:40.436] [out] [delivery_module] INF 2026-10-02 10:30:40.436+02:00 No external callbacks to be set            topics="wakunode waku" tid=42814261
[2026-10-02 10:30:40.436] [out] [delivery_module] INF 2026-10-02 10:30:40.436+02:00 Setting up AutonatService                  topics="libp2p autonatservice" tid=42814261
[2026-10-02 10:30:40.437] [info] [logos] [delivery_module] DeliveryModuleImpl::createNode callback called with ret: 0
[2026-10-02 10:30:40.438] [info] [logos] [delivery_module] DeliveryModuleImpl: Delivery context created successfully
[2026-10-02 10:30:40.438] [info] [logos] [delivery_module] DeliveryModuleImpl::start called
[2026-10-02 10:30:40.438] [out] [delivery_module] INF 2026-10-02 10:30:40.438+02:00 Retrieve dynamic bootstrap nodes           topics="wakunode waku" tid=42814261
[2026-10-02 10:30:40.438] [info] [logos] [delivery_module] DeliveryModuleImpl::getNodeInfo called with nodeInfoId: MyPeerId
[2026-10-02 10:30:40.438] [out] [delivery_module] INF 2026-10-02 10:30:40.438+02:00 Running nwaku node                         tid=42814261 version=v0.39.0-gca2814
[2026-10-02 10:30:40.438] [out] [delivery_module] INF 2026-10-02 10:30:40.438+02:00 Starting Waku node                         topics="waku node" tid=42814261 version=v0.39.0-gca2814
[2026-10-02 10:30:40.438] [out] [delivery_module] DBG 2026-10-02 10:30:40.438+02:00 starting switch for peer                   topics="libp2p switch" tid=42814261 peerInfo="(peerId: 16Uiu2HAkv9vJgRgEEtKcfxXZBJocT4JLqU4AJ8XQdc9E4dY9swBp, listenAddrs: [/ip4/127.0.0.1/tcp/50268], addrs: [], protocols: [/ipfs/id/1.0.0, /libp2p/autonat/1.0.0, /libp2p/circuit/relay/0.2.0/hop, /vac/waku/metadata/1.0.0, /mix/1.0.0, /vac/waku/relay/2.0.0, /ipfs/ping/1.0.0, /vac/waku/filter-push/2.0.0-beta1], protoVersion: ipfs/0.1.0, agentVersion: logos-delivery-v0.39.0-gca2814)"
[2026-10-02 10:30:40.438] [out] [delivery_module] DBG 2026-10-02 10:30:40.438+02:00 About to accept incoming connection        topics="libp2p switch" tid=42814261
[2026-10-02 10:30:40.438] [out] [delivery_module] INF 2026-10-02 10:30:40.438+02:00 start                                      topics="waku relay" tid=42814261
[2026-10-02 10:30:40.439] [out] [delivery_module] DBG 2026-10-02 10:30:40.438+02:00 Started libp2p node                        topics="libp2p switch" tid=42814261 peer="(peerId: 16Uiu2HAkv9vJgRgEEtKcfxXZBJocT4JLqU4AJ8XQdc9E4dY9swBp, listenAddrs: [/ip4/127.0.0.1/tcp/50268], addrs: [/ip4/127.0.0.1/tcp/50268], protocols: [/ipfs/id/1.0.0, /libp2p/autonat/1.0.0, /libp2p/circuit/relay/0.2.0/hop, /vac/waku/metadata/1.0.0, /mix/1.0.0, /vac/waku/relay/2.0.0, /ipfs/ping/1.0.0, /vac/waku/filter-push/2.0.0-beta1], protoVersion: ipfs/0.1.0, agentVersion: logos-delivery-v0.39.0-gca2814)"
[2026-10-02 10:30:40.439] [out] [delivery_module] INF 2026-10-02 10:30:40.439+02:00 Announced base resolved                    topics="waku node" tid=42814261 addrs=@[/ip4/127.0.0.1/tcp/50268] explicit=@[/ip4/127.0.0.1/tcp/50268]
[2026-10-02 10:30:40.440] [out] [delivery_module] DBG 2026-10-02 10:30:40.440+02:00 ENR addresses updated                      topics="waku enr" tid=42814261 retained=1 total=1
[2026-10-02 10:30:40.440] [out] [delivery_module] INF 2026-10-02 10:30:40.440+02:00 Node started successfully                  topics="waku node" tid=42814261
[2026-10-02 10:30:40.440] [out] [delivery_module] DBG 2026-10-02 10:30:40.440+02:00 Dialing multiple peers                     tid=42814261 numOfPeers=4 nodes="@[\"/ip4/127.0.0.1/tcp/50264/p2p/16Uiu2HAmRPTuuwyKhQnA5jUYkqyCSFAcv1NyeBSdgJwVc31xkeAz\", \"/ip4/127.0.0.1/tcp/50265/p2p/16Uiu2HAmL6iZ7QuaFgu89Uc3J1v49w5NJ6kkKhDK8qEmxsc2H64X\", \"/ip4/127.0.0.1/tcp/50266/p2p/16Uiu2HAkzUZA5nEo3qBXp5XkVwsoFwA2o6cXwJZ9QHz4mrm8aKAR\", \"/ip4/127.0.0.1/tcp/50267/p2p/16Uiu2HAkv4hpPDTADsjRmvL7UmyRBL3XW2Zj1dakHgk1GWqu524c\"]"
[2026-10-02 10:30:40.440] [out] [delivery_module] DBG 2026-10-02 10:30:40.440+02:00 Dialing peer                               topics="libp2p dialer" tid=42814261 peerId=16U*1xkeAz addrs="[/ip4/127.0.0.1/tcp/50264]"
[2026-10-02 10:30:40.440] [out] [delivery_module] DBG 2026-10-02 10:30:40.440+02:00 Expanded address and hostname              topics="libp2p dialer" tid=42814261 expandedAddress=/ip4/127.0.0.1/tcp/50264 hostname=127.0.0.1 resolvedAddresses="[/ip4/127.0.0.1/tcp/50264]"
[2026-10-02 10:30:40.440] [out] [delivery_module] DBG 2026-10-02 10:30:40.440+02:00 Dialing peer                               topics="libp2p dialer" tid=42814261 peerId=16U*c2H64X addrs="[/ip4/127.0.0.1/tcp/50265]"
[2026-10-02 10:30:40.440] [out] [delivery_module] DBG 2026-10-02 10:30:40.440+02:00 Expanded address and hostname              topics="libp2p dialer" tid=42814261 expandedAddress=/ip4/127.0.0.1/tcp/50265 hostname=127.0.0.1 resolvedAddresses="[/ip4/127.0.0.1/tcp/50265]"
[2026-10-02 10:30:40.440] [out] [delivery_module] DBG 2026-10-02 10:30:40.440+02:00 Dialing peer                               topics="libp2p dialer" tid=42814261 peerId=16U*m8aKAR addrs="[/ip4/127.0.0.1/tcp/50266]"
[2026-10-02 10:30:40.440] [out] [delivery_module] DBG 2026-10-02 10:30:40.440+02:00 Expanded address and hostname              topics="libp2p dialer" tid=42814261 expandedAddress=/ip4/127.0.0.1/tcp/50266 hostname=127.0.0.1 resolvedAddresses="[/ip4/127.0.0.1/tcp/50266]"
[2026-10-02 10:30:40.440] [out] [delivery_module] DBG 2026-10-02 10:30:40.440+02:00 Dialing peer                               topics="libp2p dialer" tid=42814261 peerId=16U*qu524c addrs="[/ip4/127.0.0.1/tcp/50267]"
[2026-10-02 10:30:40.440] [out] [delivery_module] DBG 2026-10-02 10:30:40.440+02:00 Expanded address and hostname              topics="libp2p dialer" tid=42814261 expandedAddress=/ip4/127.0.0.1/tcp/50267 hostname=127.0.0.1 resolvedAddresses="[/ip4/127.0.0.1/tcp/50267]"
[2026-10-02 10:30:40.441] [info] [logos] [delivery_module] DeliveryModuleImpl::subscribe called with contentTopic: /lp0026forum/1/general/text
[2026-10-02 10:30:40.441] [out] [delivery_module] DBG 2026-10-02 10:30:40.441+02:00 Subscribing to pubsub topic                topics="waku relay" tid=42814261 pubsubTopic=/waku/2/rs/42/0
[2026-10-02 10:30:40.441] [info] [logos] [delivery_module] DeliveryModuleImpl: Subscribe completed for topic: /lp0026forum/1/general/text with success
[2026-10-02 10:30:40.441] [out] [delivery_module] DBG 2026-10-02 10:30:40.441+02:00 No mesh peer for the given pubsub topic    topics="waku relay" tid=42814261 pubsubTopic=/waku/2/rs/42/0
[2026-10-02 10:30:40.443] [out] [delivery_module] DBG 2026-10-02 10:30:40.443+02:00 Dial successful                            topics="libp2p dialer" tid=42814261 peerId=16U*m8aKAR
[2026-10-02 10:30:40.443] [out] [delivery_module] DBG 2026-10-02 10:30:40.443+02:00 Dial successful                            topics="libp2p dialer" tid=42814261 peerId=16U*1xkeAz
[2026-10-02 10:30:40.443] [out] [delivery_module] DBG 2026-10-02 10:30:40.443+02:00 starting sendNonHighPriorityTask           topics="libp2p pubsubpeer" tid=42814261 p=16U*m8aKAR
[2026-10-02 10:30:40.443] [out] [delivery_module] DBG 2026-10-02 10:30:40.443+02:00 created new pubsub peer                    topics="libp2p pubsub" tid=42814261 peerId=16U*m8aKAR
[2026-10-02 10:30:40.443] [out] [delivery_module] DBG 2026-10-02 10:30:40.443+02:00 no listener registered                     tid=42814262 event=onConnectionChange
[2026-10-02 10:30:40.443] [out] [delivery_module] DBG 2026-10-02 10:30:40.443+02:00 starting sendNonHighPriorityTask           topics="libp2p pubsubpeer" tid=42814261 p=16U*1xkeAz
[2026-10-02 10:30:40.443] [out] [delivery_module] DBG 2026-10-02 10:30:40.443+02:00 created new pubsub peer                    topics="libp2p pubsub" tid=42814261 peerId=16U*1xkeAz
[2026-10-02 10:30:40.443] [out] [delivery_module] DBG 2026-10-02 10:30:40.443+02:00 no listener registered                     tid=42814262 event=onConnectionChange
[2026-10-02 10:30:40.443] [out] [delivery_module] DBG 2026-10-02 10:30:40.443+02:00 Incoming WakuRelay connection              topics="waku relay" tid=42814261 connection=16U*m8aKAR:6abf6bb0d349c5fc69fd598a protocol=/vac/waku/relay/2.0.0
[2026-10-02 10:30:40.443] [out] [delivery_module] DBG 2026-10-02 10:30:40.443+02:00 starting pubsub read loop                  topics="libp2p pubsubpeer" tid=42814261 stream=16U*m8aKAR:6abf6bb0d349c5fc69fd598a peer=16U*m8aKAR closed=false
[2026-10-02 10:30:40.444] [out] [delivery_module] DBG 2026-10-02 10:30:40.443+02:00 identify: info sent                        topics="libp2p identify" tid=42814261 stream=16U*m8aKAR:6abf6bb0d349c5fc69fd598b info="(peerId: 16Uiu2HAkv9vJgRgEEtKcfxXZBJocT4JLqU4AJ8XQdc9E4dY9swBp, listenAddrs: [/ip4/127.0.0.1/tcp/50268], addrs: [/ip4/127.0.0.1/tcp/50268], protocols: [/ipfs/id/1.0.0, /libp2p/autonat/1.0.0, /libp2p/circuit/relay/0.2.0/hop, /vac/waku/metadata/1.0.0, /mix/1.0.0, /vac/waku/relay/2.0.0, /ipfs/ping/1.0.0, /vac/waku/filter-push/2.0.0-beta1], protoVersion: ipfs/0.1.0, agentVersion: logos-delivery-v0.39.0-gca2814)"
[2026-10-02 10:30:40.444] [out] [delivery_module] DBG 2026-10-02 10:30:40.444+02:00 Incoming WakuRelay connection              topics="waku relay" tid=42814261 connection=16U*1xkeAz:6abf6bb0d349c5fc69fd598c protocol=/vac/waku/relay/2.0.0
[2026-10-02 10:30:40.444] [out] [delivery_module] DBG 2026-10-02 10:30:40.444+02:00 starting pubsub read loop                  topics="libp2p pubsubpeer" tid=42814261 stream=16U*1xkeAz:6abf6bb0d349c5fc69fd598c peer=16U*1xkeAz closed=false
[2026-10-02 10:30:40.444] [out] [delivery_module] DBG 2026-10-02 10:30:40.444+02:00 identify: info sent                        topics="libp2p identify" tid=42814261 stream=16U*1xkeAz:6abf6bb0d349c5fc69fd598d info="(peerId: 16Uiu2HAkv9vJgRgEEtKcfxXZBJocT4JLqU4AJ8XQdc9E4dY9swBp, listenAddrs: [/ip4/127.0.0.1/tcp/50268], addrs: [/ip4/127.0.0.1/tcp/50268], protocols: [/ipfs/id/1.0.0, /libp2p/autonat/1.0.0, /libp2p/circuit/relay/0.2.0/hop, /vac/waku/metadata/1.0.0, /mix/1.0.0, /vac/waku/relay/2.0.0, /ipfs/ping/1.0.0, /vac/waku/filter-push/2.0.0-beta1], protoVersion: ipfs/0.1.0, agentVersion: logos-delivery-v0.39.0-gca2814)"
[2026-10-02 10:30:40.444] [out] [delivery_module] DBG 2026-10-02 10:30:40.444+02:00 Dial successful                            topics="libp2p dialer" tid=42814261 peerId=16U*c2H64X
[2026-10-02 10:30:40.444] [out] [delivery_module] DBG 2026-10-02 10:30:40.444+02:00 Dial successful                            topics="libp2p dialer" tid=42814261 peerId=16U*qu524c
[2026-10-02 10:30:40.444] [out] [delivery_module] DBG 2026-10-02 10:30:40.444+02:00 starting sendNonHighPriorityTask           topics="libp2p pubsubpeer" tid=42814261 p=16U*c2H64X
[2026-10-02 10:30:40.444] [out] [delivery_module] DBG 2026-10-02 10:30:40.444+02:00 created new pubsub peer                    topics="libp2p pubsub" tid=42814261 peerId=16U*c2H64X
[2026-10-02 10:30:40.444] [out] [delivery_module] DBG 2026-10-02 10:30:40.444+02:00 no listener registered                     tid=42814262 event=onConnectionChange
[2026-10-02 10:30:40.444] [out] [delivery_module] DBG 2026-10-02 10:30:40.444+02:00 starting sendNonHighPriorityTask           topics="libp2p pubsubpeer" tid=42814261 p=16U*qu524c
[2026-10-02 10:30:40.444] [out] [delivery_module] DBG 2026-10-02 10:30:40.444+02:00 created new pubsub peer                    topics="libp2p pubsub" tid=42814261 peerId=16U*qu524c
[2026-10-02 10:30:40.444] [out] [delivery_module] DBG 2026-10-02 10:30:40.444+02:00 no listener registered                     tid=42814262 event=onConnectionChange
[2026-10-02 10:30:40.445] [out] [delivery_module] DBG 2026-10-02 10:30:40.445+02:00 Incoming WakuRelay connection              topics="waku relay" tid=42814261 connection=16U*c2H64X:6abf6bb0d349c5fc69fd5992 protocol=/vac/waku/relay/2.0.0
[2026-10-02 10:30:40.445] [out] [delivery_module] DBG 2026-10-02 10:30:40.445+02:00 starting pubsub read loop                  topics="libp2p pubsubpeer" tid=42814261 stream=16U*c2H64X:6abf6bb0d349c5fc69fd5992 peer=16U*c2H64X closed=false
[2026-10-02 10:30:40.445] [out] [delivery_module] DBG 2026-10-02 10:30:40.445+02:00 identify: info sent                        topics="libp2p identify" tid=42814261 stream=16U*c2H64X:6abf6bb0d349c5fc69fd5993 info="(peerId: 16Uiu2HAkv9vJgRgEEtKcfxXZBJocT4JLqU4AJ8XQdc9E4dY9swBp, listenAddrs: [/ip4/127.0.0.1/tcp/50268], addrs: [/ip4/127.0.0.1/tcp/50268], protocols: [/ipfs/id/1.0.0, /libp2p/autonat/1.0.0, /libp2p/circuit/relay/0.2.0/hop, /vac/waku/metadata/1.0.0, /mix/1.0.0, /vac/waku/relay/2.0.0, /ipfs/ping/1.0.0, /vac/waku/filter-push/2.0.0-beta1], protoVersion: ipfs/0.1.0, agentVersion: logos-delivery-v0.39.0-gca2814)"
[2026-10-02 10:30:40.445] [out] [delivery_module] DBG 2026-10-02 10:30:40.445+02:00 Incoming WakuRelay connection              topics="waku relay" tid=42814261 connection=16U*qu524c:6abf6bb0d349c5fc69fd5994 protocol=/vac/waku/relay/2.0.0
[2026-10-02 10:30:40.445] [out] [delivery_module] DBG 2026-10-02 10:30:40.445+02:00 starting pubsub read loop                  topics="libp2p pubsubpeer" tid=42814261 stream=16U*qu524c:6abf6bb0d349c5fc69fd5994 peer=16U*qu524c closed=false
[2026-10-02 10:30:40.445] [out] [delivery_module] DBG 2026-10-02 10:30:40.445+02:00 identify: info sent                        topics="libp2p identify" tid=42814261 stream=16U*qu524c:6abf6bb0d349c5fc69fd5995 info="(peerId: 16Uiu2HAkv9vJgRgEEtKcfxXZBJocT4JLqU4AJ8XQdc9E4dY9swBp, listenAddrs: [/ip4/127.0.0.1/tcp/50268], addrs: [/ip4/127.0.0.1/tcp/50268], protocols: [/ipfs/id/1.0.0, /libp2p/autonat/1.0.0, /libp2p/circuit/relay/0.2.0/hop, /vac/waku/metadata/1.0.0, /mix/1.0.0, /vac/waku/relay/2.0.0, /ipfs/ping/1.0.0, /vac/waku/filter-push/2.0.0-beta1], protoVersion: ipfs/0.1.0, agentVersion: logos-delivery-v0.39.0-gca2814)"
[2026-10-02 10:30:40.445] [out] [delivery_module] DBG 2026-10-02 10:30:40.445+02:00 identify: info received                    topics="libp2p identify" tid=42814261 stream=16U*m8aKAR:6abf6bb0d349c5fc69fd598f pubkey=ok(sec...99fc)) addresses=/ip4/127.0.0.1/tcp/50266 protocols=/ipfs/id/1.0.0,/libp2p/autonat/1.0.0,/libp2p/circuit/relay/0.2.0/hop,/vac/waku/metadata/1.0.0,/mix/1.0.0,/vac/waku/relay/2.0.0,/ipfs/ping/1.0.0,/vac/waku/lightpush/3.0.0,/vac/waku/lightpush/2.0.0-beta1,/vac/waku/filter-push/2.0.0-beta1 observable_address=ok(/ip4/127.0.0.1/tcp/50419) proto_version=ipfs/0.1.0 agent_version=logos-delivery-v0.39.0-gca2814 signedPeerRecord=None
[2026-10-02 10:30:40.445] [out] [delivery_module] DBG 2026-10-02 10:30:40.445+02:00 identify: info received                    topics="libp2p identify" tid=42814261 stream=16U*1xkeAz:6abf6bb0d349c5fc69fd5991 pubkey=ok(sec...e8bd)) addresses=/ip4/127.0.0.1/tcp/50264 protocols=/ipfs/id/1.0.0,/libp2p/autonat/1.0.0,/libp2p/circuit/relay/0.2.0/hop,/vac/waku/metadata/1.0.0,/mix/1.0.0,/vac/waku/relay/2.0.0,/ipfs/ping/1.0.0,/vac/waku/lightpush/3.0.0,/vac/waku/lightpush/2.0.0-beta1,/vac/waku/filter-push/2.0.0-beta1 observable_address=ok(/ip4/127.0.0.1/tcp/50417) proto_version=ipfs/0.1.0 agent_version=logos-delivery-v0.39.0-gca2814 signedPeerRecord=None
[2026-10-02 10:30:40.446] [out] [delivery_module] DBG 2026-10-02 10:30:40.446+02:00 starting pubsub read loop                  topics="libp2p pubsubpeer" tid=42814261 stream=16U*m8aKAR:6abf6bb0d349c5fc69fd598e peer=16U*m8aKAR closed=false
[2026-10-02 10:30:40.446] [out] [delivery_module] DBG 2026-10-02 10:30:40.446+02:00 starting pubsub read loop                  topics="libp2p pubsubpeer" tid=42814261 stream=16U*1xkeAz:6abf6bb0d349c5fc69fd5990 peer=16U*1xkeAz closed=false
[2026-10-02 10:30:40.446] [out] [delivery_module] DBG 2026-10-02 10:30:40.446+02:00 Event identified                           topics="waku node peer_manager" tid=42814261 peerId=16U*m8aKAR
[2026-10-02 10:30:40.446] [out] [delivery_module] DBG 2026-10-02 10:30:40.446+02:00 no listener registered                     tid=42814262 event=onConnectionChange
[2026-10-02 10:30:40.446] [out] [delivery_module] DBG 2026-10-02 10:30:40.446+02:00 Event identified                           topics="waku node peer_manager" tid=42814261 peerId=16U*1xkeAz
[2026-10-02 10:30:40.446] [out] [delivery_module] DBG 2026-10-02 10:30:40.446+02:00 no listener registered                     tid=42814262 event=onConnectionChange
[2026-10-02 10:30:40.446] [out] [delivery_module] DBG 2026-10-02 10:30:40.446+02:00 identify: info received                    topics="libp2p identify" tid=42814261 stream=16U*c2H64X:6abf6bb0d349c5fc69fd5997 pubkey=ok(sec...abf1)) addresses=/ip4/127.0.0.1/tcp/50265 protocols=/ipfs/id/1.0.0,/libp2p/autonat/1.0.0,/libp2p/circuit/relay/0.2.0/hop,/vac/waku/metadata/1.0.0,/mix/1.0.0,/vac/waku/relay/2.0.0,/ipfs/ping/1.0.0,/vac/waku/lightpush/3.0.0,/vac/waku/lightpush/2.0.0-beta1,/vac/waku/filter-push/2.0.0-beta1 observable_address=ok(/ip4/127.0.0.1/tcp/50418) proto_version=ipfs/0.1.0 agent_version=logos-delivery-v0.39.0-gca2814 signedPeerRecord=None
[2026-10-02 10:30:40.446] [out] [delivery_module] DBG 2026-10-02 10:30:40.446+02:00 identify: info received                    topics="libp2p identify" tid=42814261 stream=16U*qu524c:6abf6bb0d349c5fc69fd5999 pubkey=ok(sec...aefc)) addresses=/ip4/127.0.0.1/tcp/50267 protocols=/ipfs/id/1.0.0,/libp2p/autonat/1.0.0,/libp2p/circuit/relay/0.2.0/hop,/vac/waku/metadata/1.0.0,/mix/1.0.0,/vac/waku/relay/2.0.0,/ipfs/ping/1.0.0,/vac/waku/lightpush/3.0.0,/vac/waku/lightpush/2.0.0-beta1,/vac/waku/filter-push/2.0.0-beta1 observable_address=ok(/ip4/127.0.0.1/tcp/50420) proto_version=ipfs/0.1.0 agent_version=logos-delivery-v0.39.0-gca2814 signedPeerRecord=None
[2026-10-02 10:30:40.447] [out] [delivery_module] DBG 2026-10-02 10:30:40.447+02:00 starting pubsub read loop                  topics="libp2p pubsubpeer" tid=42814261 stream=16U*c2H64X:6abf6bb0d349c5fc69fd5996 peer=16U*c2H64X closed=false
[2026-10-02 10:30:40.447] [out] [delivery_module] DBG 2026-10-02 10:30:40.447+02:00 starting pubsub read loop                  topics="libp2p pubsubpeer" tid=42814261 stream=16U*qu524c:6abf6bb0d349c5fc69fd5998 peer=16U*qu524c closed=false
[2026-10-02 10:30:40.447] [out] [delivery_module] DBG 2026-10-02 10:30:40.447+02:00 Event identified                           topics="waku node peer_manager" tid=42814261 peerId=16U*c2H64X
[2026-10-02 10:30:40.447] [out] [delivery_module] DBG 2026-10-02 10:30:40.447+02:00 no listener registered                     tid=42814262 event=onConnectionChange
[2026-10-02 10:30:40.447] [out] [delivery_module] DBG 2026-10-02 10:30:40.447+02:00 Event identified                           topics="waku node peer_manager" tid=42814261 peerId=16U*qu524c
[2026-10-02 10:30:40.447] [out] [delivery_module] DBG 2026-10-02 10:30:40.447+02:00 no listener registered                     tid=42814262 event=onConnectionChange
[2026-10-02 10:30:40.447] [out] [delivery_module] DBG 2026-10-02 10:30:40.447+02:00 Received WakuMetadata request              topics="waku metadata" tid=42814261 remoteClusterId=ok(42) remoteShards="[0]" localClusterId=42 localShards="[0]" peer=16U*m8aKAR
[2026-10-02 10:30:40.447] [out] [delivery_module] DBG 2026-10-02 10:30:40.447+02:00 Received WakuMetadata request              topics="waku metadata" tid=42814261 remoteClusterId=ok(42) remoteShards="[0]" localClusterId=42 localShards="[0]" peer=16U*1xkeAz
[2026-10-02 10:30:40.448] [out] [delivery_module] DBG 2026-10-02 10:30:40.448+02:00 Received WakuMetadata request              topics="waku metadata" tid=42814261 remoteClusterId=ok(42) remoteShards="[0]" localClusterId=42 localShards="[0]" peer=16U*c2H64X
[2026-10-02 10:30:40.448] [out] [delivery_module] DBG 2026-10-02 10:30:40.448+02:00 Received WakuMetadata request              topics="waku metadata" tid=42814261 remoteClusterId=ok(42) remoteShards="[0]" localClusterId=42 localShards="[0]" peer=16U*qu524c
[2026-10-02 10:30:40.449] [out] [delivery_module] DBG 2026-10-02 10:30:40.449+02:00 no listener registered                     tid=42814262 event=onConnectionChange
[2026-10-02 10:30:40.449] [out] [delivery_module] DBG 2026-10-02 10:30:40.449+02:00 no listener registered                     tid=42814262 event=onConnectionChange
[2026-10-02 10:30:40.449] [out] [delivery_module] DBG 2026-10-02 10:30:40.449+02:00 no listener registered                     tid=42814262 event=onConnectionChange
[2026-10-02 10:30:40.449] [out] [delivery_module] DBG 2026-10-02 10:30:40.449+02:00 no listener registered                     tid=42814262 event=onConnectionChange
[2026-10-02 10:30:40.449] [out] [delivery_module] DBG 2026-10-02 10:30:40.449+02:00 Finished dialing multiple peers            tid=42814261 successfulConns=4 attempted=4
[2026-10-02 10:30:40.449] [out] [delivery_module] DBG 2026-10-02 10:30:40.449+02:00 Starting peer exchange loop                topics="waku node peerexchange api" tid=42814261
[2026-10-02 10:30:40.449] [out] [delivery_module] DBG 2026-10-02 10:30:40.449+02:00 Retrieving peer info via peer exchange protocol topics="waku node peerexchange api" tid=42814261 amount=5
[2026-10-02 10:30:40.449] [out] [delivery_module] DBG 2026-10-02 10:30:40.449+02:00 Peer exchange request could not be made as no peer exchange peers found topics="waku peer_exchange client" tid=42814261
[2026-10-02 10:30:40.449] [out] [delivery_module] DBG 2026-10-02 10:30:40.449+02:00 Failed to retrieve peer info via peer exchange protocol topics="waku node peerexchange api" tid=42814261 error="(status_code: SERVICE_UNAVAILABLE, status_desc: ok(peer_not_found_failure))"
[2026-10-02 10:30:40.449] [out] [delivery_module] DBG 2026-10-02 10:30:40.449+02:00 Cannot fetch peers from peer exchange      topics="waku node peerexchange api" tid=42814261 cause="(status_code: SERVICE_UNAVAILABLE, status_desc: ok(peer_not_found_failure))"
[2026-10-02 10:30:40.449] [out] [delivery_module] INF 2026-10-02 10:30:40.449+02:00 Relay peer connections                     topics="waku node peer_manager" tid=42814261 inRelayConns=0/50 outRelayConns=4/25 totalConnections=4/150 notConnectedPeers=0 outsideBackoffPeers=0
[2026-10-02 10:30:40.450] [out] [delivery_module] DBG 2026-10-02 10:30:40.450+02:00 ENR addresses updated                      topics="waku enr" tid=42814261 retained=1 total=1
[2026-10-02 10:30:40.450] [out] [delivery_module] INF 2026-10-02 10:30:40.450+02:00 Node is online                             topics="waku online monitor" tid=42814261
[2026-10-02 10:30:40.450] [out] [delivery_module] INF 2026-10-02 10:30:40.450+02:00 Health monitor loop start                  tid=42814261
[2026-10-02 10:30:40.450] [out] [delivery_module] DBG 2026-10-02 10:30:40.450+02:00 calculateConnectionState                   tid=42814261 relayCount=4 storeClientCount=0 lightpushCount=4 filterCount=0
[2026-10-02 10:30:40.450] [out] [delivery_module] DBG 2026-10-02 10:30:40.450+02:00 connectionStatus change                    tid=42814261 oldstatus=Disconnected newstatus=Connected
[2026-10-02 10:30:40.450] [out] [delivery_module] INF 2026-10-02 10:30:40.450+02:00 starting keepalive                         tid=42814261 randomPeersKeepalive=10s allPeersKeepalive=2m
qt.qpa.fonts: Populating font family aliases took 41 ms. Replace uses of missing font family "Sans Serif" with one that exists to avoid this cost. 
[2026-10-02 10:30:40.542] [out] [delivery_module] DBG 2026-10-02 10:30:40.542+02:00 No mesh peer for the given pubsub topic    topics="waku relay" tid=42814261 pubsubTopic=/waku/2/rs/42/0
Loaded UI plugin: "/nix/store/75y0ikf2rmd03wjspwzcgpq9rk0i8njk-logos-forum_module-plugin-dir"
[QmlInspector] Inspector server listening on port 3768
[QmlInspector] Client connected from "::1"
[QmlInspector] Client disconnected
[QmlInspector] Client connected from "::1"
[QmlInspector] Client disconnected
