run-logos-standalone-ui: hot-reloading QML from <repo>/src/qml
  (export DEV_QML_PATH to override, or LOGOS_QML_HOT_RELOAD=0 to disable)
Session directory: "~/Library/Application Support/Logos/LogosStandalone"
[2026-10-10 15:11:05.026] [info] [logos] Granting host services to 'capability_module': token_registry,token_delivery
[2026-10-10 15:11:05.143] [out] [capability_module] [2026-10-10 15:11:05.142] [info] Granting host services to capability_module: ["token_registry","token_delivery"]
RemoteTransportConnection: Connecting to registry: "local:logos_capability_module_93b87ea16f5e" at "15:11:05.144"
RemoteTransportConnection: Registry connect attempt started (no peer contact yet): "local:logos_capability_module_93b87ea16f5e"
LogosAPIConsumer: Informing module token for module: "capability_module" with token: "redacted:12003b11…"
RemoteTransportConnection: Requesting object: "capability_module" at "15:11:05.145"
[LogosObject] RemoteTransportConnection: returning RemoteLogosObject for: "capability_module"
[LogosObject] Created RemoteLogosObject wrapping QRemoteObjectReplica 105553144065344
[LogosObject] LogosAPIConsumer: calling LogosObject::informModuleToken for "capability_module"
LogosAPIConsumer: informModuleToken completed with result: true
[LogosObject] Destroying RemoteLogosObject 0
[2026-10-10 15:11:05.231] [info] [logos] Module loaded: capability_module
LogosAPIConsumer: Informing module token for module: "modules_state" with token: "redacted:a2cefceb…"
RemoteTransportConnection: Requesting object: "capability_module" at "15:11:05.535"
[LogosObject] RemoteTransportConnection: returning RemoteLogosObject for: "capability_module"
[LogosObject] Created RemoteLogosObject wrapping QRemoteObjectReplica 105553144300640
[LogosObject] LogosAPIConsumer: calling LogosObject::informModuleToken for "modules_state"
LogosAPIConsumer: informModuleToken completed with result: true
[LogosObject] Destroying RemoteLogosObject 0
[2026-10-10 15:11:05.599] [info] [logos] Module loaded: modules_state
RemoteTransportConnection: Connecting to registry: "local:logos_modules_state_93b87ea16f5e" at "15:11:05.599"
RemoteTransportConnection: Registry connect attempt started (no peer contact yet): "local:logos_modules_state_93b87ea16f5e"
RemoteTransportConnection: Connecting to registry: "local:logos_capability_module_93b87ea16f5e" at "15:11:05.599"
RemoteTransportConnection: Registry connect attempt started (no peer contact yet): "local:logos_capability_module_93b87ea16f5e"
LogosAPIConsumer: '"modules_state"::""' deferred pending the module becoming reachable
LogosAPIConsumer: '"modules_state"::""' deferred pending the module becoming reachable
Logos Core started (modules dir: "/nix/store/gxna1vv93drk0r01vph163c8q3dw4ng4-logos-forum_module-plugin-dir-modules" )
Set app icon from metadata: "/nix/store/h59z783ls34w3ah4nbkxka51ra4xpv9s-logos-forum_module-plugin-dir/src/icons/icon.png"
[2026-10-10 15:11:05.756] [info] [logos] [delivery_module] DeliveryModuleImpl: Initializing...
LogosAPIConsumer: Informing module token for module: "delivery_module" with token: "redacted:c93003bb…"
RemoteTransportConnection: Requesting object: "capability_module" at "15:11:05.758"
[LogosObject] RemoteTransportConnection: returning RemoteLogosObject for: "capability_module"
[LogosObject] Created RemoteLogosObject wrapping QRemoteObjectReplica 105553144170560
[LogosObject] LogosAPIConsumer: calling LogosObject::informModuleToken for "delivery_module"
LogosAPIConsumer: informModuleToken completed with result: true
[LogosObject] Destroying RemoteLogosObject 0
[2026-10-10 15:11:05.759] [info] [logos] Module loaded: delivery_module
RemoteTransportConnection: Connecting to registry: "local:logos_delivery_module_93b87ea16f5e" at "15:11:05.759"
RemoteTransportConnection: Registry connect attempt started (no peer contact yet): "local:logos_delivery_module_93b87ea16f5e"
RemoteTransportConnection: Connecting to registry: "local:logos_capability_module_93b87ea16f5e" at "15:11:05.759"
RemoteTransportConnection: Registry connect attempt started (no peer contact yet): "local:logos_capability_module_93b87ea16f5e"
LogosAPIConsumer: '"delivery_module"::""' deferred pending the module becoming reachable
LogosAPIClient: getToken for module: "modules_state"
LogosAPIClient: Found token for module: "modules_state"
RemoteTransportConnection: Requesting object: "modules_state" at "15:11:05.759"
[LogosObject] RemoteTransportConnection: returning RemoteLogosObject for: "modules_state"
[LogosObject] Created RemoteLogosObject wrapping QRemoteObjectReplica 105553144452032
[LogosObject] LogosAPIConsumer: async calling via LogosObject::callMethodAsync "note_transition"
[LogosObject] RemoteLogosObject::callMethodAsync "note_transition" args: 7
LogosAPIClient: getToken for module: "modules_state"
LogosAPIClient: Found token for module: "modules_state"
[LogosObject] LogosAPIConsumer: async calling via LogosObject::callMethodAsync "note_transition"
[LogosObject] RemoteLogosObject::callMethodAsync "note_transition" args: 7
Loaded dependency (with transitive deps): "delivery_module"
[2026-10-10 15:11:06.145] [info] [logos] [storage_module] StorageModuleImpl: Initializing...
LogosAPIConsumer: Informing module token for module: "storage_module" with token: "redacted:4bf3c4c0…"
RemoteTransportConnection: Requesting object: "capability_module" at "15:11:06.146"
[LogosObject] Created RemoteLogosObject wrapping QRemoteObjectReplica 105553144448288
LogosAPIClient: invoking remote method "modules_state" "apply_snapshot" args_count: 1
LogosAPIClient: getToken for module: "modules_state"
LogosAPIClient: Found token for module: "modules_state"
LogosAPIConsumer: Calling invokeRemoteMethod: "modules_state" "apply_snapshot" args_count: 1 timeout: 20000
[LogosObject] LogosAPIConsumer: calling via LogosObject::callMethod "apply_snapshot"
[LogosObject] RemoteLogosObject::callMethod "apply_snapshot" args: 1
[LogosObject] Created RemoteLogosObject wrapping QRemoteObjectReplica 105553144451872
LogosAPIClient: getToken for module: "modules_state"
LogosAPIClient: Found token for module: "modules_state"
[LogosObject] LogosAPIConsumer: async calling via LogosObject::callMethodAsync "note_transition"
[LogosObject] RemoteLogosObject::callMethodAsync "note_transition" args: 7
LogosAPIClient: getToken for module: "modules_state"
LogosAPIClient: Found token for module: "modules_state"
[LogosObject] LogosAPIConsumer: async calling via LogosObject::callMethodAsync "note_transition"
[LogosObject] RemoteLogosObject::callMethodAsync "note_transition" args: 7
[2026-10-10 15:11:06.148] [info] [logos] Pushed module snapshot to modules_state
LogosAPIClient: getToken for module: "modules_state"
LogosAPIClient: Found token for module: "modules_state"
[LogosObject] LogosAPIConsumer: async calling via LogosObject::callMethodAsync "note_transition"
[LogosObject] RemoteLogosObject::callMethodAsync "note_transition" args: 7
[LogosObject] RemoteTransportConnection: returning RemoteLogosObject for: "capability_module"
[LogosObject] Created RemoteLogosObject wrapping QRemoteObjectReplica 105553144450624
[LogosObject] LogosAPIConsumer: calling LogosObject::informModuleToken for "storage_module"
LogosAPIConsumer: informModuleToken completed with result: true
[LogosObject] Destroying RemoteLogosObject 0
[2026-10-10 15:11:06.148] [info] [logos] Module loaded: storage_module
RemoteTransportConnection: Connecting to registry: "local:logos_storage_module_93b87ea16f5e" at "15:11:06.149"
RemoteTransportConnection: Registry connect attempt started (no peer contact yet): "local:logos_storage_module_93b87ea16f5e"
RemoteTransportConnection: Connecting to registry: "local:logos_capability_module_93b87ea16f5e" at "15:11:06.149"
RemoteTransportConnection: Registry connect attempt started (no peer contact yet): "local:logos_capability_module_93b87ea16f5e"
LogosAPIConsumer: '"storage_module"::""' deferred pending the module becoming reachable
LogosAPIClient: getToken for module: "modules_state"
LogosAPIClient: Found token for module: "modules_state"
[LogosObject] LogosAPIConsumer: async calling via LogosObject::callMethodAsync "note_transition"
[LogosObject] RemoteLogosObject::callMethodAsync "note_transition" args: 7
Loaded dependency (with transitive deps): "storage_module"
DEV_QML_PATH override active: <repo>/src/qml/Main.qml
RemoteTransportConnection: Connecting to registry: "local:logos_capability_module_93b87ea16f5e" at "15:11:06.149"
RemoteTransportConnection: Registry connect attempt started (no peer contact yet): "local:logos_capability_module_93b87ea16f5e"
LogosAPIConsumer: Informing module token for module: "forum_module" with token: "redacted:543cb541…"
RemoteTransportConnection: Requesting object: "capability_module" at "15:11:06.149"
[LogosObject] RemoteTransportConnection: returning RemoteLogosObject for: "capability_module"
[LogosObject] Created RemoteLogosObject wrapping QRemoteObjectReplica 105553144156256
[LogosObject] LogosAPIConsumer: calling LogosObject::informModuleToken for "forum_module"
[LogosObject] Created RemoteLogosObject wrapping QRemoteObjectReplica 105553144500320
LogosAPIClient: getToken for module: "modules_state"
LogosAPIClient: Found token for module: "modules_state"
[LogosObject] LogosAPIConsumer: async calling via LogosObject::callMethodAsync "note_transition"
[LogosObject] RemoteLogosObject::callMethodAsync "note_transition" args: 7
LogosAPIConsumer: informModuleToken completed with result: true
[LogosObject] Destroying RemoteLogosObject 0
qt.qpa.fonts: Populating font family aliases took 181 ms. Replace uses of missing font family "Public Sans" with one that exists to avoid this cost. 
Loaded UI plugin: "/nix/store/h59z783ls34w3ah4nbkxka51ra4xpv9s-logos-forum_module-plugin-dir"
[QmlInspector] Inspector server listening on port 3768
[QmlInspector] Client connected from "::1"
[2026-10-10 15:11:13.083] [warning] [logos] [capability_module] Warning: QObject::connect: No such signal ::eventResponse(QString,QVariantList)
[2026-10-10 15:11:13.084] [info] [logos] [delivery_module] DeliveryModuleImpl::getNodeInfo called with nodeInfoId: MyPeerId
[2026-10-10 15:11:13.084] [info] [logos] [delivery_module] DeliveryModuleImpl: Cannot get node info - context not initialized. Call createNode first.
[2026-10-10 15:11:13.084] [info] [logos] [delivery_module] DeliveryModuleImpl::createNode called
[2026-10-10 15:11:13.112] [info] [logos] [delivery_module] DeliveryModuleImpl: Waiting for createNode callback...
[2026-10-10 15:11:13.115] [out] [delivery_module] DBG 2026-10-10 15:11:13.114+02:00 Whether to mount storeSync is not specified, defaulting to not mounting topics="waku conf builder" tid=19256152
[2026-10-10 15:11:13.115] [out] [delivery_module] NTC 2026-10-10 15:11:13.115+02:00 No node key provided, generated a new one; identity will not persist across restarts topics="waku conf builder" tid=19256152
[2026-10-10 15:11:13.115] [out] [delivery_module] INF 2026-10-10 15:11:13.115+02:00 Sharding configuration:                    topics="waku conf builder" tid=19256152 shardingConf="(kind: AutoSharding, numShardsInCluster: 8)" subscribeShards="@[0, 1, 2, 3, 4, 5, 6, 7]"
[2026-10-10 15:11:13.116] [out] [delivery_module] WRN 2026-10-10 15:11:13.116+02:00 configuration flag ignored                 topics="waku cli args" tid=19256152 detail="--websocket-port is ignored: --websocket-support is not enabled"
[2026-10-10 15:11:13.117] [out] [delivery_module] INF 2026-10-10 15:11:13.117+02:00 Configuration: Enabled protocols           topics="waku conf" tid=19256152 relay=true rlnRelay=false store=false filter=true lightPush=true peerExchange=true rendezvous=true
[2026-10-10 15:11:13.117] [out] [delivery_module] INF 2026-10-10 15:11:13.117+02:00 Configuration. Network                     topics="waku conf" tid=19256152 cluster=3
[2026-10-10 15:11:13.117] [out] [delivery_module] DBG 2026-10-10 15:11:13.117+02:00 Configuration. Active Relay Shards         topics="waku conf" tid=19256152 shard=0
[2026-10-10 15:11:13.117] [out] [delivery_module] DBG 2026-10-10 15:11:13.117+02:00 Configuration. Active Relay Shards         topics="waku conf" tid=19256152 shard=1
[2026-10-10 15:11:13.117] [out] [delivery_module] DBG 2026-10-10 15:11:13.117+02:00 Configuration. Active Relay Shards         topics="waku conf" tid=19256152 shard=2
[2026-10-10 15:11:13.117] [out] [delivery_module] DBG 2026-10-10 15:11:13.117+02:00 Configuration. Active Relay Shards         topics="waku conf" tid=19256152 shard=3
[2026-10-10 15:11:13.117] [out] [delivery_module] DBG 2026-10-10 15:11:13.117+02:00 Configuration. Active Relay Shards         topics="waku conf" tid=19256152 shard=4
[2026-10-10 15:11:13.117] [out] [delivery_module] DBG 2026-10-10 15:11:13.117+02:00 Configuration. Active Relay Shards         topics="waku conf" tid=19256152 shard=5
[2026-10-10 15:11:13.117] [out] [delivery_module] DBG 2026-10-10 15:11:13.117+02:00 Configuration. Active Relay Shards         topics="waku conf" tid=19256152 shard=6
[2026-10-10 15:11:13.117] [out] [delivery_module] DBG 2026-10-10 15:11:13.117+02:00 Configuration. Active Relay Shards         topics="waku conf" tid=19256152 shard=7
[2026-10-10 15:11:13.117] [out] [delivery_module] INF 2026-10-10 15:11:13.117+02:00 Setting up storage                         tid=19256152
[2026-10-10 15:11:13.117] [out] [delivery_module] INF 2026-10-10 15:11:13.117+02:00 Initializing node                          tid=19256152
[2026-10-10 15:11:13.117] [out] [delivery_module] INF 2026-10-10 15:11:13.117+02:00 Setting up NATService                      topics="libp2p natservice" tid=19256152 portMapping=true reachability=false holePunching=false
[2026-10-10 15:11:13.117] [out] [delivery_module] INF 2026-10-10 15:11:13.117+02:00 Initializing networking                    tid=19256152 addrs="@[/ip4/0.0.0.0/tcp/0, /ip4/0.0.0.0/udp/0/quic-v1]"
[2026-10-10 15:11:13.118] [out] [delivery_module] INF 2026-10-10 15:11:13.117+02:00 Mounting protocols                         tid=19256152
[2026-10-10 15:11:13.125] [out] [delivery_module] INF 2026-10-10 15:11:13.117+02:00 Created WakuMetadata protocol              topics="waku node" tid=19256152 clusterId=3 shards="[0, 1, 2, 3, 4, 5, 6, 7]"
[2026-10-10 15:11:13.130] [out] [delivery_module] INF 2026-10-10 15:11:13.118+02:00 Mounting mix protocol                      topics="waku node" tid=19256152INF 2026-10-10 15:11:13.118+02:00 node info                                  topics="waku node" tid=19256152 wakuInfo="(listenAddresses: [/ip4/0.0.0.0/tcp/0/p2p/16Uiu2HAmFRyUMY6bBFLzSuAm9C1CqEj7Dm8Yvv5cRsLLPXbHQ8Hg, /ip4/0.0.0.0/udp/0/quic-v1/p2p/16Uiu2HAmFRyUMY6bBFLzSuAm9C1CqEj7Dm8Yvv5cRsLLPXbHQ8Hg], enrUri: enr:-JO4QH5vW96TFgB3Oq29QcExIH7LV3NNeAp9_-zP36GFG637PYM73W6fw_wH-MP3mhb0JRs16Y4_E8nGc2tSfSWcPu4BgmlkgnY0gnJzkwADCAAAAAEAAgADAAQABQAGAAeJc2VjcDI1NmsxoQMpPYRtDwRlWQajw7xp1XAJuDEbgX35KL4wEdi9fB8lG4V3YWt1Mi0, mixPubKey: none())"
[2026-10-10 15:11:13.130] [out] [delivery_module]  nodeId="(listenAddresses: [/ip4/0.0.0.0/tcp/0/p2p/16Uiu2HAmFRyUMY6bBFLzSuAm9C1CqEj7Dm8Yvv5cRsLLPXbHQ8Hg, /ip4/0.0.0.0/udp/0/quic-v1/p2p/16Uiu2HAmFRyUMY6bBFLzSuAm9C1CqEj7Dm8Yvv5cRsLLPXbHQ8Hg], enrUri: enr:-JO4QH5vW96TFgB3Oq29QcExIH7LV3NNeAp9_-zP36GFG637PYM73W6fw_wH-MP3mhb0JRs16Y4_E8nGc2tSfSWcPu4BgmlkgnY0gnJzkwADCAAAAAEAAgADAAQABQAGAAeJc2VjcDI1NmsxoQMpPYRtDwRlWQajw7xp1XAJuDEbgX35KL4wEdi9fB8lG4V3YWt1Mi0, mixPubKey: none())"
[2026-10-10 15:11:13.130] [out] [delivery_module] INF 2026-10-10 15:11:13.124+02:00 local addr                                 topics="waku node" tid=19256152 localaddr=/ip4/0.0.0.0/tcp/0
[2026-10-10 15:11:13.130] [out] [delivery_module] INF 2026-10-10 15:11:13.126+02:00 mixPubKey                                  topics="waku node" tid=19256152 mixPubKey="[121, 197, 200, 182, 37, 152, 136, 34, 149, 208, 181, 203, 162, 44, 189, 107, 111, 178, 19, 186, 112, 192, 205, 18, 240, 239, 63, 185, 33, 218, 163, 8]"
[2026-10-10 15:11:13.130] [out] [delivery_module] INF 2026-10-10 15:11:13.126+02:00 Using mix bootstrap nodes                  topics="waku mix" tid=19256152 entries=0 poolSize=0
[2026-10-10 15:11:13.130] [out] [delivery_module] INF 2026-10-10 15:11:13.126+02:00 Mix cannot publish yet, waiting for more mix nodes topics="waku node" tid=19256152 poolSize=0 required=4
[2026-10-10 15:11:13.130] [out] [delivery_module] INF 2026-10-10 15:11:13.128+02:00 mounting store client                      topics="waku node store api" tid=19256152
[2026-10-10 15:11:13.130] [out] [delivery_module] INF 2026-10-10 15:11:13.128+02:00 Mounting auto sharding                     topics="waku node" tid=19256152 clusterId=3 shardCount=8
[2026-10-10 15:11:13.130] [out] [delivery_module] DBG 2026-10-10 15:11:13.128+02:00 Setting max message size                   tid=19256152 num_bytes=153600
[2026-10-10 15:11:13.130] [out] [delivery_module] INF 2026-10-10 15:11:13.128+02:00 mounting relay protocol                    topics="waku node relay api" tid=19256152
[2026-10-10 15:11:13.130] [out] [delivery_module] DBG 2026-10-10 15:11:13.128+02:00 relay mounted successfully                 topics="waku node relay api" tid=19256152
[2026-10-10 15:11:13.130] [out] [delivery_module] DBG 2026-10-10 15:11:13.128+02:00 Adding validator to signed shards          tid=19256152 protectedShards=[] clusterId=3
[2026-10-10 15:11:13.130] [out] [delivery_module] INF 2026-10-10 15:11:13.128+02:00 Mounting rendezvous discovery protocol     topics="waku node" tid=19256152
[2026-10-10 15:11:13.130] [out] [delivery_module] INF 2026-10-10 15:11:13.128+02:00 Waku rendezvous initialized                topics="waku node" tid=19256152 clusterId=3 shards="[0, 1, 2, 3, 4, 5, 6, 7]" capabilities="[Relay, Filter, Lightpush, Mix]" wakuPeerRecord="(peerId: 16Uiu2...bHQ8Hg, seqNo: 1791637873, addresses: [/ip4/0.0.0.0/tcp/0, /ip4/0.0.0.0/udp/0/quic-v1], mixKey: 0x79c5c8b62598882295d0b5cba22cbd6b6fb213ba70c0cd12f0ef3fb921daa308)"
[2026-10-10 15:11:13.130] [out] [delivery_module] INF 2026-10-10 15:11:13.129+02:00 Mounting rendezvous client                 topics="waku node" tid=19256152
[2026-10-10 15:11:13.130] [out] [delivery_module] INF 2026-10-10 15:11:13.129+02:00 Waku rendezvous client initialized         topics="waku node" tid=19256152 clusterId=3
[2026-10-10 15:11:13.130] [out] [delivery_module] INF 2026-10-10 15:11:13.129+02:00 mounting libp2p ping protocol              topics="waku node ping api" tid=19256152
[2026-10-10 15:11:13.130] [out] [delivery_module] INF 2026-10-10 15:11:13.129+02:00 No RLN backend configured; RLN is off      tid=19256152
[2026-10-10 15:11:13.130] [out] [delivery_module] INF 2026-10-10 15:11:13.129+02:00 mounting light push                        topics="waku node lightpush api" tid=19256152
[2026-10-10 15:11:13.130] [out] [delivery_module] INF 2026-10-10 15:11:13.129+02:00 mounting lightpush with relay              topics="waku node lightpush api" tid=19256152
[2026-10-10 15:11:13.130] [out] [delivery_module] DBG 2026-10-10 15:11:13.129+02:00 lightpush mounted successfully             topics="waku node lightpush api" tid=19256152
[2026-10-10 15:11:13.130] [out] [delivery_module] INF 2026-10-10 15:11:13.129+02:00 mounting legacy light push                 topics="waku node lightpush api" tid=19256152
[2026-10-10 15:11:13.130] [out] [delivery_module] INF 2026-10-10 15:11:13.129+02:00 mounting legacy lightpush with relay       topics="waku node lightpush api" tid=19256152
[2026-10-10 15:11:13.130] [out] [delivery_module] DBG 2026-10-10 15:11:13.129+02:00 legacy lightpush mounted successfully      topics="waku node lightpush api" tid=19256152
[2026-10-10 15:11:13.130] [out] [delivery_module] INF 2026-10-10 15:11:13.129+02:00 mounting light push client                 topics="waku node lightpush api" tid=19256152
[2026-10-10 15:11:13.130] [out] [delivery_module] INF 2026-10-10 15:11:13.129+02:00 mounting legacy light push client          topics="waku node lightpush api" tid=19256152
[2026-10-10 15:11:13.130] [out] [delivery_module] INF 2026-10-10 15:11:13.129+02:00 mounting filter protocol                   topics="waku node filter api" tid=19256152
[2026-10-10 15:11:13.130] [out] [delivery_module] INF 2026-10-10 15:11:13.129+02:00 Starting filter protocol                   topics="waku filter" tid=19256152
[2026-10-10 15:11:13.130] [out] [delivery_module] DBG 2026-10-10 15:11:13.129+02:00 Starting to maintain subscriptions         topics="waku filter" tid=19256152
[2026-10-10 15:11:13.130] [out] [delivery_module] DBG 2026-10-10 15:11:13.129+02:00 Maintaining subscriptions                  topics="waku filter" tid=19256152
[2026-10-10 15:11:13.130] [out] [delivery_module] DBG 2026-10-10 15:11:13.129+02:00 Cleanup                                    topics="waku filter subscriptions" tid=19256152 currentPeerIds=[]
[2026-10-10 15:11:13.130] [out] [delivery_module] DBG 2026-10-10 15:11:13.129+02:00 After cleanup                              topics="waku filter subscriptions" tid=19256152 currentPeerIds=[]
[2026-10-10 15:11:13.130] [out] [delivery_module] INF 2026-10-10 15:11:13.129+02:00 mounting filter client                     topics="waku node filter api" tid=19256152
[2026-10-10 15:11:13.130] [info] [logos] [delivery_module] DeliveryModuleImpl::createNode callback called with ret: 0
[2026-10-10 15:11:13.134] [out] [delivery_module] INF 2026-10-10 15:11:13.129+02:00 mounting waku peer exchange                topics="waku node peerexchange api" tid=19256152
[2026-10-10 15:11:13.134] [out] [delivery_module] INF 2026-10-10 15:11:13.129+02:00 mounting waku peer exchange client         topics="waku node peerexchange api" tid=19256152
[2026-10-10 15:11:13.134] [out] [delivery_module] INF 2026-10-10 15:11:13.129+02:00 No external callbacks to be set            topics="wakunode waku" tid=19256152
[2026-10-10 15:11:13.134] [out] [delivery_module] INF 2026-10-10 15:11:13.129+02:00 Setting up AutonatService                  topics="libp2p autonatservice" tid=19256152
[2026-10-10 15:11:13.134] [out] [delivery_module] INF 2026-10-10 15:11:13.129+02:00 Messaging API settings                     topics="logosdelivery" tid=19256152 reliability=true anonymityLevel=Required rateLimitEnabled=false rateLimitEpochPeriodSec=600 rateLimitMessagesPerEpoch=1 maxParkedAgeSec=1800 sendQueueCapacity=1000 backfillEnabled=true backfillRequestTimeout=10s
[2026-10-10 15:11:13.136] [info] [logos] [delivery_module] DeliveryModuleImpl: Delivery context created successfully
[2026-10-10 15:11:13.147] [info] [logos] [delivery_module] DeliveryModuleImpl::start called
[2026-10-10 15:11:13.147] [out] [delivery_module] INF 2026-10-10 15:11:13.147+02:00 Retrieve dynamic bootstrap nodes           topics="wakunode waku" tid=19256152
[2026-10-10 15:11:13.148] [info] [logos] [delivery_module] DeliveryModuleImpl::getNodeInfo called with nodeInfoId: MyPeerId
[2026-10-10 15:11:13.148] [out] [delivery_module] INF 2026-10-10 15:11:13.147+02:00 Running nwaku node                         tid=19256152 version=v0.39.0-g3a478e
[2026-10-10 15:11:13.148] [out] [delivery_module] INF 2026-10-10 15:11:13.148+02:00 Starting Waku node                         topics="waku node" tid=19256152 version=v0.39.0-g3a478e
[2026-10-10 15:11:13.148] [out] [delivery_module] DBG 2026-10-10 15:11:13.148+02:00 Waku rendezvous periodic requests started  topics="waku rendezvous client" tid=19256152 interval=10s
[2026-10-10 15:11:13.148] [out] [delivery_module] INF 2026-10-10 15:11:13.148+02:00 Waku rendezvous client started             topics="waku rendezvous client" tid=19256152
[2026-10-10 15:11:13.148] [out] [delivery_module] INF 2026-10-10 15:11:13.148+02:00 Starting switch for peer                   topics="libp2p switch" tid=19256152 peerInfo="(peerId: 16Uiu2HAmFRyUMY6bBFLzSuAm9C1CqEj7Dm8Yvv5cRsLLPXbHQ8Hg, listenAddrs: [/ip4/0.0.0.0/tcp/0, /ip4/0.0.0.0/udp/0/quic-v1], addrs: [], protocols: [/ipfs/id/1.0.0, /libp2p/autonat/1.0.0, /libp2p/circuit/relay/0.2.0/hop, /vac/waku/metadata/1.0.0, /mix/1.0.0, /logos/service-discovery/1.0.0, /vac/waku/relay/2.0.0, /vac/waku/rendezvous/1.0.0, /ipfs/ping/1.0.0, /vac/waku/lightpush/3.0.0, /vac/waku/lightpush/2.0.0-beta1, /vac/waku/filter-subscribe/2.0.0-beta1, /vac/waku/filter-push/2.0.0-beta1, /vac/waku/peer-exchange/2.0.0-alpha1], protoVersion: ipfs/0.1.0, agentVersion: logos-delivery-v0.39.0-g3a478e)"
[2026-10-10 15:11:13.148] [out] [delivery_module] INF 2026-10-10 15:11:13.148+02:00 Starting NATService                        topics="libp2p natservice" tid=19256152
[2026-10-10 15:11:13.148] [out] [delivery_module] INF 2026-10-10 15:11:13.148+02:00 Running AutonatService                     topics="libp2p autonatservice" tid=19256152
[2026-10-10 15:11:13.157] [out] [delivery_module] DBG 2026-10-10 15:11:13.155+02:00 No private listen addresses to map; releasing any prior mappings topics="libp2p natservice" tid=19256152
[2026-10-10 15:11:13.157] [out] [delivery_module] INF 2026-10-10 15:11:13.155+02:00 Starting TCP transport                     topics="libp2p tcptransport" tid=19256152
[2026-10-10 15:11:13.157] [out] [delivery_module] INF 2026-10-10 15:11:13.156+02:00 Transport starting                         topics="libp2p transport" tid=19256152 addresses=[/ip4/0.0.0.0/tcp/52288]
[2026-10-10 15:11:13.157] [out] [delivery_module] DBG 2026-10-10 15:11:13.157+02:00 Configured QUIC UDP receive buffer         tid=19256152 requestedBytes=8388608 effectiveBytes=8388608
[2026-10-10 15:11:13.157] [out] [delivery_module] INF 2026-10-10 15:11:13.157+02:00 Transport starting                         topics="libp2p transport" tid=19256152 addresses=[/ip4/0.0.0.0/udp/57136/quic-v1]
[2026-10-10 15:11:13.157] [out] [delivery_module] DBG 2026-10-10 15:11:13.157+02:00 Transport connection acceptance started    topics="libp2p switch" tid=19256152
[2026-10-10 15:11:13.157] [out] [delivery_module] DBG 2026-10-10 15:11:13.157+02:00 Transport connection acceptance started    topics="libp2p switch" tid=19256152
[2026-10-10 15:11:13.163] [info] [logos] [delivery_module] DeliveryModuleImpl::subscribe called with contentTopic: /lp0026forum/1/general/text
[2026-10-10 15:11:13.163] [out] [delivery_module] DBG 2026-10-10 15:11:13.163+02:00 Subscribing to pubsub topic                topics="waku relay" tid=19256152 pubsubTopic=/waku/2/rs/3/7
[2026-10-10 15:11:13.163] [info] [logos] [delivery_module] DeliveryModuleImpl: Subscribe completed for topic: /lp0026forum/1/general/text with success
[2026-10-10 15:11:13.166] [out] [delivery_module] INF 2026-10-10 15:11:13.166+02:00 Using mix bootstrap nodes                  topics="waku mix" tid=19256152 entries=1 poolSize=1
[2026-10-10 15:11:13.172] [out] [delivery_module] INF 2026-10-10 15:11:13.172+02:00 Using mix bootstrap nodes                  topics="waku mix" tid=19256152 entries=1 poolSize=2
[2026-10-10 15:11:13.173] [out] [delivery_module] INF 2026-10-10 15:11:13.173+02:00 Using mix bootstrap nodes                  topics="waku mix" tid=19256152 entries=1 poolSize=3
[2026-10-10 15:11:13.202] [out] [delivery_module] INF 2026-10-10 15:11:13.201+02:00 Using mix bootstrap nodes                  topics="waku mix" tid=19256152 entries=1 poolSize=4
[2026-10-10 15:11:13.203] [out] [delivery_module] INF 2026-10-10 15:11:13.201+02:00 Using mix bootstrap nodes                  topics="waku mix" tid=19256152 entries=1 poolSize=5
[2026-10-10 15:11:13.203] [out] [delivery_module] INF 2026-10-10 15:11:13.202+02:00 Using mix bootstrap nodes                  topics="waku mix" tid=19256152 entries=1 poolSize=6
[2026-10-10 15:11:15.163] [out] [delivery_module] WRN 2026-10-10 15:11:15.163+02:00 NAT port mapping failed                    topics="libp2p natservice" tid=19256152 port=52288 protocol=mpTcp err="plum: mapping 0 failed"
[2026-10-10 15:11:17.168] [out] [delivery_module] WRN 2026-10-10 15:11:17.168+02:00 NAT port mapping failed                    topics="libp2p natservice" tid=19256152 port=57136 protocol=mpUdp err="plum: mapping 0 failed"
[2026-10-10 15:11:17.168] [out] [delivery_module] INF 2026-10-10 15:11:17.168+02:00 Mix self hop set                           topics="waku node" tid=19256152 hop=/ip4/172.20.10.14/tcp/52288 before=/ip4/0.0.0.0/tcp/0
[2026-10-10 15:11:17.168] [out] [delivery_module] DBG 2026-10-10 15:11:17.168+02:00 ENR addresses updated                      topics="waku enr" tid=19256152 retained=0 total=0
[2026-10-10 15:11:17.169] [out] [delivery_module] DBG 2026-10-10 15:11:17.169+02:00 Peer dial started                          topics="libp2p dialer" tid=19256152 peerId=16Uiu2...kGyuEP addresses="[/ip4/47.242.130.189/tcp/30303, /dns4/delivery-01.ac-cn-hongkong-c.logos.dev.status.im/tcp/30303]"
[2026-10-10 15:11:17.169] [out] [delivery_module] DBG 2026-10-10 15:11:17.169+02:00 Peer dial started                          topics="libp2p dialer" tid=19256152 peerId=16Uiu2...P1S397 addresses="[/ip4/136.119.156.87/tcp/30303, /dns4/delivery-01.gc-us-central1-a.logos.dev.status.im/tcp/30303]"
[2026-10-10 15:11:17.170] [out] [delivery_module] DBG 2026-10-10 15:11:17.169+02:00 Peer dial started                          topics="libp2p dialer" tid=19256152 peerId=16Uiu2...T3UNSE addresses="[/ip4/43.99.103.10/tcp/30303, /dns4/delivery-02.ac-cn-hongkong-c.logos.dev.status.im/tcp/30303]"
[2026-10-10 15:11:17.170] [out] [delivery_module] DBG 2026-10-10 15:11:17.170+02:00 Peer dial started                          topics="libp2p dialer" tid=19256152 peerId=16Uiu2...VpJprH addresses="[/ip4/174.138.106.244/tcp/30303, /dns4/delivery-02.do-ams3.logos.dev.status.im/tcp/30303]"
[2026-10-10 15:11:17.170] [out] [delivery_module] DBG 2026-10-10 15:11:17.170+02:00 Peer dial started                          topics="libp2p dialer" tid=19256152 peerId=16Uiu2...TwqBiH addresses="[/ip4/34.123.201.25/tcp/30303, /dns4/delivery-02.gc-us-central1-a.logos.dev.status.im/tcp/30303]"
[2026-10-10 15:11:17.171] [out] [delivery_module] DBG 2026-10-10 15:11:17.170+02:00 Peer dial started                          topics="libp2p dialer" tid=19256152 peerId=16Uiu2...NSkuby addresses="[/ip4/138.68.122.137/tcp/30303, /dns4/delivery-01.do-ams3.logos.dev.status.im/tcp/30303]"
[2026-10-10 15:11:17.171] [out] [delivery_module] INF 2026-10-10 15:11:17.171+02:00 Kademlia DHT started                       topics="kad-dht" tid=19256152
[2026-10-10 15:11:17.171] [out] [delivery_module] DBG 2026-10-10 15:11:17.171+02:00 Publishing Signed XPR                      topics="service-discovery" tid=19256152 xpr="(envelope: (publicKey: secp256k1 key (04293d846d0f04655906a3c3bc69d57009b8311b817df928be3011d8bd7c1f251be8526783184f371ca585e9bd035f4772f4b226f56c3666f7d2969bc6ace0cd13), payloadType: @[3, 1], payload: @[10, 39, 0, 37, 8, 2, 18, 33, 3, 41, 61, 132, 109, 15, 4, 101, 89, 6, 163, 195, 188, 105, 213, 112, 9, 184, 49, 27, 129, 125, 249, 40, 190, 48, 17, 216, 189, 124, 31, 37, 27, 16, 133, 151, 18, 26, 10, 10, 8, 4, 172, 20, 10, 14, 6, 204, 64, 26, 13, 10, 11, 4, 172, 20, 10, 14, 145, 2, 223, 48, 205, 3], signature: 3045022100883D571252DE3D02A9F038E4A771B09DBC9B7CE0519F1FC69B0D033626295EC302206616ED5E3503287EFDE4048C734BF26ABFB3E62C7677BBF6DF18FEA8C6D47859), data: (peerId: 16Uiu2HAmFRyUMY6bBFLzSuAm9C1CqEj7Dm8Yvv5cRsLLPXbHQ8Hg, seqNo: 297861, addresses: @[(address: /ip4/172.20.10.14/tcp/52288), (address: /ip4/172.20.10.14/udp/57136/quic-v1)], services: @[]))"
[2026-10-10 15:11:17.171] [out] [delivery_module] INF 2026-10-10 15:11:17.171+02:00 Service Discovery started                  topics="service-discovery" tid=19256152
[2026-10-10 15:11:17.171] [out] [delivery_module] INF 2026-10-10 15:11:17.171+02:00 start                                      topics="waku relay" tid=19256152
[2026-10-10 15:11:17.171] [out] [delivery_module] INF 2026-10-10 15:11:17.171+02:00 gossipsub start                            topics="libp2p gossipsub" tid=19256152
[2026-10-10 15:11:17.171] [out] [delivery_module] DBG 2026-10-10 15:11:17.171+02:00 No mesh peer for the given pubsub topic    topics="waku relay" tid=19256152 pubsubTopic=/waku/2/rs/3/7
[2026-10-10 15:11:17.171] [out] [delivery_module] DBG 2026-10-10 15:11:17.171+02:00 Waku rendezvous periodic registration started topics="waku rendezvous" tid=19256152 interval=10s
[2026-10-10 15:11:17.171] [out] [delivery_module] INF 2026-10-10 15:11:17.171+02:00 Waku rendezvous discovery started          topics="waku rendezvous" tid=19256152
[2026-10-10 15:11:17.171] [out] [delivery_module] INF 2026-10-10 15:11:17.171+02:00 Started libp2p node                        topics="libp2p switch" tid=19256152 peerId="(peerId: 16Uiu2HAmFRyUMY6bBFLzSuAm9C1CqEj7Dm8Yvv5cRsLLPXbHQ8Hg, listenAddrs: [/ip4/0.0.0.0/tcp/52288, /ip4/0.0.0.0/udp/57136/quic-v1], addrs: [/ip4/172.20.10.14/tcp/52288, /ip4/172.20.10.14/udp/57136/quic-v1], protocols: [/ipfs/id/1.0.0, /libp2p/autonat/1.0.0, /libp2p/circuit/relay/0.2.0/hop, /vac/waku/metadata/1.0.0, /mix/1.0.0, /logos/service-discovery/1.0.0, /vac/waku/relay/2.0.0, /vac/waku/rendezvous/1.0.0, /ipfs/ping/1.0.0, /vac/waku/lightpush/3.0.0, /vac/waku/lightpush/2.0.0-beta1, /vac/waku/filter-subscribe/2.0.0-beta1, /vac/waku/filter-push/2.0.0-beta1, /vac/waku/peer-exchange/2.0.0-alpha1], protoVersion: ipfs/0.1.0, agentVersion: logos-delivery-v0.39.0-g3a478e)"
[2026-10-10 15:11:17.172] [out] [delivery_module] DBG 2026-10-10 15:11:17.172+02:00 ENR addresses updated                      topics="waku enr" tid=19256152 retained=0 total=0
[2026-10-10 15:11:17.172] [out] [delivery_module] INF 2026-10-10 15:11:17.172+02:00 Announced addresses resolved               topics="waku node" tid=19256152 addrs="@[/ip4/172.20.10.14/tcp/52288, /ip4/172.20.10.14/udp/57136/quic-v1]"
[2026-10-10 15:11:17.172] [out] [delivery_module] INF 2026-10-10 15:11:17.172+02:00 Random kademlia lookups disabled           topics="waku service discovery" tid=19256152
[2026-10-10 15:11:17.172] [out] [delivery_module] DBG 2026-10-10 15:11:17.172+02:00 Periodic service lookup started            topics="waku service discovery" tid=19256152 interval=1m services={}
[2026-10-10 15:11:17.172] [out] [delivery_module] INF 2026-10-10 15:11:17.172+02:00 Kademlia discovery started                 topics="waku service discovery" tid=19256152
[2026-10-10 15:11:17.172] [out] [delivery_module] INF 2026-10-10 15:11:17.172+02:00 Discovery ENR initialized                  topics="eth p2p discv5" tid=19256152 enrAutoUpdate=false seqNum=4 ip=none() tcpPort=none() udpPort=none() customEnrFields=@[] uri=enr:-Ka4QJEVK0gj-23wMFGrH1Wzfckrs1Lit6RoOlx_E4b93h53AT-Z9EJL2do_BK43syoO9H8HxHtU9kzNbfZcj5xaBT8EgmlkgnY0im11bHRpYWRkcnOAgnJzkwADCAAAAAEAAgADAAQABQAGAAeJc2VjcDI1NmsxoQMpPYRtDwRlWQajw7xp1XAJuDEbgX35KL4wEdi9fB8lG4N0Y3CCzECFd2FrdTIt
[2026-10-10 15:11:17.172] [out] [delivery_module] WRN 2026-10-10 15:11:17.172+02:00 No external IP provided for the ENR, this node will not be discoverable topics="eth p2p discv5" tid=19256152
[2026-10-10 15:11:17.172] [out] [delivery_module] DBG 2026-10-10 15:11:17.172+02:00 peer filtering updated                     topics="waku discv5" tid=19256152
[2026-10-10 15:11:17.172] [out] [delivery_module] INF 2026-10-10 15:11:17.172+02:00 Starting discovery v5 service              topics="waku discv5" tid=19256152
[2026-10-10 15:11:17.172] [out] [delivery_module] INF 2026-10-10 15:11:17.172+02:00 Start listening on udp port                topics="waku discv5" tid=19256152 address=0.0.0.0 port=57110
[2026-10-10 15:11:17.172] [out] [delivery_module] INF 2026-10-10 15:11:17.172+02:00 Starting discovery node                    topics="eth p2p discv5" tid=19256152 node=5b*e396db:unaddressable bindAddress=0.0.0.0:57110
[2026-10-10 15:11:17.172] [out] [delivery_module] DBG 2026-10-10 15:11:17.172+02:00 Total nodes in routing table after populate topics="eth p2p discv5" tid=19256152 total=0
[2026-10-10 15:11:17.172] [out] [delivery_module] DBG 2026-10-10 15:11:17.172+02:00 Starting discovery v5 search               topics="waku discv5" tid=19256152
[2026-10-10 15:11:17.172] [out] [delivery_module] DBG 2026-10-10 15:11:17.172+02:00 Successfully started discovery v5 service  topics="waku discv5" tid=19256152
[2026-10-10 15:11:17.172] [out] [delivery_module] INF 2026-10-10 15:11:17.172+02:00 Discv5: discoverable ENR                   topics="waku discv5" tid=19256152 enrUri=enr:-Ka4QJEVK0gj-23wMFGrH1Wzfckrs1Lit6RoOlx_E4b93h53AT-Z9EJL2do_BK43syoO9H8HxHtU9kzNbfZcj5xaBT8EgmlkgnY0im11bHRpYWRkcnOAgnJzkwADCAAAAAEAAgADAAQABQAGAAeJc2VjcDI1NmsxoQMpPYRtDwRlWQajw7xp1XAJuDEbgX35KL4wEdi9fB8lG4N0Y3CCzECFd2FrdTIt enr="(4, id: \"v4\", multiaddrs: 0x, rs: 0x00030800000001000200030004000500060007, secp256k1: 0x03293D846D0F04655906A3C3BC69D57009B8311B817DF928BE3011D8BD7C1F251B, tcp: 52288, waku2: 0x2D)"
[2026-10-10 15:11:17.172] [out] [delivery_module] INF 2026-10-10 15:11:17.172+02:00 Node started successfully                  topics="waku node" tid=19256152
[2026-10-10 15:11:17.172] [out] [delivery_module] DBG 2026-10-10 15:11:17.172+02:00 Dialing multiple peers                     tid=19256152 numOfPeers=6 nodes="@[\"/dns4/delivery-01.do-ams3.logos.dev.status.im/tcp/30303/p2p/16Uiu2HAmTUbnxLGT9JvV6mu9oPyDjqHK4Phs1VDJNUgESgNSkuby\", \"/dns4/delivery-02.do-ams3.logos.dev.status.im/tcp/30303/p2p/16Uiu2HAmMK7PYygBtKUQ8EHp7EfaD3bCEsJrkFooK8RQ2PVpJprH\", \"/dns4/delivery-01.gc-us-central1-a.logos.dev.status.im/tcp/30303/p2p/16Uiu2HAm4S1JYkuzDKLKQvwgAhZKs9otxXqt8SCGtB4hoJP1S397\", \"/dns4/delivery-02.gc-us-central1-a.logos.dev.status.im/tcp/30303/p2p/16Uiu2HAm8Y9kgBNtjxvCnf1X6gnZJW5EGE4UwwCL3CCm55TwqBiH\", \"/dns4/delivery-01.ac-cn-hongkong-c.logos.dev.status.im/tcp/30303/p2p/16Uiu2HAm8YokiNun9BkeA1ZRmhLbtNUvcwRr64F69tYj9fkGyuEP\", \"/dns4/delivery-02.ac-cn-hongkong-c.logos.dev.status.im/tcp/30303/p2p/16Uiu2HAkvwhGHKNry6LACrB8TmEFoCJKEX29XR5dDUzk3UT3UNSE\"]"
[2026-10-10 15:11:17.415] [out] [delivery_module] DBG 2026-10-10 15:11:17.415+02:00 created new pubsub peer                    topics="libp2p pubsub" tid=19256152 peerId=16Uiu2...VpJprH
[2026-10-10 15:11:17.415] [out] [delivery_module] DBG 2026-10-10 15:11:17.415+02:00 no listener registered                     tid=19256153 event=onConnectionChange
[2026-10-10 15:11:17.415] [out] [delivery_module] DBG 2026-10-10 15:11:17.415+02:00 Incoming WakuRelay connection              topics="waku relay" tid=19256152 connection=16Uiu2...VpJprH:6aca39753d29d8b6097c0850 protocol=/vac/waku/relay/2.0.0
[2026-10-10 15:11:17.419] [out] [delivery_module] DBG 2026-10-10 15:11:17.419+02:00 created new pubsub peer                    topics="libp2p pubsub" tid=19256152 peerId=16Uiu2...NSkuby
[2026-10-10 15:11:17.419] [out] [delivery_module] DBG 2026-10-10 15:11:17.419+02:00 no listener registered                     tid=19256153 event=onConnectionChange
[2026-10-10 15:11:17.430] [out] [delivery_module] DBG 2026-10-10 15:11:17.430+02:00 Incoming WakuRelay connection              topics="waku relay" tid=19256152 connection=16Uiu2...NSkuby:6aca39753d29d8b6097c0856 protocol=/vac/waku/relay/2.0.0
[2026-10-10 15:11:17.479] [out] [delivery_module] DBG 2026-10-10 15:11:17.479+02:00 Event identified                           topics="waku node peer_manager" tid=19256152 peerId=16Uiu2...VpJprH
[2026-10-10 15:11:17.479] [out] [delivery_module] DBG 2026-10-10 15:11:17.479+02:00 no listener registered                     tid=19256153 event=onConnectionChange
[2026-10-10 15:11:17.489] [out] [delivery_module] DBG 2026-10-10 15:11:17.489+02:00 Event identified                           topics="waku node peer_manager" tid=19256152 peerId=16Uiu2...NSkuby
[2026-10-10 15:11:17.489] [out] [delivery_module] DBG 2026-10-10 15:11:17.489+02:00 no listener registered                     tid=19256153 event=onConnectionChange
[2026-10-10 15:11:17.566] [out] [delivery_module] DBG 2026-10-10 15:11:17.566+02:00 Received WakuMetadata request              topics="waku metadata" tid=19256152 remoteClusterId=ok(3) remoteShards="[5, 0, 2, 1, 4, 7, 3, 6]" localClusterId=3 localShards="[7]" peer=16Uiu2...NSkuby
[2026-10-10 15:11:17.566] [out] [delivery_module] DBG 2026-10-10 15:11:17.566+02:00 Received WakuMetadata request              topics="waku metadata" tid=19256152 remoteClusterId=ok(3) remoteShards="[5, 0, 2, 1, 4, 7, 3, 6]" localClusterId=3 localShards="[7]" peer=16Uiu2...VpJprH
[2026-10-10 15:11:17.625] [out] [delivery_module] DBG 2026-10-10 15:11:17.625+02:00 no listener registered                     tid=19256153 event=onConnectionChange
[2026-10-10 15:11:17.625] [out] [delivery_module] DBG 2026-10-10 15:11:17.625+02:00 no listener registered                     tid=19256153 event=onConnectionChange
[2026-10-10 15:11:17.781] [out] [delivery_module] DBG 2026-10-10 15:11:17.781+02:00 created new pubsub peer                    topics="libp2p pubsub" tid=19256152 peerId=16Uiu2...P1S397
[2026-10-10 15:11:17.781] [out] [delivery_module] DBG 2026-10-10 15:11:17.781+02:00 no listener registered                     tid=19256153 event=onConnectionChange
[2026-10-10 15:11:17.782] [out] [delivery_module] DBG 2026-10-10 15:11:17.781+02:00 created new pubsub peer                    topics="libp2p pubsub" tid=19256152 peerId=16Uiu2...TwqBiH
[2026-10-10 15:11:17.782] [out] [delivery_module] DBG 2026-10-10 15:11:17.782+02:00 no listener registered                     tid=19256153 event=onConnectionChange
[2026-10-10 15:11:17.782] [out] [delivery_module] DBG 2026-10-10 15:11:17.782+02:00 Incoming WakuRelay connection              topics="waku relay" tid=19256152 connection=16Uiu2...P1S397:6aca39753d29d8b6097c0861 protocol=/vac/waku/relay/2.0.0
[2026-10-10 15:11:17.782] [out] [delivery_module] DBG 2026-10-10 15:11:17.782+02:00 Incoming WakuRelay connection              topics="waku relay" tid=19256152 connection=16Uiu2...TwqBiH:6aca39753d29d8b6097c0863 protocol=/vac/waku/relay/2.0.0
[2026-10-10 15:11:17.783] [out] [delivery_module] DBG 2026-10-10 15:11:17.783+02:00 Peer dial started                          topics="libp2p dialer" tid=19256152 peerId=16Uiu2...Gas9Zu addresses="[/ip4/172.20.10.14/udp/58926/quic-v1, /ip4/172.20.10.14/tcp/52205]"
[2026-10-10 15:11:17.784] [out] [delivery_module] DBG 2026-10-10 15:11:17.784+02:00 New connection established: client         tid=19256152
[2026-10-10 15:11:17.784] [out] [delivery_module] DBG 2026-10-10 15:11:17.784+02:00 Peer dial started                          topics="libp2p dialer" tid=19256152 peerId=16Uiu2...BjtNZZ addresses=[/ip4/173.42.114.210/tcp/46341]
[2026-10-10 15:11:17.785] [out] [delivery_module] DBG 2026-10-10 15:11:17.785+02:00 Peer dial started                          topics="libp2p dialer" tid=19256152 peerId=16Uiu2...C2W9C5 addresses="[/ip4/172.20.10.14/udp/49215/quic-v1, /ip4/172.20.10.14/tcp/52228]"
[2026-10-10 15:11:17.785] [out] [delivery_module] DBG 2026-10-10 15:11:17.785+02:00 New connection established: client         tid=19256152
[2026-10-10 15:11:17.785] [out] [delivery_module] DBG 2026-10-10 15:11:17.785+02:00 Peer dial started                          topics="libp2p dialer" tid=19256152 peerId=16Uiu2...3H7QUd addresses="[/ip4/172.20.10.14/udp/52662/quic-v1, /ip4/172.20.10.14/tcp/52206]"
[2026-10-10 15:11:17.786] [out] [delivery_module] DBG 2026-10-10 15:11:17.786+02:00 New connection established: client         tid=19256152
[2026-10-10 15:11:17.944] [out] [delivery_module] DBG 2026-10-10 15:11:17.944+02:00 Event identified                           topics="waku node peer_manager" tid=19256152 peerId=16Uiu2...TwqBiH
[2026-10-10 15:11:17.944] [out] [delivery_module] DBG 2026-10-10 15:11:17.944+02:00 no listener registered                     tid=19256153 event=onConnectionChange
[2026-10-10 15:11:17.944] [out] [delivery_module] DBG 2026-10-10 15:11:17.944+02:00 Event identified                           topics="waku node peer_manager" tid=19256152 peerId=16Uiu2...P1S397
[2026-10-10 15:11:17.944] [out] [delivery_module] DBG 2026-10-10 15:11:17.944+02:00 no listener registered                     tid=19256153 event=onConnectionChange
[2026-10-10 15:11:18.063] [out] [delivery_module] DBG 2026-10-10 15:11:18.063+02:00 created new pubsub peer                    topics="libp2p pubsub" tid=19256152 peerId=16Uiu2...T3UNSE
[2026-10-10 15:11:18.063] [out] [delivery_module] DBG 2026-10-10 15:11:18.063+02:00 no listener registered                     tid=19256153 event=onConnectionChange
[2026-10-10 15:11:18.074] [out] [delivery_module] DBG 2026-10-10 15:11:18.074+02:00 Incoming WakuRelay connection              topics="waku relay" tid=19256152 connection=16Uiu2...T3UNSE:6aca39763d29d8b6097c0873 protocol=/vac/waku/relay/2.0.0
[2026-10-10 15:11:18.080] [out] [delivery_module] DBG 2026-10-10 15:11:18.080+02:00 created new pubsub peer                    topics="libp2p pubsub" tid=19256152 peerId=16Uiu2...kGyuEP
[2026-10-10 15:11:18.080] [out] [delivery_module] DBG 2026-10-10 15:11:18.080+02:00 no listener registered                     tid=19256153 event=onConnectionChange
[2026-10-10 15:11:18.089] [out] [delivery_module] DBG 2026-10-10 15:11:18.089+02:00 Incoming WakuRelay connection              topics="waku relay" tid=19256152 connection=16Uiu2...kGyuEP:6aca39763d29d8b6097c0877 protocol=/vac/waku/relay/2.0.0
[2026-10-10 15:11:18.161] [out] [delivery_module] WRN 2026-10-10 15:11:18.161+02:00 ffi request still in flight; caller notified via RET_STALE_WARN tid=19256152 reqId=LogosdeliveryStartNodeReq elapsedMs=5000
[2026-10-10 15:11:18.162] [out] [delivery_module] DBG 2026-10-10 15:11:18.162+02:00 Received WakuMetadata request              topics="waku metadata" tid=19256152 remoteClusterId=ok(3) remoteShards="[5, 0, 2, 1, 4, 7, 3, 6]" localClusterId=3 localShards="[7]" peer=16Uiu2...TwqBiH
[2026-10-10 15:11:18.162] [out] [delivery_module] DBG 2026-10-10 15:11:18.162+02:00 Received WakuMetadata request              topics="waku metadata" tid=19256152 remoteClusterId=ok(3) remoteShards="[5, 0, 2, 1, 4, 7, 3, 6]" localClusterId=3 localShards="[7]" peer=16Uiu2...P1S397
[2026-10-10 15:11:18.300] [out] [delivery_module] DBG 2026-10-10 15:11:18.300+02:00 Event identified                           topics="waku node peer_manager" tid=19256152 peerId=16Uiu2...T3UNSE
[2026-10-10 15:11:18.300] [out] [delivery_module] DBG 2026-10-10 15:11:18.300+02:00 no listener registered                     tid=19256153 event=onConnectionChange
[2026-10-10 15:11:18.318] [out] [delivery_module] DBG 2026-10-10 15:11:18.318+02:00 Event identified                           topics="waku node peer_manager" tid=19256152 peerId=16Uiu2...kGyuEP
[2026-10-10 15:11:18.318] [out] [delivery_module] DBG 2026-10-10 15:11:18.318+02:00 no listener registered                     tid=19256153 event=onConnectionChange
[2026-10-10 15:11:18.351] [out] [delivery_module] DBG 2026-10-10 15:11:18.351+02:00 no listener registered                     tid=19256153 event=onConnectionChange
[2026-10-10 15:11:18.354] [out] [delivery_module] DBG 2026-10-10 15:11:18.354+02:00 no listener registered                     tid=19256153 event=onConnectionChange
[2026-10-10 15:11:18.392] [out] [delivery_module] DBG 2026-10-10 15:11:18.392+02:00 created new pubsub peer                    topics="libp2p pubsub" tid=19256152 peerId=16Uiu2...BjtNZZ
[2026-10-10 15:11:18.392] [out] [delivery_module] DBG 2026-10-10 15:11:18.392+02:00 no listener registered                     tid=19256153 event=onConnectionChange
[2026-10-10 15:11:18.393] [out] [delivery_module] DBG 2026-10-10 15:11:18.393+02:00 Incoming WakuRelay connection              topics="waku relay" tid=19256152 connection=16Uiu2...BjtNZZ:6aca39763d29d8b6097c0880 protocol=/vac/waku/relay/2.0.0
[2026-10-10 15:11:18.537] [out] [delivery_module] DBG 2026-10-10 15:11:18.537+02:00 Received WakuMetadata request              topics="waku metadata" tid=19256152 remoteClusterId=ok(3) remoteShards="[5, 0, 2, 1, 4, 7, 3, 6]" localClusterId=3 localShards="[7]" peer=16Uiu2...T3UNSE
[2026-10-10 15:11:18.547] [out] [delivery_module] DBG 2026-10-10 15:11:18.547+02:00 Event identified                           topics="waku node peer_manager" tid=19256152 peerId=16Uiu2...BjtNZZ
[2026-10-10 15:11:18.547] [out] [delivery_module] DBG 2026-10-10 15:11:18.547+02:00 no listener registered                     tid=19256153 event=onConnectionChange
[2026-10-10 15:11:18.555] [out] [delivery_module] DBG 2026-10-10 15:11:18.554+02:00 Received WakuMetadata request              topics="waku metadata" tid=19256152 remoteClusterId=ok(3) remoteShards="[5, 0, 2, 1, 4, 7, 3, 6]" localClusterId=3 localShards="[7]" peer=16Uiu2...kGyuEP
[2026-10-10 15:11:18.711] [out] [delivery_module] DBG 2026-10-10 15:11:18.711+02:00 Received WakuMetadata request              topics="waku metadata" tid=19256152 remoteClusterId=ok(3) remoteShards="[5, 0, 2, 1, 4, 7, 3, 6]" localClusterId=3 localShards="[7]" peer=16Uiu2...BjtNZZ
[2026-10-10 15:11:18.742] [out] [delivery_module] DBG 2026-10-10 15:11:18.742+02:00 no listener registered                     tid=19256153 event=onConnectionChange
[2026-10-10 15:11:18.748] [out] [delivery_module] DBG 2026-10-10 15:11:18.748+02:00 no listener registered                     tid=19256153 event=onConnectionChange
[2026-10-10 15:11:18.749] [out] [delivery_module] DBG 2026-10-10 15:11:18.749+02:00 Finished dialing multiple peers            tid=19256152 successfulConns=6 attempted=6
[2026-10-10 15:11:18.749] [out] [delivery_module] DBG 2026-10-10 15:11:18.749+02:00 Dialing multiple peers                     topics="waku node peer_manager" tid=19256152 numOfPeers=3 nodes="@[16Uiu2HAmJNrJiCcwCCpBL47CYGnAtsfxPBz3ta8Yb4BzUqC2W9C5, 16Uiu2HAmDxFW65dZVPRDVknRWBzq4XjYHeWT3uc9rEzXpx3H7QUd, 16Uiu2HAmVfTJLvFx1TDN2nRMJV4gc9xATd7PhmA3mD65AXGas9Zu]"
[2026-10-10 15:11:18.749] [out] [delivery_module] INF 2026-10-10 15:11:18.749+02:00 Relay peer connections                     topics="waku node peer_manager" tid=19256152 inRelayConns=0/50 outRelayConns=7/25 totalConnections=7/150 notConnectedPeers=3 outsideBackoffPeers=3
[2026-10-10 15:11:18.750] [out] [delivery_module] DBG 2026-10-10 15:11:18.750+02:00 ENR addresses updated                      topics="waku enr" tid=19256152 retained=0 total=0
[2026-10-10 15:11:18.750] [out] [delivery_module] DBG 2026-10-10 15:11:18.750+02:00 Subscribing to pubsub topic                topics="waku relay" tid=19256152 pubsubTopic=/waku/2/rs/3/0
[2026-10-10 15:11:18.751] [out] [delivery_module] DBG 2026-10-10 15:11:18.751+02:00 peer filtering updated                     topics="waku discv5" tid=19256152
[2026-10-10 15:11:18.751] [out] [delivery_module] DBG 2026-10-10 15:11:18.751+02:00 ENR shards updated                         topics="waku discv5" tid=19256152 enrUri=enr:-K24QGBKK3C85nZtB3ros8o7zPksbTcBktGhmV3bxSf2a-NAB7oVi4Lux373sAJIbT7mGIe4M5xgE5KCb73LNqDsHgEHgmlkgnY0im11bHRpYWRkcnOAgnJzkwADCAAAAAEAAgADAAQABQAGAAeJc2VjcDI1NmsxoQMpPYRtDwRlWQajw7xp1XAJuDEbgX35KL4wEdi9fB8lG4N0Y3CCzECDdWRwgt8WhXdha3UyLQ add=true
[2026-10-10 15:11:18.751] [out] [delivery_module] DBG 2026-10-10 15:11:18.751+02:00 Subscribing to pubsub topic                topics="waku relay" tid=19256152 pubsubTopic=/waku/2/rs/3/1
[2026-10-10 15:11:18.751] [out] [delivery_module] DBG 2026-10-10 15:11:18.751+02:00 peer filtering updated                     topics="waku discv5" tid=19256152
[2026-10-10 15:11:18.751] [out] [delivery_module] DBG 2026-10-10 15:11:18.751+02:00 ENR shards updated                         topics="waku discv5" tid=19256152 enrUri=enr:-K24QBiaVdfAd7BT4BJyt74Gv6sXx8M3OwfnT192kgP7b7EjIMSeNmpc3EgPZfNJr22wx3-P5iBG1HK756CYJeSjhxQIgmlkgnY0im11bHRpYWRkcnOAgnJzkwADCAAAAAEAAgADAAQABQAGAAeJc2VjcDI1NmsxoQMpPYRtDwRlWQajw7xp1XAJuDEbgX35KL4wEdi9fB8lG4N0Y3CCzECDdWRwgt8WhXdha3UyLQ add=true
[2026-10-10 15:11:18.751] [out] [delivery_module] DBG 2026-10-10 15:11:18.751+02:00 Subscribing to pubsub topic                topics="waku relay" tid=19256152 pubsubTopic=/waku/2/rs/3/2
[2026-10-10 15:11:18.751] [out] [delivery_module] DBG 2026-10-10 15:11:18.751+02:00 peer filtering updated                     topics="waku discv5" tid=19256152
[2026-10-10 15:11:18.751] [out] [delivery_module] DBG 2026-10-10 15:11:18.751+02:00 ENR shards updated                         topics="waku discv5" tid=19256152 enrUri=enr:-K24QI_gH18tgWt5l6jtDHWHio-lVmA-Kdo7VuUvATmFsQUXX79Juo5qU9BTcqanbhqOXQ_VFYI330WlS6ZwgYI45N4JgmlkgnY0im11bHRpYWRkcnOAgnJzkwADCAAAAAEAAgADAAQABQAGAAeJc2VjcDI1NmsxoQMpPYRtDwRlWQajw7xp1XAJuDEbgX35KL4wEdi9fB8lG4N0Y3CCzECDdWRwgt8WhXdha3UyLQ add=true
[2026-10-10 15:11:18.752] [out] [delivery_module] DBG 2026-10-10 15:11:18.751+02:00 Subscribing to pubsub topic                topics="waku relay" tid=19256152 pubsubTopic=/waku/2/rs/3/3
[2026-10-10 15:11:18.752] [out] [delivery_module] DBG 2026-10-10 15:11:18.752+02:00 peer filtering updated                     topics="waku discv5" tid=19256152
[2026-10-10 15:11:18.752] [out] [delivery_module] DBG 2026-10-10 15:11:18.752+02:00 ENR shards updated                         topics="waku discv5" tid=19256152 enrUri=enr:-K24QCPGdyPFeQgz6OH2q6y13zQwr41ZUsUXXjn7nOgeQiJxadTrLXasWQdrtY59760FfHoQu4OsQLHwiwws-bgXVGYKgmlkgnY0im11bHRpYWRkcnOAgnJzkwADCAAAAAEAAgADAAQABQAGAAeJc2VjcDI1NmsxoQMpPYRtDwRlWQajw7xp1XAJuDEbgX35KL4wEdi9fB8lG4N0Y3CCzECDdWRwgt8WhXdha3UyLQ add=true
[2026-10-10 15:11:18.752] [out] [delivery_module] DBG 2026-10-10 15:11:18.752+02:00 Subscribing to pubsub topic                topics="waku relay" tid=19256152 pubsubTopic=/waku/2/rs/3/4
[2026-10-10 15:11:18.752] [out] [delivery_module] DBG 2026-10-10 15:11:18.752+02:00 peer filtering updated                     topics="waku discv5" tid=19256152
[2026-10-10 15:11:18.752] [out] [delivery_module] DBG 2026-10-10 15:11:18.752+02:00 ENR shards updated                         topics="waku discv5" tid=19256152 enrUri=enr:-K24QP3SoAzZA9C1bWX8VjVa1nH_HtE6V6tvUGZmL_VjlH3mDHnwmjQeSX4ebMDCy409dnd3CiPaLd5JvdfI3niJhpcLgmlkgnY0im11bHRpYWRkcnOAgnJzkwADCAAAAAEAAgADAAQABQAGAAeJc2VjcDI1NmsxoQMpPYRtDwRlWQajw7xp1XAJuDEbgX35KL4wEdi9fB8lG4N0Y3CCzECDdWRwgt8WhXdha3UyLQ add=true
[2026-10-10 15:11:18.752] [out] [delivery_module] DBG 2026-10-10 15:11:18.752+02:00 Subscribing to pubsub topic                topics="waku relay" tid=19256152 pubsubTopic=/waku/2/rs/3/5
[2026-10-10 15:11:18.752] [out] [delivery_module] DBG 2026-10-10 15:11:18.752+02:00 peer filtering updated                     topics="waku discv5" tid=19256152
[2026-10-10 15:11:18.752] [out] [delivery_module] DBG 2026-10-10 15:11:18.752+02:00 ENR shards updated                         topics="waku discv5" tid=19256152 enrUri=enr:-K24QCp9bdxjm_StsZSTDJe8tXVD9rHrfb38gv1LR2vHUTvNHABjHgtDx_dV-w2pA5Z6DzHAZhPEV8bHq-JQd2uJljYMgmlkgnY0im11bHRpYWRkcnOAgnJzkwADCAAAAAEAAgADAAQABQAGAAeJc2VjcDI1NmsxoQMpPYRtDwRlWQajw7xp1XAJuDEbgX35KL4wEdi9fB8lG4N0Y3CCzECDdWRwgt8WhXdha3UyLQ add=true
[2026-10-10 15:11:18.752] [out] [delivery_module] DBG 2026-10-10 15:11:18.752+02:00 Subscribing to pubsub topic                topics="waku relay" tid=19256152 pubsubTopic=/waku/2/rs/3/6
[2026-10-10 15:11:18.753] [out] [delivery_module] DBG 2026-10-10 15:11:18.753+02:00 peer filtering updated                     topics="waku discv5" tid=19256152
[2026-10-10 15:11:18.753] [out] [delivery_module] DBG 2026-10-10 15:11:18.753+02:00 ENR shards updated                         topics="waku discv5" tid=19256152 enrUri=enr:-K24QB-L9zZviggAO7xedSnvlqBJbE7XHqQ31x5hXEwC6OQuVGZoH-BAsf0_WA29w-Uxs4FVE2Bdyr1QaGZA_L54WA0NgmlkgnY0im11bHRpYWRkcnOAgnJzkwADCAAAAAEAAgADAAQABQAGAAeJc2VjcDI1NmsxoQMpPYRtDwRlWQajw7xp1XAJuDEbgX35KL4wEdi9fB8lG4N0Y3CCzECDdWRwgt8WhXdha3UyLQ add=true
[2026-10-10 15:11:18.753] [out] [delivery_module] NTC 2026-10-10 15:11:18.753+02:00 ENR carries no reachable host, so peers cannot dial this node. Set --nat, --ext-ip, --dns4-domain-name or --ext-multiaddr to advertise one topics="wakunode waku" tid=19256152
[2026-10-10 15:11:18.753] [out] [delivery_module] DBG 2026-10-10 15:11:18.753+02:00 Register interest                          topics="service-disco discoverer" tid=19256152 service=/logos/delivery serviceId=e6738033b5d4...cb0431b2f5d8
[2026-10-10 15:11:18.753] [out] [delivery_module] DBG 2026-10-10 15:11:18.753+02:00 Added service to discover                  topics="waku service discovery" tid=19256152 service=/logos/delivery
[2026-10-10 15:11:18.754] [out] [delivery_module] DBG 2026-10-10 15:11:18.754+02:00 Added provided service                     topics="service-disco advertiser" tid=19256152 service=/logos/delivery serviceId=e6738033b5d4...cb0431b2f5d8
[2026-10-10 15:11:18.755] [out] [delivery_module] DBG 2026-10-10 15:11:18.755+02:00 Cannot insert self in routing table        topics="kad-dht rtable" tid=19256152 nodeId=002508021221...d8bd7c1f251b
[2026-10-10 15:11:18.755] [out] [delivery_module] DBG 2026-10-10 15:11:18.755+02:00 Added service to advertise                 topics="waku service discovery" tid=19256152 service=/logos/delivery
[2026-10-10 15:11:18.755] [out] [delivery_module] INF 2026-10-10 15:11:18.755+02:00 advertising this node on the delivery network topics="waku discovery advertise" tid=19256152 backend=service protocols="[/vac/waku/relay/2.0.0, /vac/waku/filter-subscribe/2.0.0-beta1, /vac/waku/lightpush/3.0.0, /mix/1.0.0]"
[2026-10-10 15:11:18.756] [out] [delivery_module] DBG 2026-10-10 15:11:18.756+02:00 Register interest                          topics="service-disco discoverer" tid=19256152 service=/mix/1.0.0 serviceId=913b5c5dbe69...6f90568cea40
[2026-10-10 15:11:18.756] [out] [delivery_module] DBG 2026-10-10 15:11:18.756+02:00 Added service to discover                  topics="waku service discovery" tid=19256152 service=/mix/1.0.0
[2026-10-10 15:11:18.756] [out] [delivery_module] DBG 2026-10-10 15:11:18.756+02:00 Added provided service                     topics="service-disco advertiser" tid=19256152 service=/mix/1.0.0 serviceId=913b5c5dbe69...6f90568cea40
[2026-10-10 15:11:18.757] [out] [delivery_module] DBG 2026-10-10 15:11:18.757+02:00 Added service to advertise                 topics="waku service discovery" tid=19256152 service=/mix/1.0.0
[2026-10-10 15:11:18.757] [out] [delivery_module] INF 2026-10-10 15:11:18.757+02:00 advertising this node as a mix node        topics="waku discovery advertise" tid=19256152 backend=service
[2026-10-10 15:11:18.757] [out] [delivery_module] INF 2026-10-10 15:11:18.757+02:00 Node is online                             topics="waku online monitor" tid=19256152
[2026-10-10 15:11:18.757] [out] [delivery_module] INF 2026-10-10 15:11:18.757+02:00 Health monitor loop start                  tid=19256152
[2026-10-10 15:11:18.758] [out] [delivery_module] DBG 2026-10-10 15:11:18.758+02:00 calculateConnectionState                   tid=19256152 relayCount=7 storeClientCount=6 lightpushCount=7 filterCount=7
[2026-10-10 15:11:18.758] [out] [delivery_module] DBG 2026-10-10 15:11:18.758+02:00 connectionStatus change                    tid=19256152 oldstatus=Disconnected newstatus=Connected
[2026-10-10 15:11:18.758] [out] [delivery_module] INF 2026-10-10 15:11:18.758+02:00 starting keepalive                         tid=19256152 randomPeersKeepalive=10s allPeersKeepalive=2m
[2026-10-10 15:11:18.758] [out] [delivery_module] DBG 2026-10-10 15:11:18.758+02:00 no listener registered                     tid=19256153 event=onTopicHealthChange
[2026-10-10 15:11:18.758] [out] [delivery_module] DBG 2026-10-10 15:11:18.758+02:00 no listener registered                     tid=19256153 event=onTopicHealthChange
[2026-10-10 15:11:18.758] [out] [delivery_module] DBG 2026-10-10 15:11:18.758+02:00 no listener registered                     tid=19256153 event=onTopicHealthChange
[2026-10-10 15:11:18.758] [out] [delivery_module] DBG 2026-10-10 15:11:18.758+02:00 no listener registered                     tid=19256153 event=onTopicHealthChange
[2026-10-10 15:11:18.758] [out] [delivery_module] DBG 2026-10-10 15:11:18.758+02:00 no listener registered                     tid=19256153 event=onTopicHealthChange
[2026-10-10 15:11:18.758] [out] [delivery_module] DBG 2026-10-10 15:11:18.758+02:00 no listener registered                     tid=19256153 event=onTopicHealthChange
[2026-10-10 15:11:18.758] [out] [delivery_module] DBG 2026-10-10 15:11:18.758+02:00 no listener registered                     tid=19256153 event=onTopicHealthChange
[2026-10-10 15:11:18.860] [out] [delivery_module] DBG 2026-10-10 15:11:18.860+02:00 calculateConnectionState                   tid=19256152 relayCount=7 storeClientCount=6 lightpushCount=7 filterCount=7
[2026-10-10 15:11:18.862] [out] [delivery_module] DBG 2026-10-10 15:11:18.862+02:00 no listener registered                     tid=19256153 event=onConnectionChange
[2026-10-10 15:11:18.962] [out] [delivery_module] DBG 2026-10-10 15:11:18.962+02:00 calculateConnectionState                   tid=19256152 relayCount=7 storeClientCount=6 lightpushCount=7 filterCount=7
[2026-10-10 15:11:19.173] [out] [delivery_module] DBG 2026-10-10 15:11:19.173+02:00 Getting adverts                            topics="service-disco discoverer" tid=19256152 serviceId=913b5c5dbe69...6f90568cea40 registrar=16Uiu2...bHQ8Hg
[2026-10-10 15:11:19.173] [out] [delivery_module] DBG 2026-10-10 15:11:19.173+02:00 Adverts found                              topics="service-disco discoverer" tid=19256152 serviceId=913b5c5dbe69...6f90568cea40 remote=16Uiu2...bHQ8Hg count=0
[2026-10-10 15:11:19.174] [out] [delivery_module] DBG 2026-10-10 15:11:19.174+02:00 Getting adverts                            topics="service-disco discoverer" tid=19256152 serviceId=913b5c5dbe69...6f90568cea40 registrar=16Uiu2...NSkuby
[2026-10-10 15:11:19.174] [out] [delivery_module] DBG 2026-10-10 15:11:19.174+02:00 Getting adverts                            topics="service-disco discoverer" tid=19256152 serviceId=913b5c5dbe69...6f90568cea40 registrar=16Uiu2...TwqBiH
[2026-10-10 15:11:19.174] [out] [delivery_module] DBG 2026-10-10 15:11:19.174+02:00 Getting adverts                            topics="service-disco discoverer" tid=19256152 serviceId=e6738033b5d4...cb0431b2f5d8 registrar=16Uiu2...bHQ8Hg
[2026-10-10 15:11:19.174] [out] [delivery_module] DBG 2026-10-10 15:11:19.174+02:00 Adverts found                              topics="service-disco discoverer" tid=19256152 serviceId=e6738033b5d4...cb0431b2f5d8 remote=16Uiu2...bHQ8Hg count=1
[2026-10-10 15:11:19.175] [out] [delivery_module] DBG 2026-10-10 15:11:19.175+02:00 Getting adverts                            topics="service-disco discoverer" tid=19256152 serviceId=e6738033b5d4...cb0431b2f5d8 registrar=16Uiu2...NSkuby
[2026-10-10 15:11:19.175] [out] [delivery_module] DBG 2026-10-10 15:11:19.175+02:00 Getting adverts                            topics="service-disco discoverer" tid=19256152 serviceId=e6738033b5d4...cb0431b2f5d8 registrar=16Uiu2...TwqBiH
[2026-10-10 15:11:19.336] [out] [delivery_module] DBG 2026-10-10 15:11:19.336+02:00 Adverts found                              topics="service-disco discoverer" tid=19256152 serviceId=913b5c5dbe69...6f90568cea40 remote=16Uiu2...NSkuby count=3
[2026-10-10 15:11:19.337] [out] [delivery_module] DBG 2026-10-10 15:11:19.337+02:00 Adverts found                              topics="service-disco discoverer" tid=19256152 serviceId=e6738033b5d4...cb0431b2f5d8 remote=16Uiu2...NSkuby count=4
[2026-10-10 15:11:19.343] [out] [delivery_module] DBG 2026-10-10 15:11:19.343+02:00 Provider found                             topics="service-disco tracker" tid=19256152 serviceId=913b5c5dbe69...6f90568cea40 provider=16Uiu2...P1S397 rank=1 elapsedMs=587 source=FromLookup
[2026-10-10 15:11:19.343] [out] [delivery_module] DBG 2026-10-10 15:11:19.343+02:00 Provider found                             topics="service-disco tracker" tid=19256152 serviceId=913b5c5dbe69...6f90568cea40 provider=16Uiu2...T3UNSE rank=2 elapsedMs=587 source=FromLookup
[2026-10-10 15:11:19.343] [out] [delivery_module] DBG 2026-10-10 15:11:19.343+02:00 Provider found                             topics="service-disco tracker" tid=19256152 serviceId=913b5c5dbe69...6f90568cea40 provider=16Uiu2...TwqBiH rank=3 elapsedMs=587 source=FromLookup
[2026-10-10 15:11:19.345] [out] [delivery_module] DBG 2026-10-10 15:11:19.345+02:00 Provider found                             topics="service-disco tracker" tid=19256152 serviceId=e6738033b5d4...cb0431b2f5d8 provider=16Uiu2...kGyuEP rank=1 elapsedMs=592 source=FromLookup
[2026-10-10 15:11:19.345] [out] [delivery_module] DBG 2026-10-10 15:11:19.345+02:00 Provider found                             topics="service-disco tracker" tid=19256152 serviceId=e6738033b5d4...cb0431b2f5d8 provider=16Uiu2...P1S397 rank=2 elapsedMs=592 source=FromLookup
[2026-10-10 15:11:19.345] [out] [delivery_module] DBG 2026-10-10 15:11:19.345+02:00 Provider found                             topics="service-disco tracker" tid=19256152 serviceId=e6738033b5d4...cb0431b2f5d8 provider=16Uiu2...VpJprH rank=3 elapsedMs=592 source=FromLookup
[2026-10-10 15:11:19.345] [out] [delivery_module] DBG 2026-10-10 15:11:19.345+02:00 Provider found                             topics="service-disco tracker" tid=19256152 serviceId=e6738033b5d4...cb0431b2f5d8 provider=16Uiu2...NSkuby rank=4 elapsedMs=592 source=FromLookup
[2026-10-10 15:11:19.345] [out] [delivery_module] INF 2026-10-10 15:11:19.345+02:00 Message received                           tid=19256152 msg_hash=0xd6d3572c167bfca52729b43bc602ac27a1a0349768bec8276e38b3a55d09f055 contentTopic=/lp0026forum/1/general/text pubsubTopic=/waku/2/rs/3/7 source=history
[2026-10-10 15:11:19.348] [out] [delivery_module] DBG 2026-10-10 15:11:19.348+02:00 Peer dial started                          topics="libp2p dialer" tid=19256152 peerId=16Uiu2...NmmnVv addresses="[/ip4/143.105.219.245/udp/60401/quic-v1, /ip4/143.105.219.245/tcp/61976]"
[2026-10-10 15:11:19.349] [out] [delivery_module] DBG 2026-10-10 15:11:19.349+02:00 New connection established: client         tid=19256152
[2026-10-10 15:11:19.505] [out] [delivery_module] DBG 2026-10-10 15:11:19.505+02:00 Adverts found                              topics="service-disco discoverer" tid=19256152 serviceId=913b5c5dbe69...6f90568cea40 remote=16Uiu2...TwqBiH count=5
[2026-10-10 15:11:19.508] [out] [delivery_module] DBG 2026-10-10 15:11:19.508+02:00 Provider found                             topics="service-disco tracker" tid=19256152 serviceId=913b5c5dbe69...6f90568cea40 provider=16Uiu2...kGyuEP rank=4 elapsedMs=752 source=FromLookup
[2026-10-10 15:11:19.508] [out] [delivery_module] DBG 2026-10-10 15:11:19.508+02:00 Provider found                             topics="service-disco tracker" tid=19256152 serviceId=913b5c5dbe69...6f90568cea40 provider=16Uiu2...VpJprH rank=5 elapsedMs=752 source=FromLookup
[2026-10-10 15:11:19.508] [out] [delivery_module] DBG 2026-10-10 15:11:19.508+02:00 Provider found                             topics="service-disco tracker" tid=19256152 serviceId=913b5c5dbe69...6f90568cea40 provider=16Uiu2...NSkuby rank=6 elapsedMs=752 source=FromLookup
[2026-10-10 15:11:19.508] [out] [delivery_module] DBG 2026-10-10 15:11:19.508+02:00 Getting adverts                            topics="service-disco discoverer" tid=19256152 serviceId=913b5c5dbe69...6f90568cea40 registrar=16Uiu2...T3UNSE
[2026-10-10 15:11:19.508] [out] [delivery_module] DBG 2026-10-10 15:11:19.508+02:00 Getting adverts                            topics="service-disco discoverer" tid=19256152 serviceId=913b5c5dbe69...6f90568cea40 registrar=16Uiu2...P1S397
[2026-10-10 15:11:19.508] [out] [delivery_module] DBG 2026-10-10 15:11:19.508+02:00 Getting adverts                            topics="service-disco discoverer" tid=19256152 serviceId=913b5c5dbe69...6f90568cea40 registrar=16Uiu2...VpJprH
[2026-10-10 15:11:19.509] [out] [delivery_module] DBG 2026-10-10 15:11:19.509+02:00 Adverts found                              topics="service-disco discoverer" tid=19256152 serviceId=e6738033b5d4...cb0431b2f5d8 remote=16Uiu2...TwqBiH count=3
[2026-10-10 15:11:19.510] [out] [delivery_module] DBG 2026-10-10 15:11:19.510+02:00 Provider found                             topics="service-disco tracker" tid=19256152 serviceId=e6738033b5d4...cb0431b2f5d8 provider=16Uiu2...BjtNZZ rank=5 elapsedMs=757 source=FromLookup
[2026-10-10 15:11:19.510] [out] [delivery_module] DBG 2026-10-10 15:11:19.510+02:00 Provider found                             topics="service-disco tracker" tid=19256152 serviceId=e6738033b5d4...cb0431b2f5d8 provider=16Uiu2...TwqBiH rank=6 elapsedMs=757 source=FromLookup
[2026-10-10 15:11:19.510] [out] [delivery_module] DBG 2026-10-10 15:11:19.510+02:00 Getting adverts                            topics="service-disco discoverer" tid=19256152 serviceId=e6738033b5d4...cb0431b2f5d8 registrar=16Uiu2...kGyuEP
[2026-10-10 15:11:19.604] [info] [logos] [delivery_module] DeliveryModuleImpl::storeQuery called with peerAddr: /dns4/delivery-01.do-ams3.logos.dev.status.im/tcp/30303/p2p/16Uiu2HAmTUbnxLGT9JvV6mu9oPyDjqHK4Phs1VDJNUgESgNSkuby
[2026-10-10 15:11:19.617] [out] [delivery_module] DBG 2026-10-10 15:11:19.617+02:00 Adverts found                              topics="service-disco discoverer" tid=19256152 serviceId=913b5c5dbe69...6f90568cea40 remote=16Uiu2...VpJprH count=3
[2026-10-10 15:11:19.826] [out] [delivery_module] DBG 2026-10-10 15:11:19.826+02:00 Adverts found                              topics="service-disco discoverer" tid=19256152 serviceId=913b5c5dbe69...6f90568cea40 remote=16Uiu2...P1S397 count=3
[2026-10-10 15:11:19.943] [out] [delivery_module] DBG 2026-10-10 15:11:19.943+02:00 Adverts found                              topics="service-disco discoverer" tid=19256152 serviceId=913b5c5dbe69...6f90568cea40 remote=16Uiu2...T3UNSE count=0
[2026-10-10 15:11:19.945] [out] [delivery_module] DBG 2026-10-10 15:11:19.945+02:00 Getting adverts                            topics="service-disco discoverer" tid=19256152 serviceId=913b5c5dbe69...6f90568cea40 registrar=16Uiu2...kGyuEP
[2026-10-10 15:11:19.961] [out] [delivery_module] DBG 2026-10-10 15:11:19.961+02:00 Adverts found                              topics="service-disco discoverer" tid=19256152 serviceId=e6738033b5d4...cb0431b2f5d8 remote=16Uiu2...kGyuEP count=5
[2026-10-10 15:11:19.963] [out] [delivery_module] DBG 2026-10-10 15:11:19.963+02:00 Getting adverts                            topics="service-disco discoverer" tid=19256152 serviceId=e6738033b5d4...cb0431b2f5d8 registrar=16Uiu2...VpJprH
[2026-10-10 15:11:20.068] [out] [delivery_module] DBG 2026-10-10 15:11:20.068+02:00 Adverts found                              topics="service-disco discoverer" tid=19256152 serviceId=e6738033b5d4...cb0431b2f5d8 remote=16Uiu2...VpJprH count=5
[2026-10-10 15:11:20.070] [out] [delivery_module] DBG 2026-10-10 15:11:20.070+02:00 Getting adverts                            topics="service-disco discoverer" tid=19256152 serviceId=e6738033b5d4...cb0431b2f5d8 registrar=16Uiu2...T3UNSE
[2026-10-10 15:11:20.070] [out] [delivery_module] DBG 2026-10-10 15:11:20.070+02:00 Getting adverts                            topics="service-disco discoverer" tid=19256152 serviceId=e6738033b5d4...cb0431b2f5d8 registrar=16Uiu2...P1S397
[QmlInspector] Client disconnected
