=== 1/7 relays up (fresh identities)
wrote ~/.local/share/lp0026-forum-dev/m2-run/sender.json for role sender (mode 0600)
wrote ~/.local/share/lp0026-forum-dev/m2-run/receiver.json for role receiver (mode 0600)
=== 2/7 boot instances
=== 3/7 P1 online post (with recovery)
sender alive on :3768
receiver alive on :3769
{"outcome":"","transport":"transport ready: Required policy configured on an app-owned local node — privacy verified per send via propagation events","alive":false}
compose attempt 1 produced no outcome (alive=False) — recovering
sender BACKEND DEAD on :3768 — restarting instance
tools/m2_run.sh: line 107:  7460 Terminated: 15          QT_QPA_PLATFORM=offscreen LOGOS_QML_HOT_RELOAD=0 FORUM_DB_PATH="$STATE/sender.db" FORUM_TRANSPORT_CONFIG="$STATE/sender.json" QML_INSPECTOR_PORT=3768 "$UI_DEV" > "$EVID/sender-app-$SENDER_LOG_N.log" 2>&1
{"outcome":"","transport":"transport ready: Required policy configured on an app-owned local node — privacy verified per send via propagation events","alive":false}
compose attempt 2 produced no outcome (alive=False) — recovering
sender BACKEND DEAD on :3768 — restarting instance
tools/m2_run.sh: line 107:  7864 Terminated: 15          QT_QPA_PLATFORM=offscreen LOGOS_QML_HOT_RELOAD=0 FORUM_DB_PATH="$STATE/sender.db" FORUM_TRANSPORT_CONFIG="$STATE/sender.json" QML_INSPECTOR_PORT=3768 "$UI_DEV" > "$EVID/sender-app-$SENDER_LOG_N.log" 2>&1
{"outcome":"","transport":"transport ready: Required policy configured on an app-owned local node — privacy verified per send via propagation events","alive":false}
compose attempt 3 produced no outcome (alive=False) — recovering
sender BACKEND DEAD on :3768 — restarting instance
tools/m2_run.sh: line 107:  8100 Terminated: 15          QT_QPA_PLATFORM=offscreen LOGOS_QML_HOT_RELOAD=0 FORUM_DB_PATH="$STATE/sender.db" FORUM_TRANSPORT_CONFIG="$STATE/sender.json" QML_INSPECTOR_PORT=3768 "$UI_DEV" > "$EVID/sender-app-$SENDER_LOG_N.log" 2>&1
FAIL: P1 compose never produced an outcome
=== cleanup 2026-10-02T08:08:33Z
tools/m2_run.sh: line 47:  7461 Terminated: 15          QT_QPA_PLATFORM=offscreen LOGOS_QML_HOT_RELOAD=0 FORUM_DB_PATH="$STATE/receiver.db" FORUM_TRANSPORT_CONFIG="$STATE/receiver.json" QML_INSPECTOR_PORT=3769 "$UI_DEV" > "$EVID/receiver-app.log" 2>&1
tools/m2_run.sh: line 47:  8455 Terminated: 15          QT_QPA_PLATFORM=offscreen LOGOS_QML_HOT_RELOAD=0 FORUM_DB_PATH="$STATE/sender.db" FORUM_TRANSPORT_CONFIG="$STATE/sender.json" QML_INSPECTOR_PORT=3768 "$UI_DEV" > "$EVID/sender-app-$SENDER_LOG_N.log" 2>&1
stop issued for: core1, core2, core3, core4
6930 python3 <repo>/tools/m1_topology.py --state ~/.local/share/lp0026-forum-dev/m2-run/relays --evidence <repo>/evidence/m2-core/outbox-20261002-100531 --runtime ~/.local/share/lp0026-forum-dev/runtime/logosctl-aarch64-macos start
WARNING: leftover smoke-owned processes
