run-logos-standalone-ui: hot-reloading QML from <repo>-depbump/src/qml
  (export DEV_QML_PATH to override, or LOGOS_QML_HOT_RELOAD=0 to disable)
Session directory: "~/Library/Application Support/Logos/LogosStandalone"
[2026-10-07 09:24:27.025] [info] [logos] Granting host services to 'capability_module': token_registry,token_delivery
[2026-10-07 09:24:27.073] [out] [capability_module] [2026-10-07 09:24:27.073] [info] Granting host services to capability_module: ["token_registry","token_delivery"]
RemoteTransportConnection: Connecting to registry: "local:logos_capability_module_838bb2fe025b" at "09:24:27.078"
RemoteTransportConnection: Registry connect attempt started (no peer contact yet): "local:logos_capability_module_838bb2fe025b"
LogosAPIConsumer: Informing module token for module: "capability_module" with token: "redacted:5c0fc264…"
RemoteTransportConnection: Requesting object: "capability_module" at "09:24:27.079"
[LogosObject] RemoteTransportConnection: returning RemoteLogosObject for: "capability_module"
[LogosObject] Created RemoteLogosObject wrapping QRemoteObjectReplica 105553140979808
[LogosObject] LogosAPIConsumer: calling LogosObject::informModuleToken for "capability_module"
LogosAPIConsumer: informModuleToken completed with result: true
[LogosObject] Destroying RemoteLogosObject 0
[2026-10-07 09:24:27.109] [info] [logos] Module loaded: capability_module
LogosAPIConsumer: Informing module token for module: "modules_state" with token: "redacted:8d315243…"
RemoteTransportConnection: Requesting object: "capability_module" at "09:24:27.154"
[LogosObject] RemoteTransportConnection: returning RemoteLogosObject for: "capability_module"
[LogosObject] Created RemoteLogosObject wrapping QRemoteObjectReplica 105553140984800
[LogosObject] LogosAPIConsumer: calling LogosObject::informModuleToken for "modules_state"
LogosAPIConsumer: informModuleToken completed with result: true
[LogosObject] Destroying RemoteLogosObject 0
[2026-10-07 09:24:27.154] [info] [logos] Module loaded: modules_state
RemoteTransportConnection: Connecting to registry: "local:logos_modules_state_838bb2fe025b" at "09:24:27.155"
RemoteTransportConnection: Registry connect attempt started (no peer contact yet): "local:logos_modules_state_838bb2fe025b"
RemoteTransportConnection: Connecting to registry: "local:logos_capability_module_838bb2fe025b" at "09:24:27.155"
RemoteTransportConnection: Registry connect attempt started (no peer contact yet): "local:logos_capability_module_838bb2fe025b"
LogosAPIConsumer: '"modules_state"::""' deferred pending the module becoming reachable
LogosAPIConsumer: '"modules_state"::""' deferred pending the module becoming reachable
Logos Core started (modules dir: "/nix/store/gxna1vv93drk0r01vph163c8q3dw4ng4-logos-forum_module-plugin-dir-modules" )
Set app icon from metadata: "/nix/store/fcjx57wbqm67d3sf9fshl21cwsmbllhn-logos-forum_module-plugin-dir/src/icons/icon.png"
[2026-10-07 09:24:27.226] [info] [logos] [delivery_module] DeliveryModuleImpl: Initializing...
LogosAPIConsumer: Informing module token for module: "delivery_module" with token: "redacted:01ed1850…"
RemoteTransportConnection: Requesting object: "capability_module" at "09:24:27.228"
[LogosObject] RemoteTransportConnection: returning RemoteLogosObject for: "capability_module"
[LogosObject] Created RemoteLogosObject wrapping QRemoteObjectReplica 105553140910048
[LogosObject] LogosAPIConsumer: calling LogosObject::informModuleToken for "delivery_module"
LogosAPIConsumer: informModuleToken completed with result: true
[LogosObject] Destroying RemoteLogosObject 0
[2026-10-07 09:24:27.228] [info] [logos] Module loaded: delivery_module
RemoteTransportConnection: Connecting to registry: "local:logos_delivery_module_838bb2fe025b" at "09:24:27.229"
RemoteTransportConnection: Registry connect attempt started (no peer contact yet): "local:logos_delivery_module_838bb2fe025b"
RemoteTransportConnection: Connecting to registry: "local:logos_capability_module_838bb2fe025b" at "09:24:27.229"
RemoteTransportConnection: Registry connect attempt started (no peer contact yet): "local:logos_capability_module_838bb2fe025b"
LogosAPIConsumer: '"delivery_module"::""' deferred pending the module becoming reachable
LogosAPIClient: getToken for module: "modules_state"
LogosAPIClient: Found token for module: "modules_state"
RemoteTransportConnection: Requesting object: "modules_state" at "09:24:27.229"
[LogosObject] RemoteTransportConnection: returning RemoteLogosObject for: "modules_state"
[LogosObject] Created RemoteLogosObject wrapping QRemoteObjectReplica 105553140987520
[LogosObject] LogosAPIConsumer: async calling via LogosObject::callMethodAsync "note_transition"
[LogosObject] RemoteLogosObject::callMethodAsync "note_transition" args: 7
LogosAPIClient: getToken for module: "modules_state"
LogosAPIClient: Found token for module: "modules_state"
[LogosObject] LogosAPIConsumer: async calling via LogosObject::callMethodAsync "note_transition"
[LogosObject] RemoteLogosObject::callMethodAsync "note_transition" args: 7
Loaded dependency (with transitive deps): "delivery_module"
[2026-10-07 09:24:27.281] [info] [logos] [storage_module] StorageModuleImpl: Initializing...
LogosAPIConsumer: Informing module token for module: "storage_module" with token: "redacted:9e60de32…"
RemoteTransportConnection: Requesting object: "capability_module" at "09:24:27.282"
[LogosObject] Created RemoteLogosObject wrapping QRemoteObjectReplica 105553140986816
LogosAPIClient: invoking remote method "modules_state" "apply_snapshot" args_count: 1
LogosAPIClient: getToken for module: "modules_state"
LogosAPIClient: Found token for module: "modules_state"
LogosAPIConsumer: Calling invokeRemoteMethod: "modules_state" "apply_snapshot" args_count: 1 timeout: 20000
[LogosObject] LogosAPIConsumer: calling via LogosObject::callMethod "apply_snapshot"
[LogosObject] RemoteLogosObject::callMethod "apply_snapshot" args: 1
[LogosObject] Created RemoteLogosObject wrapping QRemoteObjectReplica 105553140987328
LogosAPIClient: getToken for module: "modules_state"
LogosAPIClient: Found token for module: "modules_state"
[LogosObject] LogosAPIConsumer: async calling via LogosObject::callMethodAsync "note_transition"
[LogosObject] RemoteLogosObject::callMethodAsync "note_transition" args: 7
LogosAPIClient: getToken for module: "modules_state"
LogosAPIClient: Found token for module: "modules_state"
[LogosObject] LogosAPIConsumer: async calling via LogosObject::callMethodAsync "note_transition"
[LogosObject] RemoteLogosObject::callMethodAsync "note_transition" args: 7
[2026-10-07 09:24:27.286] [info] [logos] Pushed module snapshot to modules_state
LogosAPIClient: getToken for module: "modules_state"
LogosAPIClient: Found token for module: "modules_state"
[LogosObject] LogosAPIConsumer: async calling via LogosObject::callMethodAsync "note_transition"
[LogosObject] RemoteLogosObject::callMethodAsync "note_transition" args: 7
[LogosObject] RemoteTransportConnection: returning RemoteLogosObject for: "capability_module"
[LogosObject] Created RemoteLogosObject wrapping QRemoteObjectReplica 105553140910048
[LogosObject] LogosAPIConsumer: calling LogosObject::informModuleToken for "storage_module"
LogosAPIConsumer: informModuleToken completed with result: true
[LogosObject] Destroying RemoteLogosObject 0
[2026-10-07 09:24:27.286] [info] [logos] Module loaded: storage_module
RemoteTransportConnection: Connecting to registry: "local:logos_storage_module_838bb2fe025b" at "09:24:27.287"
RemoteTransportConnection: Registry connect attempt started (no peer contact yet): "local:logos_storage_module_838bb2fe025b"
RemoteTransportConnection: Connecting to registry: "local:logos_capability_module_838bb2fe025b" at "09:24:27.287"
RemoteTransportConnection: Registry connect attempt started (no peer contact yet): "local:logos_capability_module_838bb2fe025b"
LogosAPIConsumer: '"storage_module"::""' deferred pending the module becoming reachable
LogosAPIClient: getToken for module: "modules_state"
LogosAPIClient: Found token for module: "modules_state"
[LogosObject] LogosAPIConsumer: async calling via LogosObject::callMethodAsync "note_transition"
[LogosObject] RemoteLogosObject::callMethodAsync "note_transition" args: 7
Loaded dependency (with transitive deps): "storage_module"
DEV_QML_PATH override active: <repo>-depbump/src/qml/Main.qml
RemoteTransportConnection: Connecting to registry: "local:logos_capability_module_838bb2fe025b" at "09:24:27.287"
RemoteTransportConnection: Registry connect attempt started (no peer contact yet): "local:logos_capability_module_838bb2fe025b"
LogosAPIConsumer: Informing module token for module: "forum_module" with token: "redacted:a403a2c2…"
RemoteTransportConnection: Requesting object: "capability_module" at "09:24:27.287"
[LogosObject] RemoteTransportConnection: returning RemoteLogosObject for: "capability_module"
[LogosObject] Created RemoteLogosObject wrapping QRemoteObjectReplica 105553141336224
[LogosObject] LogosAPIConsumer: calling LogosObject::informModuleToken for "forum_module"
[LogosObject] Created RemoteLogosObject wrapping QRemoteObjectReplica 105553141335264
LogosAPIClient: getToken for module: "modules_state"
LogosAPIClient: Found token for module: "modules_state"
[LogosObject] LogosAPIConsumer: async calling via LogosObject::callMethodAsync "note_transition"
[LogosObject] RemoteLogosObject::callMethodAsync "note_transition" args: 7
LogosAPIConsumer: informModuleToken completed with result: true
[LogosObject] Destroying RemoteLogosObject 0
[2026-10-07 09:24:27.344] [warning] [logos] [capability_module] Warning: QObject::connect: No such signal ::eventResponse(QString,QVariantList)
[2026-10-07 09:24:27.346] [info] [logos] [delivery_module] DeliveryModuleImpl::getNodeInfo called with nodeInfoId: MyPeerId
[2026-10-07 09:24:27.346] [info] [logos] [delivery_module] DeliveryModuleImpl: Cannot get node info - context not initialized. Call createNode first.
[2026-10-07 09:24:27.346] [info] [logos] [delivery_module] DeliveryModuleImpl::createNode called
[2026-10-07 09:24:27.421] [info] [logos] [delivery_module] DeliveryModuleImpl: Waiting for createNode callback...
[2026-10-07 09:24:27.426] [out] [delivery_module] DBG 2026-10-07 09:24:27.426+02:00 Whether to mount storeSync is not specified, defaulting to not mounting topics="waku conf builder" tid=437865
[2026-10-07 09:24:27.426] [out] [delivery_module] INF 2026-10-07 09:24:27.426+02:00 Sharding configuration:                    topics="waku conf builder" tid=437865 shardingConf="(kind: AutoSharding, numShardsInCluster: 1)" subscribeShards=@[0]
[2026-10-07 09:24:27.427] [out] [delivery_module] INF 2026-10-07 09:24:27.427+02:00 Configuration: Enabled protocols           topics="waku conf" tid=437865 relay=true rlnRelay=false store=false filter=false lightPush=false peerExchange=false rendezvous=false
[2026-10-07 09:24:27.428] [out] [delivery_module] INF 2026-10-07 09:24:27.427+02:00 Configuration. Network                     topics="waku conf" tid=437865 cluster=42
[2026-10-07 09:24:27.428] [out] [delivery_module] DBG 2026-10-07 09:24:27.427+02:00 Configuration. Active Relay Shards         topics="waku conf" tid=437865 shard=0
[2026-10-07 09:24:27.428] [out] [delivery_module] INF 2026-10-07 09:24:27.428+02:00 Setting up storage                         tid=437865
[2026-10-07 09:24:27.428] [out] [delivery_module] INF 2026-10-07 09:24:27.428+02:00 Initializing node                          tid=437865
[2026-10-07 09:24:27.430] [out] [delivery_module] INF 2026-10-07 09:24:27.429+02:00 Initializing networking                    tid=437865 addrs=@[/ip4/127.0.0.1/tcp/54403]
[2026-10-07 09:24:27.430] [out] [delivery_module] INF 2026-10-07 09:24:27.430+02:00 Mounting protocols                         tid=437865
[2026-10-07 09:24:27.430] [out] [delivery_module] INF 2026-10-07 09:24:27.430+02:00 Created WakuMetadata protocol              topics="waku node" tid=437865 clusterId=42 shards="[0]"
[2026-10-07 09:24:27.430] [out] [delivery_module] INF 2026-10-07 09:24:27.430+02:00 Mounting mix protocol                      topics="waku node" tid=437865INF 2026-10-07 09:24:27.430+02:00 node info                                  topics="waku node" tid=437865 wakuInfo="(listenAddresses: [/ip4/127.0.0.1/tcp/54403/p2p/16Uiu2HAm6Vzv9ER8rLT4Xwm9Ug29KyRi2cdWZd6XkGMvgXYm65rf], enrUri: enr:-JS4QDEfee9qPg-aKiJA5tM1hJkyNO4y4af6qOAi6qWrzPA2HaCeOiRd31q6zLZ4lFVX_dApYcCpDgL2FR0tZxrf1uwBgmlkgnY0gmlwhH8AAAGCcnOFACoBAACJc2VjcDI1NmsxoQKkjEqnz3tYOvWRKr5qmJ0fYv6ypL1XN63xP7I3pZgFuIN0Y3CC1IOFd2FrdTIh, mixPubKey: none())"
[2026-10-07 09:24:27.430] [out] [delivery_module]  nodeId="(listenAddresses: [/ip4/127.0.0.1/tcp/54403/p2p/16Uiu2HAm6Vzv9ER8rLT4Xwm9Ug29KyRi2cdWZd6XkGMvgXYm65rf], enrUri: enr:-JS4QDEfee9qPg-aKiJA5tM1hJkyNO4y4af6qOAi6qWrzPA2HaCeOiRd31q6zLZ4lFVX_dApYcCpDgL2FR0tZxrf1uwBgmlkgnY0gmlwhH8AAAGCcnOFACoBAACJc2VjcDI1NmsxoQKkjEqnz3tYOvWRKr5qmJ0fYv6ypL1XN63xP7I3pZgFuIN0Y3CC1IOFd2FrdTIh, mixPubKey: none())"
[2026-10-07 09:24:27.430] [out] [delivery_module] INF 2026-10-07 09:24:27.430+02:00 local addr                                 topics="waku node" tid=437865 localaddr=/ip4/127.0.0.1/tcp/54403
[2026-10-07 09:24:27.430] [out] [delivery_module] INF 2026-10-07 09:24:27.430+02:00 mixPubKey                                  topics="waku node" tid=437865 mixPubKey="[76, 75, 154, 22, 111, 82, 37, 100, 101, 124, 36, 221, 110, 161, 67, 145, 31, 211, 208, 235, 68, 162, 95, 196, 127, 170, 28, 150, 116, 45, 50, 61]"
[2026-10-07 09:24:27.432] [out] [delivery_module] INF 2026-10-07 09:24:27.432+02:00 Using mix bootstrap nodes                  topics="waku mix" tid=437865 entries=4 poolSize=4
[2026-10-07 09:24:27.432] [out] [delivery_module] INF 2026-10-07 09:24:27.432+02:00 mounting store client                      topics="waku node store api" tid=437865
[2026-10-07 09:24:27.432] [out] [delivery_module] INF 2026-10-07 09:24:27.432+02:00 Mounting auto sharding                     topics="waku node" tid=437865 clusterId=42 shardCount=1
[2026-10-07 09:24:27.432] [out] [delivery_module] DBG 2026-10-07 09:24:27.432+02:00 Setting max message size                   tid=437865 num_bytes=153600
[2026-10-07 09:24:27.432] [out] [delivery_module] INF 2026-10-07 09:24:27.432+02:00 mounting relay protocol                    topics="waku node relay api" tid=437865
[2026-10-07 09:24:27.432] [out] [delivery_module] DBG 2026-10-07 09:24:27.432+02:00 relay mounted successfully                 topics="waku node relay api" tid=437865
[2026-10-07 09:24:27.432] [out] [delivery_module] DBG 2026-10-07 09:24:27.432+02:00 Adding validator to signed shards          tid=437865 protectedShards=[] clusterId=42
[2026-10-07 09:24:27.432] [out] [delivery_module] INF 2026-10-07 09:24:27.432+02:00 mounting libp2p ping protocol              topics="waku node ping api" tid=437865
[2026-10-07 09:24:27.432] [out] [delivery_module] INF 2026-10-07 09:24:27.432+02:00 No RLN backend configured; RLN is off      tid=437865
[2026-10-07 09:24:27.432] [out] [delivery_module] INF 2026-10-07 09:24:27.432+02:00 mounting light push client                 topics="waku node lightpush api" tid=437865
[2026-10-07 09:24:27.432] [out] [delivery_module] INF 2026-10-07 09:24:27.432+02:00 mounting legacy light push client          topics="waku node lightpush api" tid=437865
[2026-10-07 09:24:27.432] [out] [delivery_module] DBG 2026-10-07 09:24:27.432+02:00 Adding peer to service slots               topics="waku node peer_manager" tid=437865 peerId=16Uiu2...nRuvKp addr=[/ip4/127.0.0.1/tcp/54399] service=/vac/waku/lightpush/3.0.0
[2026-10-07 09:24:27.432] [out] [delivery_module] DBG 2026-10-07 09:24:27.432+02:00 Adding peer to service slots               topics="waku node peer_manager" tid=437865 peerId=16Uiu2...nRuvKp addr=[/ip4/127.0.0.1/tcp/54399] service=/vac/waku/lightpush/2.0.0-beta1
[2026-10-07 09:24:27.432] [out] [delivery_module] INF 2026-10-07 09:24:27.432+02:00 mounting filter client                     topics="waku node filter api" tid=437865
[2026-10-07 09:24:27.432] [out] [delivery_module] INF 2026-10-07 09:24:27.432+02:00 mounting waku peer exchange client         topics="waku node peerexchange api" tid=437865
[2026-10-07 09:24:27.432] [out] [delivery_module] INF 2026-10-07 09:24:27.432+02:00 No external callbacks to be set            topics="wakunode waku" tid=437865
[2026-10-07 09:24:27.432] [out] [delivery_module] INF 2026-10-07 09:24:27.432+02:00 Setting up AutonatService                  topics="libp2p autonatservice" tid=437865
[2026-10-07 09:24:27.433] [out] [delivery_module] INF 2026-10-07 09:24:27.432+02:00 Messaging API settings                     topics="logosdelivery" tid=437865 reliability=false anonymityLevel=Required rateLimitEnabled=false rateLimitEpochPeriodSec=600 rateLimitMessagesPerEpoch=1 maxParkedAgeSec=1800 sendQueueCapacity=1000 backfillEnabled=true backfillRequestTimeout=10s
[2026-10-07 09:24:27.434] [info] [logos] [delivery_module] DeliveryModuleImpl::createNode callback called with ret: 0
[2026-10-07 09:24:27.434] [info] [logos] [delivery_module] DeliveryModuleImpl: Delivery context created successfully
[2026-10-07 09:24:27.435] [info] [logos] [delivery_module] DeliveryModuleImpl::start called
[2026-10-07 09:24:27.435] [out] [delivery_module] INF 2026-10-07 09:24:27.435+02:00 Retrieve dynamic bootstrap nodes           topics="wakunode waku" tid=437865
[2026-10-07 09:24:27.435] [info] [logos] [delivery_module] DeliveryModuleImpl::getNodeInfo called with nodeInfoId: MyPeerId
[2026-10-07 09:24:27.435] [out] [delivery_module] INF 2026-10-07 09:24:27.435+02:00 Running nwaku node                         tid=437865 version=v0.39.0-g3a478e
[2026-10-07 09:24:27.435] [out] [delivery_module] INF 2026-10-07 09:24:27.435+02:00 Starting Waku node                         topics="waku node" tid=437865 version=v0.39.0-g3a478e
[2026-10-07 09:24:27.436] [out] [delivery_module] INF 2026-10-07 09:24:27.435+02:00 Starting switch for peer                   topics="libp2p switch" tid=437865 peerInfo="(peerId: 16Uiu2HAm6Vzv9ER8rLT4Xwm9Ug29KyRi2cdWZd6XkGMvgXYm65rf, listenAddrs: [/ip4/127.0.0.1/tcp/54403], addrs: [], protocols: [/ipfs/id/1.0.0, /libp2p/autonat/1.0.0, /libp2p/circuit/relay/0.2.0/hop, /vac/waku/metadata/1.0.0, /mix/1.0.0, /vac/waku/relay/2.0.0, /ipfs/ping/1.0.0, /vac/waku/filter-push/2.0.0-beta1], protoVersion: ipfs/0.1.0, agentVersion: logos-delivery-v0.39.0-g3a478e)"
[2026-10-07 09:24:27.436] [out] [delivery_module] INF 2026-10-07 09:24:27.436+02:00 Running AutonatService                     topics="libp2p autonatservice" tid=437865
[2026-10-07 09:24:27.438] [out] [delivery_module] DBG 2026-10-07 09:24:27.438+02:00 ENR addresses updated                      topics="waku enr" tid=437865 retained=1 total=1
[2026-10-07 09:24:27.438] [out] [delivery_module] INF 2026-10-07 09:24:27.438+02:00 Starting TCP transport                     topics="libp2p tcptransport" tid=437865
[2026-10-07 09:24:27.438] [out] [delivery_module] INF 2026-10-07 09:24:27.438+02:00 Transport starting                         topics="libp2p transport" tid=437865 addresses=[/ip4/127.0.0.1/tcp/54403]
[2026-10-07 09:24:27.438] [out] [delivery_module] DBG 2026-10-07 09:24:27.438+02:00 Transport connection acceptance started    topics="libp2p switch" tid=437865
[2026-10-07 09:24:27.438] [out] [delivery_module] INF 2026-10-07 09:24:27.438+02:00 start                                      topics="waku relay" tid=437865
[2026-10-07 09:24:27.438] [out] [delivery_module] INF 2026-10-07 09:24:27.438+02:00 gossipsub start                            topics="libp2p gossipsub" tid=437865
[2026-10-07 09:24:27.439] [out] [delivery_module] INF 2026-10-07 09:24:27.439+02:00 Started libp2p node                        topics="libp2p switch" tid=437865 peerId="(peerId: 16Uiu2HAm6Vzv9ER8rLT4Xwm9Ug29KyRi2cdWZd6XkGMvgXYm65rf, listenAddrs: [/ip4/127.0.0.1/tcp/54403], addrs: [/ip4/127.0.0.1/tcp/54403], protocols: [/ipfs/id/1.0.0, /libp2p/autonat/1.0.0, /libp2p/circuit/relay/0.2.0/hop, /vac/waku/metadata/1.0.0, /mix/1.0.0, /vac/waku/relay/2.0.0, /ipfs/ping/1.0.0, /vac/waku/filter-push/2.0.0-beta1], protoVersion: ipfs/0.1.0, agentVersion: logos-delivery-v0.39.0-g3a478e)"
[2026-10-07 09:24:27.439] [out] [delivery_module] DBG 2026-10-07 09:24:27.439+02:00 ENR addresses updated                      topics="waku enr" tid=437865 retained=1 total=1
[2026-10-07 09:24:27.439] [out] [delivery_module] INF 2026-10-07 09:24:27.439+02:00 Announced addresses resolved               topics="waku node" tid=437865 addrs=@[/ip4/127.0.0.1/tcp/54403]
[2026-10-07 09:24:27.439] [out] [delivery_module] INF 2026-10-07 09:24:27.439+02:00 Node started successfully                  topics="waku node" tid=437865
[2026-10-07 09:24:27.439] [out] [delivery_module] DBG 2026-10-07 09:24:27.439+02:00 Dialing multiple peers                     tid=437865 numOfPeers=4 nodes="@[\"/ip4/127.0.0.1/tcp/54399/p2p/16Uiu2HAmQNds2cPE8g1nrE1BTdRdeqmgQazZWkDLuCqjFonRuvKp\", \"/ip4/127.0.0.1/tcp/54400/p2p/16Uiu2HAmHTf1xWmGr8sPRxrvNv2WFhNsih9Wr3sTAUcMc2Eq2VUm\", \"/ip4/127.0.0.1/tcp/54401/p2p/16Uiu2HAmVaxmL6AvxdrZXbYfbafc5FAkxjk8xUYMGi5SW86xY7rk\", \"/ip4/127.0.0.1/tcp/54402/p2p/16Uiu2HAmBoK3MQ1KjEJMWwCJ9SDvmYzu4YdxWxgZ56eup8xVm9ad\"]"
[2026-10-07 09:24:27.440] [out] [delivery_module] DBG 2026-10-07 09:24:27.440+02:00 Peer dial started                          topics="libp2p dialer" tid=437865 peerId=16Uiu2...nRuvKp addresses=[/ip4/127.0.0.1/tcp/54399]
[2026-10-07 09:24:27.440] [out] [delivery_module] DBG 2026-10-07 09:24:27.440+02:00 Peer dial started                          topics="libp2p dialer" tid=437865 peerId=16Uiu2...Eq2VUm addresses=[/ip4/127.0.0.1/tcp/54400]
[2026-10-07 09:24:27.441] [out] [delivery_module] DBG 2026-10-07 09:24:27.441+02:00 Peer dial started                          topics="libp2p dialer" tid=437865 peerId=16Uiu2...6xY7rk addresses=[/ip4/127.0.0.1/tcp/54401]
[2026-10-07 09:24:27.441] [out] [delivery_module] DBG 2026-10-07 09:24:27.441+02:00 Peer dial started                          topics="libp2p dialer" tid=437865 peerId=16Uiu2...xVm9ad addresses=[/ip4/127.0.0.1/tcp/54402]
[2026-10-07 09:24:27.442] [info] [logos] [delivery_module] DeliveryModuleImpl::subscribe called with contentTopic: /lp0026forum/1/general/text
[2026-10-07 09:24:27.443] [out] [delivery_module] DBG 2026-10-07 09:24:27.442+02:00 Subscribing to pubsub topic                topics="waku relay" tid=437865 pubsubTopic=/waku/2/rs/42/0
[2026-10-07 09:24:27.443] [out] [delivery_module] DBG 2026-10-07 09:24:27.443+02:00 No mesh peer for the given pubsub topic    topics="waku relay" tid=437865 pubsubTopic=/waku/2/rs/42/0
[2026-10-07 09:24:27.444] [info] [logos] [delivery_module] DeliveryModuleImpl: Subscribe completed for topic: /lp0026forum/1/general/text with success
[2026-10-07 09:24:27.451] [out] [delivery_module] DBG 2026-10-07 09:24:27.451+02:00 no listener registered                     tid=437867 event=onConnectionChange
[2026-10-07 09:24:27.451] [out] [delivery_module] DBG 2026-10-07 09:24:27.451+02:00 created new pubsub peer                    topics="libp2p pubsub" tid=437865 peerId=16Uiu2...Eq2VUm
[2026-10-07 09:24:27.452] [out] [delivery_module] DBG 2026-10-07 09:24:27.452+02:00 Incoming WakuRelay connection              topics="waku relay" tid=437865 connection=16Uiu2...Eq2VUm:6ac5f3ab4b3812dcbfb3ab28 protocol=/vac/waku/relay/2.0.0
[2026-10-07 09:24:27.452] [out] [delivery_module] DBG 2026-10-07 09:24:27.452+02:00 created new pubsub peer                    topics="libp2p pubsub" tid=437865 peerId=16Uiu2...6xY7rk
[2026-10-07 09:24:27.453] [out] [delivery_module] DBG 2026-10-07 09:24:27.453+02:00 no listener registered                     tid=437867 event=onConnectionChange
[2026-10-07 09:24:27.453] [out] [delivery_module] DBG 2026-10-07 09:24:27.453+02:00 Incoming WakuRelay connection              topics="waku relay" tid=437865 connection=16Uiu2...6xY7rk:6ac5f3ab4b3812dcbfb3ab2c protocol=/vac/waku/relay/2.0.0
[2026-10-07 09:24:27.454] [out] [delivery_module] DBG 2026-10-07 09:24:27.454+02:00 created new pubsub peer                    topics="libp2p pubsub" tid=437865 peerId=16Uiu2...xVm9ad
[2026-10-07 09:24:27.454] [out] [delivery_module] DBG 2026-10-07 09:24:27.454+02:00 no listener registered                     tid=437867 event=onConnectionChange
[2026-10-07 09:24:27.454] [out] [delivery_module] DBG 2026-10-07 09:24:27.454+02:00 created new pubsub peer                    topics="libp2p pubsub" tid=437865 peerId=16Uiu2...nRuvKp
[2026-10-07 09:24:27.454] [out] [delivery_module] DBG 2026-10-07 09:24:27.454+02:00 no listener registered                     tid=437867 event=onConnectionChange
[2026-10-07 09:24:27.455] [out] [delivery_module] DBG 2026-10-07 09:24:27.455+02:00 Incoming WakuRelay connection              topics="waku relay" tid=437865 connection=16Uiu2...xVm9ad:6ac5f3ab4b3812dcbfb3ab30 protocol=/vac/waku/relay/2.0.0
[2026-10-07 09:24:27.455] [out] [delivery_module] DBG 2026-10-07 09:24:27.455+02:00 Incoming WakuRelay connection              topics="waku relay" tid=437865 connection=16Uiu2...nRuvKp:6ac5f3ab4b3812dcbfb3ab32 protocol=/vac/waku/relay/2.0.0
[2026-10-07 09:24:27.457] [out] [delivery_module] DBG 2026-10-07 09:24:27.457+02:00 Event identified                           topics="waku node peer_manager" tid=437865 peerId=16Uiu2...Eq2VUm
[2026-10-07 09:24:27.457] [out] [delivery_module] DBG 2026-10-07 09:24:27.457+02:00 no listener registered                     tid=437867 event=onConnectionChange
[2026-10-07 09:24:27.458] [out] [delivery_module] DBG 2026-10-07 09:24:27.458+02:00 Event identified                           topics="waku node peer_manager" tid=437865 peerId=16Uiu2...6xY7rk
[2026-10-07 09:24:27.458] [out] [delivery_module] DBG 2026-10-07 09:24:27.458+02:00 no listener registered                     tid=437867 event=onConnectionChange
[2026-10-07 09:24:27.459] [out] [delivery_module] DBG 2026-10-07 09:24:27.459+02:00 Event identified                           topics="waku node peer_manager" tid=437865 peerId=16Uiu2...xVm9ad
[2026-10-07 09:24:27.459] [out] [delivery_module] DBG 2026-10-07 09:24:27.459+02:00 no listener registered                     tid=437867 event=onConnectionChange
[2026-10-07 09:24:27.459] [out] [delivery_module] DBG 2026-10-07 09:24:27.459+02:00 Event identified                           topics="waku node peer_manager" tid=437865 peerId=16Uiu2...nRuvKp
[2026-10-07 09:24:27.459] [out] [delivery_module] DBG 2026-10-07 09:24:27.459+02:00 no listener registered                     tid=437867 event=onConnectionChange
[2026-10-07 09:24:27.460] [out] [delivery_module] DBG 2026-10-07 09:24:27.460+02:00 Received WakuMetadata request              topics="waku metadata" tid=437865 remoteClusterId=ok(42) remoteShards="[0]" localClusterId=42 localShards="[0]" peer=16Uiu2...Eq2VUm
[2026-10-07 09:24:27.461] [out] [delivery_module] DBG 2026-10-07 09:24:27.461+02:00 Received WakuMetadata request              topics="waku metadata" tid=437865 remoteClusterId=ok(42) remoteShards="[0]" localClusterId=42 localShards="[0]" peer=16Uiu2...6xY7rk
[2026-10-07 09:24:27.461] [out] [delivery_module] DBG 2026-10-07 09:24:27.461+02:00 Received WakuMetadata request              topics="waku metadata" tid=437865 remoteClusterId=ok(42) remoteShards="[0]" localClusterId=42 localShards="[0]" peer=16Uiu2...nRuvKp
[2026-10-07 09:24:27.462] [out] [delivery_module] DBG 2026-10-07 09:24:27.462+02:00 no listener registered                     tid=437867 event=onConnectionChange
[2026-10-07 09:24:27.462] [out] [delivery_module] DBG 2026-10-07 09:24:27.462+02:00 Received WakuMetadata request              topics="waku metadata" tid=437865 remoteClusterId=ok(42) remoteShards="[0]" localClusterId=42 localShards="[0]" peer=16Uiu2...xVm9ad
[2026-10-07 09:24:27.462] [out] [delivery_module] DBG 2026-10-07 09:24:27.462+02:00 no listener registered                     tid=437867 event=onConnectionChange
[2026-10-07 09:24:27.463] [out] [delivery_module] DBG 2026-10-07 09:24:27.463+02:00 no listener registered                     tid=437867 event=onConnectionChange
[2026-10-07 09:24:27.463] [out] [delivery_module] DBG 2026-10-07 09:24:27.463+02:00 no listener registered                     tid=437867 event=onConnectionChange
[2026-10-07 09:24:27.464] [out] [delivery_module] DBG 2026-10-07 09:24:27.464+02:00 Finished dialing multiple peers            tid=437865 successfulConns=4 attempted=4
[2026-10-07 09:24:27.464] [out] [delivery_module] DBG 2026-10-07 09:24:27.464+02:00 Starting peer exchange loop                topics="waku node peerexchange api" tid=437865
[2026-10-07 09:24:27.464] [out] [delivery_module] DBG 2026-10-07 09:24:27.464+02:00 Retrieving peer info via peer exchange protocol topics="waku node peerexchange api" tid=437865 amount=5
[2026-10-07 09:24:27.464] [out] [delivery_module] DBG 2026-10-07 09:24:27.464+02:00 Peer exchange request could not be made as no peer exchange peers found topics="waku peer_exchange client" tid=437865
[2026-10-07 09:24:27.464] [out] [delivery_module] DBG 2026-10-07 09:24:27.464+02:00 Failed to retrieve peer info via peer exchange protocol topics="waku node peerexchange api" tid=437865 error="(status_code: SERVICE_UNAVAILABLE, status_desc: ok(peer_not_found_failure))"
[2026-10-07 09:24:27.464] [out] [delivery_module] DBG 2026-10-07 09:24:27.464+02:00 Cannot fetch peers from peer exchange      topics="waku node peerexchange api" tid=437865 cause="(status_code: SERVICE_UNAVAILABLE, status_desc: ok(peer_not_found_failure))"
[2026-10-07 09:24:27.465] [out] [delivery_module] INF 2026-10-07 09:24:27.465+02:00 Relay peer connections                     topics="waku node peer_manager" tid=437865 inRelayConns=0/50 outRelayConns=4/25 totalConnections=4/150 notConnectedPeers=0 outsideBackoffPeers=0
[2026-10-07 09:24:27.466] [out] [delivery_module] DBG 2026-10-07 09:24:27.466+02:00 ENR addresses updated                      topics="waku enr" tid=437865 retained=1 total=1
[2026-10-07 09:24:27.466] [out] [delivery_module] INF 2026-10-07 09:24:27.466+02:00 Node is online                             topics="waku online monitor" tid=437865
[2026-10-07 09:24:27.466] [out] [delivery_module] INF 2026-10-07 09:24:27.466+02:00 Health monitor loop start                  tid=437865
[2026-10-07 09:24:27.467] [out] [delivery_module] DBG 2026-10-07 09:24:27.467+02:00 calculateConnectionState                   tid=437865 relayCount=4 storeClientCount=0 lightpushCount=4 filterCount=0
[2026-10-07 09:24:27.467] [out] [delivery_module] DBG 2026-10-07 09:24:27.467+02:00 connectionStatus change                    tid=437865 oldstatus=Disconnected newstatus=Connected
[2026-10-07 09:24:27.467] [out] [delivery_module] INF 2026-10-07 09:24:27.467+02:00 starting keepalive                         tid=437865 randomPeersKeepalive=10s allPeersKeepalive=2m
[2026-10-07 09:24:27.545] [out] [delivery_module] DBG 2026-10-07 09:24:27.545+02:00 no listener registered                     tid=437867 event=onTopicHealthChange
[2026-10-07 09:24:27.570] [out] [delivery_module] DBG 2026-10-07 09:24:27.570+02:00 calculateConnectionState                   tid=437865 relayCount=4 storeClientCount=0 lightpushCount=4 filterCount=0
Loaded UI plugin: "/nix/store/fcjx57wbqm67d3sf9fshl21cwsmbllhn-logos-forum_module-plugin-dir"
[QmlInspector] Inspector server listening on port 3768
[QmlInspector] Client connected from "::ffff:127.0.0.1"
[2026-10-07 09:24:34.804] [info] [logos] [delivery_module] DeliveryModuleImpl::send called with contentTopic: /lp0026forum/1/general/text
[2026-10-07 09:24:34.805] [out] [delivery_module] DBG 2026-10-07 09:24:34.805+02:00 SendService.send: processing delivery task topics="send service" tid=437865 requestId=bd5438da1c68e0aa5823 msgHash=0x9a776b8c4378c511898f772a83b60a269eef585b850cad8f594804d958837506
[2026-10-07 09:24:34.805] [info] [logos] [delivery_module] DeliveryModuleImpl: Send initiated for topic: /lp0026forum/1/general/text, with success, requestId: bd5438da1c68e0aa5823
[2026-10-07 09:24:34.805] [out] [delivery_module] DBG 2026-10-07 09:24:34.805+02:00 Trying message delivery via Mix            topics="send service mix processor" tid=437865 requestId=bd5438da1c68e0aa5823 msgHash=0x9a776b8c4378c511898f772a83b60a269eef585b850cad8f594804d958837506 tryCount=1
[2026-10-07 09:24:34.805] [out] [delivery_module] DBG 2026-10-07 09:24:34.805+02:00 Publishing message with lightpush          topics="waku node lightpush api" tid=437865 pubsubTopic=/waku/2/rs/42/0 contentTopic=/lp0026forum/1/general/text target_peer_id=16Uiu2...nRuvKp msg_hash=0x9a776b8c4378c511898f772a83b60a269eef585b850cad8f594804d958837506 mixify=true
[2026-10-07 09:24:34.806] [out] [delivery_module] DBG 2026-10-07 09:24:34.806+02:00 Publish                                    topics="waku lightpush client" tid=437865 myPeerId=16Uiu2...Ym65rf peerId= msgHash=0x9a776b8c4378c511898f772a83b60a269eef585b850cad8f594804d958837506 sentTime=1791357874806243840
[2026-10-07 09:24:34.806] [out] [delivery_module] DBG 2026-10-07 09:24:34.806+02:00 Destination data                           tid=437865 destination=MixDestination[MixNode](16Uiu2HAmQNds2cPE8g1nrE1BTdRdeqmgQazZWkDLuCqjFonRuvKp)
[2026-10-07 09:24:34.806] [out] [delivery_module] DBG 2026-10-07 09:24:34.806+02:00 Selected mix node:                         tid=437865 indexInPath=0 peerId=16Uiu2...Eq2VUm
[2026-10-07 09:24:34.806] [out] [delivery_module] DBG 2026-10-07 09:24:34.806+02:00 Selected mix node:                         tid=437865 indexInPath=1 peerId=16Uiu2...6xY7rk
[2026-10-07 09:24:34.806] [out] [delivery_module] DBG 2026-10-07 09:24:34.806+02:00 Selected mix node:                         tid=437865 indexInPath=2 peerId=16Uiu2...nRuvKp
[2026-10-07 09:24:34.806] [out] [delivery_module] DBG 2026-10-07 09:24:34.806+02:00 Selected mix node for surbs:               tid=437865 indexInPath=0 peerId=16Uiu2...xVm9ad
[2026-10-07 09:24:34.806] [out] [delivery_module] DBG 2026-10-07 09:24:34.806+02:00 Selected mix node for surbs:               tid=437865 indexInPath=1 peerId=16Uiu2...6xY7rk
[2026-10-07 09:24:34.861] [out] [delivery_module] INF 2026-10-07 09:24:34.861+02:00 Message received                           tid=437865 msg_hash=0x9a776b8c4378c511898f772a83b60a269eef585b850cad8f594804d958837506 contentTopic=/lp0026forum/1/general/text pubsubTopic=/waku/2/rs/42/0 source=live
qt.qpa.fonts: Populating font family aliases took 71 ms. Replace uses of missing font family "Monospace" with one that exists to avoid this cost. 
[2026-10-07 09:24:34.881] [out] [delivery_module] DBG 2026-10-07 09:24:34.881+02:00 Message propagated via Mix                 topics="send service mix processor" tid=437865 requestId=bd5438da1c68e0aa5823 msgHash=0x9a776b8c4378c511898f772a83b60a269eef585b850cad8f594804d958837506
[2026-10-07 09:24:34.881] [out] [delivery_module] INF 2026-10-07 09:24:34.881+02:00 Message successfully propagated            topics="send service" tid=437865 requestId=bd5438da1c68e0aa5823 msgHash=withheld
[2026-10-07 09:24:35.307] [info] [logos] [delivery_module] DeliveryModuleImpl::getNodeInfo called with nodeInfoId: MyPeerId
[QmlInspector] Client disconnected
