run-logos-standalone-ui: hot-reloading QML from <repo>/src/qml
  (export DEV_QML_PATH to override, or LOGOS_QML_HOT_RELOAD=0 to disable)
Session directory: "~/Library/Application Support/Logos/LogosStandalone"
[2026-10-02 11:22:10.522] [info] [logos] Granting host services to 'capability_module': token_registry,token_delivery
[2026-10-02 11:22:10.562] [out] [capability_module] [2026-10-02 11:22:10.562] [info] Granting host services to capability_module: ["token_registry","token_delivery"]
RemoteTransportConnection: Connecting to registry: "local:logos_capability_module_f879a947ff3c" at "11:22:10.567"
RemoteTransportConnection: Registry connect attempt started (no peer contact yet): "local:logos_capability_module_f879a947ff3c"
LogosAPIConsumer: Informing module token for module: "capability_module" with token: "redacted:49feea10…"
RemoteTransportConnection: Requesting object: "capability_module" at "11:22:10.568"
[LogosObject] RemoteTransportConnection: returning RemoteLogosObject for: "capability_module"
[LogosObject] Created RemoteLogosObject wrapping QRemoteObjectReplica 105553182305216
[LogosObject] LogosAPIConsumer: calling LogosObject::informModuleToken for "capability_module"
LogosAPIConsumer: informModuleToken completed with result: true
[LogosObject] Destroying RemoteLogosObject 0
[2026-10-02 11:22:10.587] [info] [logos] Module loaded: capability_module
LogosAPIConsumer: Informing module token for module: "modules_state" with token: "redacted:0fe08dd1…"
RemoteTransportConnection: Requesting object: "capability_module" at "11:22:10.620"
[LogosObject] RemoteTransportConnection: returning RemoteLogosObject for: "capability_module"
[LogosObject] Created RemoteLogosObject wrapping QRemoteObjectReplica 105553182175328
[LogosObject] LogosAPIConsumer: calling LogosObject::informModuleToken for "modules_state"
LogosAPIConsumer: informModuleToken completed with result: true
[LogosObject] Destroying RemoteLogosObject 0
[2026-10-02 11:22:10.620] [info] [logos] Module loaded: modules_state
RemoteTransportConnection: Connecting to registry: "local:logos_modules_state_f879a947ff3c" at "11:22:10.621"
RemoteTransportConnection: Registry connect attempt started (no peer contact yet): "local:logos_modules_state_f879a947ff3c"
RemoteTransportConnection: Connecting to registry: "local:logos_capability_module_f879a947ff3c" at "11:22:10.621"
RemoteTransportConnection: Registry connect attempt started (no peer contact yet): "local:logos_capability_module_f879a947ff3c"
LogosAPIConsumer: '"modules_state"::""' deferred pending the module becoming reachable
LogosAPIConsumer: '"modules_state"::""' deferred pending the module becoming reachable
Logos Core started (modules dir: "/nix/store/4v2cj5cr5dlsjb9cl0blr0cds0qf07iv-logos-forum_module-plugin-dir-modules" )
Set app icon from metadata: "/nix/store/17hvmf1x06mgq90nb9pj0shyy3qpdy99-logos-forum_module-plugin-dir/src/icons/icon.png"
[2026-10-02 11:22:10.673] [info] [logos] [delivery_module] DeliveryModuleImpl: Initializing...
LogosAPIConsumer: Informing module token for module: "delivery_module" with token: "redacted:56e8fd70…"
RemoteTransportConnection: Requesting object: "capability_module" at "11:22:10.675"
[LogosObject] RemoteTransportConnection: returning RemoteLogosObject for: "capability_module"
[LogosObject] Created RemoteLogosObject wrapping QRemoteObjectReplica 105553182285792
[LogosObject] LogosAPIConsumer: calling LogosObject::informModuleToken for "delivery_module"
LogosAPIConsumer: informModuleToken completed with result: true
[LogosObject] Destroying RemoteLogosObject 0
[2026-10-02 11:22:10.675] [info] [logos] Module loaded: delivery_module
RemoteTransportConnection: Connecting to registry: "local:logos_delivery_module_f879a947ff3c" at "11:22:10.675"
RemoteTransportConnection: Registry connect attempt started (no peer contact yet): "local:logos_delivery_module_f879a947ff3c"
RemoteTransportConnection: Connecting to registry: "local:logos_capability_module_f879a947ff3c" at "11:22:10.675"
RemoteTransportConnection: Registry connect attempt started (no peer contact yet): "local:logos_capability_module_f879a947ff3c"
LogosAPIConsumer: '"delivery_module"::""' deferred pending the module becoming reachable
LogosAPIClient: getToken for module: "modules_state"
LogosAPIClient: Found token for module: "modules_state"
RemoteTransportConnection: Requesting object: "modules_state" at "11:22:10.675"
[LogosObject] RemoteTransportConnection: returning RemoteLogosObject for: "modules_state"
[LogosObject] Created RemoteLogosObject wrapping QRemoteObjectReplica 105553182246432
[LogosObject] LogosAPIConsumer: async calling via LogosObject::callMethodAsync "note_transition"
[LogosObject] RemoteLogosObject::callMethodAsync "note_transition" args: 7
LogosAPIClient: getToken for module: "modules_state"
LogosAPIClient: Found token for module: "modules_state"
[LogosObject] LogosAPIConsumer: async calling via LogosObject::callMethodAsync "note_transition"
[LogosObject] RemoteLogosObject::callMethodAsync "note_transition" args: 7
Loaded dependency (with transitive deps): "delivery_module"
[2026-10-02 11:22:10.711] [info] [logos] [storage_module] StorageModuleImpl: Initializing...
LogosAPIConsumer: Informing module token for module: "storage_module" with token: "redacted:ddfdb23d…"
RemoteTransportConnection: Requesting object: "capability_module" at "11:22:10.713"
[LogosObject] Created RemoteLogosObject wrapping QRemoteObjectReplica 105553182232096
LogosAPIClient: invoking remote method "modules_state" "apply_snapshot" args_count: 1
LogosAPIClient: getToken for module: "modules_state"
LogosAPIClient: Found token for module: "modules_state"
LogosAPIConsumer: Calling invokeRemoteMethod: "modules_state" "apply_snapshot" args_count: 1 timeout: 20000
[LogosObject] LogosAPIConsumer: calling via LogosObject::callMethod "apply_snapshot"
[LogosObject] RemoteLogosObject::callMethod "apply_snapshot" args: 1
[LogosObject] Created RemoteLogosObject wrapping QRemoteObjectReplica 105553182246208
LogosAPIClient: getToken for module: "modules_state"
LogosAPIClient: Found token for module: "modules_state"
[LogosObject] LogosAPIConsumer: async calling via LogosObject::callMethodAsync "note_transition"
[LogosObject] RemoteLogosObject::callMethodAsync "note_transition" args: 7
LogosAPIClient: getToken for module: "modules_state"
LogosAPIClient: Found token for module: "modules_state"
[LogosObject] LogosAPIConsumer: async calling via LogosObject::callMethodAsync "note_transition"
[LogosObject] RemoteLogosObject::callMethodAsync "note_transition" args: 7
[2026-10-02 11:22:10.714] [info] [logos] Pushed module snapshot to modules_state
LogosAPIClient: getToken for module: "modules_state"
LogosAPIClient: Found token for module: "modules_state"
[LogosObject] LogosAPIConsumer: async calling via LogosObject::callMethodAsync "note_transition"
[LogosObject] RemoteLogosObject::callMethodAsync "note_transition" args: 7
[LogosObject] RemoteTransportConnection: returning RemoteLogosObject for: "capability_module"
[LogosObject] Created RemoteLogosObject wrapping QRemoteObjectReplica 105553182232384
[LogosObject] LogosAPIConsumer: calling LogosObject::informModuleToken for "storage_module"
LogosAPIConsumer: informModuleToken completed with result: true
[LogosObject] Destroying RemoteLogosObject 0
[2026-10-02 11:22:10.715] [info] [logos] Module loaded: storage_module
RemoteTransportConnection: Connecting to registry: "local:logos_storage_module_f879a947ff3c" at "11:22:10.715"
RemoteTransportConnection: Registry connect attempt started (no peer contact yet): "local:logos_storage_module_f879a947ff3c"
RemoteTransportConnection: Connecting to registry: "local:logos_capability_module_f879a947ff3c" at "11:22:10.715"
RemoteTransportConnection: Registry connect attempt started (no peer contact yet): "local:logos_capability_module_f879a947ff3c"
LogosAPIConsumer: '"storage_module"::""' deferred pending the module becoming reachable
LogosAPIClient: getToken for module: "modules_state"
LogosAPIClient: Found token for module: "modules_state"
[LogosObject] LogosAPIConsumer: async calling via LogosObject::callMethodAsync "note_transition"
[LogosObject] RemoteLogosObject::callMethodAsync "note_transition" args: 7
Loaded dependency (with transitive deps): "storage_module"
DEV_QML_PATH override active: <repo>/src/qml/Main.qml
RemoteTransportConnection: Connecting to registry: "local:logos_capability_module_f879a947ff3c" at "11:22:10.716"
RemoteTransportConnection: Registry connect attempt started (no peer contact yet): "local:logos_capability_module_f879a947ff3c"
LogosAPIConsumer: Informing module token for module: "forum_module" with token: "redacted:38fd604c…"
RemoteTransportConnection: Requesting object: "capability_module" at "11:22:10.716"
[LogosObject] RemoteTransportConnection: returning RemoteLogosObject for: "capability_module"
[LogosObject] Created RemoteLogosObject wrapping QRemoteObjectReplica 105553181883936
[LogosObject] LogosAPIConsumer: calling LogosObject::informModuleToken for "forum_module"
[LogosObject] Created RemoteLogosObject wrapping QRemoteObjectReplica 105553181882176
LogosAPIClient: getToken for module: "modules_state"
LogosAPIClient: Found token for module: "modules_state"
[LogosObject] LogosAPIConsumer: async calling via LogosObject::callMethodAsync "note_transition"
[LogosObject] RemoteLogosObject::callMethodAsync "note_transition" args: 7
LogosAPIConsumer: informModuleToken completed with result: true
[LogosObject] Destroying RemoteLogosObject 0
[2026-10-02 11:22:10.763] [warning] [logos] [capability_module] Warning: QObject::connect: No such signal ::eventResponse(QString,QVariantList)
[2026-10-02 11:22:10.764] [info] [logos] [delivery_module] DeliveryModuleImpl::getNodeInfo called with nodeInfoId: MyPeerId
[2026-10-02 11:22:10.764] [info] [logos] [delivery_module] DeliveryModuleImpl: Cannot get node info - context not initialized. Call createNode first.
[2026-10-02 11:22:10.764] [info] [logos] [delivery_module] DeliveryModuleImpl::createNode called
[2026-10-02 11:22:10.827] [info] [logos] [delivery_module] DeliveryModuleImpl: Waiting for createNode callback...
[2026-10-02 11:22:10.833] [out] [delivery_module] DBG 2026-10-02 11:22:10.833+02:00 Whether to mount storeSync is not specified, defaulting to not mounting topics="waku conf builder" tid=43057999
[2026-10-02 11:22:10.833] [out] [delivery_module] INF 2026-10-02 11:22:10.833+02:00 Sharding configuration:                    topics="waku conf builder" tid=43057999 shardingConf="(kind: AutoSharding, numShardsInCluster: 1)" subscribeShards=@[0]
[2026-10-02 11:22:10.834] [out] [delivery_module] INF 2026-10-02 11:22:10.834+02:00 Configuration: Enabled protocols           topics="waku conf" tid=43057999 relay=true rlnRelay=false store=false filter=false lightPush=false peerExchange=false rendezvous=false
[2026-10-02 11:22:10.834] [out] [delivery_module] INF 2026-10-02 11:22:10.834+02:00 Configuration. Network                     topics="waku conf" tid=43057999 cluster=42
[2026-10-02 11:22:10.834] [out] [delivery_module] DBG 2026-10-02 11:22:10.834+02:00 Configuration. Active Relay Shards         topics="waku conf" tid=43057999 shard=0
[2026-10-02 11:22:10.836] [out] [delivery_module] INF 2026-10-02 11:22:10.836+02:00 Setting up storage                         tid=43057999
[2026-10-02 11:22:10.836] [out] [delivery_module] INF 2026-10-02 11:22:10.836+02:00 Initializing node                          tid=43057999
[2026-10-02 11:22:10.838] [out] [delivery_module] INF 2026-10-02 11:22:10.838+02:00 Initializing networking                    tid=43057999 addrs=@[/ip4/127.0.0.1/tcp/55039]
[2026-10-02 11:22:10.838] [out] [delivery_module] INF 2026-10-02 11:22:10.838+02:00 Mounting protocols                         tid=43057999
[2026-10-02 11:22:10.838] [out] [delivery_module] INF 2026-10-02 11:22:10.838+02:00 Created WakuMetadata protocol              topics="waku node" tid=43057999 clusterId=42 shards="[0]"
[2026-10-02 11:22:10.838] [out] [delivery_module] INF 2026-10-02 11:22:10.838+02:00 Mounting mix protocol                      topics="waku node" tid=43057999INF 2026-10-02 11:22:10.838+02:00 node info                                  topics="waku node" tid=43057999 wakuInfo="(listenAddresses: [/ip4/127.0.0.1/tcp/55039/p2p/16Uiu2HAmESFrUWL1xJgydbQZ3dzrucAxQg2KgCENyzDkEeCNx1zD], enrUri: enr:-JS4QNa5LyFpIeTKuoaePsuqph65-KB0FNOlrGtvVgF0KWT4MWy3a4sbJLoxD-NufX7XaWDH-Vs-sIsIkySz29kzJygBgmlkgnY0gmlwhH8AAAGCcnOFACoBAACJc2VjcDI1NmsxoQMadFpUanUKR8yNjrazJVoLasCpF19YHUluvhWL8uQyfoN0Y3CC1v-Fd2FrdTIh, mixPubKey: none())"
[2026-10-02 11:22:10.838] [out] [delivery_module]  nodeId="(listenAddresses: [/ip4/127.0.0.1/tcp/55039/p2p/16Uiu2HAmESFrUWL1xJgydbQZ3dzrucAxQg2KgCENyzDkEeCNx1zD], enrUri: enr:-JS4QNa5LyFpIeTKuoaePsuqph65-KB0FNOlrGtvVgF0KWT4MWy3a4sbJLoxD-NufX7XaWDH-Vs-sIsIkySz29kzJygBgmlkgnY0gmlwhH8AAAGCcnOFACoBAACJc2VjcDI1NmsxoQMadFpUanUKR8yNjrazJVoLasCpF19YHUluvhWL8uQyfoN0Y3CC1v-Fd2FrdTIh, mixPubKey: none())"
[2026-10-02 11:22:10.838] [out] [delivery_module] INF 2026-10-02 11:22:10.838+02:00 local addr                                 topics="waku node" tid=43057999 localaddr=/ip4/127.0.0.1/tcp/55039
[2026-10-02 11:22:10.839] [out] [delivery_module] INF 2026-10-02 11:22:10.839+02:00 mixPubKey                                  topics="waku node" tid=43057999 mixPubKey="[166, 76, 115, 39, 227, 39, 22, 236, 8, 183, 46, 113, 233, 147, 209, 155, 249, 94, 112, 227, 245, 111, 143, 202, 57, 167, 99, 85, 242, 8, 197, 111]"
[2026-10-02 11:22:10.841] [out] [delivery_module] INF 2026-10-02 11:22:10.841+02:00 Using mix bootstrap nodes                  topics="waku mix" tid=43057999 entries=4 poolSize=4
[2026-10-02 11:22:10.841] [out] [delivery_module] INF 2026-10-02 11:22:10.841+02:00 mounting store client                      topics="waku node store api" tid=43057999
[2026-10-02 11:22:10.841] [out] [delivery_module] INF 2026-10-02 11:22:10.841+02:00 Mounting auto sharding                     topics="waku node" tid=43057999 clusterId=42 shardCount=1
[2026-10-02 11:22:10.841] [out] [delivery_module] DBG 2026-10-02 11:22:10.841+02:00 Shards created from content topics         tid=43057999 contentTopics=[] shards=[]
[2026-10-02 11:22:10.841] [out] [delivery_module] DBG 2026-10-02 11:22:10.841+02:00 Setting max message size                   tid=43057999 num_bytes=153600
[2026-10-02 11:22:10.841] [out] [delivery_module] INF 2026-10-02 11:22:10.841+02:00 mounting relay protocol                    topics="waku node relay api" tid=43057999
[2026-10-02 11:22:10.841] [out] [delivery_module] DBG 2026-10-02 11:22:10.841+02:00 relay mounted successfully                 topics="waku node relay api" tid=43057999
[2026-10-02 11:22:10.841] [out] [delivery_module] DBG 2026-10-02 11:22:10.841+02:00 Adding validator to signed shards          tid=43057999 protectedShards=[] clusterId=42
[2026-10-02 11:22:10.841] [out] [delivery_module] INF 2026-10-02 11:22:10.841+02:00 mounting libp2p ping protocol              topics="waku node ping api" tid=43057999
[2026-10-02 11:22:10.841] [out] [delivery_module] INF 2026-10-02 11:22:10.841+02:00 mounting light push client                 topics="waku node lightpush api" tid=43057999
[2026-10-02 11:22:10.841] [out] [delivery_module] INF 2026-10-02 11:22:10.841+02:00 mounting legacy light push client          topics="waku node lightpush api" tid=43057999
[2026-10-02 11:22:10.841] [out] [delivery_module] DBG 2026-10-02 11:22:10.841+02:00 Adding peer to service slots               topics="waku node peer_manager" tid=43057999 peerId=16U*9DWwe1 addr=/ip4/127.0.0.1/tcp/55035 service=/vac/waku/lightpush/3.0.0
[2026-10-02 11:22:10.841] [out] [delivery_module] DBG 2026-10-02 11:22:10.841+02:00 Adding peer to service slots               topics="waku node peer_manager" tid=43057999 peerId=16U*9DWwe1 addr=/ip4/127.0.0.1/tcp/55035 service=/vac/waku/lightpush/2.0.0-beta1
[2026-10-02 11:22:10.841] [out] [delivery_module] INF 2026-10-02 11:22:10.841+02:00 mounting filter client                     topics="waku node filter api" tid=43057999
[2026-10-02 11:22:10.841] [out] [delivery_module] INF 2026-10-02 11:22:10.841+02:00 mounting waku peer exchange client         topics="waku node peerexchange api" tid=43057999
[2026-10-02 11:22:10.842] [out] [delivery_module] INF 2026-10-02 11:22:10.842+02:00 No external callbacks to be set            topics="wakunode waku" tid=43057999
[2026-10-02 11:22:10.842] [out] [delivery_module] INF 2026-10-02 11:22:10.842+02:00 Setting up AutonatService                  topics="libp2p autonatservice" tid=43057999
[2026-10-02 11:22:10.844] [info] [logos] [delivery_module] DeliveryModuleImpl::createNode callback called with ret: 0
[2026-10-02 11:22:10.845] [info] [logos] [delivery_module] DeliveryModuleImpl: Delivery context created successfully
[2026-10-02 11:22:10.846] [info] [logos] [delivery_module] DeliveryModuleImpl::start called
[2026-10-02 11:22:10.846] [info] [logos] [delivery_module] DeliveryModuleImpl::getNodeInfo called with nodeInfoId: MyPeerId
[2026-10-02 11:22:10.846] [out] [delivery_module] INF 2026-10-02 11:22:10.846+02:00 Retrieve dynamic bootstrap nodes           topics="wakunode waku" tid=43057999
[2026-10-02 11:22:10.846] [out] [delivery_module] INF 2026-10-02 11:22:10.846+02:00 Running nwaku node                         tid=43057999 version=v0.39.0-gca2814
[2026-10-02 11:22:10.847] [out] [delivery_module] INF 2026-10-02 11:22:10.846+02:00 Starting Waku node                         topics="waku node" tid=43057999 version=v0.39.0-gca2814
[2026-10-02 11:22:10.847] [out] [delivery_module] DBG 2026-10-02 11:22:10.847+02:00 starting switch for peer                   topics="libp2p switch" tid=43057999 peerInfo="(peerId: 16Uiu2HAmESFrUWL1xJgydbQZ3dzrucAxQg2KgCENyzDkEeCNx1zD, listenAddrs: [/ip4/127.0.0.1/tcp/55039], addrs: [], protocols: [/ipfs/id/1.0.0, /libp2p/autonat/1.0.0, /libp2p/circuit/relay/0.2.0/hop, /vac/waku/metadata/1.0.0, /mix/1.0.0, /vac/waku/relay/2.0.0, /ipfs/ping/1.0.0, /vac/waku/filter-push/2.0.0-beta1], protoVersion: ipfs/0.1.0, agentVersion: logos-delivery-v0.39.0-gca2814)"
[2026-10-02 11:22:10.849] [out] [delivery_module] DBG 2026-10-02 11:22:10.849+02:00 About to accept incoming connection        topics="libp2p switch" tid=43057999
[2026-10-02 11:22:10.849] [out] [delivery_module] INF 2026-10-02 11:22:10.849+02:00 start                                      topics="waku relay" tid=43057999
[2026-10-02 11:22:10.850] [out] [delivery_module] DBG 2026-10-02 11:22:10.850+02:00 Started libp2p node                        topics="libp2p switch" tid=43057999 peer="(peerId: 16Uiu2HAmESFrUWL1xJgydbQZ3dzrucAxQg2KgCENyzDkEeCNx1zD, listenAddrs: [/ip4/127.0.0.1/tcp/55039], addrs: [/ip4/127.0.0.1/tcp/55039], protocols: [/ipfs/id/1.0.0, /libp2p/autonat/1.0.0, /libp2p/circuit/relay/0.2.0/hop, /vac/waku/metadata/1.0.0, /mix/1.0.0, /vac/waku/relay/2.0.0, /ipfs/ping/1.0.0, /vac/waku/filter-push/2.0.0-beta1], protoVersion: ipfs/0.1.0, agentVersion: logos-delivery-v0.39.0-gca2814)"
[2026-10-02 11:22:10.851] [out] [delivery_module] INF 2026-10-02 11:22:10.851+02:00 Announced base resolved                    topics="waku node" tid=43057999 addrs=@[/ip4/127.0.0.1/tcp/55039] explicit=@[/ip4/127.0.0.1/tcp/55039]
[2026-10-02 11:22:10.852] [out] [delivery_module] DBG 2026-10-02 11:22:10.852+02:00 ENR addresses updated                      topics="waku enr" tid=43057999 retained=1 total=1
[2026-10-02 11:22:10.852] [out] [delivery_module] INF 2026-10-02 11:22:10.852+02:00 Node started successfully                  topics="waku node" tid=43057999
[2026-10-02 11:22:10.852] [out] [delivery_module] DBG 2026-10-02 11:22:10.852+02:00 Dialing multiple peers                     tid=43057999 numOfPeers=4 nodes="@[\"/ip4/127.0.0.1/tcp/55035/p2p/16Uiu2HAmMRqMVe9sQuDEouEKLB9KW7Fmt861zcGKPkKCj89DWwe1\", \"/ip4/127.0.0.1/tcp/55036/p2p/16Uiu2HAky6JVw9XhiAM6YQ93Aj9EdTW7DJYHADmZAg9wPjykXUav\", \"/ip4/127.0.0.1/tcp/55037/p2p/16Uiu2HAmUprx949qvNkbQC4fwg5AL9kGQCRvd4VWoNdnx3z8Txrx\", \"/ip4/127.0.0.1/tcp/55038/p2p/16Uiu2HAkySUsHFfqX3va2YcjjWZuqJqF36Nz7XchSzXCXmEH5xhu\"]"
[2026-10-02 11:22:10.852] [out] [delivery_module] DBG 2026-10-02 11:22:10.852+02:00 Dialing peer                               topics="libp2p dialer" tid=43057999 peerId=16U*9DWwe1 addrs="[/ip4/127.0.0.1/tcp/55035]"
[2026-10-02 11:22:10.852] [out] [delivery_module] DBG 2026-10-02 11:22:10.852+02:00 Expanded address and hostname              topics="libp2p dialer" tid=43057999 expandedAddress=/ip4/127.0.0.1/tcp/55035 hostname=127.0.0.1 resolvedAddresses="[/ip4/127.0.0.1/tcp/55035]"
[2026-10-02 11:22:10.853] [out] [delivery_module] DBG 2026-10-02 11:22:10.853+02:00 Dialing peer                               topics="libp2p dialer" tid=43057999 peerId=16U*ykXUav addrs="[/ip4/127.0.0.1/tcp/55036]"
[2026-10-02 11:22:10.853] [out] [delivery_module] DBG 2026-10-02 11:22:10.853+02:00 Expanded address and hostname              topics="libp2p dialer" tid=43057999 expandedAddress=/ip4/127.0.0.1/tcp/55036 hostname=127.0.0.1 resolvedAddresses="[/ip4/127.0.0.1/tcp/55036]"
[2026-10-02 11:22:10.853] [out] [delivery_module] DBG 2026-10-02 11:22:10.853+02:00 Dialing peer                               topics="libp2p dialer" tid=43057999 peerId=16U*z8Txrx addrs="[/ip4/127.0.0.1/tcp/55037]"
[2026-10-02 11:22:10.853] [out] [delivery_module] DBG 2026-10-02 11:22:10.853+02:00 Expanded address and hostname              topics="libp2p dialer" tid=43057999 expandedAddress=/ip4/127.0.0.1/tcp/55037 hostname=127.0.0.1 resolvedAddresses="[/ip4/127.0.0.1/tcp/55037]"
[2026-10-02 11:22:10.853] [out] [delivery_module] DBG 2026-10-02 11:22:10.853+02:00 Dialing peer                               topics="libp2p dialer" tid=43057999 peerId=16U*EH5xhu addrs="[/ip4/127.0.0.1/tcp/55038]"
[2026-10-02 11:22:10.854] [out] [delivery_module] DBG 2026-10-02 11:22:10.854+02:00 Expanded address and hostname              topics="libp2p dialer" tid=43057999 expandedAddress=/ip4/127.0.0.1/tcp/55038 hostname=127.0.0.1 resolvedAddresses="[/ip4/127.0.0.1/tcp/55038]"
[2026-10-02 11:22:10.856] [info] [logos] [delivery_module] DeliveryModuleImpl::subscribe called with contentTopic: /lp0026forum/1/general/text
[2026-10-02 11:22:10.857] [out] [delivery_module] DBG 2026-10-02 11:22:10.857+02:00 Subscribing to pubsub topic                topics="waku relay" tid=43057999 pubsubTopic=/waku/2/rs/42/0
[2026-10-02 11:22:10.859] [info] [logos] [delivery_module] DeliveryModuleImpl: Subscribe completed for topic: /lp0026forum/1/general/text with success
[2026-10-02 11:22:10.860] [out] [delivery_module] DBG 2026-10-02 11:22:10.860+02:00 No mesh peer for the given pubsub topic    topics="waku relay" tid=43057999 pubsubTopic=/waku/2/rs/42/0
[2026-10-02 11:22:10.862] [out] [delivery_module] DBG 2026-10-02 11:22:10.862+02:00 Dial successful                            topics="libp2p dialer" tid=43057999 peerId=16U*9DWwe1
[2026-10-02 11:22:10.863] [out] [delivery_module] DBG 2026-10-02 11:22:10.863+02:00 no listener registered                     tid=43058001 event=onConnectionChange
[2026-10-02 11:22:10.863] [out] [delivery_module] DBG 2026-10-02 11:22:10.863+02:00 starting sendNonHighPriorityTask           topics="libp2p pubsubpeer" tid=43057999 p=16U*9DWwe1
[2026-10-02 11:22:10.863] [out] [delivery_module] DBG 2026-10-02 11:22:10.863+02:00 created new pubsub peer                    topics="libp2p pubsub" tid=43057999 peerId=16U*9DWwe1
[2026-10-02 11:22:10.864] [out] [delivery_module] DBG 2026-10-02 11:22:10.864+02:00 Incoming WakuRelay connection              topics="waku relay" tid=43057999 connection=16U*9DWwe1:6abf77c23b6f02ceee934ade protocol=/vac/waku/relay/2.0.0
[2026-10-02 11:22:10.864] [out] [delivery_module] DBG 2026-10-02 11:22:10.864+02:00 starting pubsub read loop                  topics="libp2p pubsubpeer" tid=43057999 stream=16U*9DWwe1:6abf77c23b6f02ceee934ade peer=16U*9DWwe1 closed=false
[2026-10-02 11:22:10.864] [out] [delivery_module] DBG 2026-10-02 11:22:10.864+02:00 identify: info sent                        topics="libp2p identify" tid=43057999 stream=16U*9DWwe1:6abf77c23b6f02ceee934adf info="(peerId: 16Uiu2HAmESFrUWL1xJgydbQZ3dzrucAxQg2KgCENyzDkEeCNx1zD, listenAddrs: [/ip4/127.0.0.1/tcp/55039], addrs: [/ip4/127.0.0.1/tcp/55039], protocols: [/ipfs/id/1.0.0, /libp2p/autonat/1.0.0, /libp2p/circuit/relay/0.2.0/hop, /vac/waku/metadata/1.0.0, /mix/1.0.0, /vac/waku/relay/2.0.0, /ipfs/ping/1.0.0, /vac/waku/filter-push/2.0.0-beta1], protoVersion: ipfs/0.1.0, agentVersion: logos-delivery-v0.39.0-gca2814)"
[2026-10-02 11:22:10.865] [out] [delivery_module] DBG 2026-10-02 11:22:10.865+02:00 Dial successful                            topics="libp2p dialer" tid=43057999 peerId=16U*ykXUav
[2026-10-02 11:22:10.865] [out] [delivery_module] DBG 2026-10-02 11:22:10.865+02:00 Dial successful                            topics="libp2p dialer" tid=43057999 peerId=16U*EH5xhu
[2026-10-02 11:22:10.865] [out] [delivery_module] DBG 2026-10-02 11:22:10.865+02:00 starting sendNonHighPriorityTask           topics="libp2p pubsubpeer" tid=43057999 p=16U*ykXUav
[2026-10-02 11:22:10.865] [out] [delivery_module] DBG 2026-10-02 11:22:10.865+02:00 created new pubsub peer                    topics="libp2p pubsub" tid=43057999 peerId=16U*ykXUav
[2026-10-02 11:22:10.865] [out] [delivery_module] DBG 2026-10-02 11:22:10.865+02:00 no listener registered                     tid=43058001 event=onConnectionChange
[2026-10-02 11:22:10.865] [out] [delivery_module] DBG 2026-10-02 11:22:10.865+02:00 starting sendNonHighPriorityTask           topics="libp2p pubsubpeer" tid=43057999 p=16U*EH5xhu
[2026-10-02 11:22:10.865] [out] [delivery_module] DBG 2026-10-02 11:22:10.865+02:00 created new pubsub peer                    topics="libp2p pubsub" tid=43057999 peerId=16U*EH5xhu
[2026-10-02 11:22:10.865] [out] [delivery_module] DBG 2026-10-02 11:22:10.865+02:00 no listener registered                     tid=43058001 event=onConnectionChange
[2026-10-02 11:22:10.865] [out] [delivery_module] DBG 2026-10-02 11:22:10.865+02:00 Dial successful                            topics="libp2p dialer" tid=43057999 peerId=16U*z8Txrx
[2026-10-02 11:22:10.865] [out] [delivery_module] DBG 2026-10-02 11:22:10.865+02:00 starting sendNonHighPriorityTask           topics="libp2p pubsubpeer" tid=43057999 p=16U*z8Txrx
[2026-10-02 11:22:10.865] [out] [delivery_module] DBG 2026-10-02 11:22:10.865+02:00 created new pubsub peer                    topics="libp2p pubsub" tid=43057999 peerId=16U*z8Txrx
[2026-10-02 11:22:10.865] [out] [delivery_module] DBG 2026-10-02 11:22:10.865+02:00 no listener registered                     tid=43058001 event=onConnectionChange
[2026-10-02 11:22:10.865] [out] [delivery_module] DBG 2026-10-02 11:22:10.865+02:00 Incoming WakuRelay connection              topics="waku relay" tid=43057999 connection=16U*ykXUav:6abf77c23b6f02ceee934ae2 protocol=/vac/waku/relay/2.0.0
[2026-10-02 11:22:10.865] [out] [delivery_module] DBG 2026-10-02 11:22:10.865+02:00 starting pubsub read loop                  topics="libp2p pubsubpeer" tid=43057999 stream=16U*ykXUav:6abf77c23b6f02ceee934ae2 peer=16U*ykXUav closed=false
[2026-10-02 11:22:10.865] [out] [delivery_module] DBG 2026-10-02 11:22:10.865+02:00 identify: info sent                        topics="libp2p identify" tid=43057999 stream=16U*ykXUav:6abf77c23b6f02ceee934ae3 info="(peerId: 16Uiu2HAmESFrUWL1xJgydbQZ3dzrucAxQg2KgCENyzDkEeCNx1zD, listenAddrs: [/ip4/127.0.0.1/tcp/55039], addrs: [/ip4/127.0.0.1/tcp/55039], protocols: [/ipfs/id/1.0.0, /libp2p/autonat/1.0.0, /libp2p/circuit/relay/0.2.0/hop, /vac/waku/metadata/1.0.0, /mix/1.0.0, /vac/waku/relay/2.0.0, /ipfs/ping/1.0.0, /vac/waku/filter-push/2.0.0-beta1], protoVersion: ipfs/0.1.0, agentVersion: logos-delivery-v0.39.0-gca2814)"
[2026-10-02 11:22:10.865] [out] [delivery_module] DBG 2026-10-02 11:22:10.865+02:00 Incoming WakuRelay connection              topics="waku relay" tid=43057999 connection=16U*EH5xhu:6abf77c23b6f02ceee934ae4 protocol=/vac/waku/relay/2.0.0
[2026-10-02 11:22:10.865] [out] [delivery_module] DBG 2026-10-02 11:22:10.865+02:00 starting pubsub read loop                  topics="libp2p pubsubpeer" tid=43057999 stream=16U*EH5xhu:6abf77c23b6f02ceee934ae4 peer=16U*EH5xhu closed=false
[2026-10-02 11:22:10.866] [out] [delivery_module] DBG 2026-10-02 11:22:10.866+02:00 identify: info sent                        topics="libp2p identify" tid=43057999 stream=16U*EH5xhu:6abf77c23b6f02ceee934ae5 info="(peerId: 16Uiu2HAmESFrUWL1xJgydbQZ3dzrucAxQg2KgCENyzDkEeCNx1zD, listenAddrs: [/ip4/127.0.0.1/tcp/55039], addrs: [/ip4/127.0.0.1/tcp/55039], protocols: [/ipfs/id/1.0.0, /libp2p/autonat/1.0.0, /libp2p/circuit/relay/0.2.0/hop, /vac/waku/metadata/1.0.0, /mix/1.0.0, /vac/waku/relay/2.0.0, /ipfs/ping/1.0.0, /vac/waku/filter-push/2.0.0-beta1], protoVersion: ipfs/0.1.0, agentVersion: logos-delivery-v0.39.0-gca2814)"
[2026-10-02 11:22:10.866] [out] [delivery_module] DBG 2026-10-02 11:22:10.866+02:00 Incoming WakuRelay connection              topics="waku relay" tid=43057999 connection=16U*z8Txrx:6abf77c23b6f02ceee934ae6 protocol=/vac/waku/relay/2.0.0
[2026-10-02 11:22:10.866] [out] [delivery_module] DBG 2026-10-02 11:22:10.866+02:00 starting pubsub read loop                  topics="libp2p pubsubpeer" tid=43057999 stream=16U*z8Txrx:6abf77c23b6f02ceee934ae6 peer=16U*z8Txrx closed=false
[2026-10-02 11:22:10.866] [out] [delivery_module] DBG 2026-10-02 11:22:10.866+02:00 identify: info sent                        topics="libp2p identify" tid=43057999 stream=16U*z8Txrx:6abf77c23b6f02ceee934ae7 info="(peerId: 16Uiu2HAmESFrUWL1xJgydbQZ3dzrucAxQg2KgCENyzDkEeCNx1zD, listenAddrs: [/ip4/127.0.0.1/tcp/55039], addrs: [/ip4/127.0.0.1/tcp/55039], protocols: [/ipfs/id/1.0.0, /libp2p/autonat/1.0.0, /libp2p/circuit/relay/0.2.0/hop, /vac/waku/metadata/1.0.0, /mix/1.0.0, /vac/waku/relay/2.0.0, /ipfs/ping/1.0.0, /vac/waku/filter-push/2.0.0-beta1], protoVersion: ipfs/0.1.0, agentVersion: logos-delivery-v0.39.0-gca2814)"
[2026-10-02 11:22:10.866] [out] [delivery_module] DBG 2026-10-02 11:22:10.866+02:00 identify: info received                    topics="libp2p identify" tid=43057999 stream=16U*9DWwe1:6abf77c23b6f02ceee934ae1 pubkey=ok(sec...69c3)) addresses=/ip4/127.0.0.1/tcp/55035 protocols=/ipfs/id/1.0.0,/libp2p/autonat/1.0.0,/libp2p/circuit/relay/0.2.0/hop,/vac/waku/metadata/1.0.0,/mix/1.0.0,/vac/waku/relay/2.0.0,/ipfs/ping/1.0.0,/vac/waku/lightpush/3.0.0,/vac/waku/lightpush/2.0.0-beta1,/vac/waku/filter-push/2.0.0-beta1 observable_address=ok(/ip4/127.0.0.1/tcp/55132) proto_version=ipfs/0.1.0 agent_version=logos-delivery-v0.39.0-gca2814 signedPeerRecord=None
[2026-10-02 11:22:10.866] [out] [delivery_module] DBG 2026-10-02 11:22:10.866+02:00 starting pubsub read loop                  topics="libp2p pubsubpeer" tid=43057999 stream=16U*9DWwe1:6abf77c23b6f02ceee934ae0 peer=16U*9DWwe1 closed=false
[2026-10-02 11:22:10.866] [out] [delivery_module] DBG 2026-10-02 11:22:10.866+02:00 Event identified                           topics="waku node peer_manager" tid=43057999 peerId=16U*9DWwe1
[2026-10-02 11:22:10.867] [out] [delivery_module] DBG 2026-10-02 11:22:10.867+02:00 no listener registered                     tid=43058001 event=onConnectionChange
[2026-10-02 11:22:10.868] [out] [delivery_module] DBG 2026-10-02 11:22:10.868+02:00 identify: info received                    topics="libp2p identify" tid=43057999 stream=16U*EH5xhu:6abf77c23b6f02ceee934aeb pubkey=ok(sec...7d14)) addresses=/ip4/127.0.0.1/tcp/55038 protocols=/ipfs/id/1.0.0,/libp2p/autonat/1.0.0,/libp2p/circuit/relay/0.2.0/hop,/vac/waku/metadata/1.0.0,/mix/1.0.0,/vac/waku/relay/2.0.0,/ipfs/ping/1.0.0,/vac/waku/lightpush/3.0.0,/vac/waku/lightpush/2.0.0-beta1,/vac/waku/filter-push/2.0.0-beta1 observable_address=ok(/ip4/127.0.0.1/tcp/55139) proto_version=ipfs/0.1.0 agent_version=logos-delivery-v0.39.0-gca2814 signedPeerRecord=None
[2026-10-02 11:22:10.868] [out] [delivery_module] DBG 2026-10-02 11:22:10.868+02:00 identify: info received                    topics="libp2p identify" tid=43057999 stream=16U*ykXUav:6abf77c23b6f02ceee934ae9 pubkey=ok(sec...95ac)) addresses=/ip4/127.0.0.1/tcp/55036 protocols=/ipfs/id/1.0.0,/libp2p/autonat/1.0.0,/libp2p/circuit/relay/0.2.0/hop,/vac/waku/metadata/1.0.0,/mix/1.0.0,/vac/waku/relay/2.0.0,/ipfs/ping/1.0.0,/vac/waku/lightpush/3.0.0,/vac/waku/lightpush/2.0.0-beta1,/vac/waku/filter-push/2.0.0-beta1 observable_address=ok(/ip4/127.0.0.1/tcp/55134) proto_version=ipfs/0.1.0 agent_version=logos-delivery-v0.39.0-gca2814 signedPeerRecord=None
[2026-10-02 11:22:10.868] [out] [delivery_module] DBG 2026-10-02 11:22:10.868+02:00 starting pubsub read loop                  topics="libp2p pubsubpeer" tid=43057999 stream=16U*EH5xhu:6abf77c23b6f02ceee934aea peer=16U*EH5xhu closed=false
[2026-10-02 11:22:10.868] [out] [delivery_module] DBG 2026-10-02 11:22:10.868+02:00 starting pubsub read loop                  topics="libp2p pubsubpeer" tid=43057999 stream=16U*ykXUav:6abf77c23b6f02ceee934ae8 peer=16U*ykXUav closed=false
[2026-10-02 11:22:10.868] [out] [delivery_module] DBG 2026-10-02 11:22:10.868+02:00 Event identified                           topics="waku node peer_manager" tid=43057999 peerId=16U*EH5xhu
[2026-10-02 11:22:10.868] [out] [delivery_module] DBG 2026-10-02 11:22:10.868+02:00 Event identified                           topics="waku node peer_manager" tid=43057999 peerId=16U*ykXUav
[2026-10-02 11:22:10.868] [out] [delivery_module] DBG 2026-10-02 11:22:10.868+02:00 no listener registered                     tid=43058001 event=onConnectionChange
[2026-10-02 11:22:10.868] [out] [delivery_module] DBG 2026-10-02 11:22:10.868+02:00 no listener registered                     tid=43058001 event=onConnectionChange
[2026-10-02 11:22:10.869] [out] [delivery_module] DBG 2026-10-02 11:22:10.869+02:00 identify: info received                    topics="libp2p identify" tid=43057999 stream=16U*z8Txrx:6abf77c23b6f02ceee934aed pubkey=ok(sec...87c1)) addresses=/ip4/127.0.0.1/tcp/55037 protocols=/ipfs/id/1.0.0,/libp2p/autonat/1.0.0,/libp2p/circuit/relay/0.2.0/hop,/vac/waku/metadata/1.0.0,/mix/1.0.0,/vac/waku/relay/2.0.0,/ipfs/ping/1.0.0,/vac/waku/lightpush/3.0.0,/vac/waku/lightpush/2.0.0-beta1,/vac/waku/filter-push/2.0.0-beta1 observable_address=ok(/ip4/127.0.0.1/tcp/55138) proto_version=ipfs/0.1.0 agent_version=logos-delivery-v0.39.0-gca2814 signedPeerRecord=None
[2026-10-02 11:22:10.869] [out] [delivery_module] DBG 2026-10-02 11:22:10.869+02:00 starting pubsub read loop                  topics="libp2p pubsubpeer" tid=43057999 stream=16U*z8Txrx:6abf77c23b6f02ceee934aec peer=16U*z8Txrx closed=false
[2026-10-02 11:22:10.869] [out] [delivery_module] DBG 2026-10-02 11:22:10.869+02:00 Event identified                           topics="waku node peer_manager" tid=43057999 peerId=16U*z8Txrx
[2026-10-02 11:22:10.869] [out] [delivery_module] DBG 2026-10-02 11:22:10.869+02:00 no listener registered                     tid=43058001 event=onConnectionChange
[2026-10-02 11:22:10.869] [out] [delivery_module] DBG 2026-10-02 11:22:10.869+02:00 Received WakuMetadata request              topics="waku metadata" tid=43057999 remoteClusterId=ok(42) remoteShards="[0]" localClusterId=42 localShards="[0]" peer=16U*9DWwe1
[2026-10-02 11:22:10.870] [out] [delivery_module] DBG 2026-10-02 11:22:10.870+02:00 Received WakuMetadata request              topics="waku metadata" tid=43057999 remoteClusterId=ok(42) remoteShards="[0]" localClusterId=42 localShards="[0]" peer=16U*ykXUav
[2026-10-02 11:22:10.871] [out] [delivery_module] DBG 2026-10-02 11:22:10.871+02:00 Received WakuMetadata request              topics="waku metadata" tid=43057999 remoteClusterId=ok(42) remoteShards="[0]" localClusterId=42 localShards="[0]" peer=16U*z8Txrx
[2026-10-02 11:22:10.871] [out] [delivery_module] DBG 2026-10-02 11:22:10.871+02:00 Received WakuMetadata request              topics="waku metadata" tid=43057999 remoteClusterId=ok(42) remoteShards="[0]" localClusterId=42 localShards="[0]" peer=16U*EH5xhu
[2026-10-02 11:22:10.871] [out] [delivery_module] DBG 2026-10-02 11:22:10.871+02:00 no listener registered                     tid=43058001 event=onConnectionChange
[2026-10-02 11:22:10.871] [out] [delivery_module] DBG 2026-10-02 11:22:10.871+02:00 no listener registered                     tid=43058001 event=onConnectionChange
[2026-10-02 11:22:10.871] [out] [delivery_module] DBG 2026-10-02 11:22:10.871+02:00 no listener registered                     tid=43058001 event=onConnectionChange
[2026-10-02 11:22:10.872] [out] [delivery_module] DBG 2026-10-02 11:22:10.872+02:00 no listener registered                     tid=43058001 event=onConnectionChange
[2026-10-02 11:22:10.872] [out] [delivery_module] DBG 2026-10-02 11:22:10.872+02:00 Finished dialing multiple peers            tid=43057999 successfulConns=4 attempted=4
[2026-10-02 11:22:10.873] [out] [delivery_module] DBG 2026-10-02 11:22:10.873+02:00 Starting peer exchange loop                topics="waku node peerexchange api" tid=43057999
[2026-10-02 11:22:10.873] [out] [delivery_module] DBG 2026-10-02 11:22:10.873+02:00 Retrieving peer info via peer exchange protocol topics="waku node peerexchange api" tid=43057999 amount=5
[2026-10-02 11:22:10.873] [out] [delivery_module] DBG 2026-10-02 11:22:10.873+02:00 Peer exchange request could not be made as no peer exchange peers found topics="waku peer_exchange client" tid=43057999
[2026-10-02 11:22:10.873] [out] [delivery_module] DBG 2026-10-02 11:22:10.873+02:00 Failed to retrieve peer info via peer exchange protocol topics="waku node peerexchange api" tid=43057999 error="(status_code: SERVICE_UNAVAILABLE, status_desc: ok(peer_not_found_failure))"
[2026-10-02 11:22:10.873] [out] [delivery_module] DBG 2026-10-02 11:22:10.873+02:00 Cannot fetch peers from peer exchange      topics="waku node peerexchange api" tid=43057999 cause="(status_code: SERVICE_UNAVAILABLE, status_desc: ok(peer_not_found_failure))"
[2026-10-02 11:22:10.873] [out] [delivery_module] INF 2026-10-02 11:22:10.873+02:00 Relay peer connections                     topics="waku node peer_manager" tid=43057999 inRelayConns=0/50 outRelayConns=4/25 totalConnections=4/150 notConnectedPeers=0 outsideBackoffPeers=0
[2026-10-02 11:22:10.874] [out] [delivery_module] DBG 2026-10-02 11:22:10.874+02:00 ENR addresses updated                      topics="waku enr" tid=43057999 retained=1 total=1
[2026-10-02 11:22:10.874] [out] [delivery_module] INF 2026-10-02 11:22:10.874+02:00 Node is online                             topics="waku online monitor" tid=43057999
[2026-10-02 11:22:10.874] [out] [delivery_module] INF 2026-10-02 11:22:10.874+02:00 Health monitor loop start                  tid=43057999
[2026-10-02 11:22:10.875] [out] [delivery_module] DBG 2026-10-02 11:22:10.875+02:00 calculateConnectionState                   tid=43057999 relayCount=4 storeClientCount=0 lightpushCount=4 filterCount=0
[2026-10-02 11:22:10.875] [out] [delivery_module] DBG 2026-10-02 11:22:10.875+02:00 connectionStatus change                    tid=43057999 oldstatus=Disconnected newstatus=Connected
[2026-10-02 11:22:10.875] [out] [delivery_module] INF 2026-10-02 11:22:10.875+02:00 starting keepalive                         tid=43057999 randomPeersKeepalive=10s allPeersKeepalive=2m
[2026-10-02 11:22:10.880] [out] [delivery_module] WRN 2026-10-02 11:22:10.880+02:00 Messaging persistence disabled, could not open persistency job tid=43057999 jobId=messaging reason="PersistencyError(peBackend: openBackend: open ~/Library/Application Support/Logos/LogosStandalone/module_data/delivery_module/5145dd8132c8/data/messaging.db failed: database is locked)"
[2026-10-02 11:22:10.961] [out] [delivery_module] DBG 2026-10-02 11:22:10.961+02:00 no listener registered                     tid=43058001 event=onTopicHealthChange
[2026-10-02 11:22:10.977] [out] [delivery_module] DBG 2026-10-02 11:22:10.977+02:00 calculateConnectionState                   tid=43057999 relayCount=4 storeClientCount=0 lightpushCount=4 filterCount=0
Loaded UI plugin: "/nix/store/17hvmf1x06mgq90nb9pj0shyy3qpdy99-logos-forum_module-plugin-dir"
[QmlInspector] Inspector server listening on port 3768
[QmlInspector] Client connected from "::1"
[2026-10-02 11:22:40.851] [out] [delivery_module] DBG 2026-10-02 11:22:40.851+02:00 Accepted an incoming connection            topics="libp2p switch" tid=43057999 conn=:6abf77e03b6f02ceee934b0b
[2026-10-02 11:22:40.851] [out] [delivery_module] DBG 2026-10-02 11:22:40.851+02:00 About to accept incoming connection        topics="libp2p switch" tid=43057999
[2026-10-02 11:22:40.854] [out] [delivery_module] DBG 2026-10-02 11:22:40.854+02:00 dialMe answer is reachable                 topics="libp2p autonatservice" tid=43057999 peerId=16Uiu2HAky6JVw9XhiAM6YQ93Aj9EdTW7DJYHADmZAg9wPjykXUav
[2026-10-02 11:22:40.854] [out] [delivery_module] DBG 2026-10-02 11:22:40.854+02:00 Current status                             topics="libp2p autonatservice" tid=43057999 currentStats=Unknown confidence=none() answers=[Reachable]
[2026-10-02 11:22:40.855] [out] [delivery_module] DBG 2026-10-02 11:22:40.855+02:00 Accepted an incoming connection            topics="libp2p switch" tid=43057999 conn=:6abf77e03b6f02ceee934b0f
[2026-10-02 11:22:40.855] [out] [delivery_module] DBG 2026-10-02 11:22:40.855+02:00 About to accept incoming connection        topics="libp2p switch" tid=43057999
[2026-10-02 11:22:40.857] [out] [delivery_module] DBG 2026-10-02 11:22:40.857+02:00 dialMe answer is reachable                 topics="libp2p autonatservice" tid=43057999 peerId=16Uiu2HAmMRqMVe9sQuDEouEKLB9KW7Fmt861zcGKPkKCj89DWwe1
[2026-10-02 11:22:40.857] [out] [delivery_module] DBG 2026-10-02 11:22:40.857+02:00 Current status                             topics="libp2p autonatservice" tid=43057999 currentStats=Unknown confidence=none() answers=[Reachable, Reachable]
[2026-10-02 11:22:40.859] [out] [delivery_module] DBG 2026-10-02 11:22:40.859+02:00 Accepted an incoming connection            topics="libp2p switch" tid=43057999 conn=:6abf77e03b6f02ceee934b13
[2026-10-02 11:22:40.859] [out] [delivery_module] DBG 2026-10-02 11:22:40.859+02:00 About to accept incoming connection        topics="libp2p switch" tid=43057999
[2026-10-02 11:22:40.861] [out] [delivery_module] DBG 2026-10-02 11:22:40.861+02:00 dialMe answer is reachable                 topics="libp2p autonatservice" tid=43057999 peerId=16Uiu2HAkySUsHFfqX3va2YcjjWZuqJqF36Nz7XchSzXCXmEH5xhu
[2026-10-02 11:22:40.861] [out] [delivery_module] DBG 2026-10-02 11:22:40.861+02:00 Current status                             topics="libp2p autonatservice" tid=43057999 currentStats=Reachable confidence=ok(1.0) answers=[Reachable, Reachable, Reachable]
[2026-10-02 11:22:40.861] [out] [delivery_module] DBG 2026-10-02 11:22:40.861+02:00 Peer reachability status                   tid=43057999 networkReachability=Reachable confidence=1.0
[2026-10-02 11:23:10.863] [out] [delivery_module] DBG 2026-10-02 11:23:10.862+02:00 Accepted an incoming connection            topics="libp2p switch" tid=43057999 conn=:6abf77fe3b6f02ceee934b2f
[2026-10-02 11:23:10.866] [out] [delivery_module] DBG 2026-10-02 11:23:10.863+02:00 About to accept incoming connection        topics="libp2p switch" tid=43057999
[2026-10-02 11:23:10.870] [out] [delivery_module] DBG 2026-10-02 11:23:10.869+02:00 dialMe answer is reachable                 topics="libp2p autonatservice" tid=43057999 peerId=16Uiu2HAmMRqMVe9sQuDEouEKLB9KW7Fmt861zcGKPkKCj89DWwe1
[2026-10-02 11:23:10.870] [out] [delivery_module] DBG 2026-10-02 11:23:10.869+02:00 Current status                             topics="libp2p autonatservice" tid=43057999 currentStats=Reachable confidence=ok(1.0) answers=[Reachable, Reachable, Reachable]
[2026-10-02 11:23:10.875] [out] [delivery_module] DBG 2026-10-02 11:23:10.873+02:00 Retrieving peer info via peer exchange protocol topics="waku node peerexchange api" tid=43057999 amount=5
[2026-10-02 11:23:10.875] [out] [delivery_module] DBG 2026-10-02 11:23:10.874+02:00 Peer exchange request could not be made as no peer exchange peers found topics="waku peer_exchange client" tid=43057999
[2026-10-02 11:23:10.875] [out] [delivery_module] DBG 2026-10-02 11:23:10.874+02:00 Failed to retrieve peer info via peer exchange protocol topics="waku node peerexchange api" tid=43057999 error="(status_code: SERVICE_UNAVAILABLE, status_desc: ok(peer_not_found_failure))"
[2026-10-02 11:23:10.875] [out] [delivery_module] DBG 2026-10-02 11:23:10.874+02:00 Cannot fetch peers from peer exchange      topics="waku node peerexchange api" tid=43057999 cause="(status_code: SERVICE_UNAVAILABLE, status_desc: ok(peer_not_found_failure))"
[2026-10-02 11:23:10.878] [out] [delivery_module] DBG 2026-10-02 11:23:10.876+02:00 Accepted an incoming connection            topics="libp2p switch" tid=43057999 conn=:6abf77fe3b6f02ceee934b33
[2026-10-02 11:23:10.878] [out] [delivery_module] DBG 2026-10-02 11:23:10.877+02:00 About to accept incoming connection        topics="libp2p switch" tid=43057999
[2026-10-02 11:23:10.880] [out] [delivery_module] DBG 2026-10-02 11:23:10.880+02:00 dialMe answer is reachable                 topics="libp2p autonatservice" tid=43057999 peerId=16Uiu2HAkySUsHFfqX3va2YcjjWZuqJqF36Nz7XchSzXCXmEH5xhu
[2026-10-02 11:23:10.880] [out] [delivery_module] DBG 2026-10-02 11:23:10.880+02:00 Current status                             topics="libp2p autonatservice" tid=43057999 currentStats=Reachable confidence=ok(1.0) answers=[Reachable, Reachable, Reachable]
[2026-10-02 11:23:10.885] [out] [delivery_module] DBG 2026-10-02 11:23:10.885+02:00 Accepted an incoming connection            topics="libp2p switch" tid=43057999 conn=:6abf77fe3b6f02ceee934b37
[2026-10-02 11:23:10.885] [out] [delivery_module] DBG 2026-10-02 11:23:10.885+02:00 About to accept incoming connection        topics="libp2p switch" tid=43057999
[2026-10-02 11:23:10.896] [out] [delivery_module] DBG 2026-10-02 11:23:10.895+02:00 dialMe answer is reachable                 topics="libp2p autonatservice" tid=43057999 peerId=16Uiu2HAky6JVw9XhiAM6YQ93Aj9EdTW7DJYHADmZAg9wPjykXUav
[2026-10-02 11:23:10.896] [out] [delivery_module] DBG 2026-10-02 11:23:10.895+02:00 Current status                             topics="libp2p autonatservice" tid=43057999 currentStats=Reachable confidence=ok(1.0) answers=[Reachable, Reachable, Reachable]
[2026-10-02 11:23:40.858] [out] [delivery_module] DBG 2026-10-02 11:23:40.858+02:00 Accepted an incoming connection            topics="libp2p switch" tid=43057999 conn=:6abf781c3b6f02ceee934b52
[2026-10-02 11:23:40.892] [out] [delivery_module] DBG 2026-10-02 11:23:40.858+02:00 About to accept incoming connection        topics="libp2p switch" tid=43057999
[2026-10-02 11:23:40.893] [out] [delivery_module] DBG 2026-10-02 11:23:40.862+02:00 dialMe answer is reachable                 topics="libp2p autonatservice" tid=43057999 peerId=16Uiu2HAmUprx949qvNkbQC4fwg5AL9kGQCRvd4VWoNdnx3z8Txrx
[2026-10-02 11:23:40.893] [out] [delivery_module] DBG 2026-10-02 11:23:40.862+02:00 Current status                             topics="libp2p autonatservice" tid=43057999 currentStats=Reachable confidence=ok(1.0) answers=[Reachable, Reachable, Reachable]
[2026-10-02 11:23:40.893] [out] [delivery_module] DBG 2026-10-02 11:23:40.864+02:00 Accepted an incoming connection            topics="libp2p switch" tid=43057999 conn=:6abf781c3b6f02ceee934b56
[2026-10-02 11:23:40.893] [out] [delivery_module] DBG 2026-10-02 11:23:40.864+02:00 About to accept incoming connection        topics="libp2p switch" tid=43057999
[2026-10-02 11:23:40.893] [out] [delivery_module] DBG 2026-10-02 11:23:40.868+02:00 dialMe answer is reachable                 topics="libp2p autonatservice" tid=43057999 peerId=16Uiu2HAmMRqMVe9sQuDEouEKLB9KW7Fmt861zcGKPkKCj89DWwe1
[2026-10-02 11:23:40.893] [out] [delivery_module] DBG 2026-10-02 11:23:40.868+02:00 Current status                             topics="libp2p autonatservice" tid=43057999 currentStats=Reachable confidence=ok(1.0) answers=[Reachable, Reachable, Reachable]
[2026-10-02 11:23:40.893] [out] [delivery_module] DBG 2026-10-02 11:23:40.869+02:00 Accepted an incoming connection            topics="libp2p switch" tid=43057999 conn=:6abf781c3b6f02ceee934b5a
[2026-10-02 11:23:40.893] [out] [delivery_module] DBG 2026-10-02 11:23:40.869+02:00 About to accept incoming connection        topics="libp2p switch" tid=43057999
[2026-10-02 11:23:40.893] [out] [delivery_module] DBG 2026-10-02 11:23:40.872+02:00 dialMe answer is reachable                 topics="libp2p autonatservice" tid=43057999 peerId=16Uiu2HAky6JVw9XhiAM6YQ93Aj9EdTW7DJYHADmZAg9wPjykXUav
[2026-10-02 11:23:40.893] [out] [delivery_module] DBG 2026-10-02 11:23:40.872+02:00 Current status                             topics="libp2p autonatservice" tid=43057999 currentStats=Reachable confidence=ok(1.0) answers=[Reachable, Reachable, Reachable]
[QmlInspector] Client disconnected
