[2026-10-06 13:35:43.822] [out] [delivery_module] DBG 2026-10-06 13:35:43.822+02:00 Lookup query                               topics="kad-dht find" tid=17097300 peer=16U*P1S397
[2026-10-06 13:35:43.822] [out] [delivery_module] DBG 2026-10-06 13:35:43.822+02:00 Lookup query                               topics="kad-dht find" tid=17097300 peer=16U*VpJprH
[2026-10-06 13:35:43.822] [out] [delivery_module] DBG 2026-10-06 13:35:43.822+02:00 Lookup query                               topics="kad-dht find" tid=17097300 peer=16U*kGyuEP
[2026-10-06 13:35:43.822] [out] [delivery_module] DBG 2026-10-06 13:35:43.822+02:00 Dialing multiple peers                     tid=17097300 numOfPeers=6 nodes="@[\"/dns4/delivery-01.do-ams3.logos.dev.status.im/tcp/30303/p2p/16Uiu2HAmTUbnxLGT9JvV6mu9oPyDjqHK4Phs1VDJNUgESgNSkuby\", \"/dns4/delivery-02.do-ams3.logos.dev.status.im/tcp/30303/p2p/16Uiu2HAmMK7PYygBtKUQ8EHp7EfaD3bCEsJrkFooK8RQ2PVpJprH\", \"/dns4/delivery-01.gc-us-central1-a.logos.dev.status.im/tcp/30303/p2p/16Uiu2HAm4S1JYkuzDKLKQvwgAhZKs9otxXqt8SCGtB4hoJP1S397\", \"/dns4/delivery-02.gc-us-central1-a.logos.dev.status.im/tcp/30303/p2p/16Uiu2HAm8Y9kgBNtjxvCnf1X6gnZJW5EGE4UwwCL3CCm55TwqBiH\", \"/dns4/delivery-01.ac-cn-hongkong-c.logos.dev.status.im/tcp/30303/p2p/16Uiu2HAm8YokiNun9BkeA1ZRmhLbtNUvcwRr64F69tYj9fkGyuEP\", \"/dns4/delivery-02.ac-cn-hongkong-c.logos.dev.status.im/tcp/30303/p2p/16Uiu2HAkvwhGHKNry6LACrB8TmEFoCJKEX29XR5dDUzk3UT3UNSE\"]"
[2026-10-06 13:35:43.823] [out] [delivery_module] DBG 2026-10-06 13:35:43.823+02:00 Finished dialing multiple peers            tid=17097300 successfulConns=6 attempted=6
[2026-10-06 13:35:43.823] [out] [delivery_module] DBG 2026-10-06 13:35:43.823+02:00 Dialing multiple peers                     topics="waku node peer_manager" tid=17097300 numOfPeers=1 nodes=@[16Uiu2HAmAResE15q4BDR96fpXuErsrxP4kzNDeA9LpPsbh7ZEp3L]
[2026-10-06 13:35:43.824] [out] [delivery_module] INF 2026-10-06 13:35:43.824+02:00 Relay peer connections                     topics="waku node peer_manager" tid=17097300 inRelayConns=0/50 outRelayConns=6/25 totalConnections=6/150 notConnectedPeers=1 outsideBackoffPeers=1
[2026-10-06 13:35:43.826] [out] [delivery_module] DBG 2026-10-06 13:35:43.826+02:00 peer filtering updated                     topics="waku discv5" tid=17097300
[2026-10-06 13:35:43.826] [out] [delivery_module] DBG 2026-10-06 13:35:43.826+02:00 peer filtering updated                     topics="waku discv5" tid=17097300
[2026-10-06 13:35:43.826] [out] [delivery_module] DBG 2026-10-06 13:35:43.826+02:00 peer filtering updated                     topics="waku discv5" tid=17097300
[2026-10-06 13:35:43.827] [out] [delivery_module] DBG 2026-10-06 13:35:43.827+02:00 peer filtering updated                     topics="waku discv5" tid=17097300
[2026-10-06 13:35:43.827] [out] [delivery_module] DBG 2026-10-06 13:35:43.827+02:00 peer filtering updated                     topics="waku discv5" tid=17097300
[2026-10-06 13:35:43.828] [out] [delivery_module] DBG 2026-10-06 13:35:43.828+02:00 peer filtering updated                     topics="waku discv5" tid=17097300
[2026-10-06 13:35:43.828] [out] [delivery_module] DBG 2026-10-06 13:35:43.828+02:00 peer filtering updated                     topics="waku discv5" tid=17097300
[2026-10-06 13:35:43.828] [out] [delivery_module] NTC 2026-10-06 13:35:43.828+02:00 ENR carries no reachable host, so peers cannot dial this node. Set --nat, --ext-ip, --dns4-domain-name or --ext-multiaddr to advertise one topics="wakunode waku" tid=17097300
[2026-10-06 13:35:43.829] [out] [delivery_module] DBG 2026-10-06 13:35:43.829+02:00 Lookup query                               topics="kad-dht find" tid=17097300 peer=16U*P1S397
[2026-10-06 13:35:43.829] [out] [delivery_module] DBG 2026-10-06 13:35:43.829+02:00 Lookup query                               topics="kad-dht find" tid=17097300 peer=16U*T3UNSE
[2026-10-06 13:35:43.829] [out] [delivery_module] DBG 2026-10-06 13:35:43.829+02:00 Lookup query                               topics="kad-dht find" tid=17097300 peer=16U*VpJprH
[2026-10-06 13:35:43.829] [out] [delivery_module] DBG 2026-10-06 13:35:43.829+02:00 Lookup query                               topics="kad-dht find" tid=17097300 peer=16U*kGyuEP
[2026-10-06 13:35:43.829] [out] [delivery_module] DBG 2026-10-06 13:35:43.829+02:00 Lookup query                               topics="kad-dht find" tid=17097300 peer=16U*NSkuby
[2026-10-06 13:35:43.829] [out] [delivery_module] DBG 2026-10-06 13:35:43.829+02:00 Lookup query                               topics="kad-dht find" tid=17097300 peer=16U*TwqBiH
[2026-10-06 13:35:43.832] [out] [delivery_module] INF 2026-10-06 13:35:43.832+02:00 advertising this node on the delivery network topics="waku discovery advertise" tid=17097300 backend=service protocols="[/vac/waku/relay/2.0.0, /vac/waku/filter-subscribe/2.0.0-beta1, /vac/waku/lightpush/3.0.0, /mix/1.0.0]"
[2026-10-06 13:35:43.832] [out] [delivery_module] DBG 2026-10-06 13:35:43.832+02:00 register interest                          topics="service-disco discoverer" tid=17097300 service=/mix/1.0.0 serviceId=key:913B5C5DBE691438693215140388EC0C7DE80DE328BDE5BD7FC06F90568CEA40
[2026-10-06 13:35:43.832] [out] [delivery_module] DBG 2026-10-06 13:35:43.832+02:00 Lookup query                               topics="kad-dht find" tid=17097300 peer=16U*kGyuEP
[2026-10-06 13:35:43.832] [out] [delivery_module] DBG 2026-10-06 13:35:43.832+02:00 Lookup query                               topics="kad-dht find" tid=17097300 peer=16U*T3UNSE
[2026-10-06 13:35:43.832] [out] [delivery_module] DBG 2026-10-06 13:35:43.832+02:00 Lookup query                               topics="kad-dht find" tid=17097300 peer=16U*P1S397
[2026-10-06 13:35:43.832] [out] [delivery_module] DBG 2026-10-06 13:35:43.832+02:00 Lookup query                               topics="kad-dht find" tid=17097300 peer=16U*VpJprH
[2026-10-06 13:35:43.832] [out] [delivery_module] DBG 2026-10-06 13:35:43.832+02:00 Lookup query                               topics="kad-dht find" tid=17097300 peer=16U*TwqBiH
[2026-10-06 13:35:43.832] [out] [delivery_module] DBG 2026-10-06 13:35:43.832+02:00 Lookup query                               topics="kad-dht find" tid=17097300 peer=16U*NSkuby
[2026-10-06 13:35:43.832] [out] [delivery_module] DBG 2026-10-06 13:35:43.832+02:00 Added service to discover                  topics="waku service discovery" tid=17097300 service=/mix/1.0.0
[2026-10-06 13:35:43.832] [out] [delivery_module] DBG 2026-10-06 13:35:43.832+02:00 Added provided service                     topics="service-disco advertiser" tid=17097300 service=/mix/1.0.0 serviceId=key:913B5C5DBE691438693215140388EC0C7DE80DE328BDE5BD7FC06F90568CEA40
[2026-10-06 13:35:43.833] [out] [delivery_module] DBG 2026-10-06 13:35:43.833+02:00 Added service to advertise                 topics="waku service discovery" tid=17097300 service=/mix/1.0.0
[2026-10-06 13:35:43.833] [out] [delivery_module] INF 2026-10-06 13:35:43.833+02:00 advertising this node as a mix node        topics="waku discovery advertise" tid=17097300 backend=service
[2026-10-06 13:35:43.834] [out] [delivery_module] DBG 2026-10-06 13:35:43.834+02:00 calculateConnectionState                   tid=17097300 relayCount=6 storeClientCount=6 lightpushCount=6 filterCount=6
[2026-10-06 13:35:43.835] [out] [delivery_module] INF 2026-10-06 13:35:43.835+02:00 starting keepalive                         tid=17097300 randomPeersKeepalive=10s allPeersKeepalive=2m
[2026-10-06 13:35:43.835] [out] [delivery_module] DBG 2026-10-06 13:35:43.835+02:00 no listener registered                     tid=17097301 event=onTopicHealthChange
[2026-10-06 13:35:43.835] [out] [delivery_module] DBG 2026-10-06 13:35:43.835+02:00 no listener registered                     tid=17097301 event=onTopicHealthChange
[2026-10-06 13:35:43.835] [out] [delivery_module] DBG 2026-10-06 13:35:43.835+02:00 no listener registered                     tid=17097301 event=onTopicHealthChange
[2026-10-06 13:35:43.835] [out] [delivery_module] DBG 2026-10-06 13:35:43.835+02:00 no listener registered                     tid=17097301 event=onTopicHealthChange
[2026-10-06 13:35:43.835] [out] [delivery_module] DBG 2026-10-06 13:35:43.835+02:00 no listener registered                     tid=17097301 event=onTopicHealthChange
[2026-10-06 13:35:43.835] [out] [delivery_module] DBG 2026-10-06 13:35:43.835+02:00 no listener registered                     tid=17097301 event=onTopicHealthChange
[2026-10-06 13:35:43.835] [out] [delivery_module] DBG 2026-10-06 13:35:43.835+02:00 no listener registered                     tid=17097301 event=onTopicHealthChange
[2026-10-06 13:35:43.839] [out] [delivery_module] WRN 2026-10-06 13:35:43.839+02:00 Messaging persistence disabled, could not open persistency job tid=17097300 jobId=messaging reason="PersistencyError(peBackend: openBackend: open ~/Library/Application Support/Logos/LogosStandalone/module_data/delivery_module/5145dd8132c8/data/messaging.db failed: database is locked)"
[2026-10-06 13:35:43.840] [out] [delivery_module] DBG 2026-10-06 13:35:43.840+02:00 Trying message delivery via Mix            topics="send service mix processor" tid=17097300 requestId=1a230642174c03b0924c msgHash=0x4f67926fbef0eafb203037d26a1ebf00355f23c4684cb004750cf12ee0e59973 tryCount=1
[2026-10-06 13:35:43.841] [out] [delivery_module] DBG 2026-10-06 13:35:43.841+02:00 Publishing message with lightpush          topics="waku node lightpush api" tid=17097300 pubsubTopic=/waku/2/rs/3/7 contentTopic=/lp0026forum/1/general/text target_peer_id=16U*kGyuEP msg_hash=0x4f67926fbef0eafb203037d26a1ebf00355f23c4684cb004750cf12ee0e59973 mixify=true
[2026-10-06 13:35:43.841] [out] [delivery_module] DBG 2026-10-06 13:35:43.841+02:00 Publish                                    topics="waku lightpush client" tid=17097300 myPeerId=16U*33yZ6t peerId= msgHash=0x4f67926fbef0eafb203037d26a1ebf00355f23c4684cb004750cf12ee0e59973 sentTime=1791286543841185024
[2026-10-06 13:35:43.841] [out] [delivery_module] DBG 2026-10-06 13:35:43.841+02:00 Destination data                           tid=17097300 destination=MixDestination[MixNode](16Uiu2HAm8YokiNun9BkeA1ZRmhLbtNUvcwRr64F69tYj9fkGyuEP)
[2026-10-06 13:35:43.841] [out] [delivery_module] DBG 2026-10-06 13:35:43.841+02:00 Selected mix node:                         tid=17097300 indexInPath=0 peerId=16U*T3UNSE
[2026-10-06 13:35:43.841] [out] [delivery_module] DBG 2026-10-06 13:35:43.841+02:00 Selected mix node:                         tid=17097300 indexInPath=1 peerId=16U*NSkuby
[2026-10-06 13:35:43.841] [out] [delivery_module] DBG 2026-10-06 13:35:43.841+02:00 Selected mix node:                         tid=17097300 indexInPath=2 peerId=16U*kGyuEP
[2026-10-06 13:35:43.841] [out] [delivery_module] DBG 2026-10-06 13:35:43.841+02:00 Selected mix node for surbs:               tid=17097300 indexInPath=0 peerId=16U*NSkuby
[2026-10-06 13:35:43.841] [out] [delivery_module] DBG 2026-10-06 13:35:43.841+02:00 Selected mix node for surbs:               tid=17097300 indexInPath=1 peerId=16U*T3UNSE
[2026-10-06 13:35:43.937] [out] [delivery_module] DBG 2026-10-06 13:35:43.937+02:00 calculateConnectionState                   tid=17097300 relayCount=6 storeClientCount=6 lightpushCount=6 filterCount=6
[2026-10-06 13:35:44.150] [out] [delivery_module] DBG 2026-10-06 13:35:44.150+02:00 Lookup query                               topics="kad-dht find" tid=17097300 peer=16U*7ZEp3L
[2026-10-06 13:35:44.230] [out] [delivery_module] DBG 2026-10-06 13:35:44.230+02:00 Lookup query                               topics="kad-dht find" tid=17097300 peer=16U*7ZEp3L
[2026-10-06 13:35:44.392] [out] [delivery_module] DBG 2026-10-06 13:35:44.392+02:00 Lookup query                               topics="kad-dht find" tid=17097300 peer=16U*7ZEp3L
[2026-10-06 13:35:44.846] [out] [delivery_module] DBG 2026-10-06 13:35:44.846+02:00 Dialing failed                             topics="libp2p dialer" tid=17097300 description="quic dial timed out after 3s" peerId=16U*7ZEp3L address=/ip4/192.168.1.3/udp/56395/quic-v1 hostname=192.168.1.3
[2026-10-06 13:35:46.003] [out] [delivery_module] DBG 2026-10-06 13:35:46.003+02:00 Message propagated via Mix                 topics="send service mix processor" tid=17097300 requestId=1a230642174c03b0924c msgHash=0x4f67926fbef0eafb203037d26a1ebf00355f23c4684cb004750cf12ee0e59973
[2026-10-06 13:35:46.003] [out] [delivery_module] INF 2026-10-06 13:35:46.003+02:00 Message successfully propagated            topics="send service" tid=17097300 requestId=1a230642174c03b0924c msgHash=withheld
[2026-10-06 13:35:46.003] [out] [delivery_module] INF 2026-10-06 13:35:46.003+02:00 Message successfully sent over mix         topics="send service" tid=17097300 requestId=1a230642174c03b0924c
