run-logos-standalone-ui: hot-reloading QML from <repo>/src/qml
  (export DEV_QML_PATH to override, or LOGOS_QML_HOT_RELOAD=0 to disable)
Session directory: "~/Library/Application Support/Logos/LogosStandalone"
[2026-10-10 16:15:51.701] [info] [logos] Granting host services to 'capability_module': token_registry,token_delivery
[2026-10-10 16:15:51.757] [out] [capability_module] [2026-10-10 16:15:51.756] [info] Granting host services to capability_module: ["token_registry","token_delivery"]
RemoteTransportConnection: Connecting to registry: "local:logos_capability_module_a2c15e5b7a8d" at "16:15:51.761"
RemoteTransportConnection: Registry connect attempt started (no peer contact yet): "local:logos_capability_module_a2c15e5b7a8d"
LogosAPIConsumer: Informing module token for module: "capability_module" with token: "redacted:12ebf1df…"
RemoteTransportConnection: Requesting object: "capability_module" at "16:15:51.763"
[LogosObject] RemoteTransportConnection: returning RemoteLogosObject for: "capability_module"
[LogosObject] Created RemoteLogosObject wrapping QRemoteObjectReplica 105553170956544
[LogosObject] LogosAPIConsumer: calling LogosObject::informModuleToken for "capability_module"
LogosAPIConsumer: informModuleToken completed with result: true
[LogosObject] Destroying RemoteLogosObject 0
[2026-10-10 16:15:51.788] [info] [logos] Module loaded: capability_module
LogosAPIConsumer: Informing module token for module: "modules_state" with token: "redacted:990cc676…"
RemoteTransportConnection: Requesting object: "capability_module" at "16:15:51.827"
[LogosObject] RemoteTransportConnection: returning RemoteLogosObject for: "capability_module"
[LogosObject] Created RemoteLogosObject wrapping QRemoteObjectReplica 105553170956864
[LogosObject] LogosAPIConsumer: calling LogosObject::informModuleToken for "modules_state"
LogosAPIConsumer: informModuleToken completed with result: true
[LogosObject] Destroying RemoteLogosObject 0
[2026-10-10 16:15:51.827] [info] [logos] Module loaded: modules_state
RemoteTransportConnection: Connecting to registry: "local:logos_modules_state_a2c15e5b7a8d" at "16:15:51.828"
RemoteTransportConnection: Registry connect attempt started (no peer contact yet): "local:logos_modules_state_a2c15e5b7a8d"
RemoteTransportConnection: Connecting to registry: "local:logos_capability_module_a2c15e5b7a8d" at "16:15:51.828"
RemoteTransportConnection: Registry connect attempt started (no peer contact yet): "local:logos_capability_module_a2c15e5b7a8d"
LogosAPIConsumer: '"modules_state"::""' deferred pending the module becoming reachable
LogosAPIConsumer: '"modules_state"::""' deferred pending the module becoming reachable
Logos Core started (modules dir: "/nix/store/gxna1vv93drk0r01vph163c8q3dw4ng4-logos-forum_module-plugin-dir-modules" )
Set app icon from metadata: "/nix/store/wd83ygnz6jpfs1xvl899azdz7a723s4n-logos-forum_module-plugin-dir/src/icons/icon.png"
[2026-10-10 16:15:51.889] [info] [logos] [delivery_module] DeliveryModuleImpl: Initializing...
LogosAPIConsumer: Informing module token for module: "delivery_module" with token: "redacted:28317bd1…"
RemoteTransportConnection: Requesting object: "capability_module" at "16:15:51.891"
[LogosObject] RemoteTransportConnection: returning RemoteLogosObject for: "capability_module"
[LogosObject] Created RemoteLogosObject wrapping QRemoteObjectReplica 105553170885952
[LogosObject] LogosAPIConsumer: calling LogosObject::informModuleToken for "delivery_module"
LogosAPIConsumer: informModuleToken completed with result: true
[LogosObject] Destroying RemoteLogosObject 0
[2026-10-10 16:15:51.895] [info] [logos] Module loaded: delivery_module
RemoteTransportConnection: Connecting to registry: "local:logos_delivery_module_a2c15e5b7a8d" at "16:15:51.895"
RemoteTransportConnection: Registry connect attempt started (no peer contact yet): "local:logos_delivery_module_a2c15e5b7a8d"
RemoteTransportConnection: Connecting to registry: "local:logos_capability_module_a2c15e5b7a8d" at "16:15:51.895"
RemoteTransportConnection: Registry connect attempt started (no peer contact yet): "local:logos_capability_module_a2c15e5b7a8d"
LogosAPIConsumer: '"delivery_module"::""' deferred pending the module becoming reachable
LogosAPIClient: getToken for module: "modules_state"
LogosAPIClient: Found token for module: "modules_state"
RemoteTransportConnection: Requesting object: "modules_state" at "16:15:51.895"
[LogosObject] RemoteTransportConnection: returning RemoteLogosObject for: "modules_state"
[LogosObject] Created RemoteLogosObject wrapping QRemoteObjectReplica 105553171153696
[LogosObject] LogosAPIConsumer: async calling via LogosObject::callMethodAsync "note_transition"
[LogosObject] RemoteLogosObject::callMethodAsync "note_transition" args: 7
LogosAPIClient: getToken for module: "modules_state"
LogosAPIClient: Found token for module: "modules_state"
[LogosObject] LogosAPIConsumer: async calling via LogosObject::callMethodAsync "note_transition"
[LogosObject] RemoteLogosObject::callMethodAsync "note_transition" args: 7
Loaded dependency (with transitive deps): "delivery_module"
[2026-10-10 16:15:51.932] [info] [logos] [storage_module] StorageModuleImpl: Initializing...
LogosAPIConsumer: Informing module token for module: "storage_module" with token: "redacted:3a198595…"
RemoteTransportConnection: Requesting object: "capability_module" at "16:15:51.933"
[LogosObject] Created RemoteLogosObject wrapping QRemoteObjectReplica 105553170872800
LogosAPIClient: invoking remote method "modules_state" "apply_snapshot" args_count: 1
LogosAPIClient: getToken for module: "modules_state"
LogosAPIClient: Found token for module: "modules_state"
LogosAPIConsumer: Calling invokeRemoteMethod: "modules_state" "apply_snapshot" args_count: 1 timeout: 20000
[LogosObject] LogosAPIConsumer: calling via LogosObject::callMethod "apply_snapshot"
[LogosObject] RemoteLogosObject::callMethod "apply_snapshot" args: 1
[LogosObject] Created RemoteLogosObject wrapping QRemoteObjectReplica 105553171153472
LogosAPIClient: getToken for module: "modules_state"
LogosAPIClient: Found token for module: "modules_state"
[LogosObject] LogosAPIConsumer: async calling via LogosObject::callMethodAsync "note_transition"
[LogosObject] RemoteLogosObject::callMethodAsync "note_transition" args: 7
LogosAPIClient: getToken for module: "modules_state"
LogosAPIClient: Found token for module: "modules_state"
[LogosObject] LogosAPIConsumer: async calling via LogosObject::callMethodAsync "note_transition"
[LogosObject] RemoteLogosObject::callMethodAsync "note_transition" args: 7
[2026-10-10 16:15:51.938] [info] [logos] Pushed module snapshot to modules_state
LogosAPIClient: getToken for module: "modules_state"
LogosAPIClient: Found token for module: "modules_state"
[LogosObject] LogosAPIConsumer: async calling via LogosObject::callMethodAsync "note_transition"
[LogosObject] RemoteLogosObject::callMethodAsync "note_transition" args: 7
[LogosObject] RemoteTransportConnection: returning RemoteLogosObject for: "capability_module"
[LogosObject] Created RemoteLogosObject wrapping QRemoteObjectReplica 105553171153664
[LogosObject] LogosAPIConsumer: calling LogosObject::informModuleToken for "storage_module"
LogosAPIConsumer: informModuleToken completed with result: true
[LogosObject] Destroying RemoteLogosObject 0
[2026-10-10 16:15:51.939] [info] [logos] Module loaded: storage_module
RemoteTransportConnection: Connecting to registry: "local:logos_storage_module_a2c15e5b7a8d" at "16:15:51.939"
RemoteTransportConnection: Registry connect attempt started (no peer contact yet): "local:logos_storage_module_a2c15e5b7a8d"
RemoteTransportConnection: Connecting to registry: "local:logos_capability_module_a2c15e5b7a8d" at "16:15:51.939"
RemoteTransportConnection: Registry connect attempt started (no peer contact yet): "local:logos_capability_module_a2c15e5b7a8d"
LogosAPIConsumer: '"storage_module"::""' deferred pending the module becoming reachable
LogosAPIClient: getToken for module: "modules_state"
LogosAPIClient: Found token for module: "modules_state"
[LogosObject] LogosAPIConsumer: async calling via LogosObject::callMethodAsync "note_transition"
[LogosObject] RemoteLogosObject::callMethodAsync "note_transition" args: 7
Loaded dependency (with transitive deps): "storage_module"
DEV_QML_PATH override active: <repo>/src/qml/Main.qml
RemoteTransportConnection: Connecting to registry: "local:logos_capability_module_a2c15e5b7a8d" at "16:15:51.940"
RemoteTransportConnection: Registry connect attempt started (no peer contact yet): "local:logos_capability_module_a2c15e5b7a8d"
LogosAPIConsumer: Informing module token for module: "forum_module" with token: "redacted:2062bc85…"
RemoteTransportConnection: Requesting object: "capability_module" at "16:15:51.940"
[LogosObject] RemoteTransportConnection: returning RemoteLogosObject for: "capability_module"
[LogosObject] Created RemoteLogosObject wrapping QRemoteObjectReplica 105553171010080
[LogosObject] LogosAPIConsumer: calling LogosObject::informModuleToken for "forum_module"
[LogosObject] Created RemoteLogosObject wrapping QRemoteObjectReplica 105553170873856
LogosAPIClient: getToken for module: "modules_state"
LogosAPIClient: Found token for module: "modules_state"
[LogosObject] LogosAPIConsumer: async calling via LogosObject::callMethodAsync "note_transition"
[LogosObject] RemoteLogosObject::callMethodAsync "note_transition" args: 7
LogosAPIConsumer: informModuleToken completed with result: true
[LogosObject] Destroying RemoteLogosObject 0
[2026-10-10 16:15:51.997] [warning] [logos] [capability_module] Warning: QObject::connect: No such signal ::eventResponse(QString,QVariantList)
[2026-10-10 16:15:52.000] [info] [logos] [delivery_module] DeliveryModuleImpl::getNodeInfo called with nodeInfoId: MyPeerId
[2026-10-10 16:15:52.000] [info] [logos] [delivery_module] DeliveryModuleImpl: Cannot get node info - context not initialized. Call createNode first.
[2026-10-10 16:15:52.000] [info] [logos] [delivery_module] DeliveryModuleImpl::createNode called
[2026-10-10 16:15:52.067] [info] [logos] [delivery_module] DeliveryModuleImpl: Waiting for createNode callback...
[2026-10-10 16:15:52.077] [out] [delivery_module] DBG 2026-10-10 16:15:52.076+02:00 Whether to mount storeSync is not specified, defaulting to not mounting topics="waku conf builder" tid=19718820
[2026-10-10 16:15:52.077] [out] [delivery_module] INF 2026-10-10 16:15:52.076+02:00 Sharding configuration:                    topics="waku conf builder" tid=19718820 shardingConf="(kind: AutoSharding, numShardsInCluster: 1)" subscribeShards=@[0]
[2026-10-10 16:15:52.078] [out] [delivery_module] INF 2026-10-10 16:15:52.078+02:00 Configuration: Enabled protocols           topics="waku conf" tid=19718820 relay=true rlnRelay=false store=false filter=false lightPush=false peerExchange=false rendezvous=false
[2026-10-10 16:15:52.078] [out] [delivery_module] INF 2026-10-10 16:15:52.078+02:00 Configuration. Network                     topics="waku conf" tid=19718820 cluster=42
[2026-10-10 16:15:52.078] [out] [delivery_module] DBG 2026-10-10 16:15:52.078+02:00 Configuration. Active Relay Shards         topics="waku conf" tid=19718820 shard=0
[2026-10-10 16:15:52.079] [out] [delivery_module] INF 2026-10-10 16:15:52.079+02:00 Setting up storage                         tid=19718820
[2026-10-10 16:15:52.079] [out] [delivery_module] INF 2026-10-10 16:15:52.079+02:00 Initializing node                          tid=19718820
[2026-10-10 16:15:52.082] [out] [delivery_module] INF 2026-10-10 16:15:52.082+02:00 Initializing networking                    tid=19718820 addrs=@[/ip4/127.0.0.1/tcp/52153]
[2026-10-10 16:15:52.082] [out] [delivery_module] INF 2026-10-10 16:15:52.082+02:00 Mounting protocols                         tid=19718820
[2026-10-10 16:15:52.098] [out] [delivery_module] INF 2026-10-10 16:15:52.094+02:00 Created WakuMetadata protocol              topics="waku node" tid=19718820 clusterId=42 shards="[0]"
[2026-10-10 16:15:52.103] [out] [delivery_module] INF 2026-10-10 16:15:52.098+02:00 Mounting mix protocol                      topics="waku node" tid=19718820INF 2026-10-10 16:15:52.099+02:00 node info                                  topics="waku node" tid=19718820 wakuInfo="(listenAddresses: [/ip4/127.0.0.1/tcp/52153/p2p/16Uiu2HAmVaSXzW6eVuL1atzSddK7VrP1fn8C96R5s5WdHF8JNsJY], enrUri: enr:-JS4QFVHSkNHqOv-D3zvZLhv2LdYc8otQRA4JmjgVgCalWnGJZ41DXOPbijYYNyPLHg5u0aDriEmehUPG4Fb3R3XSp8BgmlkgnY0gmlwhH8AAAGCcnOFACoBAACJc2VjcDI1NmsxoQP7bGFxdJ_pN_Tq6CaR9DX1IhuGCKOkQKHthadxRbglOYN0Y3CCy7mFd2FrdTIh, mixPubKey: none())"
[2026-10-10 16:15:52.107] [out] [delivery_module]  nodeId="(listenAddresses: [/ip4/127.0.0.1/tcp/52153/p2p/16Uiu2HAmVaSXzW6eVuL1atzSddK7VrP1fn8C96R5s5WdHF8JNsJY], enrUri: enr:-JS4QFVHSkNHqOv-D3zvZLhv2LdYc8otQRA4JmjgVgCalWnGJZ41DXOPbijYYNyPLHg5u0aDriEmehUPG4Fb3R3XSp8BgmlkgnY0gmlwhH8AAAGCcnOFACoBAACJc2VjcDI1NmsxoQP7bGFxdJ_pN_Tq6CaR9DX1IhuGCKOkQKHthadxRbglOYN0Y3CCy7mFd2FrdTIh, mixPubKey: none())"
[2026-10-10 16:15:52.107] [out] [delivery_module] INF 2026-10-10 16:15:52.106+02:00 local addr                                 topics="waku node" tid=19718820 localaddr=/ip4/127.0.0.1/tcp/52153
[2026-10-10 16:15:52.107] [out] [delivery_module] INF 2026-10-10 16:15:52.107+02:00 mixPubKey                                  topics="waku node" tid=19718820 mixPubKey="[31, 192, 207, 156, 119, 216, 139, 216, 123, 141, 27, 245, 222, 222, 175, 125, 7, 40, 58, 87, 4, 206, 22, 125, 144, 238, 165, 145, 210, 186, 51, 13]"
[2026-10-10 16:15:52.139] [out] [delivery_module] INF 2026-10-10 16:15:52.139+02:00 Using mix bootstrap nodes                  topics="waku mix" tid=19718820 entries=4 poolSize=4
[2026-10-10 16:15:52.140] [out] [delivery_module] INF 2026-10-10 16:15:52.140+02:00 mounting store client                      topics="waku node store api" tid=19718820
[2026-10-10 16:15:52.140] [out] [delivery_module] INF 2026-10-10 16:15:52.140+02:00 Mounting auto sharding                     topics="waku node" tid=19718820 clusterId=42 shardCount=1
[2026-10-10 16:15:52.140] [out] [delivery_module] DBG 2026-10-10 16:15:52.140+02:00 Setting max message size                   tid=19718820 num_bytes=153600
[2026-10-10 16:15:52.140] [out] [delivery_module] INF 2026-10-10 16:15:52.140+02:00 mounting relay protocol                    topics="waku node relay api" tid=19718820
[2026-10-10 16:15:52.140] [out] [delivery_module] DBG 2026-10-10 16:15:52.140+02:00 relay mounted successfully                 topics="waku node relay api" tid=19718820
[2026-10-10 16:15:52.140] [out] [delivery_module] DBG 2026-10-10 16:15:52.140+02:00 Adding validator to signed shards          tid=19718820 protectedShards=[] clusterId=42
[2026-10-10 16:15:52.140] [out] [delivery_module] INF 2026-10-10 16:15:52.140+02:00 mounting libp2p ping protocol              topics="waku node ping api" tid=19718820
[2026-10-10 16:15:52.140] [out] [delivery_module] INF 2026-10-10 16:15:52.140+02:00 No RLN backend configured; RLN is off      tid=19718820
[2026-10-10 16:15:52.140] [out] [delivery_module] INF 2026-10-10 16:15:52.140+02:00 mounting light push client                 topics="waku node lightpush api" tid=19718820
[2026-10-10 16:15:52.140] [out] [delivery_module] INF 2026-10-10 16:15:52.140+02:00 mounting legacy light push client          topics="waku node lightpush api" tid=19718820
[2026-10-10 16:15:52.142] [out] [delivery_module] DBG 2026-10-10 16:15:52.141+02:00 Adding peer to service slots               topics="waku node peer_manager" tid=19718820 peerId=16Uiu2...MDrBeR addr=[/ip4/127.0.0.1/tcp/52149] service=/vac/waku/lightpush/3.0.0
[2026-10-10 16:15:52.142] [out] [delivery_module] DBG 2026-10-10 16:15:52.142+02:00 Adding peer to service slots               topics="waku node peer_manager" tid=19718820 peerId=16Uiu2...MDrBeR addr=[/ip4/127.0.0.1/tcp/52149] service=/vac/waku/lightpush/2.0.0-beta1
[2026-10-10 16:15:52.143] [out] [delivery_module] INF 2026-10-10 16:15:52.142+02:00 mounting filter client                     topics="waku node filter api" tid=19718820
[2026-10-10 16:15:52.143] [out] [delivery_module] INF 2026-10-10 16:15:52.142+02:00 mounting waku peer exchange client         topics="waku node peerexchange api" tid=19718820
[2026-10-10 16:15:52.143] [out] [delivery_module] INF 2026-10-10 16:15:52.143+02:00 No external callbacks to be set            topics="wakunode waku" tid=19718820
[2026-10-10 16:15:52.143] [out] [delivery_module] INF 2026-10-10 16:15:52.143+02:00 Setting up AutonatService                  topics="libp2p autonatservice" tid=19718820
[2026-10-10 16:15:52.146] [out] [delivery_module] INF 2026-10-10 16:15:52.144+02:00 Messaging API settings                     topics="logosdelivery" tid=19718820 reliability=false anonymityLevel=Required rateLimitEnabled=false rateLimitEpochPeriodSec=600 rateLimitMessagesPerEpoch=1 maxParkedAgeSec=1800 sendQueueCapacity=1000 backfillEnabled=true backfillRequestTimeout=10s
[2026-10-10 16:15:52.150] [info] [logos] [delivery_module] DeliveryModuleImpl::createNode callback called with ret: 0
[2026-10-10 16:15:52.172] [info] [logos] [delivery_module] DeliveryModuleImpl: Delivery context created successfully
[2026-10-10 16:15:52.174] [info] [logos] [delivery_module] DeliveryModuleImpl::start called
[2026-10-10 16:15:52.174] [out] [delivery_module] INF 2026-10-10 16:15:52.174+02:00 Retrieve dynamic bootstrap nodes           topics="wakunode waku" tid=19718820
[2026-10-10 16:15:52.174] [info] [logos] [delivery_module] DeliveryModuleImpl::getNodeInfo called with nodeInfoId: MyPeerId
[2026-10-10 16:15:52.174] [out] [delivery_module] INF 2026-10-10 16:15:52.174+02:00 Running nwaku node                         tid=19718820 version=v0.39.0-g3a478e
[2026-10-10 16:15:52.175] [out] [delivery_module] INF 2026-10-10 16:15:52.174+02:00 Starting Waku node                         topics="waku node" tid=19718820 version=v0.39.0-g3a478e
[2026-10-10 16:15:52.175] [out] [delivery_module] INF 2026-10-10 16:15:52.175+02:00 Starting switch for peer                   topics="libp2p switch" tid=19718820 peerInfo="(peerId: 16Uiu2HAmVaSXzW6eVuL1atzSddK7VrP1fn8C96R5s5WdHF8JNsJY, listenAddrs: [/ip4/127.0.0.1/tcp/52153], addrs: [], protocols: [/ipfs/id/1.0.0, /libp2p/autonat/1.0.0, /libp2p/circuit/relay/0.2.0/hop, /vac/waku/metadata/1.0.0, /mix/1.0.0, /vac/waku/relay/2.0.0, /ipfs/ping/1.0.0, /vac/waku/filter-push/2.0.0-beta1], protoVersion: ipfs/0.1.0, agentVersion: logos-delivery-v0.39.0-g3a478e)"
[2026-10-10 16:15:52.175] [out] [delivery_module] INF 2026-10-10 16:15:52.175+02:00 Running AutonatService                     topics="libp2p autonatservice" tid=19718820
[2026-10-10 16:15:52.177] [out] [delivery_module] DBG 2026-10-10 16:15:52.177+02:00 ENR addresses updated                      topics="waku enr" tid=19718820 retained=1 total=1
[2026-10-10 16:15:52.177] [out] [delivery_module] INF 2026-10-10 16:15:52.177+02:00 Starting TCP transport                     topics="libp2p tcptransport" tid=19718820
[2026-10-10 16:15:52.177] [out] [delivery_module] INF 2026-10-10 16:15:52.177+02:00 Transport starting                         topics="libp2p transport" tid=19718820 addresses=[/ip4/127.0.0.1/tcp/52153]
[2026-10-10 16:15:52.177] [out] [delivery_module] DBG 2026-10-10 16:15:52.177+02:00 Transport connection acceptance started    topics="libp2p switch" tid=19718820
[2026-10-10 16:15:52.178] [out] [delivery_module] INF 2026-10-10 16:15:52.178+02:00 start                                      topics="waku relay" tid=19718820
[2026-10-10 16:15:52.178] [out] [delivery_module] INF 2026-10-10 16:15:52.178+02:00 gossipsub start                            topics="libp2p gossipsub" tid=19718820
[2026-10-10 16:15:52.179] [out] [delivery_module] INF 2026-10-10 16:15:52.179+02:00 Started libp2p node                        topics="libp2p switch" tid=19718820 peerId="(peerId: 16Uiu2HAmVaSXzW6eVuL1atzSddK7VrP1fn8C96R5s5WdHF8JNsJY, listenAddrs: [/ip4/127.0.0.1/tcp/52153], addrs: [/ip4/127.0.0.1/tcp/52153], protocols: [/ipfs/id/1.0.0, /libp2p/autonat/1.0.0, /libp2p/circuit/relay/0.2.0/hop, /vac/waku/metadata/1.0.0, /mix/1.0.0, /vac/waku/relay/2.0.0, /ipfs/ping/1.0.0, /vac/waku/filter-push/2.0.0-beta1], protoVersion: ipfs/0.1.0, agentVersion: logos-delivery-v0.39.0-g3a478e)"
[2026-10-10 16:15:52.179] [out] [delivery_module] DBG 2026-10-10 16:15:52.179+02:00 ENR addresses updated                      topics="waku enr" tid=19718820 retained=1 total=1
[2026-10-10 16:15:52.179] [out] [delivery_module] INF 2026-10-10 16:15:52.179+02:00 Announced addresses resolved               topics="waku node" tid=19718820 addrs=@[/ip4/127.0.0.1/tcp/52153]
[2026-10-10 16:15:52.179] [out] [delivery_module] INF 2026-10-10 16:15:52.179+02:00 Node started successfully                  topics="waku node" tid=19718820
[2026-10-10 16:15:52.180] [out] [delivery_module] DBG 2026-10-10 16:15:52.180+02:00 Dialing multiple peers                     tid=19718820 numOfPeers=4 nodes="@[\"/ip4/127.0.0.1/tcp/52149/p2p/16Uiu2HAm6FpXNTVbHcQfgMwP4KXBuoN4UZn9YPDshte7gTMDrBeR\", \"/ip4/127.0.0.1/tcp/52150/p2p/16Uiu2HAmKPtj545aLYgtAJrmVS2mwKHpKDNMAkg9umDruWNM1LQ5\", \"/ip4/127.0.0.1/tcp/52151/p2p/16Uiu2HAmDiUBCYdirCHm9i8rkaZbbSqfve3niUNjKVNHaycFiC9W\", \"/ip4/127.0.0.1/tcp/52152/p2p/16Uiu2HAmK2mMcE47855WK5LKWwLwvhWKoGX9poNYCG4NT6z4a29U\"]"
[2026-10-10 16:15:52.180] [out] [delivery_module] DBG 2026-10-10 16:15:52.180+02:00 Peer dial started                          topics="libp2p dialer" tid=19718820 peerId=16Uiu2...MDrBeR addresses=[/ip4/127.0.0.1/tcp/52149]
[2026-10-10 16:15:52.181] [out] [delivery_module] DBG 2026-10-10 16:15:52.181+02:00 Peer dial started                          topics="libp2p dialer" tid=19718820 peerId=16Uiu2...NM1LQ5 addresses=[/ip4/127.0.0.1/tcp/52150]
[2026-10-10 16:15:52.181] [out] [delivery_module] DBG 2026-10-10 16:15:52.181+02:00 Peer dial started                          topics="libp2p dialer" tid=19718820 peerId=16Uiu2...cFiC9W addresses=[/ip4/127.0.0.1/tcp/52151]
[2026-10-10 16:15:52.181] [out] [delivery_module] DBG 2026-10-10 16:15:52.181+02:00 Peer dial started                          topics="libp2p dialer" tid=19718820 peerId=16Uiu2...z4a29U addresses=[/ip4/127.0.0.1/tcp/52152]
[2026-10-10 16:15:52.184] [info] [logos] [delivery_module] DeliveryModuleImpl::subscribe called with contentTopic: /lp0026forum/1/general/text
[2026-10-10 16:15:52.187] [out] [delivery_module] DBG 2026-10-10 16:15:52.187+02:00 Subscribing to pubsub topic                topics="waku relay" tid=19718820 pubsubTopic=/waku/2/rs/42/0
[2026-10-10 16:15:52.189] [out] [delivery_module] DBG 2026-10-10 16:15:52.188+02:00 No mesh peer for the given pubsub topic    topics="waku relay" tid=19718820 pubsubTopic=/waku/2/rs/42/0
[2026-10-10 16:15:52.190] [info] [logos] [delivery_module] DeliveryModuleImpl: Subscribe completed for topic: /lp0026forum/1/general/text with success
[2026-10-10 16:15:52.195] [out] [delivery_module] DBG 2026-10-10 16:15:52.193+02:00 created new pubsub peer                    topics="libp2p pubsub" tid=19718820 peerId=16Uiu2...MDrBeR
[2026-10-10 16:15:52.195] [out] [delivery_module] DBG 2026-10-10 16:15:52.194+02:00 no listener registered                     tid=19718822 event=onConnectionChange
[2026-10-10 16:15:52.197] [out] [delivery_module] DBG 2026-10-10 16:15:52.196+02:00 Incoming WakuRelay connection              topics="waku relay" tid=19718820 connection=16Uiu2...MDrBeR:6aca4898c9c20c17a7f2227f protocol=/vac/waku/relay/2.0.0
[2026-10-10 16:15:52.198] [out] [delivery_module] DBG 2026-10-10 16:15:52.198+02:00 created new pubsub peer                    topics="libp2p pubsub" tid=19718820 peerId=16Uiu2...cFiC9W
[2026-10-10 16:15:52.198] [out] [delivery_module] DBG 2026-10-10 16:15:52.198+02:00 no listener registered                     tid=19718822 event=onConnectionChange
[2026-10-10 16:15:52.198] [out] [delivery_module] DBG 2026-10-10 16:15:52.198+02:00 created new pubsub peer                    topics="libp2p pubsub" tid=19718820 peerId=16Uiu2...NM1LQ5
[2026-10-10 16:15:52.198] [out] [delivery_module] DBG 2026-10-10 16:15:52.198+02:00 no listener registered                     tid=19718822 event=onConnectionChange
[2026-10-10 16:15:52.198] [out] [delivery_module] DBG 2026-10-10 16:15:52.198+02:00 Incoming WakuRelay connection              topics="waku relay" tid=19718820 connection=16Uiu2...cFiC9W:6aca4898c9c20c17a7f22283 protocol=/vac/waku/relay/2.0.0
[2026-10-10 16:15:52.198] [out] [delivery_module] DBG 2026-10-10 16:15:52.198+02:00 Incoming WakuRelay connection              topics="waku relay" tid=19718820 connection=16Uiu2...NM1LQ5:6aca4898c9c20c17a7f22285 protocol=/vac/waku/relay/2.0.0
[2026-10-10 16:15:52.199] [out] [delivery_module] DBG 2026-10-10 16:15:52.198+02:00 created new pubsub peer                    topics="libp2p pubsub" tid=19718820 peerId=16Uiu2...z4a29U
[2026-10-10 16:15:52.199] [out] [delivery_module] DBG 2026-10-10 16:15:52.199+02:00 no listener registered                     tid=19718822 event=onConnectionChange
[2026-10-10 16:15:52.199] [out] [delivery_module] DBG 2026-10-10 16:15:52.199+02:00 Incoming WakuRelay connection              topics="waku relay" tid=19718820 connection=16Uiu2...z4a29U:6aca4898c9c20c17a7f2228b protocol=/vac/waku/relay/2.0.0
[2026-10-10 16:15:52.200] [out] [delivery_module] DBG 2026-10-10 16:15:52.200+02:00 Event identified                           topics="waku node peer_manager" tid=19718820 peerId=16Uiu2...MDrBeR
[2026-10-10 16:15:52.200] [out] [delivery_module] DBG 2026-10-10 16:15:52.200+02:00 no listener registered                     tid=19718822 event=onConnectionChange
[2026-10-10 16:15:52.201] [out] [delivery_module] DBG 2026-10-10 16:15:52.201+02:00 Event identified                           topics="waku node peer_manager" tid=19718820 peerId=16Uiu2...cFiC9W
[2026-10-10 16:15:52.202] [out] [delivery_module] DBG 2026-10-10 16:15:52.202+02:00 no listener registered                     tid=19718822 event=onConnectionChange
[2026-10-10 16:15:52.203] [out] [delivery_module] DBG 2026-10-10 16:15:52.203+02:00 Event identified                           topics="waku node peer_manager" tid=19718820 peerId=16Uiu2...NM1LQ5
[2026-10-10 16:15:52.203] [out] [delivery_module] DBG 2026-10-10 16:15:52.203+02:00 no listener registered                     tid=19718822 event=onConnectionChange
[2026-10-10 16:15:52.205] [out] [delivery_module] DBG 2026-10-10 16:15:52.204+02:00 Event identified                           topics="waku node peer_manager" tid=19718820 peerId=16Uiu2...z4a29U
[2026-10-10 16:15:52.206] [out] [delivery_module] DBG 2026-10-10 16:15:52.206+02:00 no listener registered                     tid=19718822 event=onConnectionChange
[2026-10-10 16:15:52.207] [out] [delivery_module] DBG 2026-10-10 16:15:52.207+02:00 Received WakuMetadata request              topics="waku metadata" tid=19718820 remoteClusterId=ok(42) remoteShards="[0]" localClusterId=42 localShards="[0]" peer=16Uiu2...NM1LQ5
[2026-10-10 16:15:52.207] [out] [delivery_module] DBG 2026-10-10 16:15:52.207+02:00 Received WakuMetadata request              topics="waku metadata" tid=19718820 remoteClusterId=ok(42) remoteShards="[0]" localClusterId=42 localShards="[0]" peer=16Uiu2...MDrBeR
[2026-10-10 16:15:52.208] [out] [delivery_module] DBG 2026-10-10 16:15:52.207+02:00 Received WakuMetadata request              topics="waku metadata" tid=19718820 remoteClusterId=ok(42) remoteShards="[0]" localClusterId=42 localShards="[0]" peer=16Uiu2...cFiC9W
[2026-10-10 16:15:52.208] [out] [delivery_module] DBG 2026-10-10 16:15:52.208+02:00 Received WakuMetadata request              topics="waku metadata" tid=19718820 remoteClusterId=ok(42) remoteShards="[0]" localClusterId=42 localShards="[0]" peer=16Uiu2...z4a29U
[2026-10-10 16:15:52.209] [out] [delivery_module] DBG 2026-10-10 16:15:52.209+02:00 no listener registered                     tid=19718822 event=onConnectionChange
[2026-10-10 16:15:52.210] [out] [delivery_module] DBG 2026-10-10 16:15:52.210+02:00 no listener registered                     tid=19718822 event=onConnectionChange
[2026-10-10 16:15:52.210] [out] [delivery_module] DBG 2026-10-10 16:15:52.210+02:00 no listener registered                     tid=19718822 event=onConnectionChange
[2026-10-10 16:15:52.211] [out] [delivery_module] DBG 2026-10-10 16:15:52.211+02:00 no listener registered                     tid=19718822 event=onConnectionChange
[2026-10-10 16:15:52.211] [out] [delivery_module] DBG 2026-10-10 16:15:52.211+02:00 Finished dialing multiple peers            tid=19718820 successfulConns=4 attempted=4
[2026-10-10 16:15:52.211] [out] [delivery_module] DBG 2026-10-10 16:15:52.211+02:00 Starting peer exchange loop                topics="waku node peerexchange api" tid=19718820
[2026-10-10 16:15:52.211] [out] [delivery_module] DBG 2026-10-10 16:15:52.211+02:00 Retrieving peer info via peer exchange protocol topics="waku node peerexchange api" tid=19718820 amount=5
[2026-10-10 16:15:52.211] [out] [delivery_module] DBG 2026-10-10 16:15:52.211+02:00 Peer exchange request could not be made as no peer exchange peers found topics="waku peer_exchange client" tid=19718820
[2026-10-10 16:15:52.211] [out] [delivery_module] DBG 2026-10-10 16:15:52.211+02:00 Failed to retrieve peer info via peer exchange protocol topics="waku node peerexchange api" tid=19718820 error="(status_code: SERVICE_UNAVAILABLE, status_desc: ok(peer_not_found_failure))"
[2026-10-10 16:15:52.211] [out] [delivery_module] DBG 2026-10-10 16:15:52.211+02:00 Cannot fetch peers from peer exchange      topics="waku node peerexchange api" tid=19718820 cause="(status_code: SERVICE_UNAVAILABLE, status_desc: ok(peer_not_found_failure))"
[2026-10-10 16:15:52.212] [out] [delivery_module] INF 2026-10-10 16:15:52.212+02:00 Relay peer connections                     topics="waku node peer_manager" tid=19718820 inRelayConns=0/50 outRelayConns=4/25 totalConnections=4/150 notConnectedPeers=0 outsideBackoffPeers=0
[2026-10-10 16:15:52.213] [out] [delivery_module] DBG 2026-10-10 16:15:52.213+02:00 ENR addresses updated                      topics="waku enr" tid=19718820 retained=1 total=1
[2026-10-10 16:15:52.213] [out] [delivery_module] INF 2026-10-10 16:15:52.213+02:00 Node is online                             topics="waku online monitor" tid=19718820
[2026-10-10 16:15:52.213] [out] [delivery_module] INF 2026-10-10 16:15:52.213+02:00 Health monitor loop start                  tid=19718820
[2026-10-10 16:15:52.214] [out] [delivery_module] DBG 2026-10-10 16:15:52.214+02:00 calculateConnectionState                   tid=19718820 relayCount=4 storeClientCount=0 lightpushCount=4 filterCount=0
[2026-10-10 16:15:52.214] [out] [delivery_module] DBG 2026-10-10 16:15:52.214+02:00 connectionStatus change                    tid=19718820 oldstatus=Disconnected newstatus=Connected
[2026-10-10 16:15:52.214] [out] [delivery_module] INF 2026-10-10 16:15:52.214+02:00 starting keepalive                         tid=19718820 randomPeersKeepalive=10s allPeersKeepalive=2m
[2026-10-10 16:15:52.220] [out] [delivery_module] WRN 2026-10-10 16:15:52.220+02:00 Messaging persistence disabled, could not open persistency job tid=19718820 jobId=messaging reason="PersistencyError(peBackend: openBackend: open ~/Library/Application Support/Logos/LogosStandalone/module_data/delivery_module/5145dd8132c8/data/messaging.db failed: database is locked)"
[2026-10-10 16:15:52.290] [out] [delivery_module] DBG 2026-10-10 16:15:52.290+02:00 no listener registered                     tid=19718822 event=onTopicHealthChange
[2026-10-10 16:15:52.316] [out] [delivery_module] DBG 2026-10-10 16:15:52.316+02:00 calculateConnectionState                   tid=19718820 relayCount=4 storeClientCount=0 lightpushCount=4 filterCount=0
qt.qpa.fonts: Populating font family aliases took 46 ms. Replace uses of missing font family "Public Sans" with one that exists to avoid this cost. 
Loaded UI plugin: "/nix/store/wd83ygnz6jpfs1xvl899azdz7a723s4n-logos-forum_module-plugin-dir"
[QmlInspector] Inspector server listening on port 3768
[QmlInspector] Client connected from "::1"
[2026-10-10 16:15:59.514] [info] [logos] [delivery_module] DeliveryModuleImpl::send called with contentTopic: /lp0026forum/1/general/text
[2026-10-10 16:15:59.514] [out] [delivery_module] DBG 2026-10-10 16:15:59.514+02:00 SendService.send: processing delivery task topics="send service" tid=19718820 requestId=1c045ea4bf95f214452f msgHash=0x38faf05ee108182304d3d93eb223713edb6b4f477bf2b62156debf3839938c68
[2026-10-10 16:15:59.515] [out] [delivery_module] DBG 2026-10-10 16:15:59.515+02:00 Trying message delivery via Mix            topics="send service mix processor" tid=19718820 requestId=1c045ea4bf95f214452f msgHash=0x38faf05ee108182304d3d93eb223713edb6b4f477bf2b62156debf3839938c68 tryCount=1
[2026-10-10 16:15:59.515] [out] [delivery_module] DBG 2026-10-10 16:15:59.515+02:00 Publishing message with lightpush          topics="waku node lightpush api" tid=19718820 pubsubTopic=/waku/2/rs/42/0 contentTopic=/lp0026forum/1/general/text target_peer_id=16Uiu2...MDrBeR msg_hash=0x38faf05ee108182304d3d93eb223713edb6b4f477bf2b62156debf3839938c68 mixify=true
[2026-10-10 16:15:59.515] [info] [logos] [delivery_module] DeliveryModuleImpl: Send initiated for topic: /lp0026forum/1/general/text, with success, requestId: 1c045ea4bf95f214452f
[2026-10-10 16:15:59.516] [out] [delivery_module] DBG 2026-10-10 16:15:59.515+02:00 Publish                                    topics="waku lightpush client" tid=19718820 myPeerId=16Uiu2...8JNsJY peerId= msgHash=0x38faf05ee108182304d3d93eb223713edb6b4f477bf2b62156debf3839938c68 sentTime=1791641759515981824
[2026-10-10 16:15:59.516] [out] [delivery_module] DBG 2026-10-10 16:15:59.516+02:00 Destination data                           tid=19718820 destination=MixDestination[MixNode](16Uiu2HAm6FpXNTVbHcQfgMwP4KXBuoN4UZn9YPDshte7gTMDrBeR)
[2026-10-10 16:15:59.516] [out] [delivery_module] DBG 2026-10-10 16:15:59.516+02:00 Selected mix node:                         tid=19718820 indexInPath=0 peerId=16Uiu2...NM1LQ5
[2026-10-10 16:15:59.516] [out] [delivery_module] DBG 2026-10-10 16:15:59.516+02:00 Selected mix node:                         tid=19718820 indexInPath=1 peerId=16Uiu2...z4a29U
[2026-10-10 16:15:59.516] [out] [delivery_module] DBG 2026-10-10 16:15:59.516+02:00 Selected mix node:                         tid=19718820 indexInPath=2 peerId=16Uiu2...MDrBeR
[2026-10-10 16:15:59.516] [out] [delivery_module] DBG 2026-10-10 16:15:59.516+02:00 Selected mix node for surbs:               tid=19718820 indexInPath=0 peerId=16Uiu2...z4a29U
[2026-10-10 16:15:59.516] [out] [delivery_module] DBG 2026-10-10 16:15:59.516+02:00 Selected mix node for surbs:               tid=19718820 indexInPath=1 peerId=16Uiu2...NM1LQ5
[2026-10-10 16:15:59.718] [out] [delivery_module] INF 2026-10-10 16:15:59.718+02:00 Message received                           tid=19718820 msg_hash=0x38faf05ee108182304d3d93eb223713edb6b4f477bf2b62156debf3839938c68 contentTopic=/lp0026forum/1/general/text pubsubTopic=/waku/2/rs/42/0 source=live
[2026-10-10 16:15:59.808] [out] [delivery_module] DBG 2026-10-10 16:15:59.808+02:00 Message propagated via Mix                 topics="send service mix processor" tid=19718820 requestId=1c045ea4bf95f214452f msgHash=0x38faf05ee108182304d3d93eb223713edb6b4f477bf2b62156debf3839938c68
[2026-10-10 16:15:59.808] [out] [delivery_module] INF 2026-10-10 16:15:59.808+02:00 Message successfully propagated            topics="send service" tid=19718820 requestId=1c045ea4bf95f214452f msgHash=withheld
[2026-10-10 16:16:00.015] [info] [logos] [delivery_module] DeliveryModuleImpl::getNodeInfo called with nodeInfoId: MyPeerId
[QmlInspector] Client disconnected
