run-logos-standalone-ui: hot-reloading QML from <repo>/src/qml
  (export DEV_QML_PATH to override, or LOGOS_QML_HOT_RELOAD=0 to disable)
Session directory: "~/Library/Application Support/Logos/LogosStandalone"
[2026-10-04 18:05:21.077] [info] [logos] Granting host services to 'capability_module': token_registry,token_delivery
[2026-10-04 18:05:21.103] [out] [capability_module] [2026-10-04 18:05:21.102] [info] Granting host services to capability_module: ["token_registry","token_delivery"]
RemoteTransportConnection: Connecting to registry: "local:logos_capability_module_def418c39cc9" at "18:05:21.104"
RemoteTransportConnection: Registry connect attempt started (no peer contact yet): "local:logos_capability_module_def418c39cc9"
LogosAPIConsumer: Informing module token for module: "capability_module" with token: "redacted:fc9e8ec2…"
RemoteTransportConnection: Requesting object: "capability_module" at "18:05:21.104"
[LogosObject] RemoteTransportConnection: returning RemoteLogosObject for: "capability_module"
[LogosObject] Created RemoteLogosObject wrapping QRemoteObjectReplica 105553168519552
[LogosObject] LogosAPIConsumer: calling LogosObject::informModuleToken for "capability_module"
LogosAPIConsumer: informModuleToken completed with result: true
[LogosObject] Destroying RemoteLogosObject 0
[2026-10-04 18:05:21.125] [info] [logos] Module loaded: capability_module
LogosAPIConsumer: Informing module token for module: "modules_state" with token: "redacted:fc6c41b1…"
RemoteTransportConnection: Requesting object: "capability_module" at "18:05:21.153"
[LogosObject] RemoteTransportConnection: returning RemoteLogosObject for: "capability_module"
[LogosObject] Created RemoteLogosObject wrapping QRemoteObjectReplica 105553168580672
[LogosObject] LogosAPIConsumer: calling LogosObject::informModuleToken for "modules_state"
LogosAPIConsumer: informModuleToken completed with result: true
[LogosObject] Destroying RemoteLogosObject 0
[2026-10-04 18:05:21.153] [info] [logos] Module loaded: modules_state
RemoteTransportConnection: Connecting to registry: "local:logos_modules_state_def418c39cc9" at "18:05:21.154"
RemoteTransportConnection: Registry connect attempt started (no peer contact yet): "local:logos_modules_state_def418c39cc9"
RemoteTransportConnection: Connecting to registry: "local:logos_capability_module_def418c39cc9" at "18:05:21.154"
RemoteTransportConnection: Registry connect attempt started (no peer contact yet): "local:logos_capability_module_def418c39cc9"
LogosAPIConsumer: '"modules_state"::""' deferred pending the module becoming reachable
LogosAPIConsumer: '"modules_state"::""' deferred pending the module becoming reachable
Logos Core started (modules dir: "/nix/store/4v2cj5cr5dlsjb9cl0blr0cds0qf07iv-logos-forum_module-plugin-dir-modules" )
Set app icon from metadata: "/nix/store/4l3qrd5bv4sn426mb88sa3961cn6829g-logos-forum_module-plugin-dir/src/icons/icon.png"
[2026-10-04 18:05:21.189] [info] [logos] [delivery_module] DeliveryModuleImpl: Initializing...
LogosAPIConsumer: Informing module token for module: "delivery_module" with token: "redacted:4f9e03e7…"
RemoteTransportConnection: Requesting object: "capability_module" at "18:05:21.190"
[LogosObject] RemoteTransportConnection: returning RemoteLogosObject for: "capability_module"
[LogosObject] Created RemoteLogosObject wrapping QRemoteObjectReplica 105553168682336
[LogosObject] LogosAPIConsumer: calling LogosObject::informModuleToken for "delivery_module"
LogosAPIConsumer: informModuleToken completed with result: true
[LogosObject] Destroying RemoteLogosObject 0
[2026-10-04 18:05:21.192] [info] [logos] Module loaded: delivery_module
RemoteTransportConnection: Connecting to registry: "local:logos_delivery_module_def418c39cc9" at "18:05:21.193"
RemoteTransportConnection: Registry connect attempt started (no peer contact yet): "local:logos_delivery_module_def418c39cc9"
RemoteTransportConnection: Connecting to registry: "local:logos_capability_module_def418c39cc9" at "18:05:21.193"
RemoteTransportConnection: Registry connect attempt started (no peer contact yet): "local:logos_capability_module_def418c39cc9"
LogosAPIConsumer: '"delivery_module"::""' deferred pending the module becoming reachable
LogosAPIClient: getToken for module: "modules_state"
LogosAPIClient: Found token for module: "modules_state"
RemoteTransportConnection: Requesting object: "modules_state" at "18:05:21.193"
[LogosObject] RemoteTransportConnection: returning RemoteLogosObject for: "modules_state"
[LogosObject] Created RemoteLogosObject wrapping QRemoteObjectReplica 105553168585280
[LogosObject] LogosAPIConsumer: async calling via LogosObject::callMethodAsync "note_transition"
[LogosObject] RemoteLogosObject::callMethodAsync "note_transition" args: 7
LogosAPIClient: getToken for module: "modules_state"
LogosAPIClient: Found token for module: "modules_state"
[LogosObject] LogosAPIConsumer: async calling via LogosObject::callMethodAsync "note_transition"
[LogosObject] RemoteLogosObject::callMethodAsync "note_transition" args: 7
Loaded dependency (with transitive deps): "delivery_module"
[2026-10-04 18:05:21.221] [info] [logos] [storage_module] StorageModuleImpl: Initializing...
LogosAPIConsumer: Informing module token for module: "storage_module" with token: "redacted:3cb9a531…"
RemoteTransportConnection: Requesting object: "capability_module" at "18:05:21.222"
[LogosObject] Created RemoteLogosObject wrapping QRemoteObjectReplica 105553168689312
LogosAPIClient: invoking remote method "modules_state" "apply_snapshot" args_count: 1
LogosAPIClient: getToken for module: "modules_state"
LogosAPIClient: Found token for module: "modules_state"
LogosAPIConsumer: Calling invokeRemoteMethod: "modules_state" "apply_snapshot" args_count: 1 timeout: 20000
[LogosObject] LogosAPIConsumer: calling via LogosObject::callMethod "apply_snapshot"
[LogosObject] RemoteLogosObject::callMethod "apply_snapshot" args: 1
[LogosObject] Created RemoteLogosObject wrapping QRemoteObjectReplica 105553168581888
LogosAPIClient: getToken for module: "modules_state"
LogosAPIClient: Found token for module: "modules_state"
[LogosObject] LogosAPIConsumer: async calling via LogosObject::callMethodAsync "note_transition"
[LogosObject] RemoteLogosObject::callMethodAsync "note_transition" args: 7
LogosAPIClient: getToken for module: "modules_state"
LogosAPIClient: Found token for module: "modules_state"
[LogosObject] LogosAPIConsumer: async calling via LogosObject::callMethodAsync "note_transition"
[LogosObject] RemoteLogosObject::callMethodAsync "note_transition" args: 7
[2026-10-04 18:05:21.222] [info] [logos] Pushed module snapshot to modules_state
LogosAPIClient: getToken for module: "modules_state"
LogosAPIClient: Found token for module: "modules_state"
[LogosObject] LogosAPIConsumer: async calling via LogosObject::callMethodAsync "note_transition"
[LogosObject] RemoteLogosObject::callMethodAsync "note_transition" args: 7
[LogosObject] RemoteTransportConnection: returning RemoteLogosObject for: "capability_module"
[LogosObject] Created RemoteLogosObject wrapping QRemoteObjectReplica 105553168675584
[LogosObject] LogosAPIConsumer: calling LogosObject::informModuleToken for "storage_module"
LogosAPIConsumer: informModuleToken completed with result: true
[LogosObject] Destroying RemoteLogosObject 0
[2026-10-04 18:05:21.222] [info] [logos] Module loaded: storage_module
RemoteTransportConnection: Connecting to registry: "local:logos_storage_module_def418c39cc9" at "18:05:21.223"
RemoteTransportConnection: Registry connect attempt started (no peer contact yet): "local:logos_storage_module_def418c39cc9"
RemoteTransportConnection: Connecting to registry: "local:logos_capability_module_def418c39cc9" at "18:05:21.223"
RemoteTransportConnection: Registry connect attempt started (no peer contact yet): "local:logos_capability_module_def418c39cc9"
LogosAPIConsumer: '"storage_module"::""' deferred pending the module becoming reachable
LogosAPIClient: getToken for module: "modules_state"
LogosAPIClient: Found token for module: "modules_state"
[LogosObject] LogosAPIConsumer: async calling via LogosObject::callMethodAsync "note_transition"
[LogosObject] RemoteLogosObject::callMethodAsync "note_transition" args: 7
Loaded dependency (with transitive deps): "storage_module"
DEV_QML_PATH override active: <repo>/src/qml/Main.qml
RemoteTransportConnection: Connecting to registry: "local:logos_capability_module_def418c39cc9" at "18:05:21.223"
RemoteTransportConnection: Registry connect attempt started (no peer contact yet): "local:logos_capability_module_def418c39cc9"
LogosAPIConsumer: Informing module token for module: "forum_module" with token: "redacted:714b289b…"
RemoteTransportConnection: Requesting object: "capability_module" at "18:05:21.223"
[LogosObject] RemoteTransportConnection: returning RemoteLogosObject for: "capability_module"
[LogosObject] Created RemoteLogosObject wrapping QRemoteObjectReplica 105553168585792
[LogosObject] LogosAPIConsumer: calling LogosObject::informModuleToken for "forum_module"
[LogosObject] Created RemoteLogosObject wrapping QRemoteObjectReplica 105553168588768
LogosAPIClient: getToken for module: "modules_state"
LogosAPIClient: Found token for module: "modules_state"
[LogosObject] LogosAPIConsumer: async calling via LogosObject::callMethodAsync "note_transition"
[LogosObject] RemoteLogosObject::callMethodAsync "note_transition" args: 7
LogosAPIConsumer: informModuleToken completed with result: true
[LogosObject] Destroying RemoteLogosObject 0
Loaded UI plugin: "/nix/store/4l3qrd5bv4sn426mb88sa3961cn6829g-logos-forum_module-plugin-dir"
[QmlInspector] Inspector server listening on port 3769
[QmlInspector] Client connected from "::1"
[2026-10-04 18:05:28.998] [warning] [logos] [capability_module] Warning: QObject::connect: No such signal ::eventResponse(QString,QVariantList)
[2026-10-04 18:05:28.998] [info] [logos] [storage_module] StorageModuleImpl::init called
[2026-10-04 18:05:29.000] [out] [storage_module] WRN 2026-10-04 18:05:28.999+02:00 Data directory has insecure permissions. Correcting them. tid=5970554 data_dir=~/.local/share/lp0026-forum-dev/m7-storage/b-storage current_permissions=0755 required_permissions=0700
[2026-10-04 18:05:29.000] [out] [storage_module] INF 2026-10-04 18:05:29.000+02:00 Creating a private key and saving it       tid=5970554
[2026-10-04 18:05:29.000] [out] [storage_module] WRN 2026-10-04 18:05:29.000+02:00 Node has been marked with --no-bootstrap-node and will NOT be bootstrapped topics="libstorage libstoragelifecycle" tid=5970554
[2026-10-04 18:05:29.000] [out] [storage_module] INF 2026-10-04 18:05:29.000+02:00 Threadpool started                         topics="libstorage libstoragelifecycle" tid=5970554 numThreads=12
[2026-10-04 18:05:29.001] [info] [logos] [storage_module] StorageModuleImpl::start called
[2026-10-04 18:05:29.001] [out] [storage_module] WRN 2026-10-04 18:05:29.001+02:00 No key for a QueryResponse                 topics="storage repostore" tid=5970554
[2026-10-04 18:05:29.002] [out] [storage_module] NTC 2026-10-04 18:05:29.002+02:00 Started Storage node                       topics="storage node" tid=5970554 id=16U*tPKYtV addrs="[/ip4/127.0.0.1/tcp/8572]"
[QmlInspector] Client disconnected
