INF 2026-10-02 17:40:11.330+02:00 Creating a private key and saving it       tid=44030315
WRN 2026-10-02 17:40:11.330+02:00 Node has been marked with --no-bootstrap-node and will NOT be bootstrapped topics="libstorage libstoragelifecycle" tid=44030315
INF 2026-10-02 17:40:11.331+02:00 Threadpool started                         topics="libstorage libstoragelifecycle" tid=44030315 numThreads=12
WRN 2026-10-02 17:40:11.356+02:00 No key for a QueryResponse                 topics="storage repostore" tid=44030315
NTC 2026-10-02 17:40:11.356+02:00 Started Storage node                       topics="storage node" tid=44030315 id=16U*hvRwaC addrs="[/ip4/127.0.0.1/tcp/53628]"
INF 2026-10-02 17:40:11.427+02:00 Storing data                               topics="storage node" tid=44030315
INF 2026-10-02 17:40:11.428+02:00 Stored data                                topics="storage node" tid=44030315 manifestCid=zDv*BJHAHx treeCid=zDz*cwQ6fC blocks=1 datasetSize=980'NByte filename=some("corpus.txt") mimetype=some("text/plain")
WRN 2026-10-02 17:41:11.358+02:00 No key for a QueryResponse                 topics="storage repostore" tid=44030315
NTC 2026-10-02 17:41:21.548+02:00 Stopping Storage node                      topics="storage node" tid=44030315
INF 2026-10-02 17:41:21.549+02:00 Timer loop has stopped                     tid=44030315 name=maintenance
WRN 2026-10-02 17:41:21.549+02:00 Cancelled advertise task runner            topics="storage discoveryengine advertiser" tid=44030315
INF 2026-10-02 17:41:21.549+02:00 Exiting advertise task runner              topics="storage discoveryengine advertiser" tid=44030315
WRN 2026-10-02 17:41:21.549+02:00 Cancelled advertise task runner            topics="storage discoveryengine advertiser" tid=44030315
INF 2026-10-02 17:41:21.549+02:00 Exiting advertise task runner              topics="storage discoveryengine advertiser" tid=44030315
WRN 2026-10-02 17:41:21.549+02:00 Cancelled advertise task runner            topics="storage discoveryengine advertiser" tid=44030315
INF 2026-10-02 17:41:21.549+02:00 Exiting advertise task runner              topics="storage discoveryengine advertiser" tid=44030315
WRN 2026-10-02 17:41:21.549+02:00 Cancelled advertise task runner            topics="storage discoveryengine advertiser" tid=44030315
INF 2026-10-02 17:41:21.549+02:00 Exiting advertise task runner              topics="storage discoveryengine advertiser" tid=44030315
WRN 2026-10-02 17:41:21.549+02:00 Cancelled advertise task runner            topics="storage discoveryengine advertiser" tid=44030315
INF 2026-10-02 17:41:21.549+02:00 Exiting advertise task runner              topics="storage discoveryengine advertiser" tid=44030315
WRN 2026-10-02 17:41:21.549+02:00 Cancelled advertise task runner            topics="storage discoveryengine advertiser" tid=44030315
INF 2026-10-02 17:41:21.549+02:00 Exiting advertise task runner              topics="storage discoveryengine advertiser" tid=44030315
WRN 2026-10-02 17:41:21.549+02:00 Cancelled advertise local store loop       topics="storage discoveryengine advertiser" tid=44030315
INF 2026-10-02 17:41:21.549+02:00 Exiting advertise task loop                topics="storage discoveryengine advertiser" tid=44030315
WRN 2026-10-02 17:41:21.549+02:00 Cancelled advertise task runner            topics="storage discoveryengine advertiser" tid=44030315
INF 2026-10-02 17:41:21.549+02:00 Exiting advertise task runner              topics="storage discoveryengine advertiser" tid=44030315
WRN 2026-10-02 17:41:21.549+02:00 Cancelled advertise task runner            topics="storage discoveryengine advertiser" tid=44030315
INF 2026-10-02 17:41:21.549+02:00 Exiting advertise task runner              topics="storage discoveryengine advertiser" tid=44030315
WRN 2026-10-02 17:41:21.549+02:00 Cancelled advertise task runner            topics="storage discoveryengine advertiser" tid=44030315
INF 2026-10-02 17:41:21.549+02:00 Exiting advertise task runner              topics="storage discoveryengine advertiser" tid=44030315
WRN 2026-10-02 17:41:21.549+02:00 Cancelled advertise task runner            topics="storage discoveryengine advertiser" tid=44030315
INF 2026-10-02 17:41:21.549+02:00 Exiting advertise task runner              topics="storage discoveryengine advertiser" tid=44030315
