run-logos-standalone-ui: hot-reloading QML from <repo>/src/qml
  (export DEV_QML_PATH to override, or LOGOS_QML_HOT_RELOAD=0 to disable)
Session directory: "~/Library/Application Support/Logos/LogosStandalone"
[2026-10-06 14:09:26.633] [info] [logos] Granting host services to 'capability_module': token_registry,token_delivery
[2026-10-06 14:09:26.676] [out] [capability_module] [2026-10-06 14:09:26.675] [info] Granting host services to capability_module: ["token_registry","token_delivery"]
RemoteTransportConnection: Connecting to registry: "local:logos_capability_module_68e935c04f8c" at "14:09:26.680"
RemoteTransportConnection: Registry connect attempt started (no peer contact yet): "local:logos_capability_module_68e935c04f8c"
LogosAPIConsumer: Informing module token for module: "capability_module" with token: "redacted:1af6fdbb…"
RemoteTransportConnection: Requesting object: "capability_module" at "14:09:26.682"
[LogosObject] RemoteTransportConnection: returning RemoteLogosObject for: "capability_module"
[LogosObject] Created RemoteLogosObject wrapping QRemoteObjectReplica 105553167833664
[LogosObject] LogosAPIConsumer: calling LogosObject::informModuleToken for "capability_module"
LogosAPIConsumer: informModuleToken completed with result: true
[LogosObject] Destroying RemoteLogosObject 0
[2026-10-06 14:09:26.706] [info] [logos] Module loaded: capability_module
LogosAPIConsumer: Informing module token for module: "modules_state" with token: "redacted:a44c35a2…"
RemoteTransportConnection: Requesting object: "capability_module" at "14:09:26.741"
[LogosObject] RemoteTransportConnection: returning RemoteLogosObject for: "capability_module"
[LogosObject] Created RemoteLogosObject wrapping QRemoteObjectReplica 105553167841152
[LogosObject] LogosAPIConsumer: calling LogosObject::informModuleToken for "modules_state"
LogosAPIConsumer: informModuleToken completed with result: true
[LogosObject] Destroying RemoteLogosObject 0
[2026-10-06 14:09:26.741] [info] [logos] Module loaded: modules_state
RemoteTransportConnection: Connecting to registry: "local:logos_modules_state_68e935c04f8c" at "14:09:26.742"
RemoteTransportConnection: Registry connect attempt started (no peer contact yet): "local:logos_modules_state_68e935c04f8c"
RemoteTransportConnection: Connecting to registry: "local:logos_capability_module_68e935c04f8c" at "14:09:26.742"
RemoteTransportConnection: Registry connect attempt started (no peer contact yet): "local:logos_capability_module_68e935c04f8c"
LogosAPIConsumer: '"modules_state"::""' deferred pending the module becoming reachable
LogosAPIConsumer: '"modules_state"::""' deferred pending the module becoming reachable
Logos Core started (modules dir: "/nix/store/4v2cj5cr5dlsjb9cl0blr0cds0qf07iv-logos-forum_module-plugin-dir-modules" )
Set app icon from metadata: "/nix/store/2cf2rignr2kkmi3zdzsjhi0v9v7mcv58-logos-forum_module-plugin-dir/src/icons/icon.png"
[2026-10-06 14:09:26.811] [info] [logos] [delivery_module] DeliveryModuleImpl: Initializing...
LogosAPIConsumer: Informing module token for module: "delivery_module" with token: "redacted:28ed4eb6…"
RemoteTransportConnection: Requesting object: "capability_module" at "14:09:26.812"
[LogosObject] RemoteTransportConnection: returning RemoteLogosObject for: "capability_module"
[LogosObject] Created RemoteLogosObject wrapping QRemoteObjectReplica 105553167976160
[LogosObject] LogosAPIConsumer: calling LogosObject::informModuleToken for "delivery_module"
LogosAPIConsumer: informModuleToken completed with result: true
[LogosObject] Destroying RemoteLogosObject 0
[2026-10-06 14:09:26.812] [info] [logos] Module loaded: delivery_module
RemoteTransportConnection: Connecting to registry: "local:logos_delivery_module_68e935c04f8c" at "14:09:26.813"
RemoteTransportConnection: Registry connect attempt started (no peer contact yet): "local:logos_delivery_module_68e935c04f8c"
RemoteTransportConnection: Connecting to registry: "local:logos_capability_module_68e935c04f8c" at "14:09:26.813"
RemoteTransportConnection: Registry connect attempt started (no peer contact yet): "local:logos_capability_module_68e935c04f8c"
LogosAPIConsumer: '"delivery_module"::""' deferred pending the module becoming reachable
LogosAPIClient: getToken for module: "modules_state"
LogosAPIClient: Found token for module: "modules_state"
RemoteTransportConnection: Requesting object: "modules_state" at "14:09:26.813"
[LogosObject] RemoteTransportConnection: returning RemoteLogosObject for: "modules_state"
[LogosObject] Created RemoteLogosObject wrapping QRemoteObjectReplica 105553168015680
[LogosObject] LogosAPIConsumer: async calling via LogosObject::callMethodAsync "note_transition"
[LogosObject] RemoteLogosObject::callMethodAsync "note_transition" args: 7
LogosAPIClient: getToken for module: "modules_state"
LogosAPIClient: Found token for module: "modules_state"
[LogosObject] LogosAPIConsumer: async calling via LogosObject::callMethodAsync "note_transition"
[LogosObject] RemoteLogosObject::callMethodAsync "note_transition" args: 7
Loaded dependency (with transitive deps): "delivery_module"
[2026-10-06 14:09:26.851] [info] [logos] [storage_module] StorageModuleImpl: Initializing...
LogosAPIConsumer: Informing module token for module: "storage_module" with token: "redacted:4b96c030…"
RemoteTransportConnection: Requesting object: "capability_module" at "14:09:26.853"
[LogosObject] Created RemoteLogosObject wrapping QRemoteObjectReplica 105553168013472
LogosAPIClient: invoking remote method "modules_state" "apply_snapshot" args_count: 1
LogosAPIClient: getToken for module: "modules_state"
LogosAPIClient: Found token for module: "modules_state"
LogosAPIConsumer: Calling invokeRemoteMethod: "modules_state" "apply_snapshot" args_count: 1 timeout: 20000
[LogosObject] LogosAPIConsumer: calling via LogosObject::callMethod "apply_snapshot"
[LogosObject] RemoteLogosObject::callMethod "apply_snapshot" args: 1
[LogosObject] Created RemoteLogosObject wrapping QRemoteObjectReplica 105553168015424
LogosAPIClient: getToken for module: "modules_state"
LogosAPIClient: Found token for module: "modules_state"
[LogosObject] LogosAPIConsumer: async calling via LogosObject::callMethodAsync "note_transition"
[LogosObject] RemoteLogosObject::callMethodAsync "note_transition" args: 7
LogosAPIClient: getToken for module: "modules_state"
LogosAPIClient: Found token for module: "modules_state"
[LogosObject] LogosAPIConsumer: async calling via LogosObject::callMethodAsync "note_transition"
[LogosObject] RemoteLogosObject::callMethodAsync "note_transition" args: 7
[2026-10-06 14:09:26.854] [info] [logos] Pushed module snapshot to modules_state
LogosAPIClient: getToken for module: "modules_state"
LogosAPIClient: Found token for module: "modules_state"
[LogosObject] LogosAPIConsumer: async calling via LogosObject::callMethodAsync "note_transition"
[LogosObject] RemoteLogosObject::callMethodAsync "note_transition" args: 7
[LogosObject] RemoteTransportConnection: returning RemoteLogosObject for: "capability_module"
[LogosObject] Created RemoteLogosObject wrapping QRemoteObjectReplica 105553167842304
[LogosObject] LogosAPIConsumer: calling LogosObject::informModuleToken for "storage_module"
LogosAPIConsumer: informModuleToken completed with result: true
[LogosObject] Destroying RemoteLogosObject 0
[2026-10-06 14:09:26.854] [info] [logos] Module loaded: storage_module
RemoteTransportConnection: Connecting to registry: "local:logos_storage_module_68e935c04f8c" at "14:09:26.854"
RemoteTransportConnection: Registry connect attempt started (no peer contact yet): "local:logos_storage_module_68e935c04f8c"
RemoteTransportConnection: Connecting to registry: "local:logos_capability_module_68e935c04f8c" at "14:09:26.855"
RemoteTransportConnection: Registry connect attempt started (no peer contact yet): "local:logos_capability_module_68e935c04f8c"
LogosAPIConsumer: '"storage_module"::""' deferred pending the module becoming reachable
LogosAPIClient: getToken for module: "modules_state"
LogosAPIClient: Found token for module: "modules_state"
[LogosObject] LogosAPIConsumer: async calling via LogosObject::callMethodAsync "note_transition"
[LogosObject] RemoteLogosObject::callMethodAsync "note_transition" args: 7
Loaded dependency (with transitive deps): "storage_module"
DEV_QML_PATH override active: <repo>/src/qml/Main.qml
RemoteTransportConnection: Connecting to registry: "local:logos_capability_module_68e935c04f8c" at "14:09:26.855"
RemoteTransportConnection: Registry connect attempt started (no peer contact yet): "local:logos_capability_module_68e935c04f8c"
LogosAPIConsumer: Informing module token for module: "forum_module" with token: "redacted:bd5dc58c…"
RemoteTransportConnection: Requesting object: "capability_module" at "14:09:26.855"
[LogosObject] RemoteTransportConnection: returning RemoteLogosObject for: "capability_module"
[LogosObject] Created RemoteLogosObject wrapping QRemoteObjectReplica 105553167977024
[LogosObject] LogosAPIConsumer: calling LogosObject::informModuleToken for "forum_module"
[LogosObject] Created RemoteLogosObject wrapping QRemoteObjectReplica 105553167977344
LogosAPIClient: getToken for module: "modules_state"
LogosAPIClient: Found token for module: "modules_state"
[LogosObject] LogosAPIConsumer: async calling via LogosObject::callMethodAsync "note_transition"
[LogosObject] RemoteLogosObject::callMethodAsync "note_transition" args: 7
LogosAPIConsumer: informModuleToken completed with result: true
[LogosObject] Destroying RemoteLogosObject 0
Loaded UI plugin: "/nix/store/2cf2rignr2kkmi3zdzsjhi0v9v7mcv58-logos-forum_module-plugin-dir"
[QmlInspector] Inspector server listening on port 3768
[QmlInspector] Client connected from "::1"
[2026-10-06 14:09:33.565] [warning] [logos] [capability_module] Warning: QObject::connect: No such signal ::eventResponse(QString,QVariantList)
[2026-10-06 14:09:33.566] [info] [logos] [delivery_module] DeliveryModuleImpl::getNodeInfo called with nodeInfoId: MyPeerId
[2026-10-06 14:09:33.566] [info] [logos] [delivery_module] DeliveryModuleImpl: Cannot get node info - context not initialized. Call createNode first.
[2026-10-06 14:09:33.566] [info] [logos] [delivery_module] DeliveryModuleImpl::createNode called
[2026-10-06 14:09:33.641] [info] [logos] [delivery_module] DeliveryModuleImpl: Waiting for createNode callback...
[2026-10-06 14:09:33.646] [out] [delivery_module] DBG 2026-10-06 14:09:33.646+02:00 Whether to mount storeSync is not specified, defaulting to not mounting topics="waku conf builder" tid=17249254
[2026-10-06 14:09:33.646] [out] [delivery_module] NTC 2026-10-06 14:09:33.646+02:00 No node key provided, generated a new one; identity will not persist across restarts topics="waku conf builder" tid=17249254
[2026-10-06 14:09:33.646] [out] [delivery_module] INF 2026-10-06 14:09:33.646+02:00 Sharding configuration:                    topics="waku conf builder" tid=17249254 shardingConf="(kind: AutoSharding, numShardsInCluster: 8)" subscribeShards="@[0, 1, 2, 3, 4, 5, 6, 7]"
[2026-10-06 14:09:33.648] [out] [delivery_module] INF 2026-10-06 14:09:33.648+02:00 Configuration: Enabled protocols           topics="waku conf" tid=17249254 relay=true rlnRelay=false store=false filter=true lightPush=true peerExchange=true rendezvous=true
[2026-10-06 14:09:33.648] [out] [delivery_module] INF 2026-10-06 14:09:33.648+02:00 Configuration. Network                     topics="waku conf" tid=17249254 cluster=3
[2026-10-06 14:09:33.648] [out] [delivery_module] DBG 2026-10-06 14:09:33.648+02:00 Configuration. Active Relay Shards         topics="waku conf" tid=17249254 shard=0
[2026-10-06 14:09:33.648] [out] [delivery_module] DBG 2026-10-06 14:09:33.648+02:00 Configuration. Active Relay Shards         topics="waku conf" tid=17249254 shard=1
[2026-10-06 14:09:33.648] [out] [delivery_module] DBG 2026-10-06 14:09:33.648+02:00 Configuration. Active Relay Shards         topics="waku conf" tid=17249254 shard=2
[2026-10-06 14:09:33.648] [out] [delivery_module] DBG 2026-10-06 14:09:33.648+02:00 Configuration. Active Relay Shards         topics="waku conf" tid=17249254 shard=3
[2026-10-06 14:09:33.648] [out] [delivery_module] DBG 2026-10-06 14:09:33.648+02:00 Configuration. Active Relay Shards         topics="waku conf" tid=17249254 shard=4
[2026-10-06 14:09:33.648] [out] [delivery_module] DBG 2026-10-06 14:09:33.648+02:00 Configuration. Active Relay Shards         topics="waku conf" tid=17249254 shard=5
[2026-10-06 14:09:33.648] [out] [delivery_module] DBG 2026-10-06 14:09:33.648+02:00 Configuration. Active Relay Shards         topics="waku conf" tid=17249254 shard=6
[2026-10-06 14:09:33.648] [out] [delivery_module] DBG 2026-10-06 14:09:33.648+02:00 Configuration. Active Relay Shards         topics="waku conf" tid=17249254 shard=7
[2026-10-06 14:09:33.648] [out] [delivery_module] INF 2026-10-06 14:09:33.648+02:00 Setting up storage                         tid=17249254
[2026-10-06 14:09:33.648] [out] [delivery_module] INF 2026-10-06 14:09:33.648+02:00 Initializing node                          tid=17249254
[2026-10-06 14:09:33.649] [out] [delivery_module] DBG 2026-10-06 14:09:33.649+02:00 Setting up NATService                      topics="libp2p natservice" tid=17249254 portMapping=true reachability=false holePunching=false
[2026-10-06 14:09:33.649] [out] [delivery_module] INF 2026-10-06 14:09:33.649+02:00 Initializing networking                    tid=17249254 addrs="@[/ip4/0.0.0.0/tcp/0, /ip4/0.0.0.0/udp/0/quic-v1]"
[2026-10-06 14:09:33.649] [out] [delivery_module] INF 2026-10-06 14:09:33.649+02:00 Mounting protocols                         tid=17249254
[2026-10-06 14:09:33.649] [out] [delivery_module] INF 2026-10-06 14:09:33.649+02:00 Created WakuMetadata protocol              topics="waku node" tid=17249254 clusterId=3 shards="[0, 1, 2, 3, 4, 5, 6, 7]"
[2026-10-06 14:09:33.650] [out] [delivery_module] INF 2026-10-06 14:09:33.650+02:00 Mounting mix protocol                      topics="waku node" tid=17249254INF 2026-10-06 14:09:33.650+02:00 node info                                  topics="waku node" tid=17249254 wakuInfo="(listenAddresses: [/ip4/0.0.0.0/tcp/0/p2p/16Uiu2HAmEqGkdJNCEY5UTwL8pM1GLJTMBwNZCngNJBqjrsRT9qwt, /ip4/0.0.0.0/udp/0/quic-v1/p2p/16Uiu2HAmEqGkdJNCEY5UTwL8pM1GLJTMBwNZCngNJBqjrsRT9qwt], enrUri: enr:-JO4QGULW2N6quS_lJuLk1iv_jJqW4SQqAL5Iec4uMIFtgTbWTzgNfaft7B0-IrTPKKVDOVCj1FIjUlJyb4TLVFxQFABgmlkgnY0gnJzkwADCAAAAAEAAgADAAQABQAGAAeJc2VjcDI1NmsxoQMgWbpn_m8LCXDO3TPQpANgbxHaVdPCMcakT2toOFrUD4V3YWt1Mi0, mixPubKey: none())"
[2026-10-06 14:09:33.650] [out] [delivery_module]  nodeId="(listenAddresses: [/ip4/0.0.0.0/tcp/0/p2p/16Uiu2HAmEqGkdJNCEY5UTwL8pM1GLJTMBwNZCngNJBqjrsRT9qwt, /ip4/0.0.0.0/udp/0/quic-v1/p2p/16Uiu2HAmEqGkdJNCEY5UTwL8pM1GLJTMBwNZCngNJBqjrsRT9qwt], enrUri: enr:-JO4QGULW2N6quS_lJuLk1iv_jJqW4SQqAL5Iec4uMIFtgTbWTzgNfaft7B0-IrTPKKVDOVCj1FIjUlJyb4TLVFxQFABgmlkgnY0gnJzkwADCAAAAAEAAgADAAQABQAGAAeJc2VjcDI1NmsxoQMgWbpn_m8LCXDO3TPQpANgbxHaVdPCMcakT2toOFrUD4V3YWt1Mi0, mixPubKey: none())"
[2026-10-06 14:09:33.650] [out] [delivery_module] INF 2026-10-06 14:09:33.650+02:00 local addr                                 topics="waku node" tid=17249254 localaddr=/ip4/0.0.0.0/tcp/0
[2026-10-06 14:09:33.650] [out] [delivery_module] INF 2026-10-06 14:09:33.650+02:00 mixPubKey                                  topics="waku node" tid=17249254 mixPubKey="[218, 15, 12, 25, 83, 147, 47, 253, 17, 5, 228, 202, 89, 122, 188, 177, 17, 61, 167, 170, 238, 54, 212, 81, 137, 94, 206, 211, 169, 155, 210, 97]"
[2026-10-06 14:09:33.651] [out] [delivery_module] INF 2026-10-06 14:09:33.651+02:00 Using mix bootstrap nodes                  topics="waku mix" tid=17249254 entries=0 poolSize=0
[2026-10-06 14:09:33.651] [out] [delivery_module] INF 2026-10-06 14:09:33.651+02:00 Mix cannot publish yet, waiting for more mix nodes topics="waku node" tid=17249254 poolSize=0 required=4
[2026-10-06 14:09:33.653] [out] [delivery_module] INF 2026-10-06 14:09:33.653+02:00 mounting store client                      topics="waku node store api" tid=17249254
[2026-10-06 14:09:33.653] [out] [delivery_module] INF 2026-10-06 14:09:33.653+02:00 Mounting auto sharding                     topics="waku node" tid=17249254 clusterId=3 shardCount=8
[2026-10-06 14:09:33.653] [out] [delivery_module] DBG 2026-10-06 14:09:33.653+02:00 Shards created from content topics         tid=17249254 contentTopics=[] shards=[]
[2026-10-06 14:09:33.653] [out] [delivery_module] DBG 2026-10-06 14:09:33.653+02:00 Setting max message size                   tid=17249254 num_bytes=153600
[2026-10-06 14:09:33.653] [out] [delivery_module] INF 2026-10-06 14:09:33.653+02:00 mounting relay protocol                    topics="waku node relay api" tid=17249254
[2026-10-06 14:09:33.653] [out] [delivery_module] DBG 2026-10-06 14:09:33.653+02:00 relay mounted successfully                 topics="waku node relay api" tid=17249254
[2026-10-06 14:09:33.653] [out] [delivery_module] DBG 2026-10-06 14:09:33.653+02:00 Adding validator to signed shards          tid=17249254 protectedShards=[] clusterId=3
[2026-10-06 14:09:33.653] [out] [delivery_module] INF 2026-10-06 14:09:33.653+02:00 Mounting rendezvous discovery protocol     topics="waku node" tid=17249254
[2026-10-06 14:09:33.654] [out] [delivery_module] INF 2026-10-06 14:09:33.653+02:00 Waku rendezvous initialized                topics="waku node" tid=17249254 clusterId=3 shards="[0, 1, 2, 3, 4, 5, 6, 7]" capabilities="[Relay, Filter, Lightpush, Mix]" wakuPeerRecord="(peerId: 16U*RT9qwt, seqNo: 1791288573, addresses: [/ip4/0.0.0.0/tcp/0, /ip4/0.0.0.0/udp/0/quic-v1], mixKey: 0xda0f0c1953932ffd1105e4ca597abcb1113da7aaee36d451895eced3a99bd261)"
[2026-10-06 14:09:33.654] [out] [delivery_module] INF 2026-10-06 14:09:33.654+02:00 Mounting rendezvous client                 topics="waku node" tid=17249254
[2026-10-06 14:09:33.654] [out] [delivery_module] INF 2026-10-06 14:09:33.654+02:00 Waku rendezvous client initialized         topics="waku node" tid=17249254 clusterId=3
[2026-10-06 14:09:33.654] [out] [delivery_module] INF 2026-10-06 14:09:33.654+02:00 mounting libp2p ping protocol              topics="waku node ping api" tid=17249254
[2026-10-06 14:09:33.654] [out] [delivery_module] INF 2026-10-06 14:09:33.654+02:00 mounting light push                        topics="waku node lightpush api" tid=17249254
[2026-10-06 14:09:33.654] [out] [delivery_module] INF 2026-10-06 14:09:33.654+02:00 mounting lightpush with relay              topics="waku node lightpush api" tid=17249254
[2026-10-06 14:09:33.654] [out] [delivery_module] DBG 2026-10-06 14:09:33.654+02:00 lightpush mounted successfully             topics="waku node lightpush api" tid=17249254
[2026-10-06 14:09:33.654] [out] [delivery_module] INF 2026-10-06 14:09:33.654+02:00 mounting legacy light push                 topics="waku node lightpush api" tid=17249254
[2026-10-06 14:09:33.654] [out] [delivery_module] INF 2026-10-06 14:09:33.654+02:00 mounting legacy lightpush with relay       topics="waku node lightpush api" tid=17249254
[2026-10-06 14:09:33.654] [out] [delivery_module] DBG 2026-10-06 14:09:33.654+02:00 legacy lightpush mounted successfully      topics="waku node lightpush api" tid=17249254
[2026-10-06 14:09:33.654] [out] [delivery_module] INF 2026-10-06 14:09:33.654+02:00 mounting light push client                 topics="waku node lightpush api" tid=17249254
[2026-10-06 14:09:33.654] [out] [delivery_module] INF 2026-10-06 14:09:33.654+02:00 mounting legacy light push client          topics="waku node lightpush api" tid=17249254
[2026-10-06 14:09:33.654] [out] [delivery_module] INF 2026-10-06 14:09:33.654+02:00 mounting filter protocol                   topics="waku node filter api" tid=17249254
[2026-10-06 14:09:33.655] [out] [delivery_module] INF 2026-10-06 14:09:33.655+02:00 Starting filter protocol                   topics="waku filter" tid=17249254
[2026-10-06 14:09:33.655] [out] [delivery_module] DBG 2026-10-06 14:09:33.655+02:00 Starting to maintain subscriptions         topics="waku filter" tid=17249254
[2026-10-06 14:09:33.655] [out] [delivery_module] DBG 2026-10-06 14:09:33.655+02:00 Maintaining subscriptions                  topics="waku filter" tid=17249254
[2026-10-06 14:09:33.655] [out] [delivery_module] DBG 2026-10-06 14:09:33.655+02:00 Cleanup                                    topics="waku filter subscriptions" tid=17249254 currentPeerIds=[]
[2026-10-06 14:09:33.655] [out] [delivery_module] DBG 2026-10-06 14:09:33.655+02:00 After cleanup                              topics="waku filter subscriptions" tid=17249254 currentPeerIds=[]
[2026-10-06 14:09:33.655] [out] [delivery_module] INF 2026-10-06 14:09:33.655+02:00 mounting filter client                     topics="waku node filter api" tid=17249254
[2026-10-06 14:09:33.655] [out] [delivery_module] INF 2026-10-06 14:09:33.655+02:00 mounting waku peer exchange                topics="waku node peerexchange api" tid=17249254
[2026-10-06 14:09:33.655] [out] [delivery_module] INF 2026-10-06 14:09:33.655+02:00 mounting waku peer exchange client         topics="waku node peerexchange api" tid=17249254
[2026-10-06 14:09:33.655] [out] [delivery_module] INF 2026-10-06 14:09:33.655+02:00 No external callbacks to be set            topics="wakunode waku" tid=17249254
[2026-10-06 14:09:33.655] [out] [delivery_module] INF 2026-10-06 14:09:33.655+02:00 Setting up AutonatService                  topics="libp2p autonatservice" tid=17249254
[2026-10-06 14:09:33.656] [info] [logos] [delivery_module] DeliveryModuleImpl::createNode callback called with ret: 0
[2026-10-06 14:09:33.656] [info] [logos] [delivery_module] DeliveryModuleImpl: Delivery context created successfully
[2026-10-06 14:09:33.658] [info] [logos] [delivery_module] DeliveryModuleImpl::start called
[2026-10-06 14:09:33.658] [out] [delivery_module] INF 2026-10-06 14:09:33.658+02:00 Retrieve dynamic bootstrap nodes           topics="wakunode waku" tid=17249254
[2026-10-06 14:09:33.658] [out] [delivery_module] INF 2026-10-06 14:09:33.658+02:00 Running nwaku node                         tid=17249254 version=v0.39.0-gca2814
[2026-10-06 14:09:33.658] [info] [logos] [delivery_module] DeliveryModuleImpl::getNodeInfo called with nodeInfoId: MyPeerId
[2026-10-06 14:09:33.658] [out] [delivery_module] INF 2026-10-06 14:09:33.658+02:00 Starting Waku node                         topics="waku node" tid=17249254 version=v0.39.0-gca2814
[2026-10-06 14:09:33.658] [out] [delivery_module] DBG 2026-10-06 14:09:33.658+02:00 Waku rendezvous periodic requests started  topics="waku rendezvous client" tid=17249254 interval=10s
[2026-10-06 14:09:33.658] [out] [delivery_module] INF 2026-10-06 14:09:33.658+02:00 Waku rendezvous client started             topics="waku rendezvous client" tid=17249254
[2026-10-06 14:09:33.659] [out] [delivery_module] DBG 2026-10-06 14:09:33.659+02:00 starting switch for peer                   topics="libp2p switch" tid=17249254 peerInfo="(peerId: 16Uiu2HAmEqGkdJNCEY5UTwL8pM1GLJTMBwNZCngNJBqjrsRT9qwt, listenAddrs: [/ip4/0.0.0.0/tcp/0, /ip4/0.0.0.0/udp/0/quic-v1], addrs: [], protocols: [/ipfs/id/1.0.0, /libp2p/autonat/1.0.0, /libp2p/circuit/relay/0.2.0/hop, /vac/waku/metadata/1.0.0, /mix/1.0.0, /logos/service-discovery/1.0.0, /vac/waku/relay/2.0.0, /vac/waku/rendezvous/1.0.0, /ipfs/ping/1.0.0, /vac/waku/lightpush/3.0.0, /vac/waku/lightpush/2.0.0-beta1, /vac/waku/filter-subscribe/2.0.0-beta1, /vac/waku/filter-push/2.0.0-beta1, /vac/waku/peer-exchange/2.0.0-alpha1], protoVersion: ipfs/0.1.0, agentVersion: logos-delivery-v0.39.0-gca2814)"
[2026-10-06 14:09:33.659] [out] [delivery_module] DBG 2026-10-06 14:09:33.659+02:00 No private listen addresses to map; releasing any prior mappings topics="libp2p natservice" tid=17249254
[2026-10-06 14:09:33.662] [out] [delivery_module] DBG 2026-10-06 14:09:33.662+02:00 Configured QUIC UDP receive buffer         tid=17249254 requestedBytes=8388608 effectiveBytes=8388608
[2026-10-06 14:09:33.663] [out] [delivery_module] DBG 2026-10-06 14:09:33.663+02:00 About to accept incoming connection        topics="libp2p switch" tid=17249254
[2026-10-06 14:09:33.663] [out] [delivery_module] DBG 2026-10-06 14:09:33.663+02:00 About to accept incoming connection        topics="libp2p switch" tid=17249254
[2026-10-06 14:09:33.664] [out] [delivery_module] DBG 2026-10-06 14:09:33.664+02:00 No private listen addresses to map; releasing any prior mappings topics="libp2p natservice" tid=17249254
[2026-10-06 14:09:33.665] [out] [delivery_module] DBG 2026-10-06 14:09:33.665+02:00 Lookup query                               topics="kad-dht find" tid=17249254 peer=16U*NSkuby
[2026-10-06 14:09:33.666] [out] [delivery_module] DBG 2026-10-06 14:09:33.666+02:00 Dialing peer                               topics="libp2p dialer" tid=17249254 peerId=16U*NSkuby addrs="[/dns4/delivery-01.do-ams3.logos.dev.status.im/tcp/30303]"
[2026-10-06 14:09:33.666] [out] [delivery_module] DBG 2026-10-06 14:09:33.666+02:00 resolved addresses                         topics="libp2p dialer" tid=17249254 originalAddresses=/dns4/delivery-01.do-ams3.logos.dev.status.im/tcp/30303/p2p/16Uiu2HAmTUbnxLGT9JvV6mu9oPyDjqHK4Phs1VDJNUgESgNSkuby resolvedAddresses="[/dns4/delivery-01.do-ams3.logos.dev.status.im/tcp/30303/p2p/16Uiu2HAmTUbnxLGT9JvV6mu9oPyDjqHK4Phs1VDJNUgESgNSkuby]"
[2026-10-06 14:09:33.667] [out] [delivery_module] DBG 2026-10-06 14:09:33.667+02:00 Lookup query                               topics="kad-dht find" tid=17249254 peer=16U*TwqBiH
[2026-10-06 14:09:33.667] [out] [delivery_module] DBG 2026-10-06 14:09:33.667+02:00 Dialing peer                               topics="libp2p dialer" tid=17249254 peerId=16U*TwqBiH addrs="[/dns4/delivery-02.gc-us-central1-a.logos.dev.status.im/tcp/30303]"
[2026-10-06 14:09:33.667] [out] [delivery_module] DBG 2026-10-06 14:09:33.667+02:00 resolved addresses                         topics="libp2p dialer" tid=17249254 originalAddresses=/dns4/delivery-02.gc-us-central1-a.logos.dev.status.im/tcp/30303/p2p/16Uiu2HAm8Y9kgBNtjxvCnf1X6gnZJW5EGE4UwwCL3CCm55TwqBiH resolvedAddresses="[/dns4/delivery-02.gc-us-central1-a.logos.dev.status.im/tcp/30303/p2p/16Uiu2HAm8Y9kgBNtjxvCnf1X6gnZJW5EGE4UwwCL3CCm55TwqBiH]"
[2026-10-06 14:09:33.667] [out] [delivery_module] DBG 2026-10-06 14:09:33.667+02:00 Lookup query                               topics="kad-dht find" tid=17249254 peer=16U*VpJprH
[2026-10-06 14:09:33.667] [out] [delivery_module] DBG 2026-10-06 14:09:33.667+02:00 Dialing peer                               topics="libp2p dialer" tid=17249254 peerId=16U*VpJprH addrs="[/dns4/delivery-02.do-ams3.logos.dev.status.im/tcp/30303]"
[2026-10-06 14:09:33.667] [out] [delivery_module] DBG 2026-10-06 14:09:33.667+02:00 resolved addresses                         topics="libp2p dialer" tid=17249254 originalAddresses=/dns4/delivery-02.do-ams3.logos.dev.status.im/tcp/30303/p2p/16Uiu2HAmMK7PYygBtKUQ8EHp7EfaD3bCEsJrkFooK8RQ2PVpJprH resolvedAddresses="[/dns4/delivery-02.do-ams3.logos.dev.status.im/tcp/30303/p2p/16Uiu2HAmMK7PYygBtKUQ8EHp7EfaD3bCEsJrkFooK8RQ2PVpJprH]"
[2026-10-06 14:09:33.667] [out] [delivery_module] DBG 2026-10-06 14:09:33.667+02:00 Lookup query                               topics="kad-dht find" tid=17249254 peer=16U*P1S397
[2026-10-06 14:09:33.667] [out] [delivery_module] DBG 2026-10-06 14:09:33.667+02:00 Dialing peer                               topics="libp2p dialer" tid=17249254 peerId=16U*P1S397 addrs="[/dns4/delivery-01.gc-us-central1-a.logos.dev.status.im/tcp/30303]"
[2026-10-06 14:09:33.667] [out] [delivery_module] DBG 2026-10-06 14:09:33.667+02:00 resolved addresses                         topics="libp2p dialer" tid=17249254 originalAddresses=/dns4/delivery-01.gc-us-central1-a.logos.dev.status.im/tcp/30303/p2p/16Uiu2HAm4S1JYkuzDKLKQvwgAhZKs9otxXqt8SCGtB4hoJP1S397 resolvedAddresses="[/dns4/delivery-01.gc-us-central1-a.logos.dev.status.im/tcp/30303/p2p/16Uiu2HAm4S1JYkuzDKLKQvwgAhZKs9otxXqt8SCGtB4hoJP1S397]"
[2026-10-06 14:09:33.667] [out] [delivery_module] DBG 2026-10-06 14:09:33.667+02:00 Lookup query                               topics="kad-dht find" tid=17249254 peer=16U*T3UNSE
[2026-10-06 14:09:33.667] [out] [delivery_module] DBG 2026-10-06 14:09:33.667+02:00 Dialing peer                               topics="libp2p dialer" tid=17249254 peerId=16U*T3UNSE addrs="[/dns4/delivery-02.ac-cn-hongkong-c.logos.dev.status.im/tcp/30303]"
[2026-10-06 14:09:33.667] [out] [delivery_module] DBG 2026-10-06 14:09:33.667+02:00 resolved addresses                         topics="libp2p dialer" tid=17249254 originalAddresses=/dns4/delivery-02.ac-cn-hongkong-c.logos.dev.status.im/tcp/30303/p2p/16Uiu2HAkvwhGHKNry6LACrB8TmEFoCJKEX29XR5dDUzk3UT3UNSE resolvedAddresses="[/dns4/delivery-02.ac-cn-hongkong-c.logos.dev.status.im/tcp/30303/p2p/16Uiu2HAkvwhGHKNry6LACrB8TmEFoCJKEX29XR5dDUzk3UT3UNSE]"
[2026-10-06 14:09:33.667] [out] [delivery_module] DBG 2026-10-06 14:09:33.667+02:00 Lookup query                               topics="kad-dht find" tid=17249254 peer=16U*kGyuEP
[2026-10-06 14:09:33.667] [out] [delivery_module] DBG 2026-10-06 14:09:33.667+02:00 Dialing peer                               topics="libp2p dialer" tid=17249254 peerId=16U*kGyuEP addrs="[/dns4/delivery-01.ac-cn-hongkong-c.logos.dev.status.im/tcp/30303]"
[2026-10-06 14:09:33.667] [out] [delivery_module] DBG 2026-10-06 14:09:33.667+02:00 resolved addresses                         topics="libp2p dialer" tid=17249254 originalAddresses=/dns4/delivery-01.ac-cn-hongkong-c.logos.dev.status.im/tcp/30303/p2p/16Uiu2HAm8YokiNun9BkeA1ZRmhLbtNUvcwRr64F69tYj9fkGyuEP resolvedAddresses="[/dns4/delivery-01.ac-cn-hongkong-c.logos.dev.status.im/tcp/30303/p2p/16Uiu2HAm8YokiNun9BkeA1ZRmhLbtNUvcwRr64F69tYj9fkGyuEP]"
[2026-10-06 14:09:33.667] [out] [delivery_module] ERR 2026-10-06 14:09:33.667+02:00 Failed to create signed extended peer record topics="service-discovery" tid=17249254 error="no dialable address to publish yet"
[2026-10-06 14:09:33.668] [out] [delivery_module] INF 2026-10-06 14:09:33.668+02:00 Service Discovery started                  topics="service-discovery" tid=17249254
[2026-10-06 14:09:33.668] [out] [delivery_module] INF 2026-10-06 14:09:33.668+02:00 start                                      topics="waku relay" tid=17249254
[2026-10-06 14:09:33.668] [out] [delivery_module] DBG 2026-10-06 14:09:33.668+02:00 Waku rendezvous periodic registration started topics="waku rendezvous" tid=17249254 interval=10s
[2026-10-06 14:09:33.668] [out] [delivery_module] INF 2026-10-06 14:09:33.668+02:00 Waku rendezvous discovery started          topics="waku rendezvous" tid=17249254
[2026-10-06 14:09:33.668] [out] [delivery_module] DBG 2026-10-06 14:09:33.668+02:00 Started libp2p node                        topics="libp2p switch" tid=17249254 peer="(peerId: 16Uiu2HAmEqGkdJNCEY5UTwL8pM1GLJTMBwNZCngNJBqjrsRT9qwt, listenAddrs: [/ip4/0.0.0.0/tcp/56309, /ip4/0.0.0.0/udp/56768/quic-v1], addrs: [/ip4/0.0.0.0/tcp/56309, /ip4/0.0.0.0/udp/56768/quic-v1], protocols: [/ipfs/id/1.0.0, /libp2p/autonat/1.0.0, /libp2p/circuit/relay/0.2.0/hop, /vac/waku/metadata/1.0.0, /mix/1.0.0, /logos/service-discovery/1.0.0, /vac/waku/relay/2.0.0, /vac/waku/rendezvous/1.0.0, /ipfs/ping/1.0.0, /vac/waku/lightpush/3.0.0, /vac/waku/lightpush/2.0.0-beta1, /vac/waku/filter-subscribe/2.0.0-beta1, /vac/waku/filter-push/2.0.0-beta1, /vac/waku/peer-exchange/2.0.0-alpha1], protoVersion: ipfs/0.1.0, agentVersion: logos-delivery-v0.39.0-gca2814)"
[2026-10-06 14:09:33.669] [out] [delivery_module] INF 2026-10-06 14:09:33.669+02:00 Announced base resolved                    topics="waku node" tid=17249254 addrs="@[/ip4/172.20.10.14/tcp/56309, /ip4/172.20.10.14/udp/56768/quic-v1]" explicit=@[]
[2026-10-06 14:09:33.671] [info] [logos] [delivery_module] DeliveryModuleImpl::subscribe called with contentTopic: /lp0026forum/1/general/text
[2026-10-06 14:09:33.672] [out] [delivery_module] DBG 2026-10-06 14:09:33.672+02:00 Subscribing to pubsub topic                topics="waku relay" tid=17249254 pubsubTopic=/waku/2/rs/3/7
[2026-10-06 14:09:33.673] [out] [delivery_module] DBG 2026-10-06 14:09:33.673+02:00 No mesh peer for the given pubsub topic    topics="waku relay" tid=17249254 pubsubTopic=/waku/2/rs/3/7
[2026-10-06 14:09:33.673] [info] [logos] [delivery_module] DeliveryModuleImpl: Subscribe completed for topic: /lp0026forum/1/general/text with success
[2026-10-06 14:09:33.792] [out] [delivery_module] INF 2026-10-06 14:09:33.792+02:00 Using mix bootstrap nodes                  topics="waku mix" tid=17249254 entries=1 poolSize=1
[2026-10-06 14:09:33.808] [out] [delivery_module] INF 2026-10-06 14:09:33.808+02:00 Using mix bootstrap nodes                  topics="waku mix" tid=17249254 entries=1 poolSize=2
[2026-10-06 14:09:33.808] [out] [delivery_module] INF 2026-10-06 14:09:33.808+02:00 Using mix bootstrap nodes                  topics="waku mix" tid=17249254 entries=1 poolSize=3
[2026-10-06 14:09:33.808] [out] [delivery_module] INF 2026-10-06 14:09:33.808+02:00 Using mix bootstrap nodes                  topics="waku mix" tid=17249254 entries=1 poolSize=4
[2026-10-06 14:09:33.809] [out] [delivery_module] INF 2026-10-06 14:09:33.809+02:00 Using mix bootstrap nodes                  topics="waku mix" tid=17249254 entries=1 poolSize=5
[2026-10-06 14:09:33.809] [out] [delivery_module] INF 2026-10-06 14:09:33.809+02:00 Using mix bootstrap nodes                  topics="waku mix" tid=17249254 entries=1 poolSize=6
[2026-10-06 14:09:33.950] [out] [delivery_module] DBG 2026-10-06 14:09:33.950+02:00 Expanded address and hostname              topics="libp2p dialer" tid=17249254 expandedAddress=/dns4/delivery-02.do-ams3.logos.dev.status.im/tcp/30303 hostname=delivery-02.do-ams3.logos.dev.status.im resolvedAddresses="[/ip4/174.138.106.244/tcp/30303]"
[2026-10-06 14:09:33.951] [out] [delivery_module] DBG 2026-10-06 14:09:33.951+02:00 Expanded address and hostname              topics="libp2p dialer" tid=17249254 expandedAddress=/dns4/delivery-02.gc-us-central1-a.logos.dev.status.im/tcp/30303 hostname=delivery-02.gc-us-central1-a.logos.dev.status.im resolvedAddresses="[/ip4/34.123.201.25/tcp/30303]"
[2026-10-06 14:09:33.951] [out] [delivery_module] DBG 2026-10-06 14:09:33.951+02:00 Expanded address and hostname              topics="libp2p dialer" tid=17249254 expandedAddress=/dns4/delivery-02.ac-cn-hongkong-c.logos.dev.status.im/tcp/30303 hostname=delivery-02.ac-cn-hongkong-c.logos.dev.status.im resolvedAddresses="[/ip4/43.99.103.10/tcp/30303]"
[2026-10-06 14:09:33.951] [out] [delivery_module] DBG 2026-10-06 14:09:33.951+02:00 Expanded address and hostname              topics="libp2p dialer" tid=17249254 expandedAddress=/dns4/delivery-01.ac-cn-hongkong-c.logos.dev.status.im/tcp/30303 hostname=delivery-01.ac-cn-hongkong-c.logos.dev.status.im resolvedAddresses="[/ip4/47.242.130.189/tcp/30303]"
[2026-10-06 14:09:33.951] [out] [delivery_module] DBG 2026-10-06 14:09:33.951+02:00 Expanded address and hostname              topics="libp2p dialer" tid=17249254 expandedAddress=/dns4/delivery-01.gc-us-central1-a.logos.dev.status.im/tcp/30303 hostname=delivery-01.gc-us-central1-a.logos.dev.status.im resolvedAddresses="[/ip4/136.119.156.87/tcp/30303]"
[2026-10-06 14:09:33.952] [out] [delivery_module] DBG 2026-10-06 14:09:33.952+02:00 Expanded address and hostname              topics="libp2p dialer" tid=17249254 expandedAddress=/dns4/delivery-01.do-ams3.logos.dev.status.im/tcp/30303 hostname=delivery-01.do-ams3.logos.dev.status.im resolvedAddresses="[/ip4/138.68.122.137/tcp/30303]"
[2026-10-06 14:09:34.671] [out] [delivery_module] WRN 2026-10-06 14:09:34.671+02:00 NAT port mapping failed                    topics="libp2p natservice" tid=17249254 port=56309 proto=mpTcp err="plum: mapping 0 failed"
[2026-10-06 14:09:35.069] [out] [delivery_module] DBG 2026-10-06 14:09:35.069+02:00 Dial successful                            topics="libp2p dialer" tid=17249254 peerId=16U*NSkuby
[2026-10-06 14:09:35.069] [out] [delivery_module] DBG 2026-10-06 14:09:35.069+02:00 no listener registered                     tid=17249257 event=onConnectionChange
[2026-10-06 14:09:35.070] [out] [delivery_module] DBG 2026-10-06 14:09:35.069+02:00 starting sendNonHighPriorityTask           topics="libp2p pubsubpeer" tid=17249254 p=16U*NSkuby
[2026-10-06 14:09:35.070] [out] [delivery_module] DBG 2026-10-06 14:09:35.070+02:00 created new pubsub peer                    topics="libp2p pubsub" tid=17249254 peerId=16U*NSkuby
[2026-10-06 14:09:35.070] [out] [delivery_module] DBG 2026-10-06 14:09:35.070+02:00 Incoming WakuRelay connection              topics="waku relay" tid=17249254 connection=16U*NSkuby:6ac4e4ffa8babbe3a1ad0b25 protocol=/vac/waku/relay/2.0.0
[2026-10-06 14:09:35.070] [out] [delivery_module] DBG 2026-10-06 14:09:35.070+02:00 starting pubsub read loop                  topics="libp2p pubsubpeer" tid=17249254 stream=16U*NSkuby:6ac4e4ffa8babbe3a1ad0b25 peer=16U*NSkuby closed=false
[2026-10-06 14:09:35.070] [out] [delivery_module] DBG 2026-10-06 14:09:35.070+02:00 identify: info sent                        topics="libp2p identify" tid=17249254 stream=16U*NSkuby:6ac4e4ffa8babbe3a1ad0b26 info="(peerId: 16Uiu2HAmEqGkdJNCEY5UTwL8pM1GLJTMBwNZCngNJBqjrsRT9qwt, listenAddrs: [/ip4/0.0.0.0/tcp/56309, /ip4/0.0.0.0/udp/56768/quic-v1], addrs: [/ip4/0.0.0.0/tcp/56309, /ip4/0.0.0.0/udp/56768/quic-v1], protocols: [/ipfs/id/1.0.0, /libp2p/autonat/1.0.0, /libp2p/circuit/relay/0.2.0/hop, /vac/waku/metadata/1.0.0, /mix/1.0.0, /logos/service-discovery/1.0.0, /vac/waku/relay/2.0.0, /vac/waku/rendezvous/1.0.0, /ipfs/ping/1.0.0, /vac/waku/lightpush/3.0.0, /vac/waku/lightpush/2.0.0-beta1, /vac/waku/filter-subscribe/2.0.0-beta1, /vac/waku/filter-push/2.0.0-beta1, /vac/waku/peer-exchange/2.0.0-alpha1], protoVersion: ipfs/0.1.0, agentVersion: logos-delivery-v0.39.0-gca2814)"
[2026-10-06 14:09:35.111] [out] [delivery_module] DBG 2026-10-06 14:09:35.111+02:00 Dial successful                            topics="libp2p dialer" tid=17249254 peerId=16U*VpJprH
[2026-10-06 14:09:35.111] [out] [delivery_module] DBG 2026-10-06 14:09:35.111+02:00 starting sendNonHighPriorityTask           topics="libp2p pubsubpeer" tid=17249254 p=16U*VpJprH
[2026-10-06 14:09:35.111] [out] [delivery_module] DBG 2026-10-06 14:09:35.111+02:00 created new pubsub peer                    topics="libp2p pubsub" tid=17249254 peerId=16U*VpJprH
[2026-10-06 14:09:35.111] [out] [delivery_module] DBG 2026-10-06 14:09:35.111+02:00 no listener registered                     tid=17249257 event=onConnectionChange
[2026-10-06 14:09:35.111] [out] [delivery_module] DBG 2026-10-06 14:09:35.111+02:00 Incoming WakuRelay connection              topics="waku relay" tid=17249254 connection=16U*VpJprH:6ac4e4ffa8babbe3a1ad0b29 protocol=/vac/waku/relay/2.0.0
[2026-10-06 14:09:35.111] [out] [delivery_module] DBG 2026-10-06 14:09:35.111+02:00 starting pubsub read loop                  topics="libp2p pubsubpeer" tid=17249254 stream=16U*VpJprH:6ac4e4ffa8babbe3a1ad0b29 peer=16U*VpJprH closed=false
[2026-10-06 14:09:35.111] [out] [delivery_module] DBG 2026-10-06 14:09:35.111+02:00 identify: info sent                        topics="libp2p identify" tid=17249254 stream=16U*VpJprH:6ac4e4ffa8babbe3a1ad0b2a info="(peerId: 16Uiu2HAmEqGkdJNCEY5UTwL8pM1GLJTMBwNZCngNJBqjrsRT9qwt, listenAddrs: [/ip4/0.0.0.0/tcp/56309, /ip4/0.0.0.0/udp/56768/quic-v1], addrs: [/ip4/0.0.0.0/tcp/56309, /ip4/0.0.0.0/udp/56768/quic-v1], protocols: [/ipfs/id/1.0.0, /libp2p/autonat/1.0.0, /libp2p/circuit/relay/0.2.0/hop, /vac/waku/metadata/1.0.0, /mix/1.0.0, /logos/service-discovery/1.0.0, /vac/waku/relay/2.0.0, /vac/waku/rendezvous/1.0.0, /ipfs/ping/1.0.0, /vac/waku/lightpush/3.0.0, /vac/waku/lightpush/2.0.0-beta1, /vac/waku/filter-subscribe/2.0.0-beta1, /vac/waku/filter-push/2.0.0-beta1, /vac/waku/peer-exchange/2.0.0-alpha1], protoVersion: ipfs/0.1.0, agentVersion: logos-delivery-v0.39.0-gca2814)"
[2026-10-06 14:09:35.331] [out] [delivery_module] DBG 2026-10-06 14:09:35.331+02:00 identify: info received                    topics="libp2p identify" tid=17249254 stream=16U*NSkuby:6ac4e4ffa8babbe3a1ad0b28 pubkey=ok(sec...9ab7)) addresses=/ip4/138.68.122.137/tcp/30303,/ip4/138.68.122.137/udp/30303/quic-v1,/dns4/delivery-01.do-ams3.logos.dev.status.im/tcp/30303 protocols=/ipfs/id/1.0.0,/libp2p/autonat/1.0.0,/libp2p/circuit/relay/0.2.0/hop,/vac/waku/metadata/1.0.0,/mix/1.0.0,/logos/service-discovery/1.0.0,/vac/waku/store-query/3.0.0,/vac/waku/relay/2.0.0,/vac/waku/rendezvous/1.0.0,/ipfs/ping/1.0.0,/vac/waku/lightpush/3.0.0,/vac/waku/lightpush/2.0.0-beta1,/vac/waku/filter-subscribe/2.0.0-beta1,/vac/waku/filter-push/2.0.0-beta1,/vac/waku/peer-exchange/2.0.0-alpha1 observable_address=ok(/ip4/47.64.115.67/tcp/18336) proto_version=ipfs/0.1.0 agent_version=logos-delivery-v0.39.0-g890397 signedPeerRecord=None
[2026-10-06 14:09:35.332] [out] [delivery_module] DBG 2026-10-06 14:09:35.332+02:00 starting pubsub read loop                  topics="libp2p pubsubpeer" tid=17249254 stream=16U*NSkuby:6ac4e4ffa8babbe3a1ad0b27 peer=16U*NSkuby closed=false
[2026-10-06 14:09:35.333] [out] [delivery_module] DBG 2026-10-06 14:09:35.332+02:00 Event identified                           topics="waku node peer_manager" tid=17249254 peerId=16U*NSkuby
[2026-10-06 14:09:35.333] [out] [delivery_module] DBG 2026-10-06 14:09:35.333+02:00 no listener registered                     tid=17249257 event=onConnectionChange
[2026-10-06 14:09:35.339] [out] [delivery_module] DBG 2026-10-06 14:09:35.339+02:00 identify: info received                    topics="libp2p identify" tid=17249254 stream=16U*VpJprH:6ac4e4ffa8babbe3a1ad0b2c pubkey=ok(sec...7631)) addresses=/ip4/174.138.106.244/tcp/30303,/ip4/174.138.106.244/udp/30303/quic-v1,/dns4/delivery-02.do-ams3.logos.dev.status.im/tcp/30303 protocols=/ipfs/id/1.0.0,/libp2p/autonat/1.0.0,/libp2p/circuit/relay/0.2.0/hop,/vac/waku/metadata/1.0.0,/mix/1.0.0,/logos/service-discovery/1.0.0,/vac/waku/store-query/3.0.0,/vac/waku/relay/2.0.0,/vac/waku/rendezvous/1.0.0,/ipfs/ping/1.0.0,/vac/waku/lightpush/3.0.0,/vac/waku/lightpush/2.0.0-beta1,/vac/waku/filter-subscribe/2.0.0-beta1,/vac/waku/filter-push/2.0.0-beta1,/vac/waku/peer-exchange/2.0.0-alpha1 observable_address=ok(/ip4/47.64.115.67/tcp/19870) proto_version=ipfs/0.1.0 agent_version=logos-delivery-v0.39.0-g890397 signedPeerRecord=None
[2026-10-06 14:09:35.339] [out] [delivery_module] DBG 2026-10-06 14:09:35.339+02:00 starting pubsub read loop                  topics="libp2p pubsubpeer" tid=17249254 stream=16U*VpJprH:6ac4e4ffa8babbe3a1ad0b2b peer=16U*VpJprH closed=false
[2026-10-06 14:09:35.339] [out] [delivery_module] DBG 2026-10-06 14:09:35.339+02:00 Event identified                           topics="waku node peer_manager" tid=17249254 peerId=16U*VpJprH
[2026-10-06 14:09:35.340] [out] [delivery_module] DBG 2026-10-06 14:09:35.339+02:00 no listener registered                     tid=17249257 event=onConnectionChange
[2026-10-06 14:09:35.399] [out] [delivery_module] DBG 2026-10-06 14:09:35.399+02:00 Dial successful                            topics="libp2p dialer" tid=17249254 peerId=16U*TwqBiH
[2026-10-06 14:09:35.399] [out] [delivery_module] DBG 2026-10-06 14:09:35.399+02:00 starting sendNonHighPriorityTask           topics="libp2p pubsubpeer" tid=17249254 p=16U*TwqBiH
[2026-10-06 14:09:35.399] [out] [delivery_module] DBG 2026-10-06 14:09:35.399+02:00 created new pubsub peer                    topics="libp2p pubsub" tid=17249254 peerId=16U*TwqBiH
[2026-10-06 14:09:35.400] [out] [delivery_module] DBG 2026-10-06 14:09:35.400+02:00 no listener registered                     tid=17249257 event=onConnectionChange
[2026-10-06 14:09:35.400] [out] [delivery_module] DBG 2026-10-06 14:09:35.400+02:00 Incoming WakuRelay connection              topics="waku relay" tid=17249254 connection=16U*TwqBiH:6ac4e4ffa8babbe3a1ad0b35 protocol=/vac/waku/relay/2.0.0
[2026-10-06 14:09:35.400] [out] [delivery_module] DBG 2026-10-06 14:09:35.400+02:00 starting pubsub read loop                  topics="libp2p pubsubpeer" tid=17249254 stream=16U*TwqBiH:6ac4e4ffa8babbe3a1ad0b35 peer=16U*TwqBiH closed=false
[2026-10-06 14:09:35.400] [out] [delivery_module] DBG 2026-10-06 14:09:35.400+02:00 identify: info sent                        topics="libp2p identify" tid=17249254 stream=16U*TwqBiH:6ac4e4ffa8babbe3a1ad0b36 info="(peerId: 16Uiu2HAmEqGkdJNCEY5UTwL8pM1GLJTMBwNZCngNJBqjrsRT9qwt, listenAddrs: [/ip4/0.0.0.0/tcp/56309, /ip4/0.0.0.0/udp/56768/quic-v1], addrs: [/ip4/0.0.0.0/tcp/56309, /ip4/0.0.0.0/udp/56768/quic-v1], protocols: [/ipfs/id/1.0.0, /libp2p/autonat/1.0.0, /libp2p/circuit/relay/0.2.0/hop, /vac/waku/metadata/1.0.0, /mix/1.0.0, /logos/service-discovery/1.0.0, /vac/waku/relay/2.0.0, /vac/waku/rendezvous/1.0.0, /ipfs/ping/1.0.0, /vac/waku/lightpush/3.0.0, /vac/waku/lightpush/2.0.0-beta1, /vac/waku/filter-subscribe/2.0.0-beta1, /vac/waku/filter-push/2.0.0-beta1, /vac/waku/peer-exchange/2.0.0-alpha1], protoVersion: ipfs/0.1.0, agentVersion: logos-delivery-v0.39.0-gca2814)"
[2026-10-06 14:09:35.400] [out] [delivery_module] DBG 2026-10-06 14:09:35.400+02:00 Dial successful                            topics="libp2p dialer" tid=17249254 peerId=16U*P1S397
[2026-10-06 14:09:35.401] [out] [delivery_module] DBG 2026-10-06 14:09:35.401+02:00 starting sendNonHighPriorityTask           topics="libp2p pubsubpeer" tid=17249254 p=16U*P1S397
[2026-10-06 14:09:35.401] [out] [delivery_module] DBG 2026-10-06 14:09:35.401+02:00 created new pubsub peer                    topics="libp2p pubsub" tid=17249254 peerId=16U*P1S397
[2026-10-06 14:09:35.401] [out] [delivery_module] DBG 2026-10-06 14:09:35.401+02:00 no listener registered                     tid=17249257 event=onConnectionChange
[2026-10-06 14:09:35.401] [out] [delivery_module] DBG 2026-10-06 14:09:35.401+02:00 Incoming WakuRelay connection              topics="waku relay" tid=17249254 connection=16U*P1S397:6ac4e4ffa8babbe3a1ad0b39 protocol=/vac/waku/relay/2.0.0
[2026-10-06 14:09:35.401] [out] [delivery_module] DBG 2026-10-06 14:09:35.401+02:00 starting pubsub read loop                  topics="libp2p pubsubpeer" tid=17249254 stream=16U*P1S397:6ac4e4ffa8babbe3a1ad0b39 peer=16U*P1S397 closed=false
[2026-10-06 14:09:35.401] [out] [delivery_module] DBG 2026-10-06 14:09:35.401+02:00 identify: info sent                        topics="libp2p identify" tid=17249254 stream=16U*P1S397:6ac4e4ffa8babbe3a1ad0b3a info="(peerId: 16Uiu2HAmEqGkdJNCEY5UTwL8pM1GLJTMBwNZCngNJBqjrsRT9qwt, listenAddrs: [/ip4/0.0.0.0/tcp/56309, /ip4/0.0.0.0/udp/56768/quic-v1], addrs: [/ip4/0.0.0.0/tcp/56309, /ip4/0.0.0.0/udp/56768/quic-v1], protocols: [/ipfs/id/1.0.0, /libp2p/autonat/1.0.0, /libp2p/circuit/relay/0.2.0/hop, /vac/waku/metadata/1.0.0, /mix/1.0.0, /logos/service-discovery/1.0.0, /vac/waku/relay/2.0.0, /vac/waku/rendezvous/1.0.0, /ipfs/ping/1.0.0, /vac/waku/lightpush/3.0.0, /vac/waku/lightpush/2.0.0-beta1, /vac/waku/filter-subscribe/2.0.0-beta1, /vac/waku/filter-push/2.0.0-beta1, /vac/waku/peer-exchange/2.0.0-alpha1], protoVersion: ipfs/0.1.0, agentVersion: logos-delivery-v0.39.0-gca2814)"
[2026-10-06 14:09:35.507] [out] [delivery_module] DBG 2026-10-06 14:09:35.507+02:00 Received WakuMetadata request              topics="waku metadata" tid=17249254 remoteClusterId=ok(3) remoteShards="[5, 0, 2, 1, 4, 7, 3, 6]" localClusterId=3 localShards="[7]" peer=16U*NSkuby
[2026-10-06 14:09:35.569] [out] [delivery_module] DBG 2026-10-06 14:09:35.569+02:00 Received WakuMetadata request              topics="waku metadata" tid=17249254 remoteClusterId=ok(3) remoteShards="[5, 0, 2, 1, 4, 7, 3, 6]" localClusterId=3 localShards="[7]" peer=16U*VpJprH
[2026-10-06 14:09:35.598] [out] [delivery_module] DBG 2026-10-06 14:09:35.598+02:00 Dial successful                            topics="libp2p dialer" tid=17249254 peerId=16U*kGyuEP
[2026-10-06 14:09:35.599] [out] [delivery_module] DBG 2026-10-06 14:09:35.599+02:00 Dial successful                            topics="libp2p dialer" tid=17249254 peerId=16U*T3UNSE
[2026-10-06 14:09:35.599] [out] [delivery_module] DBG 2026-10-06 14:09:35.599+02:00 starting sendNonHighPriorityTask           topics="libp2p pubsubpeer" tid=17249254 p=16U*kGyuEP
[2026-10-06 14:09:35.599] [out] [delivery_module] DBG 2026-10-06 14:09:35.599+02:00 created new pubsub peer                    topics="libp2p pubsub" tid=17249254 peerId=16U*kGyuEP
[2026-10-06 14:09:35.599] [out] [delivery_module] DBG 2026-10-06 14:09:35.599+02:00 no listener registered                     tid=17249257 event=onConnectionChange
[2026-10-06 14:09:35.599] [out] [delivery_module] DBG 2026-10-06 14:09:35.599+02:00 starting sendNonHighPriorityTask           topics="libp2p pubsubpeer" tid=17249254 p=16U*T3UNSE
[2026-10-06 14:09:35.599] [out] [delivery_module] DBG 2026-10-06 14:09:35.599+02:00 created new pubsub peer                    topics="libp2p pubsub" tid=17249254 peerId=16U*T3UNSE
[2026-10-06 14:09:35.599] [out] [delivery_module] DBG 2026-10-06 14:09:35.599+02:00 no listener registered                     tid=17249257 event=onConnectionChange
[2026-10-06 14:09:35.600] [out] [delivery_module] DBG 2026-10-06 14:09:35.600+02:00 Incoming WakuRelay connection              topics="waku relay" tid=17249254 connection=16U*T3UNSE:6ac4e4ffa8babbe3a1ad0b3d protocol=/vac/waku/relay/2.0.0
[2026-10-06 14:09:35.600] [out] [delivery_module] DBG 2026-10-06 14:09:35.600+02:00 starting pubsub read loop                  topics="libp2p pubsubpeer" tid=17249254 stream=16U*T3UNSE:6ac4e4ffa8babbe3a1ad0b3d peer=16U*T3UNSE closed=false
[2026-10-06 14:09:35.624] [out] [delivery_module] DBG 2026-10-06 14:09:35.624+02:00 Incoming WakuRelay connection              topics="waku relay" tid=17249254 connection=16U*kGyuEP:6ac4e4ffa8babbe3a1ad0b42 protocol=/vac/waku/relay/2.0.0
[2026-10-06 14:09:35.624] [out] [delivery_module] DBG 2026-10-06 14:09:35.624+02:00 starting pubsub read loop                  topics="libp2p pubsubpeer" tid=17249254 stream=16U*kGyuEP:6ac4e4ffa8babbe3a1ad0b42 peer=16U*kGyuEP closed=false
[2026-10-06 14:09:35.624] [out] [delivery_module] DBG 2026-10-06 14:09:35.624+02:00 identify: info sent                        topics="libp2p identify" tid=17249254 stream=16U*kGyuEP:6ac4e4ffa8babbe3a1ad0b43 info="(peerId: 16Uiu2HAmEqGkdJNCEY5UTwL8pM1GLJTMBwNZCngNJBqjrsRT9qwt, listenAddrs: [/ip4/0.0.0.0/tcp/56309, /ip4/0.0.0.0/udp/56768/quic-v1], addrs: [/ip4/0.0.0.0/tcp/56309, /ip4/0.0.0.0/udp/56768/quic-v1], protocols: [/ipfs/id/1.0.0, /libp2p/autonat/1.0.0, /libp2p/circuit/relay/0.2.0/hop, /vac/waku/metadata/1.0.0, /mix/1.0.0, /logos/service-discovery/1.0.0, /vac/waku/relay/2.0.0, /vac/waku/rendezvous/1.0.0, /ipfs/ping/1.0.0, /vac/waku/lightpush/3.0.0, /vac/waku/lightpush/2.0.0-beta1, /vac/waku/filter-subscribe/2.0.0-beta1, /vac/waku/filter-push/2.0.0-beta1, /vac/waku/peer-exchange/2.0.0-alpha1], protoVersion: ipfs/0.1.0, agentVersion: logos-delivery-v0.39.0-gca2814)"
[2026-10-06 14:09:35.624] [out] [delivery_module] DBG 2026-10-06 14:09:35.624+02:00 identify: info sent                        topics="libp2p identify" tid=17249254 stream=16U*T3UNSE:6ac4e4ffa8babbe3a1ad0b44 info="(peerId: 16Uiu2HAmEqGkdJNCEY5UTwL8pM1GLJTMBwNZCngNJBqjrsRT9qwt, listenAddrs: [/ip4/0.0.0.0/tcp/56309, /ip4/0.0.0.0/udp/56768/quic-v1], addrs: [/ip4/0.0.0.0/tcp/56309, /ip4/0.0.0.0/udp/56768/quic-v1], protocols: [/ipfs/id/1.0.0, /libp2p/autonat/1.0.0, /libp2p/circuit/relay/0.2.0/hop, /vac/waku/metadata/1.0.0, /mix/1.0.0, /logos/service-discovery/1.0.0, /vac/waku/relay/2.0.0, /vac/waku/rendezvous/1.0.0, /ipfs/ping/1.0.0, /vac/waku/lightpush/3.0.0, /vac/waku/lightpush/2.0.0-beta1, /vac/waku/filter-subscribe/2.0.0-beta1, /vac/waku/filter-push/2.0.0-beta1, /vac/waku/peer-exchange/2.0.0-alpha1], protoVersion: ipfs/0.1.0, agentVersion: logos-delivery-v0.39.0-gca2814)"
[2026-10-06 14:09:35.624] [out] [delivery_module] DBG 2026-10-06 14:09:35.624+02:00 no listener registered                     tid=17249257 event=onConnectionChange
[2026-10-06 14:09:35.664] [out] [delivery_module] DBG 2026-10-06 14:09:35.664+02:00 no listener registered                     tid=17249257 event=onConnectionChange
[2026-10-06 14:09:35.683] [out] [delivery_module] DBG 2026-10-06 14:09:35.682+02:00 identify: info received                    topics="libp2p identify" tid=17249254 stream=16U*TwqBiH:6ac4e4ffa8babbe3a1ad0b38 pubkey=ok(sec...fed6)) addresses=/ip4/34.123.201.25/tcp/30303,/ip4/34.123.201.25/udp/30303/quic-v1,/dns4/delivery-02.gc-us-central1-a.logos.dev.status.im/tcp/30303 protocols=/ipfs/id/1.0.0,/libp2p/autonat/1.0.0,/libp2p/circuit/relay/0.2.0/hop,/vac/waku/metadata/1.0.0,/mix/1.0.0,/logos/service-discovery/1.0.0,/vac/waku/store-query/3.0.0,/vac/waku/relay/2.0.0,/vac/waku/rendezvous/1.0.0,/ipfs/ping/1.0.0,/vac/waku/lightpush/3.0.0,/vac/waku/lightpush/2.0.0-beta1,/vac/waku/filter-subscribe/2.0.0-beta1,/vac/waku/filter-push/2.0.0-beta1,/vac/waku/peer-exchange/2.0.0-alpha1 observable_address=ok(/ip4/47.64.115.67/tcp/20791) proto_version=ipfs/0.1.0 agent_version=logos-delivery-v0.39.0-g890397 signedPeerRecord=None
[2026-10-06 14:09:35.684] [out] [delivery_module] DBG 2026-10-06 14:09:35.683+02:00 starting pubsub read loop                  topics="libp2p pubsubpeer" tid=17249254 stream=16U*TwqBiH:6ac4e4ffa8babbe3a1ad0b37 peer=16U*TwqBiH closed=false
[2026-10-06 14:09:35.684] [out] [delivery_module] DBG 2026-10-06 14:09:35.684+02:00 Event identified                           topics="waku node peer_manager" tid=17249254 peerId=16U*TwqBiH
[2026-10-06 14:09:35.684] [out] [delivery_module] DBG 2026-10-06 14:09:35.684+02:00 no listener registered                     tid=17249257 event=onConnectionChange
[2026-10-06 14:09:35.710] [out] [delivery_module] DBG 2026-10-06 14:09:35.710+02:00 identify: info received                    topics="libp2p identify" tid=17249254 stream=16U*P1S397:6ac4e4ffa8babbe3a1ad0b3c pubkey=ok(sec...97dc)) addresses=/ip4/136.119.156.87/tcp/30303,/ip4/136.119.156.87/udp/30303/quic-v1,/dns4/delivery-01.gc-us-central1-a.logos.dev.status.im/tcp/30303 protocols=/ipfs/id/1.0.0,/libp2p/autonat/1.0.0,/libp2p/circuit/relay/0.2.0/hop,/vac/waku/metadata/1.0.0,/mix/1.0.0,/logos/service-discovery/1.0.0,/vac/waku/store-query/3.0.0,/vac/waku/relay/2.0.0,/vac/waku/rendezvous/1.0.0,/ipfs/ping/1.0.0,/vac/waku/lightpush/3.0.0,/vac/waku/lightpush/2.0.0-beta1,/vac/waku/filter-subscribe/2.0.0-beta1,/vac/waku/filter-push/2.0.0-beta1,/vac/waku/peer-exchange/2.0.0-alpha1 observable_address=ok(/ip4/47.64.115.67/tcp/21358) proto_version=ipfs/0.1.0 agent_version=logos-delivery-v0.39.0-g890397 signedPeerRecord=None
[2026-10-06 14:09:35.710] [out] [delivery_module] DBG 2026-10-06 14:09:35.710+02:00 starting pubsub read loop                  topics="libp2p pubsubpeer" tid=17249254 stream=16U*P1S397:6ac4e4ffa8babbe3a1ad0b3b peer=16U*P1S397 closed=false
[2026-10-06 14:09:35.710] [out] [delivery_module] DBG 2026-10-06 14:09:35.710+02:00 Event identified                           topics="waku node peer_manager" tid=17249254 peerId=16U*P1S397
[2026-10-06 14:09:35.710] [out] [delivery_module] DBG 2026-10-06 14:09:35.710+02:00 no listener registered                     tid=17249257 event=onConnectionChange
[2026-10-06 14:09:35.908] [out] [delivery_module] DBG 2026-10-06 14:09:35.908+02:00 identify: info received                    topics="libp2p identify" tid=17249254 stream=16U*T3UNSE:6ac4e4ffa8babbe3a1ad0b41 pubkey=ok(sec...6d2a)) addresses=/ip4/43.99.103.10/tcp/30303,/ip4/43.99.103.10/udp/30303/quic-v1,/dns4/delivery-02.ac-cn-hongkong-c.logos.dev.status.im/tcp/30303 protocols=/ipfs/id/1.0.0,/libp2p/autonat/1.0.0,/libp2p/circuit/relay/0.2.0/hop,/vac/waku/metadata/1.0.0,/mix/1.0.0,/logos/service-discovery/1.0.0,/vac/waku/store-query/3.0.0,/vac/waku/relay/2.0.0,/vac/waku/rendezvous/1.0.0,/ipfs/ping/1.0.0,/vac/waku/lightpush/3.0.0,/vac/waku/lightpush/2.0.0-beta1,/vac/waku/filter-subscribe/2.0.0-beta1,/vac/waku/filter-push/2.0.0-beta1,/vac/waku/peer-exchange/2.0.0-alpha1 observable_address=ok(/ip4/47.64.115.67/tcp/28395) proto_version=ipfs/0.1.0 agent_version=logos-delivery-v0.39.0-g890397 signedPeerRecord=None
[2026-10-06 14:09:35.909] [out] [delivery_module] DBG 2026-10-06 14:09:35.909+02:00 starting pubsub read loop                  topics="libp2p pubsubpeer" tid=17249254 stream=16U*T3UNSE:6ac4e4ffa8babbe3a1ad0b40 peer=16U*T3UNSE closed=false
[2026-10-06 14:09:35.909] [out] [delivery_module] DBG 2026-10-06 14:09:35.909+02:00 Event identified                           topics="waku node peer_manager" tid=17249254 peerId=16U*T3UNSE
[2026-10-06 14:09:35.909] [out] [delivery_module] DBG 2026-10-06 14:09:35.909+02:00 no listener registered                     tid=17249257 event=onConnectionChange
[2026-10-06 14:09:35.943] [out] [delivery_module] DBG 2026-10-06 14:09:35.943+02:00 starting pubsub read loop                  topics="libp2p pubsubpeer" tid=17249254 stream=16U*kGyuEP:6ac4e4ffa8babbe3a1ad0b3e peer=16U*kGyuEP closed=false
[2026-10-06 14:09:36.021] [out] [delivery_module] DBG 2026-10-06 14:09:36.021+02:00 identify: info received                    topics="libp2p identify" tid=17249254 stream=16U*kGyuEP:6ac4e4ffa8babbe3a1ad0b3f pubkey=ok(sec...c56e)) addresses=/ip4/47.242.130.189/tcp/30303,/ip4/47.242.130.189/udp/30303/quic-v1,/dns4/delivery-01.ac-cn-hongkong-c.logos.dev.status.im/tcp/30303 protocols=/ipfs/id/1.0.0,/libp2p/autonat/1.0.0,/libp2p/circuit/relay/0.2.0/hop,/vac/waku/metadata/1.0.0,/mix/1.0.0,/logos/service-discovery/1.0.0,/vac/waku/store-query/3.0.0,/vac/waku/relay/2.0.0,/vac/waku/rendezvous/1.0.0,/ipfs/ping/1.0.0,/vac/waku/lightpush/3.0.0,/vac/waku/lightpush/2.0.0-beta1,/vac/waku/filter-subscribe/2.0.0-beta1,/vac/waku/filter-push/2.0.0-beta1,/vac/waku/peer-exchange/2.0.0-alpha1 observable_address=ok(/ip4/47.64.115.67/tcp/18805) proto_version=ipfs/0.1.0 agent_version=logos-delivery-v0.39.0-g890397 signedPeerRecord=None
[2026-10-06 14:09:36.021] [out] [delivery_module] DBG 2026-10-06 14:09:36.021+02:00 Received WakuMetadata request              topics="waku metadata" tid=17249254 remoteClusterId=ok(3) remoteShards="[5, 0, 2, 1, 4, 7, 3, 6]" localClusterId=3 localShards="[7]" peer=16U*TwqBiH
[2026-10-06 14:09:36.022] [out] [delivery_module] DBG 2026-10-06 14:09:36.022+02:00 Received WakuMetadata request              topics="waku metadata" tid=17249254 remoteClusterId=ok(3) remoteShards="[5, 0, 2, 1, 4, 7, 3, 6]" localClusterId=3 localShards="[7]" peer=16U*P1S397
[2026-10-06 14:09:36.022] [out] [delivery_module] DBG 2026-10-06 14:09:36.022+02:00 Event identified                           topics="waku node peer_manager" tid=17249254 peerId=16U*kGyuEP
[2026-10-06 14:09:36.022] [out] [delivery_module] DBG 2026-10-06 14:09:36.022+02:00 no listener registered                     tid=17249257 event=onConnectionChange
[2026-10-06 14:09:36.143] [out] [delivery_module] DBG 2026-10-06 14:09:36.143+02:00 Dialing peer                               topics="libp2p dialer" tid=17249254 peerId=16U*7ZEp3L addrs="[/ip4/192.168.1.3/udp/56395/quic-v1, /ip4/192.168.1.3/tcp/49737]"
[2026-10-06 14:09:36.143] [out] [delivery_module] DBG 2026-10-06 14:09:36.143+02:00 Expanded address and hostname              topics="libp2p dialer" tid=17249254 expandedAddress=/ip4/192.168.1.3/udp/56395/quic-v1 hostname=192.168.1.3 resolvedAddresses="[/ip4/192.168.1.3/udp/56395/quic-v1]"
[2026-10-06 14:09:36.143] [out] [delivery_module] DBG 2026-10-06 14:09:36.143+02:00 New connection established: client         tid=17249254
[2026-10-06 14:09:36.144] [out] [delivery_module] DBG 2026-10-06 14:09:36.144+02:00 Lookup query                               topics="kad-dht find" tid=17249254 peer=16U*7ZEp3L
[2026-10-06 14:09:36.433] [out] [delivery_module] DBG 2026-10-06 14:09:36.433+02:00 no listener registered                     tid=17249257 event=onConnectionChange
[2026-10-06 14:09:36.433] [out] [delivery_module] DBG 2026-10-06 14:09:36.433+02:00 no listener registered                     tid=17249257 event=onConnectionChange
[2026-10-06 14:09:36.639] [out] [delivery_module] DBG 2026-10-06 14:09:36.639+02:00 Received WakuMetadata request              topics="waku metadata" tid=17249254 remoteClusterId=ok(3) remoteShards="[5, 0, 2, 1, 4, 7, 3, 6]" localClusterId=3 localShards="[7]" peer=16U*kGyuEP
[2026-10-06 14:09:36.639] [out] [delivery_module] DBG 2026-10-06 14:09:36.639+02:00 Received WakuMetadata request              topics="waku metadata" tid=17249254 remoteClusterId=ok(3) remoteShards="[5, 0, 2, 1, 4, 7, 3, 6]" localClusterId=3 localShards="[7]" peer=16U*T3UNSE
[2026-10-06 14:09:36.643] [out] [delivery_module] DBG 2026-10-06 14:09:36.643+02:00 no listener registered                     tid=17249257 event=onConnectionChange
[2026-10-06 14:09:36.674] [out] [delivery_module] WRN 2026-10-06 14:09:36.674+02:00 NAT port mapping failed                    topics="libp2p natservice" tid=17249254 port=56768 proto=mpUdp err="plum: mapping 0 failed"
[2026-10-06 14:09:36.674] [out] [delivery_module] INF 2026-10-06 14:09:36.674+02:00 Mix self hop set                           topics="waku node" tid=17249254 hop=/ip4/172.20.10.14/tcp/56309 before=/ip4/0.0.0.0/tcp/0
[2026-10-06 14:09:36.674] [out] [delivery_module] DBG 2026-10-06 14:09:36.674+02:00 ENR addresses updated                      topics="waku enr" tid=17249254 retained=0 total=0
[2026-10-06 14:09:36.674] [out] [delivery_module] DBG 2026-10-06 14:09:36.674+02:00 ENR addresses updated                      topics="waku enr" tid=17249254 retained=0 total=0
[2026-10-06 14:09:36.675] [out] [delivery_module] INF 2026-10-06 14:09:36.674+02:00 Found previous WakuRelay peers. Reconnecting. topics="waku node" tid=17249254
[2026-10-06 14:09:36.675] [out] [delivery_module] DBG 2026-10-06 14:09:36.674+02:00 Reconnecting peers                         topics="waku node peer_manager" tid=17249254 proto=/vac/waku/relay/2.0.0
[2026-10-06 14:09:36.676] [out] [delivery_module] INF 2026-10-06 14:09:36.676+02:00 Random kademlia lookups disabled           topics="waku service discovery" tid=17249254
[2026-10-06 14:09:36.676] [out] [delivery_module] DBG 2026-10-06 14:09:36.676+02:00 Periodic service lookup started            topics="waku service discovery" tid=17249254 interval=1m services={}
[2026-10-06 14:09:36.676] [out] [delivery_module] INF 2026-10-06 14:09:36.676+02:00 Kademlia discovery started                 topics="waku service discovery" tid=17249254
[2026-10-06 14:09:36.676] [out] [delivery_module] INF 2026-10-06 14:09:36.676+02:00 Discovery ENR initialized                  topics="eth p2p discv5" tid=17249254 enrAutoUpdate=false seqNum=4 ip=none() tcpPort=none() udpPort=none() customEnrFields=@[] uri=enr:-Ka4QPjYi9on1OpE04wsfuY-BnNt2Gc2r55yL8eXahibtMHkRwPQwLRwfDLWO5xSbo8xs6uaF5xAjhpfYK-Ij5YPjngEgmlkgnY0im11bHRpYWRkcnOAgnJzkwADCAAAAAEAAgADAAQABQAGAAeJc2VjcDI1NmsxoQMgWbpn_m8LCXDO3TPQpANgbxHaVdPCMcakT2toOFrUD4N0Y3CC2_WFd2FrdTIt
[2026-10-06 14:09:36.676] [out] [delivery_module] WRN 2026-10-06 14:09:36.676+02:00 No external IP provided for the ENR, this node will not be discoverable topics="eth p2p discv5" tid=17249254
[2026-10-06 14:09:36.676] [out] [delivery_module] DBG 2026-10-06 14:09:36.676+02:00 peer filtering updated                     topics="waku discv5" tid=17249254
[2026-10-06 14:09:36.676] [out] [delivery_module] INF 2026-10-06 14:09:36.676+02:00 Starting discovery v5 service              topics="waku discv5" tid=17249254
[2026-10-06 14:09:36.676] [out] [delivery_module] INF 2026-10-06 14:09:36.676+02:00 Start listening on udp port                topics="waku discv5" tid=17249254 address=0.0.0.0 port=51210
[2026-10-06 14:09:36.676] [out] [delivery_module] INF 2026-10-06 14:09:36.676+02:00 Starting discovery node                    topics="eth p2p discv5" tid=17249254 node=1f*1d3e44:unaddressable bindAddress=0.0.0.0:51210
[2026-10-06 14:09:36.677] [out] [delivery_module] DBG 2026-10-06 14:09:36.677+02:00 Total nodes in routing table after populate topics="eth p2p discv5" tid=17249254 total=0
[2026-10-06 14:09:36.677] [out] [delivery_module] DBG 2026-10-06 14:09:36.677+02:00 Starting discovery v5 search               topics="waku discv5" tid=17249254
[2026-10-06 14:09:36.677] [out] [delivery_module] DBG 2026-10-06 14:09:36.677+02:00 Successfully started discovery v5 service  topics="waku discv5" tid=17249254
[2026-10-06 14:09:36.677] [out] [delivery_module] INF 2026-10-06 14:09:36.677+02:00 Discv5: discoverable ENR                   topics="waku discv5" tid=17249254 enrUri=enr:-Ka4QPjYi9on1OpE04wsfuY-BnNt2Gc2r55yL8eXahibtMHkRwPQwLRwfDLWO5xSbo8xs6uaF5xAjhpfYK-Ij5YPjngEgmlkgnY0im11bHRpYWRkcnOAgnJzkwADCAAAAAEAAgADAAQABQAGAAeJc2VjcDI1NmsxoQMgWbpn_m8LCXDO3TPQpANgbxHaVdPCMcakT2toOFrUD4N0Y3CC2_WFd2FrdTIt enr="(4, id: \"v4\", multiaddrs: 0x, rs: 0x00030800000001000200030004000500060007, secp256k1: 0x032059BA67FE6F0B0970CEDD33D0A403606F11DA55D3C231C6A44F6B68385AD40F, tcp: 56309, waku2: 0x2D)"
[2026-10-06 14:09:36.677] [out] [delivery_module] INF 2026-10-06 14:09:36.677+02:00 Node started successfully                  topics="waku node" tid=17249254
[2026-10-06 14:09:36.677] [out] [delivery_module] DBG 2026-10-06 14:09:36.677+02:00 Publishing Signed XPR                      topics="service-discovery" tid=17249254 xpr="(envelope: (publicKey: secp256k1 key (042059ba67fe6f0b0970cedd33d0a403606f11da55d3c231c6a44f6b68385ad40f7991cfc09ff907376091cd9c7695fbe47e6f438900f4f0646360625df4fd7925), payloadType: @[3, 1], payload: @[10, 39, 0, 37, 8, 2, 18, 33, 3, 32, 89, 186, 103, 254, 111, 11, 9, 112, 206, 221, 51, 208, 164, 3, 96, 111, 17, 218, 85, 211, 194, 49, 198, 164, 79, 107, 104, 56, 90, 212, 15, 16, 189, 196, 17, 26, 10, 10, 8, 4, 172, 20, 10, 14, 6, 219, 245, 26, 13, 10, 11, 4, 172, 20, 10, 14, 145, 2, 221, 192, 205, 3], signature: 3045022100C4E472A06F73D018FE8E0881BB9A1581101737DD3BDCE2A25CDCE0A134A16DE602201DB605B2B8E4BC4165BF137DE92CB146F51DFAF53084B0AFF0D443EDAD8E4780), data: (peerId: 16Uiu2HAmEqGkdJNCEY5UTwL8pM1GLJTMBwNZCngNJBqjrsRT9qwt, seqNo: 287293, addresses: @[(address: /ip4/172.20.10.14/tcp/56309), (address: /ip4/172.20.10.14/udp/56768/quic-v1)], services: @[]))"
[2026-10-06 14:09:36.677] [out] [delivery_module] DBG 2026-10-06 14:09:36.677+02:00 Lookup query                               topics="kad-dht find" tid=17249254 peer=16U*NSkuby
[2026-10-06 14:09:36.678] [out] [delivery_module] DBG 2026-10-06 14:09:36.677+02:00 Lookup query                               topics="kad-dht find" tid=17249254 peer=16U*TwqBiH
[2026-10-06 14:09:36.678] [out] [delivery_module] DBG 2026-10-06 14:09:36.678+02:00 Lookup query                               topics="kad-dht find" tid=17249254 peer=16U*VpJprH
[2026-10-06 14:09:36.678] [out] [delivery_module] DBG 2026-10-06 14:09:36.678+02:00 Lookup query                               topics="kad-dht find" tid=17249254 peer=16U*P1S397
[2026-10-06 14:09:36.678] [out] [delivery_module] DBG 2026-10-06 14:09:36.678+02:00 Lookup query                               topics="kad-dht find" tid=17249254 peer=16U*T3UNSE
[2026-10-06 14:09:36.678] [out] [delivery_module] DBG 2026-10-06 14:09:36.678+02:00 Lookup query                               topics="kad-dht find" tid=17249254 peer=16U*kGyuEP
[2026-10-06 14:09:36.678] [out] [delivery_module] DBG 2026-10-06 14:09:36.678+02:00 Dialing multiple peers                     tid=17249254 numOfPeers=6 nodes="@[\"/dns4/delivery-01.do-ams3.logos.dev.status.im/tcp/30303/p2p/16Uiu2HAmTUbnxLGT9JvV6mu9oPyDjqHK4Phs1VDJNUgESgNSkuby\", \"/dns4/delivery-02.do-ams3.logos.dev.status.im/tcp/30303/p2p/16Uiu2HAmMK7PYygBtKUQ8EHp7EfaD3bCEsJrkFooK8RQ2PVpJprH\", \"/dns4/delivery-01.gc-us-central1-a.logos.dev.status.im/tcp/30303/p2p/16Uiu2HAm4S1JYkuzDKLKQvwgAhZKs9otxXqt8SCGtB4hoJP1S397\", \"/dns4/delivery-02.gc-us-central1-a.logos.dev.status.im/tcp/30303/p2p/16Uiu2HAm8Y9kgBNtjxvCnf1X6gnZJW5EGE4UwwCL3CCm55TwqBiH\", \"/dns4/delivery-01.ac-cn-hongkong-c.logos.dev.status.im/tcp/30303/p2p/16Uiu2HAm8YokiNun9BkeA1ZRmhLbtNUvcwRr64F69tYj9fkGyuEP\", \"/dns4/delivery-02.ac-cn-hongkong-c.logos.dev.status.im/tcp/30303/p2p/16Uiu2HAkvwhGHKNry6LACrB8TmEFoCJKEX29XR5dDUzk3UT3UNSE\"]"
[2026-10-06 14:09:36.678] [out] [delivery_module] DBG 2026-10-06 14:09:36.678+02:00 Finished dialing multiple peers            tid=17249254 successfulConns=6 attempted=6
[2026-10-06 14:09:36.679] [out] [delivery_module] DBG 2026-10-06 14:09:36.679+02:00 Dialing multiple peers                     topics="waku node peer_manager" tid=17249254 numOfPeers=1 nodes=@[16Uiu2HAmAResE15q4BDR96fpXuErsrxP4kzNDeA9LpPsbh7ZEp3L]
[2026-10-06 14:09:36.679] [out] [delivery_module] INF 2026-10-06 14:09:36.679+02:00 Relay peer connections                     topics="waku node peer_manager" tid=17249254 inRelayConns=0/50 outRelayConns=6/25 totalConnections=6/150 notConnectedPeers=1 outsideBackoffPeers=1
[2026-10-06 14:09:36.680] [out] [delivery_module] DBG 2026-10-06 14:09:36.680+02:00 ENR addresses updated                      topics="waku enr" tid=17249254 retained=0 total=0
[2026-10-06 14:09:36.680] [out] [delivery_module] DBG 2026-10-06 14:09:36.680+02:00 Subscribing to pubsub topic                topics="waku relay" tid=17249254 pubsubTopic=/waku/2/rs/3/0
[2026-10-06 14:09:36.680] [out] [delivery_module] DBG 2026-10-06 14:09:36.680+02:00 peer filtering updated                     topics="waku discv5" tid=17249254
[2026-10-06 14:09:36.680] [out] [delivery_module] DBG 2026-10-06 14:09:36.680+02:00 ENR shards updated                         topics="waku discv5" tid=17249254 enrUri=enr:-K24QFhAj0-AY5cVz4yelPMQUrAcb5pFZOLYuWnm6Iizs4UoWz2lpDJYBFD57acWfBdOCxwY6g0DIU1Ra7Q4wFAa67wHgmlkgnY0im11bHRpYWRkcnOAgnJzkwADCAAAAAEAAgADAAQABQAGAAeJc2VjcDI1NmsxoQMgWbpn_m8LCXDO3TPQpANgbxHaVdPCMcakT2toOFrUD4N0Y3CC2_WDdWRwgsgKhXdha3UyLQ add=true
[2026-10-06 14:09:36.680] [out] [delivery_module] DBG 2026-10-06 14:09:36.680+02:00 Subscribing to pubsub topic                topics="waku relay" tid=17249254 pubsubTopic=/waku/2/rs/3/1
[2026-10-06 14:09:36.681] [out] [delivery_module] DBG 2026-10-06 14:09:36.681+02:00 peer filtering updated                     topics="waku discv5" tid=17249254
[2026-10-06 14:09:36.681] [out] [delivery_module] DBG 2026-10-06 14:09:36.681+02:00 ENR shards updated                         topics="waku discv5" tid=17249254 enrUri=enr:-K24QBkB8TH8Y9HbbYc-GqLcdLxiX9WVY5AZ3V_G7WVWmDYQSISYvIHHjT8QeaGkv2BbGKmjAuIqApCFa8iycA9eBJQIgmlkgnY0im11bHRpYWRkcnOAgnJzkwADCAAAAAEAAgADAAQABQAGAAeJc2VjcDI1NmsxoQMgWbpn_m8LCXDO3TPQpANgbxHaVdPCMcakT2toOFrUD4N0Y3CC2_WDdWRwgsgKhXdha3UyLQ add=true
[2026-10-06 14:09:36.681] [out] [delivery_module] DBG 2026-10-06 14:09:36.681+02:00 Subscribing to pubsub topic                topics="waku relay" tid=17249254 pubsubTopic=/waku/2/rs/3/2
[2026-10-06 14:09:36.681] [out] [delivery_module] DBG 2026-10-06 14:09:36.681+02:00 peer filtering updated                     topics="waku discv5" tid=17249254
[2026-10-06 14:09:36.681] [out] [delivery_module] DBG 2026-10-06 14:09:36.681+02:00 ENR shards updated                         topics="waku discv5" tid=17249254 enrUri=enr:-K24QMzIhd70JY_XJojQW16MGQ9WXMWLpEGWKAnAajUHZ24wEdR0_u8QZRs6eqHzxXP6Jq7InLaD_HGqVAfO0M6tU4IJgmlkgnY0im11bHRpYWRkcnOAgnJzkwADCAAAAAEAAgADAAQABQAGAAeJc2VjcDI1NmsxoQMgWbpn_m8LCXDO3TPQpANgbxHaVdPCMcakT2toOFrUD4N0Y3CC2_WDdWRwgsgKhXdha3UyLQ add=true
[2026-10-06 14:09:36.681] [out] [delivery_module] DBG 2026-10-06 14:09:36.681+02:00 Subscribing to pubsub topic                topics="waku relay" tid=17249254 pubsubTopic=/waku/2/rs/3/3
[2026-10-06 14:09:36.682] [out] [delivery_module] DBG 2026-10-06 14:09:36.682+02:00 peer filtering updated                     topics="waku discv5" tid=17249254
[2026-10-06 14:09:36.682] [out] [delivery_module] DBG 2026-10-06 14:09:36.682+02:00 ENR shards updated                         topics="waku discv5" tid=17249254 enrUri=enr:-K24QK_7CSte9vqcpSB06q92cc-JjdwXG3TiVjtNrVPBGCwRBUxlLDXlHUvTXFHQk9gPiHFH0o5YWgkNxJ1ZS8rIG8YKgmlkgnY0im11bHRpYWRkcnOAgnJzkwADCAAAAAEAAgADAAQABQAGAAeJc2VjcDI1NmsxoQMgWbpn_m8LCXDO3TPQpANgbxHaVdPCMcakT2toOFrUD4N0Y3CC2_WDdWRwgsgKhXdha3UyLQ add=true
[2026-10-06 14:09:36.682] [out] [delivery_module] DBG 2026-10-06 14:09:36.682+02:00 Subscribing to pubsub topic                topics="waku relay" tid=17249254 pubsubTopic=/waku/2/rs/3/4
[2026-10-06 14:09:36.682] [out] [delivery_module] DBG 2026-10-06 14:09:36.682+02:00 peer filtering updated                     topics="waku discv5" tid=17249254
[2026-10-06 14:09:36.682] [out] [delivery_module] DBG 2026-10-06 14:09:36.682+02:00 ENR shards updated                         topics="waku discv5" tid=17249254 enrUri=enr:-K24QEnnUAhWvLZKWe7_oivD7R4A4_0KxuKnkCV2kQwg9XT1cUGQ77ezOMDtcxPjimtugwhm6RvvKQPCQXb_AxiYBSgLgmlkgnY0im11bHRpYWRkcnOAgnJzkwADCAAAAAEAAgADAAQABQAGAAeJc2VjcDI1NmsxoQMgWbpn_m8LCXDO3TPQpANgbxHaVdPCMcakT2toOFrUD4N0Y3CC2_WDdWRwgsgKhXdha3UyLQ add=true
[2026-10-06 14:09:36.682] [out] [delivery_module] DBG 2026-10-06 14:09:36.682+02:00 Subscribing to pubsub topic                topics="waku relay" tid=17249254 pubsubTopic=/waku/2/rs/3/5
[2026-10-06 14:09:36.682] [out] [delivery_module] DBG 2026-10-06 14:09:36.682+02:00 peer filtering updated                     topics="waku discv5" tid=17249254
[2026-10-06 14:09:36.682] [out] [delivery_module] DBG 2026-10-06 14:09:36.682+02:00 ENR shards updated                         topics="waku discv5" tid=17249254 enrUri=enr:-K24QIs0AlSK_HIKgP_JJ4CW7yBDLe4vg21OP2lh77oWM_NwPISZ3gj8sVVNxUZXsBzrcmZ25uMhd5udZwooJoaoFAUMgmlkgnY0im11bHRpYWRkcnOAgnJzkwADCAAAAAEAAgADAAQABQAGAAeJc2VjcDI1NmsxoQMgWbpn_m8LCXDO3TPQpANgbxHaVdPCMcakT2toOFrUD4N0Y3CC2_WDdWRwgsgKhXdha3UyLQ add=true
[2026-10-06 14:09:36.682] [out] [delivery_module] DBG 2026-10-06 14:09:36.682+02:00 Subscribing to pubsub topic                topics="waku relay" tid=17249254 pubsubTopic=/waku/2/rs/3/6
[2026-10-06 14:09:36.683] [out] [delivery_module] DBG 2026-10-06 14:09:36.683+02:00 peer filtering updated                     topics="waku discv5" tid=17249254
[2026-10-06 14:09:36.683] [out] [delivery_module] DBG 2026-10-06 14:09:36.683+02:00 ENR shards updated                         topics="waku discv5" tid=17249254 enrUri=enr:-K24QEn0w87BxFEoGzVoD7b62RoU9izUrVEZHk4S28Q4AfoRPGhoNVP5_zEKg5axvG832jJhmUmZrTqfQTOAkLxgDmsNgmlkgnY0im11bHRpYWRkcnOAgnJzkwADCAAAAAEAAgADAAQABQAGAAeJc2VjcDI1NmsxoQMgWbpn_m8LCXDO3TPQpANgbxHaVdPCMcakT2toOFrUD4N0Y3CC2_WDdWRwgsgKhXdha3UyLQ add=true
[2026-10-06 14:09:36.683] [out] [delivery_module] NTC 2026-10-06 14:09:36.683+02:00 ENR carries no reachable host, so peers cannot dial this node. Set --nat, --ext-ip, --dns4-domain-name or --ext-multiaddr to advertise one topics="wakunode waku" tid=17249254
[2026-10-06 14:09:36.683] [out] [delivery_module] DBG 2026-10-06 14:09:36.683+02:00 register interest                          topics="service-disco discoverer" tid=17249254 service=/logos/delivery serviceId=key:E6738033B5D413D13CF58622CEB4EF8F392E8D4EB073B56A5486CB0431B2F5D8
[2026-10-06 14:09:36.683] [out] [delivery_module] DBG 2026-10-06 14:09:36.683+02:00 Lookup query                               topics="kad-dht find" tid=17249254 peer=16U*P1S397
[2026-10-06 14:09:36.683] [out] [delivery_module] DBG 2026-10-06 14:09:36.683+02:00 Lookup query                               topics="kad-dht find" tid=17249254 peer=16U*T3UNSE
[2026-10-06 14:09:36.683] [out] [delivery_module] DBG 2026-10-06 14:09:36.683+02:00 Lookup query                               topics="kad-dht find" tid=17249254 peer=16U*VpJprH
[2026-10-06 14:09:36.683] [out] [delivery_module] DBG 2026-10-06 14:09:36.683+02:00 Lookup query                               topics="kad-dht find" tid=17249254 peer=16U*kGyuEP
[2026-10-06 14:09:36.683] [out] [delivery_module] DBG 2026-10-06 14:09:36.683+02:00 Lookup query                               topics="kad-dht find" tid=17249254 peer=16U*NSkuby
[2026-10-06 14:09:36.683] [out] [delivery_module] DBG 2026-10-06 14:09:36.683+02:00 Lookup query                               topics="kad-dht find" tid=17249254 peer=16U*TwqBiH
[2026-10-06 14:09:36.683] [out] [delivery_module] DBG 2026-10-06 14:09:36.683+02:00 Added service to discover                  topics="waku service discovery" tid=17249254 service=/logos/delivery
[2026-10-06 14:09:36.684] [out] [delivery_module] DBG 2026-10-06 14:09:36.684+02:00 Added provided service                     topics="service-disco advertiser" tid=17249254 service=/logos/delivery serviceId=key:E6738033B5D413D13CF58622CEB4EF8F392E8D4EB073B56A5486CB0431B2F5D8
[2026-10-06 14:09:36.685] [out] [delivery_module] DBG 2026-10-06 14:09:36.685+02:00 Cannot insert self in routing table        topics="kad-dht rtable" tid=17249254 nodeId=key:002508021221032059BA67FE6F0B0970CEDD33D0A403606F11DA55D3C231C6A44F6B68385AD40F
[2026-10-06 14:09:36.685] [out] [delivery_module] DBG 2026-10-06 14:09:36.685+02:00 Cannot insert self in routing table        topics="kad-dht rtable" tid=17249254 nodeId=key:002508021221032059BA67FE6F0B0970CEDD33D0A403606F11DA55D3C231C6A44F6B68385AD40F
[2026-10-06 14:09:36.686] [out] [delivery_module] DBG 2026-10-06 14:09:36.686+02:00 Added service to advertise                 topics="waku service discovery" tid=17249254 service=/logos/delivery
[2026-10-06 14:09:36.686] [out] [delivery_module] INF 2026-10-06 14:09:36.686+02:00 advertising this node on the delivery network topics="waku discovery advertise" tid=17249254 backend=service protocols="[/vac/waku/relay/2.0.0, /vac/waku/filter-subscribe/2.0.0-beta1, /vac/waku/lightpush/3.0.0, /mix/1.0.0]"
[2026-10-06 14:09:36.686] [out] [delivery_module] DBG 2026-10-06 14:09:36.686+02:00 register interest                          topics="service-disco discoverer" tid=17249254 service=/mix/1.0.0 serviceId=key:913B5C5DBE691438693215140388EC0C7DE80DE328BDE5BD7FC06F90568CEA40
[2026-10-06 14:09:36.686] [out] [delivery_module] DBG 2026-10-06 14:09:36.686+02:00 Lookup query                               topics="kad-dht find" tid=17249254 peer=16U*kGyuEP
[2026-10-06 14:09:36.686] [out] [delivery_module] DBG 2026-10-06 14:09:36.686+02:00 Lookup query                               topics="kad-dht find" tid=17249254 peer=16U*T3UNSE
[2026-10-06 14:09:36.686] [out] [delivery_module] DBG 2026-10-06 14:09:36.686+02:00 Lookup query                               topics="kad-dht find" tid=17249254 peer=16U*P1S397
[2026-10-06 14:09:36.686] [out] [delivery_module] DBG 2026-10-06 14:09:36.686+02:00 Lookup query                               topics="kad-dht find" tid=17249254 peer=16U*VpJprH
[2026-10-06 14:09:36.686] [out] [delivery_module] DBG 2026-10-06 14:09:36.686+02:00 Lookup query                               topics="kad-dht find" tid=17249254 peer=16U*TwqBiH
[2026-10-06 14:09:36.686] [out] [delivery_module] DBG 2026-10-06 14:09:36.686+02:00 Lookup query                               topics="kad-dht find" tid=17249254 peer=16U*NSkuby
[2026-10-06 14:09:36.686] [out] [delivery_module] DBG 2026-10-06 14:09:36.686+02:00 Added service to discover                  topics="waku service discovery" tid=17249254 service=/mix/1.0.0
[2026-10-06 14:09:36.687] [out] [delivery_module] DBG 2026-10-06 14:09:36.687+02:00 Added provided service                     topics="service-disco advertiser" tid=17249254 service=/mix/1.0.0 serviceId=key:913B5C5DBE691438693215140388EC0C7DE80DE328BDE5BD7FC06F90568CEA40
[2026-10-06 14:09:36.687] [out] [delivery_module] DBG 2026-10-06 14:09:36.687+02:00 Added service to advertise                 topics="waku service discovery" tid=17249254 service=/mix/1.0.0
[2026-10-06 14:09:36.687] [out] [delivery_module] INF 2026-10-06 14:09:36.687+02:00 advertising this node as a mix node        topics="waku discovery advertise" tid=17249254 backend=service
[2026-10-06 14:09:36.688] [out] [delivery_module] INF 2026-10-06 14:09:36.688+02:00 Node is online                             topics="waku online monitor" tid=17249254
[2026-10-06 14:09:36.688] [out] [delivery_module] INF 2026-10-06 14:09:36.688+02:00 Health monitor loop start                  tid=17249254
[2026-10-06 14:09:36.689] [out] [delivery_module] DBG 2026-10-06 14:09:36.689+02:00 calculateConnectionState                   tid=17249254 relayCount=6 storeClientCount=6 lightpushCount=6 filterCount=6
[2026-10-06 14:09:36.689] [out] [delivery_module] DBG 2026-10-06 14:09:36.689+02:00 connectionStatus change                    tid=17249254 oldstatus=Disconnected newstatus=Connected
[2026-10-06 14:09:36.689] [out] [delivery_module] INF 2026-10-06 14:09:36.689+02:00 starting keepalive                         tid=17249254 randomPeersKeepalive=10s allPeersKeepalive=2m
[2026-10-06 14:09:36.690] [out] [delivery_module] DBG 2026-10-06 14:09:36.690+02:00 no listener registered                     tid=17249257 event=onTopicHealthChange
[2026-10-06 14:09:36.690] [out] [delivery_module] DBG 2026-10-06 14:09:36.690+02:00 no listener registered                     tid=17249257 event=onTopicHealthChange
[2026-10-06 14:09:36.690] [out] [delivery_module] DBG 2026-10-06 14:09:36.690+02:00 no listener registered                     tid=17249257 event=onTopicHealthChange
[2026-10-06 14:09:36.690] [out] [delivery_module] DBG 2026-10-06 14:09:36.690+02:00 no listener registered                     tid=17249257 event=onTopicHealthChange
[2026-10-06 14:09:36.690] [out] [delivery_module] DBG 2026-10-06 14:09:36.690+02:00 no listener registered                     tid=17249257 event=onTopicHealthChange
[2026-10-06 14:09:36.690] [out] [delivery_module] DBG 2026-10-06 14:09:36.690+02:00 no listener registered                     tid=17249257 event=onTopicHealthChange
[2026-10-06 14:09:36.690] [out] [delivery_module] DBG 2026-10-06 14:09:36.690+02:00 no listener registered                     tid=17249257 event=onTopicHealthChange
[2026-10-06 14:09:36.690] [info] [logos] [delivery_module] DeliveryModuleImpl::send called with contentTopic: /lp0026forum/1/general/text
[2026-10-06 14:09:36.694] [out] [delivery_module] WRN 2026-10-06 14:09:36.694+02:00 Messaging persistence disabled, could not open persistency job tid=17249254 jobId=messaging reason="PersistencyError(peBackend: openBackend: open ~/Library/Application Support/Logos/LogosStandalone/module_data/delivery_module/5145dd8132c8/data/messaging.db failed: database is locked)"
[2026-10-06 14:09:36.695] [out] [delivery_module] DBG 2026-10-06 14:09:36.695+02:00 SendService.send: processing delivery task topics="send service" tid=17249254 requestId=750e377f4ac4efd0d7bb msgHash=0xf49d4fac86f84417c8a76c04a353cfcec21fcd922b226d6ac46d27dafcbbcf5b
[2026-10-06 14:09:36.695] [out] [delivery_module] DBG 2026-10-06 14:09:36.695+02:00 Trying message delivery via Mix            topics="send service mix processor" tid=17249254 requestId=750e377f4ac4efd0d7bb msgHash=0xf49d4fac86f84417c8a76c04a353cfcec21fcd922b226d6ac46d27dafcbbcf5b tryCount=1
[2026-10-06 14:09:36.695] [out] [delivery_module] DBG 2026-10-06 14:09:36.695+02:00 Publishing message without RLN proof       tid=17249254
[2026-10-06 14:09:36.695] [out] [delivery_module] DBG 2026-10-06 14:09:36.695+02:00 Publishing message with lightpush          topics="waku node lightpush api" tid=17249254 pubsubTopic=/waku/2/rs/3/7 contentTopic=/lp0026forum/1/general/text target_peer_id=16U*TwqBiH msg_hash=0xf49d4fac86f84417c8a76c04a353cfcec21fcd922b226d6ac46d27dafcbbcf5b mixify=true
[2026-10-06 14:09:36.695] [out] [delivery_module] DBG 2026-10-06 14:09:36.695+02:00 Publish                                    topics="waku lightpush client" tid=17249254 myPeerId=16U*RT9qwt peerId= msgHash=0xf49d4fac86f84417c8a76c04a353cfcec21fcd922b226d6ac46d27dafcbbcf5b sentTime=1791288576695931904
[2026-10-06 14:09:36.695] [out] [delivery_module] DBG 2026-10-06 14:09:36.695+02:00 Destination data                           tid=17249254 destination=MixDestination[MixNode](16Uiu2HAm8Y9kgBNtjxvCnf1X6gnZJW5EGE4UwwCL3CCm55TwqBiH)
[2026-10-06 14:09:36.695] [out] [delivery_module] DBG 2026-10-06 14:09:36.695+02:00 Selected mix node:                         tid=17249254 indexInPath=0 peerId=16U*kGyuEP
[2026-10-06 14:09:36.696] [out] [delivery_module] DBG 2026-10-06 14:09:36.696+02:00 Selected mix node:                         tid=17249254 indexInPath=1 peerId=16U*P1S397
[2026-10-06 14:09:36.696] [out] [delivery_module] DBG 2026-10-06 14:09:36.696+02:00 Selected mix node:                         tid=17249254 indexInPath=2 peerId=16U*TwqBiH
[2026-10-06 14:09:36.696] [out] [delivery_module] DBG 2026-10-06 14:09:36.696+02:00 Selected mix node for surbs:               tid=17249254 indexInPath=0 peerId=16U*NSkuby
[2026-10-06 14:09:36.696] [out] [delivery_module] DBG 2026-10-06 14:09:36.696+02:00 Selected mix node for surbs:               tid=17249254 indexInPath=1 peerId=16U*P1S397
[2026-10-06 14:09:36.696] [info] [logos] [delivery_module] DeliveryModuleImpl: Send initiated for topic: /lp0026forum/1/general/text, with success, requestId: 750e377f4ac4efd0d7bb
[2026-10-06 14:09:36.792] [out] [delivery_module] DBG 2026-10-06 14:09:36.792+02:00 calculateConnectionState                   tid=17249254 relayCount=6 storeClientCount=6 lightpushCount=6 filterCount=6
[2026-10-06 14:09:37.078] [out] [delivery_module] DBG 2026-10-06 14:09:37.078+02:00 no listener registered                     tid=17249257 event=onConnectionChange
[2026-10-06 14:09:37.080] [out] [delivery_module] DBG 2026-10-06 14:09:37.080+02:00 calculateConnectionState                   tid=17249254 relayCount=6 storeClientCount=6 lightpushCount=6 filterCount=6
[2026-10-06 14:09:37.109] [out] [delivery_module] DBG 2026-10-06 14:09:37.109+02:00 Lookup query                               topics="kad-dht find" tid=17249254 peer=16U*7ZEp3L
[2026-10-06 14:09:37.335] [out] [delivery_module] DBG 2026-10-06 14:09:37.335+02:00 Lookup query                               topics="kad-dht find" tid=17249254 peer=16U*7ZEp3L
[2026-10-06 14:09:37.609] [out] [delivery_module] DBG 2026-10-06 14:09:37.609+02:00 Lookup query                               topics="kad-dht find" tid=17249254 peer=16U*7ZEp3L
[2026-10-06 14:09:38.341] [out] [delivery_module] INF 2026-10-06 14:09:38.341+02:00 Message received                           tid=17249254 msg_hash=0xf49d4fac86f84417c8a76c04a353cfcec21fcd922b226d6ac46d27dafcbbcf5b contentTopic=/lp0026forum/1/general/text pubsubTopic=/waku/2/rs/3/7 source=live
[2026-10-06 14:09:38.677] [out] [delivery_module] DBG 2026-10-06 14:09:38.677+02:00 getting adverts                            topics="service-disco discoverer" tid=17249254 serviceId=key:913B5C5DBE691438693215140388EC0C7DE80DE328BDE5BD7FC06F90568CEA40 registrar=16U*TwqBiH
[2026-10-06 14:09:38.677] [out] [delivery_module] DBG 2026-10-06 14:09:38.677+02:00 getting adverts                            topics="service-disco discoverer" tid=17249254 serviceId=key:913B5C5DBE691438693215140388EC0C7DE80DE328BDE5BD7FC06F90568CEA40 registrar=16U*NSkuby
[2026-10-06 14:09:38.677] [out] [delivery_module] DBG 2026-10-06 14:09:38.677+02:00 getting adverts                            topics="service-disco discoverer" tid=17249254 serviceId=key:913B5C5DBE691438693215140388EC0C7DE80DE328BDE5BD7FC06F90568CEA40 registrar=16U*RT9qwt
[2026-10-06 14:09:38.677] [out] [delivery_module] DBG 2026-10-06 14:09:38.677+02:00 Cannot insert self in routing table        topics="kad-dht rtable" tid=17249254 nodeId=key:002508021221032059BA67FE6F0B0970CEDD33D0A403606F11DA55D3C231C6A44F6B68385AD40F
[2026-10-06 14:09:38.678] [out] [delivery_module] DBG 2026-10-06 14:09:38.678+02:00 adverts found                              topics="service-disco discoverer" tid=17249254 serviceId=key:913B5C5DBE691438693215140388EC0C7DE80DE328BDE5BD7FC06F90568CEA40 remote=16U*RT9qwt count=0
[2026-10-06 14:09:38.679] [out] [delivery_module] DBG 2026-10-06 14:09:38.679+02:00 getting adverts                            topics="service-disco discoverer" tid=17249254 serviceId=key:E6738033B5D413D13CF58622CEB4EF8F392E8D4EB073B56A5486CB0431B2F5D8 registrar=16U*NSkuby
[2026-10-06 14:09:38.679] [out] [delivery_module] DBG 2026-10-06 14:09:38.679+02:00 getting adverts                            topics="service-disco discoverer" tid=17249254 serviceId=key:E6738033B5D413D13CF58622CEB4EF8F392E8D4EB073B56A5486CB0431B2F5D8 registrar=16U*TwqBiH
[2026-10-06 14:09:38.679] [out] [delivery_module] DBG 2026-10-06 14:09:38.679+02:00 getting adverts                            topics="service-disco discoverer" tid=17249254 serviceId=key:E6738033B5D413D13CF58622CEB4EF8F392E8D4EB073B56A5486CB0431B2F5D8 registrar=16U*RT9qwt
[2026-10-06 14:09:38.679] [out] [delivery_module] DBG 2026-10-06 14:09:38.679+02:00 Cannot insert self in routing table        topics="kad-dht rtable" tid=17249254 nodeId=key:002508021221032059BA67FE6F0B0970CEDD33D0A403606F11DA55D3C231C6A44F6B68385AD40F
[2026-10-06 14:09:38.679] [out] [delivery_module] DBG 2026-10-06 14:09:38.679+02:00 adverts found                              topics="service-disco discoverer" tid=17249254 serviceId=key:E6738033B5D413D13CF58622CEB4EF8F392E8D4EB073B56A5486CB0431B2F5D8 remote=16U*RT9qwt count=1
[2026-10-06 14:09:39.146] [out] [delivery_module] DBG 2026-10-06 14:09:39.146+02:00 Dialing failed                             topics="libp2p dialer" tid=17249254 description="quic dial timed out after 3s" peerId=16U*7ZEp3L address=/ip4/192.168.1.3/udp/56395/quic-v1 hostname=192.168.1.3
[2026-10-06 14:09:39.146] [out] [delivery_module] DBG 2026-10-06 14:09:39.146+02:00 Expanded address and hostname              topics="libp2p dialer" tid=17249254 expandedAddress=/ip4/192.168.1.3/tcp/49737 hostname=192.168.1.3 resolvedAddresses="[/ip4/192.168.1.3/tcp/49737]"
[2026-10-06 14:09:39.165] [out] [delivery_module] DBG 2026-10-06 14:09:39.165+02:00 Message propagated via Mix                 topics="send service mix processor" tid=17249254 requestId=750e377f4ac4efd0d7bb msgHash=0xf49d4fac86f84417c8a76c04a353cfcec21fcd922b226d6ac46d27dafcbbcf5b
[2026-10-06 14:09:39.165] [out] [delivery_module] INF 2026-10-06 14:09:39.165+02:00 Message successfully propagated            topics="send service" tid=17249254 requestId=750e377f4ac4efd0d7bb msgHash=withheld
[2026-10-06 14:09:39.165] [out] [delivery_module] INF 2026-10-06 14:09:39.165+02:00 Message successfully sent over mix         topics="send service" tid=17249254 requestId=750e377f4ac4efd0d7bb
[2026-10-06 14:09:39.462] [out] [delivery_module] DBG 2026-10-06 14:09:39.462+02:00 adverts found                              topics="service-disco discoverer" tid=17249254 serviceId=key:913B5C5DBE691438693215140388EC0C7DE80DE328BDE5BD7FC06F90568CEA40 remote=16U*NSkuby count=3
[2026-10-06 14:09:39.463] [out] [delivery_module] DBG 2026-10-06 14:09:39.463+02:00 adverts found                              topics="service-disco discoverer" tid=17249254 serviceId=key:E6738033B5D413D13CF58622CEB4EF8F392E8D4EB073B56A5486CB0431B2F5D8 remote=16U*NSkuby count=3
[QmlInspector] Client disconnected
[2026-10-06 14:09:39.611] [out] [delivery_module] DBG 2026-10-06 14:09:39.611+02:00 adverts found                              topics="service-disco discoverer" tid=17249254 serviceId=key:913B5C5DBE691438693215140388EC0C7DE80DE328BDE5BD7FC06F90568CEA40 remote=16U*TwqBiH count=0
[2026-10-06 14:09:39.612] [out] [delivery_module] DBG 2026-10-06 14:09:39.612+02:00 getting adverts                            topics="service-disco discoverer" tid=17249254 serviceId=key:913B5C5DBE691438693215140388EC0C7DE80DE328BDE5BD7FC06F90568CEA40 registrar=16U*VpJprH
[2026-10-06 14:09:39.612] [out] [delivery_module] DBG 2026-10-06 14:09:39.612+02:00 getting adverts                            topics="service-disco discoverer" tid=17249254 serviceId=key:913B5C5DBE691438693215140388EC0C7DE80DE328BDE5BD7FC06F90568CEA40 registrar=16U*T3UNSE
[2026-10-06 14:09:39.612] [out] [delivery_module] DBG 2026-10-06 14:09:39.612+02:00 getting adverts                            topics="service-disco discoverer" tid=17249254 serviceId=key:913B5C5DBE691438693215140388EC0C7DE80DE328BDE5BD7FC06F90568CEA40 registrar=16U*P1S397
