[2026-10-06 14:09:36.678] [out] [delivery_module] DBG 2026-10-06 14:09:36.678+02:00 Lookup query                               topics="kad-dht find" tid=17249254 peer=16U*kGyuEP
[2026-10-06 14:09:36.678] [out] [delivery_module] DBG 2026-10-06 14:09:36.678+02:00 Dialing multiple peers                     tid=17249254 numOfPeers=6 nodes="@[\"/dns4/delivery-01.do-ams3.logos.dev.status.im/tcp/30303/p2p/16Uiu2HAmTUbnxLGT9JvV6mu9oPyDjqHK4Phs1VDJNUgESgNSkuby\", \"/dns4/delivery-02.do-ams3.logos.dev.status.im/tcp/30303/p2p/16Uiu2HAmMK7PYygBtKUQ8EHp7EfaD3bCEsJrkFooK8RQ2PVpJprH\", \"/dns4/delivery-01.gc-us-central1-a.logos.dev.status.im/tcp/30303/p2p/16Uiu2HAm4S1JYkuzDKLKQvwgAhZKs9otxXqt8SCGtB4hoJP1S397\", \"/dns4/delivery-02.gc-us-central1-a.logos.dev.status.im/tcp/30303/p2p/16Uiu2HAm8Y9kgBNtjxvCnf1X6gnZJW5EGE4UwwCL3CCm55TwqBiH\", \"/dns4/delivery-01.ac-cn-hongkong-c.logos.dev.status.im/tcp/30303/p2p/16Uiu2HAm8YokiNun9BkeA1ZRmhLbtNUvcwRr64F69tYj9fkGyuEP\", \"/dns4/delivery-02.ac-cn-hongkong-c.logos.dev.status.im/tcp/30303/p2p/16Uiu2HAkvwhGHKNry6LACrB8TmEFoCJKEX29XR5dDUzk3UT3UNSE\"]"
[2026-10-06 14:09:36.678] [out] [delivery_module] DBG 2026-10-06 14:09:36.678+02:00 Finished dialing multiple peers            tid=17249254 successfulConns=6 attempted=6
[2026-10-06 14:09:36.679] [out] [delivery_module] DBG 2026-10-06 14:09:36.679+02:00 Dialing multiple peers                     topics="waku node peer_manager" tid=17249254 numOfPeers=1 nodes=@[16Uiu2HAmAResE15q4BDR96fpXuErsrxP4kzNDeA9LpPsbh7ZEp3L]
[2026-10-06 14:09:36.679] [out] [delivery_module] INF 2026-10-06 14:09:36.679+02:00 Relay peer connections                     topics="waku node peer_manager" tid=17249254 inRelayConns=0/50 outRelayConns=6/25 totalConnections=6/150 notConnectedPeers=1 outsideBackoffPeers=1
[2026-10-06 14:09:36.680] [out] [delivery_module] DBG 2026-10-06 14:09:36.680+02:00 peer filtering updated                     topics="waku discv5" tid=17249254
[2026-10-06 14:09:36.681] [out] [delivery_module] DBG 2026-10-06 14:09:36.681+02:00 peer filtering updated                     topics="waku discv5" tid=17249254
[2026-10-06 14:09:36.681] [out] [delivery_module] DBG 2026-10-06 14:09:36.681+02:00 peer filtering updated                     topics="waku discv5" tid=17249254
[2026-10-06 14:09:36.682] [out] [delivery_module] DBG 2026-10-06 14:09:36.682+02:00 peer filtering updated                     topics="waku discv5" tid=17249254
[2026-10-06 14:09:36.682] [out] [delivery_module] DBG 2026-10-06 14:09:36.682+02:00 peer filtering updated                     topics="waku discv5" tid=17249254
[2026-10-06 14:09:36.682] [out] [delivery_module] DBG 2026-10-06 14:09:36.682+02:00 peer filtering updated                     topics="waku discv5" tid=17249254
[2026-10-06 14:09:36.683] [out] [delivery_module] DBG 2026-10-06 14:09:36.683+02:00 peer filtering updated                     topics="waku discv5" tid=17249254
[2026-10-06 14:09:36.683] [out] [delivery_module] NTC 2026-10-06 14:09:36.683+02:00 ENR carries no reachable host, so peers cannot dial this node. Set --nat, --ext-ip, --dns4-domain-name or --ext-multiaddr to advertise one topics="wakunode waku" tid=17249254
[2026-10-06 14:09:36.683] [out] [delivery_module] DBG 2026-10-06 14:09:36.683+02:00 Lookup query                               topics="kad-dht find" tid=17249254 peer=16U*P1S397
[2026-10-06 14:09:36.683] [out] [delivery_module] DBG 2026-10-06 14:09:36.683+02:00 Lookup query                               topics="kad-dht find" tid=17249254 peer=16U*T3UNSE
[2026-10-06 14:09:36.683] [out] [delivery_module] DBG 2026-10-06 14:09:36.683+02:00 Lookup query                               topics="kad-dht find" tid=17249254 peer=16U*VpJprH
[2026-10-06 14:09:36.683] [out] [delivery_module] DBG 2026-10-06 14:09:36.683+02:00 Lookup query                               topics="kad-dht find" tid=17249254 peer=16U*kGyuEP
[2026-10-06 14:09:36.683] [out] [delivery_module] DBG 2026-10-06 14:09:36.683+02:00 Lookup query                               topics="kad-dht find" tid=17249254 peer=16U*NSkuby
[2026-10-06 14:09:36.683] [out] [delivery_module] DBG 2026-10-06 14:09:36.683+02:00 Lookup query                               topics="kad-dht find" tid=17249254 peer=16U*TwqBiH
[2026-10-06 14:09:36.686] [out] [delivery_module] INF 2026-10-06 14:09:36.686+02:00 advertising this node on the delivery network topics="waku discovery advertise" tid=17249254 backend=service protocols="[/vac/waku/relay/2.0.0, /vac/waku/filter-subscribe/2.0.0-beta1, /vac/waku/lightpush/3.0.0, /mix/1.0.0]"
[2026-10-06 14:09:36.686] [out] [delivery_module] DBG 2026-10-06 14:09:36.686+02:00 register interest                          topics="service-disco discoverer" tid=17249254 service=/mix/1.0.0 serviceId=key:913B5C5DBE691438693215140388EC0C7DE80DE328BDE5BD7FC06F90568CEA40
[2026-10-06 14:09:36.686] [out] [delivery_module] DBG 2026-10-06 14:09:36.686+02:00 Lookup query                               topics="kad-dht find" tid=17249254 peer=16U*kGyuEP
[2026-10-06 14:09:36.686] [out] [delivery_module] DBG 2026-10-06 14:09:36.686+02:00 Lookup query                               topics="kad-dht find" tid=17249254 peer=16U*T3UNSE
[2026-10-06 14:09:36.686] [out] [delivery_module] DBG 2026-10-06 14:09:36.686+02:00 Lookup query                               topics="kad-dht find" tid=17249254 peer=16U*P1S397
[2026-10-06 14:09:36.686] [out] [delivery_module] DBG 2026-10-06 14:09:36.686+02:00 Lookup query                               topics="kad-dht find" tid=17249254 peer=16U*VpJprH
[2026-10-06 14:09:36.686] [out] [delivery_module] DBG 2026-10-06 14:09:36.686+02:00 Lookup query                               topics="kad-dht find" tid=17249254 peer=16U*TwqBiH
[2026-10-06 14:09:36.686] [out] [delivery_module] DBG 2026-10-06 14:09:36.686+02:00 Lookup query                               topics="kad-dht find" tid=17249254 peer=16U*NSkuby
[2026-10-06 14:09:36.686] [out] [delivery_module] DBG 2026-10-06 14:09:36.686+02:00 Added service to discover                  topics="waku service discovery" tid=17249254 service=/mix/1.0.0
[2026-10-06 14:09:36.687] [out] [delivery_module] DBG 2026-10-06 14:09:36.687+02:00 Added provided service                     topics="service-disco advertiser" tid=17249254 service=/mix/1.0.0 serviceId=key:913B5C5DBE691438693215140388EC0C7DE80DE328BDE5BD7FC06F90568CEA40
[2026-10-06 14:09:36.687] [out] [delivery_module] DBG 2026-10-06 14:09:36.687+02:00 Added service to advertise                 topics="waku service discovery" tid=17249254 service=/mix/1.0.0
[2026-10-06 14:09:36.687] [out] [delivery_module] INF 2026-10-06 14:09:36.687+02:00 advertising this node as a mix node        topics="waku discovery advertise" tid=17249254 backend=service
[2026-10-06 14:09:36.689] [out] [delivery_module] DBG 2026-10-06 14:09:36.689+02:00 calculateConnectionState                   tid=17249254 relayCount=6 storeClientCount=6 lightpushCount=6 filterCount=6
[2026-10-06 14:09:36.689] [out] [delivery_module] INF 2026-10-06 14:09:36.689+02:00 starting keepalive                         tid=17249254 randomPeersKeepalive=10s allPeersKeepalive=2m
[2026-10-06 14:09:36.690] [out] [delivery_module] DBG 2026-10-06 14:09:36.690+02:00 no listener registered                     tid=17249257 event=onTopicHealthChange
[2026-10-06 14:09:36.690] [out] [delivery_module] DBG 2026-10-06 14:09:36.690+02:00 no listener registered                     tid=17249257 event=onTopicHealthChange
[2026-10-06 14:09:36.690] [out] [delivery_module] DBG 2026-10-06 14:09:36.690+02:00 no listener registered                     tid=17249257 event=onTopicHealthChange
[2026-10-06 14:09:36.690] [out] [delivery_module] DBG 2026-10-06 14:09:36.690+02:00 no listener registered                     tid=17249257 event=onTopicHealthChange
[2026-10-06 14:09:36.690] [out] [delivery_module] DBG 2026-10-06 14:09:36.690+02:00 no listener registered                     tid=17249257 event=onTopicHealthChange
[2026-10-06 14:09:36.690] [out] [delivery_module] DBG 2026-10-06 14:09:36.690+02:00 no listener registered                     tid=17249257 event=onTopicHealthChange
[2026-10-06 14:09:36.690] [out] [delivery_module] DBG 2026-10-06 14:09:36.690+02:00 no listener registered                     tid=17249257 event=onTopicHealthChange
[2026-10-06 14:09:36.694] [out] [delivery_module] WRN 2026-10-06 14:09:36.694+02:00 Messaging persistence disabled, could not open persistency job tid=17249254 jobId=messaging reason="PersistencyError(peBackend: openBackend: open ~/Library/Application Support/Logos/LogosStandalone/module_data/delivery_module/5145dd8132c8/data/messaging.db failed: database is locked)"
[2026-10-06 14:09:36.695] [out] [delivery_module] DBG 2026-10-06 14:09:36.695+02:00 Trying message delivery via Mix            topics="send service mix processor" tid=17249254 requestId=750e377f4ac4efd0d7bb msgHash=0xf49d4fac86f84417c8a76c04a353cfcec21fcd922b226d6ac46d27dafcbbcf5b tryCount=1
[2026-10-06 14:09:36.695] [out] [delivery_module] DBG 2026-10-06 14:09:36.695+02:00 Publishing message with lightpush          topics="waku node lightpush api" tid=17249254 pubsubTopic=/waku/2/rs/3/7 contentTopic=/lp0026forum/1/general/text target_peer_id=16U*TwqBiH msg_hash=0xf49d4fac86f84417c8a76c04a353cfcec21fcd922b226d6ac46d27dafcbbcf5b mixify=true
[2026-10-06 14:09:36.695] [out] [delivery_module] DBG 2026-10-06 14:09:36.695+02:00 Publish                                    topics="waku lightpush client" tid=17249254 myPeerId=16U*RT9qwt peerId= msgHash=0xf49d4fac86f84417c8a76c04a353cfcec21fcd922b226d6ac46d27dafcbbcf5b sentTime=1791288576695931904
[2026-10-06 14:09:36.695] [out] [delivery_module] DBG 2026-10-06 14:09:36.695+02:00 Destination data                           tid=17249254 destination=MixDestination[MixNode](16Uiu2HAm8Y9kgBNtjxvCnf1X6gnZJW5EGE4UwwCL3CCm55TwqBiH)
[2026-10-06 14:09:36.695] [out] [delivery_module] DBG 2026-10-06 14:09:36.695+02:00 Selected mix node:                         tid=17249254 indexInPath=0 peerId=16U*kGyuEP
[2026-10-06 14:09:36.696] [out] [delivery_module] DBG 2026-10-06 14:09:36.696+02:00 Selected mix node:                         tid=17249254 indexInPath=1 peerId=16U*P1S397
[2026-10-06 14:09:36.696] [out] [delivery_module] DBG 2026-10-06 14:09:36.696+02:00 Selected mix node:                         tid=17249254 indexInPath=2 peerId=16U*TwqBiH
[2026-10-06 14:09:36.696] [out] [delivery_module] DBG 2026-10-06 14:09:36.696+02:00 Selected mix node for surbs:               tid=17249254 indexInPath=0 peerId=16U*NSkuby
[2026-10-06 14:09:36.696] [out] [delivery_module] DBG 2026-10-06 14:09:36.696+02:00 Selected mix node for surbs:               tid=17249254 indexInPath=1 peerId=16U*P1S397
[2026-10-06 14:09:36.792] [out] [delivery_module] DBG 2026-10-06 14:09:36.792+02:00 calculateConnectionState                   tid=17249254 relayCount=6 storeClientCount=6 lightpushCount=6 filterCount=6
[2026-10-06 14:09:37.078] [out] [delivery_module] DBG 2026-10-06 14:09:37.078+02:00 no listener registered                     tid=17249257 event=onConnectionChange
[2026-10-06 14:09:37.080] [out] [delivery_module] DBG 2026-10-06 14:09:37.080+02:00 calculateConnectionState                   tid=17249254 relayCount=6 storeClientCount=6 lightpushCount=6 filterCount=6
[2026-10-06 14:09:37.109] [out] [delivery_module] DBG 2026-10-06 14:09:37.109+02:00 Lookup query                               topics="kad-dht find" tid=17249254 peer=16U*7ZEp3L
[2026-10-06 14:09:37.335] [out] [delivery_module] DBG 2026-10-06 14:09:37.335+02:00 Lookup query                               topics="kad-dht find" tid=17249254 peer=16U*7ZEp3L
[2026-10-06 14:09:37.609] [out] [delivery_module] DBG 2026-10-06 14:09:37.609+02:00 Lookup query                               topics="kad-dht find" tid=17249254 peer=16U*7ZEp3L
[2026-10-06 14:09:39.146] [out] [delivery_module] DBG 2026-10-06 14:09:39.146+02:00 Dialing failed                             topics="libp2p dialer" tid=17249254 description="quic dial timed out after 3s" peerId=16U*7ZEp3L address=/ip4/192.168.1.3/udp/56395/quic-v1 hostname=192.168.1.3
[2026-10-06 14:09:39.165] [out] [delivery_module] DBG 2026-10-06 14:09:39.165+02:00 Message propagated via Mix                 topics="send service mix processor" tid=17249254 requestId=750e377f4ac4efd0d7bb msgHash=0xf49d4fac86f84417c8a76c04a353cfcec21fcd922b226d6ac46d27dafcbbcf5b
[2026-10-06 14:09:39.165] [out] [delivery_module] INF 2026-10-06 14:09:39.165+02:00 Message successfully propagated            topics="send service" tid=17249254 requestId=750e377f4ac4efd0d7bb msgHash=withheld
[2026-10-06 14:09:39.165] [out] [delivery_module] INF 2026-10-06 14:09:39.165+02:00 Message successfully sent over mix         topics="send service" tid=17249254 requestId=750e377f4ac4efd0d7bb
