run-logos-standalone-ui: hot-reloading QML from <repo>/src/qml
  (export DEV_QML_PATH to override, or LOGOS_QML_HOT_RELOAD=0 to disable)
Session directory: "~/Library/Application Support/Logos/LogosStandalone"
[2026-10-04 18:27:40.144] [info] [logos] Granting host services to 'capability_module': token_registry,token_delivery
[2026-10-04 18:27:40.169] [out] [capability_module] [2026-10-04 18:27:40.169] [info] Granting host services to capability_module: ["token_registry","token_delivery"]
RemoteTransportConnection: Connecting to registry: "local:logos_capability_module_5bbd2063dc6a" at "18:27:40.170"
RemoteTransportConnection: Registry connect attempt started (no peer contact yet): "local:logos_capability_module_5bbd2063dc6a"
LogosAPIConsumer: Informing module token for module: "capability_module" with token: "redacted:eb93c55f…"
RemoteTransportConnection: Requesting object: "capability_module" at "18:27:40.170"
[LogosObject] RemoteTransportConnection: returning RemoteLogosObject for: "capability_module"
[LogosObject] Created RemoteLogosObject wrapping QRemoteObjectReplica 105553143038816
[LogosObject] LogosAPIConsumer: calling LogosObject::informModuleToken for "capability_module"
LogosAPIConsumer: informModuleToken completed with result: true
[LogosObject] Destroying RemoteLogosObject 0
[2026-10-04 18:27:40.187] [info] [logos] Module loaded: capability_module
LogosAPIConsumer: Informing module token for module: "modules_state" with token: "redacted:d9fae6dc…"
RemoteTransportConnection: Requesting object: "capability_module" at "18:27:40.213"
[LogosObject] RemoteTransportConnection: returning RemoteLogosObject for: "capability_module"
[LogosObject] Created RemoteLogosObject wrapping QRemoteObjectReplica 105553143191776
[LogosObject] LogosAPIConsumer: calling LogosObject::informModuleToken for "modules_state"
LogosAPIConsumer: informModuleToken completed with result: true
[LogosObject] Destroying RemoteLogosObject 0
[2026-10-04 18:27:40.213] [info] [logos] Module loaded: modules_state
RemoteTransportConnection: Connecting to registry: "local:logos_modules_state_5bbd2063dc6a" at "18:27:40.213"
RemoteTransportConnection: Registry connect attempt started (no peer contact yet): "local:logos_modules_state_5bbd2063dc6a"
RemoteTransportConnection: Connecting to registry: "local:logos_capability_module_5bbd2063dc6a" at "18:27:40.213"
RemoteTransportConnection: Registry connect attempt started (no peer contact yet): "local:logos_capability_module_5bbd2063dc6a"
LogosAPIConsumer: '"modules_state"::""' deferred pending the module becoming reachable
LogosAPIConsumer: '"modules_state"::""' deferred pending the module becoming reachable
Logos Core started (modules dir: "/nix/store/4v2cj5cr5dlsjb9cl0blr0cds0qf07iv-logos-forum_module-plugin-dir-modules" )
Set app icon from metadata: "/nix/store/0qnbr8sh9kp4h3q230appx22j4s532mb-logos-forum_module-plugin-dir/src/icons/icon.png"
[2026-10-04 18:27:40.248] [info] [logos] [delivery_module] DeliveryModuleImpl: Initializing...
LogosAPIConsumer: Informing module token for module: "delivery_module" with token: "redacted:249f643b…"
RemoteTransportConnection: Requesting object: "capability_module" at "18:27:40.249"
[LogosObject] RemoteTransportConnection: returning RemoteLogosObject for: "capability_module"
[LogosObject] Created RemoteLogosObject wrapping QRemoteObjectReplica 105553143141504
[LogosObject] LogosAPIConsumer: calling LogosObject::informModuleToken for "delivery_module"
LogosAPIConsumer: informModuleToken completed with result: true
[LogosObject] Destroying RemoteLogosObject 0
[2026-10-04 18:27:40.249] [info] [logos] Module loaded: delivery_module
RemoteTransportConnection: Connecting to registry: "local:logos_delivery_module_5bbd2063dc6a" at "18:27:40.250"
RemoteTransportConnection: Registry connect attempt started (no peer contact yet): "local:logos_delivery_module_5bbd2063dc6a"
RemoteTransportConnection: Connecting to registry: "local:logos_capability_module_5bbd2063dc6a" at "18:27:40.250"
RemoteTransportConnection: Registry connect attempt started (no peer contact yet): "local:logos_capability_module_5bbd2063dc6a"
LogosAPIConsumer: '"delivery_module"::""' deferred pending the module becoming reachable
LogosAPIClient: getToken for module: "modules_state"
LogosAPIClient: Found token for module: "modules_state"
RemoteTransportConnection: Requesting object: "modules_state" at "18:27:40.250"
[LogosObject] RemoteTransportConnection: returning RemoteLogosObject for: "modules_state"
[LogosObject] Created RemoteLogosObject wrapping QRemoteObjectReplica 105553143159328
[LogosObject] LogosAPIConsumer: async calling via LogosObject::callMethodAsync "note_transition"
[LogosObject] RemoteLogosObject::callMethodAsync "note_transition" args: 7
LogosAPIClient: getToken for module: "modules_state"
LogosAPIClient: Found token for module: "modules_state"
[LogosObject] LogosAPIConsumer: async calling via LogosObject::callMethodAsync "note_transition"
[LogosObject] RemoteLogosObject::callMethodAsync "note_transition" args: 7
Loaded dependency (with transitive deps): "delivery_module"
[2026-10-04 18:27:40.276] [info] [logos] [storage_module] StorageModuleImpl: Initializing...
LogosAPIConsumer: Informing module token for module: "storage_module" with token: "redacted:6e4a2729…"
RemoteTransportConnection: Requesting object: "capability_module" at "18:27:40.277"
[LogosObject] Created RemoteLogosObject wrapping QRemoteObjectReplica 105553143101856
LogosAPIClient: invoking remote method "modules_state" "apply_snapshot" args_count: 1
LogosAPIClient: getToken for module: "modules_state"
LogosAPIClient: Found token for module: "modules_state"
LogosAPIConsumer: Calling invokeRemoteMethod: "modules_state" "apply_snapshot" args_count: 1 timeout: 20000
[LogosObject] LogosAPIConsumer: calling via LogosObject::callMethod "apply_snapshot"
[LogosObject] RemoteLogosObject::callMethod "apply_snapshot" args: 1
[2026-10-04 18:27:40.277] [info] [logos] Pushed module snapshot to modules_state
LogosAPIClient: getToken for module: "modules_state"
LogosAPIClient: Found token for module: "modules_state"
[LogosObject] LogosAPIConsumer: async calling via LogosObject::callMethodAsync "note_transition"
[LogosObject] RemoteLogosObject::callMethodAsync "note_transition" args: 7
LogosAPIClient: getToken for module: "modules_state"
LogosAPIClient: Found token for module: "modules_state"
[LogosObject] LogosAPIConsumer: async calling via LogosObject::callMethodAsync "note_transition"
[LogosObject] RemoteLogosObject::callMethodAsync "note_transition" args: 7
[LogosObject] Created RemoteLogosObject wrapping QRemoteObjectReplica 105553143159104
LogosAPIClient: getToken for module: "modules_state"
LogosAPIClient: Found token for module: "modules_state"
[LogosObject] LogosAPIConsumer: async calling via LogosObject::callMethodAsync "note_transition"
[LogosObject] RemoteLogosObject::callMethodAsync "note_transition" args: 7
[LogosObject] RemoteTransportConnection: returning RemoteLogosObject for: "capability_module"
[LogosObject] Created RemoteLogosObject wrapping QRemoteObjectReplica 105553143186240
[LogosObject] LogosAPIConsumer: calling LogosObject::informModuleToken for "storage_module"
LogosAPIConsumer: informModuleToken completed with result: true
[LogosObject] Destroying RemoteLogosObject 0
[2026-10-04 18:27:40.278] [info] [logos] Module loaded: storage_module
RemoteTransportConnection: Connecting to registry: "local:logos_storage_module_5bbd2063dc6a" at "18:27:40.278"
RemoteTransportConnection: Registry connect attempt started (no peer contact yet): "local:logos_storage_module_5bbd2063dc6a"
RemoteTransportConnection: Connecting to registry: "local:logos_capability_module_5bbd2063dc6a" at "18:27:40.278"
RemoteTransportConnection: Registry connect attempt started (no peer contact yet): "local:logos_capability_module_5bbd2063dc6a"
LogosAPIConsumer: '"storage_module"::""' deferred pending the module becoming reachable
LogosAPIClient: getToken for module: "modules_state"
LogosAPIClient: Found token for module: "modules_state"
[LogosObject] LogosAPIConsumer: async calling via LogosObject::callMethodAsync "note_transition"
[LogosObject] RemoteLogosObject::callMethodAsync "note_transition" args: 7
Loaded dependency (with transitive deps): "storage_module"
DEV_QML_PATH override active: <repo>/src/qml/Main.qml
RemoteTransportConnection: Connecting to registry: "local:logos_capability_module_5bbd2063dc6a" at "18:27:40.278"
RemoteTransportConnection: Registry connect attempt started (no peer contact yet): "local:logos_capability_module_5bbd2063dc6a"
LogosAPIConsumer: Informing module token for module: "forum_module" with token: "redacted:c931d3a2…"
RemoteTransportConnection: Requesting object: "capability_module" at "18:27:40.278"
[LogosObject] RemoteTransportConnection: returning RemoteLogosObject for: "capability_module"
[LogosObject] Created RemoteLogosObject wrapping QRemoteObjectReplica 105553143161088
[LogosObject] LogosAPIConsumer: calling LogosObject::informModuleToken for "forum_module"
[LogosObject] Created RemoteLogosObject wrapping QRemoteObjectReplica 105553143162720
LogosAPIClient: getToken for module: "modules_state"
LogosAPIClient: Found token for module: "modules_state"
[LogosObject] LogosAPIConsumer: async calling via LogosObject::callMethodAsync "note_transition"
[LogosObject] RemoteLogosObject::callMethodAsync "note_transition" args: 7
LogosAPIConsumer: informModuleToken completed with result: true
[LogosObject] Destroying RemoteLogosObject 0
[2026-10-04 18:27:40.307] [warning] [logos] [capability_module] Warning: QObject::connect: No such signal ::eventResponse(QString,QVariantList)
[2026-10-04 18:27:40.307] [info] [logos] [delivery_module] DeliveryModuleImpl::getNodeInfo called with nodeInfoId: MyPeerId
[2026-10-04 18:27:40.307] [info] [logos] [delivery_module] DeliveryModuleImpl: Cannot get node info - context not initialized. Call createNode first.
[2026-10-04 18:27:40.307] [info] [logos] [delivery_module] DeliveryModuleImpl::createNode called
[2026-10-04 18:27:40.312] [info] [logos] [delivery_module] DeliveryModuleImpl: Waiting for createNode callback...
[2026-10-04 18:27:40.313] [out] [delivery_module] DBG 2026-10-04 18:27:40.313+02:00 Whether to mount storeSync is not specified, defaulting to not mounting topics="waku conf builder" tid=6075486
[2026-10-04 18:27:40.313] [out] [delivery_module] INF 2026-10-04 18:27:40.313+02:00 Sharding configuration:                    topics="waku conf builder" tid=6075486 shardingConf="(kind: AutoSharding, numShardsInCluster: 1)" subscribeShards=@[0]
[2026-10-04 18:27:40.313] [out] [delivery_module] INF 2026-10-04 18:27:40.313+02:00 Configuration: Enabled protocols           topics="waku conf" tid=6075486 relay=true rlnRelay=false store=false filter=false lightPush=false peerExchange=false rendezvous=false
[2026-10-04 18:27:40.313] [out] [delivery_module] INF 2026-10-04 18:27:40.313+02:00 Configuration. Network                     topics="waku conf" tid=6075486 cluster=42
[2026-10-04 18:27:40.313] [out] [delivery_module] DBG 2026-10-04 18:27:40.313+02:00 Configuration. Active Relay Shards         topics="waku conf" tid=6075486 shard=0
[2026-10-04 18:27:40.313] [out] [delivery_module] INF 2026-10-04 18:27:40.313+02:00 Setting up storage                         tid=6075486
[2026-10-04 18:27:40.313] [out] [delivery_module] INF 2026-10-04 18:27:40.313+02:00 Initializing node                          tid=6075486
[2026-10-04 18:27:40.313] [out] [delivery_module] INF 2026-10-04 18:27:40.313+02:00 Initializing networking                    tid=6075486 addrs=@[/ip4/127.0.0.1/tcp/53043]
[2026-10-04 18:27:40.313] [out] [delivery_module] INF 2026-10-04 18:27:40.313+02:00 Mounting protocols                         tid=6075486
[2026-10-04 18:27:40.313] [out] [delivery_module] INF 2026-10-04 18:27:40.313+02:00 Created WakuMetadata protocol              topics="waku node" tid=6075486 clusterId=42 shards="[0]"
[2026-10-04 18:27:40.313] [out] [delivery_module] INF 2026-10-04 18:27:40.313+02:00 Mounting mix protocol                      topics="waku node" tid=6075486INF 2026-10-04 18:27:40.313+02:00 node info                                  topics="waku node" tid=6075486 wakuInfo="(listenAddresses: [/ip4/127.0.0.1/tcp/53043/p2p/16Uiu2HAmSb9oZxQDfrvQvs6Ezs7woNq8ASn89tEKvV5EmovFQb3a], enrUri: enr:-JS4QHvzB07nJXMI2Tdij6nVGs5LrxUKzbfLYdMoeF9pzzoAfMM8OgOXMh8K5eeLLMVwsvAZzKANTwRrt2w8Pj3K6FYBgmlkgnY0gmlwhH8AAAGCcnOFACoBAACJc2VjcDI1NmsxoQPPB_t82ryeu0dvclBKDOh6zyW5BkiCYMt-MmDX5wdEdYN0Y3CCzzOFd2FrdTIh, mixPubKey: none())"
[2026-10-04 18:27:40.313] [out] [delivery_module]  nodeId="(listenAddresses: [/ip4/127.0.0.1/tcp/53043/p2p/16Uiu2HAmSb9oZxQDfrvQvs6Ezs7woNq8ASn89tEKvV5EmovFQb3a], enrUri: enr:-JS4QHvzB07nJXMI2Tdij6nVGs5LrxUKzbfLYdMoeF9pzzoAfMM8OgOXMh8K5eeLLMVwsvAZzKANTwRrt2w8Pj3K6FYBgmlkgnY0gmlwhH8AAAGCcnOFACoBAACJc2VjcDI1NmsxoQPPB_t82ryeu0dvclBKDOh6zyW5BkiCYMt-MmDX5wdEdYN0Y3CCzzOFd2FrdTIh, mixPubKey: none())"
[2026-10-04 18:27:40.313] [out] [delivery_module] INF 2026-10-04 18:27:40.313+02:00 local addr                                 topics="waku node" tid=6075486 localaddr=/ip4/127.0.0.1/tcp/53043
[2026-10-04 18:27:40.313] [out] [delivery_module] INF 2026-10-04 18:27:40.313+02:00 mixPubKey                                  topics="waku node" tid=6075486 mixPubKey="[177, 41, 13, 192, 99, 27, 125, 187, 49, 81, 190, 224, 7, 39, 121, 219, 19, 199, 218, 83, 25, 214, 115, 161, 120, 165, 162, 69, 201, 177, 247, 57]"
[2026-10-04 18:27:40.314] [out] [delivery_module] INF 2026-10-04 18:27:40.314+02:00 Using mix bootstrap nodes                  topics="waku mix" tid=6075486 entries=4 poolSize=4
[2026-10-04 18:27:40.314] [out] [delivery_module] INF 2026-10-04 18:27:40.314+02:00 mounting store client                      topics="waku node store api" tid=6075486
[2026-10-04 18:27:40.314] [out] [delivery_module] INF 2026-10-04 18:27:40.314+02:00 Mounting auto sharding                     topics="waku node" tid=6075486 clusterId=42 shardCount=1
[2026-10-04 18:27:40.314] [out] [delivery_module] DBG 2026-10-04 18:27:40.314+02:00 Shards created from content topics         tid=6075486 contentTopics=[] shards=[]
[2026-10-04 18:27:40.314] [out] [delivery_module] DBG 2026-10-04 18:27:40.314+02:00 Setting max message size                   tid=6075486 num_bytes=153600
[2026-10-04 18:27:40.314] [out] [delivery_module] INF 2026-10-04 18:27:40.314+02:00 mounting relay protocol                    topics="waku node relay api" tid=6075486
[2026-10-04 18:27:40.314] [out] [delivery_module] DBG 2026-10-04 18:27:40.314+02:00 relay mounted successfully                 topics="waku node relay api" tid=6075486
[2026-10-04 18:27:40.314] [out] [delivery_module] DBG 2026-10-04 18:27:40.314+02:00 Adding validator to signed shards          tid=6075486 protectedShards=[] clusterId=42
[2026-10-04 18:27:40.314] [out] [delivery_module] INF 2026-10-04 18:27:40.314+02:00 mounting libp2p ping protocol              topics="waku node ping api" tid=6075486
[2026-10-04 18:27:40.314] [out] [delivery_module] INF 2026-10-04 18:27:40.314+02:00 mounting light push client                 topics="waku node lightpush api" tid=6075486
[2026-10-04 18:27:40.314] [out] [delivery_module] INF 2026-10-04 18:27:40.314+02:00 mounting legacy light push client          topics="waku node lightpush api" tid=6075486
[2026-10-04 18:27:40.314] [out] [delivery_module] DBG 2026-10-04 18:27:40.314+02:00 Adding peer to service slots               topics="waku node peer_manager" tid=6075486 peerId=16U*wEgBBP addr=/ip4/127.0.0.1/tcp/53039 service=/vac/waku/lightpush/3.0.0
[2026-10-04 18:27:40.314] [out] [delivery_module] DBG 2026-10-04 18:27:40.314+02:00 Adding peer to service slots               topics="waku node peer_manager" tid=6075486 peerId=16U*wEgBBP addr=/ip4/127.0.0.1/tcp/53039 service=/vac/waku/lightpush/2.0.0-beta1
[2026-10-04 18:27:40.314] [out] [delivery_module] INF 2026-10-04 18:27:40.314+02:00 mounting filter client                     topics="waku node filter api" tid=6075486
[2026-10-04 18:27:40.314] [out] [delivery_module] INF 2026-10-04 18:27:40.314+02:00 mounting waku peer exchange client         topics="waku node peerexchange api" tid=6075486
[2026-10-04 18:27:40.314] [out] [delivery_module] INF 2026-10-04 18:27:40.314+02:00 No external callbacks to be set            topics="wakunode waku" tid=6075486
[2026-10-04 18:27:40.314] [out] [delivery_module] INF 2026-10-04 18:27:40.314+02:00 Setting up AutonatService                  topics="libp2p autonatservice" tid=6075486
[2026-10-04 18:27:40.314] [info] [logos] [delivery_module] DeliveryModuleImpl::createNode callback called with ret: 0
[2026-10-04 18:27:40.315] [info] [logos] [delivery_module] DeliveryModuleImpl: Delivery context created successfully
[2026-10-04 18:27:40.315] [info] [logos] [delivery_module] DeliveryModuleImpl::start called
[2026-10-04 18:27:40.316] [out] [delivery_module] INF 2026-10-04 18:27:40.316+02:00 Retrieve dynamic bootstrap nodes           topics="wakunode waku" tid=6075486
[2026-10-04 18:27:40.316] [info] [logos] [delivery_module] DeliveryModuleImpl::getNodeInfo called with nodeInfoId: MyPeerId
[2026-10-04 18:27:40.316] [out] [delivery_module] INF 2026-10-04 18:27:40.316+02:00 Running nwaku node                         tid=6075486 version=v0.39.0-gca2814
[2026-10-04 18:27:40.316] [out] [delivery_module] INF 2026-10-04 18:27:40.316+02:00 Starting Waku node                         topics="waku node" tid=6075486 version=v0.39.0-gca2814
[2026-10-04 18:27:40.316] [out] [delivery_module] DBG 2026-10-04 18:27:40.316+02:00 starting switch for peer                   topics="libp2p switch" tid=6075486 peerInfo="(peerId: 16Uiu2HAmSb9oZxQDfrvQvs6Ezs7woNq8ASn89tEKvV5EmovFQb3a, listenAddrs: [/ip4/127.0.0.1/tcp/53043], addrs: [], protocols: [/ipfs/id/1.0.0, /libp2p/autonat/1.0.0, /libp2p/circuit/relay/0.2.0/hop, /vac/waku/metadata/1.0.0, /mix/1.0.0, /vac/waku/relay/2.0.0, /ipfs/ping/1.0.0, /vac/waku/filter-push/2.0.0-beta1], protoVersion: ipfs/0.1.0, agentVersion: logos-delivery-v0.39.0-gca2814)"
[2026-10-04 18:27:40.316] [out] [delivery_module] DBG 2026-10-04 18:27:40.316+02:00 About to accept incoming connection        topics="libp2p switch" tid=6075486
[2026-10-04 18:27:40.316] [out] [delivery_module] INF 2026-10-04 18:27:40.316+02:00 start                                      topics="waku relay" tid=6075486
[2026-10-04 18:27:40.316] [out] [delivery_module] DBG 2026-10-04 18:27:40.316+02:00 Started libp2p node                        topics="libp2p switch" tid=6075486 peer="(peerId: 16Uiu2HAmSb9oZxQDfrvQvs6Ezs7woNq8ASn89tEKvV5EmovFQb3a, listenAddrs: [/ip4/127.0.0.1/tcp/53043], addrs: [/ip4/127.0.0.1/tcp/53043], protocols: [/ipfs/id/1.0.0, /libp2p/autonat/1.0.0, /libp2p/circuit/relay/0.2.0/hop, /vac/waku/metadata/1.0.0, /mix/1.0.0, /vac/waku/relay/2.0.0, /ipfs/ping/1.0.0, /vac/waku/filter-push/2.0.0-beta1], protoVersion: ipfs/0.1.0, agentVersion: logos-delivery-v0.39.0-gca2814)"
[2026-10-04 18:27:40.317] [out] [delivery_module] INF 2026-10-04 18:27:40.317+02:00 Announced base resolved                    topics="waku node" tid=6075486 addrs=@[/ip4/127.0.0.1/tcp/53043] explicit=@[/ip4/127.0.0.1/tcp/53043]
[2026-10-04 18:27:40.317] [out] [delivery_module] DBG 2026-10-04 18:27:40.317+02:00 ENR addresses updated                      topics="waku enr" tid=6075486 retained=1 total=1
[2026-10-04 18:27:40.317] [out] [delivery_module] INF 2026-10-04 18:27:40.317+02:00 Node started successfully                  topics="waku node" tid=6075486
[2026-10-04 18:27:40.317] [out] [delivery_module] DBG 2026-10-04 18:27:40.317+02:00 Dialing multiple peers                     tid=6075486 numOfPeers=4 nodes="@[\"/ip4/127.0.0.1/tcp/53039/p2p/16Uiu2HAkvfLRD5VtKRyEaKCW1mxQhFkQpGUMN6QhEP2CoWwEgBBP\", \"/ip4/127.0.0.1/tcp/53040/p2p/16Uiu2HAkyvUS3uqkm7gcJjY39V55XkzjX2Ff9HnLAAhxKKSUPPAy\", \"/ip4/127.0.0.1/tcp/53041/p2p/16Uiu2HAkyHnuFFwKzDAab16dNuDxvUmWjvox6AsDW3LNfCgomRc3\", \"/ip4/127.0.0.1/tcp/53042/p2p/16Uiu2HAmB95jC2nc9KwVt3iPznirTpKjywdZVEecRFGjrw8FD2x9\"]"
[2026-10-04 18:27:40.317] [out] [delivery_module] DBG 2026-10-04 18:27:40.317+02:00 Dialing peer                               topics="libp2p dialer" tid=6075486 peerId=16U*wEgBBP addrs="[/ip4/127.0.0.1/tcp/53039]"
[2026-10-04 18:27:40.317] [out] [delivery_module] DBG 2026-10-04 18:27:40.317+02:00 Expanded address and hostname              topics="libp2p dialer" tid=6075486 expandedAddress=/ip4/127.0.0.1/tcp/53039 hostname=127.0.0.1 resolvedAddresses="[/ip4/127.0.0.1/tcp/53039]"
[2026-10-04 18:27:40.317] [out] [delivery_module] DBG 2026-10-04 18:27:40.317+02:00 Dialing peer                               topics="libp2p dialer" tid=6075486 peerId=16U*SUPPAy addrs="[/ip4/127.0.0.1/tcp/53040]"
[2026-10-04 18:27:40.317] [out] [delivery_module] DBG 2026-10-04 18:27:40.317+02:00 Expanded address and hostname              topics="libp2p dialer" tid=6075486 expandedAddress=/ip4/127.0.0.1/tcp/53040 hostname=127.0.0.1 resolvedAddresses="[/ip4/127.0.0.1/tcp/53040]"
[2026-10-04 18:27:40.317] [out] [delivery_module] DBG 2026-10-04 18:27:40.317+02:00 Dialing peer                               topics="libp2p dialer" tid=6075486 peerId=16U*gomRc3 addrs="[/ip4/127.0.0.1/tcp/53041]"
[2026-10-04 18:27:40.317] [out] [delivery_module] DBG 2026-10-04 18:27:40.317+02:00 Expanded address and hostname              topics="libp2p dialer" tid=6075486 expandedAddress=/ip4/127.0.0.1/tcp/53041 hostname=127.0.0.1 resolvedAddresses="[/ip4/127.0.0.1/tcp/53041]"
[2026-10-04 18:27:40.317] [out] [delivery_module] DBG 2026-10-04 18:27:40.317+02:00 Dialing peer                               topics="libp2p dialer" tid=6075486 peerId=16U*8FD2x9 addrs="[/ip4/127.0.0.1/tcp/53042]"
[2026-10-04 18:27:40.317] [out] [delivery_module] DBG 2026-10-04 18:27:40.317+02:00 Expanded address and hostname              topics="libp2p dialer" tid=6075486 expandedAddress=/ip4/127.0.0.1/tcp/53042 hostname=127.0.0.1 resolvedAddresses="[/ip4/127.0.0.1/tcp/53042]"
[2026-10-04 18:27:40.318] [info] [logos] [delivery_module] DeliveryModuleImpl::subscribe called with contentTopic: /lp0026forum/1/general/text
[2026-10-04 18:27:40.318] [out] [delivery_module] DBG 2026-10-04 18:27:40.318+02:00 Subscribing to pubsub topic                topics="waku relay" tid=6075486 pubsubTopic=/waku/2/rs/42/0
[2026-10-04 18:27:40.318] [info] [logos] [delivery_module] DeliveryModuleImpl: Subscribe completed for topic: /lp0026forum/1/general/text with success
[2026-10-04 18:27:40.318] [out] [delivery_module] DBG 2026-10-04 18:27:40.318+02:00 No mesh peer for the given pubsub topic    topics="waku relay" tid=6075486 pubsubTopic=/waku/2/rs/42/0
[2026-10-04 18:27:40.320] [out] [delivery_module] DBG 2026-10-04 18:27:40.320+02:00 Dial successful                            topics="libp2p dialer" tid=6075486 peerId=16U*SUPPAy
[2026-10-04 18:27:40.320] [out] [delivery_module] DBG 2026-10-04 18:27:40.320+02:00 starting sendNonHighPriorityTask           topics="libp2p pubsubpeer" tid=6075486 p=16U*SUPPAy
[2026-10-04 18:27:40.320] [out] [delivery_module] DBG 2026-10-04 18:27:40.320+02:00 created new pubsub peer                    topics="libp2p pubsub" tid=6075486 peerId=16U*SUPPAy
[2026-10-04 18:27:40.320] [out] [delivery_module] DBG 2026-10-04 18:27:40.320+02:00 no listener registered                     tid=6075487 event=onConnectionChange
[2026-10-04 18:27:40.321] [out] [delivery_module] DBG 2026-10-04 18:27:40.320+02:00 Dial successful                            topics="libp2p dialer" tid=6075486 peerId=16U*gomRc3
[2026-10-04 18:27:40.321] [out] [delivery_module] DBG 2026-10-04 18:27:40.321+02:00 starting sendNonHighPriorityTask           topics="libp2p pubsubpeer" tid=6075486 p=16U*gomRc3
[2026-10-04 18:27:40.321] [out] [delivery_module] DBG 2026-10-04 18:27:40.321+02:00 created new pubsub peer                    topics="libp2p pubsub" tid=6075486 peerId=16U*gomRc3
[2026-10-04 18:27:40.321] [out] [delivery_module] DBG 2026-10-04 18:27:40.321+02:00 no listener registered                     tid=6075487 event=onConnectionChange
[2026-10-04 18:27:40.321] [out] [delivery_module] DBG 2026-10-04 18:27:40.321+02:00 Incoming WakuRelay connection              topics="waku relay" tid=6075486 connection=16U*SUPPAy:6ac27e7cca1dbec82ed9b343 protocol=/vac/waku/relay/2.0.0
[2026-10-04 18:27:40.321] [out] [delivery_module] DBG 2026-10-04 18:27:40.321+02:00 starting pubsub read loop                  topics="libp2p pubsubpeer" tid=6075486 stream=16U*SUPPAy:6ac27e7cca1dbec82ed9b343 peer=16U*SUPPAy closed=false
[2026-10-04 18:27:40.321] [out] [delivery_module] DBG 2026-10-04 18:27:40.321+02:00 identify: info sent                        topics="libp2p identify" tid=6075486 stream=16U*SUPPAy:6ac27e7cca1dbec82ed9b344 info="(peerId: 16Uiu2HAmSb9oZxQDfrvQvs6Ezs7woNq8ASn89tEKvV5EmovFQb3a, listenAddrs: [/ip4/127.0.0.1/tcp/53043], addrs: [/ip4/127.0.0.1/tcp/53043], protocols: [/ipfs/id/1.0.0, /libp2p/autonat/1.0.0, /libp2p/circuit/relay/0.2.0/hop, /vac/waku/metadata/1.0.0, /mix/1.0.0, /vac/waku/relay/2.0.0, /ipfs/ping/1.0.0, /vac/waku/filter-push/2.0.0-beta1], protoVersion: ipfs/0.1.0, agentVersion: logos-delivery-v0.39.0-gca2814)"
[2026-10-04 18:27:40.321] [out] [delivery_module] DBG 2026-10-04 18:27:40.321+02:00 Incoming WakuRelay connection              topics="waku relay" tid=6075486 connection=16U*gomRc3:6ac27e7cca1dbec82ed9b345 protocol=/vac/waku/relay/2.0.0
[2026-10-04 18:27:40.321] [out] [delivery_module] DBG 2026-10-04 18:27:40.321+02:00 starting pubsub read loop                  topics="libp2p pubsubpeer" tid=6075486 stream=16U*gomRc3:6ac27e7cca1dbec82ed9b345 peer=16U*gomRc3 closed=false
[2026-10-04 18:27:40.321] [out] [delivery_module] DBG 2026-10-04 18:27:40.321+02:00 identify: info sent                        topics="libp2p identify" tid=6075486 stream=16U*gomRc3:6ac27e7cca1dbec82ed9b346 info="(peerId: 16Uiu2HAmSb9oZxQDfrvQvs6Ezs7woNq8ASn89tEKvV5EmovFQb3a, listenAddrs: [/ip4/127.0.0.1/tcp/53043], addrs: [/ip4/127.0.0.1/tcp/53043], protocols: [/ipfs/id/1.0.0, /libp2p/autonat/1.0.0, /libp2p/circuit/relay/0.2.0/hop, /vac/waku/metadata/1.0.0, /mix/1.0.0, /vac/waku/relay/2.0.0, /ipfs/ping/1.0.0, /vac/waku/filter-push/2.0.0-beta1], protoVersion: ipfs/0.1.0, agentVersion: logos-delivery-v0.39.0-gca2814)"
[2026-10-04 18:27:40.321] [out] [delivery_module] DBG 2026-10-04 18:27:40.321+02:00 Dial successful                            topics="libp2p dialer" tid=6075486 peerId=16U*8FD2x9
[2026-10-04 18:27:40.321] [out] [delivery_module] DBG 2026-10-04 18:27:40.321+02:00 starting sendNonHighPriorityTask           topics="libp2p pubsubpeer" tid=6075486 p=16U*8FD2x9
[2026-10-04 18:27:40.321] [out] [delivery_module] DBG 2026-10-04 18:27:40.321+02:00 created new pubsub peer                    topics="libp2p pubsub" tid=6075486 peerId=16U*8FD2x9
[2026-10-04 18:27:40.321] [out] [delivery_module] DBG 2026-10-04 18:27:40.321+02:00 no listener registered                     tid=6075487 event=onConnectionChange
[2026-10-04 18:27:40.322] [out] [delivery_module] DBG 2026-10-04 18:27:40.322+02:00 Incoming WakuRelay connection              topics="waku relay" tid=6075486 connection=16U*8FD2x9:6ac27e7cca1dbec82ed9b34b protocol=/vac/waku/relay/2.0.0
[2026-10-04 18:27:40.322] [out] [delivery_module] DBG 2026-10-04 18:27:40.322+02:00 starting pubsub read loop                  topics="libp2p pubsubpeer" tid=6075486 stream=16U*8FD2x9:6ac27e7cca1dbec82ed9b34b peer=16U*8FD2x9 closed=false
[2026-10-04 18:27:40.322] [out] [delivery_module] DBG 2026-10-04 18:27:40.322+02:00 identify: info sent                        topics="libp2p identify" tid=6075486 stream=16U*8FD2x9:6ac27e7cca1dbec82ed9b34c info="(peerId: 16Uiu2HAmSb9oZxQDfrvQvs6Ezs7woNq8ASn89tEKvV5EmovFQb3a, listenAddrs: [/ip4/127.0.0.1/tcp/53043], addrs: [/ip4/127.0.0.1/tcp/53043], protocols: [/ipfs/id/1.0.0, /libp2p/autonat/1.0.0, /libp2p/circuit/relay/0.2.0/hop, /vac/waku/metadata/1.0.0, /mix/1.0.0, /vac/waku/relay/2.0.0, /ipfs/ping/1.0.0, /vac/waku/filter-push/2.0.0-beta1], protoVersion: ipfs/0.1.0, agentVersion: logos-delivery-v0.39.0-gca2814)"
[2026-10-04 18:27:40.322] [out] [delivery_module] DBG 2026-10-04 18:27:40.322+02:00 Dial successful                            topics="libp2p dialer" tid=6075486 peerId=16U*wEgBBP
[2026-10-04 18:27:40.322] [out] [delivery_module] DBG 2026-10-04 18:27:40.322+02:00 starting sendNonHighPriorityTask           topics="libp2p pubsubpeer" tid=6075486 p=16U*wEgBBP
[2026-10-04 18:27:40.322] [out] [delivery_module] DBG 2026-10-04 18:27:40.322+02:00 created new pubsub peer                    topics="libp2p pubsub" tid=6075486 peerId=16U*wEgBBP
[2026-10-04 18:27:40.322] [out] [delivery_module] DBG 2026-10-04 18:27:40.322+02:00 no listener registered                     tid=6075487 event=onConnectionChange
[2026-10-04 18:27:40.322] [out] [delivery_module] DBG 2026-10-04 18:27:40.322+02:00 Incoming WakuRelay connection              topics="waku relay" tid=6075486 connection=16U*wEgBBP:6ac27e7cca1dbec82ed9b34f protocol=/vac/waku/relay/2.0.0
[2026-10-04 18:27:40.322] [out] [delivery_module] DBG 2026-10-04 18:27:40.322+02:00 starting pubsub read loop                  topics="libp2p pubsubpeer" tid=6075486 stream=16U*wEgBBP:6ac27e7cca1dbec82ed9b34f peer=16U*wEgBBP closed=false
[2026-10-04 18:27:40.322] [out] [delivery_module] DBG 2026-10-04 18:27:40.322+02:00 identify: info sent                        topics="libp2p identify" tid=6075486 stream=16U*wEgBBP:6ac27e7cca1dbec82ed9b350 info="(peerId: 16Uiu2HAmSb9oZxQDfrvQvs6Ezs7woNq8ASn89tEKvV5EmovFQb3a, listenAddrs: [/ip4/127.0.0.1/tcp/53043], addrs: [/ip4/127.0.0.1/tcp/53043], protocols: [/ipfs/id/1.0.0, /libp2p/autonat/1.0.0, /libp2p/circuit/relay/0.2.0/hop, /vac/waku/metadata/1.0.0, /mix/1.0.0, /vac/waku/relay/2.0.0, /ipfs/ping/1.0.0, /vac/waku/filter-push/2.0.0-beta1], protoVersion: ipfs/0.1.0, agentVersion: logos-delivery-v0.39.0-gca2814)"
[2026-10-04 18:27:40.322] [out] [delivery_module] DBG 2026-10-04 18:27:40.322+02:00 identify: info received                    topics="libp2p identify" tid=6075486 stream=16U*SUPPAy:6ac27e7cca1dbec82ed9b348 pubkey=ok(sec...9200)) addresses=/ip4/127.0.0.1/tcp/53040 protocols=/ipfs/id/1.0.0,/libp2p/autonat/1.0.0,/libp2p/circuit/relay/0.2.0/hop,/vac/waku/metadata/1.0.0,/mix/1.0.0,/vac/waku/relay/2.0.0,/ipfs/ping/1.0.0,/vac/waku/lightpush/3.0.0,/vac/waku/lightpush/2.0.0-beta1,/vac/waku/filter-push/2.0.0-beta1 observable_address=ok(/ip4/127.0.0.1/tcp/53419) proto_version=ipfs/0.1.0 agent_version=logos-delivery-v0.39.0-gca2814 signedPeerRecord=None
[2026-10-04 18:27:40.323] [out] [delivery_module] DBG 2026-10-04 18:27:40.323+02:00 identify: info received                    topics="libp2p identify" tid=6075486 stream=16U*gomRc3:6ac27e7cca1dbec82ed9b34a pubkey=ok(sec...4564)) addresses=/ip4/127.0.0.1/tcp/53041 protocols=/ipfs/id/1.0.0,/libp2p/autonat/1.0.0,/libp2p/circuit/relay/0.2.0/hop,/vac/waku/metadata/1.0.0,/mix/1.0.0,/vac/waku/relay/2.0.0,/ipfs/ping/1.0.0,/vac/waku/lightpush/3.0.0,/vac/waku/lightpush/2.0.0-beta1,/vac/waku/filter-push/2.0.0-beta1 observable_address=ok(/ip4/127.0.0.1/tcp/53420) proto_version=ipfs/0.1.0 agent_version=logos-delivery-v0.39.0-gca2814 signedPeerRecord=None
[2026-10-04 18:27:40.323] [out] [delivery_module] DBG 2026-10-04 18:27:40.323+02:00 starting pubsub read loop                  topics="libp2p pubsubpeer" tid=6075486 stream=16U*SUPPAy:6ac27e7cca1dbec82ed9b347 peer=16U*SUPPAy closed=false
[2026-10-04 18:27:40.323] [out] [delivery_module] DBG 2026-10-04 18:27:40.323+02:00 Event identified                           topics="waku node peer_manager" tid=6075486 peerId=16U*SUPPAy
[2026-10-04 18:27:40.323] [out] [delivery_module] DBG 2026-10-04 18:27:40.323+02:00 no listener registered                     tid=6075487 event=onConnectionChange
[2026-10-04 18:27:40.323] [out] [delivery_module] DBG 2026-10-04 18:27:40.323+02:00 starting pubsub read loop                  topics="libp2p pubsubpeer" tid=6075486 stream=16U*gomRc3:6ac27e7cca1dbec82ed9b349 peer=16U*gomRc3 closed=false
[2026-10-04 18:27:40.323] [out] [delivery_module] DBG 2026-10-04 18:27:40.323+02:00 Event identified                           topics="waku node peer_manager" tid=6075486 peerId=16U*gomRc3
[2026-10-04 18:27:40.323] [out] [delivery_module] DBG 2026-10-04 18:27:40.323+02:00 no listener registered                     tid=6075487 event=onConnectionChange
[2026-10-04 18:27:40.323] [out] [delivery_module] DBG 2026-10-04 18:27:40.323+02:00 identify: info received                    topics="libp2p identify" tid=6075486 stream=16U*8FD2x9:6ac27e7cca1dbec82ed9b34e pubkey=ok(sec...91fe)) addresses=/ip4/127.0.0.1/tcp/53042 protocols=/ipfs/id/1.0.0,/libp2p/autonat/1.0.0,/libp2p/circuit/relay/0.2.0/hop,/vac/waku/metadata/1.0.0,/mix/1.0.0,/vac/waku/relay/2.0.0,/ipfs/ping/1.0.0,/vac/waku/lightpush/3.0.0,/vac/waku/lightpush/2.0.0-beta1,/vac/waku/filter-push/2.0.0-beta1 observable_address=ok(/ip4/127.0.0.1/tcp/53421) proto_version=ipfs/0.1.0 agent_version=logos-delivery-v0.39.0-gca2814 signedPeerRecord=None
[2026-10-04 18:27:40.324] [out] [delivery_module] DBG 2026-10-04 18:27:40.324+02:00 starting pubsub read loop                  topics="libp2p pubsubpeer" tid=6075486 stream=16U*8FD2x9:6ac27e7cca1dbec82ed9b34d peer=16U*8FD2x9 closed=false
[2026-10-04 18:27:40.324] [out] [delivery_module] DBG 2026-10-04 18:27:40.324+02:00 identify: info received                    topics="libp2p identify" tid=6075486 stream=16U*wEgBBP:6ac27e7cca1dbec82ed9b352 pubkey=ok(sec...7ef2)) addresses=/ip4/127.0.0.1/tcp/53039 protocols=/ipfs/id/1.0.0,/libp2p/autonat/1.0.0,/libp2p/circuit/relay/0.2.0/hop,/vac/waku/metadata/1.0.0,/mix/1.0.0,/vac/waku/relay/2.0.0,/ipfs/ping/1.0.0,/vac/waku/lightpush/3.0.0,/vac/waku/lightpush/2.0.0-beta1,/vac/waku/filter-push/2.0.0-beta1 observable_address=ok(/ip4/127.0.0.1/tcp/53418) proto_version=ipfs/0.1.0 agent_version=logos-delivery-v0.39.0-gca2814 signedPeerRecord=None
[2026-10-04 18:27:40.324] [out] [delivery_module] DBG 2026-10-04 18:27:40.324+02:00 Event identified                           topics="waku node peer_manager" tid=6075486 peerId=16U*8FD2x9
[2026-10-04 18:27:40.324] [out] [delivery_module] DBG 2026-10-04 18:27:40.324+02:00 no listener registered                     tid=6075487 event=onConnectionChange
[2026-10-04 18:27:40.324] [out] [delivery_module] DBG 2026-10-04 18:27:40.324+02:00 starting pubsub read loop                  topics="libp2p pubsubpeer" tid=6075486 stream=16U*wEgBBP:6ac27e7cca1dbec82ed9b351 peer=16U*wEgBBP closed=false
[2026-10-04 18:27:40.324] [out] [delivery_module] DBG 2026-10-04 18:27:40.324+02:00 Event identified                           topics="waku node peer_manager" tid=6075486 peerId=16U*wEgBBP
[2026-10-04 18:27:40.324] [out] [delivery_module] DBG 2026-10-04 18:27:40.324+02:00 no listener registered                     tid=6075487 event=onConnectionChange
[2026-10-04 18:27:40.325] [out] [delivery_module] DBG 2026-10-04 18:27:40.325+02:00 Received WakuMetadata request              topics="waku metadata" tid=6075486 remoteClusterId=ok(42) remoteShards="[0]" localClusterId=42 localShards="[0]" peer=16U*SUPPAy
[2026-10-04 18:27:40.325] [out] [delivery_module] DBG 2026-10-04 18:27:40.325+02:00 Received WakuMetadata request              topics="waku metadata" tid=6075486 remoteClusterId=ok(42) remoteShards="[0]" localClusterId=42 localShards="[0]" peer=16U*gomRc3
[2026-10-04 18:27:40.325] [out] [delivery_module] DBG 2026-10-04 18:27:40.325+02:00 Received WakuMetadata request              topics="waku metadata" tid=6075486 remoteClusterId=ok(42) remoteShards="[0]" localClusterId=42 localShards="[0]" peer=16U*8FD2x9
[2026-10-04 18:27:40.326] [out] [delivery_module] DBG 2026-10-04 18:27:40.326+02:00 no listener registered                     tid=6075487 event=onConnectionChange
[2026-10-04 18:27:40.326] [out] [delivery_module] DBG 2026-10-04 18:27:40.326+02:00 no listener registered                     tid=6075487 event=onConnectionChange
[2026-10-04 18:27:40.326] [out] [delivery_module] DBG 2026-10-04 18:27:40.326+02:00 Received WakuMetadata request              topics="waku metadata" tid=6075486 remoteClusterId=ok(42) remoteShards="[0]" localClusterId=42 localShards="[0]" peer=16U*wEgBBP
[2026-10-04 18:27:40.326] [out] [delivery_module] DBG 2026-10-04 18:27:40.326+02:00 no listener registered                     tid=6075487 event=onConnectionChange
[2026-10-04 18:27:40.327] [out] [delivery_module] DBG 2026-10-04 18:27:40.327+02:00 no listener registered                     tid=6075487 event=onConnectionChange
[2026-10-04 18:27:40.327] [out] [delivery_module] DBG 2026-10-04 18:27:40.327+02:00 Finished dialing multiple peers            tid=6075486 successfulConns=4 attempted=4
[2026-10-04 18:27:40.327] [out] [delivery_module] DBG 2026-10-04 18:27:40.327+02:00 Starting peer exchange loop                topics="waku node peerexchange api" tid=6075486
[2026-10-04 18:27:40.327] [out] [delivery_module] DBG 2026-10-04 18:27:40.327+02:00 Retrieving peer info via peer exchange protocol topics="waku node peerexchange api" tid=6075486 amount=5
[2026-10-04 18:27:40.327] [out] [delivery_module] DBG 2026-10-04 18:27:40.327+02:00 Peer exchange request could not be made as no peer exchange peers found topics="waku peer_exchange client" tid=6075486
[2026-10-04 18:27:40.327] [out] [delivery_module] DBG 2026-10-04 18:27:40.327+02:00 Failed to retrieve peer info via peer exchange protocol topics="waku node peerexchange api" tid=6075486 error="(status_code: SERVICE_UNAVAILABLE, status_desc: ok(peer_not_found_failure))"
[2026-10-04 18:27:40.327] [out] [delivery_module] DBG 2026-10-04 18:27:40.327+02:00 Cannot fetch peers from peer exchange      topics="waku node peerexchange api" tid=6075486 cause="(status_code: SERVICE_UNAVAILABLE, status_desc: ok(peer_not_found_failure))"
[2026-10-04 18:27:40.327] [out] [delivery_module] INF 2026-10-04 18:27:40.327+02:00 Relay peer connections                     topics="waku node peer_manager" tid=6075486 inRelayConns=0/50 outRelayConns=4/25 totalConnections=4/150 notConnectedPeers=0 outsideBackoffPeers=0
[2026-10-04 18:27:40.328] [out] [delivery_module] DBG 2026-10-04 18:27:40.328+02:00 ENR addresses updated                      topics="waku enr" tid=6075486 retained=1 total=1
[2026-10-04 18:27:40.328] [out] [delivery_module] INF 2026-10-04 18:27:40.328+02:00 Node is online                             topics="waku online monitor" tid=6075486
[2026-10-04 18:27:40.328] [out] [delivery_module] INF 2026-10-04 18:27:40.328+02:00 Health monitor loop start                  tid=6075486
[2026-10-04 18:27:40.328] [out] [delivery_module] DBG 2026-10-04 18:27:40.328+02:00 calculateConnectionState                   tid=6075486 relayCount=4 storeClientCount=0 lightpushCount=4 filterCount=0
[2026-10-04 18:27:40.328] [out] [delivery_module] DBG 2026-10-04 18:27:40.328+02:00 connectionStatus change                    tid=6075486 oldstatus=Disconnected newstatus=Connected
[2026-10-04 18:27:40.328] [out] [delivery_module] INF 2026-10-04 18:27:40.328+02:00 starting keepalive                         tid=6075486 randomPeersKeepalive=10s allPeersKeepalive=2m
Loaded UI plugin: "/nix/store/0qnbr8sh9kp4h3q230appx22j4s532mb-logos-forum_module-plugin-dir"
[QmlInspector] Inspector server listening on port 3768
[QmlInspector] Client connected from "::1"
[2026-10-04 18:27:48.096] [info] [logos] [delivery_module] DeliveryModuleImpl::send called with contentTopic: /lp0026forum/1/general/text
[2026-10-04 18:27:48.096] [out] [delivery_module] DBG 2026-10-04 18:27:48.096+02:00 SendService.send: processing delivery task topics="send service" tid=6075486 requestId=2cca238abb4e35470bf8 msgHash=0x873b40d9e0fc7d31ed891ca62b735f247a809673481d99c756010b105828ea42
[2026-10-04 18:27:48.096] [info] [logos] [delivery_module] DeliveryModuleImpl: Send initiated for topic: /lp0026forum/1/general/text, with success, requestId: 2cca238abb4e35470bf8
[2026-10-04 18:27:48.097] [out] [delivery_module] DBG 2026-10-04 18:27:48.097+02:00 Trying message delivery via Mix            topics="send service mix processor" tid=6075486 requestId=2cca238abb4e35470bf8 msgHash=0x873b40d9e0fc7d31ed891ca62b735f247a809673481d99c756010b105828ea42 tryCount=1
[2026-10-04 18:27:48.097] [out] [delivery_module] DBG 2026-10-04 18:27:48.097+02:00 Publishing message without RLN proof       tid=6075486
[2026-10-04 18:27:48.097] [out] [delivery_module] DBG 2026-10-04 18:27:48.097+02:00 Publishing message with lightpush          topics="waku node lightpush api" tid=6075486 pubsubTopic=/waku/2/rs/42/0 contentTopic=/lp0026forum/1/general/text target_peer_id=16U*wEgBBP msg_hash=0x873b40d9e0fc7d31ed891ca62b735f247a809673481d99c756010b105828ea42 mixify=true
[2026-10-04 18:27:48.097] [out] [delivery_module] DBG 2026-10-04 18:27:48.097+02:00 Publish                                    topics="waku lightpush client" tid=6075486 myPeerId=16U*vFQb3a peerId= msgHash=0x873b40d9e0fc7d31ed891ca62b735f247a809673481d99c756010b105828ea42 sentTime=1791131268097192960
[2026-10-04 18:27:48.097] [out] [delivery_module] DBG 2026-10-04 18:27:48.097+02:00 Destination data                           tid=6075486 destination=MixDestination[MixNode](16Uiu2HAkvfLRD5VtKRyEaKCW1mxQhFkQpGUMN6QhEP2CoWwEgBBP)
[2026-10-04 18:27:48.097] [out] [delivery_module] DBG 2026-10-04 18:27:48.097+02:00 Selected mix node:                         tid=6075486 indexInPath=0 peerId=16U*SUPPAy
[2026-10-04 18:27:48.097] [out] [delivery_module] DBG 2026-10-04 18:27:48.097+02:00 Selected mix node:                         tid=6075486 indexInPath=1 peerId=16U*8FD2x9
[2026-10-04 18:27:48.097] [out] [delivery_module] DBG 2026-10-04 18:27:48.097+02:00 Selected mix node:                         tid=6075486 indexInPath=2 peerId=16U*wEgBBP
[2026-10-04 18:27:48.097] [out] [delivery_module] DBG 2026-10-04 18:27:48.097+02:00 Selected mix node for surbs:               tid=6075486 indexInPath=0 peerId=16U*gomRc3
[2026-10-04 18:27:48.097] [out] [delivery_module] DBG 2026-10-04 18:27:48.097+02:00 Selected mix node for surbs:               tid=6075486 indexInPath=1 peerId=16U*8FD2x9
[2026-10-04 18:27:48.226] [out] [delivery_module] INF 2026-10-04 18:27:48.226+02:00 Message received                           tid=6075486 msg_hash=0x873b40d9e0fc7d31ed891ca62b735f247a809673481d99c756010b105828ea42 contentTopic=/lp0026forum/1/general/text pubsubTopic=/waku/2/rs/42/0 source=live
[2026-10-04 18:27:48.273] [out] [delivery_module] DBG 2026-10-04 18:27:48.273+02:00 Message propagated via Mix                 topics="send service mix processor" tid=6075486 requestId=2cca238abb4e35470bf8 msgHash=0x873b40d9e0fc7d31ed891ca62b735f247a809673481d99c756010b105828ea42
[2026-10-04 18:27:48.273] [out] [delivery_module] INF 2026-10-04 18:27:48.273+02:00 Message successfully propagated            topics="send service" tid=6075486 requestId=2cca238abb4e35470bf8 msgHash=withheld
[2026-10-04 18:27:48.605] [info] [logos] [delivery_module] DeliveryModuleImpl::getNodeInfo called with nodeInfoId: MyPeerId
[QmlInspector] Client disconnected
