warning: ignoring untrusted flake configuration setting 'extra-substituters'.
Pass '--accept-flake-config' to trust it
warning: ignoring untrusted flake configuration setting 'extra-trusted-public-keys'.
Pass '--accept-flake-config' to trust it
these 4 derivations will be built:
  /nix/store/nb1ci8w93xv3an74d2m162dw4wzyqkjs-logos-forum_module-module-lib-0.1.0.drv
  /nix/store/wvhb304psyxbvzp4fals2cxrrjwl2q8q-logos-forum_module-module.drv
  /nix/store/ia2p8dfg0kp9xg725ldpp1wpz63mxggp-run-standalone.drv
  /nix/store/1qlawk32ing64w63i6pmkjymwp2ds1hz-forum_module-integration-test.drv
building '/nix/store/nb1ci8w93xv3an74d2m162dw4wzyqkjs-logos-forum_module-module-lib-0.1.0.drv'...
logos-forum_module-module-lib> Running phase: qtPreHook
logos-forum_module-module-lib> Running phase: unpackPhase
logos-forum_module-module-lib> unpacking source archive /nix/store/mk4z1h9zyihp5abjn7wwbpbbilj99jpm-fi9fbp8jqgy71snm3qn2aaxc6292g1h5-source
logos-forum_module-module-lib> source root is fi9fbp8jqgy71snm3qn2aaxc6292g1h5-source
logos-forum_module-module-lib> Running phase: patchPhase
logos-forum_module-module-lib> Running phase: updateAutotoolsGnuConfigScriptsPhase
logos-forum_module-module-lib> Running phase: configurePhase
logos-forum_module-module-lib> Running logos-cpp-generator (api-style=qt)...
logos-forum_module-module-lib> Generating deps from LIDL: delivery_module, storage_module
logos-forum_module-module-lib> Generated logos_sdk.h and logos_sdk.cpp
logos-forum_module-module-lib> Running logos-qt-generator --backend consumer for the Qt-typed dependency wrappers...
logos-forum_module-module-lib> Generated: ./generated_code/delivery_module_api.h
logos-forum_module-module-lib> Generated: ./generated_code/delivery_module_api.cpp
logos-forum_module-module-lib> Generated: ./generated_code/storage_module_api.h
logos-forum_module-module-lib> Generated: ./generated_code/storage_module_api.cpp
logos-forum_module-module-lib> Checking generated files in generated_code:
logos-forum_module-module-lib> total 188
logos-forum_module-module-lib> drwxr-xr-x  8 _nixbld1 nixbld   256 Oct  6 12:05 .
logos-forum_module-module-lib> drwxr-xr-x 31 _nixbld1 nixbld   992 Oct  6 12:05 ..
logos-forum_module-module-lib> -rw-r--r--  1 _nixbld1 nixbld 61780 Oct  6 12:05 delivery_module_api.cpp
logos-forum_module-module-lib> -rw-r--r--  1 _nixbld1 nixbld 12269 Oct  6 12:05 delivery_module_api.h
logos-forum_module-module-lib> -rw-r--r--  1 _nixbld1 nixbld    94 Oct  6 12:05 logos_sdk.cpp
logos-forum_module-module-lib> -rw-r--r--  1 _nixbld1 nixbld   363 Oct  6 12:05 logos_sdk.h
logos-forum_module-module-lib> -rw-r--r--  1 _nixbld1 nixbld 87563 Oct  6 12:05 storage_module_api.cpp
logos-forum_module-module-lib> -rw-r--r--  1 _nixbld1 nixbld 15623 Oct  6 12:05 storage_module_api.h
logos-forum_module-module-lib> Creating include directory and moving generated files...
logos-forum_module-module-lib> Generated include directory:
logos-forum_module-module-lib> total 188
logos-forum_module-module-lib> drwxr-xr-x 8 _nixbld1 nixbld   256 Oct  6 12:05 .
logos-forum_module-module-lib> drwxr-xr-x 6 _nixbld1 nixbld   192 Oct  6 12:05 ..
logos-forum_module-module-lib> -rw-r--r-- 1 _nixbld1 nixbld 61780 Oct  6 12:05 delivery_module_api.cpp
logos-forum_module-module-lib> -rw-r--r-- 1 _nixbld1 nixbld 12269 Oct  6 12:05 delivery_module_api.h
logos-forum_module-module-lib> -rw-r--r-- 1 _nixbld1 nixbld    94 Oct  6 12:05 logos_sdk.cpp
logos-forum_module-module-lib> -rw-r--r-- 1 _nixbld1 nixbld   363 Oct  6 12:05 logos_sdk.h
logos-forum_module-module-lib> -rw-r--r-- 1 _nixbld1 nixbld 87563 Oct  6 12:05 storage_module_api.cpp
logos-forum_module-module-lib> -rw-r--r-- 1 _nixbld1 nixbld 15623 Oct  6 12:05 storage_module_api.h
logos-forum_module-module-lib> Stamped logos_protocol_version=0.9.0 into metadata.json
logos-forum_module-module-lib> logos-module-builder: generating ui plugin glue (forum_module)...
logos-forum_module-module-lib> Generated: ./generated_code/forum_module_ui_interface.h
logos-forum_module-module-lib> Generated: ./generated_code/forum_module_ui_glue.h
logos-forum_module-module-lib> Generated: ./generated_code/forum_module_ui_glue.cpp
logos-forum_module-module-lib> fixing cmake files...
logos-forum_module-module-lib> cmake flags: -GNinja -DCMAKE_FIND_USE_SYSTEM_PACKAGE_REGISTRY=OFF -DCMAKE_FIND_USE_PACKAGE_REGISTRY=OFF -DCMAKE_EXPORT_NO_PACKAGE_REGISTRY=ON -DCMAKE_BUILD_TYPE=Release -DBUILD_TESTING=OFF -DCMAKE_INSTALL_LOCALEDIR=/nix/store/6lzlc8dmh7lfh94igssak49xv7959ary-logos-forum_module-module-lib-0.1.0/share/locale -DCMAKE_INSTALL_LIBEXECDIR=/nix/store/6lzlc8dmh7lfh94igssak49xv7959ary-logos-forum_module-module-lib-0.1.0/libexec -DCMAKE_INSTALL_LIBDIR=/nix/store/6lzlc8dmh7lfh94igssak49xv7959ary-logos-forum_module-module-lib-0.1.0/lib -DCMAKE_INSTALL_DOCDIR=/nix/store/6lzlc8dmh7lfh94igssak49xv7959ary-logos-forum_module-module-lib-0.1.0/share/doc/ForumPlugin -DCMAKE_INSTALL_INFODIR=/nix/store/6lzlc8dmh7lfh94igssak49xv7959ary-logos-forum_module-module-lib-0.1.0/share/info -DCMAKE_INSTALL_MANDIR=/nix/store/6lzlc8dmh7lfh94igssak49xv7959ary-logos-forum_module-module-lib-0.1.0/share/man -DCMAKE_INSTALL_INCLUDEDIR=/nix/store/6lzlc8dmh7lfh94igssak49xv7959ary-logos-forum_module-module-lib-0.1.0/include -DCMAKE_INSTALL_SBINDIR=/nix/store/6lzlc8dmh7lfh94igssak49xv7959ary-logos-forum_module-module-lib-0.1.0/sbin -DCMAKE_INSTALL_BINDIR=/nix/store/6lzlc8dmh7lfh94igssak49xv7959ary-logos-forum_module-module-lib-0.1.0/bin -DCMAKE_INSTALL_NAME_DIR=/nix/store/6lzlc8dmh7lfh94igssak49xv7959ary-logos-forum_module-module-lib-0.1.0/lib -DCMAKE_POLICY_DEFAULT_CMP0025=NEW -DCMAKE_FIND_FRAMEWORK=LAST -DCMAKE_STRIP=/nix/store/zzx6cfl99zknfrj9v7lmrshwzslfjv26-clang-wrapper-19.1.7/bin/strip -DCMAKE_RANLIB=/nix/store/zzx6cfl99zknfrj9v7lmrshwzslfjv26-clang-wrapper-19.1.7/bin/ranlib -DCMAKE_AR=/nix/store/zzx6cfl99zknfrj9v7lmrshwzslfjv26-clang-wrapper-19.1.7/bin/ar -DCMAKE_C_COMPILER=clang -DCMAKE_CXX_COMPILER=clang++ -DCMAKE_INSTALL_PREFIX=/nix/store/6lzlc8dmh7lfh94igssak49xv7959ary-logos-forum_module-module-lib-0.1.0 -GNinja -DLOGOS_MODULE_ROOT=/nix/store/82rsdw74zycrwvy6aad94jnrg27f9a9a-logos-module-0.1.0 -DLOGOS_CPP_SDK_ROOT=/nix/store/a33v9dppa4k88xlv8cbls5n67vdrsik0-logos-cpp-sdk -DLOGOS_QT_SDK_ROOT=/nix/store/rwvd3ymqb9qq9z1pifq6gynvgwp07493-logos-qt-sdk -DLOGOS_QT_HOST_ROOT=/nix/store/awgcgwqqr529fg6lph2mhb3mjscs0a73-logos-qt-host-0.1.0 -DLOGOS_PROTOCOL_ROOT=/nix/store/l61qallmailjkxr24ynyi91hq2cy96qm-logos-protocol -DLOGOS_VIEW_TEMPLATE_DIR=/nix/store/py6wzmragypgh2lbaimz1z23qzcv8ckr-logos-view-templates -DLOGOS_VIEW_INCLUDE_DIR=/nix/store/ndn52sc7anhfvn2h047ffwsqn25hs62i-logos-view-module-include
logos-forum_module-module-lib> -- The CXX compiler identification is Clang 19.1.7
logos-forum_module-module-lib> -- Detecting CXX compiler ABI info
logos-forum_module-module-lib> -- Detecting CXX compiler ABI info - done
logos-forum_module-module-lib> -- Check for working CXX compiler: /nix/store/zzx6cfl99zknfrj9v7lmrshwzslfjv26-clang-wrapper-19.1.7/bin/clang++ - skipped
logos-forum_module-module-lib> -- Detecting CXX compile features
logos-forum_module-module-lib> -- Detecting CXX compile features - done
logos-forum_module-module-lib> -- LogosModule.cmake: /nix/store/wfvnsjzflhgh2mihmj16yx655x8zqhk3-fi97x4xl2saxayr1qrynyycm45ifshqg-source/cmake/LogosModule.cmake
logos-forum_module-module-lib> -- Found logos-module at: /nix/store/82rsdw74zycrwvy6aad94jnrg27f9a9a-logos-module-0.1.0
logos-forum_module-module-lib> -- Found logos-cpp-sdk at: /nix/store/a33v9dppa4k88xlv8cbls5n67vdrsik0-logos-cpp-sdk
logos-forum_module-module-lib> -- Found logos-qt-sdk at: /nix/store/rwvd3ymqb9qq9z1pifq6gynvgwp07493-logos-qt-sdk
logos-forum_module-module-lib> -- Found logos-protocol at: /nix/store/l61qallmailjkxr24ynyi91hq2cy96qm-logos-protocol
logos-forum_module-module-lib> -- Qt host runtime: logos-qt-host::logos_qt_host at /nix/store/awgcgwqqr529fg6lph2mhb3mjscs0a73-logos-qt-host-0.1.0
logos-forum_module-module-lib> -- Performing Test CMAKE_HAVE_LIBC_PTHREAD
logos-forum_module-module-lib> -- Performing Test CMAKE_HAVE_LIBC_PTHREAD - Success
logos-forum_module-module-lib> -- Found Threads: TRUE
logos-forum_module-module-lib> -- Performing Test HAVE_STDATOMIC
logos-forum_module-module-lib> -- Performing Test HAVE_STDATOMIC - Success
logos-forum_module-module-lib> -- Found WrapAtomic: TRUE
logos-forum_module-module-lib> CMake Warning (dev) at /nix/store/qvv2ddin29xa8fqmsv567b6xlnhbvpv0-cmake-3.31.7/share/cmake-3.31/Modules/CMakeFindDependencyMacro.cmake:76 (find_package):
logos-forum_module-module-lib>   Policy CMP0167 is not set: The FindBoost module is removed.  Run "cmake
logos-forum_module-module-lib>   --help-policy CMP0167" for policy details.  Use the cmake_policy command to
logos-forum_module-module-lib>   set the policy and suppress this warning.
logos-forum_module-module-lib> 
logos-forum_module-module-lib> Call Stack (most recent call first):
logos-forum_module-module-lib>   /nix/store/l61qallmailjkxr24ynyi91hq2cy96qm-logos-protocol/lib/cmake/logos-protocol/logos-protocolConfig.cmake:48 (find_dependency)
logos-forum_module-module-lib>   /nix/store/wfvnsjzflhgh2mihmj16yx655x8zqhk3-fi97x4xl2saxayr1qrynyycm45ifshqg-source/cmake/LogosModule.cmake:622 (find_package)
logos-forum_module-module-lib>   CMakeLists.txt:16 (logos_module)
logos-forum_module-module-lib> This warning is for project developers.  Use -Wno-dev to suppress it.
logos-forum_module-module-lib> 
logos-forum_module-module-lib> -- Found Boost: /nix/store/2blqfsz18yp066ky15nvkihcvwqq7bqz-boost-1.87.0-dev/lib/cmake/Boost-1.87.0/BoostConfig.cmake (found version "1.87.0")
logos-forum_module-module-lib> CMake Warning (dev) at /nix/store/l61qallmailjkxr24ynyi91hq2cy96qm-logos-protocol/lib/cmake/logos-protocol/logos-protocolConfig.cmake:49 (find_package):
logos-forum_module-module-lib>   Policy CMP0167 is not set: The FindBoost module is removed.  Run "cmake
logos-forum_module-module-lib>   --help-policy CMP0167" for policy details.  Use the cmake_policy command to
logos-forum_module-module-lib>   set the policy and suppress this warning.
logos-forum_module-module-lib> 
logos-forum_module-module-lib> Call Stack (most recent call first):
logos-forum_module-module-lib>   /nix/store/wfvnsjzflhgh2mihmj16yx655x8zqhk3-fi97x4xl2saxayr1qrynyycm45ifshqg-source/cmake/LogosModule.cmake:622 (find_package)
logos-forum_module-module-lib>   CMakeLists.txt:16 (logos_module)
logos-forum_module-module-lib> This warning is for project developers.  Use -Wno-dev to suppress it.
logos-forum_module-module-lib> 
logos-forum_module-module-lib> -- Found OpenSSL: /nix/store/0ais7wnqw8xzj0331c2jka53s6g14wqb-openssl-3.5.1/lib/libcrypto.dylib (found version "3.5.1")
logos-forum_module-module-lib> -- Found nlohmann_json: /nix/store/hs7wcady8i97dqq7qiaiaq05srnq6yih-nlohmann_json-3.11.3/share/cmake/nlohmann_json/nlohmann_jsonConfig.cmake (found version "3.11.3")
logos-forum_module-module-lib> CMake Warning (dev) at /nix/store/l61qallmailjkxr24ynyi91hq2cy96qm-logos-protocol/lib/cmake/logos-protocol/logos-protocolConfig.cmake:49 (find_package):
logos-forum_module-module-lib>   Policy CMP0167 is not set: The FindBoost module is removed.  Run "cmake
logos-forum_module-module-lib>   --help-policy CMP0167" for policy details.  Use the cmake_policy command to
logos-forum_module-module-lib>   set the policy and suppress this warning.
logos-forum_module-module-lib> 
logos-forum_module-module-lib> Call Stack (most recent call first):
logos-forum_module-module-lib>   /nix/store/qvv2ddin29xa8fqmsv567b6xlnhbvpv0-cmake-3.31.7/share/cmake-3.31/Modules/CMakeFindDependencyMacro.cmake:76 (find_package)
logos-forum_module-module-lib>   /nix/store/awgcgwqqr529fg6lph2mhb3mjscs0a73-logos-qt-host-0.1.0/lib/cmake/logos-qt-host/logos-qt-hostConfig.cmake:34 (find_dependency)
logos-forum_module-module-lib>   /nix/store/wfvnsjzflhgh2mihmj16yx655x8zqhk3-fi97x4xl2saxayr1qrynyycm45ifshqg-source/cmake/LogosModule.cmake:625 (find_package)
logos-forum_module-module-lib>   CMakeLists.txt:16 (logos_module)
logos-forum_module-module-lib> This warning is for project developers.  Use -Wno-dev to suppress it.
logos-forum_module-module-lib> 
logos-forum_module-module-lib> -- Logos module forum_module: replica factory plugin from src/forum_module.rep (class Forum, QML Logos.Forum.Forum)
logos-forum_module-module-lib> -- Logos module forum_module configured successfully
logos-forum_module-module-lib> -- Configuring done (4.6s)
logos-forum_module-module-lib> -- Generating done (0.1s)
logos-forum_module-module-lib> CMake Warning:
logos-forum_module-module-lib>   Manually-specified variables were not used by the project:
logos-forum_module-module-lib> 
logos-forum_module-module-lib>     BUILD_TESTING
logos-forum_module-module-lib>     CMAKE_C_COMPILER
logos-forum_module-module-lib>     CMAKE_EXPORT_NO_PACKAGE_REGISTRY
logos-forum_module-module-lib>     CMAKE_POLICY_DEFAULT_CMP0025
logos-forum_module-module-lib> 
logos-forum_module-module-lib> 
logos-forum_module-module-lib> -- Build files have been written to: /nix/var/nix/builds/nix-23963-3289524304/fi9fbp8jqgy71snm3qn2aaxc6292g1h5-source/build
logos-forum_module-module-lib> cmake: enabled parallel building
logos-forum_module-module-lib> cmake: enabled parallel installing
logos-forum_module-module-lib> Running phase: buildPhase
logos-forum_module-module-lib> build flags: -j4
logos-forum_module-module-lib> [0/2] Re-checking globbed directories...
logos-forum_module-module-lib> [1/20] Automatic MOC for target forum_module_module_plugin
logos-forum_module-module-lib> [2/20] Automatic MOC for target forum_module_replica_factory
logos-forum_module-module-lib> [3/20] Generating rep_forum_module_replica.h
logos-forum_module-module-lib> [4/20] Generating rep_forum_module_source.h
logos-forum_module-module-lib> [5/20] Generating moc_rep_forum_module_replica.cpp
logos-forum_module-module-lib> [6/20] Generating moc_rep_forum_module_source.cpp
logos-forum_module-module-lib> [7/20] Building CXX object CMakeFiles/forum_module_replica_factory.dir/forum_module_replica_factory_autogen/mocs_compilation.cpp.o
logos-forum_module-module-lib> [8/20] Building CXX object CMakeFiles/forum_module_module_plugin.dir/forum_module_module_plugin_autogen/mocs_compilation.cpp.o
logos-forum_module-module-lib> [9/20] Building CXX object CMakeFiles/forum_module_replica_factory.dir/replica_factory_forum_module/LogosViewReplicaFactory.cpp.o
logos-forum_module-module-lib> [10/20] Building CXX object CMakeFiles/forum_module_replica_factory.dir/moc_rep_forum_module_replica.cpp.o
logos-forum_module-module-lib> [11/20] Building CXX object CMakeFiles/forum_module_module_plugin.dir/src/archive/archive_core.cpp.o
logos-forum_module-module-lib> [12/20] Building CXX object CMakeFiles/forum_module_module_plugin.dir/src/core/forum_core.cpp.o
logos-forum_module-module-lib> [13/20] Building CXX object CMakeFiles/forum_module_module_plugin.dir/src/forum_module_backend.cpp.o
logos-forum_module-module-lib> FAILED: [code=1] CMakeFiles/forum_module_module_plugin.dir/src/forum_module_backend.cpp.o
logos-forum_module-module-lib> /nix/store/zzx6cfl99zknfrj9v7lmrshwzslfjv26-clang-wrapper-19.1.7/bin/clang++ -DBOOST_SYSTEM_DYN_LINK -DBOOST_SYSTEM_NO_LIB -DQT_CORE_LIB -DQT_NETWORK_LIB -DQT_NO_DEBUG -DQT_REMOTEOBJECTS_LIB -Dforum_module_module_plugin_EXPORTS -I/nix/var/nix/builds/nix-23963-3289524304/fi9fbp8jqgy71snm3qn2aaxc6292g1h5-source/build/forum_module_module_plugin_autogen/include -I/nix/store/ndn52sc7anhfvn2h047ffwsqn25hs62i-logos-view-module-include/include -I/nix/var/nix/builds/nix-23963-3289524304/fi9fbp8jqgy71snm3qn2aaxc6292g1h5-source/generated_code -I/nix/var/nix/builds/nix-23963-3289524304/fi9fbp8jqgy71snm3qn2aaxc6292g1h5-source -I/nix/var/nix/builds/nix-23963-3289524304/fi9fbp8jqgy71snm3qn2aaxc6292g1h5-source/src -I/nix/var/nix/builds/nix-23963-3289524304/fi9fbp8jqgy71snm3qn2aaxc6292g1h5-source/build -I/nix/store/82rsdw74zycrwvy6aad94jnrg27f9a9a-logos-module-0.1.0/include/module_lib -I/nix/store/a33v9dppa4k88xlv8cbls5n67vdrsik0-logos-cpp-sdk/include/cpp -I/nix/var/nix/builds/nix-23963-3289524304/fi9fbp8jqgy71snm3qn2aaxc6292g1h5-source/generated_code/include -I/nix/store/awgcgwqqr529fg6lph2mhb3mjscs0a73-logos-qt-host-0.1.0/include/cpp -I/nix/store/awgcgwqqr529fg6lph2mhb3mjscs0a73-logos-qt-host-0.1.0/include/core -I/nix/store/rwvd3ymqb9qq9z1pifq6gynvgwp07493-logos-qt-sdk/include/cpp -I/nix/store/l61qallmailjkxr24ynyi91hq2cy96qm-logos-protocol/include/cpp -I/nix/var/nix/builds/nix-23963-3289524304/fi9fbp8jqgy71snm3qn2aaxc6292g1h5-source/src/core -I/nix/var/nix/builds/nix-23963-3289524304/fi9fbp8jqgy71snm3qn2aaxc6292g1h5-source/src/archive -I/nix/var/nix/builds/nix-23963-3289524304/fi9fbp8jqgy71snm3qn2aaxc6292g1h5-source/build/view_plugin_base_forum_module -isystem /nix/store/a9aq909fc6ymnawnk877qcs4gklzm1c1-qtbase-6.9.2/lib/QtCore.framework/Headers -iframework /nix/store/a9aq909fc6ymnawnk877qcs4gklzm1c1-qtbase-6.9.2/lib -isystem /nix/store/a9aq909fc6ymnawnk877qcs4gklzm1c1-qtbase-6.9.2/mkspecs/macx-clang -isystem /nix/store/a0z4ipq0hcakknsi5f1icgpdmch3simf-qtremoteobjects-6.9.2/lib/QtRemoteObjects.framework/Headers -iframework /nix/store/a0z4ipq0hcakknsi5f1icgpdmch3simf-qtremoteobjects-6.9.2/lib -isystem /nix/store/a9aq909fc6ymnawnk877qcs4gklzm1c1-qtbase-6.9.2/lib/QtNetwork.framework/Headers -isystem /nix/store/l61qallmailjkxr24ynyi91hq2cy96qm-logos-protocol/include/implementations/qt_local -isystem /nix/store/l61qallmailjkxr24ynyi91hq2cy96qm-logos-protocol/include/implementations/qt_remote -isystem /nix/store/l61qallmailjkxr24ynyi91hq2cy96qm-logos-protocol/include/implementations/mock -isystem /nix/store/l61qallmailjkxr24ynyi91hq2cy96qm-logos-protocol/include/implementations/plain -O3 -DNDEBUG -isysroot /nix/store/rhlyld20zdzdi5wghb4b12gw52s9whr9-apple-sdk-11.3/Platforms/MacOSX.platform/Developer/SDKs/MacOSX.sdk -fPIC -MD -MT CMakeFiles/forum_module_module_plugin.dir/src/forum_module_backend.cpp.o -MF CMakeFiles/forum_module_module_plugin.dir/src/forum_module_backend.cpp.o.d -o CMakeFiles/forum_module_module_plugin.dir/src/forum_module_backend.cpp.o -c /nix/var/nix/builds/nix-23963-3289524304/fi9fbp8jqgy71snm3qn2aaxc6292g1h5-source/src/forum_module_backend.cpp
logos-forum_module-module-lib> /nix/var/nix/builds/nix-23963-3289524304/fi9fbp8jqgy71snm3qn2aaxc6292g1h5-source/src/forum_module_backend.cpp:1195:9: error: incomplete type 'QThread' named in nested name specifier
logos-forum_module-module-lib>  1195 |         QThread::msleep(250);
logos-forum_module-module-lib>       |         ^~~~~~~~~
logos-forum_module-module-lib> /nix/store/a9aq909fc6ymnawnk877qcs4gklzm1c1-qtbase-6.9.2/lib/QtCore.framework/Headers/qobject.h:37:7: note: forward declaration of 'QThread'
logos-forum_module-module-lib>    37 | class QThread;
logos-forum_module-module-lib>       |       ^
logos-forum_module-module-lib> 1 error generated.
logos-forum_module-module-lib> [14/20] Building CXX object CMakeFiles/forum_module_module_plugin.dir/moc_rep_forum_module_source.cpp.o
logos-forum_module-module-lib> [15/20] Building CXX object CMakeFiles/forum_module_module_plugin.dir/generated_code/forum_module_ui_glue.cpp.o
logos-forum_module-module-lib> [16/20] Building CXX object CMakeFiles/forum_module_module_plugin.dir/generated_code/logos_sdk.cpp.o
logos-forum_module-module-lib> ninja: build stopped: subcommand failed.
error: Cannot build '/nix/store/nb1ci8w93xv3an74d2m162dw4wzyqkjs-logos-forum_module-module-lib-0.1.0.drv'.
       Reason: builder failed with exit code 1.
       Output paths:
         /nix/store/6lzlc8dmh7lfh94igssak49xv7959ary-logos-forum_module-module-lib-0.1.0
       Last 25 log lines:
       > [2/20] Automatic MOC for target forum_module_replica_factory
       > [3/20] Generating rep_forum_module_replica.h
       > [4/20] Generating rep_forum_module_source.h
       > [5/20] Generating moc_rep_forum_module_replica.cpp
       > [6/20] Generating moc_rep_forum_module_source.cpp
       > [7/20] Building CXX object CMakeFiles/forum_module_replica_factory.dir/forum_module_replica_factory_autogen/mocs_compilation.cpp.o
       > [8/20] Building CXX object CMakeFiles/forum_module_module_plugin.dir/forum_module_module_plugin_autogen/mocs_compilation.cpp.o
       > [9/20] Building CXX object CMakeFiles/forum_module_replica_factory.dir/replica_factory_forum_module/LogosViewReplicaFactory.cpp.o
       > [10/20] Building CXX object CMakeFiles/forum_module_replica_factory.dir/moc_rep_forum_module_replica.cpp.o
       > [11/20] Building CXX object CMakeFiles/forum_module_module_plugin.dir/src/archive/archive_core.cpp.o
       > [12/20] Building CXX object CMakeFiles/forum_module_module_plugin.dir/src/core/forum_core.cpp.o
       > [13/20] Building CXX object CMakeFiles/forum_module_module_plugin.dir/src/forum_module_backend.cpp.o
       > FAILED: [code=1] CMakeFiles/forum_module_module_plugin.dir/src/forum_module_backend.cpp.o
       > /nix/store/zzx6cfl99zknfrj9v7lmrshwzslfjv26-clang-wrapper-19.1.7/bin/clang++ -DBOOST_SYSTEM_DYN_LINK -DBOOST_SYSTEM_NO_LIB -DQT_CORE_LIB -DQT_NETWORK_LIB -DQT_NO_DEBUG -DQT_REMOTEOBJECTS_LIB -Dforum_module_module_plugin_EXPORTS -I/nix/var/nix/builds/nix-23963-3289524304/fi9fbp8jqgy71snm3qn2aaxc6292g1h5-source/build/forum_module_module_plugin_autogen/include -I/nix/store/ndn52sc7anhfvn2h047ffwsqn25hs62i-logos-view-module-include/include -I/nix/var/nix/builds/nix-23963-3289524304/fi9fbp8jqgy71snm3qn2aaxc6292g1h5-source/generated_code -I/nix/var/nix/builds/nix-23963-3289524304/fi9fbp8jqgy71snm3qn2aaxc6292g1h5-source -I/nix/var/nix/builds/nix-23963-3289524304/fi9fbp8jqgy71snm3qn2aaxc6292g1h5-source/src -I/nix/var/nix/builds/nix-23963-3289524304/fi9fbp8jqgy71snm3qn2aaxc6292g1h5-source/build -I/nix/store/82rsdw74zycrwvy6aad94jnrg27f9a9a-logos-module-0.1.0/include/module_lib -I/nix/store/a33v9dppa4k88xlv8cbls5n67vdrsik0-logos-cpp-sdk/include/cpp -I/nix/var/nix/builds/nix-23963-3289524304/fi9fbp8jqgy71snm3qn2aaxc6292g1h5-source/generated_code/include -I/nix/store/awgcgwqqr529fg6lph2mhb3mjscs0a73-logos-qt-host-0.1.0/include/cpp -I/nix/store/awgcgwqqr529fg6lph2mhb3mjscs0a73-logos-qt-host-0.1.0/include/core -I/nix/store/rwvd3ymqb9qq9z1pifq6gynvgwp07493-logos-qt-sdk/include/cpp -I/nix/store/l61qallmailjkxr24ynyi91hq2cy96qm-logos-protocol/include/cpp -I/nix/var/nix/builds/nix-23963-3289524304/fi9fbp8jqgy71snm3qn2aaxc6292g1h5-source/src/core -I/nix/var/nix/builds/nix-23963-3289524304/fi9fbp8jqgy71snm3qn2aaxc6292g1h5-source/src/archive -I/nix/var/nix/builds/nix-23963-3289524304/fi9fbp8jqgy71snm3qn2aaxc6292g1h5-source/build/view_plugin_base_forum_module -isystem /nix/store/a9aq909fc6ymnawnk877qcs4gklzm1c1-qtbase-6.9.2/lib/QtCore.framework/Headers -iframework /nix/store/a9aq909fc6ymnawnk877qcs4gklzm1c1-qtbase-6.9.2/lib -isystem /nix/store/a9aq909fc6ymnawnk877qcs4gklzm1c1-qtbase-6.9.2/mkspecs/macx-clang -isystem /nix/store/a0z4ipq0hcakknsi5f1icgpdmch3simf-qtremoteobjects-6.9.2/lib/QtRemoteObjects.framework/Headers -iframework /nix/store/a0z4ipq0hcakknsi5f1icgpdmch3simf-qtremoteobjects-6.9.2/lib -isystem /nix/store/a9aq909fc6ymnawnk877qcs4gklzm1c1-qtbase-6.9.2/lib/QtNetwork.framework/Headers -isystem /nix/store/l61qallmailjkxr24ynyi91hq2cy96qm-logos-protocol/include/implementations/qt_local -isystem /nix/store/l61qallmailjkxr24ynyi91hq2cy96qm-logos-protocol/include/implementations/qt_remote -isystem /nix/store/l61qallmailjkxr24ynyi91hq2cy96qm-logos-protocol/include/implementations/mock -isystem /nix/store/l61qallmailjkxr24ynyi91hq2cy96qm-logos-protocol/include/implementations/plain -O3 -DNDEBUG -isysroot /nix/store/rhlyld20zdzdi5wghb4b12gw52s9whr9-apple-sdk-11.3/Platforms/MacOSX.platform/Developer/SDKs/MacOSX.sdk -fPIC -MD -MT CMakeFiles/forum_module_module_plugin.dir/src/forum_module_backend.cpp.o -MF CMakeFiles/forum_module_module_plugin.dir/src/forum_module_backend.cpp.o.d -o CMakeFiles/forum_module_module_plugin.dir/src/forum_module_backend.cpp.o -c /nix/var/nix/builds/nix-23963-3289524304/fi9fbp8jqgy71snm3qn2aaxc6292g1h5-source/src/forum_module_backend.cpp
       > /nix/var/nix/builds/nix-23963-3289524304/fi9fbp8jqgy71snm3qn2aaxc6292g1h5-source/src/forum_module_backend.cpp:1195:9: error: incomplete type 'QThread' named in nested name specifier
       >  1195 |         QThread::msleep(250);
       >       |         ^~~~~~~~~
       > /nix/store/a9aq909fc6ymnawnk877qcs4gklzm1c1-qtbase-6.9.2/lib/QtCore.framework/Headers/qobject.h:37:7: note: forward declaration of 'QThread'
       >    37 | class QThread;
       >       |       ^
       > 1 error generated.
       > [14/20] Building CXX object CMakeFiles/forum_module_module_plugin.dir/moc_rep_forum_module_source.cpp.o
       > [15/20] Building CXX object CMakeFiles/forum_module_module_plugin.dir/generated_code/forum_module_ui_glue.cpp.o
       > [16/20] Building CXX object CMakeFiles/forum_module_module_plugin.dir/generated_code/logos_sdk.cpp.o
       > ninja: build stopped: subcommand failed.
       For full logs, run:
         nix log /nix/store/nb1ci8w93xv3an74d2m162dw4wzyqkjs-logos-forum_module-module-lib-0.1.0.drv
error: Cannot build '/nix/store/wvhb304psyxbvzp4fals2cxrrjwl2q8q-logos-forum_module-module.drv'.
       Reason: 1 dependency failed.
       Output paths:
         /nix/store/w4znaq43qsm3sczyahqvaqzbx9s5hjkl-logos-forum_module-module
error: Build failed due to failed dependency
error: Cannot build '/nix/store/ia2p8dfg0kp9xg725ldpp1wpz63mxggp-run-standalone.drv'.
       Reason: 1 dependency failed.
       Output paths:
         /nix/store/n1sr0msavp9v51janflfbbp987d84538-run-standalone
error: Build failed due to failed dependency
error: Cannot build '/nix/store/1qlawk32ing64w63i6pmkjymwp2ds1hz-forum_module-integration-test.drv'.
       Reason: 1 dependency failed.
       Output paths:
         /nix/store/q1apgipxqimc1iaxbq80pn2sirm2rbwd-forum_module-integration-test
❌ path:<repo>#integration-test
error: Build failed due to failed dependency
