Running integration tests: forum_module-integration-test (1 file(s), timeout: 120s per file)...
Running: ui-tests.mjs
Launching: /nix/store/2d4djpcs58kf090dhv5lasymysic1lar-run-standalone -platform offscreen
Waiting for inspector to become available...
[app:err] Session directory: "/var/empty/Library/Application Support/Logos/LogosStandalone"
[app:err] InstancePersistence::resolveInstance: failed to create directory: "/var/empty/Library/Application Support/Logos/LogosStandalone/module_data/capability_module/7a3b841ba518"
[app:err] [2026-10-06 13:37:14.026] [info] [logos] Granting host services to 'capability_module': token_registry,token_delivery
[app:out] [2026-10-06 13:37:14.062] [out] [capability_module] [2026-10-06 13:37:14.061] [info] Granting host services to capability_module: ["token_registry","token_delivery"]
[app:err] RemoteTransportConnection: Connecting to registry: "local:logos_capability_module_8e5fdb082e13" at "13:37:14.066"
[app:err] RemoteTransportConnection: Registry connect attempt started (no peer contact yet): "local:logos_capability_module_8e5fdb082e13"
[app:err] LogosAPIConsumer: Informing module token for module: "capability_module" with token: "redacted:321c2fe2…"
[app:err] RemoteTransportConnection: Requesting object: "capability_module" at "13:37:14.068"
[app:err] [LogosObject] RemoteTransportConnection: returning RemoteLogosObject for: "capability_module"
[LogosObject] Created RemoteLogosObject wrapping QRemoteObjectReplica 105553138460544
[app:err] [LogosObject] LogosAPIConsumer: calling LogosObject::informModuleToken for "capability_module"
[app:err] LogosAPIConsumer: informModuleToken completed with result: true
[LogosObject] Destroying RemoteLogosObject 0
[2026-10-06 13:37:14.068] [info] [logos] Module loaded: capability_module
[app:err] InstancePersistence::resolveInstance: failed to create directory: "/var/empty/Library/Application Support/Logos/LogosStandalone/module_data/modules_state/5ced9b45591c"
[app:err] LogosAPIConsumer: Informing module token for module: "modules_state" with token: "redacted:69af58a7…"
[app:err] RemoteTransportConnection: Requesting object: "capability_module" at "13:37:14.100"
[LogosObject] RemoteTransportConnection: returning RemoteLogosObject for: "capability_module"
[LogosObject] Created RemoteLogosObject wrapping QRemoteObjectReplica 105553138501280
[LogosObject] LogosAPIConsumer: calling LogosObject::informModuleToken for "modules_state"
LogosAPIConsumer: informModuleToken completed with result: true
[LogosObject] Destroying RemoteLogosObject 0
[2026-10-06 13:37:14.100] [info] [logos] Module loaded: modules_state
RemoteTransportConnection: Connecting to registry: "local:logos_modules_state_8e5fdb082e13" at "13:37:14.100"
[app:err] RemoteTransportConnection: Registry connect attempt started (no peer contact yet): "local:logos_modules_state_8e5fdb082e13"
RemoteTransportConnection: Connecting to registry: "local:logos_capability_module_8e5fdb082e13" at "13:37:14.100"
[app:err] RemoteTransportConnection: Registry connect attempt started (no peer contact yet): "local:logos_capability_module_8e5fdb082e13"
LogosAPIConsumer: '"modules_state"::""' deferred pending the module becoming reachable
LogosAPIConsumer: '"modules_state"::""' deferred pending the module becoming reachable
[app:err] Logos Core started (modules dir: "/nix/store/lij9cs9brhb2v8wxpybkj7vhin4srri2-forum_module-integration-test-modules" )
[app:err] Set app icon from metadata: "/nix/store/g1csfiwaz08ic4zvvmhf2iiz5rqc5gnn-logos-forum_module-module/lib/src/icons/icon.png"
[app:err] InstancePersistence::resolveInstance: failed to create directory: "/var/empty/Library/Application Support/Logos/LogosStandalone/module_data/delivery_module/365acca8d888"
[app:err] [2026-10-06 13:37:14.143] [info] [logos] [delivery_module] DeliveryModuleImpl: Initializing...
[app:err] LogosAPIConsumer: Informing module token for module: "delivery_module" with token: "redacted:92d8779a…"
[app:err] RemoteTransportConnection: Requesting object: "capability_module" at "13:37:14.145"
[app:err] [LogosObject] RemoteTransportConnection: returning RemoteLogosObject for: "capability_module"
[LogosObject] Created RemoteLogosObject wrapping QRemoteObjectReplica 105553138460192
[LogosObject] LogosAPIConsumer: calling LogosObject::informModuleToken for "delivery_module"
[app:err] LogosAPIConsumer: informModuleToken completed with result: true
[LogosObject] Destroying RemoteLogosObject 0
[app:err] [2026-10-06 13:37:14.144] [info] [logos] Module loaded: delivery_module
RemoteTransportConnection: Connecting to registry: "local:logos_delivery_module_8e5fdb082e13" at "13:37:14.145"
[app:err] RemoteTransportConnection: Registry connect attempt started (no peer contact yet): "local:logos_delivery_module_8e5fdb082e13"
[app:err] RemoteTransportConnection: Connecting to registry: "local:logos_capability_module_8e5fdb082e13" at "13:37:14.145"
RemoteTransportConnection: Registry connect attempt started (no peer contact yet): "local:logos_capability_module_8e5fdb082e13"
LogosAPIConsumer: '"delivery_module"::""' deferred pending the module becoming reachable
[app:err] LogosAPIClient: getToken for module: "modules_state"
LogosAPIClient: Found token for module: "modules_state"
[app:err] RemoteTransportConnection: Requesting object: "modules_state" at "13:37:14.145"
[app:err] [LogosObject] RemoteTransportConnection: returning RemoteLogosObject for: "modules_state"
[LogosObject] Created RemoteLogosObject wrapping QRemoteObjectReplica 105553138448256
[LogosObject] LogosAPIConsumer: async calling via LogosObject::callMethodAsync "note_transition"
[app:err] [LogosObject] RemoteLogosObject::callMethodAsync "note_transition" args: 7
LogosAPIClient: getToken for module: "modules_state"
LogosAPIClient: Found token for module: "modules_state"
[LogosObject] LogosAPIConsumer: async calling via LogosObject::callMethodAsync "note_transition"
[LogosObject] RemoteLogosObject::callMethodAsync "note_transition" args: 7
[app:err] Loaded dependency (with transitive deps): "delivery_module"
[app:err] InstancePersistence::resolveInstance: failed to create directory: "/var/empty/Library/Application Support/Logos/LogosStandalone/module_data/storage_module/15b02bc7a268"
[app:err] [2026-10-06 13:37:14.176] [info] [logos] [storage_module] StorageModuleImpl: Initializing...
[app:err] LogosAPIConsumer: Informing module token for module: "storage_module" with token: "redacted:ae78cc7e…"
[app:err] RemoteTransportConnection: Requesting object: "capability_module" at "13:37:14.177"
[app:err] [LogosObject] Created RemoteLogosObject wrapping QRemoteObjectReplica 105553138484672
[app:err] LogosAPIClient: invoking remote method "modules_state" "apply_snapshot" args_count: 1
LogosAPIClient: getToken for module: "modules_state"
LogosAPIClient: Found token for module: "modules_state"
LogosAPIConsumer: Calling invokeRemoteMethod: "modules_state" "apply_snapshot" args_count: 1 timeout: 20000
[app:err] [LogosObject] LogosAPIConsumer: calling via LogosObject::callMethod "apply_snapshot"
[LogosObject] RemoteLogosObject::callMethod "apply_snapshot" args: 1
[app:err] [LogosObject] Created RemoteLogosObject wrapping QRemoteObjectReplica 105553138448032
[app:err] LogosAPIClient: getToken for module: "modules_state"
LogosAPIClient: Found token for module: "modules_state"
[LogosObject] LogosAPIConsumer: async calling via LogosObject::callMethodAsync "note_transition"
[LogosObject] RemoteLogosObject::callMethodAsync "note_transition" args: 7
LogosAPIClient: getToken for module: "modules_state"
LogosAPIClient: Found token for module: "modules_state"
[LogosObject] LogosAPIConsumer: async calling via LogosObject::callMethodAsync "note_transition"
[LogosObject] RemoteLogosObject::callMethodAsync "note_transition" args: 7
[app:err] [2026-10-06 13:37:14.178] [info] [logos] Pushed module snapshot to modules_state
LogosAPIClient: getToken for module: "modules_state"
[app:err] LogosAPIClient: Found token for module: "modules_state"
[LogosObject] LogosAPIConsumer: async calling via LogosObject::callMethodAsync "note_transition"
[LogosObject] RemoteLogosObject::callMethodAsync "note_transition" args: 7
[LogosObject] RemoteTransportConnection: returning RemoteLogosObject for: "capability_module"
[LogosObject] Created RemoteLogosObject wrapping QRemoteObjectReplica 105553138501632
[app:err] [LogosObject] LogosAPIConsumer: calling LogosObject::informModuleToken for "storage_module"
[app:err] LogosAPIConsumer: informModuleToken completed with result: true
[LogosObject] Destroying RemoteLogosObject 0
[app:err] [2026-10-06 13:37:14.178] [info] [logos] Module loaded: storage_module
[app:err] RemoteTransportConnection: Connecting to registry: "local:logos_storage_module_8e5fdb082e13" at "13:37:14.178"
[app:err] RemoteTransportConnection: Registry connect attempt started (no peer contact yet): "local:logos_storage_module_8e5fdb082e13"
RemoteTransportConnection: Connecting to registry: "local:logos_capability_module_8e5fdb082e13" at "13:37:14.178"
[app:err] RemoteTransportConnection: Registry connect attempt started (no peer contact yet): "local:logos_capability_module_8e5fdb082e13"
[app:err] LogosAPIConsumer: '"storage_module"::""' deferred pending the module becoming reachable
LogosAPIClient: getToken for module: "modules_state"
LogosAPIClient: Found token for module: "modules_state"
[LogosObject] LogosAPIConsumer: async calling via LogosObject::callMethodAsync "note_transition"
[app:err] [LogosObject] RemoteLogosObject::callMethodAsync "note_transition" args: 7
Loaded dependency (with transitive deps): "storage_module"
[app:err] RemoteTransportConnection: Connecting to registry: "local:logos_capability_module_8e5fdb082e13" at "13:37:14.179"
[app:err] RemoteTransportConnection: Registry connect attempt started (no peer contact yet): "local:logos_capability_module_8e5fdb082e13"
[app:err] LogosAPIConsumer: Informing module token for module: "forum_module" with token: "redacted:49684bf9…"
[app:err] RemoteTransportConnection: Requesting object: "capability_module" at "13:37:14.179"
[app:err] [LogosObject] RemoteTransportConnection: returning RemoteLogosObject for: "capability_module"
[LogosObject] Created RemoteLogosObject wrapping QRemoteObjectReplica 105553138421280
[LogosObject] LogosAPIConsumer: calling LogosObject::informModuleToken for "forum_module"
[app:err] [LogosObject] Created RemoteLogosObject wrapping QRemoteObjectReplica 105553138517216
[app:err] LogosAPIClient: getToken for module: "modules_state"
LogosAPIClient: Found token for module: "modules_state"
[LogosObject] LogosAPIConsumer: async calling via LogosObject::callMethodAsync "note_transition"
[LogosObject] RemoteLogosObject::callMethodAsync "note_transition" args: 7
[app:err] LogosAPIConsumer: informModuleToken completed with result: true
[app:err] [LogosObject] Destroying RemoteLogosObject 0
[app:err] qt.qpa.fonts: Populating font family aliases took 25 ms. Replace uses of missing font family "Sans Serif" with one that exists to avoid this cost. 
[app:err] Loaded UI plugin: "/nix/store/g1csfiwaz08ic4zvvmhf2iiz5rqc5gnn-logos-forum_module-module/lib"
[app:err] [QmlInspector] Inspector server listening on port 3768
Inspector connected.
[app:err] [QmlInspector] Client connected from "::1"
[QmlInspector] Client disconnected

Running 15 test(s)...

[app:err] [QmlInspector] Client connected from "::1"
  [32m✓[0m forum_module: UI loads
  [32m✓[0m forum_module: backend connects
  [32m✓[0m forum_module: alias account is created, selected and listed
  [32m✓[0m forum_module: topic is created and listed
  [32m✓[0m forum_module: offline post is saved and waits for the connection
  [32m✓[0m forum_module: post limit is counted in bytes
  [32m✓[0m forum_module: browsing topics switches the thread
  [32m✓[0m forum_module: offline post is stored and shown as waiting in the thread
  [32m✓[0m forum_module: identity modes — alias + id, id only, anonymous
  [32m✓[0m forum_module: an alias cannot fake a key id or a state
  [32m✓[0m forum_module: alias key rotation — manual, by posts and by age
  [32m✓[0m forum_module: search filters topics and posts
  [32m✓[0m forum_module: storage snapshot controls are honest offline
  [32m✓[0m forum_module: network join is offered, not automatic
[app:err] [2026-10-06 13:37:28.388] [warning] [logos] [capability_module] Warning: QObject::connect: No such signal ::eventResponse(QString,QVariantList)
[app:err] [2026-10-06 13:37:28.391] [info] [logos] [delivery_module] DeliveryModuleImpl::getAvailableConfigs called
[2026-10-06 13:37:28.391] [info] [logos] [delivery_module] DeliveryModuleImpl: Cannot get available configs - context not initialized. Call createNode first.
[app:err] [2026-10-06 13:37:28.394] [warning] [logos] [capability_module] Warning: QObject::connect: No such signal ::eventResponse(QString,QVariantList)
  [32m✓[0m forum_module: transport status honest

15 passed, 0 failed

[app:err] [QmlInspector] Client disconnected
All integration tests passed
