{
  "status": "PASS",
  "phase": "save",
  "text": "TECHNICAL TEST DATA: storage snapshot check 2026-10-06T13:18:33Z",
  "timeline": [
    {
      "t_s": 0,
      "what": "connect clicked"
    },
    {
      "t_s": 5,
      "what": "transport ready"
    },
    {
      "t_s": 25,
      "what": "posted",
      "text": "TECHNICAL TEST DATA: storage snapshot check 2026-10-06T13:18:33Z (1/2)"
    },
    {
      "t_s": 28,
      "what": "posted",
      "text": "TECHNICAL TEST DATA: storage snapshot check 2026-10-06T13:18:33Z (2/2)"
    },
    {
      "t_s": 31,
      "what": "posts sent"
    },
    {
      "t_s": 31,
      "what": "save snapshot clicked"
    },
    {
      "t_s": 32,
      "what": "snapshot saved",
      "state": "saved 2 posts on Logos Storage (zDvZRwzkxqLDognR…) and announced it in this topic; this device serves the snapshot while Basecamp runs"
    },
    {
      "t_s": 34,
      "what": "announcement sent"
    }
  ],
  "archive_state": "saved 2 posts on Logos Storage (zDvZRwzkxqLDognR…) and announced it in this topic; this device serves the snapshot while Basecamp runs",
  "announcement": "Snapshot of this topic on Logos Storage: 2 post(s).\ncid: zDvZRwzkxqLDognR8amhuz3iekZpB3saKM6Goh5vj1WQSQXRY7aq\npeer: 16Uiu2HAmB8PphPqnaedJvwqfFNGsgoyYmM9czbzzPjHQoy2jMtFV\naddrs: /ip4/127.0.0.1/tcp/8571",
  "announcement_author": "id 0ccd59fc3c20209f",
  "thread": [
    "id 5b03faf144021a68 [sent]: TECHNICAL TEST DATA: storage snapshot check 2026-10-06T13:18:33Z (1/2)",
    "id 70ab4b0cbc996555 [sent]: TECHNICAL TEST DATA: storage snapshot check 2026-10-06T13:18:33Z (2/2)",
    "id 0ccd59fc3c20209f [sent]: Snapshot of this topic on Logos Storage: 2 post(s).\ncid: zDvZRwzkxqLDognR8amhuz3iekZpB3saKM6Goh5vj1WQSQXRY7aq\npeer: 16Uiu2HAmB8PphPqnaedJvwqfFNGsgoyYmM9czbzzPjHQoy2jMtFV\naddrs: /ip4/127.0.0.1/tcp/8571"
  ]
}
{
  "status": "PASS",
  "phase": "restore",
  "text": "TECHNICAL TEST DATA: storage snapshot check 2026-10-06T13:18:33Z",
  "timeline": [
    {
      "t_s": 0,
      "what": "restore requested"
    },
    {
      "t_s": 55,
      "what": "restored",
      "state": "restored from Logos Storage (zDvZRwzkxqLDognR…): 2 new posts, 1 already here, 0 rejected by verification"
    }
  ],
  "connection": "offline",
  "initial_thread": [],
  "archive_state": "restored from Logos Storage (zDvZRwzkxqLDognR…): 2 new posts, 1 already here, 0 rejected by verification",
  "connection_after": "offline",
  "thread": [
    "id 5b03faf144021a68 [received]: TECHNICAL TEST DATA: storage snapshot check 2026-10-06T13:18:33Z (1/2)",
    "id 70ab4b0cbc996555 [received]: TECHNICAL TEST DATA: storage snapshot check 2026-10-06T13:18:33Z (2/2)"
  ]
}
{"status":"PASS","layer":"in-app-storage-loopback+delivery-logos.dev","evidence":"<repo>/evidence/m7-storage/snapshot-20261006-151833"}
tools/m7_storage.sh: line 22: 78156 Terminated: 15          LOGOS_QML_HOT_RELOAD=0 FORUM_DB_PATH="$STATE/a-forum.db" FORUM_STORAGE_CONFIG="$STATE/a-storage.json" QML_INSPECTOR_PORT=3768 "$UI_DEV" > "$EVID/a-app.log" 2>&1
tools/m7_storage.sh: line 22: 78986 Terminated: 15          LOGOS_QML_HOT_RELOAD=0 FORUM_DB_PATH="$STATE/b-forum.db" FORUM_STORAGE_CONFIG="$STATE/b-storage.json" QML_INSPECTOR_PORT=3769 "$UI_DEV" > "$EVID/b-app.log" 2>&1
cleanup verified: no storage-run processes remain
