run-logos-standalone-ui: hot-reloading QML from <repo>/src/qml
  (export DEV_QML_PATH to override, or LOGOS_QML_HOT_RELOAD=0 to disable)
Session directory: "~/Library/Application Support/Logos/LogosStandalone"
[2026-10-01 23:18:35.338] [info] [logos] Granting host services to 'capability_module': token_registry,token_delivery
[2026-10-01 23:18:35.375] [out] [capability_module] [2026-10-01 23:18:35.375] [info] Granting host services to capability_module: ["token_registry","token_delivery"]
RemoteTransportConnection: Connecting to registry: "local:logos_capability_module_b6c2af089fb4" at "23:18:35.376"
RemoteTransportConnection: Registry connect attempt started (no peer contact yet): "local:logos_capability_module_b6c2af089fb4"
LogosAPIConsumer: Informing module token for module: "capability_module" with token: "redacted:722ce2d5…"
RemoteTransportConnection: Requesting object: "capability_module" at "23:18:35.377"
[LogosObject] RemoteTransportConnection: returning RemoteLogosObject for: "capability_module"
[LogosObject] Created RemoteLogosObject wrapping QRemoteObjectReplica 105553126512480
[LogosObject] LogosAPIConsumer: calling LogosObject::informModuleToken for "capability_module"
LogosAPIConsumer: informModuleToken completed with result: true
[LogosObject] Destroying RemoteLogosObject 0
[2026-10-01 23:18:35.399] [info] [logos] Module loaded: capability_module
LogosAPIConsumer: Informing module token for module: "modules_state" with token: "redacted:bbd0f91b…"
RemoteTransportConnection: Requesting object: "capability_module" at "23:18:35.429"
[LogosObject] RemoteTransportConnection: returning RemoteLogosObject for: "capability_module"
[LogosObject] Created RemoteLogosObject wrapping QRemoteObjectReplica 105553126475008
[LogosObject] LogosAPIConsumer: calling LogosObject::informModuleToken for "modules_state"
LogosAPIConsumer: informModuleToken completed with result: true
[LogosObject] Destroying RemoteLogosObject 0
[2026-10-01 23:18:35.429] [info] [logos] Module loaded: modules_state
RemoteTransportConnection: Connecting to registry: "local:logos_modules_state_b6c2af089fb4" at "23:18:35.429"
RemoteTransportConnection: Registry connect attempt started (no peer contact yet): "local:logos_modules_state_b6c2af089fb4"
RemoteTransportConnection: Connecting to registry: "local:logos_capability_module_b6c2af089fb4" at "23:18:35.429"
RemoteTransportConnection: Registry connect attempt started (no peer contact yet): "local:logos_capability_module_b6c2af089fb4"
LogosAPIConsumer: '"modules_state"::""' deferred pending the module becoming reachable
LogosAPIConsumer: '"modules_state"::""' deferred pending the module becoming reachable
Logos Core started (modules dir: "/nix/store/4v2cj5cr5dlsjb9cl0blr0cds0qf07iv-logos-forum_module-plugin-dir-modules" )
Set app icon from metadata: "/nix/store/939difpddza80wg9gmjwgrayhp2r804m-logos-forum_module-plugin-dir/src/icons/icon.png"
[2026-10-01 23:18:35.475] [info] [logos] [delivery_module] DeliveryModuleImpl: Initializing...
LogosAPIConsumer: Informing module token for module: "delivery_module" with token: "redacted:a8a7f2aa…"
RemoteTransportConnection: Requesting object: "capability_module" at "23:18:35.476"
[LogosObject] RemoteTransportConnection: returning RemoteLogosObject for: "capability_module"
[LogosObject] Created RemoteLogosObject wrapping QRemoteObjectReplica 105553126475200
[LogosObject] LogosAPIConsumer: calling LogosObject::informModuleToken for "delivery_module"
LogosAPIConsumer: informModuleToken completed with result: true
[LogosObject] Destroying RemoteLogosObject 0
[2026-10-01 23:18:35.478] [info] [logos] Module loaded: delivery_module
RemoteTransportConnection: Connecting to registry: "local:logos_delivery_module_b6c2af089fb4" at "23:18:35.479"
RemoteTransportConnection: Registry connect attempt started (no peer contact yet): "local:logos_delivery_module_b6c2af089fb4"
RemoteTransportConnection: Connecting to registry: "local:logos_capability_module_b6c2af089fb4" at "23:18:35.479"
RemoteTransportConnection: Registry connect attempt started (no peer contact yet): "local:logos_capability_module_b6c2af089fb4"
LogosAPIConsumer: '"delivery_module"::""' deferred pending the module becoming reachable
LogosAPIClient: getToken for module: "modules_state"
LogosAPIClient: Found token for module: "modules_state"
RemoteTransportConnection: Requesting object: "modules_state" at "23:18:35.479"
[LogosObject] RemoteTransportConnection: returning RemoteLogosObject for: "modules_state"
[LogosObject] Created RemoteLogosObject wrapping QRemoteObjectReplica 105553126476704
[LogosObject] LogosAPIConsumer: async calling via LogosObject::callMethodAsync "note_transition"
[LogosObject] RemoteLogosObject::callMethodAsync "note_transition" args: 7
LogosAPIClient: getToken for module: "modules_state"
LogosAPIClient: Found token for module: "modules_state"
[LogosObject] LogosAPIConsumer: async calling via LogosObject::callMethodAsync "note_transition"
[LogosObject] RemoteLogosObject::callMethodAsync "note_transition" args: 7
Loaded dependency (with transitive deps): "delivery_module"
[2026-10-01 23:18:35.510] [info] [logos] [storage_module] StorageModuleImpl: Initializing...
LogosAPIConsumer: Informing module token for module: "storage_module" with token: "redacted:c5a2fba1…"
RemoteTransportConnection: Requesting object: "capability_module" at "23:18:35.511"
[LogosObject] Created RemoteLogosObject wrapping QRemoteObjectReplica 105553126577152
LogosAPIClient: invoking remote method "modules_state" "apply_snapshot" args_count: 1
LogosAPIClient: getToken for module: "modules_state"
LogosAPIClient: Found token for module: "modules_state"
LogosAPIConsumer: Calling invokeRemoteMethod: "modules_state" "apply_snapshot" args_count: 1 timeout: 20000
[LogosObject] LogosAPIConsumer: calling via LogosObject::callMethod "apply_snapshot"
[LogosObject] RemoteLogosObject::callMethod "apply_snapshot" args: 1
[LogosObject] Created RemoteLogosObject wrapping QRemoteObjectReplica 105553126476480
LogosAPIClient: getToken for module: "modules_state"
LogosAPIClient: Found token for module: "modules_state"
[LogosObject] LogosAPIConsumer: async calling via LogosObject::callMethodAsync "note_transition"
[LogosObject] RemoteLogosObject::callMethodAsync "note_transition" args: 7
LogosAPIClient: getToken for module: "modules_state"
LogosAPIClient: Found token for module: "modules_state"
[LogosObject] LogosAPIConsumer: async calling via LogosObject::callMethodAsync "note_transition"
[LogosObject] RemoteLogosObject::callMethodAsync "note_transition" args: 7
[2026-10-01 23:18:35.512] [info] [logos] Pushed module snapshot to modules_state
LogosAPIClient: getToken for module: "modules_state"
LogosAPIClient: Found token for module: "modules_state"
[LogosObject] LogosAPIConsumer: async calling via LogosObject::callMethodAsync "note_transition"
[LogosObject] RemoteLogosObject::callMethodAsync "note_transition" args: 7
[LogosObject] RemoteTransportConnection: returning RemoteLogosObject for: "capability_module"
[LogosObject] Created RemoteLogosObject wrapping QRemoteObjectReplica 105553126477376
[LogosObject] LogosAPIConsumer: calling LogosObject::informModuleToken for "storage_module"
LogosAPIConsumer: informModuleToken completed with result: true
[LogosObject] Destroying RemoteLogosObject 0
[2026-10-01 23:18:35.512] [info] [logos] Module loaded: storage_module
RemoteTransportConnection: Connecting to registry: "local:logos_storage_module_b6c2af089fb4" at "23:18:35.513"
RemoteTransportConnection: Registry connect attempt started (no peer contact yet): "local:logos_storage_module_b6c2af089fb4"
RemoteTransportConnection: Connecting to registry: "local:logos_capability_module_b6c2af089fb4" at "23:18:35.513"
RemoteTransportConnection: Registry connect attempt started (no peer contact yet): "local:logos_capability_module_b6c2af089fb4"
LogosAPIConsumer: '"storage_module"::""' deferred pending the module becoming reachable
LogosAPIClient: getToken for module: "modules_state"
LogosAPIClient: Found token for module: "modules_state"
[LogosObject] LogosAPIConsumer: async calling via LogosObject::callMethodAsync "note_transition"
[LogosObject] RemoteLogosObject::callMethodAsync "note_transition" args: 7
Loaded dependency (with transitive deps): "storage_module"
DEV_QML_PATH override active: <repo>/src/qml/Main.qml
RemoteTransportConnection: Connecting to registry: "local:logos_capability_module_b6c2af089fb4" at "23:18:35.513"
RemoteTransportConnection: Registry connect attempt started (no peer contact yet): "local:logos_capability_module_b6c2af089fb4"
LogosAPIConsumer: Informing module token for module: "forum_module" with token: "redacted:f6f616e6…"
RemoteTransportConnection: Requesting object: "capability_module" at "23:18:35.513"
[LogosObject] RemoteTransportConnection: returning RemoteLogosObject for: "capability_module"
[LogosObject] Created RemoteLogosObject wrapping QRemoteObjectReplica 105553126394048
[LogosObject] LogosAPIConsumer: calling LogosObject::informModuleToken for "forum_module"
[LogosObject] Created RemoteLogosObject wrapping QRemoteObjectReplica 105553126393056
LogosAPIClient: getToken for module: "modules_state"
LogosAPIClient: Found token for module: "modules_state"
[LogosObject] LogosAPIConsumer: async calling via LogosObject::callMethodAsync "note_transition"
[LogosObject] RemoteLogosObject::callMethodAsync "note_transition" args: 7
LogosAPIConsumer: informModuleToken completed with result: true
[LogosObject] Destroying RemoteLogosObject 0
[2026-10-01 23:18:35.900] [warning] [logos] [capability_module] Warning: QObject::connect: No such signal ::eventResponse(QString,QVariantList)
[2026-10-01 23:18:35.904] [info] [logos] [delivery_module] DeliveryModuleImpl::getNodeInfo called with nodeInfoId: MyPeerId
[2026-10-01 23:18:35.904] [info] [logos] [delivery_module] DeliveryModuleImpl: Cannot get node info - context not initialized. Call createNode first.
[2026-10-01 23:18:35.904] [info] [logos] [delivery_module] DeliveryModuleImpl::createNode called
[2026-10-01 23:18:35.952] [info] [logos] [delivery_module] DeliveryModuleImpl: Waiting for createNode callback...
[2026-10-01 23:18:35.956] [out] [delivery_module] DBG 2026-10-01 23:18:35.956+02:00 Whether to mount storeSync is not specified, defaulting to not mounting topics="waku conf builder" tid=41827087
[2026-10-01 23:18:35.956] [out] [delivery_module] INF 2026-10-01 23:18:35.956+02:00 Sharding configuration:                    topics="waku conf builder" tid=41827087 shardingConf="(kind: AutoSharding, numShardsInCluster: 1)" subscribeShards=@[0]
[2026-10-01 23:18:35.957] [out] [delivery_module] INF 2026-10-01 23:18:35.957+02:00 Configuration: Enabled protocols           topics="waku conf" tid=41827087 relay=true rlnRelay=false store=false filter=false lightPush=false peerExchange=false rendezvous=false
[2026-10-01 23:18:35.957] [out] [delivery_module] INF 2026-10-01 23:18:35.957+02:00 Configuration. Network                     topics="waku conf" tid=41827087 cluster=42
[2026-10-01 23:18:35.957] [out] [delivery_module] DBG 2026-10-01 23:18:35.957+02:00 Configuration. Active Relay Shards         topics="waku conf" tid=41827087 shard=0
[2026-10-01 23:18:35.958] [out] [delivery_module] INF 2026-10-01 23:18:35.958+02:00 Setting up storage                         tid=41827087
[2026-10-01 23:18:35.958] [out] [delivery_module] INF 2026-10-01 23:18:35.958+02:00 Initializing node                          tid=41827087
[2026-10-01 23:18:35.959] [out] [delivery_module] INF 2026-10-01 23:18:35.959+02:00 Initializing networking                    tid=41827087 addrs=@[/ip4/127.0.0.1/tcp/58510]
[2026-10-01 23:18:35.959] [out] [delivery_module] INF 2026-10-01 23:18:35.959+02:00 Mounting protocols                         tid=41827087
[2026-10-01 23:18:35.960] [out] [delivery_module] INF 2026-10-01 23:18:35.959+02:00 Created WakuMetadata protocol              topics="waku node" tid=41827087 clusterId=42 shards="[0]"
[2026-10-01 23:18:35.960] [out] [delivery_module] INF 2026-10-01 23:18:35.960+02:00 mounting store client                      topics="waku node store api" tid=41827087
[2026-10-01 23:18:35.960] [out] [delivery_module] INF 2026-10-01 23:18:35.960+02:00 Mounting auto sharding                     topics="waku node" tid=41827087 clusterId=42 shardCount=1
[2026-10-01 23:18:35.960] [out] [delivery_module] DBG 2026-10-01 23:18:35.960+02:00 Shards created from content topics         tid=41827087 contentTopics=[] shards=[]
[2026-10-01 23:18:35.960] [out] [delivery_module] DBG 2026-10-01 23:18:35.960+02:00 Setting max message size                   tid=41827087 num_bytes=153600
[2026-10-01 23:18:35.960] [out] [delivery_module] INF 2026-10-01 23:18:35.960+02:00 mounting relay protocol                    topics="waku node relay api" tid=41827087
[2026-10-01 23:18:35.961] [out] [delivery_module] DBG 2026-10-01 23:18:35.961+02:00 relay mounted successfully                 topics="waku node relay api" tid=41827087
[2026-10-01 23:18:35.961] [out] [delivery_module] DBG 2026-10-01 23:18:35.961+02:00 Adding validator to signed shards          tid=41827087 protectedShards=[] clusterId=42
[2026-10-01 23:18:35.961] [out] [delivery_module] INF 2026-10-01 23:18:35.961+02:00 mounting libp2p ping protocol              topics="waku node ping api" tid=41827087
[2026-10-01 23:18:35.961] [out] [delivery_module] INF 2026-10-01 23:18:35.961+02:00 mounting light push client                 topics="waku node lightpush api" tid=41827087
[2026-10-01 23:18:35.961] [out] [delivery_module] INF 2026-10-01 23:18:35.961+02:00 mounting legacy light push client          topics="waku node lightpush api" tid=41827087
[2026-10-01 23:18:35.961] [out] [delivery_module] INF 2026-10-01 23:18:35.961+02:00 mounting filter client                     topics="waku node filter api" tid=41827087
[2026-10-01 23:18:35.961] [out] [delivery_module] INF 2026-10-01 23:18:35.961+02:00 mounting waku peer exchange client         topics="waku node peerexchange api" tid=41827087
[2026-10-01 23:18:35.961] [out] [delivery_module] INF 2026-10-01 23:18:35.961+02:00 No external callbacks to be set            topics="wakunode waku" tid=41827087
[2026-10-01 23:18:35.961] [out] [delivery_module] INF 2026-10-01 23:18:35.961+02:00 Setting up AutonatService                  topics="libp2p autonatservice" tid=41827087
[2026-10-01 23:18:35.962] [info] [logos] [delivery_module] DeliveryModuleImpl::createNode callback called with ret: 0
[2026-10-01 23:18:35.962] [info] [logos] [delivery_module] DeliveryModuleImpl: Delivery context created successfully
[2026-10-01 23:18:35.963] [info] [logos] [delivery_module] DeliveryModuleImpl::start called
[2026-10-01 23:18:35.963] [out] [delivery_module] INF 2026-10-01 23:18:35.963+02:00 Retrieve dynamic bootstrap nodes           topics="wakunode waku" tid=41827087
[2026-10-01 23:18:35.963] [info] [logos] [delivery_module] DeliveryModuleImpl::getNodeInfo called with nodeInfoId: MyPeerId
[2026-10-01 23:18:35.963] [out] [delivery_module] INF 2026-10-01 23:18:35.963+02:00 Running nwaku node                         tid=41827087 version=v0.39.0-gca2814
[2026-10-01 23:18:35.963] [out] [delivery_module] INF 2026-10-01 23:18:35.963+02:00 Starting Waku node                         topics="waku node" tid=41827087 version=v0.39.0-gca2814
[2026-10-01 23:18:35.963] [out] [delivery_module] DBG 2026-10-01 23:18:35.963+02:00 starting switch for peer                   topics="libp2p switch" tid=41827087 peerInfo="(peerId: 16Uiu2HAmHWrmLnr4AVtPMGV71Zq6ioHRdZvzwVd81h5NrUQX3SAW, listenAddrs: [/ip4/127.0.0.1/tcp/58510], addrs: [], protocols: [/ipfs/id/1.0.0, /libp2p/autonat/1.0.0, /libp2p/circuit/relay/0.2.0/hop, /vac/waku/metadata/1.0.0, /vac/waku/relay/2.0.0, /ipfs/ping/1.0.0, /vac/waku/filter-push/2.0.0-beta1], protoVersion: ipfs/0.1.0, agentVersion: logos-delivery-v0.39.0-gca2814)"
[2026-10-01 23:18:35.964] [out] [delivery_module] DBG 2026-10-01 23:18:35.964+02:00 About to accept incoming connection        topics="libp2p switch" tid=41827087
[2026-10-01 23:18:35.965] [out] [delivery_module] INF 2026-10-01 23:18:35.965+02:00 start                                      topics="waku relay" tid=41827087
[2026-10-01 23:18:35.965] [out] [delivery_module] DBG 2026-10-01 23:18:35.965+02:00 Started libp2p node                        topics="libp2p switch" tid=41827087 peer="(peerId: 16Uiu2HAmHWrmLnr4AVtPMGV71Zq6ioHRdZvzwVd81h5NrUQX3SAW, listenAddrs: [/ip4/127.0.0.1/tcp/58510], addrs: [/ip4/127.0.0.1/tcp/58510], protocols: [/ipfs/id/1.0.0, /libp2p/autonat/1.0.0, /libp2p/circuit/relay/0.2.0/hop, /vac/waku/metadata/1.0.0, /vac/waku/relay/2.0.0, /ipfs/ping/1.0.0, /vac/waku/filter-push/2.0.0-beta1], protoVersion: ipfs/0.1.0, agentVersion: logos-delivery-v0.39.0-gca2814)"
[2026-10-01 23:18:35.966] [out] [delivery_module] INF 2026-10-01 23:18:35.966+02:00 Announced base resolved                    topics="waku node" tid=41827087 addrs=@[/ip4/127.0.0.1/tcp/58510] explicit=@[/ip4/127.0.0.1/tcp/58510]
[2026-10-01 23:18:35.966] [out] [delivery_module] DBG 2026-10-01 23:18:35.966+02:00 ENR addresses updated                      topics="waku enr" tid=41827087 retained=1 total=1
[2026-10-01 23:18:35.967] [out] [delivery_module] INF 2026-10-01 23:18:35.967+02:00 Node started successfully                  topics="waku node" tid=41827087
[2026-10-01 23:18:35.967] [out] [delivery_module] DBG 2026-10-01 23:18:35.967+02:00 Dialing multiple peers                     tid=41827087 numOfPeers=4 nodes="@[\"/ip4/127.0.0.1/tcp/58505/p2p/16Uiu2HAmG4z4AKDtfomAW5pHPw5edQCkHjTQFJaboAPfmPBVC7es\", \"/ip4/127.0.0.1/tcp/58506/p2p/16Uiu2HAm3dW2HTamqUfSXJtEkheM418UWv8hVTXbEgn3JT8ckgpN\", \"/ip4/127.0.0.1/tcp/58507/p2p/16Uiu2HAmNe6SuF5sxGPLVFC8QNMfSfzjCAKxpaaHkf4YGd3qPmts\", \"/ip4/127.0.0.1/tcp/58508/p2p/16Uiu2HAmC2zDBZNcPBfXEyLe9Fv45rffgwonUC4MuyuDeg2dfZg9\"]"
[2026-10-01 23:18:35.967] [out] [delivery_module] DBG 2026-10-01 23:18:35.967+02:00 Dialing peer                               topics="libp2p dialer" tid=41827087 peerId=16U*BVC7es addrs="[/ip4/127.0.0.1/tcp/58505]"
[2026-10-01 23:18:35.967] [out] [delivery_module] DBG 2026-10-01 23:18:35.967+02:00 Expanded address and hostname              topics="libp2p dialer" tid=41827087 expandedAddress=/ip4/127.0.0.1/tcp/58505 hostname=127.0.0.1 resolvedAddresses="[/ip4/127.0.0.1/tcp/58505]"
[2026-10-01 23:18:35.967] [out] [delivery_module] DBG 2026-10-01 23:18:35.967+02:00 Dialing peer                               topics="libp2p dialer" tid=41827087 peerId=16U*8ckgpN addrs="[/ip4/127.0.0.1/tcp/58506]"
[2026-10-01 23:18:35.967] [out] [delivery_module] DBG 2026-10-01 23:18:35.967+02:00 Expanded address and hostname              topics="libp2p dialer" tid=41827087 expandedAddress=/ip4/127.0.0.1/tcp/58506 hostname=127.0.0.1 resolvedAddresses="[/ip4/127.0.0.1/tcp/58506]"
[2026-10-01 23:18:35.967] [out] [delivery_module] DBG 2026-10-01 23:18:35.967+02:00 Dialing peer                               topics="libp2p dialer" tid=41827087 peerId=16U*3qPmts addrs="[/ip4/127.0.0.1/tcp/58507]"
[2026-10-01 23:18:35.968] [out] [delivery_module] DBG 2026-10-01 23:18:35.968+02:00 Expanded address and hostname              topics="libp2p dialer" tid=41827087 expandedAddress=/ip4/127.0.0.1/tcp/58507 hostname=127.0.0.1 resolvedAddresses="[/ip4/127.0.0.1/tcp/58507]"
[2026-10-01 23:18:35.968] [out] [delivery_module] DBG 2026-10-01 23:18:35.968+02:00 Dialing peer                               topics="libp2p dialer" tid=41827087 peerId=16U*2dfZg9 addrs="[/ip4/127.0.0.1/tcp/58508]"
[2026-10-01 23:18:35.968] [out] [delivery_module] DBG 2026-10-01 23:18:35.968+02:00 Expanded address and hostname              topics="libp2p dialer" tid=41827087 expandedAddress=/ip4/127.0.0.1/tcp/58508 hostname=127.0.0.1 resolvedAddresses="[/ip4/127.0.0.1/tcp/58508]"
[2026-10-01 23:18:35.969] [info] [logos] [delivery_module] DeliveryModuleImpl::subscribe called with contentTopic: /lp0026forum/1/general/text
[2026-10-01 23:18:35.969] [out] [delivery_module] DBG 2026-10-01 23:18:35.969+02:00 Subscribing to pubsub topic                topics="waku relay" tid=41827087 pubsubTopic=/waku/2/rs/42/0
[2026-10-01 23:18:35.970] [out] [delivery_module] DBG 2026-10-01 23:18:35.970+02:00 No mesh peer for the given pubsub topic    topics="waku relay" tid=41827087 pubsubTopic=/waku/2/rs/42/0
[2026-10-01 23:18:35.970] [info] [logos] [delivery_module] DeliveryModuleImpl: Subscribe completed for topic: /lp0026forum/1/general/text with success
[2026-10-01 23:18:35.974] [out] [delivery_module] DBG 2026-10-01 23:18:35.974+02:00 Dial successful                            topics="libp2p dialer" tid=41827087 peerId=16U*BVC7es
[2026-10-01 23:18:35.974] [out] [delivery_module] DBG 2026-10-01 23:18:35.974+02:00 Dial successful                            topics="libp2p dialer" tid=41827087 peerId=16U*3qPmts
[2026-10-01 23:18:35.974] [out] [delivery_module] DBG 2026-10-01 23:18:35.974+02:00 starting sendNonHighPriorityTask           topics="libp2p pubsubpeer" tid=41827087 p=16U*BVC7es
[2026-10-01 23:18:35.974] [out] [delivery_module] DBG 2026-10-01 23:18:35.974+02:00 created new pubsub peer                    topics="libp2p pubsub" tid=41827087 peerId=16U*BVC7es
[2026-10-01 23:18:35.974] [out] [delivery_module] DBG 2026-10-01 23:18:35.974+02:00 no listener registered                     tid=41827088 event=onConnectionChange
[2026-10-01 23:18:35.974] [out] [delivery_module] DBG 2026-10-01 23:18:35.974+02:00 starting sendNonHighPriorityTask           topics="libp2p pubsubpeer" tid=41827087 p=16U*3qPmts
[2026-10-01 23:18:35.974] [out] [delivery_module] DBG 2026-10-01 23:18:35.974+02:00 created new pubsub peer                    topics="libp2p pubsub" tid=41827087 peerId=16U*3qPmts
[2026-10-01 23:18:35.974] [out] [delivery_module] DBG 2026-10-01 23:18:35.974+02:00 no listener registered                     tid=41827088 event=onConnectionChange
[2026-10-01 23:18:35.975] [out] [delivery_module] DBG 2026-10-01 23:18:35.975+02:00 Dial successful                            topics="libp2p dialer" tid=41827087 peerId=16U*8ckgpN
[2026-10-01 23:18:35.975] [out] [delivery_module] DBG 2026-10-01 23:18:35.975+02:00 Incoming WakuRelay connection              topics="waku relay" tid=41827087 connection=16U*BVC7es:6abece2bb1a78acd96fffcfc protocol=/vac/waku/relay/2.0.0
[2026-10-01 23:18:35.975] [out] [delivery_module] DBG 2026-10-01 23:18:35.975+02:00 starting pubsub read loop                  topics="libp2p pubsubpeer" tid=41827087 stream=16U*BVC7es:6abece2bb1a78acd96fffcfc peer=16U*BVC7es closed=false
[2026-10-01 23:18:35.975] [out] [delivery_module] DBG 2026-10-01 23:18:35.975+02:00 identify: info sent                        topics="libp2p identify" tid=41827087 stream=16U*BVC7es:6abece2bb1a78acd96fffcfd info="(peerId: 16Uiu2HAmHWrmLnr4AVtPMGV71Zq6ioHRdZvzwVd81h5NrUQX3SAW, listenAddrs: [/ip4/127.0.0.1/tcp/58510], addrs: [/ip4/127.0.0.1/tcp/58510], protocols: [/ipfs/id/1.0.0, /libp2p/autonat/1.0.0, /libp2p/circuit/relay/0.2.0/hop, /vac/waku/metadata/1.0.0, /vac/waku/relay/2.0.0, /ipfs/ping/1.0.0, /vac/waku/filter-push/2.0.0-beta1], protoVersion: ipfs/0.1.0, agentVersion: logos-delivery-v0.39.0-gca2814)"
[2026-10-01 23:18:35.975] [out] [delivery_module] DBG 2026-10-01 23:18:35.975+02:00 starting sendNonHighPriorityTask           topics="libp2p pubsubpeer" tid=41827087 p=16U*8ckgpN
[2026-10-01 23:18:35.975] [out] [delivery_module] DBG 2026-10-01 23:18:35.975+02:00 created new pubsub peer                    topics="libp2p pubsub" tid=41827087 peerId=16U*8ckgpN
[2026-10-01 23:18:35.975] [out] [delivery_module] DBG 2026-10-01 23:18:35.975+02:00 no listener registered                     tid=41827088 event=onConnectionChange
[2026-10-01 23:18:35.975] [out] [delivery_module] DBG 2026-10-01 23:18:35.975+02:00 Incoming WakuRelay connection              topics="waku relay" tid=41827087 connection=16U*3qPmts:6abece2bb1a78acd96fffcfe protocol=/vac/waku/relay/2.0.0
[2026-10-01 23:18:35.975] [out] [delivery_module] DBG 2026-10-01 23:18:35.975+02:00 starting pubsub read loop                  topics="libp2p pubsubpeer" tid=41827087 stream=16U*3qPmts:6abece2bb1a78acd96fffcfe peer=16U*3qPmts closed=false
[2026-10-01 23:18:35.975] [out] [delivery_module] DBG 2026-10-01 23:18:35.975+02:00 identify: info sent                        topics="libp2p identify" tid=41827087 stream=16U*3qPmts:6abece2bb1a78acd96fffcff info="(peerId: 16Uiu2HAmHWrmLnr4AVtPMGV71Zq6ioHRdZvzwVd81h5NrUQX3SAW, listenAddrs: [/ip4/127.0.0.1/tcp/58510], addrs: [/ip4/127.0.0.1/tcp/58510], protocols: [/ipfs/id/1.0.0, /libp2p/autonat/1.0.0, /libp2p/circuit/relay/0.2.0/hop, /vac/waku/metadata/1.0.0, /vac/waku/relay/2.0.0, /ipfs/ping/1.0.0, /vac/waku/filter-push/2.0.0-beta1], protoVersion: ipfs/0.1.0, agentVersion: logos-delivery-v0.39.0-gca2814)"
[2026-10-01 23:18:35.976] [out] [delivery_module] DBG 2026-10-01 23:18:35.975+02:00 Incoming WakuRelay connection              topics="waku relay" tid=41827087 connection=16U*8ckgpN:6abece2bb1a78acd96fffd00 protocol=/vac/waku/relay/2.0.0
[2026-10-01 23:18:35.976] [out] [delivery_module] DBG 2026-10-01 23:18:35.976+02:00 starting pubsub read loop                  topics="libp2p pubsubpeer" tid=41827087 stream=16U*8ckgpN:6abece2bb1a78acd96fffd00 peer=16U*8ckgpN closed=false
[2026-10-01 23:18:35.976] [out] [delivery_module] DBG 2026-10-01 23:18:35.976+02:00 identify: info sent                        topics="libp2p identify" tid=41827087 stream=16U*8ckgpN:6abece2bb1a78acd96fffd01 info="(peerId: 16Uiu2HAmHWrmLnr4AVtPMGV71Zq6ioHRdZvzwVd81h5NrUQX3SAW, listenAddrs: [/ip4/127.0.0.1/tcp/58510], addrs: [/ip4/127.0.0.1/tcp/58510], protocols: [/ipfs/id/1.0.0, /libp2p/autonat/1.0.0, /libp2p/circuit/relay/0.2.0/hop, /vac/waku/metadata/1.0.0, /vac/waku/relay/2.0.0, /ipfs/ping/1.0.0, /vac/waku/filter-push/2.0.0-beta1], protoVersion: ipfs/0.1.0, agentVersion: logos-delivery-v0.39.0-gca2814)"
[2026-10-01 23:18:35.976] [out] [delivery_module] DBG 2026-10-01 23:18:35.976+02:00 Dial successful                            topics="libp2p dialer" tid=41827087 peerId=16U*2dfZg9
[2026-10-01 23:18:35.976] [out] [delivery_module] DBG 2026-10-01 23:18:35.976+02:00 starting sendNonHighPriorityTask           topics="libp2p pubsubpeer" tid=41827087 p=16U*2dfZg9
[2026-10-01 23:18:35.976] [out] [delivery_module] DBG 2026-10-01 23:18:35.976+02:00 created new pubsub peer                    topics="libp2p pubsub" tid=41827087 peerId=16U*2dfZg9
[2026-10-01 23:18:35.976] [out] [delivery_module] DBG 2026-10-01 23:18:35.976+02:00 no listener registered                     tid=41827088 event=onConnectionChange
[2026-10-01 23:18:35.976] [out] [delivery_module] DBG 2026-10-01 23:18:35.976+02:00 identify: info received                    topics="libp2p identify" tid=41827087 stream=16U*BVC7es:6abece2bb1a78acd96fffcf9 pubkey=ok(sec...656f)) addresses=/ip4/127.0.0.1/tcp/58505 protocols=/ipfs/id/1.0.0,/libp2p/autonat/1.0.0,/libp2p/circuit/relay/0.2.0/hop,/vac/waku/metadata/1.0.0,/mix/1.0.0,/vac/waku/relay/2.0.0,/ipfs/ping/1.0.0,/vac/waku/lightpush/3.0.0,/vac/waku/lightpush/2.0.0-beta1,/vac/waku/filter-push/2.0.0-beta1 observable_address=ok(/ip4/127.0.0.1/tcp/58557) proto_version=ipfs/0.1.0 agent_version=logos-delivery-v0.39.0-gca2814 signedPeerRecord=None
[2026-10-01 23:18:35.976] [out] [delivery_module] DBG 2026-10-01 23:18:35.976+02:00 Incoming WakuRelay connection              topics="waku relay" tid=41827087 connection=16U*2dfZg9:6abece2bb1a78acd96fffd04 protocol=/vac/waku/relay/2.0.0
[2026-10-01 23:18:35.976] [out] [delivery_module] DBG 2026-10-01 23:18:35.976+02:00 starting pubsub read loop                  topics="libp2p pubsubpeer" tid=41827087 stream=16U*2dfZg9:6abece2bb1a78acd96fffd04 peer=16U*2dfZg9 closed=false
[2026-10-01 23:18:35.976] [out] [delivery_module] DBG 2026-10-01 23:18:35.976+02:00 identify: info sent                        topics="libp2p identify" tid=41827087 stream=16U*2dfZg9:6abece2bb1a78acd96fffd05 info="(peerId: 16Uiu2HAmHWrmLnr4AVtPMGV71Zq6ioHRdZvzwVd81h5NrUQX3SAW, listenAddrs: [/ip4/127.0.0.1/tcp/58510], addrs: [/ip4/127.0.0.1/tcp/58510], protocols: [/ipfs/id/1.0.0, /libp2p/autonat/1.0.0, /libp2p/circuit/relay/0.2.0/hop, /vac/waku/metadata/1.0.0, /vac/waku/relay/2.0.0, /ipfs/ping/1.0.0, /vac/waku/filter-push/2.0.0-beta1], protoVersion: ipfs/0.1.0, agentVersion: logos-delivery-v0.39.0-gca2814)"
[2026-10-01 23:18:35.976] [out] [delivery_module] DBG 2026-10-01 23:18:35.976+02:00 identify: info received                    topics="libp2p identify" tid=41827087 stream=16U*3qPmts:6abece2bb1a78acd96fffcfb pubkey=ok(sec...9bf7)) addresses=/ip4/127.0.0.1/tcp/58507 protocols=/ipfs/id/1.0.0,/libp2p/autonat/1.0.0,/libp2p/circuit/relay/0.2.0/hop,/vac/waku/metadata/1.0.0,/mix/1.0.0,/vac/waku/relay/2.0.0,/ipfs/ping/1.0.0,/vac/waku/lightpush/3.0.0,/vac/waku/lightpush/2.0.0-beta1,/vac/waku/filter-push/2.0.0-beta1 observable_address=ok(/ip4/127.0.0.1/tcp/58561) proto_version=ipfs/0.1.0 agent_version=logos-delivery-v0.39.0-gca2814 signedPeerRecord=None
[2026-10-01 23:18:35.977] [out] [delivery_module] DBG 2026-10-01 23:18:35.977+02:00 starting pubsub read loop                  topics="libp2p pubsubpeer" tid=41827087 stream=16U*BVC7es:6abece2bb1a78acd96fffcf8 peer=16U*BVC7es closed=false
[2026-10-01 23:18:35.977] [out] [delivery_module] DBG 2026-10-01 23:18:35.977+02:00 Event identified                           topics="waku node peer_manager" tid=41827087 peerId=16U*BVC7es
[2026-10-01 23:18:35.977] [out] [delivery_module] DBG 2026-10-01 23:18:35.977+02:00 no listener registered                     tid=41827088 event=onConnectionChange
[2026-10-01 23:18:35.977] [out] [delivery_module] DBG 2026-10-01 23:18:35.977+02:00 starting pubsub read loop                  topics="libp2p pubsubpeer" tid=41827087 stream=16U*3qPmts:6abece2bb1a78acd96fffcfa peer=16U*3qPmts closed=false
[2026-10-01 23:18:35.977] [out] [delivery_module] DBG 2026-10-01 23:18:35.977+02:00 Event identified                           topics="waku node peer_manager" tid=41827087 peerId=16U*3qPmts
[2026-10-01 23:18:35.977] [out] [delivery_module] DBG 2026-10-01 23:18:35.977+02:00 no listener registered                     tid=41827088 event=onConnectionChange
[2026-10-01 23:18:35.977] [out] [delivery_module] DBG 2026-10-01 23:18:35.977+02:00 identify: info received                    topics="libp2p identify" tid=41827087 stream=16U*8ckgpN:6abece2bb1a78acd96fffd03 pubkey=ok(sec...6272)) addresses=/ip4/127.0.0.1/tcp/58506 protocols=/ipfs/id/1.0.0,/libp2p/autonat/1.0.0,/libp2p/circuit/relay/0.2.0/hop,/vac/waku/metadata/1.0.0,/mix/1.0.0,/vac/waku/relay/2.0.0,/ipfs/ping/1.0.0,/vac/waku/lightpush/3.0.0,/vac/waku/lightpush/2.0.0-beta1,/vac/waku/filter-push/2.0.0-beta1 observable_address=ok(/ip4/127.0.0.1/tcp/58559) proto_version=ipfs/0.1.0 agent_version=logos-delivery-v0.39.0-gca2814 signedPeerRecord=None
[2026-10-01 23:18:35.978] [out] [delivery_module] DBG 2026-10-01 23:18:35.978+02:00 starting pubsub read loop                  topics="libp2p pubsubpeer" tid=41827087 stream=16U*8ckgpN:6abece2bb1a78acd96fffd02 peer=16U*8ckgpN closed=false
[2026-10-01 23:18:35.978] [out] [delivery_module] DBG 2026-10-01 23:18:35.978+02:00 Event identified                           topics="waku node peer_manager" tid=41827087 peerId=16U*8ckgpN
[2026-10-01 23:18:35.978] [out] [delivery_module] DBG 2026-10-01 23:18:35.978+02:00 no listener registered                     tid=41827088 event=onConnectionChange
[2026-10-01 23:18:35.978] [out] [delivery_module] DBG 2026-10-01 23:18:35.978+02:00 identify: info received                    topics="libp2p identify" tid=41827087 stream=16U*2dfZg9:6abece2bb1a78acd96fffd07 pubkey=ok(sec...ad04)) addresses=/ip4/127.0.0.1/tcp/58508 protocols=/ipfs/id/1.0.0,/libp2p/autonat/1.0.0,/libp2p/circuit/relay/0.2.0/hop,/vac/waku/metadata/1.0.0,/mix/1.0.0,/vac/waku/relay/2.0.0,/ipfs/ping/1.0.0,/vac/waku/lightpush/3.0.0,/vac/waku/lightpush/2.0.0-beta1,/vac/waku/filter-push/2.0.0-beta1 observable_address=ok(/ip4/127.0.0.1/tcp/58563) proto_version=ipfs/0.1.0 agent_version=logos-delivery-v0.39.0-gca2814 signedPeerRecord=None
[2026-10-01 23:18:35.978] [out] [delivery_module] DBG 2026-10-01 23:18:35.978+02:00 starting pubsub read loop                  topics="libp2p pubsubpeer" tid=41827087 stream=16U*2dfZg9:6abece2bb1a78acd96fffd06 peer=16U*2dfZg9 closed=false
[2026-10-01 23:18:35.978] [out] [delivery_module] DBG 2026-10-01 23:18:35.978+02:00 Event identified                           topics="waku node peer_manager" tid=41827087 peerId=16U*2dfZg9
[2026-10-01 23:18:35.978] [out] [delivery_module] DBG 2026-10-01 23:18:35.978+02:00 no listener registered                     tid=41827088 event=onConnectionChange
[2026-10-01 23:18:35.979] [out] [delivery_module] DBG 2026-10-01 23:18:35.979+02:00 Received WakuMetadata request              topics="waku metadata" tid=41827087 remoteClusterId=ok(42) remoteShards="[0]" localClusterId=42 localShards="[0]" peer=16U*BVC7es
[2026-10-01 23:18:35.979] [out] [delivery_module] DBG 2026-10-01 23:18:35.979+02:00 Received WakuMetadata request              topics="waku metadata" tid=41827087 remoteClusterId=ok(42) remoteShards="[0]" localClusterId=42 localShards="[0]" peer=16U*3qPmts
[2026-10-01 23:18:35.979] [out] [delivery_module] DBG 2026-10-01 23:18:35.979+02:00 Received WakuMetadata request              topics="waku metadata" tid=41827087 remoteClusterId=ok(42) remoteShards="[0]" localClusterId=42 localShards="[0]" peer=16U*8ckgpN
[2026-10-01 23:18:35.980] [out] [delivery_module] DBG 2026-10-01 23:18:35.980+02:00 Received WakuMetadata request              topics="waku metadata" tid=41827087 remoteClusterId=ok(42) remoteShards="[0]" localClusterId=42 localShards="[0]" peer=16U*2dfZg9
[2026-10-01 23:18:35.980] [out] [delivery_module] DBG 2026-10-01 23:18:35.980+02:00 no listener registered                     tid=41827088 event=onConnectionChange
[2026-10-01 23:18:35.980] [out] [delivery_module] DBG 2026-10-01 23:18:35.980+02:00 no listener registered                     tid=41827088 event=onConnectionChange
[2026-10-01 23:18:35.980] [out] [delivery_module] DBG 2026-10-01 23:18:35.980+02:00 no listener registered                     tid=41827088 event=onConnectionChange
[2026-10-01 23:18:35.981] [out] [delivery_module] DBG 2026-10-01 23:18:35.981+02:00 no listener registered                     tid=41827088 event=onConnectionChange
[2026-10-01 23:18:35.981] [out] [delivery_module] DBG 2026-10-01 23:18:35.981+02:00 Finished dialing multiple peers            tid=41827087 successfulConns=4 attempted=4
[2026-10-01 23:18:35.981] [out] [delivery_module] DBG 2026-10-01 23:18:35.981+02:00 Starting peer exchange loop                topics="waku node peerexchange api" tid=41827087
[2026-10-01 23:18:35.981] [out] [delivery_module] DBG 2026-10-01 23:18:35.981+02:00 Retrieving peer info via peer exchange protocol topics="waku node peerexchange api" tid=41827087 amount=5
[2026-10-01 23:18:35.981] [out] [delivery_module] DBG 2026-10-01 23:18:35.981+02:00 Peer exchange request could not be made as no peer exchange peers found topics="waku peer_exchange client" tid=41827087
[2026-10-01 23:18:35.981] [out] [delivery_module] DBG 2026-10-01 23:18:35.981+02:00 Failed to retrieve peer info via peer exchange protocol topics="waku node peerexchange api" tid=41827087 error="(status_code: SERVICE_UNAVAILABLE, status_desc: ok(peer_not_found_failure))"
[2026-10-01 23:18:35.981] [out] [delivery_module] DBG 2026-10-01 23:18:35.981+02:00 Cannot fetch peers from peer exchange      topics="waku node peerexchange api" tid=41827087 cause="(status_code: SERVICE_UNAVAILABLE, status_desc: ok(peer_not_found_failure))"
[2026-10-01 23:18:35.982] [out] [delivery_module] INF 2026-10-01 23:18:35.982+02:00 Relay peer connections                     topics="waku node peer_manager" tid=41827087 inRelayConns=0/50 outRelayConns=4/25 totalConnections=4/150 notConnectedPeers=0 outsideBackoffPeers=0
[2026-10-01 23:18:35.982] [out] [delivery_module] DBG 2026-10-01 23:18:35.982+02:00 ENR addresses updated                      topics="waku enr" tid=41827087 retained=1 total=1
[2026-10-01 23:18:35.982] [out] [delivery_module] INF 2026-10-01 23:18:35.982+02:00 Node is online                             topics="waku online monitor" tid=41827087
[2026-10-01 23:18:35.982] [out] [delivery_module] INF 2026-10-01 23:18:35.982+02:00 Health monitor loop start                  tid=41827087
[2026-10-01 23:18:35.983] [out] [delivery_module] DBG 2026-10-01 23:18:35.983+02:00 calculateConnectionState                   tid=41827087 relayCount=4 storeClientCount=0 lightpushCount=4 filterCount=0
[2026-10-01 23:18:35.983] [out] [delivery_module] DBG 2026-10-01 23:18:35.983+02:00 connectionStatus change                    tid=41827087 oldstatus=Disconnected newstatus=Connected
[2026-10-01 23:18:35.983] [out] [delivery_module] INF 2026-10-01 23:18:35.983+02:00 starting keepalive                         tid=41827087 randomPeersKeepalive=10s allPeersKeepalive=2m
[2026-10-01 23:18:36.071] [out] [delivery_module] DBG 2026-10-01 23:18:36.071+02:00 no listener registered                     tid=41827088 event=onTopicHealthChange
[2026-10-01 23:18:36.086] [out] [delivery_module] DBG 2026-10-01 23:18:36.086+02:00 calculateConnectionState                   tid=41827087 relayCount=4 storeClientCount=0 lightpushCount=4 filterCount=0
Loaded UI plugin: "/nix/store/939difpddza80wg9gmjwgrayhp2r804m-logos-forum_module-plugin-dir"
[QmlInspector] Inspector server listening on port 3769
[QmlInspector] Client connected from "::1"
[QmlInspector] Client disconnected
[2026-10-01 23:19:05.970] [out] [delivery_module] DBG 2026-10-01 23:19:05.970+02:00 Accepted an incoming connection            topics="libp2p switch" tid=41827087 conn=:6abece49b1a78acd96fffd25
[2026-10-01 23:19:05.970] [out] [delivery_module] DBG 2026-10-01 23:19:05.970+02:00 About to accept incoming connection        topics="libp2p switch" tid=41827087
[2026-10-01 23:19:05.973] [out] [delivery_module] DBG 2026-10-01 23:19:05.973+02:00 dialMe answer is reachable                 topics="libp2p autonatservice" tid=41827087 peerId=16Uiu2HAmG4z4AKDtfomAW5pHPw5edQCkHjTQFJaboAPfmPBVC7es
[2026-10-01 23:19:05.973] [out] [delivery_module] DBG 2026-10-01 23:19:05.973+02:00 Current status                             topics="libp2p autonatservice" tid=41827087 currentStats=Unknown confidence=none() answers=[Reachable]
[2026-10-01 23:19:05.974] [out] [delivery_module] DBG 2026-10-01 23:19:05.974+02:00 Accepted an incoming connection            topics="libp2p switch" tid=41827087 conn=:6abece49b1a78acd96fffd29
[2026-10-01 23:19:05.974] [out] [delivery_module] DBG 2026-10-01 23:19:05.974+02:00 About to accept incoming connection        topics="libp2p switch" tid=41827087
[2026-10-01 23:19:05.977] [out] [delivery_module] DBG 2026-10-01 23:19:05.977+02:00 dialMe answer is reachable                 topics="libp2p autonatservice" tid=41827087 peerId=16Uiu2HAm3dW2HTamqUfSXJtEkheM418UWv8hVTXbEgn3JT8ckgpN
[2026-10-01 23:19:05.977] [out] [delivery_module] DBG 2026-10-01 23:19:05.977+02:00 Current status                             topics="libp2p autonatservice" tid=41827087 currentStats=Unknown confidence=none() answers=[Reachable, Reachable]
[2026-10-01 23:19:05.978] [out] [delivery_module] DBG 2026-10-01 23:19:05.978+02:00 Accepted an incoming connection            topics="libp2p switch" tid=41827087 conn=:6abece49b1a78acd96fffd2d
[2026-10-01 23:19:05.978] [out] [delivery_module] DBG 2026-10-01 23:19:05.978+02:00 About to accept incoming connection        topics="libp2p switch" tid=41827087
[2026-10-01 23:19:05.981] [out] [delivery_module] DBG 2026-10-01 23:19:05.981+02:00 dialMe answer is reachable                 topics="libp2p autonatservice" tid=41827087 peerId=16Uiu2HAmNe6SuF5sxGPLVFC8QNMfSfzjCAKxpaaHkf4YGd3qPmts
[2026-10-01 23:19:05.981] [out] [delivery_module] DBG 2026-10-01 23:19:05.981+02:00 Current status                             topics="libp2p autonatservice" tid=41827087 currentStats=Reachable confidence=ok(1.0) answers=[Reachable, Reachable, Reachable]
[2026-10-01 23:19:05.981] [out] [delivery_module] DBG 2026-10-01 23:19:05.981+02:00 Peer reachability status                   tid=41827087 networkReachability=Reachable confidence=1.0
[QmlInspector] Client connected from "::1"
[2026-10-01 23:19:35.967] [out] [delivery_module] DBG 2026-10-01 23:19:35.967+02:00 Accepted an incoming connection            topics="libp2p switch" tid=41827087 conn=:6abece67b1a78acd96fffd49
[2026-10-01 23:19:35.967] [out] [delivery_module] DBG 2026-10-01 23:19:35.967+02:00 About to accept incoming connection        topics="libp2p switch" tid=41827087
[2026-10-01 23:19:35.969] [out] [delivery_module] DBG 2026-10-01 23:19:35.969+02:00 dialMe answer is reachable                 topics="libp2p autonatservice" tid=41827087 peerId=16Uiu2HAm3dW2HTamqUfSXJtEkheM418UWv8hVTXbEgn3JT8ckgpN
[2026-10-01 23:19:35.969] [out] [delivery_module] DBG 2026-10-01 23:19:35.969+02:00 Current status                             topics="libp2p autonatservice" tid=41827087 currentStats=Reachable confidence=ok(1.0) answers=[Reachable, Reachable, Reachable]
[2026-10-01 23:19:35.971] [out] [delivery_module] DBG 2026-10-01 23:19:35.971+02:00 Accepted an incoming connection            topics="libp2p switch" tid=41827087 conn=:6abece67b1a78acd96fffd4d
[2026-10-01 23:19:35.971] [out] [delivery_module] DBG 2026-10-01 23:19:35.971+02:00 About to accept incoming connection        topics="libp2p switch" tid=41827087
[2026-10-01 23:19:35.974] [out] [delivery_module] DBG 2026-10-01 23:19:35.974+02:00 dialMe answer is reachable                 topics="libp2p autonatservice" tid=41827087 peerId=16Uiu2HAmNe6SuF5sxGPLVFC8QNMfSfzjCAKxpaaHkf4YGd3qPmts
[2026-10-01 23:19:35.974] [out] [delivery_module] DBG 2026-10-01 23:19:35.974+02:00 Current status                             topics="libp2p autonatservice" tid=41827087 currentStats=Reachable confidence=ok(1.0) answers=[Reachable, Reachable, Reachable]
[2026-10-01 23:19:35.975] [out] [delivery_module] DBG 2026-10-01 23:19:35.975+02:00 Accepted an incoming connection            topics="libp2p switch" tid=41827087 conn=:6abece67b1a78acd96fffd51
[2026-10-01 23:19:35.975] [out] [delivery_module] DBG 2026-10-01 23:19:35.975+02:00 About to accept incoming connection        topics="libp2p switch" tid=41827087
[2026-10-01 23:19:35.978] [out] [delivery_module] DBG 2026-10-01 23:19:35.978+02:00 dialMe answer is reachable                 topics="libp2p autonatservice" tid=41827087 peerId=16Uiu2HAmG4z4AKDtfomAW5pHPw5edQCkHjTQFJaboAPfmPBVC7es
[2026-10-01 23:19:35.978] [out] [delivery_module] DBG 2026-10-01 23:19:35.978+02:00 Current status                             topics="libp2p autonatservice" tid=41827087 currentStats=Reachable confidence=ok(1.0) answers=[Reachable, Reachable, Reachable]
[2026-10-01 23:19:35.983] [out] [delivery_module] DBG 2026-10-01 23:19:35.983+02:00 Retrieving peer info via peer exchange protocol topics="waku node peerexchange api" tid=41827087 amount=5
[2026-10-01 23:19:35.983] [out] [delivery_module] DBG 2026-10-01 23:19:35.983+02:00 Peer exchange request could not be made as no peer exchange peers found topics="waku peer_exchange client" tid=41827087
[2026-10-01 23:19:35.983] [out] [delivery_module] DBG 2026-10-01 23:19:35.983+02:00 Failed to retrieve peer info via peer exchange protocol topics="waku node peerexchange api" tid=41827087 error="(status_code: SERVICE_UNAVAILABLE, status_desc: ok(peer_not_found_failure))"
[2026-10-01 23:19:35.983] [out] [delivery_module] DBG 2026-10-01 23:19:35.983+02:00 Cannot fetch peers from peer exchange      topics="waku node peerexchange api" tid=41827087 cause="(status_code: SERVICE_UNAVAILABLE, status_desc: ok(peer_not_found_failure))"
[QmlInspector] Client disconnected
