run-logos-standalone-ui: hot-reloading QML from <repo>/src/qml
  (export DEV_QML_PATH to override, or LOGOS_QML_HOT_RELOAD=0 to disable)
Session directory: "~/Library/Application Support/Logos/LogosStandalone"
[2026-10-02 10:41:21.241] [info] [logos] Granting host services to 'capability_module': token_registry,token_delivery
[2026-10-02 10:41:21.278] [out] [capability_module] [2026-10-02 10:41:21.278] [info] Granting host services to capability_module: ["token_registry","token_delivery"]
RemoteTransportConnection: Connecting to registry: "local:logos_capability_module_5542d3d0283d" at "10:41:21.279"
RemoteTransportConnection: Registry connect attempt started (no peer contact yet): "local:logos_capability_module_5542d3d0283d"
LogosAPIConsumer: Informing module token for module: "capability_module" with token: "redacted:b23666a0…"
RemoteTransportConnection: Requesting object: "capability_module" at "10:41:21.279"
[LogosObject] RemoteTransportConnection: returning RemoteLogosObject for: "capability_module"
[LogosObject] Created RemoteLogosObject wrapping QRemoteObjectReplica 105553157582176
[LogosObject] LogosAPIConsumer: calling LogosObject::informModuleToken for "capability_module"
LogosAPIConsumer: informModuleToken completed with result: true
[LogosObject] Destroying RemoteLogosObject 0
[2026-10-02 10:41:21.305] [info] [logos] Module loaded: capability_module
LogosAPIConsumer: Informing module token for module: "modules_state" with token: "redacted:9ddb1e7a…"
RemoteTransportConnection: Requesting object: "capability_module" at "10:41:21.337"
[LogosObject] RemoteTransportConnection: returning RemoteLogosObject for: "capability_module"
[LogosObject] Created RemoteLogosObject wrapping QRemoteObjectReplica 105553157642464
[LogosObject] LogosAPIConsumer: calling LogosObject::informModuleToken for "modules_state"
LogosAPIConsumer: informModuleToken completed with result: true
[LogosObject] Destroying RemoteLogosObject 0
[2026-10-02 10:41:21.337] [info] [logos] Module loaded: modules_state
RemoteTransportConnection: Connecting to registry: "local:logos_modules_state_5542d3d0283d" at "10:41:21.337"
RemoteTransportConnection: Registry connect attempt started (no peer contact yet): "local:logos_modules_state_5542d3d0283d"
RemoteTransportConnection: Connecting to registry: "local:logos_capability_module_5542d3d0283d" at "10:41:21.338"
RemoteTransportConnection: Registry connect attempt started (no peer contact yet): "local:logos_capability_module_5542d3d0283d"
LogosAPIConsumer: '"modules_state"::""' deferred pending the module becoming reachable
LogosAPIConsumer: '"modules_state"::""' deferred pending the module becoming reachable
Logos Core started (modules dir: "/nix/store/4v2cj5cr5dlsjb9cl0blr0cds0qf07iv-logos-forum_module-plugin-dir-modules" )
Set app icon from metadata: "/nix/store/75y0ikf2rmd03wjspwzcgpq9rk0i8njk-logos-forum_module-plugin-dir/src/icons/icon.png"
[2026-10-02 10:41:21.381] [info] [logos] [delivery_module] DeliveryModuleImpl: Initializing...
LogosAPIConsumer: Informing module token for module: "delivery_module" with token: "redacted:17b25b37…"
RemoteTransportConnection: Requesting object: "capability_module" at "10:41:21.382"
[LogosObject] RemoteTransportConnection: returning RemoteLogosObject for: "capability_module"
[LogosObject] Created RemoteLogosObject wrapping QRemoteObjectReplica 105553157194496
[LogosObject] LogosAPIConsumer: calling LogosObject::informModuleToken for "delivery_module"
LogosAPIConsumer: informModuleToken completed with result: true
[LogosObject] Destroying RemoteLogosObject 0
[2026-10-02 10:41:21.385] [info] [logos] Module loaded: delivery_module
RemoteTransportConnection: Connecting to registry: "local:logos_delivery_module_5542d3d0283d" at "10:41:21.386"
RemoteTransportConnection: Registry connect attempt started (no peer contact yet): "local:logos_delivery_module_5542d3d0283d"
RemoteTransportConnection: Connecting to registry: "local:logos_capability_module_5542d3d0283d" at "10:41:21.386"
RemoteTransportConnection: Registry connect attempt started (no peer contact yet): "local:logos_capability_module_5542d3d0283d"
LogosAPIConsumer: '"delivery_module"::""' deferred pending the module becoming reachable
LogosAPIClient: getToken for module: "modules_state"
LogosAPIClient: Found token for module: "modules_state"
RemoteTransportConnection: Requesting object: "modules_state" at "10:41:21.386"
[LogosObject] Created RemoteLogosObject wrapping QRemoteObjectReplica 105553157568960
LogosAPIClient: getToken for module: "modules_state"
LogosAPIClient: Found token for module: "modules_state"
RemoteTransportConnection: Requesting object: "modules_state" at "10:41:21.386"
[LogosObject] RemoteTransportConnection: returning RemoteLogosObject for: "modules_state"
[LogosObject] Created RemoteLogosObject wrapping QRemoteObjectReplica 105553157621344
[LogosObject] LogosAPIConsumer: async calling via LogosObject::callMethodAsync "note_transition"
[LogosObject] RemoteLogosObject::callMethodAsync "note_transition" args: 7
[LogosObject] Created RemoteLogosObject wrapping QRemoteObjectReplica 105553157648480
LogosAPIClient: invoking remote method "modules_state" "apply_snapshot" args_count: 1
LogosAPIClient: getToken for module: "modules_state"
LogosAPIClient: Found token for module: "modules_state"
LogosAPIConsumer: Calling invokeRemoteMethod: "modules_state" "apply_snapshot" args_count: 1 timeout: 20000
[LogosObject] LogosAPIConsumer: calling via LogosObject::callMethod "apply_snapshot"
[LogosObject] RemoteLogosObject::callMethod "apply_snapshot" args: 1
[2026-10-02 10:41:21.386] [info] [logos] Pushed module snapshot to modules_state
LogosAPIClient: getToken for module: "modules_state"
LogosAPIClient: Found token for module: "modules_state"
[LogosObject] LogosAPIConsumer: async calling via LogosObject::callMethodAsync "note_transition"
[LogosObject] RemoteLogosObject::callMethodAsync "note_transition" args: 7
[LogosObject] RemoteTransportConnection: returning RemoteLogosObject for: "modules_state"
[LogosObject] Created RemoteLogosObject wrapping QRemoteObjectReplica 105553157558944
[LogosObject] LogosAPIConsumer: async calling via LogosObject::callMethodAsync "note_transition"
[LogosObject] RemoteLogosObject::callMethodAsync "note_transition" args: 7
LogosAPIClient: getToken for module: "modules_state"
LogosAPIClient: Found token for module: "modules_state"
[LogosObject] LogosAPIConsumer: async calling via LogosObject::callMethodAsync "note_transition"
[LogosObject] RemoteLogosObject::callMethodAsync "note_transition" args: 7
Loaded dependency (with transitive deps): "delivery_module"
[2026-10-02 10:41:21.417] [info] [logos] [storage_module] StorageModuleImpl: Initializing...
LogosAPIConsumer: Informing module token for module: "storage_module" with token: "redacted:94df9d1d…"
RemoteTransportConnection: Requesting object: "capability_module" at "10:41:21.418"
[LogosObject] RemoteTransportConnection: returning RemoteLogosObject for: "capability_module"
[LogosObject] Created RemoteLogosObject wrapping QRemoteObjectReplica 105553157647616
[LogosObject] LogosAPIConsumer: calling LogosObject::informModuleToken for "storage_module"
LogosAPIConsumer: informModuleToken completed with result: true
[LogosObject] Destroying RemoteLogosObject 0
[2026-10-02 10:41:21.418] [info] [logos] Module loaded: storage_module
RemoteTransportConnection: Connecting to registry: "local:logos_storage_module_5542d3d0283d" at "10:41:21.419"
RemoteTransportConnection: Registry connect attempt started (no peer contact yet): "local:logos_storage_module_5542d3d0283d"
RemoteTransportConnection: Connecting to registry: "local:logos_capability_module_5542d3d0283d" at "10:41:21.419"
RemoteTransportConnection: Registry connect attempt started (no peer contact yet): "local:logos_capability_module_5542d3d0283d"
LogosAPIConsumer: '"storage_module"::""' deferred pending the module becoming reachable
LogosAPIClient: getToken for module: "modules_state"
LogosAPIClient: Found token for module: "modules_state"
[LogosObject] LogosAPIConsumer: async calling via LogosObject::callMethodAsync "note_transition"
[LogosObject] RemoteLogosObject::callMethodAsync "note_transition" args: 7
LogosAPIClient: getToken for module: "modules_state"
LogosAPIClient: Found token for module: "modules_state"
[LogosObject] LogosAPIConsumer: async calling via LogosObject::callMethodAsync "note_transition"
[LogosObject] RemoteLogosObject::callMethodAsync "note_transition" args: 7
Loaded dependency (with transitive deps): "storage_module"
DEV_QML_PATH override active: <repo>/src/qml/Main.qml
RemoteTransportConnection: Connecting to registry: "local:logos_capability_module_5542d3d0283d" at "10:41:21.419"
RemoteTransportConnection: Registry connect attempt started (no peer contact yet): "local:logos_capability_module_5542d3d0283d"
LogosAPIConsumer: Informing module token for module: "forum_module" with token: "redacted:8875f461…"
RemoteTransportConnection: Requesting object: "capability_module" at "10:41:21.419"
[LogosObject] RemoteTransportConnection: returning RemoteLogosObject for: "capability_module"
[LogosObject] Created RemoteLogosObject wrapping QRemoteObjectReplica 105553157628096
[LogosObject] LogosAPIConsumer: calling LogosObject::informModuleToken for "forum_module"
[LogosObject] Created RemoteLogosObject wrapping QRemoteObjectReplica 105553157626912
LogosAPIClient: getToken for module: "modules_state"
LogosAPIClient: Found token for module: "modules_state"
[LogosObject] LogosAPIConsumer: async calling via LogosObject::callMethodAsync "note_transition"
[LogosObject] RemoteLogosObject::callMethodAsync "note_transition" args: 7
LogosAPIConsumer: informModuleToken completed with result: true
[LogosObject] Destroying RemoteLogosObject 0
[2026-10-02 10:41:21.466] [warning] [logos] [capability_module] Warning: QObject::connect: No such signal ::eventResponse(QString,QVariantList)
[2026-10-02 10:41:21.466] [info] [logos] [delivery_module] DeliveryModuleImpl::getNodeInfo called with nodeInfoId: MyPeerId
[2026-10-02 10:41:21.466] [info] [logos] [delivery_module] DeliveryModuleImpl: Cannot get node info - context not initialized. Call createNode first.
[2026-10-02 10:41:21.466] [info] [logos] [delivery_module] DeliveryModuleImpl::createNode called
[2026-10-02 10:41:21.473] [info] [logos] [delivery_module] DeliveryModuleImpl: Waiting for createNode callback...
[2026-10-02 10:41:21.474] [out] [delivery_module] DBG 2026-10-02 10:41:21.474+02:00 Whether to mount storeSync is not specified, defaulting to not mounting topics="waku conf builder" tid=42865513
[2026-10-02 10:41:21.474] [out] [delivery_module] INF 2026-10-02 10:41:21.474+02:00 Sharding configuration:                    topics="waku conf builder" tid=42865513 shardingConf="(kind: AutoSharding, numShardsInCluster: 1)" subscribeShards=@[0]
[2026-10-02 10:41:21.474] [out] [delivery_module] INF 2026-10-02 10:41:21.474+02:00 Configuration: Enabled protocols           topics="waku conf" tid=42865513 relay=true rlnRelay=false store=false filter=false lightPush=false peerExchange=false rendezvous=false
[2026-10-02 10:41:21.474] [out] [delivery_module] INF 2026-10-02 10:41:21.474+02:00 Configuration. Network                     topics="waku conf" tid=42865513 cluster=42
[2026-10-02 10:41:21.474] [out] [delivery_module] DBG 2026-10-02 10:41:21.474+02:00 Configuration. Active Relay Shards         topics="waku conf" tid=42865513 shard=0
[2026-10-02 10:41:21.474] [out] [delivery_module] INF 2026-10-02 10:41:21.474+02:00 Setting up storage                         tid=42865513
[2026-10-02 10:41:21.474] [out] [delivery_module] INF 2026-10-02 10:41:21.474+02:00 Initializing node                          tid=42865513
[2026-10-02 10:41:21.474] [out] [delivery_module] INF 2026-10-02 10:41:21.474+02:00 Initializing networking                    tid=42865513 addrs=@[/ip4/127.0.0.1/tcp/51421]
[2026-10-02 10:41:21.474] [out] [delivery_module] INF 2026-10-02 10:41:21.474+02:00 Mounting protocols                         tid=42865513
[2026-10-02 10:41:21.474] [out] [delivery_module] INF 2026-10-02 10:41:21.474+02:00 Created WakuMetadata protocol              topics="waku node" tid=42865513 clusterId=42 shards="[0]"
[2026-10-02 10:41:21.474] [out] [delivery_module] INF 2026-10-02 10:41:21.474+02:00 mounting store client                      topics="waku node store api" tid=42865513
[2026-10-02 10:41:21.474] [out] [delivery_module] INF 2026-10-02 10:41:21.474+02:00 Mounting auto sharding                     topics="waku node" tid=42865513 clusterId=42 shardCount=1
[2026-10-02 10:41:21.474] [out] [delivery_module] DBG 2026-10-02 10:41:21.474+02:00 Shards created from content topics         tid=42865513 contentTopics=[] shards=[]
[2026-10-02 10:41:21.474] [out] [delivery_module] DBG 2026-10-02 10:41:21.474+02:00 Setting max message size                   tid=42865513 num_bytes=153600
[2026-10-02 10:41:21.474] [out] [delivery_module] INF 2026-10-02 10:41:21.474+02:00 mounting relay protocol                    topics="waku node relay api" tid=42865513
[2026-10-02 10:41:21.474] [out] [delivery_module] DBG 2026-10-02 10:41:21.474+02:00 relay mounted successfully                 topics="waku node relay api" tid=42865513
[2026-10-02 10:41:21.474] [out] [delivery_module] DBG 2026-10-02 10:41:21.474+02:00 Adding validator to signed shards          tid=42865513 protectedShards=[] clusterId=42
[2026-10-02 10:41:21.474] [out] [delivery_module] INF 2026-10-02 10:41:21.474+02:00 mounting libp2p ping protocol              topics="waku node ping api" tid=42865513
[2026-10-02 10:41:21.474] [out] [delivery_module] INF 2026-10-02 10:41:21.474+02:00 mounting light push client                 topics="waku node lightpush api" tid=42865513
[2026-10-02 10:41:21.474] [out] [delivery_module] INF 2026-10-02 10:41:21.474+02:00 mounting legacy light push client          topics="waku node lightpush api" tid=42865513
[2026-10-02 10:41:21.474] [out] [delivery_module] INF 2026-10-02 10:41:21.474+02:00 mounting filter client                     topics="waku node filter api" tid=42865513
[2026-10-02 10:41:21.474] [out] [delivery_module] INF 2026-10-02 10:41:21.474+02:00 mounting waku peer exchange client         topics="waku node peerexchange api" tid=42865513
[2026-10-02 10:41:21.474] [out] [delivery_module] INF 2026-10-02 10:41:21.474+02:00 No external callbacks to be set            topics="wakunode waku" tid=42865513
[2026-10-02 10:41:21.474] [out] [delivery_module] INF 2026-10-02 10:41:21.474+02:00 Setting up AutonatService                  topics="libp2p autonatservice" tid=42865513
[2026-10-02 10:41:21.475] [info] [logos] [delivery_module] DeliveryModuleImpl::createNode callback called with ret: 0
[2026-10-02 10:41:21.475] [info] [logos] [delivery_module] DeliveryModuleImpl: Delivery context created successfully
[2026-10-02 10:41:21.475] [info] [logos] [delivery_module] DeliveryModuleImpl::start called
[2026-10-02 10:41:21.475] [out] [delivery_module] INF 2026-10-02 10:41:21.475+02:00 Retrieve dynamic bootstrap nodes           topics="wakunode waku" tid=42865513
[2026-10-02 10:41:21.476] [out] [delivery_module] INF 2026-10-02 10:41:21.476+02:00 Running nwaku node                         tid=42865513 version=v0.39.0-gca2814
[2026-10-02 10:41:21.476] [info] [logos] [delivery_module] DeliveryModuleImpl::getNodeInfo called with nodeInfoId: MyPeerId
[2026-10-02 10:41:21.476] [out] [delivery_module] INF 2026-10-02 10:41:21.476+02:00 Starting Waku node                         topics="waku node" tid=42865513 version=v0.39.0-gca2814
[2026-10-02 10:41:21.476] [out] [delivery_module] DBG 2026-10-02 10:41:21.476+02:00 starting switch for peer                   topics="libp2p switch" tid=42865513 peerInfo="(peerId: 16Uiu2HAmLC6Ges93TT3rhfevMCn6RAoUAWmuHztJe56zLsANNTuD, listenAddrs: [/ip4/127.0.0.1/tcp/51421], addrs: [], protocols: [/ipfs/id/1.0.0, /libp2p/autonat/1.0.0, /libp2p/circuit/relay/0.2.0/hop, /vac/waku/metadata/1.0.0, /vac/waku/relay/2.0.0, /ipfs/ping/1.0.0, /vac/waku/filter-push/2.0.0-beta1], protoVersion: ipfs/0.1.0, agentVersion: logos-delivery-v0.39.0-gca2814)"
[2026-10-02 10:41:21.476] [out] [delivery_module] DBG 2026-10-02 10:41:21.476+02:00 About to accept incoming connection        topics="libp2p switch" tid=42865513
[2026-10-02 10:41:21.476] [out] [delivery_module] INF 2026-10-02 10:41:21.476+02:00 start                                      topics="waku relay" tid=42865513
[2026-10-02 10:41:21.476] [out] [delivery_module] DBG 2026-10-02 10:41:21.476+02:00 Started libp2p node                        topics="libp2p switch" tid=42865513 peer="(peerId: 16Uiu2HAmLC6Ges93TT3rhfevMCn6RAoUAWmuHztJe56zLsANNTuD, listenAddrs: [/ip4/127.0.0.1/tcp/51421], addrs: [/ip4/127.0.0.1/tcp/51421], protocols: [/ipfs/id/1.0.0, /libp2p/autonat/1.0.0, /libp2p/circuit/relay/0.2.0/hop, /vac/waku/metadata/1.0.0, /vac/waku/relay/2.0.0, /ipfs/ping/1.0.0, /vac/waku/filter-push/2.0.0-beta1], protoVersion: ipfs/0.1.0, agentVersion: logos-delivery-v0.39.0-gca2814)"
[2026-10-02 10:41:21.477] [out] [delivery_module] INF 2026-10-02 10:41:21.477+02:00 Announced base resolved                    topics="waku node" tid=42865513 addrs=@[/ip4/127.0.0.1/tcp/51421] explicit=@[/ip4/127.0.0.1/tcp/51421]
[2026-10-02 10:41:21.477] [out] [delivery_module] DBG 2026-10-02 10:41:21.477+02:00 ENR addresses updated                      topics="waku enr" tid=42865513 retained=1 total=1
[2026-10-02 10:41:21.477] [out] [delivery_module] INF 2026-10-02 10:41:21.477+02:00 Node started successfully                  topics="waku node" tid=42865513
[2026-10-02 10:41:21.477] [out] [delivery_module] DBG 2026-10-02 10:41:21.477+02:00 Dialing multiple peers                     tid=42865513 numOfPeers=4 nodes="@[\"/ip4/127.0.0.1/tcp/51416/p2p/16Uiu2HAmAfyQQgZdfTAPXubRRD1huj13cNobTGgBFhtRiB6i4YtC\", \"/ip4/127.0.0.1/tcp/51417/p2p/16Uiu2HAm787PuhZLCYhfcNa9M2R7AZ5Z86W4cG3HMHnMposfs3GZ\", \"/ip4/127.0.0.1/tcp/51418/p2p/16Uiu2HAmGwHizF7X8pJ8Rx6cMapNYaaeBSvsu6K7wsGFpRsf4622\", \"/ip4/127.0.0.1/tcp/51419/p2p/16Uiu2HAmRW4dkGWCb7nxsv5yB3RPUgGyvFzDvCcmJrWLw66A7M2L\"]"
[2026-10-02 10:41:21.477] [out] [delivery_module] DBG 2026-10-02 10:41:21.477+02:00 Dialing peer                               topics="libp2p dialer" tid=42865513 peerId=16U*6i4YtC addrs="[/ip4/127.0.0.1/tcp/51416]"
[2026-10-02 10:41:21.477] [out] [delivery_module] DBG 2026-10-02 10:41:21.477+02:00 Expanded address and hostname              topics="libp2p dialer" tid=42865513 expandedAddress=/ip4/127.0.0.1/tcp/51416 hostname=127.0.0.1 resolvedAddresses="[/ip4/127.0.0.1/tcp/51416]"
[2026-10-02 10:41:21.477] [out] [delivery_module] DBG 2026-10-02 10:41:21.477+02:00 Dialing peer                               topics="libp2p dialer" tid=42865513 peerId=16U*sfs3GZ addrs="[/ip4/127.0.0.1/tcp/51417]"
[2026-10-02 10:41:21.477] [out] [delivery_module] DBG 2026-10-02 10:41:21.477+02:00 Expanded address and hostname              topics="libp2p dialer" tid=42865513 expandedAddress=/ip4/127.0.0.1/tcp/51417 hostname=127.0.0.1 resolvedAddresses="[/ip4/127.0.0.1/tcp/51417]"
[2026-10-02 10:41:21.478] [out] [delivery_module] DBG 2026-10-02 10:41:21.478+02:00 Dialing peer                               topics="libp2p dialer" tid=42865513 peerId=16U*sf4622 addrs="[/ip4/127.0.0.1/tcp/51418]"
[2026-10-02 10:41:21.478] [out] [delivery_module] DBG 2026-10-02 10:41:21.478+02:00 Expanded address and hostname              topics="libp2p dialer" tid=42865513 expandedAddress=/ip4/127.0.0.1/tcp/51418 hostname=127.0.0.1 resolvedAddresses="[/ip4/127.0.0.1/tcp/51418]"
[2026-10-02 10:41:21.478] [out] [delivery_module] DBG 2026-10-02 10:41:21.478+02:00 Dialing peer                               topics="libp2p dialer" tid=42865513 peerId=16U*6A7M2L addrs="[/ip4/127.0.0.1/tcp/51419]"
[2026-10-02 10:41:21.478] [out] [delivery_module] DBG 2026-10-02 10:41:21.478+02:00 Expanded address and hostname              topics="libp2p dialer" tid=42865513 expandedAddress=/ip4/127.0.0.1/tcp/51419 hostname=127.0.0.1 resolvedAddresses="[/ip4/127.0.0.1/tcp/51419]"
[2026-10-02 10:41:21.479] [info] [logos] [delivery_module] DeliveryModuleImpl::subscribe called with contentTopic: /lp0026forum/1/general/text
[2026-10-02 10:41:21.480] [out] [delivery_module] DBG 2026-10-02 10:41:21.480+02:00 Subscribing to pubsub topic                topics="waku relay" tid=42865513 pubsubTopic=/waku/2/rs/42/0
[2026-10-02 10:41:21.480] [info] [logos] [delivery_module] DeliveryModuleImpl: Subscribe completed for topic: /lp0026forum/1/general/text with success
[2026-10-02 10:41:21.480] [out] [delivery_module] DBG 2026-10-02 10:41:21.480+02:00 No mesh peer for the given pubsub topic    topics="waku relay" tid=42865513 pubsubTopic=/waku/2/rs/42/0
[2026-10-02 10:41:21.481] [out] [delivery_module] DBG 2026-10-02 10:41:21.481+02:00 Dial successful                            topics="libp2p dialer" tid=42865513 peerId=16U*sfs3GZ
[2026-10-02 10:41:21.481] [out] [delivery_module] DBG 2026-10-02 10:41:21.481+02:00 starting sendNonHighPriorityTask           topics="libp2p pubsubpeer" tid=42865513 p=16U*sfs3GZ
[2026-10-02 10:41:21.481] [out] [delivery_module] DBG 2026-10-02 10:41:21.481+02:00 created new pubsub peer                    topics="libp2p pubsub" tid=42865513 peerId=16U*sfs3GZ
[2026-10-02 10:41:21.481] [out] [delivery_module] DBG 2026-10-02 10:41:21.481+02:00 no listener registered                     tid=42865514 event=onConnectionChange
[2026-10-02 10:41:21.481] [out] [delivery_module] DBG 2026-10-02 10:41:21.481+02:00 Incoming WakuRelay connection              topics="waku relay" tid=42865513 connection=16U*sfs3GZ:6abf6e313ab34207133d0521 protocol=/vac/waku/relay/2.0.0
[2026-10-02 10:41:21.481] [out] [delivery_module] DBG 2026-10-02 10:41:21.481+02:00 starting pubsub read loop                  topics="libp2p pubsubpeer" tid=42865513 stream=16U*sfs3GZ:6abf6e313ab34207133d0521 peer=16U*sfs3GZ closed=false
[2026-10-02 10:41:21.481] [out] [delivery_module] DBG 2026-10-02 10:41:21.481+02:00 identify: info sent                        topics="libp2p identify" tid=42865513 stream=16U*sfs3GZ:6abf6e313ab34207133d0522 info="(peerId: 16Uiu2HAmLC6Ges93TT3rhfevMCn6RAoUAWmuHztJe56zLsANNTuD, listenAddrs: [/ip4/127.0.0.1/tcp/51421], addrs: [/ip4/127.0.0.1/tcp/51421], protocols: [/ipfs/id/1.0.0, /libp2p/autonat/1.0.0, /libp2p/circuit/relay/0.2.0/hop, /vac/waku/metadata/1.0.0, /vac/waku/relay/2.0.0, /ipfs/ping/1.0.0, /vac/waku/filter-push/2.0.0-beta1], protoVersion: ipfs/0.1.0, agentVersion: logos-delivery-v0.39.0-gca2814)"
[2026-10-02 10:41:21.482] [out] [delivery_module] DBG 2026-10-02 10:41:21.482+02:00 Dial successful                            topics="libp2p dialer" tid=42865513 peerId=16U*sf4622
[2026-10-02 10:41:21.482] [out] [delivery_module] DBG 2026-10-02 10:41:21.482+02:00 Dial successful                            topics="libp2p dialer" tid=42865513 peerId=16U*6i4YtC
[2026-10-02 10:41:21.482] [out] [delivery_module] DBG 2026-10-02 10:41:21.482+02:00 Dial successful                            topics="libp2p dialer" tid=42865513 peerId=16U*6A7M2L
[2026-10-02 10:41:21.482] [out] [delivery_module] DBG 2026-10-02 10:41:21.482+02:00 starting sendNonHighPriorityTask           topics="libp2p pubsubpeer" tid=42865513 p=16U*sf4622
[2026-10-02 10:41:21.482] [out] [delivery_module] DBG 2026-10-02 10:41:21.482+02:00 created new pubsub peer                    topics="libp2p pubsub" tid=42865513 peerId=16U*sf4622
[2026-10-02 10:41:21.482] [out] [delivery_module] DBG 2026-10-02 10:41:21.482+02:00 no listener registered                     tid=42865514 event=onConnectionChange
[2026-10-02 10:41:21.482] [out] [delivery_module] DBG 2026-10-02 10:41:21.482+02:00 starting sendNonHighPriorityTask           topics="libp2p pubsubpeer" tid=42865513 p=16U*6i4YtC
[2026-10-02 10:41:21.482] [out] [delivery_module] DBG 2026-10-02 10:41:21.482+02:00 created new pubsub peer                    topics="libp2p pubsub" tid=42865513 peerId=16U*6i4YtC
[2026-10-02 10:41:21.482] [out] [delivery_module] DBG 2026-10-02 10:41:21.482+02:00 no listener registered                     tid=42865514 event=onConnectionChange
[2026-10-02 10:41:21.482] [out] [delivery_module] DBG 2026-10-02 10:41:21.482+02:00 starting sendNonHighPriorityTask           topics="libp2p pubsubpeer" tid=42865513 p=16U*6A7M2L
[2026-10-02 10:41:21.482] [out] [delivery_module] DBG 2026-10-02 10:41:21.482+02:00 created new pubsub peer                    topics="libp2p pubsub" tid=42865513 peerId=16U*6A7M2L
[2026-10-02 10:41:21.482] [out] [delivery_module] DBG 2026-10-02 10:41:21.482+02:00 no listener registered                     tid=42865514 event=onConnectionChange
[2026-10-02 10:41:21.482] [out] [delivery_module] DBG 2026-10-02 10:41:21.482+02:00 Incoming WakuRelay connection              topics="waku relay" tid=42865513 connection=16U*sf4622:6abf6e313ab34207133d0525 protocol=/vac/waku/relay/2.0.0
[2026-10-02 10:41:21.482] [out] [delivery_module] DBG 2026-10-02 10:41:21.482+02:00 starting pubsub read loop                  topics="libp2p pubsubpeer" tid=42865513 stream=16U*sf4622:6abf6e313ab34207133d0525 peer=16U*sf4622 closed=false
[2026-10-02 10:41:21.482] [out] [delivery_module] DBG 2026-10-02 10:41:21.482+02:00 identify: info sent                        topics="libp2p identify" tid=42865513 stream=16U*sf4622:6abf6e313ab34207133d0526 info="(peerId: 16Uiu2HAmLC6Ges93TT3rhfevMCn6RAoUAWmuHztJe56zLsANNTuD, listenAddrs: [/ip4/127.0.0.1/tcp/51421], addrs: [/ip4/127.0.0.1/tcp/51421], protocols: [/ipfs/id/1.0.0, /libp2p/autonat/1.0.0, /libp2p/circuit/relay/0.2.0/hop, /vac/waku/metadata/1.0.0, /vac/waku/relay/2.0.0, /ipfs/ping/1.0.0, /vac/waku/filter-push/2.0.0-beta1], protoVersion: ipfs/0.1.0, agentVersion: logos-delivery-v0.39.0-gca2814)"
[2026-10-02 10:41:21.483] [out] [delivery_module] DBG 2026-10-02 10:41:21.483+02:00 Incoming WakuRelay connection              topics="waku relay" tid=42865513 connection=16U*6i4YtC:6abf6e313ab34207133d0527 protocol=/vac/waku/relay/2.0.0
[2026-10-02 10:41:21.483] [out] [delivery_module] DBG 2026-10-02 10:41:21.483+02:00 starting pubsub read loop                  topics="libp2p pubsubpeer" tid=42865513 stream=16U*6i4YtC:6abf6e313ab34207133d0527 peer=16U*6i4YtC closed=false
[2026-10-02 10:41:21.483] [out] [delivery_module] DBG 2026-10-02 10:41:21.483+02:00 identify: info sent                        topics="libp2p identify" tid=42865513 stream=16U*6i4YtC:6abf6e313ab34207133d0528 info="(peerId: 16Uiu2HAmLC6Ges93TT3rhfevMCn6RAoUAWmuHztJe56zLsANNTuD, listenAddrs: [/ip4/127.0.0.1/tcp/51421], addrs: [/ip4/127.0.0.1/tcp/51421], protocols: [/ipfs/id/1.0.0, /libp2p/autonat/1.0.0, /libp2p/circuit/relay/0.2.0/hop, /vac/waku/metadata/1.0.0, /vac/waku/relay/2.0.0, /ipfs/ping/1.0.0, /vac/waku/filter-push/2.0.0-beta1], protoVersion: ipfs/0.1.0, agentVersion: logos-delivery-v0.39.0-gca2814)"
[2026-10-02 10:41:21.483] [out] [delivery_module] DBG 2026-10-02 10:41:21.483+02:00 Incoming WakuRelay connection              topics="waku relay" tid=42865513 connection=16U*6A7M2L:6abf6e313ab34207133d0529 protocol=/vac/waku/relay/2.0.0
[2026-10-02 10:41:21.483] [out] [delivery_module] DBG 2026-10-02 10:41:21.483+02:00 starting pubsub read loop                  topics="libp2p pubsubpeer" tid=42865513 stream=16U*6A7M2L:6abf6e313ab34207133d0529 peer=16U*6A7M2L closed=false
[2026-10-02 10:41:21.483] [out] [delivery_module] DBG 2026-10-02 10:41:21.483+02:00 identify: info sent                        topics="libp2p identify" tid=42865513 stream=16U*6A7M2L:6abf6e313ab34207133d052a info="(peerId: 16Uiu2HAmLC6Ges93TT3rhfevMCn6RAoUAWmuHztJe56zLsANNTuD, listenAddrs: [/ip4/127.0.0.1/tcp/51421], addrs: [/ip4/127.0.0.1/tcp/51421], protocols: [/ipfs/id/1.0.0, /libp2p/autonat/1.0.0, /libp2p/circuit/relay/0.2.0/hop, /vac/waku/metadata/1.0.0, /vac/waku/relay/2.0.0, /ipfs/ping/1.0.0, /vac/waku/filter-push/2.0.0-beta1], protoVersion: ipfs/0.1.0, agentVersion: logos-delivery-v0.39.0-gca2814)"
[2026-10-02 10:41:21.483] [out] [delivery_module] DBG 2026-10-02 10:41:21.483+02:00 identify: info received                    topics="libp2p identify" tid=42865513 stream=16U*sfs3GZ:6abf6e313ab34207133d0524 pubkey=ok(sec...65a6)) addresses=/ip4/127.0.0.1/tcp/51417 protocols=/ipfs/id/1.0.0,/libp2p/autonat/1.0.0,/libp2p/circuit/relay/0.2.0/hop,/vac/waku/metadata/1.0.0,/mix/1.0.0,/vac/waku/relay/2.0.0,/ipfs/ping/1.0.0,/vac/waku/lightpush/3.0.0,/vac/waku/lightpush/2.0.0-beta1,/vac/waku/filter-push/2.0.0-beta1 observable_address=ok(/ip4/127.0.0.1/tcp/51572) proto_version=ipfs/0.1.0 agent_version=logos-delivery-v0.39.0-gca2814 signedPeerRecord=None
[2026-10-02 10:41:21.484] [out] [delivery_module] DBG 2026-10-02 10:41:21.484+02:00 starting pubsub read loop                  topics="libp2p pubsubpeer" tid=42865513 stream=16U*sfs3GZ:6abf6e313ab34207133d0523 peer=16U*sfs3GZ closed=false
[2026-10-02 10:41:21.484] [out] [delivery_module] DBG 2026-10-02 10:41:21.484+02:00 Event identified                           topics="waku node peer_manager" tid=42865513 peerId=16U*sfs3GZ
[2026-10-02 10:41:21.484] [out] [delivery_module] DBG 2026-10-02 10:41:21.484+02:00 no listener registered                     tid=42865514 event=onConnectionChange
[2026-10-02 10:41:21.484] [out] [delivery_module] DBG 2026-10-02 10:41:21.484+02:00 identify: info received                    topics="libp2p identify" tid=42865513 stream=16U*sf4622:6abf6e313ab34207133d052c pubkey=ok(sec...a56f)) addresses=/ip4/127.0.0.1/tcp/51418 protocols=/ipfs/id/1.0.0,/libp2p/autonat/1.0.0,/libp2p/circuit/relay/0.2.0/hop,/vac/waku/metadata/1.0.0,/mix/1.0.0,/vac/waku/relay/2.0.0,/ipfs/ping/1.0.0,/vac/waku/lightpush/3.0.0,/vac/waku/lightpush/2.0.0-beta1,/vac/waku/filter-push/2.0.0-beta1 observable_address=ok(/ip4/127.0.0.1/tcp/51573) proto_version=ipfs/0.1.0 agent_version=logos-delivery-v0.39.0-gca2814 signedPeerRecord=None
[2026-10-02 10:41:21.484] [out] [delivery_module] DBG 2026-10-02 10:41:21.484+02:00 identify: info received                    topics="libp2p identify" tid=42865513 stream=16U*6A7M2L:6abf6e313ab34207133d0530 pubkey=ok(sec...2001)) addresses=/ip4/127.0.0.1/tcp/51419 protocols=/ipfs/id/1.0.0,/libp2p/autonat/1.0.0,/libp2p/circuit/relay/0.2.0/hop,/vac/waku/metadata/1.0.0,/mix/1.0.0,/vac/waku/relay/2.0.0,/ipfs/ping/1.0.0,/vac/waku/lightpush/3.0.0,/vac/waku/lightpush/2.0.0-beta1,/vac/waku/filter-push/2.0.0-beta1 observable_address=ok(/ip4/127.0.0.1/tcp/51575) proto_version=ipfs/0.1.0 agent_version=logos-delivery-v0.39.0-gca2814 signedPeerRecord=None
[2026-10-02 10:41:21.485] [out] [delivery_module] DBG 2026-10-02 10:41:21.484+02:00 identify: info received                    topics="libp2p identify" tid=42865513 stream=16U*6i4YtC:6abf6e313ab34207133d052e pubkey=ok(sec...a470)) addresses=/ip4/127.0.0.1/tcp/51416 protocols=/ipfs/id/1.0.0,/libp2p/autonat/1.0.0,/libp2p/circuit/relay/0.2.0/hop,/vac/waku/metadata/1.0.0,/mix/1.0.0,/vac/waku/relay/2.0.0,/ipfs/ping/1.0.0,/vac/waku/lightpush/3.0.0,/vac/waku/lightpush/2.0.0-beta1,/vac/waku/filter-push/2.0.0-beta1 observable_address=ok(/ip4/127.0.0.1/tcp/51571) proto_version=ipfs/0.1.0 agent_version=logos-delivery-v0.39.0-gca2814 signedPeerRecord=None
[2026-10-02 10:41:21.485] [out] [delivery_module] DBG 2026-10-02 10:41:21.485+02:00 starting pubsub read loop                  topics="libp2p pubsubpeer" tid=42865513 stream=16U*sf4622:6abf6e313ab34207133d052b peer=16U*sf4622 closed=false
[2026-10-02 10:41:21.485] [out] [delivery_module] DBG 2026-10-02 10:41:21.485+02:00 Event identified                           topics="waku node peer_manager" tid=42865513 peerId=16U*sf4622
[2026-10-02 10:41:21.485] [out] [delivery_module] DBG 2026-10-02 10:41:21.485+02:00 no listener registered                     tid=42865514 event=onConnectionChange
[2026-10-02 10:41:21.485] [out] [delivery_module] DBG 2026-10-02 10:41:21.485+02:00 starting pubsub read loop                  topics="libp2p pubsubpeer" tid=42865513 stream=16U*6A7M2L:6abf6e313ab34207133d052f peer=16U*6A7M2L closed=false
[2026-10-02 10:41:21.485] [out] [delivery_module] DBG 2026-10-02 10:41:21.485+02:00 starting pubsub read loop                  topics="libp2p pubsubpeer" tid=42865513 stream=16U*6i4YtC:6abf6e313ab34207133d052d peer=16U*6i4YtC closed=false
[2026-10-02 10:41:21.485] [out] [delivery_module] DBG 2026-10-02 10:41:21.485+02:00 Event identified                           topics="waku node peer_manager" tid=42865513 peerId=16U*6A7M2L
[2026-10-02 10:41:21.486] [out] [delivery_module] DBG 2026-10-02 10:41:21.486+02:00 no listener registered                     tid=42865514 event=onConnectionChange
[2026-10-02 10:41:21.486] [out] [delivery_module] DBG 2026-10-02 10:41:21.486+02:00 Event identified                           topics="waku node peer_manager" tid=42865513 peerId=16U*6i4YtC
[2026-10-02 10:41:21.486] [out] [delivery_module] DBG 2026-10-02 10:41:21.486+02:00 no listener registered                     tid=42865514 event=onConnectionChange
[2026-10-02 10:41:21.487] [out] [delivery_module] DBG 2026-10-02 10:41:21.487+02:00 Received WakuMetadata request              topics="waku metadata" tid=42865513 remoteClusterId=ok(42) remoteShards="[0]" localClusterId=42 localShards="[0]" peer=16U*sfs3GZ
[2026-10-02 10:41:21.488] [out] [delivery_module] DBG 2026-10-02 10:41:21.488+02:00 Received WakuMetadata request              topics="waku metadata" tid=42865513 remoteClusterId=ok(42) remoteShards="[0]" localClusterId=42 localShards="[0]" peer=16U*sf4622
[2026-10-02 10:41:21.488] [out] [delivery_module] DBG 2026-10-02 10:41:21.488+02:00 Received WakuMetadata request              topics="waku metadata" tid=42865513 remoteClusterId=ok(42) remoteShards="[0]" localClusterId=42 localShards="[0]" peer=16U*6i4YtC
[2026-10-02 10:41:21.488] [out] [delivery_module] DBG 2026-10-02 10:41:21.488+02:00 Received WakuMetadata request              topics="waku metadata" tid=42865513 remoteClusterId=ok(42) remoteShards="[0]" localClusterId=42 localShards="[0]" peer=16U*6A7M2L
[2026-10-02 10:41:21.488] [out] [delivery_module] DBG 2026-10-02 10:41:21.488+02:00 no listener registered                     tid=42865514 event=onConnectionChange
[2026-10-02 10:41:21.489] [out] [delivery_module] DBG 2026-10-02 10:41:21.489+02:00 no listener registered                     tid=42865514 event=onConnectionChange
[2026-10-02 10:41:21.489] [out] [delivery_module] DBG 2026-10-02 10:41:21.489+02:00 no listener registered                     tid=42865514 event=onConnectionChange
[2026-10-02 10:41:21.489] [out] [delivery_module] DBG 2026-10-02 10:41:21.489+02:00 no listener registered                     tid=42865514 event=onConnectionChange
[2026-10-02 10:41:21.489] [out] [delivery_module] DBG 2026-10-02 10:41:21.489+02:00 Finished dialing multiple peers            tid=42865513 successfulConns=4 attempted=4
[2026-10-02 10:41:21.489] [out] [delivery_module] DBG 2026-10-02 10:41:21.489+02:00 Starting peer exchange loop                topics="waku node peerexchange api" tid=42865513
[2026-10-02 10:41:21.489] [out] [delivery_module] DBG 2026-10-02 10:41:21.489+02:00 Retrieving peer info via peer exchange protocol topics="waku node peerexchange api" tid=42865513 amount=5
[2026-10-02 10:41:21.489] [out] [delivery_module] DBG 2026-10-02 10:41:21.489+02:00 Peer exchange request could not be made as no peer exchange peers found topics="waku peer_exchange client" tid=42865513
[2026-10-02 10:41:21.489] [out] [delivery_module] DBG 2026-10-02 10:41:21.489+02:00 Failed to retrieve peer info via peer exchange protocol topics="waku node peerexchange api" tid=42865513 error="(status_code: SERVICE_UNAVAILABLE, status_desc: ok(peer_not_found_failure))"
[2026-10-02 10:41:21.489] [out] [delivery_module] DBG 2026-10-02 10:41:21.489+02:00 Cannot fetch peers from peer exchange      topics="waku node peerexchange api" tid=42865513 cause="(status_code: SERVICE_UNAVAILABLE, status_desc: ok(peer_not_found_failure))"
[2026-10-02 10:41:21.490] [out] [delivery_module] INF 2026-10-02 10:41:21.490+02:00 Relay peer connections                     topics="waku node peer_manager" tid=42865513 inRelayConns=0/50 outRelayConns=4/25 totalConnections=4/150 notConnectedPeers=0 outsideBackoffPeers=0
[2026-10-02 10:41:21.490] [out] [delivery_module] DBG 2026-10-02 10:41:21.490+02:00 ENR addresses updated                      topics="waku enr" tid=42865513 retained=1 total=1
[2026-10-02 10:41:21.490] [out] [delivery_module] INF 2026-10-02 10:41:21.490+02:00 Node is online                             topics="waku online monitor" tid=42865513
[2026-10-02 10:41:21.490] [out] [delivery_module] INF 2026-10-02 10:41:21.490+02:00 Health monitor loop start                  tid=42865513
[2026-10-02 10:41:21.490] [out] [delivery_module] DBG 2026-10-02 10:41:21.490+02:00 calculateConnectionState                   tid=42865513 relayCount=4 storeClientCount=0 lightpushCount=4 filterCount=0
[2026-10-02 10:41:21.490] [out] [delivery_module] DBG 2026-10-02 10:41:21.490+02:00 connectionStatus change                    tid=42865513 oldstatus=Disconnected newstatus=Connected
[2026-10-02 10:41:21.490] [out] [delivery_module] INF 2026-10-02 10:41:21.490+02:00 starting keepalive                         tid=42865513 randomPeersKeepalive=10s allPeersKeepalive=2m
Loaded UI plugin: "/nix/store/75y0ikf2rmd03wjspwzcgpq9rk0i8njk-logos-forum_module-plugin-dir"
[2026-10-02 10:41:21.582] [out] [delivery_module] DBG 2026-10-02 10:41:21.582+02:00 no listener registered                     tid=42865514 event=onTopicHealthChange
[2026-10-02 10:41:21.592] [out] [delivery_module] DBG 2026-10-02 10:41:21.592+02:00 calculateConnectionState                   tid=42865513 relayCount=4 storeClientCount=0 lightpushCount=4 filterCount=0
[QmlInspector] Inspector server listening on port 3769
[QmlInspector] Client connected from "::1"
[2026-10-02 10:41:51.479] [out] [delivery_module] DBG 2026-10-02 10:41:51.479+02:00 Accepted an incoming connection            topics="libp2p switch" tid=42865513 conn=:6abf6e4f3ab34207133d054e
[2026-10-02 10:41:51.479] [out] [delivery_module] DBG 2026-10-02 10:41:51.479+02:00 About to accept incoming connection        topics="libp2p switch" tid=42865513
[2026-10-02 10:41:51.484] [out] [delivery_module] DBG 2026-10-02 10:41:51.484+02:00 dialMe answer is reachable                 topics="libp2p autonatservice" tid=42865513 peerId=16Uiu2HAmGwHizF7X8pJ8Rx6cMapNYaaeBSvsu6K7wsGFpRsf4622
[2026-10-02 10:41:51.484] [out] [delivery_module] DBG 2026-10-02 10:41:51.484+02:00 Current status                             topics="libp2p autonatservice" tid=42865513 currentStats=Unknown confidence=none() answers=[Reachable]
[2026-10-02 10:41:51.486] [out] [delivery_module] DBG 2026-10-02 10:41:51.486+02:00 Accepted an incoming connection            topics="libp2p switch" tid=42865513 conn=:6abf6e4f3ab34207133d0552
[2026-10-02 10:41:51.486] [out] [delivery_module] DBG 2026-10-02 10:41:51.486+02:00 About to accept incoming connection        topics="libp2p switch" tid=42865513
[2026-10-02 10:41:51.489] [out] [delivery_module] DBG 2026-10-02 10:41:51.489+02:00 dialMe answer is reachable                 topics="libp2p autonatservice" tid=42865513 peerId=16Uiu2HAm787PuhZLCYhfcNa9M2R7AZ5Z86W4cG3HMHnMposfs3GZ
[2026-10-02 10:41:51.489] [out] [delivery_module] DBG 2026-10-02 10:41:51.489+02:00 Current status                             topics="libp2p autonatservice" tid=42865513 currentStats=Unknown confidence=none() answers=[Reachable, Reachable]
[2026-10-02 10:41:51.490] [out] [delivery_module] DBG 2026-10-02 10:41:51.490+02:00 Accepted an incoming connection            topics="libp2p switch" tid=42865513 conn=:6abf6e4f3ab34207133d0556
[2026-10-02 10:41:51.490] [out] [delivery_module] DBG 2026-10-02 10:41:51.490+02:00 About to accept incoming connection        topics="libp2p switch" tid=42865513
[2026-10-02 10:41:51.492] [out] [delivery_module] DBG 2026-10-02 10:41:51.492+02:00 dialMe answer is reachable                 topics="libp2p autonatservice" tid=42865513 peerId=16Uiu2HAmAfyQQgZdfTAPXubRRD1huj13cNobTGgBFhtRiB6i4YtC
[2026-10-02 10:41:51.492] [out] [delivery_module] DBG 2026-10-02 10:41:51.492+02:00 Current status                             topics="libp2p autonatservice" tid=42865513 currentStats=Reachable confidence=ok(1.0) answers=[Reachable, Reachable, Reachable]
[2026-10-02 10:41:51.492] [out] [delivery_module] DBG 2026-10-02 10:41:51.492+02:00 Peer reachability status                   tid=42865513 networkReachability=Reachable confidence=1.0
[2026-10-02 10:42:21.479] [out] [delivery_module] DBG 2026-10-02 10:42:21.479+02:00 Accepted an incoming connection            topics="libp2p switch" tid=42865513 conn=:6abf6e6d3ab34207133d0572
[2026-10-02 10:42:21.480] [out] [delivery_module] DBG 2026-10-02 10:42:21.479+02:00 About to accept incoming connection        topics="libp2p switch" tid=42865513
[2026-10-02 10:42:21.481] [out] [delivery_module] DBG 2026-10-02 10:42:21.481+02:00 dialMe answer is reachable                 topics="libp2p autonatservice" tid=42865513 peerId=16Uiu2HAmAfyQQgZdfTAPXubRRD1huj13cNobTGgBFhtRiB6i4YtC
[2026-10-02 10:42:21.481] [out] [delivery_module] DBG 2026-10-02 10:42:21.481+02:00 Current status                             topics="libp2p autonatservice" tid=42865513 currentStats=Reachable confidence=ok(1.0) answers=[Reachable, Reachable, Reachable]
[2026-10-02 10:42:21.483] [out] [delivery_module] DBG 2026-10-02 10:42:21.483+02:00 Accepted an incoming connection            topics="libp2p switch" tid=42865513 conn=:6abf6e6d3ab34207133d0576
[2026-10-02 10:42:21.483] [out] [delivery_module] DBG 2026-10-02 10:42:21.483+02:00 About to accept incoming connection        topics="libp2p switch" tid=42865513
[2026-10-02 10:42:21.485] [out] [delivery_module] DBG 2026-10-02 10:42:21.485+02:00 dialMe answer is reachable                 topics="libp2p autonatservice" tid=42865513 peerId=16Uiu2HAmGwHizF7X8pJ8Rx6cMapNYaaeBSvsu6K7wsGFpRsf4622
[2026-10-02 10:42:21.485] [out] [delivery_module] DBG 2026-10-02 10:42:21.485+02:00 Current status                             topics="libp2p autonatservice" tid=42865513 currentStats=Reachable confidence=ok(1.0) answers=[Reachable, Reachable, Reachable]
[2026-10-02 10:42:21.487] [out] [delivery_module] DBG 2026-10-02 10:42:21.487+02:00 Accepted an incoming connection            topics="libp2p switch" tid=42865513 conn=:6abf6e6d3ab34207133d057a
[2026-10-02 10:42:21.487] [out] [delivery_module] DBG 2026-10-02 10:42:21.487+02:00 About to accept incoming connection        topics="libp2p switch" tid=42865513
[2026-10-02 10:42:21.489] [out] [delivery_module] DBG 2026-10-02 10:42:21.489+02:00 dialMe answer is reachable                 topics="libp2p autonatservice" tid=42865513 peerId=16Uiu2HAm787PuhZLCYhfcNa9M2R7AZ5Z86W4cG3HMHnMposfs3GZ
[2026-10-02 10:42:21.489] [out] [delivery_module] DBG 2026-10-02 10:42:21.489+02:00 Current status                             topics="libp2p autonatservice" tid=42865513 currentStats=Reachable confidence=ok(1.0) answers=[Reachable, Reachable, Reachable]
[2026-10-02 10:42:21.491] [out] [delivery_module] DBG 2026-10-02 10:42:21.491+02:00 Retrieving peer info via peer exchange protocol topics="waku node peerexchange api" tid=42865513 amount=5
[2026-10-02 10:42:21.491] [out] [delivery_module] DBG 2026-10-02 10:42:21.491+02:00 Peer exchange request could not be made as no peer exchange peers found topics="waku peer_exchange client" tid=42865513
[2026-10-02 10:42:21.491] [out] [delivery_module] DBG 2026-10-02 10:42:21.491+02:00 Failed to retrieve peer info via peer exchange protocol topics="waku node peerexchange api" tid=42865513 error="(status_code: SERVICE_UNAVAILABLE, status_desc: ok(peer_not_found_failure))"
[2026-10-02 10:42:21.491] [out] [delivery_module] DBG 2026-10-02 10:42:21.491+02:00 Cannot fetch peers from peer exchange      topics="waku node peerexchange api" tid=42865513 cause="(status_code: SERVICE_UNAVAILABLE, status_desc: ok(peer_not_found_failure))"
[2026-10-02 10:42:51.480] [out] [delivery_module] DBG 2026-10-02 10:42:51.480+02:00 Accepted an incoming connection            topics="libp2p switch" tid=42865513 conn=:6abf6e8b3ab34207133d0595
[2026-10-02 10:42:51.480] [out] [delivery_module] DBG 2026-10-02 10:42:51.480+02:00 About to accept incoming connection        topics="libp2p switch" tid=42865513
[2026-10-02 10:42:51.482] [out] [delivery_module] DBG 2026-10-02 10:42:51.482+02:00 dialMe answer is reachable                 topics="libp2p autonatservice" tid=42865513 peerId=16Uiu2HAmAfyQQgZdfTAPXubRRD1huj13cNobTGgBFhtRiB6i4YtC
[2026-10-02 10:42:51.482] [out] [delivery_module] DBG 2026-10-02 10:42:51.482+02:00 Current status                             topics="libp2p autonatservice" tid=42865513 currentStats=Reachable confidence=ok(1.0) answers=[Reachable, Reachable, Reachable]
[2026-10-02 10:42:51.484] [out] [delivery_module] DBG 2026-10-02 10:42:51.484+02:00 Accepted an incoming connection            topics="libp2p switch" tid=42865513 conn=:6abf6e8b3ab34207133d0599
[2026-10-02 10:42:51.484] [out] [delivery_module] DBG 2026-10-02 10:42:51.484+02:00 About to accept incoming connection        topics="libp2p switch" tid=42865513
[2026-10-02 10:42:51.486] [out] [delivery_module] DBG 2026-10-02 10:42:51.486+02:00 dialMe answer is reachable                 topics="libp2p autonatservice" tid=42865513 peerId=16Uiu2HAmRW4dkGWCb7nxsv5yB3RPUgGyvFzDvCcmJrWLw66A7M2L
[2026-10-02 10:42:51.486] [out] [delivery_module] DBG 2026-10-02 10:42:51.486+02:00 Current status                             topics="libp2p autonatservice" tid=42865513 currentStats=Reachable confidence=ok(1.0) answers=[Reachable, Reachable, Reachable]
[2026-10-02 10:42:51.488] [out] [delivery_module] DBG 2026-10-02 10:42:51.488+02:00 Accepted an incoming connection            topics="libp2p switch" tid=42865513 conn=:6abf6e8b3ab34207133d059d
[2026-10-02 10:42:51.488] [out] [delivery_module] DBG 2026-10-02 10:42:51.488+02:00 About to accept incoming connection        topics="libp2p switch" tid=42865513
[2026-10-02 10:42:51.490] [out] [delivery_module] DBG 2026-10-02 10:42:51.490+02:00 dialMe answer is reachable                 topics="libp2p autonatservice" tid=42865513 peerId=16Uiu2HAmGwHizF7X8pJ8Rx6cMapNYaaeBSvsu6K7wsGFpRsf4622
[2026-10-02 10:42:51.490] [out] [delivery_module] DBG 2026-10-02 10:42:51.490+02:00 Current status                             topics="libp2p autonatservice" tid=42865513 currentStats=Reachable confidence=ok(1.0) answers=[Reachable, Reachable, Reachable]
[QmlInspector] Client disconnected
