INF 2026-10-03 21:45:55.692+02:00 Creating a private key and saving it       tid=3420469
WRN 2026-10-03 21:45:55.693+02:00 Node has been marked with --no-bootstrap-node and will NOT be bootstrapped topics="libstorage libstoragelifecycle" tid=3420469
INF 2026-10-03 21:45:55.693+02:00 Threadpool started                         topics="libstorage libstoragelifecycle" tid=3420469 numThreads=12
WRN 2026-10-03 21:45:55.722+02:00 No key for a QueryResponse                 topics="storage repostore" tid=3420469
NTC 2026-10-03 21:45:55.722+02:00 Started Storage node                       topics="storage node" tid=3420469 id=16U*61acu5 addrs="[/ip4/127.0.0.1/tcp/53124]"
INF 2026-10-03 21:45:55.778+02:00 Storing data                               topics="storage node" tid=3420469
ERR 2026-10-03 21:45:55.779+02:00 Unable to store block                      topics="storage node" tid=3420469 cid=zDx*pdnwVc err="Quota usage would exceed the limit. Used: 65536'NByte, reserved: 0'NByte, limit: 16384'NByte"
ERR 2026-10-03 21:45:55.779+02:00 Failed to FILE.                            topics="libstorage libstorageupload" tid=3420469 error="Failed to finalize the upload session: Unable to store block zDxWB8ED6fG7eiWuGcWn2kKyCoNUeUPyV7tv89Amn4tW6ypdnwVc"
NTC 2026-10-03 21:46:48.140+02:00 Stopping Storage node                      topics="storage node" tid=3420469
INF 2026-10-03 21:46:48.140+02:00 Timer loop has stopped                     tid=3420469 name=maintenance
WRN 2026-10-03 21:46:48.141+02:00 Cancelled advertise task runner            topics="storage discoveryengine advertiser" tid=3420469
INF 2026-10-03 21:46:48.141+02:00 Exiting advertise task runner              topics="storage discoveryengine advertiser" tid=3420469
WRN 2026-10-03 21:46:48.141+02:00 Cancelled advertise local store loop       topics="storage discoveryengine advertiser" tid=3420469
INF 2026-10-03 21:46:48.141+02:00 Exiting advertise task loop                topics="storage discoveryengine advertiser" tid=3420469
WRN 2026-10-03 21:46:48.141+02:00 Cancelled advertise task runner            topics="storage discoveryengine advertiser" tid=3420469
INF 2026-10-03 21:46:48.141+02:00 Exiting advertise task runner              topics="storage discoveryengine advertiser" tid=3420469
WRN 2026-10-03 21:46:48.141+02:00 Cancelled advertise task runner            topics="storage discoveryengine advertiser" tid=3420469
INF 2026-10-03 21:46:48.141+02:00 Exiting advertise task runner              topics="storage discoveryengine advertiser" tid=3420469
WRN 2026-10-03 21:46:48.141+02:00 Cancelled advertise task runner            topics="storage discoveryengine advertiser" tid=3420469
INF 2026-10-03 21:46:48.141+02:00 Exiting advertise task runner              topics="storage discoveryengine advertiser" tid=3420469
WRN 2026-10-03 21:46:48.141+02:00 Cancelled advertise task runner            topics="storage discoveryengine advertiser" tid=3420469
INF 2026-10-03 21:46:48.141+02:00 Exiting advertise task runner              topics="storage discoveryengine advertiser" tid=3420469
WRN 2026-10-03 21:46:48.141+02:00 Cancelled advertise task runner            topics="storage discoveryengine advertiser" tid=3420469
INF 2026-10-03 21:46:48.141+02:00 Exiting advertise task runner              topics="storage discoveryengine advertiser" tid=3420469
WRN 2026-10-03 21:46:48.141+02:00 Cancelled advertise task runner            topics="storage discoveryengine advertiser" tid=3420469
INF 2026-10-03 21:46:48.141+02:00 Exiting advertise task runner              topics="storage discoveryengine advertiser" tid=3420469
WRN 2026-10-03 21:46:48.141+02:00 Cancelled advertise task runner            topics="storage discoveryengine advertiser" tid=3420469
INF 2026-10-03 21:46:48.141+02:00 Exiting advertise task runner              topics="storage discoveryengine advertiser" tid=3420469
WRN 2026-10-03 21:46:48.141+02:00 Cancelled advertise task runner            topics="storage discoveryengine advertiser" tid=3420469
INF 2026-10-03 21:46:48.141+02:00 Exiting advertise task runner              topics="storage discoveryengine advertiser" tid=3420469
WRN 2026-10-03 21:46:48.141+02:00 Cancelled advertise task runner            topics="storage discoveryengine advertiser" tid=3420469
INF 2026-10-03 21:46:48.141+02:00 Exiting advertise task runner              topics="storage discoveryengine advertiser" tid=3420469
