run-logos-standalone-ui: hot-reloading QML from <repo>/src/qml
  (export DEV_QML_PATH to override, or LOGOS_QML_HOT_RELOAD=0 to disable)
Session directory: "~/Library/Application Support/Logos/LogosStandalone"
[2026-10-04 19:05:29.768] [info] [logos] Granting host services to 'capability_module': token_registry,token_delivery
[2026-10-04 19:05:29.794] [out] [capability_module] [2026-10-04 19:05:29.794] [info] Granting host services to capability_module: ["token_registry","token_delivery"]
RemoteTransportConnection: Connecting to registry: "local:logos_capability_module_c882898453ed" at "19:05:29.795"
RemoteTransportConnection: Registry connect attempt started (no peer contact yet): "local:logos_capability_module_c882898453ed"
LogosAPIConsumer: Informing module token for module: "capability_module" with token: "redacted:213ea965…"
RemoteTransportConnection: Requesting object: "capability_module" at "19:05:29.795"
[LogosObject] RemoteTransportConnection: returning RemoteLogosObject for: "capability_module"
[LogosObject] Created RemoteLogosObject wrapping QRemoteObjectReplica 105553172410752
[LogosObject] LogosAPIConsumer: calling LogosObject::informModuleToken for "capability_module"
LogosAPIConsumer: informModuleToken completed with result: true
[LogosObject] Destroying RemoteLogosObject 0
[2026-10-04 19:05:29.814] [info] [logos] Module loaded: capability_module
LogosAPIConsumer: Informing module token for module: "modules_state" with token: "redacted:a8ba58aa…"
RemoteTransportConnection: Requesting object: "capability_module" at "19:05:29.841"
[LogosObject] RemoteTransportConnection: returning RemoteLogosObject for: "capability_module"
[LogosObject] Created RemoteLogosObject wrapping QRemoteObjectReplica 105553172518080
[LogosObject] LogosAPIConsumer: calling LogosObject::informModuleToken for "modules_state"
LogosAPIConsumer: informModuleToken completed with result: true
[LogosObject] Destroying RemoteLogosObject 0
[2026-10-04 19:05:29.841] [info] [logos] Module loaded: modules_state
RemoteTransportConnection: Connecting to registry: "local:logos_modules_state_c882898453ed" at "19:05:29.841"
RemoteTransportConnection: Registry connect attempt started (no peer contact yet): "local:logos_modules_state_c882898453ed"
RemoteTransportConnection: Connecting to registry: "local:logos_capability_module_c882898453ed" at "19:05:29.841"
RemoteTransportConnection: Registry connect attempt started (no peer contact yet): "local:logos_capability_module_c882898453ed"
LogosAPIConsumer: '"modules_state"::""' deferred pending the module becoming reachable
LogosAPIConsumer: '"modules_state"::""' deferred pending the module becoming reachable
Logos Core started (modules dir: "/nix/store/4v2cj5cr5dlsjb9cl0blr0cds0qf07iv-logos-forum_module-plugin-dir-modules" )
Set app icon from metadata: "/nix/store/a520x5a79fn5a479j7jly13nzv3iln5x-logos-forum_module-plugin-dir/src/icons/icon.png"
[2026-10-04 19:05:29.877] [info] [logos] [delivery_module] DeliveryModuleImpl: Initializing...
LogosAPIConsumer: Informing module token for module: "delivery_module" with token: "redacted:0fb4e7b3…"
RemoteTransportConnection: Requesting object: "capability_module" at "19:05:29.878"
[LogosObject] RemoteTransportConnection: returning RemoteLogosObject for: "capability_module"
[LogosObject] Created RemoteLogosObject wrapping QRemoteObjectReplica 105553172824608
[LogosObject] LogosAPIConsumer: calling LogosObject::informModuleToken for "delivery_module"
LogosAPIConsumer: informModuleToken completed with result: true
[LogosObject] Destroying RemoteLogosObject 0
[2026-10-04 19:05:29.882] [info] [logos] Module loaded: delivery_module
RemoteTransportConnection: Connecting to registry: "local:logos_delivery_module_c882898453ed" at "19:05:29.883"
RemoteTransportConnection: Registry connect attempt started (no peer contact yet): "local:logos_delivery_module_c882898453ed"
RemoteTransportConnection: Connecting to registry: "local:logos_capability_module_c882898453ed" at "19:05:29.883"
RemoteTransportConnection: Registry connect attempt started (no peer contact yet): "local:logos_capability_module_c882898453ed"
LogosAPIConsumer: '"delivery_module"::""' deferred pending the module becoming reachable
LogosAPIClient: getToken for module: "modules_state"
LogosAPIClient: Found token for module: "modules_state"
RemoteTransportConnection: Requesting object: "modules_state" at "19:05:29.883"
[LogosObject] RemoteTransportConnection: returning RemoteLogosObject for: "modules_state"
[LogosObject] Created RemoteLogosObject wrapping QRemoteObjectReplica 105553172842720
[LogosObject] LogosAPIConsumer: async calling via LogosObject::callMethodAsync "note_transition"
[LogosObject] RemoteLogosObject::callMethodAsync "note_transition" args: 7
LogosAPIClient: getToken for module: "modules_state"
LogosAPIClient: Found token for module: "modules_state"
[LogosObject] LogosAPIConsumer: async calling via LogosObject::callMethodAsync "note_transition"
[LogosObject] RemoteLogosObject::callMethodAsync "note_transition" args: 7
Loaded dependency (with transitive deps): "delivery_module"
[2026-10-04 19:05:29.910] [info] [logos] [storage_module] StorageModuleImpl: Initializing...
LogosAPIConsumer: Informing module token for module: "storage_module" with token: "redacted:2ef09328…"
RemoteTransportConnection: Requesting object: "capability_module" at "19:05:29.911"
[LogosObject] Created RemoteLogosObject wrapping QRemoteObjectReplica 105553172409600
LogosAPIClient: invoking remote method "modules_state" "apply_snapshot" args_count: 1
LogosAPIClient: getToken for module: "modules_state"
LogosAPIClient: Found token for module: "modules_state"
LogosAPIConsumer: Calling invokeRemoteMethod: "modules_state" "apply_snapshot" args_count: 1 timeout: 20000
[LogosObject] LogosAPIConsumer: calling via LogosObject::callMethod "apply_snapshot"
[LogosObject] RemoteLogosObject::callMethod "apply_snapshot" args: 1
[LogosObject] Created RemoteLogosObject wrapping QRemoteObjectReplica 105553172842464
LogosAPIClient: getToken for module: "modules_state"
LogosAPIClient: Found token for module: "modules_state"
[LogosObject] LogosAPIConsumer: async calling via LogosObject::callMethodAsync "note_transition"
[LogosObject] RemoteLogosObject::callMethodAsync "note_transition" args: 7
LogosAPIClient: getToken for module: "modules_state"
LogosAPIClient: Found token for module: "modules_state"
[LogosObject] LogosAPIConsumer: async calling via LogosObject::callMethodAsync "note_transition"
[LogosObject] RemoteLogosObject::callMethodAsync "note_transition" args: 7
[2026-10-04 19:05:29.914] [info] [logos] Pushed module snapshot to modules_state
LogosAPIClient: getToken for module: "modules_state"
LogosAPIClient: Found token for module: "modules_state"
[LogosObject] LogosAPIConsumer: async calling via LogosObject::callMethodAsync "note_transition"
[LogosObject] RemoteLogosObject::callMethodAsync "note_transition" args: 7
[LogosObject] RemoteTransportConnection: returning RemoteLogosObject for: "capability_module"
[LogosObject] Created RemoteLogosObject wrapping QRemoteObjectReplica 105553172545600
[LogosObject] LogosAPIConsumer: calling LogosObject::informModuleToken for "storage_module"
LogosAPIConsumer: informModuleToken completed with result: true
[LogosObject] Destroying RemoteLogosObject 0
[2026-10-04 19:05:29.914] [info] [logos] Module loaded: storage_module
RemoteTransportConnection: Connecting to registry: "local:logos_storage_module_c882898453ed" at "19:05:29.915"
RemoteTransportConnection: Registry connect attempt started (no peer contact yet): "local:logos_storage_module_c882898453ed"
RemoteTransportConnection: Connecting to registry: "local:logos_capability_module_c882898453ed" at "19:05:29.915"
RemoteTransportConnection: Registry connect attempt started (no peer contact yet): "local:logos_capability_module_c882898453ed"
LogosAPIConsumer: '"storage_module"::""' deferred pending the module becoming reachable
LogosAPIClient: getToken for module: "modules_state"
LogosAPIClient: Found token for module: "modules_state"
[LogosObject] LogosAPIConsumer: async calling via LogosObject::callMethodAsync "note_transition"
[LogosObject] RemoteLogosObject::callMethodAsync "note_transition" args: 7
Loaded dependency (with transitive deps): "storage_module"
DEV_QML_PATH override active: <repo>/src/qml/Main.qml
RemoteTransportConnection: Connecting to registry: "local:logos_capability_module_c882898453ed" at "19:05:29.915"
RemoteTransportConnection: Registry connect attempt started (no peer contact yet): "local:logos_capability_module_c882898453ed"
LogosAPIConsumer: Informing module token for module: "forum_module" with token: "redacted:af767a67…"
RemoteTransportConnection: Requesting object: "capability_module" at "19:05:29.915"
[LogosObject] RemoteTransportConnection: returning RemoteLogosObject for: "capability_module"
[LogosObject] Created RemoteLogosObject wrapping QRemoteObjectReplica 105553172857472
[LogosObject] LogosAPIConsumer: calling LogosObject::informModuleToken for "forum_module"
[LogosObject] Created RemoteLogosObject wrapping QRemoteObjectReplica 105553172843776
LogosAPIClient: getToken for module: "modules_state"
LogosAPIClient: Found token for module: "modules_state"
[LogosObject] LogosAPIConsumer: async calling via LogosObject::callMethodAsync "note_transition"
[LogosObject] RemoteLogosObject::callMethodAsync "note_transition" args: 7
LogosAPIConsumer: informModuleToken completed with result: true
[LogosObject] Destroying RemoteLogosObject 0
[2026-10-04 19:05:29.944] [warning] [logos] [capability_module] Warning: QObject::connect: No such signal ::eventResponse(QString,QVariantList)
[2026-10-04 19:05:29.945] [info] [logos] [delivery_module] DeliveryModuleImpl::getNodeInfo called with nodeInfoId: MyPeerId
[2026-10-04 19:05:29.945] [info] [logos] [delivery_module] DeliveryModuleImpl: Cannot get node info - context not initialized. Call createNode first.
[2026-10-04 19:05:29.945] [info] [logos] [delivery_module] DeliveryModuleImpl::createNode called
[2026-10-04 19:05:29.950] [info] [logos] [delivery_module] DeliveryModuleImpl: Waiting for createNode callback...
[2026-10-04 19:05:29.950] [out] [delivery_module] DBG 2026-10-04 19:05:29.950+02:00 Whether to mount storeSync is not specified, defaulting to not mounting topics="waku conf builder" tid=6191534
[2026-10-04 19:05:29.950] [out] [delivery_module] INF 2026-10-04 19:05:29.950+02:00 Sharding configuration:                    topics="waku conf builder" tid=6191534 shardingConf="(kind: AutoSharding, numShardsInCluster: 1)" subscribeShards=@[0]
[2026-10-04 19:05:29.950] [out] [delivery_module] INF 2026-10-04 19:05:29.950+02:00 Configuration: Enabled protocols           topics="waku conf" tid=6191534 relay=true rlnRelay=false store=false filter=false lightPush=false peerExchange=false rendezvous=false
[2026-10-04 19:05:29.950] [out] [delivery_module] INF 2026-10-04 19:05:29.950+02:00 Configuration. Network                     topics="waku conf" tid=6191534 cluster=42
[2026-10-04 19:05:29.950] [out] [delivery_module] DBG 2026-10-04 19:05:29.950+02:00 Configuration. Active Relay Shards         topics="waku conf" tid=6191534 shard=0
[2026-10-04 19:05:29.950] [out] [delivery_module] INF 2026-10-04 19:05:29.950+02:00 Setting up storage                         tid=6191534
[2026-10-04 19:05:29.950] [out] [delivery_module] INF 2026-10-04 19:05:29.950+02:00 Initializing node                          tid=6191534
[2026-10-04 19:05:29.951] [out] [delivery_module] INF 2026-10-04 19:05:29.951+02:00 Initializing networking                    tid=6191534 addrs=@[/ip4/127.0.0.1/tcp/57692]
[2026-10-04 19:05:29.951] [out] [delivery_module] INF 2026-10-04 19:05:29.951+02:00 Mounting protocols                         tid=6191534
[2026-10-04 19:05:29.951] [out] [delivery_module] INF 2026-10-04 19:05:29.951+02:00 Created WakuMetadata protocol              topics="waku node" tid=6191534 clusterId=42 shards="[0]"
[2026-10-04 19:05:29.951] [out] [delivery_module] INF 2026-10-04 19:05:29.951+02:00 mounting store client                      topics="waku node store api" tid=6191534
[2026-10-04 19:05:29.951] [out] [delivery_module] INF 2026-10-04 19:05:29.951+02:00 Mounting auto sharding                     topics="waku node" tid=6191534 clusterId=42 shardCount=1
[2026-10-04 19:05:29.951] [out] [delivery_module] DBG 2026-10-04 19:05:29.951+02:00 Shards created from content topics         tid=6191534 contentTopics=[] shards=[]
[2026-10-04 19:05:29.951] [out] [delivery_module] DBG 2026-10-04 19:05:29.951+02:00 Setting max message size                   tid=6191534 num_bytes=153600
[2026-10-04 19:05:29.951] [out] [delivery_module] INF 2026-10-04 19:05:29.951+02:00 mounting relay protocol                    topics="waku node relay api" tid=6191534
[2026-10-04 19:05:29.951] [out] [delivery_module] DBG 2026-10-04 19:05:29.951+02:00 relay mounted successfully                 topics="waku node relay api" tid=6191534
[2026-10-04 19:05:29.951] [out] [delivery_module] DBG 2026-10-04 19:05:29.951+02:00 Adding validator to signed shards          tid=6191534 protectedShards=[] clusterId=42
[2026-10-04 19:05:29.951] [out] [delivery_module] INF 2026-10-04 19:05:29.951+02:00 mounting libp2p ping protocol              topics="waku node ping api" tid=6191534
[2026-10-04 19:05:29.951] [out] [delivery_module] INF 2026-10-04 19:05:29.951+02:00 mounting light push client                 topics="waku node lightpush api" tid=6191534
[2026-10-04 19:05:29.951] [out] [delivery_module] INF 2026-10-04 19:05:29.951+02:00 mounting legacy light push client          topics="waku node lightpush api" tid=6191534
[2026-10-04 19:05:29.951] [out] [delivery_module] INF 2026-10-04 19:05:29.951+02:00 mounting filter client                     topics="waku node filter api" tid=6191534
[2026-10-04 19:05:29.951] [out] [delivery_module] INF 2026-10-04 19:05:29.951+02:00 mounting waku peer exchange client         topics="waku node peerexchange api" tid=6191534
[2026-10-04 19:05:29.951] [out] [delivery_module] INF 2026-10-04 19:05:29.951+02:00 No external callbacks to be set            topics="wakunode waku" tid=6191534
[2026-10-04 19:05:29.951] [out] [delivery_module] INF 2026-10-04 19:05:29.951+02:00 Setting up AutonatService                  topics="libp2p autonatservice" tid=6191534
[2026-10-04 19:05:29.951] [info] [logos] [delivery_module] DeliveryModuleImpl::createNode callback called with ret: 0
[2026-10-04 19:05:29.952] [info] [logos] [delivery_module] DeliveryModuleImpl: Delivery context created successfully
[2026-10-04 19:05:29.952] [info] [logos] [delivery_module] DeliveryModuleImpl::start called
[2026-10-04 19:05:29.952] [out] [delivery_module] INF 2026-10-04 19:05:29.952+02:00 Retrieve dynamic bootstrap nodes           topics="wakunode waku" tid=6191534
[2026-10-04 19:05:29.952] [out] [delivery_module] INF 2026-10-04 19:05:29.952+02:00 Running nwaku node                         tid=6191534 version=v0.39.0-gca2814
[2026-10-04 19:05:29.952] [out] [delivery_module] INF 2026-10-04 19:05:29.952+02:00 Starting Waku node                         topics="waku node" tid=6191534 version=v0.39.0-gca2814
[2026-10-04 19:05:29.952] [out] [delivery_module] DBG 2026-10-04 19:05:29.952+02:00 starting switch for peer                   topics="libp2p switch" tid=6191534 peerInfo="(peerId: 16Uiu2HAmTMrXtSKRNXBcGPYBvknQfekvTAriWmCaf7mYQif6B2rk, listenAddrs: [/ip4/127.0.0.1/tcp/57692], addrs: [], protocols: [/ipfs/id/1.0.0, /libp2p/autonat/1.0.0, /libp2p/circuit/relay/0.2.0/hop, /vac/waku/metadata/1.0.0, /vac/waku/relay/2.0.0, /ipfs/ping/1.0.0, /vac/waku/filter-push/2.0.0-beta1], protoVersion: ipfs/0.1.0, agentVersion: logos-delivery-v0.39.0-gca2814)"
[2026-10-04 19:05:29.952] [info] [logos] [delivery_module] DeliveryModuleImpl::getNodeInfo called with nodeInfoId: MyPeerId
[2026-10-04 19:05:29.952] [out] [delivery_module] DBG 2026-10-04 19:05:29.952+02:00 About to accept incoming connection        topics="libp2p switch" tid=6191534
[2026-10-04 19:05:29.952] [out] [delivery_module] INF 2026-10-04 19:05:29.952+02:00 start                                      topics="waku relay" tid=6191534
[2026-10-04 19:05:29.952] [out] [delivery_module] DBG 2026-10-04 19:05:29.952+02:00 Started libp2p node                        topics="libp2p switch" tid=6191534 peer="(peerId: 16Uiu2HAmTMrXtSKRNXBcGPYBvknQfekvTAriWmCaf7mYQif6B2rk, listenAddrs: [/ip4/127.0.0.1/tcp/57692], addrs: [/ip4/127.0.0.1/tcp/57692], protocols: [/ipfs/id/1.0.0, /libp2p/autonat/1.0.0, /libp2p/circuit/relay/0.2.0/hop, /vac/waku/metadata/1.0.0, /vac/waku/relay/2.0.0, /ipfs/ping/1.0.0, /vac/waku/filter-push/2.0.0-beta1], protoVersion: ipfs/0.1.0, agentVersion: logos-delivery-v0.39.0-gca2814)"
[2026-10-04 19:05:29.953] [out] [delivery_module] INF 2026-10-04 19:05:29.953+02:00 Announced base resolved                    topics="waku node" tid=6191534 addrs=@[/ip4/127.0.0.1/tcp/57692] explicit=@[/ip4/127.0.0.1/tcp/57692]
[2026-10-04 19:05:29.953] [out] [delivery_module] DBG 2026-10-04 19:05:29.953+02:00 ENR addresses updated                      topics="waku enr" tid=6191534 retained=1 total=1
[2026-10-04 19:05:29.953] [out] [delivery_module] INF 2026-10-04 19:05:29.953+02:00 Node started successfully                  topics="waku node" tid=6191534
[2026-10-04 19:05:29.953] [out] [delivery_module] DBG 2026-10-04 19:05:29.953+02:00 Dialing multiple peers                     tid=6191534 numOfPeers=4 nodes="@[\"/ip4/127.0.0.1/tcp/57687/p2p/16Uiu2HAmTz1mnC6gE8a2NvvocxwvLfAgzbHQHN2QyKtJKNncogiL\", \"/ip4/127.0.0.1/tcp/57688/p2p/16Uiu2HAmL3oGANLjVYxe5AHBXvnfrwAkH66Zgm5rubobY3jqBAjJ\", \"/ip4/127.0.0.1/tcp/57689/p2p/16Uiu2HAmDo1srjCmAjDfo38QnwjYadkRYNRVbwJ3nH6G3uRS1V8M\", \"/ip4/127.0.0.1/tcp/57690/p2p/16Uiu2HAm7KwXYvTGwdkzwezkmb4Jp8tq5tnT6wuWs2ezUzfCQ3BD\"]"
[2026-10-04 19:05:29.953] [out] [delivery_module] DBG 2026-10-04 19:05:29.953+02:00 Dialing peer                               topics="libp2p dialer" tid=6191534 peerId=16U*ncogiL addrs="[/ip4/127.0.0.1/tcp/57687]"
[2026-10-04 19:05:29.953] [out] [delivery_module] DBG 2026-10-04 19:05:29.953+02:00 Expanded address and hostname              topics="libp2p dialer" tid=6191534 expandedAddress=/ip4/127.0.0.1/tcp/57687 hostname=127.0.0.1 resolvedAddresses="[/ip4/127.0.0.1/tcp/57687]"
[2026-10-04 19:05:29.954] [out] [delivery_module] DBG 2026-10-04 19:05:29.954+02:00 Dialing peer                               topics="libp2p dialer" tid=6191534 peerId=16U*jqBAjJ addrs="[/ip4/127.0.0.1/tcp/57688]"
[2026-10-04 19:05:29.954] [out] [delivery_module] DBG 2026-10-04 19:05:29.954+02:00 Expanded address and hostname              topics="libp2p dialer" tid=6191534 expandedAddress=/ip4/127.0.0.1/tcp/57688 hostname=127.0.0.1 resolvedAddresses="[/ip4/127.0.0.1/tcp/57688]"
[2026-10-04 19:05:29.954] [out] [delivery_module] DBG 2026-10-04 19:05:29.954+02:00 Dialing peer                               topics="libp2p dialer" tid=6191534 peerId=16U*RS1V8M addrs="[/ip4/127.0.0.1/tcp/57689]"
[2026-10-04 19:05:29.954] [out] [delivery_module] DBG 2026-10-04 19:05:29.954+02:00 Expanded address and hostname              topics="libp2p dialer" tid=6191534 expandedAddress=/ip4/127.0.0.1/tcp/57689 hostname=127.0.0.1 resolvedAddresses="[/ip4/127.0.0.1/tcp/57689]"
[2026-10-04 19:05:29.954] [out] [delivery_module] DBG 2026-10-04 19:05:29.954+02:00 Dialing peer                               topics="libp2p dialer" tid=6191534 peerId=16U*fCQ3BD addrs="[/ip4/127.0.0.1/tcp/57690]"
[2026-10-04 19:05:29.954] [out] [delivery_module] DBG 2026-10-04 19:05:29.954+02:00 Expanded address and hostname              topics="libp2p dialer" tid=6191534 expandedAddress=/ip4/127.0.0.1/tcp/57690 hostname=127.0.0.1 resolvedAddresses="[/ip4/127.0.0.1/tcp/57690]"
[2026-10-04 19:05:29.955] [info] [logos] [delivery_module] DeliveryModuleImpl::subscribe called with contentTopic: /lp0026forum/1/general/text
[2026-10-04 19:05:29.956] [out] [delivery_module] DBG 2026-10-04 19:05:29.956+02:00 Subscribing to pubsub topic                topics="waku relay" tid=6191534 pubsubTopic=/waku/2/rs/42/0
[2026-10-04 19:05:29.956] [out] [delivery_module] DBG 2026-10-04 19:05:29.956+02:00 No mesh peer for the given pubsub topic    topics="waku relay" tid=6191534 pubsubTopic=/waku/2/rs/42/0
[2026-10-04 19:05:29.956] [info] [logos] [delivery_module] DeliveryModuleImpl: Subscribe completed for topic: /lp0026forum/1/general/text with success
[2026-10-04 19:05:29.956] [out] [delivery_module] DBG 2026-10-04 19:05:29.956+02:00 Dial successful                            topics="libp2p dialer" tid=6191534 peerId=16U*ncogiL
[2026-10-04 19:05:29.957] [out] [delivery_module] DBG 2026-10-04 19:05:29.957+02:00 starting sendNonHighPriorityTask           topics="libp2p pubsubpeer" tid=6191534 p=16U*ncogiL
[2026-10-04 19:05:29.957] [out] [delivery_module] DBG 2026-10-04 19:05:29.957+02:00 created new pubsub peer                    topics="libp2p pubsub" tid=6191534 peerId=16U*ncogiL
[2026-10-04 19:05:29.957] [out] [delivery_module] DBG 2026-10-04 19:05:29.957+02:00 no listener registered                     tid=6191536 event=onConnectionChange
[2026-10-04 19:05:29.957] [out] [delivery_module] DBG 2026-10-04 19:05:29.957+02:00 Incoming WakuRelay connection              topics="waku relay" tid=6191534 connection=16U*ncogiL:6ac28759785b26bca73d4df9 protocol=/vac/waku/relay/2.0.0
[2026-10-04 19:05:29.957] [out] [delivery_module] DBG 2026-10-04 19:05:29.957+02:00 starting pubsub read loop                  topics="libp2p pubsubpeer" tid=6191534 stream=16U*ncogiL:6ac28759785b26bca73d4df9 peer=16U*ncogiL closed=false
[2026-10-04 19:05:29.957] [out] [delivery_module] DBG 2026-10-04 19:05:29.957+02:00 identify: info sent                        topics="libp2p identify" tid=6191534 stream=16U*ncogiL:6ac28759785b26bca73d4dfa info="(peerId: 16Uiu2HAmTMrXtSKRNXBcGPYBvknQfekvTAriWmCaf7mYQif6B2rk, listenAddrs: [/ip4/127.0.0.1/tcp/57692], addrs: [/ip4/127.0.0.1/tcp/57692], protocols: [/ipfs/id/1.0.0, /libp2p/autonat/1.0.0, /libp2p/circuit/relay/0.2.0/hop, /vac/waku/metadata/1.0.0, /vac/waku/relay/2.0.0, /ipfs/ping/1.0.0, /vac/waku/filter-push/2.0.0-beta1], protoVersion: ipfs/0.1.0, agentVersion: logos-delivery-v0.39.0-gca2814)"
[2026-10-04 19:05:29.957] [out] [delivery_module] DBG 2026-10-04 19:05:29.957+02:00 Dial successful                            topics="libp2p dialer" tid=6191534 peerId=16U*fCQ3BD
[2026-10-04 19:05:29.957] [out] [delivery_module] DBG 2026-10-04 19:05:29.957+02:00 Dial successful                            topics="libp2p dialer" tid=6191534 peerId=16U*jqBAjJ
[2026-10-04 19:05:29.958] [out] [delivery_module] DBG 2026-10-04 19:05:29.958+02:00 starting sendNonHighPriorityTask           topics="libp2p pubsubpeer" tid=6191534 p=16U*fCQ3BD
[2026-10-04 19:05:29.958] [out] [delivery_module] DBG 2026-10-04 19:05:29.958+02:00 created new pubsub peer                    topics="libp2p pubsub" tid=6191534 peerId=16U*fCQ3BD
[2026-10-04 19:05:29.958] [out] [delivery_module] DBG 2026-10-04 19:05:29.958+02:00 no listener registered                     tid=6191536 event=onConnectionChange
[2026-10-04 19:05:29.958] [out] [delivery_module] DBG 2026-10-04 19:05:29.958+02:00 Dial successful                            topics="libp2p dialer" tid=6191534 peerId=16U*RS1V8M
[2026-10-04 19:05:29.958] [out] [delivery_module] DBG 2026-10-04 19:05:29.958+02:00 starting sendNonHighPriorityTask           topics="libp2p pubsubpeer" tid=6191534 p=16U*jqBAjJ
[2026-10-04 19:05:29.958] [out] [delivery_module] DBG 2026-10-04 19:05:29.958+02:00 created new pubsub peer                    topics="libp2p pubsub" tid=6191534 peerId=16U*jqBAjJ
[2026-10-04 19:05:29.958] [out] [delivery_module] DBG 2026-10-04 19:05:29.958+02:00 no listener registered                     tid=6191536 event=onConnectionChange
[2026-10-04 19:05:29.958] [out] [delivery_module] DBG 2026-10-04 19:05:29.958+02:00 starting sendNonHighPriorityTask           topics="libp2p pubsubpeer" tid=6191534 p=16U*RS1V8M
[2026-10-04 19:05:29.958] [out] [delivery_module] DBG 2026-10-04 19:05:29.958+02:00 created new pubsub peer                    topics="libp2p pubsub" tid=6191534 peerId=16U*RS1V8M
[2026-10-04 19:05:29.958] [out] [delivery_module] DBG 2026-10-04 19:05:29.958+02:00 no listener registered                     tid=6191536 event=onConnectionChange
[2026-10-04 19:05:29.958] [out] [delivery_module] DBG 2026-10-04 19:05:29.958+02:00 Incoming WakuRelay connection              topics="waku relay" tid=6191534 connection=16U*fCQ3BD:6ac28759785b26bca73d4dfd protocol=/vac/waku/relay/2.0.0
[2026-10-04 19:05:29.958] [out] [delivery_module] DBG 2026-10-04 19:05:29.958+02:00 starting pubsub read loop                  topics="libp2p pubsubpeer" tid=6191534 stream=16U*fCQ3BD:6ac28759785b26bca73d4dfd peer=16U*fCQ3BD closed=false
[2026-10-04 19:05:29.958] [out] [delivery_module] DBG 2026-10-04 19:05:29.958+02:00 identify: info sent                        topics="libp2p identify" tid=6191534 stream=16U*fCQ3BD:6ac28759785b26bca73d4dfe info="(peerId: 16Uiu2HAmTMrXtSKRNXBcGPYBvknQfekvTAriWmCaf7mYQif6B2rk, listenAddrs: [/ip4/127.0.0.1/tcp/57692], addrs: [/ip4/127.0.0.1/tcp/57692], protocols: [/ipfs/id/1.0.0, /libp2p/autonat/1.0.0, /libp2p/circuit/relay/0.2.0/hop, /vac/waku/metadata/1.0.0, /vac/waku/relay/2.0.0, /ipfs/ping/1.0.0, /vac/waku/filter-push/2.0.0-beta1], protoVersion: ipfs/0.1.0, agentVersion: logos-delivery-v0.39.0-gca2814)"
[2026-10-04 19:05:29.958] [out] [delivery_module] DBG 2026-10-04 19:05:29.958+02:00 Incoming WakuRelay connection              topics="waku relay" tid=6191534 connection=16U*jqBAjJ:6ac28759785b26bca73d4dff protocol=/vac/waku/relay/2.0.0
[2026-10-04 19:05:29.958] [out] [delivery_module] DBG 2026-10-04 19:05:29.958+02:00 starting pubsub read loop                  topics="libp2p pubsubpeer" tid=6191534 stream=16U*jqBAjJ:6ac28759785b26bca73d4dff peer=16U*jqBAjJ closed=false
[2026-10-04 19:05:29.958] [out] [delivery_module] DBG 2026-10-04 19:05:29.958+02:00 identify: info sent                        topics="libp2p identify" tid=6191534 stream=16U*jqBAjJ:6ac28759785b26bca73d4e00 info="(peerId: 16Uiu2HAmTMrXtSKRNXBcGPYBvknQfekvTAriWmCaf7mYQif6B2rk, listenAddrs: [/ip4/127.0.0.1/tcp/57692], addrs: [/ip4/127.0.0.1/tcp/57692], protocols: [/ipfs/id/1.0.0, /libp2p/autonat/1.0.0, /libp2p/circuit/relay/0.2.0/hop, /vac/waku/metadata/1.0.0, /vac/waku/relay/2.0.0, /ipfs/ping/1.0.0, /vac/waku/filter-push/2.0.0-beta1], protoVersion: ipfs/0.1.0, agentVersion: logos-delivery-v0.39.0-gca2814)"
[2026-10-04 19:05:29.958] [out] [delivery_module] DBG 2026-10-04 19:05:29.958+02:00 Incoming WakuRelay connection              topics="waku relay" tid=6191534 connection=16U*RS1V8M:6ac28759785b26bca73d4e01 protocol=/vac/waku/relay/2.0.0
[2026-10-04 19:05:29.958] [out] [delivery_module] DBG 2026-10-04 19:05:29.958+02:00 starting pubsub read loop                  topics="libp2p pubsubpeer" tid=6191534 stream=16U*RS1V8M:6ac28759785b26bca73d4e01 peer=16U*RS1V8M closed=false
[2026-10-04 19:05:29.958] [out] [delivery_module] DBG 2026-10-04 19:05:29.958+02:00 identify: info sent                        topics="libp2p identify" tid=6191534 stream=16U*RS1V8M:6ac28759785b26bca73d4e02 info="(peerId: 16Uiu2HAmTMrXtSKRNXBcGPYBvknQfekvTAriWmCaf7mYQif6B2rk, listenAddrs: [/ip4/127.0.0.1/tcp/57692], addrs: [/ip4/127.0.0.1/tcp/57692], protocols: [/ipfs/id/1.0.0, /libp2p/autonat/1.0.0, /libp2p/circuit/relay/0.2.0/hop, /vac/waku/metadata/1.0.0, /vac/waku/relay/2.0.0, /ipfs/ping/1.0.0, /vac/waku/filter-push/2.0.0-beta1], protoVersion: ipfs/0.1.0, agentVersion: logos-delivery-v0.39.0-gca2814)"
[2026-10-04 19:05:29.959] [out] [delivery_module] DBG 2026-10-04 19:05:29.959+02:00 identify: info received                    topics="libp2p identify" tid=6191534 stream=16U*ncogiL:6ac28759785b26bca73d4dfc pubkey=ok(sec...9e55)) addresses=/ip4/127.0.0.1/tcp/57687 protocols=/ipfs/id/1.0.0,/libp2p/autonat/1.0.0,/libp2p/circuit/relay/0.2.0/hop,/vac/waku/metadata/1.0.0,/mix/1.0.0,/vac/waku/relay/2.0.0,/ipfs/ping/1.0.0,/vac/waku/lightpush/3.0.0,/vac/waku/lightpush/2.0.0-beta1,/vac/waku/filter-push/2.0.0-beta1 observable_address=ok(/ip4/127.0.0.1/tcp/57722) proto_version=ipfs/0.1.0 agent_version=logos-delivery-v0.39.0-gca2814 signedPeerRecord=None
[2026-10-04 19:05:29.959] [out] [delivery_module] DBG 2026-10-04 19:05:29.959+02:00 starting pubsub read loop                  topics="libp2p pubsubpeer" tid=6191534 stream=16U*ncogiL:6ac28759785b26bca73d4dfb peer=16U*ncogiL closed=false
[2026-10-04 19:05:29.959] [out] [delivery_module] DBG 2026-10-04 19:05:29.959+02:00 Event identified                           topics="waku node peer_manager" tid=6191534 peerId=16U*ncogiL
[2026-10-04 19:05:29.959] [out] [delivery_module] DBG 2026-10-04 19:05:29.959+02:00 no listener registered                     tid=6191536 event=onConnectionChange
[2026-10-04 19:05:29.959] [out] [delivery_module] DBG 2026-10-04 19:05:29.959+02:00 identify: info received                    topics="libp2p identify" tid=6191534 stream=16U*jqBAjJ:6ac28759785b26bca73d4e06 pubkey=ok(sec...0ed7)) addresses=/ip4/127.0.0.1/tcp/57688 protocols=/ipfs/id/1.0.0,/libp2p/autonat/1.0.0,/libp2p/circuit/relay/0.2.0/hop,/vac/waku/metadata/1.0.0,/mix/1.0.0,/vac/waku/relay/2.0.0,/ipfs/ping/1.0.0,/vac/waku/lightpush/3.0.0,/vac/waku/lightpush/2.0.0-beta1,/vac/waku/filter-push/2.0.0-beta1 observable_address=ok(/ip4/127.0.0.1/tcp/57723) proto_version=ipfs/0.1.0 agent_version=logos-delivery-v0.39.0-gca2814 signedPeerRecord=None
[2026-10-04 19:05:29.960] [out] [delivery_module] DBG 2026-10-04 19:05:29.960+02:00 identify: info received                    topics="libp2p identify" tid=6191534 stream=16U*RS1V8M:6ac28759785b26bca73d4e08 pubkey=ok(sec...fd4b)) addresses=/ip4/127.0.0.1/tcp/57689 protocols=/ipfs/id/1.0.0,/libp2p/autonat/1.0.0,/libp2p/circuit/relay/0.2.0/hop,/vac/waku/metadata/1.0.0,/mix/1.0.0,/vac/waku/relay/2.0.0,/ipfs/ping/1.0.0,/vac/waku/lightpush/3.0.0,/vac/waku/lightpush/2.0.0-beta1,/vac/waku/filter-push/2.0.0-beta1 observable_address=ok(/ip4/127.0.0.1/tcp/57724) proto_version=ipfs/0.1.0 agent_version=logos-delivery-v0.39.0-gca2814 signedPeerRecord=None
[2026-10-04 19:05:29.960] [out] [delivery_module] DBG 2026-10-04 19:05:29.960+02:00 identify: info received                    topics="libp2p identify" tid=6191534 stream=16U*fCQ3BD:6ac28759785b26bca73d4e04 pubkey=ok(sec...58ec)) addresses=/ip4/127.0.0.1/tcp/57690 protocols=/ipfs/id/1.0.0,/libp2p/autonat/1.0.0,/libp2p/circuit/relay/0.2.0/hop,/vac/waku/metadata/1.0.0,/mix/1.0.0,/vac/waku/relay/2.0.0,/ipfs/ping/1.0.0,/vac/waku/lightpush/3.0.0,/vac/waku/lightpush/2.0.0-beta1,/vac/waku/filter-push/2.0.0-beta1 observable_address=ok(/ip4/127.0.0.1/tcp/57725) proto_version=ipfs/0.1.0 agent_version=logos-delivery-v0.39.0-gca2814 signedPeerRecord=None
[2026-10-04 19:05:29.960] [out] [delivery_module] DBG 2026-10-04 19:05:29.960+02:00 starting pubsub read loop                  topics="libp2p pubsubpeer" tid=6191534 stream=16U*jqBAjJ:6ac28759785b26bca73d4e05 peer=16U*jqBAjJ closed=false
[2026-10-04 19:05:29.960] [out] [delivery_module] DBG 2026-10-04 19:05:29.960+02:00 starting pubsub read loop                  topics="libp2p pubsubpeer" tid=6191534 stream=16U*RS1V8M:6ac28759785b26bca73d4e07 peer=16U*RS1V8M closed=false
[2026-10-04 19:05:29.960] [out] [delivery_module] DBG 2026-10-04 19:05:29.960+02:00 starting pubsub read loop                  topics="libp2p pubsubpeer" tid=6191534 stream=16U*fCQ3BD:6ac28759785b26bca73d4e03 peer=16U*fCQ3BD closed=false
[2026-10-04 19:05:29.960] [out] [delivery_module] DBG 2026-10-04 19:05:29.960+02:00 Event identified                           topics="waku node peer_manager" tid=6191534 peerId=16U*jqBAjJ
[2026-10-04 19:05:29.960] [out] [delivery_module] DBG 2026-10-04 19:05:29.960+02:00 Event identified                           topics="waku node peer_manager" tid=6191534 peerId=16U*RS1V8M
[2026-10-04 19:05:29.960] [out] [delivery_module] DBG 2026-10-04 19:05:29.960+02:00 no listener registered                     tid=6191536 event=onConnectionChange
[2026-10-04 19:05:29.960] [out] [delivery_module] DBG 2026-10-04 19:05:29.960+02:00 no listener registered                     tid=6191536 event=onConnectionChange
[2026-10-04 19:05:29.960] [out] [delivery_module] DBG 2026-10-04 19:05:29.960+02:00 Event identified                           topics="waku node peer_manager" tid=6191534 peerId=16U*fCQ3BD
[2026-10-04 19:05:29.960] [out] [delivery_module] DBG 2026-10-04 19:05:29.960+02:00 no listener registered                     tid=6191536 event=onConnectionChange
[2026-10-04 19:05:29.961] [out] [delivery_module] DBG 2026-10-04 19:05:29.961+02:00 Received WakuMetadata request              topics="waku metadata" tid=6191534 remoteClusterId=ok(42) remoteShards="[0]" localClusterId=42 localShards="[0]" peer=16U*ncogiL
[2026-10-04 19:05:29.962] [out] [delivery_module] DBG 2026-10-04 19:05:29.962+02:00 Received WakuMetadata request              topics="waku metadata" tid=6191534 remoteClusterId=ok(42) remoteShards="[0]" localClusterId=42 localShards="[0]" peer=16U*jqBAjJ
[2026-10-04 19:05:29.962] [out] [delivery_module] DBG 2026-10-04 19:05:29.962+02:00 Received WakuMetadata request              topics="waku metadata" tid=6191534 remoteClusterId=ok(42) remoteShards="[0]" localClusterId=42 localShards="[0]" peer=16U*fCQ3BD
[2026-10-04 19:05:29.962] [out] [delivery_module] DBG 2026-10-04 19:05:29.962+02:00 Received WakuMetadata request              topics="waku metadata" tid=6191534 remoteClusterId=ok(42) remoteShards="[0]" localClusterId=42 localShards="[0]" peer=16U*RS1V8M
[2026-10-04 19:05:29.962] [out] [delivery_module] DBG 2026-10-04 19:05:29.962+02:00 no listener registered                     tid=6191536 event=onConnectionChange
[2026-10-04 19:05:29.963] [out] [delivery_module] DBG 2026-10-04 19:05:29.963+02:00 no listener registered                     tid=6191536 event=onConnectionChange
[2026-10-04 19:05:29.963] [out] [delivery_module] DBG 2026-10-04 19:05:29.963+02:00 no listener registered                     tid=6191536 event=onConnectionChange
[2026-10-04 19:05:29.963] [out] [delivery_module] DBG 2026-10-04 19:05:29.963+02:00 no listener registered                     tid=6191536 event=onConnectionChange
[2026-10-04 19:05:29.963] [out] [delivery_module] DBG 2026-10-04 19:05:29.963+02:00 Finished dialing multiple peers            tid=6191534 successfulConns=4 attempted=4
[2026-10-04 19:05:29.963] [out] [delivery_module] DBG 2026-10-04 19:05:29.963+02:00 Starting peer exchange loop                topics="waku node peerexchange api" tid=6191534
[2026-10-04 19:05:29.963] [out] [delivery_module] DBG 2026-10-04 19:05:29.963+02:00 Retrieving peer info via peer exchange protocol topics="waku node peerexchange api" tid=6191534 amount=5
[2026-10-04 19:05:29.963] [out] [delivery_module] DBG 2026-10-04 19:05:29.963+02:00 Peer exchange request could not be made as no peer exchange peers found topics="waku peer_exchange client" tid=6191534
[2026-10-04 19:05:29.963] [out] [delivery_module] DBG 2026-10-04 19:05:29.963+02:00 Failed to retrieve peer info via peer exchange protocol topics="waku node peerexchange api" tid=6191534 error="(status_code: SERVICE_UNAVAILABLE, status_desc: ok(peer_not_found_failure))"
[2026-10-04 19:05:29.963] [out] [delivery_module] DBG 2026-10-04 19:05:29.963+02:00 Cannot fetch peers from peer exchange      topics="waku node peerexchange api" tid=6191534 cause="(status_code: SERVICE_UNAVAILABLE, status_desc: ok(peer_not_found_failure))"
[2026-10-04 19:05:29.963] [out] [delivery_module] INF 2026-10-04 19:05:29.963+02:00 Relay peer connections                     topics="waku node peer_manager" tid=6191534 inRelayConns=0/50 outRelayConns=4/25 totalConnections=4/150 notConnectedPeers=0 outsideBackoffPeers=0
[2026-10-04 19:05:29.964] [out] [delivery_module] DBG 2026-10-04 19:05:29.964+02:00 ENR addresses updated                      topics="waku enr" tid=6191534 retained=1 total=1
[2026-10-04 19:05:29.964] [out] [delivery_module] INF 2026-10-04 19:05:29.964+02:00 Node is online                             topics="waku online monitor" tid=6191534
[2026-10-04 19:05:29.964] [out] [delivery_module] INF 2026-10-04 19:05:29.964+02:00 Health monitor loop start                  tid=6191534
[2026-10-04 19:05:29.964] [out] [delivery_module] DBG 2026-10-04 19:05:29.964+02:00 calculateConnectionState                   tid=6191534 relayCount=4 storeClientCount=0 lightpushCount=4 filterCount=0
[2026-10-04 19:05:29.964] [out] [delivery_module] DBG 2026-10-04 19:05:29.964+02:00 connectionStatus change                    tid=6191534 oldstatus=Disconnected newstatus=Connected
[2026-10-04 19:05:29.964] [out] [delivery_module] INF 2026-10-04 19:05:29.964+02:00 starting keepalive                         tid=6191534 randomPeersKeepalive=10s allPeersKeepalive=2m
Loaded UI plugin: "/nix/store/a520x5a79fn5a479j7jly13nzv3iln5x-logos-forum_module-plugin-dir"
[2026-10-04 19:05:30.058] [out] [delivery_module] DBG 2026-10-04 19:05:30.058+02:00 no listener registered                     tid=6191536 event=onTopicHealthChange
[2026-10-04 19:05:30.066] [out] [delivery_module] DBG 2026-10-04 19:05:30.066+02:00 calculateConnectionState                   tid=6191534 relayCount=4 storeClientCount=0 lightpushCount=4 filterCount=0
[QmlInspector] Inspector server listening on port 3769
[QmlInspector] Client connected from "::1"
[2026-10-04 19:05:37.769] [out] [delivery_module] INF 2026-10-04 19:05:37.769+02:00 Message received                           tid=6191534 msg_hash=0x82fbb1afdcf627e15405a875907eda692f8c546b6b76b850249bac2f544df507 contentTopic=/lp0026forum/1/general/text pubsubTopic=/waku/2/rs/42/0 source=live
[QmlInspector] Client disconnected
