== verify: ui
warning: ignoring untrusted flake configuration setting 'extra-substituters'.
Pass '--accept-flake-config' to trust it
warning: ignoring untrusted flake configuration setting 'extra-trusted-public-keys'.
Pass '--accept-flake-config' to trust it
warning: rejected 3a478e90a4813685af47b4f77e1f6232ac5b50bb because shallow roots are not allowed to be updated
these 4 derivations will be built:
  /nix/store/9b1pqhqs9kl4lqg9fqa481h54s0vmas8-logos-forum_module-module-lib-0.1.0.drv
  /nix/store/ha9cjsv02mdb6kv7qhmsf5mqr1kkjbbp-logos-forum_module-module.drv
  /nix/store/fnwwmjsf797sa406ihm962d8lld6ha99-run-standalone.drv
  /nix/store/rcpdkknn3jimmir3q8zdmm7dgy19gwvy-forum_module-integration-test.drv
this path will be fetched (8.5 MiB download, 53.3 MiB unpacked):
  /nix/store/2haz1qvxgshwfnf34ds3ldhrw1fr19xl-nodejs-22.19.0-dev
copying path '/nix/store/2haz1qvxgshwfnf34ds3ldhrw1fr19xl-nodejs-22.19.0-dev' from 'https://cache.nixos.org'...
building '/nix/store/9b1pqhqs9kl4lqg9fqa481h54s0vmas8-logos-forum_module-module-lib-0.1.0.drv'...
logos-forum_module-module-lib> Running phase: qtPreHook
logos-forum_module-module-lib> Running phase: unpackPhase
logos-forum_module-module-lib> unpacking source archive /nix/store/84zn948l56najdpi8fp4m4kl1pinynay-w9iw3izikgkfv8gm62ildsfssc933mpl-source
logos-forum_module-module-lib> source root is w9iw3izikgkfv8gm62ildsfssc933mpl-source
logos-forum_module-module-lib> Running phase: patchPhase
logos-forum_module-module-lib> Running phase: updateAutotoolsGnuConfigScriptsPhase
logos-forum_module-module-lib> Running phase: configurePhase
logos-forum_module-module-lib> Running logos-cpp-generator (api-style=qt)...
logos-forum_module-module-lib> Generating deps from LIDL: delivery_module, storage_module
logos-forum_module-module-lib> Generated logos_sdk.h and logos_sdk.cpp
logos-forum_module-module-lib> Running logos-qt-generator --backend consumer for the Qt-typed dependency wrappers...
logos-forum_module-module-lib> Generated: ./generated_code/delivery_module_api.h
logos-forum_module-module-lib> Generated: ./generated_code/delivery_module_api.cpp
logos-forum_module-module-lib> Generated: ./generated_code/storage_module_api.h
logos-forum_module-module-lib> Generated: ./generated_code/storage_module_api.cpp
logos-forum_module-module-lib> Checking generated files in generated_code:
logos-forum_module-module-lib> total 188
logos-forum_module-module-lib> drwxr-xr-x  8 _nixbld1 nixbld   256 Oct  7 11:01 .
logos-forum_module-module-lib> drwxr-xr-x 31 _nixbld1 nixbld   992 Oct  7 11:01 ..
logos-forum_module-module-lib> -rw-r--r--  1 _nixbld1 nixbld 61780 Oct  7 11:01 delivery_module_api.cpp
logos-forum_module-module-lib> -rw-r--r--  1 _nixbld1 nixbld 12269 Oct  7 11:01 delivery_module_api.h
logos-forum_module-module-lib> -rw-r--r--  1 _nixbld1 nixbld    94 Oct  7 11:01 logos_sdk.cpp
logos-forum_module-module-lib> -rw-r--r--  1 _nixbld1 nixbld   363 Oct  7 11:01 logos_sdk.h
logos-forum_module-module-lib> -rw-r--r--  1 _nixbld1 nixbld 87563 Oct  7 11:01 storage_module_api.cpp
logos-forum_module-module-lib> -rw-r--r--  1 _nixbld1 nixbld 15623 Oct  7 11:01 storage_module_api.h
logos-forum_module-module-lib> Creating include directory and moving generated files...
logos-forum_module-module-lib> Generated include directory:
logos-forum_module-module-lib> total 188
logos-forum_module-module-lib> drwxr-xr-x 8 _nixbld1 nixbld   256 Oct  7 11:01 .
logos-forum_module-module-lib> drwxr-xr-x 6 _nixbld1 nixbld   192 Oct  7 11:01 ..
logos-forum_module-module-lib> -rw-r--r-- 1 _nixbld1 nixbld 61780 Oct  7 11:01 delivery_module_api.cpp
logos-forum_module-module-lib> -rw-r--r-- 1 _nixbld1 nixbld 12269 Oct  7 11:01 delivery_module_api.h
logos-forum_module-module-lib> -rw-r--r-- 1 _nixbld1 nixbld    94 Oct  7 11:01 logos_sdk.cpp
logos-forum_module-module-lib> -rw-r--r-- 1 _nixbld1 nixbld   363 Oct  7 11:01 logos_sdk.h
logos-forum_module-module-lib> -rw-r--r-- 1 _nixbld1 nixbld 87563 Oct  7 11:01 storage_module_api.cpp
logos-forum_module-module-lib> -rw-r--r-- 1 _nixbld1 nixbld 15623 Oct  7 11:01 storage_module_api.h
logos-forum_module-module-lib> Stamped logos_protocol_version=0.9.0 into metadata.json
logos-forum_module-module-lib> logos-module-builder: generating ui plugin glue (forum_module)...
logos-forum_module-module-lib> Generated: ./generated_code/forum_module_ui_interface.h
logos-forum_module-module-lib> Generated: ./generated_code/forum_module_ui_glue.h
logos-forum_module-module-lib> Generated: ./generated_code/forum_module_ui_glue.cpp
logos-forum_module-module-lib> fixing cmake files...
logos-forum_module-module-lib> cmake flags: -GNinja -DCMAKE_FIND_USE_SYSTEM_PACKAGE_REGISTRY=OFF -DCMAKE_FIND_USE_PACKAGE_REGISTRY=OFF -DCMAKE_EXPORT_NO_PACKAGE_REGISTRY=ON -DCMAKE_BUILD_TYPE=Release -DBUILD_TESTING=OFF -DCMAKE_INSTALL_LOCALEDIR=/nix/store/yx8h38i5a8vj1hf1gr8ahb5fdl46fdb2-logos-forum_module-module-lib-0.1.0/share/locale -DCMAKE_INSTALL_LIBEXECDIR=/nix/store/yx8h38i5a8vj1hf1gr8ahb5fdl46fdb2-logos-forum_module-module-lib-0.1.0/libexec -DCMAKE_INSTALL_LIBDIR=/nix/store/yx8h38i5a8vj1hf1gr8ahb5fdl46fdb2-logos-forum_module-module-lib-0.1.0/lib -DCMAKE_INSTALL_DOCDIR=/nix/store/yx8h38i5a8vj1hf1gr8ahb5fdl46fdb2-logos-forum_module-module-lib-0.1.0/share/doc/ForumPlugin -DCMAKE_INSTALL_INFODIR=/nix/store/yx8h38i5a8vj1hf1gr8ahb5fdl46fdb2-logos-forum_module-module-lib-0.1.0/share/info -DCMAKE_INSTALL_MANDIR=/nix/store/yx8h38i5a8vj1hf1gr8ahb5fdl46fdb2-logos-forum_module-module-lib-0.1.0/share/man -DCMAKE_INSTALL_INCLUDEDIR=/nix/store/yx8h38i5a8vj1hf1gr8ahb5fdl46fdb2-logos-forum_module-module-lib-0.1.0/include -DCMAKE_INSTALL_SBINDIR=/nix/store/yx8h38i5a8vj1hf1gr8ahb5fdl46fdb2-logos-forum_module-module-lib-0.1.0/sbin -DCMAKE_INSTALL_BINDIR=/nix/store/yx8h38i5a8vj1hf1gr8ahb5fdl46fdb2-logos-forum_module-module-lib-0.1.0/bin -DCMAKE_INSTALL_NAME_DIR=/nix/store/yx8h38i5a8vj1hf1gr8ahb5fdl46fdb2-logos-forum_module-module-lib-0.1.0/lib -DCMAKE_POLICY_DEFAULT_CMP0025=NEW -DCMAKE_FIND_FRAMEWORK=LAST -DCMAKE_STRIP=/nix/store/zzx6cfl99zknfrj9v7lmrshwzslfjv26-clang-wrapper-19.1.7/bin/strip -DCMAKE_RANLIB=/nix/store/zzx6cfl99zknfrj9v7lmrshwzslfjv26-clang-wrapper-19.1.7/bin/ranlib -DCMAKE_AR=/nix/store/zzx6cfl99zknfrj9v7lmrshwzslfjv26-clang-wrapper-19.1.7/bin/ar -DCMAKE_C_COMPILER=clang -DCMAKE_CXX_COMPILER=clang++ -DCMAKE_INSTALL_PREFIX=/nix/store/yx8h38i5a8vj1hf1gr8ahb5fdl46fdb2-logos-forum_module-module-lib-0.1.0 -GNinja -DLOGOS_MODULE_ROOT=/nix/store/82rsdw74zycrwvy6aad94jnrg27f9a9a-logos-module-0.1.0 -DLOGOS_CPP_SDK_ROOT=/nix/store/a33v9dppa4k88xlv8cbls5n67vdrsik0-logos-cpp-sdk -DLOGOS_QT_SDK_ROOT=/nix/store/rwvd3ymqb9qq9z1pifq6gynvgwp07493-logos-qt-sdk -DLOGOS_QT_HOST_ROOT=/nix/store/awgcgwqqr529fg6lph2mhb3mjscs0a73-logos-qt-host-0.1.0 -DLOGOS_PROTOCOL_ROOT=/nix/store/l61qallmailjkxr24ynyi91hq2cy96qm-logos-protocol -DLOGOS_VIEW_TEMPLATE_DIR=/nix/store/py6wzmragypgh2lbaimz1z23qzcv8ckr-logos-view-templates -DLOGOS_VIEW_INCLUDE_DIR=/nix/store/ndn52sc7anhfvn2h047ffwsqn25hs62i-logos-view-module-include
logos-forum_module-module-lib> -- The CXX compiler identification is Clang 19.1.7
logos-forum_module-module-lib> -- Detecting CXX compiler ABI info
logos-forum_module-module-lib> -- Detecting CXX compiler ABI info - done
logos-forum_module-module-lib> -- Check for working CXX compiler: /nix/store/zzx6cfl99zknfrj9v7lmrshwzslfjv26-clang-wrapper-19.1.7/bin/clang++ - skipped
logos-forum_module-module-lib> -- Detecting CXX compile features
logos-forum_module-module-lib> -- Detecting CXX compile features - done
logos-forum_module-module-lib> -- LogosModule.cmake: /nix/store/wfvnsjzflhgh2mihmj16yx655x8zqhk3-fi97x4xl2saxayr1qrynyycm45ifshqg-source/cmake/LogosModule.cmake
logos-forum_module-module-lib> -- Found logos-module at: /nix/store/82rsdw74zycrwvy6aad94jnrg27f9a9a-logos-module-0.1.0
logos-forum_module-module-lib> -- Found logos-cpp-sdk at: /nix/store/a33v9dppa4k88xlv8cbls5n67vdrsik0-logos-cpp-sdk
logos-forum_module-module-lib> -- Found logos-qt-sdk at: /nix/store/rwvd3ymqb9qq9z1pifq6gynvgwp07493-logos-qt-sdk
logos-forum_module-module-lib> -- Found logos-protocol at: /nix/store/l61qallmailjkxr24ynyi91hq2cy96qm-logos-protocol
logos-forum_module-module-lib> -- Qt host runtime: logos-qt-host::logos_qt_host at /nix/store/awgcgwqqr529fg6lph2mhb3mjscs0a73-logos-qt-host-0.1.0
logos-forum_module-module-lib> -- Performing Test CMAKE_HAVE_LIBC_PTHREAD
logos-forum_module-module-lib> -- Performing Test CMAKE_HAVE_LIBC_PTHREAD - Success
logos-forum_module-module-lib> -- Found Threads: TRUE
logos-forum_module-module-lib> -- Performing Test HAVE_STDATOMIC
logos-forum_module-module-lib> -- Performing Test HAVE_STDATOMIC - Success
logos-forum_module-module-lib> -- Found WrapAtomic: TRUE
logos-forum_module-module-lib> CMake Warning (dev) at /nix/store/qvv2ddin29xa8fqmsv567b6xlnhbvpv0-cmake-3.31.7/share/cmake-3.31/Modules/CMakeFindDependencyMacro.cmake:76 (find_package):
logos-forum_module-module-lib>   Policy CMP0167 is not set: The FindBoost module is removed.  Run "cmake
logos-forum_module-module-lib>   --help-policy CMP0167" for policy details.  Use the cmake_policy command to
logos-forum_module-module-lib>   set the policy and suppress this warning.
logos-forum_module-module-lib> 
logos-forum_module-module-lib> Call Stack (most recent call first):
logos-forum_module-module-lib>   /nix/store/l61qallmailjkxr24ynyi91hq2cy96qm-logos-protocol/lib/cmake/logos-protocol/logos-protocolConfig.cmake:48 (find_dependency)
logos-forum_module-module-lib>   /nix/store/wfvnsjzflhgh2mihmj16yx655x8zqhk3-fi97x4xl2saxayr1qrynyycm45ifshqg-source/cmake/LogosModule.cmake:622 (find_package)
logos-forum_module-module-lib>   CMakeLists.txt:16 (logos_module)
logos-forum_module-module-lib> This warning is for project developers.  Use -Wno-dev to suppress it.
logos-forum_module-module-lib> 
logos-forum_module-module-lib> -- Found Boost: /nix/store/2blqfsz18yp066ky15nvkihcvwqq7bqz-boost-1.87.0-dev/lib/cmake/Boost-1.87.0/BoostConfig.cmake (found version "1.87.0")
logos-forum_module-module-lib> CMake Warning (dev) at /nix/store/l61qallmailjkxr24ynyi91hq2cy96qm-logos-protocol/lib/cmake/logos-protocol/logos-protocolConfig.cmake:49 (find_package):
logos-forum_module-module-lib>   Policy CMP0167 is not set: The FindBoost module is removed.  Run "cmake
logos-forum_module-module-lib>   --help-policy CMP0167" for policy details.  Use the cmake_policy command to
logos-forum_module-module-lib>   set the policy and suppress this warning.
logos-forum_module-module-lib> 
logos-forum_module-module-lib> Call Stack (most recent call first):
logos-forum_module-module-lib>   /nix/store/wfvnsjzflhgh2mihmj16yx655x8zqhk3-fi97x4xl2saxayr1qrynyycm45ifshqg-source/cmake/LogosModule.cmake:622 (find_package)
logos-forum_module-module-lib>   CMakeLists.txt:16 (logos_module)
logos-forum_module-module-lib> This warning is for project developers.  Use -Wno-dev to suppress it.
logos-forum_module-module-lib> 
logos-forum_module-module-lib> -- Found OpenSSL: /nix/store/0ais7wnqw8xzj0331c2jka53s6g14wqb-openssl-3.5.1/lib/libcrypto.dylib (found version "3.5.1")
logos-forum_module-module-lib> -- Found nlohmann_json: /nix/store/hs7wcady8i97dqq7qiaiaq05srnq6yih-nlohmann_json-3.11.3/share/cmake/nlohmann_json/nlohmann_jsonConfig.cmake (found version "3.11.3")
logos-forum_module-module-lib> CMake Warning (dev) at /nix/store/l61qallmailjkxr24ynyi91hq2cy96qm-logos-protocol/lib/cmake/logos-protocol/logos-protocolConfig.cmake:49 (find_package):
logos-forum_module-module-lib>   Policy CMP0167 is not set: The FindBoost module is removed.  Run "cmake
logos-forum_module-module-lib>   --help-policy CMP0167" for policy details.  Use the cmake_policy command to
logos-forum_module-module-lib>   set the policy and suppress this warning.
logos-forum_module-module-lib> 
logos-forum_module-module-lib> Call Stack (most recent call first):
logos-forum_module-module-lib>   /nix/store/qvv2ddin29xa8fqmsv567b6xlnhbvpv0-cmake-3.31.7/share/cmake-3.31/Modules/CMakeFindDependencyMacro.cmake:76 (find_package)
logos-forum_module-module-lib>   /nix/store/awgcgwqqr529fg6lph2mhb3mjscs0a73-logos-qt-host-0.1.0/lib/cmake/logos-qt-host/logos-qt-hostConfig.cmake:34 (find_dependency)
logos-forum_module-module-lib>   /nix/store/wfvnsjzflhgh2mihmj16yx655x8zqhk3-fi97x4xl2saxayr1qrynyycm45ifshqg-source/cmake/LogosModule.cmake:625 (find_package)
logos-forum_module-module-lib>   CMakeLists.txt:16 (logos_module)
logos-forum_module-module-lib> This warning is for project developers.  Use -Wno-dev to suppress it.
logos-forum_module-module-lib> 
logos-forum_module-module-lib> -- Logos module forum_module: replica factory plugin from src/forum_module.rep (class Forum, QML Logos.Forum.Forum)
logos-forum_module-module-lib> -- Logos module forum_module configured successfully
logos-forum_module-module-lib> -- Configuring done (40.6s)
logos-forum_module-module-lib> -- Generating done (3.0s)
logos-forum_module-module-lib> CMake Warning:
logos-forum_module-module-lib>   Manually-specified variables were not used by the project:
logos-forum_module-module-lib> 
logos-forum_module-module-lib>     BUILD_TESTING
logos-forum_module-module-lib>     CMAKE_C_COMPILER
logos-forum_module-module-lib>     CMAKE_EXPORT_NO_PACKAGE_REGISTRY
logos-forum_module-module-lib>     CMAKE_POLICY_DEFAULT_CMP0025
logos-forum_module-module-lib> 
logos-forum_module-module-lib> 
logos-forum_module-module-lib> -- Build files have been written to: /nix/var/nix/builds/nix-56233-4123965776/w9iw3izikgkfv8gm62ildsfssc933mpl-source/build
logos-forum_module-module-lib> cmake: enabled parallel building
logos-forum_module-module-lib> cmake: enabled parallel installing
logos-forum_module-module-lib> configurePhase completed in 49 seconds
logos-forum_module-module-lib> Running phase: buildPhase
logos-forum_module-module-lib> build flags: -j12
logos-forum_module-module-lib> [0/2] Re-checking globbed directories...
logos-forum_module-module-lib> [1/20] Automatic MOC for target forum_module_replica_factory
logos-forum_module-module-lib> [2/20] Automatic MOC for target forum_module_module_plugin
logos-forum_module-module-lib> [3/20] Generating rep_forum_module_replica.h
logos-forum_module-module-lib> [4/20] Generating rep_forum_module_source.h
logos-forum_module-module-lib> [5/20] Generating moc_rep_forum_module_replica.cpp
logos-forum_module-module-lib> [6/20] Generating moc_rep_forum_module_source.cpp
logos-forum_module-module-lib> [7/20] Building CXX object CMakeFiles/forum_module_module_plugin.dir/src/archive/archive_core.cpp.o
logos-forum_module-module-lib> [8/20] Building CXX object CMakeFiles/forum_module_replica_factory.dir/forum_module_replica_factory_autogen/mocs_compilation.cpp.o
logos-forum_module-module-lib> [9/20] Building CXX object CMakeFiles/forum_module_module_plugin.dir/src/core/forum_core.cpp.o
logos-forum_module-module-lib> [10/20] Building CXX object CMakeFiles/forum_module_module_plugin.dir/view_plugin_base_forum_module/LogosViewPluginBase.cpp.o
logos-forum_module-module-lib> [11/20] Building CXX object CMakeFiles/forum_module_module_plugin.dir/forum_module_module_plugin_autogen/mocs_compilation.cpp.o
logos-forum_module-module-lib> [12/20] Building CXX object CMakeFiles/forum_module_module_plugin.dir/moc_rep_forum_module_source.cpp.o
logos-forum_module-module-lib> [13/20] Building CXX object CMakeFiles/forum_module_replica_factory.dir/replica_factory_forum_module/LogosViewReplicaFactory.cpp.o
logos-forum_module-module-lib> [14/20] Building CXX object CMakeFiles/forum_module_replica_factory.dir/moc_rep_forum_module_replica.cpp.o
logos-forum_module-module-lib> [15/20] Linking CXX shared library modules/forum_module_replica_factory.dylib
logos-forum_module-module-lib> ld: warning: dylib (/nix/store/a9aq909fc6ymnawnk877qcs4gklzm1c1-qtbase-6.9.2/lib/QtNetwork.framework/Versions/A/QtNetwork) was built for newer macOS version (12.0) than being linked (11.3)
logos-forum_module-module-lib> ld: warning: dylib (/nix/store/a9aq909fc6ymnawnk877qcs4gklzm1c1-qtbase-6.9.2/lib/QtCore.framework/Versions/A/QtCore) was built for newer macOS version (12.0) than being linked (11.3)
logos-forum_module-module-lib> ld: warning: dylib (/nix/store/fn7iqppsl6z7ikbspxnjirwdz345w8mj-qtdeclarative-6.9.2/lib/QtQml.framework/Versions/A/QtQml) was built for newer macOS version (12.0) than being linked (11.3)
logos-forum_module-module-lib> ld: warning: dylib (/nix/store/a0z4ipq0hcakknsi5f1icgpdmch3simf-qtremoteobjects-6.9.2/lib/QtRemoteObjects.framework/Versions/A/QtRemoteObjects) was built for newer macOS version (12.0) than being linked (11.3)
logos-forum_module-module-lib> [16/20] Building CXX object CMakeFiles/forum_module_module_plugin.dir/generated_code/forum_module_ui_glue.cpp.o
logos-forum_module-module-lib> [17/20] Building CXX object CMakeFiles/forum_module_module_plugin.dir/src/forum_module_backend.cpp.o
logos-forum_module-module-lib> [18/20] Building CXX object CMakeFiles/forum_module_module_plugin.dir/generated_code/logos_sdk.cpp.o
logos-forum_module-module-lib> [19/20] Linking CXX shared library modules/forum_module_plugin.dylib
logos-forum_module-module-lib> ld: warning: dylib (/nix/store/a0z4ipq0hcakknsi5f1icgpdmch3simf-qtremoteobjects-6.9.2/lib/QtRemoteObjects.framework/Versions/A/QtRemoteObjects) was built for newer macOS version (12.0) than being linked (11.3)
logos-forum_module-module-lib> ld: warning: dylib (/nix/store/a9aq909fc6ymnawnk877qcs4gklzm1c1-qtbase-6.9.2/lib/QtNetwork.framework/Versions/A/QtNetwork) was built for newer macOS version (12.0) than being linked (11.3)
logos-forum_module-module-lib> ld: warning: dylib (/nix/store/a9aq909fc6ymnawnk877qcs4gklzm1c1-qtbase-6.9.2/lib/QtCore.framework/Versions/A/QtCore) was built for newer macOS version (12.0) than being linked (11.3)
logos-forum_module-module-lib> buildPhase completed in 8 minutes 37 seconds
logos-forum_module-module-lib> Running phase: glibPreInstallPhase
logos-forum_module-module-lib> Running phase: installPhase
logos-forum_module-module-lib> Copying replica factory plugin: forum_module_replica_factory.dylib
logos-forum_module-module-lib> Running phase: qtOwnPathsHook
logos-forum_module-module-lib> Running phase: fixupPhase
logos-forum_module-module-lib> checking for references to /nix/var/nix/builds/nix-56233-4123965776/ in /nix/store/yx8h38i5a8vj1hf1gr8ahb5fdl46fdb2-logos-forum_module-module-lib-0.1.0...
logos-forum_module-module-lib> patching script interpreter paths in /nix/store/yx8h38i5a8vj1hf1gr8ahb5fdl46fdb2-logos-forum_module-module-lib-0.1.0
logos-forum_module-module-lib> Running phase: postPatchMkspecs
building '/nix/store/ha9cjsv02mdb6kv7qhmsf5mqr1kkjbbp-logos-forum_module-module.drv'...
logos-forum_module-module> Normalized LIDL: /nix/var/nix/builds/nix-56233-4123965777/tmp.12Do869FOs
logos-forum_module-module> Installed canonical LIDL contract: delivery_module
logos-forum_module-module> Normalized LIDL: /nix/var/nix/builds/nix-56233-4123965777/tmp.Bl6xRDqili
logos-forum_module-module> Installed canonical LIDL contract: storage_module
logos-forum_module-module> Copied QML view directory from src/qml
logos-forum_module-module> Generated qmldir at qml/qmldir (module com.logos.module.forum_module)
building '/nix/store/fnwwmjsf797sa406ihm962d8lld6ha99-run-standalone.drv'...
building '/nix/store/rcpdkknn3jimmir3q8zdmm7dgy19gwvy-forum_module-integration-test.drv'...
forum_module-integration-test> Running integration tests: forum_module-integration-test (1 file(s), timeout: 120s per file)...
forum_module-integration-test> Running: ui-tests.mjs
forum_module-integration-test> file:///nix/store/6a5q3xyh4pl179sbr3wcgdvbr73wkcsn-ui-tests.mjs:384
forum_module-integration-test>     "root.relativeTime('7 Oct 2026, 11:59', " + now + ")": "just now",
forum_module-integration-test>                                               ^
forum_module-integration-test> 
forum_module-integration-test> SyntaxError: Unexpected token '+'
forum_module-integration-test>     at compileSourceTextModule (node:internal/modules/esm/utils:346:16)
forum_module-integration-test>     at ModuleLoader.moduleStrategy (node:internal/modules/esm/translators:107:18)
forum_module-integration-test>     at #translate (node:internal/modules/esm/loader:540:12)
forum_module-integration-test>     at ModuleLoader.loadAndTranslate (node:internal/modules/esm/loader:587:27)
forum_module-integration-test>     at async ModuleJob._link (node:internal/modules/esm/module_job:162:19)
forum_module-integration-test> 
forum_module-integration-test> Node.js v22.19.0
❌ path:<repo>#integration-test
error: Cannot build '/nix/store/rcpdkknn3jimmir3q8zdmm7dgy19gwvy-forum_module-integration-test.drv'.
       Reason: builder failed with exit code 1.
       Output paths:
         /nix/store/csx4nlnmg580240rz8skghfk9pz1hwaa-forum_module-integration-test
       Last 14 log lines:
       > Running integration tests: forum_module-integration-test (1 file(s), timeout: 120s per file)...
       > Running: ui-tests.mjs
       > file:///nix/store/6a5q3xyh4pl179sbr3wcgdvbr73wkcsn-ui-tests.mjs:384
       >     "root.relativeTime('7 Oct 2026, 11:59', " + now + ")": "just now",
       >                                               ^
       >
       > SyntaxError: Unexpected token '+'
       >     at compileSourceTextModule (node:internal/modules/esm/utils:346:16)
       >     at ModuleLoader.moduleStrategy (node:internal/modules/esm/translators:107:18)
       >     at #translate (node:internal/modules/esm/loader:540:12)
       >     at ModuleLoader.loadAndTranslate (node:internal/modules/esm/loader:587:27)
       >     at async ModuleJob._link (node:internal/modules/esm/module_job:162:19)
       >
       > Node.js v22.19.0
       For full logs, run:
         nix log /nix/store/rcpdkknn3jimmir3q8zdmm7dgy19gwvy-forum_module-integration-test.drv
FAIL ui (exit 1) — see <repo>/evidence/verify-runs/verify-ui-20261007-125033.log
