== verify: storage
{
  "status": "PASS",
  "phase": "save",
  "text": "TECHNICAL TEST DATA: storage snapshot check 2026-10-10T13:51:34Z",
  "timeline": [
    {
      "t_s": 1,
      "what": "connect clicked"
    },
    {
      "t_s": 16,
      "what": "transport ready"
    },
    {
      "t_s": 36,
      "what": "posted",
      "text": "TECHNICAL TEST DATA: storage snapshot check 2026-10-10T13:51:34Z (1/2)"
    },
    {
      "t_s": 39,
      "what": "posted",
      "text": "TECHNICAL TEST DATA: storage snapshot check 2026-10-10T13:51:34Z (2/2)"
    },
    {
      "t_s": 42,
      "what": "posts sent"
    },
    {
      "t_s": 42,
      "what": "save snapshot clicked"
    },
    {
      "t_s": 43,
      "what": "snapshot saved",
      "state": "saved 2 posts on Logos Storage (zDvZRwzkx2zSvxK5…) and announced it in this topic; this device serves the snapshot while Basecamp runs"
    },
    {
      "t_s": 44,
      "what": "announcement sent"
    }
  ],
  "archive_state": "saved 2 posts on Logos Storage (zDvZRwzkx2zSvxK5…) and announced it in this topic; this device serves the snapshot while Basecamp runs",
  "announcement": "Snapshot of this topic on Logos Storage: 2 post(s).\ncid: zDvZRwzkx2zSvxK5fKukt5H6mmMY554sRFAVJCpD5ApiuFoiNL9D\npeer: 16Uiu2HAmJXDvFhC6jzgEknBeGFd5C4SnhFb69HGDMDuXkk3zqNea\naddrs: /ip4/127.0.0.1/tcp/8571",
  "announcement_author": "id b400003aa8edf725",
  "thread": [
    "id 301bdd01507b0e82 [sent]: TECHNICAL TEST DATA: storage snapshot check 2026-10-10T13:51:34Z (1/2)",
    "id 374ca5a1c63805ae [sent]: TECHNICAL TEST DATA: storage snapshot check 2026-10-10T13:51:34Z (2/2)",
    "id b400003aa8edf725 [sent]: Snapshot of this topic on Logos Storage: 2 post(s).\ncid: zDvZRwzkx2zSvxK5fKukt5H6mmMY554sRFAVJCpD5ApiuFoiNL9D\npeer: 16Uiu2HAmJXDvFhC6jzgEknBeGFd5C4SnhFb69HGDMDuXkk3zqNea\naddrs: /ip4/127.0.0.1/tcp/8571"
  ]
}
{
  "status": "PASS",
  "phase": "restore",
  "text": "TECHNICAL TEST DATA: storage snapshot check 2026-10-10T13:51:34Z",
  "timeline": [
    {
      "t_s": 1,
      "what": "restore requested"
    },
    {
      "t_s": 56,
      "what": "restored",
      "state": "restored from Logos Storage (zDvZRwzkx2zSvxK5…): 2 new posts, 1 already here, 0 rejected by verification"
    }
  ],
  "connection": "offline",
  "initial_thread": [],
  "archive_state": "restored from Logos Storage (zDvZRwzkx2zSvxK5…): 2 new posts, 1 already here, 0 rejected by verification",
  "connection_after": "offline",
  "thread": [
    "id 301bdd01507b0e82 [received]: TECHNICAL TEST DATA: storage snapshot check 2026-10-10T13:51:34Z (1/2)",
    "id 374ca5a1c63805ae [received]: TECHNICAL TEST DATA: storage snapshot check 2026-10-10T13:51:34Z (2/2)"
  ]
}
{"status":"PASS","layer":"in-app-storage-loopback+delivery-logos.dev","evidence":"<repo>/evidence/m7-storage/snapshot-20261010-155134"}
<repo>/tools/m7_storage.sh: line 22: 96212 Terminated: 15          LOGOS_QML_HOT_RELOAD=0 FORUM_DB_PATH="$STATE/a-forum.db" FORUM_STORAGE_CONFIG="$STATE/a-storage.json" FORUM_ALLOW_PRIVATE_PEERS=1 QML_INSPECTOR_PORT=3768 "$UI_DEV" > "$EVID/a-app.log" 2>&1
<repo>/tools/m7_storage.sh: line 22: 98956 Terminated: 15          LOGOS_QML_HOT_RELOAD=0 FORUM_DB_PATH="$STATE/b-forum.db" FORUM_STORAGE_CONFIG="$STATE/b-storage.json" FORUM_ALLOW_PRIVATE_PEERS=1 QML_INSPECTOR_PORT=3769 "$UI_DEV" > "$EVID/b-app.log" 2>&1
cleanup verified: no storage-run processes remain
PASS storage
