== verify: package
warning: ignoring untrusted flake configuration setting 'extra-substituters'.
Pass '--accept-flake-config' to trust it
warning: ignoring untrusted flake configuration setting 'extra-trusted-public-keys'.
Pass '--accept-flake-config' to trust it
these 3 derivations will be built:
  /nix/store/5m0wyzjww46p41zhlm4j57cnmz6dndrl-logos-forum_module-module-lib-0.1.0.drv
  /nix/store/jpbq2cj9q1r1g70zb4l4zq6ngr6dppyi-logos-forum_module-module.drv
  /nix/store/sk0rbmqdfpqyv8627dj14b87x7p1z2hk-logos-forum_module-module-lgx-0.1.0.drv
building '/nix/store/5m0wyzjww46p41zhlm4j57cnmz6dndrl-logos-forum_module-module-lib-0.1.0.drv'...
building '/nix/store/jpbq2cj9q1r1g70zb4l4zq6ngr6dppyi-logos-forum_module-module.drv'...
building '/nix/store/sk0rbmqdfpqyv8627dj14b87x7p1z2hk-logos-forum_module-module-lgx-0.1.0.drv'...
warning: ignoring untrusted flake configuration setting 'extra-substituters'.
Pass '--accept-flake-config' to trust it
warning: ignoring untrusted flake configuration setting 'extra-trusted-public-keys'.
Pass '--accept-flake-config' to trust it
these 5 derivations will be built:
  /nix/store/f1awybl4zgkaffvlkaal31d8z7c0y58q-logos-forum_module-module-lib-0.1.0.drv
  /nix/store/3828ayizbqhvw1011b3ymvaijvfnbk6g-logos-forum_module-module.drv
  /nix/store/k7s2x01zzfid5j0w938c1wkcx85g7aq2-closure-info.drv
  /nix/store/kbshg0h683xll379g3xizczjj7sl179s-logos-forum_module-module-bundle-0.1.0.drv
  /nix/store/g7y495rz6n5wgx3zibqwc9vkspwfy34w-logos-forum_module-module-lgx-0.1.0.drv
building '/nix/store/f1awybl4zgkaffvlkaal31d8z7c0y58q-logos-forum_module-module-lib-0.1.0.drv'...
building '/nix/store/3828ayizbqhvw1011b3ymvaijvfnbk6g-logos-forum_module-module.drv'...
building '/nix/store/k7s2x01zzfid5j0w938c1wkcx85g7aq2-closure-info.drv'...
building '/nix/store/kbshg0h683xll379g3xizczjj7sl179s-logos-forum_module-module-bundle-0.1.0.drv'...
building '/nix/store/g7y495rz6n5wgx3zibqwc9vkspwfy34w-logos-forum_module-module-lgx-0.1.0.drv'...
PASS package
