== verify: package
warning: ignoring untrusted flake configuration setting 'extra-substituters'.
Pass '--accept-flake-config' to trust it
warning: ignoring untrusted flake configuration setting 'extra-trusted-public-keys'.
Pass '--accept-flake-config' to trust it
these 3 derivations will be built:
  /nix/store/xh8mrkywd37vdi99909shh0pk3w6ci2d-logos-forum_module-module-lib-0.1.0.drv
  /nix/store/r38w6ym18f5rspyly8800rhqbcaym8ry-logos-forum_module-module.drv
  /nix/store/0ci7q6bm6rs3xl884q49kjivxxas8rb0-logos-forum_module-module-lgx-0.1.0.drv
building '/nix/store/xh8mrkywd37vdi99909shh0pk3w6ci2d-logos-forum_module-module-lib-0.1.0.drv'...
building '/nix/store/r38w6ym18f5rspyly8800rhqbcaym8ry-logos-forum_module-module.drv'...
building '/nix/store/0ci7q6bm6rs3xl884q49kjivxxas8rb0-logos-forum_module-module-lgx-0.1.0.drv'...
warning: ignoring untrusted flake configuration setting 'extra-substituters'.
Pass '--accept-flake-config' to trust it
warning: ignoring untrusted flake configuration setting 'extra-trusted-public-keys'.
Pass '--accept-flake-config' to trust it
these 5 derivations will be built:
  /nix/store/2hq5sflvwzpqxa6ms1g4720v3fisn03b-logos-forum_module-module-lib-0.1.0.drv
  /nix/store/rb6qf085lpsz7mnspmxzkw2j5b5lkcqz-logos-forum_module-module.drv
  /nix/store/3j0cz5nlavgnl2azb2z8x1899avc8432-closure-info.drv
  /nix/store/mwv798x5jnp8gq97kk2hj9yg8px5dnjy-logos-forum_module-module-bundle-0.1.0.drv
  /nix/store/00xjvz7k6881s3cnibgc8fbgbj0wc7fc-logos-forum_module-module-lgx-0.1.0.drv
these 3 paths will be fetched (165.1 KiB download, 1.0 MiB unpacked):
  /nix/store/mnqfvgpmqx4jjyhpsxrscfxgh3fq3102-cctools-1010.6-dev
  /nix/store/y2f6yak1mppkfz0vbczard914xajb663-file-5.45-dev
  /nix/store/2gmh2mz52jbj4jizbkv8c3gxiyirgmck-sigtool-0.1.3
copying path '/nix/store/y2f6yak1mppkfz0vbczard914xajb663-file-5.45-dev' from 'https://cache.nixos.org'...
copying path '/nix/store/mnqfvgpmqx4jjyhpsxrscfxgh3fq3102-cctools-1010.6-dev' from 'https://cache.nixos.org'...
copying path '/nix/store/2gmh2mz52jbj4jizbkv8c3gxiyirgmck-sigtool-0.1.3' from 'https://cache.nixos.org'...
building '/nix/store/2hq5sflvwzpqxa6ms1g4720v3fisn03b-logos-forum_module-module-lib-0.1.0.drv'...
building '/nix/store/rb6qf085lpsz7mnspmxzkw2j5b5lkcqz-logos-forum_module-module.drv'...
building '/nix/store/3j0cz5nlavgnl2azb2z8x1899avc8432-closure-info.drv'...
building '/nix/store/mwv798x5jnp8gq97kk2hj9yg8px5dnjy-logos-forum_module-module-bundle-0.1.0.drv'...
building '/nix/store/00xjvz7k6881s3cnibgc8fbgbj0wc7fc-logos-forum_module-module-lgx-0.1.0.drv'...
PASS package
