== verify: ui
warning: ignoring untrusted flake configuration setting 'extra-substituters'.
Pass '--accept-flake-config' to trust it
warning: ignoring untrusted flake configuration setting 'extra-trusted-public-keys'.
Pass '--accept-flake-config' to trust it
waiting for another Nix process to finish fetching input 'github:NixOS/nixpkgs/535f3e6942cb1cead3929c604320d3db54b542b9?narHash=sha256-2v9lT4ya59Lh1FqPeLnz1MoX9y/wz2huqfe9RtQZITk%3D'...
these 36 derivations will be built:
  /nix/store/2gmksajhbbj379n6gf78hxy92456mjh6-logos-delivery_module-module-lib-metadata.json.drv
  /nix/store/9l2m8vwxi4l8i3mryxh182ifp94w64k1-logos-liblogos_rln_module-lidl.drv
  /nix/store/y4jsvadpjz8zkg45qp7zqsbd0lfwvycv-zerokit-2.0.2-vendor-staging.drv
  /nix/store/j6q84jjwc4lr0hczawyk6ykd2f5dz0zk-zerokit-2.0.2-vendor.drv
  /nix/store/2kkiny45kf57s823yhv423wc4pqdcmmk-rustc-1.93.1-aarch64-apple-darwin.tar.xz.drv
  /nix/store/afpxvrb37zxmq915b42zh0x1yca0d5w7-rustc-1.93.1-aarch64-apple-darwin.drv
  /nix/store/sma5y99fnajycp8c172qrh1xybxijp1r-clippy-1.93.1-aarch64-apple-darwin.tar.xz.drv
  /nix/store/av5agyr1ypvhv0q0s5kcs7v6r6jjmk22-clippy-preview-1.93.1-aarch64-apple-darwin.drv
  /nix/store/kwdmya2p3n0fd2q43x4cy04ipfxabacs-cargo-1.93.1-aarch64-apple-darwin.tar.xz.drv
  /nix/store/d65l3z1v5bvl0bdcp83m3nap1vaaz7iv-cargo-1.93.1-aarch64-apple-darwin.drv
  /nix/store/pq7jhcld1fkrbfg8axzlwimf1v80xxyq-rustfmt-1.93.1-aarch64-apple-darwin.tar.xz.drv
  /nix/store/lhs1jpb59mmm1vhz6cjdwhx1a3jjax59-rustfmt-preview-1.93.1-aarch64-apple-darwin.drv
  /nix/store/ldd0dn32h5xi7k0k44zihvjpykpvpy5y-rust-docs-1.93.1-aarch64-apple-darwin.tar.xz.drv
  /nix/store/lm5mpjz3r9qslpng2srhmzdgmpikgdf5-rust-docs-1.93.1-aarch64-apple-darwin.drv
  /nix/store/y623v6jgz71qbjgl76vyx4g0in888741-rust-std-1.93.1-aarch64-apple-darwin.tar.xz.drv
  /nix/store/qyjakaxgxa5dl5y0x2y66j8rmz6hg9vp-rust-std-1.93.1-aarch64-apple-darwin.drv
  /nix/store/qs6s3wczmmqlrmmh30lwlllw854jr36c-rust-default-1.93.1.drv
  /nix/store/hkj8i69b200scvw3fxb19p3xykkiv4y8-zerokit-2.0.2.drv
  /nix/store/15633b8zlm13ary65xhkka47hslg13ml-bearssl_pkey_decoder-d34aa46.drv
  /nix/store/383ig86k1xkqdv63wyddjksm2p3k0j48-nim-taskpools-7d96007.drv
  /nix/store/6bhkhfw2ynk9skvjrnymxphc3q54m8sy-nim-unittest2-26f2ef3.drv
  /nix/store/7bv3m87qzbg5vbs5bgpi5x6hz27kwvkf-nim-jwt-057ec95.drv
  /nix/store/fak347pknqcgrmywwwxrlhgrsyalfny5-nim-sqlite3-abi-9645cad.drv
  /nix/store/i783yipmkadrzl107n6lg429i9p10rfw-npeg-409f679.drv
  /nix/store/kns93vv9pmmvvf020jk45iq01235r8cm-nim-testutils-6ce5e5e.drv
  /nix/store/lh32w3l6rqx7238kw2wmjrpamfs060wv-nim-snappy-a99d113.drv
  /nix/store/xn3svg2ck8spq929vwz9m985kzmm77pp-nim-nat-traversal-83a4010.drv
  /nix/store/p4nv939h4vfllr83waw9c35ksp3yvps0-liblogosdelivery-dev.drv
  /nix/store/w894sk79fhc6m9wjkzsyqlqj3kh86dr3-logos-libp2p_module-lidl.drv
  /nix/store/8bd9b6wpmfh5d17jdkdqf3jn695gcpl0-logos-delivery_module-module-lib-0.3.2.drv
  /nix/store/0w52mxbpiv4vvykrnfvmnd6mm1pr686n-logos-delivery_module-module-lib-lgx-0.3.2.drv
  /nix/store/71bkh8rxx57z0zhma45y1aj60fsfr1gy-forum_module-integration-test-modules.drv
  /nix/store/hsgwk038x305v9jxq58xv0w29z29l3ks-logos-forum_module-module-lib-0.1.0.drv
  /nix/store/lh6j2n7rzb5jsyxyszck1m1yr1znr8sg-logos-forum_module-module.drv
  /nix/store/x24qp263f0lks353qb8px3iy5v4cfd6f-run-standalone.drv
  /nix/store/26jvraqqjkshinyrwqcq2k085wwqm5c2-forum_module-integration-test.drv
these 157 paths will be fetched (534.3 MiB download, 2.5 GiB unpacked):
  /nix/store/g009cya0g39rci33qfvc7gdwzby9qjq1-DarwinTools-1
  /nix/store/ml55k0lii1dc67zc6mikci6p576sxpav-adv_cmds-235-ps
  /nix/store/d8s89pc5y7r8l09pgz3s80s2igqga9ir-apple-sdk-14.4
  /nix/store/n30igbqsw0g8sa85rxh3v34cb1iybhxp-arm64-apple-darwin-nim-wrapper-2.2.4
  /nix/store/1bmj51zmkq1djr7r1cgczd22yrkk6xjs-auditable-cargo-1.91.1
  /nix/store/8gmij30qmmg3c9xp7b7yj502mh5krgv4-bash-interactive-5.3p3
  /nix/store/va40as738zn5palyyqljphzawh7cxc9b-bzip2-1.0.8
  /nix/store/av5ii8wayf26mrwyd51zbw3789qfkiy0-bzip2-1.0.8-bin
  /nix/store/l8vlnzzskhhx38sppxy0apnjd9wdc9dp-cargo-1.91.1
  /nix/store/mrax6y6y4i65vz375vk3k9fssm3maqgw-cargo-auditable-0.6.5
  /nix/store/3jrawp64nx4hzwwwbi4yfcz5vp021x1r-cargo-build-hook.sh
  /nix/store/3pl198lg2a7f00iydjsqi2abny8qs56a-cargo-check-hook.sh
  /nix/store/1v4rwym6layzqarl24zz8cxyiyayyq83-cargo-install-hook.sh
  /nix/store/jg5i60y1vh44blwym667xhdnyspbbkm3-cargo-setup-hook.sh
  /nix/store/qb7ziy9h6r7mfyj6z48cbad8fijkfai9-cctools-1010.6
  /nix/store/6gcsixsmd5yb6w4fsm2jwfr3s4sg2viq-cctools-1010.6-dev
  /nix/store/bgggpwyjwcfy2cgipr05jvjl62adan1j-cctools-1010.6-libtool
  /nix/store/277259z03b48wb164xxkaibrkvdps6n3-cctools-binutils-darwin-1010.6
  /nix/store/mm5pq99zspcampcn1iq8sqk2qzhj0qjx-cctools-binutils-darwin-wrapper-1010.6
  /nix/store/mmgq6hi7pv7xmk26va6mwpsbkqyxvzgw-cctools-binutils-darwin-wrapper-1010.6
  /nix/store/1b6qbcn7wbl8h8f889187dql113ng2dw-clang-21.1.7
  /nix/store/fzx4wahf8grdd5w60krxbcxlzpri8hlm-clang-21.1.7-lib
  /nix/store/wwvq9hk7mbr4d6gkxfcxgpcl4f58gvgv-clang-wrapper-21.1.7
  /nix/store/f05vi9a1dyq8xrczrsc52rb4j5zmx6dm-cmake-4.1.2
  /nix/store/jl0cl3qjk9x59cmi5vwibkz23b54l47s-compiler-rt-libc-21.1.7
  /nix/store/sxd77k9pdqsq5p9xi30y0gh7drg2pkrj-compiler-rt-libc-21.1.7-dev
  /nix/store/f0w2hnrsb4c5zqldk2vnh8m3fn2a1bmy-coreutils-9.8
  /nix/store/6a9cqidryp89ccgvx8rsxv8ddy2q50x0-cups-headers-2.4.19
  /nix/store/4z1w3rqia5n7kkzkrrjgwxn5284cx9d8-curl-8.20.0
  /nix/store/ajss1y0gm4yv38iyv91hh4x2kn1kgwhy-curl-8.20.0
  /nix/store/rkikksdb8b21cpr8fqi90xcbhdwp1anj-curl-8.20.0-bin
  /nix/store/ayhbxi69sdn58v6wcaqm3g516flyrl9s-curl-8.20.0-dev
  /nix/store/q27wlvsjq83qlsrsvmfwzpcpvg07igv6-curl-8.20.0-man
  /nix/store/qb699v8v0b1fx90m624nz4k61dkvhk4d-diffutils-3.12
  /nix/store/nyfw8jm667s7clqvv4619npqvqkf3lah-ed-1.22.2
  /nix/store/3rwp6nn5wr0byihjk7mnm0r7r94rw46x-expand-response-params
  /nix/store/842hig9sksz3jshdqv4h5pfdzs6khmgb-expand-response-params
  /nix/store/mmnhd9j0dhvkff294a4adzg1a5qdx8mb-expat-2.8.1
  /nix/store/rx528b0rygdmwjf48fxfz1k981b8373v-fetch-cargo-vendor-util
  /nix/store/bgniwl1nl58qwz6cgd3r5zyilr20m6l6-fetch-cargo-vendor-util-v2
  /nix/store/xrrw396w7in6mzwbvkzh2i2rbjzqzilj-file-5.45
  /nix/store/c7f47z7lh9np21r8sslxr9jjx8k7zy32-findutils-4.10.0
  /nix/store/a3jxs27j50x445r08cf0z7mcc37j3533-gawk-5.3.2
  /nix/store/0npvmgpgc0qnjhfwxgsdigpwpm1xlqan-gdbm-1.26-lib
  /nix/store/09lvdab6qif434wbjzz6wlcf6njp8m4h-git-2.51.2
  /nix/store/q348g27lnhdam5ssjzj3cklpffyqywr3-git-2.51.2-doc
  /nix/store/jjpmbgxj63k7c0szjcysajn0pg2xi3ba-git-minimal-2.51.2
  /nix/store/qgf8p12iwky3rwwkz0n8fb54ga324jw5-gmp-with-cxx-6.3.0
  /nix/store/c21haj428ka99z2sbchvxkyppvqjcxw8-gnu-config-2024-01-01
  /nix/store/rax5h8az5cdn4dhz5k26vkm9qpif85v5-gnugrep-3.12
  /nix/store/x0cncwr8gd54wimcxz41ivig86kvk965-gnumake-4.4.1
  /nix/store/z5i75mxray6m2rxda7yx7pd08iyiv7p3-gnused-4.9
  /nix/store/hlg3zlwh7vvrgnrjpxlgpl96dqsfbm9s-gnutar-1.35
  /nix/store/l3415alfxpbxzkj24szsp50iir7lhj5n-ld64-954.16
  /nix/store/qy50zs8mh5db4f3m47jp7171z5d4gzhs-ld64-954.16-lib
  /nix/store/89rypid04xfcjjds6j6r59jhk0ghncis-libSystem-B
  /nix/store/wr64dqqgk3zhmmbd49ivm8ymb8mlvmh4-libarchive-3.8.7-lib
  /nix/store/zi21q1hkjfkffmg7l75krfmy6h3lbgjb-libcxx-19.1.2+apple-sdk-15.5
  /nix/store/wd3kmw9pfqwzcnw6yhybw6b1yan3f8pb-libffi-40
  /nix/store/yc0qd0dnkicv1vpnhha8s48p1ngb2a7d-libiconv-109.100.2-dev
  /nix/store/7w22gm50cyvb0scyvxx36l821z19m7d4-libresolv-91-dev
  /nix/store/kfdcw97szdcn59fh2q3kfw8vkvc4wf32-libsbuf-14.1.0
  /nix/store/x87jvscwr9q3lkqf87mcrh4gyyawbfwm-libsbuf-14.1.0-dev
  /nix/store/6453s9bq0ghr77sd9yachagz5vgbv71y-libssh2-1.11.1
  /nix/store/gzs8lg91mbxh54bdjg00n3nljh7bb97x-libssh2-1.11.1-dev
  /nix/store/6na3rg90p3h2f4paq8bxy9mysxg2lwn6-libutil-72
  /nix/store/dskbj95yg7q8fmvx5nsn22n7qbjdrjja-libuv-1.51.0
  /nix/store/dg18kxmygml6k4xp3cf1gdkiqjz3clal-libxcrypt-4.5.2
  /nix/store/d144gw3s9b825pd774hhxizyasl3s09j-libxml2-2.15.1
  /nix/store/7s8xqarwfvr65s396y9qfzw59p8n9d7f-llvm-21.1.7
  /nix/store/7bjc23vr49hr315qyi8q1xbb103jblkq-llvm-21.1.7-lib
  /nix/store/nar3jd27rwr4zxyr6gwlx0wwi3chlxla-lndir-1.0.5
  /nix/store/4ca5zyxy9lw0kcws0syqw9v6z9h864zq-locale-118
  /nix/store/7zdm27hnm0a4pmrwc1n62kf555dbpkkc-mailcap-2.1.54
  /nix/store/27gx9vka03fsb1vyf4xrwrlxdszsmpdw-mirrors-list
  /nix/store/j4dk915dxnn1gygfg2n9xi805b7nwflx-mpdecimal-4.0.1
  /nix/store/fjj5r4w7brk4jshva6l7yanj929wrb6m-ncurses-6.5
  /nix/store/l7c9mqbifs5r4naqa76qlpkwkr6glkkg-ncurses-6.5-dev
  /nix/store/bc3dajxqn8bhf0dq7rna8z528ds5pdxy-ncurses-6.5-man
  /nix/store/vq75k8k1wcczj86bq9sg8j1qxwxpr38s-nghttp2-1.68.1
  /nix/store/l5nk3mfni71a5krrvvswr7djykfz5h18-nghttp2-1.68.1-dev
  /nix/store/2rbnq0kjhq6kdhmfh0cq4v3hfykgrvbm-nghttp2-1.68.1-lib
  /nix/store/6cjkawyw19khy8c3d5010blvl1fhg04p-nix-prefetch-git
  /nix/store/2haz1qvxgshwfnf34ds3ldhrw1fr19xl-nodejs-22.19.0-dev
  /nix/store/xgjp5yg6q98q5gj267ipv9r7qnwzk0a2-nss-cacert-3.123
  /nix/store/l5vnkkyd91779m3xpm47xv9nydlkgnm6-openpam-20230627
  /nix/store/f6lwfkwg3lz0qill0zn1s7gpidjaarhp-openssl-3.6.2
  /nix/store/d3aahbwnc0dbb1h91cqi2rg1hs5qd8zl-openssl-3.6.2-bin
  /nix/store/r5qn40shnry7nlhkppgsfs98719vcx6g-openssl-3.6.2-dev
  /nix/store/pbrvq8dgqlfgp3hp6pxpk51880iplrvc-patch-2.8
  /nix/store/1h0q25p3rjdv6nxgh2zv1x89zlnhln9n-pcre2-10.46
  /nix/store/iqs14ma59b30s5gd7z4ach4xwdv8bm9z-perl-5.40.0
  /nix/store/ily47790zd35g65xfhj70zvhkq638xw8-perl5.40.0-Authen-SASL-2.1900
  /nix/store/y1c25drzkf0yyzmimvva34lsiy163hdf-perl5.40.0-CGI-4.59
  /nix/store/kbz4nqsbgzaf5nxfk8s7i7cal16lwykq-perl5.40.0-CGI-Fast-2.16
  /nix/store/7knpmvvfk1mv79pxs24nsmjmj8yp5590-perl5.40.0-Clone-0.46
  /nix/store/i31bl1kwdhx6pnzmpqrq24my5iadgyz4-perl5.40.0-Crypt-URandom-0.55
  /nix/store/nidrp73qjw418dq4mxs2x8wxgvk75qha-perl5.40.0-Digest-HMAC-1.05
  /nix/store/5blvxwfdpzbi8v31s8bhbvf37nha2m51-perl5.40.0-Encode-Locale-1.05
  /nix/store/300anf7ay6a2qf3qdz5mn3g1x4frf816-perl5.40.0-FCGI-0.82
  /nix/store/q3fxngl2jvldpjzmgdw4vnpphlrgnj0y-perl5.40.0-FCGI-ProcManager-0.28
  /nix/store/2hn0yx2r33ms7wja9pb6m1kkjwc4ks09-perl5.40.0-File-Listing-6.16
  /nix/store/ymr1khlh4gg815s24yhdwk6hznq7w6j5-perl5.40.0-HTML-Parser-3.81
  /nix/store/bxywir47d2hfp2vgccz2qyqdi19jaa60-perl5.40.0-HTML-TagCloud-0.38
  /nix/store/4zp3lalk9jsy2g67xfy0jwv4zsgaaygj-perl5.40.0-HTML-Tagset-3.20
  /nix/store/gck684hmyhj5gikmzn79gybkfx9j4l55-perl5.40.0-HTTP-CookieJar-0.014
  /nix/store/p3rav1zxv88j1kljg4v2xh8yfjb3ciwh-perl5.40.0-HTTP-Cookies-6.10
  /nix/store/30b8xvmbspd8y2wsssg1zajn47wh23ri-perl5.40.0-HTTP-Date-6.06
  /nix/store/7ahkix2bcryi48gq57f35zczg3ayjlf9-perl5.40.0-HTTP-Message-6.45
  /nix/store/gi1m5hrl7y1bvl9fbafymypc4lmsabp0-perl5.40.0-HTTP-Negotiate-6.01
  /nix/store/jlnxl1i9jiad859inxf3y5sc5s7w5lnk-perl5.40.0-IO-HTML-1.004
  /nix/store/nzmsgdkdgibac1dhfy19yqab3j7073dh-perl5.40.0-IO-Socket-SSL-2.083
  /nix/store/c3zw9q6a0q5k7dkf6xfha8wmkl83vgdd-perl5.40.0-LWP-MediaTypes-6.04
  /nix/store/44lwqkrr77kmxis74gfbb9s64x1rpmb2-perl5.40.0-Mozilla-CA-20230821
  /nix/store/i0z4javqf5h5jqwllmx8rwf4mnxgvzfl-perl5.40.0-Net-HTTP-6.23
  /nix/store/qqapfs854qjd2h0pxc31mwii5qnhhbah-perl5.40.0-Net-SMTP-SSL-1.04
  /nix/store/c3j0zhb1i8h28xcwqma6lf7hrc5fgyxm-perl5.40.0-Net-SSLeay-1.92
  /nix/store/qdm79k5p78yc0dv1n08q563kkbzd64a9-perl5.40.0-TermReadKey-2.38
  /nix/store/wiqy0kh7jr03hx9ih3yfcnfdxqb188fy-perl5.40.0-TimeDate-2.33
  /nix/store/xnfci1g1axzrvnfmbf9bad626zqnwk86-perl5.40.0-Try-Tiny-0.31
  /nix/store/njzwa63slrk74xgbix8a0rccdysvxrgv-perl5.40.0-URI-5.21
  /nix/store/la6442bpi8i1y5ix8l8sxv0xabkqhh69-perl5.40.0-WWW-RobotRules-6.02
  /nix/store/y2xrxpiyllwms46irr84czp3zz79x0jn-perl5.40.0-libnet-3.15
  /nix/store/qrlx19z4id0wmhpsh8xc9bk4yba69s5b-perl5.40.0-libwww-perl-6.72
  /nix/store/1gb4ixgm23ckqdkjbn1lzqbwfmiw6r26-ps-adv_cmds-235
  /nix/store/fcdrgksa8p21ykm55jm2jng8pyzdb4m3-python3-3.13.12
  /nix/store/6v8n5wxdz09q5q8hildck0w1m048298j-python3-3.13.12-env
  /nix/store/qkmarfvg5q4sx0krdi0m2aihv52lyk14-python3-3.13.12-env
  /nix/store/zrsca2mhjzfjs6diyaazg3qlpbf9z3lf-python3.13-certifi-2025.07.14
  /nix/store/q8m0slnm3q9l6sj1401xr401rnpjpxla-python3.13-charset-normalizer-3.4.3
  /nix/store/0hyw3gdrd5wa117hpvhn7h067xy4vg63-python3.13-idna-3.11
  /nix/store/v1ribxk2bn8gqyypamagcf9g7dd4idi1-python3.13-pysocks-1.7.1
  /nix/store/bzqlvix16gadx4vcji7csg9z9rkjvjpi-python3.13-requests-2.33.1
  /nix/store/nwhzxrvdvs31pgpk204y8n7n76gkipmd-python3.13-tomli-2.2.1
  /nix/store/3x4p6jglr8p3a75aq2xh1hg4lhmx13x9-python3.13-tomli-w-1.2.0
  /nix/store/6xffyfhsi3sys7xkayrp5m4pxpffdkgx-python3.13-urllib3-2.5.0
  /nix/store/j2nmda6miczaq20ym9jcpc09bsl4mwrm-readline-8.3p1
  /nix/store/1vgwjrqdbp3mxh9l6rplfwzxbb7shzv2-replace-workspace-values
  /nix/store/dvl3iif1v9ggnh2x677qc40d7n5s0r68-rhash-1.4.4
  /nix/store/xazrr1400a7m0vcmwbv3m6x2x6wbfzz4-rustc-1.91.1
  /nix/store/r88crg75r1my6q11nbiagpvpl512k8sp-rustc-wrapper-1.91.1
  /nix/store/z8sqagrqmbbzlyailicr19ljrr7gs4g4-sqlite-3.50.4
  /nix/store/0pz0z0r8mida69d5203cawhsa9f8bysl-stdenv-darwin
  /nix/store/p165ii2jfq3iymfrvy1acrmm4y3jhnc2-stdenv-darwin
  /nix/store/733a83654jp7idqgblqpi71nxazmj38x-sysctl-system_cmds-1026.140.2
  /nix/store/k5hf91gagnlv8jzdm6z0rdlqy3sqy43a-system_cmds-1026.140.2
  /nix/store/k70598q817xab2609im2pnn5lrjfqvc6-tinycbor-0.6.1
  /nix/store/nbm6d5bfdl0k814jx82lc6rhwn9d41wf-tzdata-2026b
  /nix/store/9jfbyf5pd7ddm64rnd3w0ar3zrkiilzx-update-autotools-gnu-config-scripts-hook
  /nix/store/lac3996l7i3as1zxbsg69q28xcr92k8h-which-2.23
  /nix/store/4j29w84ylxp3yizs95jwzgrg9dq0fd57-xar-minimal-501-lib
  /nix/store/7jdsgmzjpckm7z16rr3i8bp8xbqrv0wn-xcbuild-0.1.1-unstable-2019-11-20
  /nix/store/l6fdqnjhqs2fpqinf6b0nd9s7jq5vsp4-xcbuild-0.1.1-unstable-2019-11-20-xcrun
  /nix/store/a3lrk1k9zvzqwgvbk9gh8466ccaypfkm-xz-5.8.3
  /nix/store/fcx7vjxlz8nml28wk0ljq5f79i5j0yq8-xz-5.8.3-bin
  /nix/store/pdpr3xqvawq337q1wdby94cp25422r7w-zlib-1.3.2-dev
  /nix/store/6h5dpz6j9kfjs16drg6zrcbl1j5kfkky-zlib-ng-2.2.5
copying path '/nix/store/2haz1qvxgshwfnf34ds3ldhrw1fr19xl-nodejs-22.19.0-dev' from 'https://cache.nixos.org'...
building '/nix/store/2gmksajhbbj379n6gf78hxy92456mjh6-logos-delivery_module-module-lib-metadata.json.drv'...
copying path '/nix/store/1v4rwym6layzqarl24zz8cxyiyayyq83-cargo-install-hook.sh' from 'https://cache.nixos.org'...
copying path '/nix/store/k70598q817xab2609im2pnn5lrjfqvc6-tinycbor-0.6.1' from 'https://cache.nixos.org'...
copying path '/nix/store/lac3996l7i3as1zxbsg69q28xcr92k8h-which-2.23' from 'https://cache.nixos.org'...
copying path '/nix/store/g009cya0g39rci33qfvc7gdwzby9qjq1-DarwinTools-1' from 'https://cache.nixos.org'...
copying path '/nix/store/mmnhd9j0dhvkff294a4adzg1a5qdx8mb-expat-2.8.1' from 'https://cache.nixos.org'...
copying path '/nix/store/a3jxs27j50x445r08cf0z7mcc37j3533-gawk-5.3.2' from 'https://cache.nixos.org'...
copying path '/nix/store/q348g27lnhdam5ssjzj3cklpffyqywr3-git-2.51.2-doc' from 'https://cache.nixos.org'...
copying path '/nix/store/z5i75mxray6m2rxda7yx7pd08iyiv7p3-gnused-4.9' from 'https://cache.nixos.org'...
copying path '/nix/store/89rypid04xfcjjds6j6r59jhk0ghncis-libSystem-B' from 'https://cache.nixos.org'...
copying path '/nix/store/dskbj95yg7q8fmvx5nsn22n7qbjdrjja-libuv-1.51.0' from 'https://cache.nixos.org'...
copying path '/nix/store/4ca5zyxy9lw0kcws0syqw9v6z9h864zq-locale-118' from 'https://cache.nixos.org'...
copying path '/nix/store/1h0q25p3rjdv6nxgh2zv1x89zlnhln9n-pcre2-10.46' from 'https://install.determinate.systems'...
copying path '/nix/store/nidrp73qjw418dq4mxs2x8wxgvk75qha-perl5.40.0-Digest-HMAC-1.05' from 'https://cache.nixos.org'...
copying path '/nix/store/300anf7ay6a2qf3qdz5mn3g1x4frf816-perl5.40.0-FCGI-0.82' from 'https://cache.nixos.org'...
copying path '/nix/store/q3fxngl2jvldpjzmgdw4vnpphlrgnj0y-perl5.40.0-FCGI-ProcManager-0.28' from 'https://cache.nixos.org'...
building '/nix/store/w894sk79fhc6m9wjkzsyqlqj3kh86dr3-logos-libp2p_module-lidl.drv'...
copying path '/nix/store/ml55k0lii1dc67zc6mikci6p576sxpav-adv_cmds-235-ps' from 'https://cache.nixos.org'...
copying path '/nix/store/va40as738zn5palyyqljphzawh7cxc9b-bzip2-1.0.8' from 'https://install.determinate.systems'...
logos-libp2p_module-lidl> Generated LIDL: /nix/store/4rhk4v3xh9c0pic5vl0fsribh28l0wv6-logos-libp2p_module-lidl/libp2p_module.lidl (62 methods, 0 events)
copying path '/nix/store/mrax6y6y4i65vz375vk3k9fssm3maqgw-cargo-auditable-0.6.5' from 'https://cache.nixos.org'...
copying path '/nix/store/jl0cl3qjk9x59cmi5vwibkz23b54l47s-compiler-rt-libc-21.1.7' from 'https://install.determinate.systems'...
copying path '/nix/store/6a9cqidryp89ccgvx8rsxv8ddy2q50x0-cups-headers-2.4.19' from 'https://cache.nixos.org'...
copying path '/nix/store/av5ii8wayf26mrwyd51zbw3789qfkiy0-bzip2-1.0.8-bin' from 'https://cache.nixos.org'...
copying path '/nix/store/4z1w3rqia5n7kkzkrrjgwxn5284cx9d8-curl-8.20.0' from 'https://cache.nixos.org'...
copying path '/nix/store/q27wlvsjq83qlsrsvmfwzpcpvg07igv6-curl-8.20.0-man' from 'https://cache.nixos.org'...
copying path '/nix/store/nyfw8jm667s7clqvv4619npqvqkf3lah-ed-1.22.2' from 'https://cache.nixos.org'...
copying path '/nix/store/3rwp6nn5wr0byihjk7mnm0r7r94rw46x-expand-response-params' from 'https://cache.nixos.org'...
copying path '/nix/store/842hig9sksz3jshdqv4h5pfdzs6khmgb-expand-response-params' from 'https://cache.nixos.org'...
copying path '/nix/store/xrrw396w7in6mzwbvkzh2i2rbjzqzilj-file-5.45' from 'https://cache.nixos.org'...
copying path '/nix/store/0npvmgpgc0qnjhfwxgsdigpwpm1xlqan-gdbm-1.26-lib' from 'https://cache.nixos.org'...
copying path '/nix/store/qgf8p12iwky3rwwkz0n8fb54ga324jw5-gmp-with-cxx-6.3.0' from 'https://install.determinate.systems'...
copying path '/nix/store/c21haj428ka99z2sbchvxkyppvqjcxw8-gnu-config-2024-01-01' from 'https://cache.nixos.org'...
copying path '/nix/store/sxd77k9pdqsq5p9xi30y0gh7drg2pkrj-compiler-rt-libc-21.1.7-dev' from 'https://install.determinate.systems'...
copying path '/nix/store/rax5h8az5cdn4dhz5k26vkm9qpif85v5-gnugrep-3.12' from 'https://cache.nixos.org'...
copying path '/nix/store/f0w2hnrsb4c5zqldk2vnh8m3fn2a1bmy-coreutils-9.8' from 'https://install.determinate.systems'...
copying path '/nix/store/x0cncwr8gd54wimcxz41ivig86kvk965-gnumake-4.4.1' from 'https://cache.nixos.org'...
copying path '/nix/store/hlg3zlwh7vvrgnrjpxlgpl96dqsfbm9s-gnutar-1.35' from 'https://cache.nixos.org'...
copying path '/nix/store/qy50zs8mh5db4f3m47jp7171z5d4gzhs-ld64-954.16-lib' from 'https://cache.nixos.org'...
copying path '/nix/store/zi21q1hkjfkffmg7l75krfmy6h3lbgjb-libcxx-19.1.2+apple-sdk-15.5' from 'https://install.determinate.systems'...
copying path '/nix/store/wd3kmw9pfqwzcnw6yhybw6b1yan3f8pb-libffi-40' from 'https://cache.nixos.org'...
copying path '/nix/store/qb699v8v0b1fx90m624nz4k61dkvhk4d-diffutils-3.12' from 'https://cache.nixos.org'...
copying path '/nix/store/c7f47z7lh9np21r8sslxr9jjx8k7zy32-findutils-4.10.0' from 'https://cache.nixos.org'...
copying path '/nix/store/yc0qd0dnkicv1vpnhha8s48p1ngb2a7d-libiconv-109.100.2-dev' from 'https://install.determinate.systems'...
copying path '/nix/store/7w22gm50cyvb0scyvxx36l821z19m7d4-libresolv-91-dev' from 'https://install.determinate.systems'...
copying path '/nix/store/kfdcw97szdcn59fh2q3kfw8vkvc4wf32-libsbuf-14.1.0' from 'https://install.determinate.systems'...
copying path '/nix/store/6na3rg90p3h2f4paq8bxy9mysxg2lwn6-libutil-72' from 'https://cache.nixos.org'...
copying path '/nix/store/dg18kxmygml6k4xp3cf1gdkiqjz3clal-libxcrypt-4.5.2' from 'https://install.determinate.systems'...
copying path '/nix/store/x87jvscwr9q3lkqf87mcrh4gyyawbfwm-libsbuf-14.1.0-dev' from 'https://install.determinate.systems'...
copying path '/nix/store/d144gw3s9b825pd774hhxizyasl3s09j-libxml2-2.15.1' from 'https://install.determinate.systems'...
copying path '/nix/store/nar3jd27rwr4zxyr6gwlx0wwi3chlxla-lndir-1.0.5' from 'https://cache.nixos.org'...
copying path '/nix/store/7zdm27hnm0a4pmrwc1n62kf555dbpkkc-mailcap-2.1.54' from 'https://cache.nixos.org'...
copying path '/nix/store/27gx9vka03fsb1vyf4xrwrlxdszsmpdw-mirrors-list' from 'https://cache.nixos.org'...
copying path '/nix/store/j4dk915dxnn1gygfg2n9xi805b7nwflx-mpdecimal-4.0.1' from 'https://cache.nixos.org'...
copying path '/nix/store/fjj5r4w7brk4jshva6l7yanj929wrb6m-ncurses-6.5' from 'https://cache.nixos.org'...
copying path '/nix/store/bc3dajxqn8bhf0dq7rna8z528ds5pdxy-ncurses-6.5-man' from 'https://cache.nixos.org'...
copying path '/nix/store/vq75k8k1wcczj86bq9sg8j1qxwxpr38s-nghttp2-1.68.1' from 'https://cache.nixos.org'...
copying path '/nix/store/7bjc23vr49hr315qyi8q1xbb103jblkq-llvm-21.1.7-lib' from 'https://cache.nixos.org'...
copying path '/nix/store/2rbnq0kjhq6kdhmfh0cq4v3hfykgrvbm-nghttp2-1.68.1-lib' from 'https://cache.nixos.org'...
copying path '/nix/store/xgjp5yg6q98q5gj267ipv9r7qnwzk0a2-nss-cacert-3.123' from 'https://cache.nixos.org'...
copying path '/nix/store/l5vnkkyd91779m3xpm47xv9nydlkgnm6-openpam-20230627' from 'https://cache.nixos.org'...
copying path '/nix/store/f6lwfkwg3lz0qill0zn1s7gpidjaarhp-openssl-3.6.2' from 'https://cache.nixos.org'...
copying path '/nix/store/pbrvq8dgqlfgp3hp6pxpk51880iplrvc-patch-2.8' from 'https://cache.nixos.org'...
copying path '/nix/store/l5nk3mfni71a5krrvvswr7djykfz5h18-nghttp2-1.68.1-dev' from 'https://cache.nixos.org'...
copying path '/nix/store/iqs14ma59b30s5gd7z4ach4xwdv8bm9z-perl-5.40.0' from 'https://install.determinate.systems'...
copying path '/nix/store/7knpmvvfk1mv79pxs24nsmjmj8yp5590-perl5.40.0-Clone-0.46' from 'https://cache.nixos.org'...
copying path '/nix/store/i31bl1kwdhx6pnzmpqrq24my5iadgyz4-perl5.40.0-Crypt-URandom-0.55' from 'https://cache.nixos.org'...
copying path '/nix/store/5blvxwfdpzbi8v31s8bhbvf37nha2m51-perl5.40.0-Encode-Locale-1.05' from 'https://cache.nixos.org'...
copying path '/nix/store/ily47790zd35g65xfhj70zvhkq638xw8-perl5.40.0-Authen-SASL-2.1900' from 'https://cache.nixos.org'...
copying path '/nix/store/bxywir47d2hfp2vgccz2qyqdi19jaa60-perl5.40.0-HTML-TagCloud-0.38' from 'https://cache.nixos.org'...
copying path '/nix/store/4zp3lalk9jsy2g67xfy0jwv4zsgaaygj-perl5.40.0-HTML-Tagset-3.20' from 'https://cache.nixos.org'...
copying path '/nix/store/jlnxl1i9jiad859inxf3y5sc5s7w5lnk-perl5.40.0-IO-HTML-1.004' from 'https://cache.nixos.org'...
copying path '/nix/store/c3zw9q6a0q5k7dkf6xfha8wmkl83vgdd-perl5.40.0-LWP-MediaTypes-6.04' from 'https://cache.nixos.org'...
copying path '/nix/store/44lwqkrr77kmxis74gfbb9s64x1rpmb2-perl5.40.0-Mozilla-CA-20230821' from 'https://cache.nixos.org'...
copying path '/nix/store/c3j0zhb1i8h28xcwqma6lf7hrc5fgyxm-perl5.40.0-Net-SSLeay-1.92' from 'https://cache.nixos.org'...
copying path '/nix/store/qdm79k5p78yc0dv1n08q563kkbzd64a9-perl5.40.0-TermReadKey-2.38' from 'https://cache.nixos.org'...
copying path '/nix/store/wiqy0kh7jr03hx9ih3yfcnfdxqb188fy-perl5.40.0-TimeDate-2.33' from 'https://cache.nixos.org'...
copying path '/nix/store/xnfci1g1axzrvnfmbf9bad626zqnwk86-perl5.40.0-Try-Tiny-0.31' from 'https://cache.nixos.org'...
copying path '/nix/store/30b8xvmbspd8y2wsssg1zajn47wh23ri-perl5.40.0-HTTP-Date-6.06' from 'https://cache.nixos.org'...
copying path '/nix/store/njzwa63slrk74xgbix8a0rccdysvxrgv-perl5.40.0-URI-5.21' from 'https://cache.nixos.org'...
copying path '/nix/store/y2xrxpiyllwms46irr84czp3zz79x0jn-perl5.40.0-libnet-3.15' from 'https://cache.nixos.org'...
copying path '/nix/store/2hn0yx2r33ms7wja9pb6m1kkjwc4ks09-perl5.40.0-File-Listing-6.16' from 'https://cache.nixos.org'...
copying path '/nix/store/gck684hmyhj5gikmzn79gybkfx9j4l55-perl5.40.0-HTTP-CookieJar-0.014' from 'https://cache.nixos.org'...
copying path '/nix/store/1gb4ixgm23ckqdkjbn1lzqbwfmiw6r26-ps-adv_cmds-235' from 'https://cache.nixos.org'...
copying path '/nix/store/dvl3iif1v9ggnh2x677qc40d7n5s0r68-rhash-1.4.4' from 'https://cache.nixos.org'...
copying path '/nix/store/z8sqagrqmbbzlyailicr19ljrr7gs4g4-sqlite-3.50.4' from 'https://install.determinate.systems'...
copying path '/nix/store/7ahkix2bcryi48gq57f35zczg3ayjlf9-perl5.40.0-HTTP-Message-6.45' from 'https://cache.nixos.org'...
copying path '/nix/store/i0z4javqf5h5jqwllmx8rwf4mnxgvzfl-perl5.40.0-Net-HTTP-6.23' from 'https://cache.nixos.org'...
copying path '/nix/store/la6442bpi8i1y5ix8l8sxv0xabkqhh69-perl5.40.0-WWW-RobotRules-6.02' from 'https://cache.nixos.org'...
copying path '/nix/store/nbm6d5bfdl0k814jx82lc6rhwn9d41wf-tzdata-2026b' from 'https://cache.nixos.org'...
copying path '/nix/store/9jfbyf5pd7ddm64rnd3w0ar3zrkiilzx-update-autotools-gnu-config-scripts-hook' from 'https://cache.nixos.org'...
copying path '/nix/store/ymr1khlh4gg815s24yhdwk6hznq7w6j5-perl5.40.0-HTML-Parser-3.81' from 'https://cache.nixos.org'...
copying path '/nix/store/p3rav1zxv88j1kljg4v2xh8yfjb3ciwh-perl5.40.0-HTTP-Cookies-6.10' from 'https://cache.nixos.org'...
copying path '/nix/store/y1c25drzkf0yyzmimvva34lsiy163hdf-perl5.40.0-CGI-4.59' from 'https://cache.nixos.org'...
copying path '/nix/store/gi1m5hrl7y1bvl9fbafymypc4lmsabp0-perl5.40.0-HTTP-Negotiate-6.01' from 'https://cache.nixos.org'...
copying path '/nix/store/7jdsgmzjpckm7z16rr3i8bp8xbqrv0wn-xcbuild-0.1.1-unstable-2019-11-20' from 'https://cache.nixos.org'...
copying path '/nix/store/a3lrk1k9zvzqwgvbk9gh8466ccaypfkm-xz-5.8.3' from 'https://install.determinate.systems'...
copying path '/nix/store/pdpr3xqvawq337q1wdby94cp25422r7w-zlib-1.3.2-dev' from 'https://cache.nixos.org'...
copying path '/nix/store/kbz4nqsbgzaf5nxfk8s7i7cal16lwykq-perl5.40.0-CGI-Fast-2.16' from 'https://cache.nixos.org'...
copying path '/nix/store/6h5dpz6j9kfjs16drg6zrcbl1j5kfkky-zlib-ng-2.2.5' from 'https://cache.nixos.org'...
copying path '/nix/store/nzmsgdkdgibac1dhfy19yqab3j7073dh-perl5.40.0-IO-Socket-SSL-2.083' from 'https://cache.nixos.org'...
copying path '/nix/store/wr64dqqgk3zhmmbd49ivm8ymb8mlvmh4-libarchive-3.8.7-lib' from 'https://install.determinate.systems'...
copying path '/nix/store/fcx7vjxlz8nml28wk0ljq5f79i5j0yq8-xz-5.8.3-bin' from 'https://cache.nixos.org'...
copying path '/nix/store/4j29w84ylxp3yizs95jwzgrg9dq0fd57-xar-minimal-501-lib' from 'https://cache.nixos.org'...
copying path '/nix/store/p165ii2jfq3iymfrvy1acrmm4y3jhnc2-stdenv-darwin' from 'https://cache.nixos.org'...
copying path '/nix/store/qqapfs854qjd2h0pxc31mwii5qnhhbah-perl5.40.0-Net-SMTP-SSL-1.04' from 'https://cache.nixos.org'...
copying path '/nix/store/l7c9mqbifs5r4naqa76qlpkwkr6glkkg-ncurses-6.5-dev' from 'https://cache.nixos.org'...
copying path '/nix/store/j2nmda6miczaq20ym9jcpc09bsl4mwrm-readline-8.3p1' from 'https://cache.nixos.org'...
copying path '/nix/store/k5hf91gagnlv8jzdm6z0rdlqy3sqy43a-system_cmds-1026.140.2' from 'https://cache.nixos.org'...
copying path '/nix/store/8gmij30qmmg3c9xp7b7yj502mh5krgv4-bash-interactive-5.3p3' from 'https://cache.nixos.org'...
copying path '/nix/store/733a83654jp7idqgblqpi71nxazmj38x-sysctl-system_cmds-1026.140.2' from 'https://cache.nixos.org'...
copying path '/nix/store/f05vi9a1dyq8xrczrsc52rb4j5zmx6dm-cmake-4.1.2' from 'https://cache.nixos.org'...
copying path '/nix/store/l6fdqnjhqs2fpqinf6b0nd9s7jq5vsp4-xcbuild-0.1.1-unstable-2019-11-20-xcrun' from 'https://cache.nixos.org'...
copying path '/nix/store/qrlx19z4id0wmhpsh8xc9bk4yba69s5b-perl5.40.0-libwww-perl-6.72' from 'https://cache.nixos.org'...
error: interrupted by the user
FAIL ui (exit 1) — see <repo>/evidence/verify-runs/verify-ui-20261008-163352.log
