== verify: history
{
  "status": "PASS",
  "phase": "post",
  "text": "TECHNICAL TEST DATA: offline-reader history check 2026-10-10T13:49:36Z",
  "timeline": [
    {
      "t_s": 1,
      "what": "connect clicked"
    },
    {
      "t_s": 7,
      "what": "transport ready",
      "state": "transport ready: connected (Connected) with Required policy on an app-owned node — privacy verified per send via propagation events"
    },
    {
      "t_s": 32,
      "what": "post clicked"
    },
    {
      "t_s": 34,
      "what": "propagated"
    }
  ],
  "initial_thread": "[]",
  "thread": "[\"id b1f500d5e260a221 [received]: TECHNICAL TEST DATA: live logos.dev round trip 2026-10-10T13:49:24Z\",\"id b767a453335cc41e [sent]: TECHNICAL TEST DATA: offline-reader history check 2026-10-10T13:49:36Z\"]"
}
<repo>/tools/m6_history.sh: line 16: 90452 Terminated: 15          LOGOS_QML_HOT_RELOAD=0 FORUM_DB_PATH="$STATE/a-forum.db" QML_INSPECTOR_PORT=3768 "$UI_DEV" > "$EVID/a-app.log" 2>&1
poster stopped at 2026-10-10T13:50:37Z; gap 30s
{
  "status": "PASS",
  "phase": "fetch",
  "text": "TECHNICAL TEST DATA: offline-reader history check 2026-10-10T13:49:36Z",
  "timeline": [
    {
      "t_s": 1,
      "what": "connect clicked"
    },
    {
      "t_s": 12,
      "what": "transport ready",
      "state": "transport ready: connected (Connected) with Required policy on an app-owned node — privacy verified per send via propagation events"
    },
    {
      "t_s": 15,
      "what": "history row rendered"
    },
    {
      "t_s": 15,
      "what": "load older posts clicked"
    },
    {
      "t_s": 17,
      "what": "load older posts finished",
      "state": "loaded 18 messages from the last 7 days on the network store; 18 posts recovered in total"
    }
  ],
  "initial_thread": "[]",
  "history_state_after_catchup": "1 post recovered from the network's history",
  "history_state_after_load": "loaded 18 messages from the last 7 days on the network store; 18 posts recovered in total",
  "thread": "[\"id f5b38b9cf60b6c72 [received]: TECHNICAL TEST DATA: storage snapshot check 2026-10-09T09:07:32Z (1/2)\",\"id d3db3c0263761e0b [received]: TECHNICAL TEST DATA: storage snapshot check 2026-10-09T09:07:32Z (2/2)\",\"id d43c42f7b1d759da [received]: Snapshot of this topic on Logos Storage: 2 post(s).\\ncid: zDvZRwzkxkTuQqgoQ6AmxzPNaHb68TD5TrsHJHNhs9CXC7suiYin\\npeer: 16Uiu2HAmRak6CPnCA5FbzoMP8469HcuNtDJ6jwrqPuLyH9Dqrtxq\\naddrs: /ip4/127.0.0.1/tcp/8571\",\"id 9291591e5441598b [received]: TECHNICAL TEST DATA: live logos.dev round trip 2026-10-09T09:09:30Z\",\"id 102d8bd67776a012 [received]: TEST POST - automated Windows check, CI run 37910631727 - test data, please ignore\",\"id f5a6e5a5271501ba [received]: Snapshot of this topic on Logos Storage: 5 post(s).\\ncid: zDvZRwzkzX8iup8KwsLAoww6wMKrfWKix5AHaVQnHuJNAzeXnVjk\\npeer: 16Uiu2HAmJdZEf52wRbWaLd7u4eFXuGcQoJqHSGYwJWTEkmxVksoR\\naddrs: /ip4/178.128.140.206/tcp/8070/p2p/16Uiu2HAm3xPbYz2zsq5XVGDCMqKhhNXZWyYV6WLVv3yzzUiRJWnW/p2p-circuit /ip4/178.128.140.206/tcp/8070/mix-transport/An67-cPFkDpqyeTEjDPbhtN8NUxt9S-niBc5QRLyc2xrfadHgJmHjhbhrmTY2S86xaAz0wkgJnLzjEsjWAApyTU=/p2p/16Uiu2HAm3xPbYz2zsq5XVGDCMqKhhNXZWyYV6WLVv3yzzUiRJWnW/p2p-circuit /ip4/47.76.178.164/tcp/8070/p2p/16Uiu2HAmFKREVxCD89jkdEw8oBJo3WHXr9esmuDoKGWi63i66rfD/p2p-circuit /ip4/47.76.178.164/tcp/8070/mix-transport/AyePlG8L_W6LpMHk-0xMY0tkMEWSNT5Mhe44ppPkaG9EfccfucmnggvzCplJyLSqimv8ciTYSGT1mzT1zDDJkGg=/p2p/16Uiu2HAmFKREVxCD89jkdEw8oBJo3WHXr9esmuDoKGWi63i66rfD/p2p-circuit\",\"id 5b09ddc57a0eec63 [received]: TECHNICAL TEST DATA: live logos.dev round trip 2026-10-10T13:09:20Z\",\"id 31eb8ccadc818037 [received]: TECHNICAL TEST DATA: offline-reader history check 2026-10-10T13:09:34Z\",\"id cda8b48e2b3a8645 [received]: TECHNICAL TEST DATA: storage snapshot check 2026-10-10T13:11:23Z (1/2)\",\"id 941d50f1ad3736e4 [received]: TECHNICAL TEST DATA: storage snapshot check 2026-10-10T13:11:23Z (2/2)\",\"id 3867fb8733aea318 [received]: Snapshot of this topic on Logos Storage: 2 post(s).\\ncid: zDvZRwzm2C8BoeEhr3RDDrtJkin17rFZ2wLFHfukDrniPmtixzkv\\npeer: 16Uiu2HAkyhnCFf28iPL93rJGcFuYAT3H2LkgV79rbuWK1U3CWKUe\\naddrs: /ip4/127.0.0.1/tcp/8571\",\"id b1f500d5e260a221 [received]: TECHNICAL TEST DATA: live logos.dev round trip 2026-10-10T13:49:24Z\",\"id b767a453335cc41e [received]: TECHNICAL TEST DATA: offline-reader history check 2026-10-10T13:49:36Z\"]"
}
<repo>/tools/m6_history.sh: line 16: 95146 Terminated: 15          LOGOS_QML_HOT_RELOAD=0 FORUM_DB_PATH="$STATE/b-forum.db" QML_INSPECTOR_PORT=3768 "$UI_DEV" > "$EVID/b-app.log" 2>&1
{"status":"PASS","layer":"public-logos.dev-offline-reader","evidence":"<repo>/evidence/m6-live/history-20261010-154936"}
cleanup verified: no live-run processes remain
PASS history
