== verify: ui
warning: ignoring untrusted flake configuration setting 'extra-substituters'.
Pass '--accept-flake-config' to trust it
warning: ignoring untrusted flake configuration setting 'extra-trusted-public-keys'.
Pass '--accept-flake-config' to trust it
these 4 derivations will be built:
  /nix/store/0kqr2x5vb5d97x5klzxwg0ch938rfvi4-logos-forum_module-module-lib-0.1.0.drv
  /nix/store/r3rxpbvjwl3iphgpnpkr072mhx63iffk-logos-forum_module-module.drv
  /nix/store/af2j3y8z7aibq1b956hj765d04l508p1-run-standalone.drv
  /nix/store/d2rvmafzf1bj6j078wf1wwy59r94a3m9-forum_module-integration-test.drv
building '/nix/store/0kqr2x5vb5d97x5klzxwg0ch938rfvi4-logos-forum_module-module-lib-0.1.0.drv'...
logos-forum_module-module-lib> Running phase: qtPreHook
logos-forum_module-module-lib> Running phase: unpackPhase
logos-forum_module-module-lib> unpacking source archive /nix/store/fgizbp0s955s30m5jcgc3p1fwprvi5vg-ksh0j7fxppdf2ldh2srzn4n03r3rkb47-source
logos-forum_module-module-lib> source root is ksh0j7fxppdf2ldh2srzn4n03r3rkb47-source
logos-forum_module-module-lib> Running phase: patchPhase
logos-forum_module-module-lib> Running phase: updateAutotoolsGnuConfigScriptsPhase
logos-forum_module-module-lib> Running phase: configurePhase
logos-forum_module-module-lib> Running logos-cpp-generator (api-style=qt)...
logos-forum_module-module-lib> Generating deps from LIDL: delivery_module, storage_module
logos-forum_module-module-lib> Generated logos_sdk.h and logos_sdk.cpp
logos-forum_module-module-lib> Running logos-qt-generator --backend consumer for the Qt-typed dependency wrappers...
logos-forum_module-module-lib> Generated: ./generated_code/delivery_module_api.h
logos-forum_module-module-lib> Generated: ./generated_code/delivery_module_api.cpp
logos-forum_module-module-lib> Generated: ./generated_code/storage_module_api.h
logos-forum_module-module-lib> Generated: ./generated_code/storage_module_api.cpp
logos-forum_module-module-lib> Checking generated files in generated_code:
logos-forum_module-module-lib> total 188
logos-forum_module-module-lib> drwxr-xr-x  8 _nixbld1 nixbld   256 Oct  7 11:49 .
logos-forum_module-module-lib> drwxr-xr-x 31 _nixbld1 nixbld   992 Oct  7 11:48 ..
logos-forum_module-module-lib> -rw-r--r--  1 _nixbld1 nixbld 61780 Oct  7 11:49 delivery_module_api.cpp
logos-forum_module-module-lib> -rw-r--r--  1 _nixbld1 nixbld 12269 Oct  7 11:49 delivery_module_api.h
logos-forum_module-module-lib> -rw-r--r--  1 _nixbld1 nixbld    94 Oct  7 11:48 logos_sdk.cpp
logos-forum_module-module-lib> -rw-r--r--  1 _nixbld1 nixbld   363 Oct  7 11:48 logos_sdk.h
logos-forum_module-module-lib> -rw-r--r--  1 _nixbld1 nixbld 87563 Oct  7 11:49 storage_module_api.cpp
logos-forum_module-module-lib> -rw-r--r--  1 _nixbld1 nixbld 15623 Oct  7 11:49 storage_module_api.h
logos-forum_module-module-lib> Creating include directory and moving generated files...
logos-forum_module-module-lib> Generated include directory:
logos-forum_module-module-lib> total 188
logos-forum_module-module-lib> drwxr-xr-x 8 _nixbld1 nixbld   256 Oct  7 11:49 .
logos-forum_module-module-lib> drwxr-xr-x 6 _nixbld1 nixbld   192 Oct  7 11:49 ..
logos-forum_module-module-lib> -rw-r--r-- 1 _nixbld1 nixbld 61780 Oct  7 11:49 delivery_module_api.cpp
logos-forum_module-module-lib> -rw-r--r-- 1 _nixbld1 nixbld 12269 Oct  7 11:49 delivery_module_api.h
logos-forum_module-module-lib> -rw-r--r-- 1 _nixbld1 nixbld    94 Oct  7 11:49 logos_sdk.cpp
logos-forum_module-module-lib> -rw-r--r-- 1 _nixbld1 nixbld   363 Oct  7 11:48 logos_sdk.h
logos-forum_module-module-lib> -rw-r--r-- 1 _nixbld1 nixbld 87563 Oct  7 11:49 storage_module_api.cpp
logos-forum_module-module-lib> -rw-r--r-- 1 _nixbld1 nixbld 15623 Oct  7 11:49 storage_module_api.h
logos-forum_module-module-lib> Stamped logos_protocol_version=0.9.0 into metadata.json
logos-forum_module-module-lib> logos-module-builder: generating ui plugin glue (forum_module)...
logos-forum_module-module-lib> Generated: ./generated_code/forum_module_ui_interface.h
logos-forum_module-module-lib> Generated: ./generated_code/forum_module_ui_glue.h
logos-forum_module-module-lib> Generated: ./generated_code/forum_module_ui_glue.cpp
logos-forum_module-module-lib> fixing cmake files...
logos-forum_module-module-lib> cmake flags: -GNinja -DCMAKE_FIND_USE_SYSTEM_PACKAGE_REGISTRY=OFF -DCMAKE_FIND_USE_PACKAGE_REGISTRY=OFF -DCMAKE_EXPORT_NO_PACKAGE_REGISTRY=ON -DCMAKE_BUILD_TYPE=Release -DBUILD_TESTING=OFF -DCMAKE_INSTALL_LOCALEDIR=/nix/store/ahx6xw7g3mli6k12svkbrc4q5j0w6949-logos-forum_module-module-lib-0.1.0/share/locale -DCMAKE_INSTALL_LIBEXECDIR=/nix/store/ahx6xw7g3mli6k12svkbrc4q5j0w6949-logos-forum_module-module-lib-0.1.0/libexec -DCMAKE_INSTALL_LIBDIR=/nix/store/ahx6xw7g3mli6k12svkbrc4q5j0w6949-logos-forum_module-module-lib-0.1.0/lib -DCMAKE_INSTALL_DOCDIR=/nix/store/ahx6xw7g3mli6k12svkbrc4q5j0w6949-logos-forum_module-module-lib-0.1.0/share/doc/ForumPlugin -DCMAKE_INSTALL_INFODIR=/nix/store/ahx6xw7g3mli6k12svkbrc4q5j0w6949-logos-forum_module-module-lib-0.1.0/share/info -DCMAKE_INSTALL_MANDIR=/nix/store/ahx6xw7g3mli6k12svkbrc4q5j0w6949-logos-forum_module-module-lib-0.1.0/share/man -DCMAKE_INSTALL_INCLUDEDIR=/nix/store/ahx6xw7g3mli6k12svkbrc4q5j0w6949-logos-forum_module-module-lib-0.1.0/include -DCMAKE_INSTALL_SBINDIR=/nix/store/ahx6xw7g3mli6k12svkbrc4q5j0w6949-logos-forum_module-module-lib-0.1.0/sbin -DCMAKE_INSTALL_BINDIR=/nix/store/ahx6xw7g3mli6k12svkbrc4q5j0w6949-logos-forum_module-module-lib-0.1.0/bin -DCMAKE_INSTALL_NAME_DIR=/nix/store/ahx6xw7g3mli6k12svkbrc4q5j0w6949-logos-forum_module-module-lib-0.1.0/lib -DCMAKE_POLICY_DEFAULT_CMP0025=NEW -DCMAKE_FIND_FRAMEWORK=LAST -DCMAKE_STRIP=/nix/store/zzx6cfl99zknfrj9v7lmrshwzslfjv26-clang-wrapper-19.1.7/bin/strip -DCMAKE_RANLIB=/nix/store/zzx6cfl99zknfrj9v7lmrshwzslfjv26-clang-wrapper-19.1.7/bin/ranlib -DCMAKE_AR=/nix/store/zzx6cfl99zknfrj9v7lmrshwzslfjv26-clang-wrapper-19.1.7/bin/ar -DCMAKE_C_COMPILER=clang -DCMAKE_CXX_COMPILER=clang++ -DCMAKE_INSTALL_PREFIX=/nix/store/ahx6xw7g3mli6k12svkbrc4q5j0w6949-logos-forum_module-module-lib-0.1.0 -GNinja -DLOGOS_MODULE_ROOT=/nix/store/82rsdw74zycrwvy6aad94jnrg27f9a9a-logos-module-0.1.0 -DLOGOS_CPP_SDK_ROOT=/nix/store/a33v9dppa4k88xlv8cbls5n67vdrsik0-logos-cpp-sdk -DLOGOS_QT_SDK_ROOT=/nix/store/rwvd3ymqb9qq9z1pifq6gynvgwp07493-logos-qt-sdk -DLOGOS_QT_HOST_ROOT=/nix/store/awgcgwqqr529fg6lph2mhb3mjscs0a73-logos-qt-host-0.1.0 -DLOGOS_PROTOCOL_ROOT=/nix/store/l61qallmailjkxr24ynyi91hq2cy96qm-logos-protocol -DLOGOS_VIEW_TEMPLATE_DIR=/nix/store/py6wzmragypgh2lbaimz1z23qzcv8ckr-logos-view-templates -DLOGOS_VIEW_INCLUDE_DIR=/nix/store/ndn52sc7anhfvn2h047ffwsqn25hs62i-logos-view-module-include
logos-forum_module-module-lib> -- The CXX compiler identification is Clang 19.1.7
logos-forum_module-module-lib> -- Detecting CXX compiler ABI info
logos-forum_module-module-lib> -- Detecting CXX compiler ABI info - done
logos-forum_module-module-lib> -- Check for working CXX compiler: /nix/store/zzx6cfl99zknfrj9v7lmrshwzslfjv26-clang-wrapper-19.1.7/bin/clang++ - skipped
logos-forum_module-module-lib> -- Detecting CXX compile features
logos-forum_module-module-lib> -- Detecting CXX compile features - done
logos-forum_module-module-lib> -- LogosModule.cmake: /nix/store/wfvnsjzflhgh2mihmj16yx655x8zqhk3-fi97x4xl2saxayr1qrynyycm45ifshqg-source/cmake/LogosModule.cmake
logos-forum_module-module-lib> -- Found logos-module at: /nix/store/82rsdw74zycrwvy6aad94jnrg27f9a9a-logos-module-0.1.0
logos-forum_module-module-lib> -- Found logos-cpp-sdk at: /nix/store/a33v9dppa4k88xlv8cbls5n67vdrsik0-logos-cpp-sdk
logos-forum_module-module-lib> -- Found logos-qt-sdk at: /nix/store/rwvd3ymqb9qq9z1pifq6gynvgwp07493-logos-qt-sdk
logos-forum_module-module-lib> -- Found logos-protocol at: /nix/store/l61qallmailjkxr24ynyi91hq2cy96qm-logos-protocol
logos-forum_module-module-lib> -- Qt host runtime: logos-qt-host::logos_qt_host at /nix/store/awgcgwqqr529fg6lph2mhb3mjscs0a73-logos-qt-host-0.1.0
logos-forum_module-module-lib> -- Performing Test CMAKE_HAVE_LIBC_PTHREAD
logos-forum_module-module-lib> -- Performing Test CMAKE_HAVE_LIBC_PTHREAD - Success
logos-forum_module-module-lib> -- Found Threads: TRUE
logos-forum_module-module-lib> -- Performing Test HAVE_STDATOMIC
logos-forum_module-module-lib> -- Performing Test HAVE_STDATOMIC - Success
logos-forum_module-module-lib> -- Found WrapAtomic: TRUE
logos-forum_module-module-lib> CMake Warning (dev) at /nix/store/qvv2ddin29xa8fqmsv567b6xlnhbvpv0-cmake-3.31.7/share/cmake-3.31/Modules/CMakeFindDependencyMacro.cmake:76 (find_package):
logos-forum_module-module-lib>   Policy CMP0167 is not set: The FindBoost module is removed.  Run "cmake
logos-forum_module-module-lib>   --help-policy CMP0167" for policy details.  Use the cmake_policy command to
logos-forum_module-module-lib>   set the policy and suppress this warning.
logos-forum_module-module-lib> 
logos-forum_module-module-lib> Call Stack (most recent call first):
logos-forum_module-module-lib>   /nix/store/l61qallmailjkxr24ynyi91hq2cy96qm-logos-protocol/lib/cmake/logos-protocol/logos-protocolConfig.cmake:48 (find_dependency)
logos-forum_module-module-lib>   /nix/store/wfvnsjzflhgh2mihmj16yx655x8zqhk3-fi97x4xl2saxayr1qrynyycm45ifshqg-source/cmake/LogosModule.cmake:622 (find_package)
logos-forum_module-module-lib>   CMakeLists.txt:16 (logos_module)
logos-forum_module-module-lib> This warning is for project developers.  Use -Wno-dev to suppress it.
logos-forum_module-module-lib> 
logos-forum_module-module-lib> -- Found Boost: /nix/store/2blqfsz18yp066ky15nvkihcvwqq7bqz-boost-1.87.0-dev/lib/cmake/Boost-1.87.0/BoostConfig.cmake (found version "1.87.0")
logos-forum_module-module-lib> CMake Warning (dev) at /nix/store/l61qallmailjkxr24ynyi91hq2cy96qm-logos-protocol/lib/cmake/logos-protocol/logos-protocolConfig.cmake:49 (find_package):
logos-forum_module-module-lib>   Policy CMP0167 is not set: The FindBoost module is removed.  Run "cmake
logos-forum_module-module-lib>   --help-policy CMP0167" for policy details.  Use the cmake_policy command to
logos-forum_module-module-lib>   set the policy and suppress this warning.
logos-forum_module-module-lib> 
logos-forum_module-module-lib> Call Stack (most recent call first):
logos-forum_module-module-lib>   /nix/store/wfvnsjzflhgh2mihmj16yx655x8zqhk3-fi97x4xl2saxayr1qrynyycm45ifshqg-source/cmake/LogosModule.cmake:622 (find_package)
logos-forum_module-module-lib>   CMakeLists.txt:16 (logos_module)
logos-forum_module-module-lib> This warning is for project developers.  Use -Wno-dev to suppress it.
logos-forum_module-module-lib> 
logos-forum_module-module-lib> -- Found OpenSSL: /nix/store/0ais7wnqw8xzj0331c2jka53s6g14wqb-openssl-3.5.1/lib/libcrypto.dylib (found version "3.5.1")
logos-forum_module-module-lib> -- Found nlohmann_json: /nix/store/hs7wcady8i97dqq7qiaiaq05srnq6yih-nlohmann_json-3.11.3/share/cmake/nlohmann_json/nlohmann_jsonConfig.cmake (found version "3.11.3")
logos-forum_module-module-lib> CMake Warning (dev) at /nix/store/l61qallmailjkxr24ynyi91hq2cy96qm-logos-protocol/lib/cmake/logos-protocol/logos-protocolConfig.cmake:49 (find_package):
logos-forum_module-module-lib>   Policy CMP0167 is not set: The FindBoost module is removed.  Run "cmake
logos-forum_module-module-lib>   --help-policy CMP0167" for policy details.  Use the cmake_policy command to
logos-forum_module-module-lib>   set the policy and suppress this warning.
logos-forum_module-module-lib> 
logos-forum_module-module-lib> Call Stack (most recent call first):
logos-forum_module-module-lib>   /nix/store/qvv2ddin29xa8fqmsv567b6xlnhbvpv0-cmake-3.31.7/share/cmake-3.31/Modules/CMakeFindDependencyMacro.cmake:76 (find_package)
logos-forum_module-module-lib>   /nix/store/awgcgwqqr529fg6lph2mhb3mjscs0a73-logos-qt-host-0.1.0/lib/cmake/logos-qt-host/logos-qt-hostConfig.cmake:34 (find_dependency)
logos-forum_module-module-lib>   /nix/store/wfvnsjzflhgh2mihmj16yx655x8zqhk3-fi97x4xl2saxayr1qrynyycm45ifshqg-source/cmake/LogosModule.cmake:625 (find_package)
logos-forum_module-module-lib>   CMakeLists.txt:16 (logos_module)
logos-forum_module-module-lib> This warning is for project developers.  Use -Wno-dev to suppress it.
logos-forum_module-module-lib> 
logos-forum_module-module-lib> -- Logos module forum_module: replica factory plugin from src/forum_module.rep (class Forum, QML Logos.Forum.Forum)
logos-forum_module-module-lib> -- Logos module forum_module configured successfully
logos-forum_module-module-lib> -- Configuring done (61.2s)
logos-forum_module-module-lib> -- Generating done (1.3s)
logos-forum_module-module-lib> CMake Warning:
logos-forum_module-module-lib>   Manually-specified variables were not used by the project:
logos-forum_module-module-lib> 
logos-forum_module-module-lib>     BUILD_TESTING
logos-forum_module-module-lib>     CMAKE_C_COMPILER
logos-forum_module-module-lib>     CMAKE_EXPORT_NO_PACKAGE_REGISTRY
logos-forum_module-module-lib>     CMAKE_POLICY_DEFAULT_CMP0025
logos-forum_module-module-lib> 
logos-forum_module-module-lib> 
logos-forum_module-module-lib> -- Build files have been written to: /nix/var/nix/builds/nix-73765-1069486663/ksh0j7fxppdf2ldh2srzn4n03r3rkb47-source/build
logos-forum_module-module-lib> cmake: enabled parallel building
logos-forum_module-module-lib> cmake: enabled parallel installing
logos-forum_module-module-lib> configurePhase completed in 1 minutes 11 seconds
logos-forum_module-module-lib> Running phase: buildPhase
logos-forum_module-module-lib> build flags: -j12
logos-forum_module-module-lib> [0/2] Re-checking globbed directories...
logos-forum_module-module-lib> [1/20] Automatic MOC for target forum_module_replica_factory
logos-forum_module-module-lib> [2/20] Automatic MOC for target forum_module_module_plugin
logos-forum_module-module-lib> [3/20] Generating rep_forum_module_replica.h
logos-forum_module-module-lib> [4/20] Generating rep_forum_module_source.h
logos-forum_module-module-lib> [5/20] Generating moc_rep_forum_module_replica.cpp
logos-forum_module-module-lib> [6/20] Generating moc_rep_forum_module_source.cpp
logos-forum_module-module-lib> [7/20] Building CXX object CMakeFiles/forum_module_module_plugin.dir/src/archive/archive_core.cpp.o
logos-forum_module-module-lib> [8/20] Building CXX object CMakeFiles/forum_module_replica_factory.dir/forum_module_replica_factory_autogen/mocs_compilation.cpp.o
logos-forum_module-module-lib> [9/20] Building CXX object CMakeFiles/forum_module_module_plugin.dir/src/core/forum_core.cpp.o
logos-forum_module-module-lib> [10/20] Building CXX object CMakeFiles/forum_module_module_plugin.dir/moc_rep_forum_module_source.cpp.o
logos-forum_module-module-lib> [11/20] Building CXX object CMakeFiles/forum_module_module_plugin.dir/view_plugin_base_forum_module/LogosViewPluginBase.cpp.o
logos-forum_module-module-lib> [12/20] Building CXX object CMakeFiles/forum_module_replica_factory.dir/replica_factory_forum_module/LogosViewReplicaFactory.cpp.o
logos-forum_module-module-lib> [13/20] Building CXX object CMakeFiles/forum_module_module_plugin.dir/forum_module_module_plugin_autogen/mocs_compilation.cpp.o
logos-forum_module-module-lib> [14/20] Building CXX object CMakeFiles/forum_module_replica_factory.dir/moc_rep_forum_module_replica.cpp.o
logos-forum_module-module-lib> [15/20] Linking CXX shared library modules/forum_module_replica_factory.dylib
logos-forum_module-module-lib> ld: warning: dylib (/nix/store/a0z4ipq0hcakknsi5f1icgpdmch3simf-qtremoteobjects-6.9.2/lib/QtRemoteObjects.framework/Versions/A/QtRemoteObjects) was built for newer macOS version (12.0) than being linked (11.3)
logos-forum_module-module-lib> ld: warning: dylib (/nix/store/fn7iqppsl6z7ikbspxnjirwdz345w8mj-qtdeclarative-6.9.2/lib/QtQml.framework/Versions/A/QtQml) was built for newer macOS version (12.0) than being linked (11.3)
logos-forum_module-module-lib> ld: warning: dylib (/nix/store/a9aq909fc6ymnawnk877qcs4gklzm1c1-qtbase-6.9.2/lib/QtNetwork.framework/Versions/A/QtNetwork) was built for newer macOS version (12.0) than being linked (11.3)
logos-forum_module-module-lib> ld: warning: dylib (/nix/store/a9aq909fc6ymnawnk877qcs4gklzm1c1-qtbase-6.9.2/lib/QtCore.framework/Versions/A/QtCore) was built for newer macOS version (12.0) than being linked (11.3)
logos-forum_module-module-lib> [16/20] Building CXX object CMakeFiles/forum_module_module_plugin.dir/generated_code/forum_module_ui_glue.cpp.o
logos-forum_module-module-lib> [17/20] Building CXX object CMakeFiles/forum_module_module_plugin.dir/src/forum_module_backend.cpp.o
logos-forum_module-module-lib> [18/20] Building CXX object CMakeFiles/forum_module_module_plugin.dir/generated_code/logos_sdk.cpp.o
logos-forum_module-module-lib> [19/20] Linking CXX shared library modules/forum_module_plugin.dylib
logos-forum_module-module-lib> ld: warning: dylib (/nix/store/a0z4ipq0hcakknsi5f1icgpdmch3simf-qtremoteobjects-6.9.2/lib/QtRemoteObjects.framework/Versions/A/QtRemoteObjects) was built for newer macOS version (12.0) than being linked (11.3)
logos-forum_module-module-lib> ld: warning: dylib (/nix/store/a9aq909fc6ymnawnk877qcs4gklzm1c1-qtbase-6.9.2/lib/QtNetwork.framework/Versions/A/QtNetwork) was built for newer macOS version (12.0) than being linked (11.3)
logos-forum_module-module-lib> ld: warning: dylib (/nix/store/a9aq909fc6ymnawnk877qcs4gklzm1c1-qtbase-6.9.2/lib/QtCore.framework/Versions/A/QtCore) was built for newer macOS version (12.0) than being linked (11.3)
logos-forum_module-module-lib> buildPhase completed in 11 minutes 3 seconds
logos-forum_module-module-lib> Running phase: glibPreInstallPhase
logos-forum_module-module-lib> Running phase: installPhase
logos-forum_module-module-lib> Copying replica factory plugin: forum_module_replica_factory.dylib
logos-forum_module-module-lib> Running phase: qtOwnPathsHook
logos-forum_module-module-lib> Running phase: fixupPhase
logos-forum_module-module-lib> checking for references to /nix/var/nix/builds/nix-73765-1069486663/ in /nix/store/ahx6xw7g3mli6k12svkbrc4q5j0w6949-logos-forum_module-module-lib-0.1.0...
logos-forum_module-module-lib> patching script interpreter paths in /nix/store/ahx6xw7g3mli6k12svkbrc4q5j0w6949-logos-forum_module-module-lib-0.1.0
logos-forum_module-module-lib> Running phase: postPatchMkspecs
building '/nix/store/r3rxpbvjwl3iphgpnpkr072mhx63iffk-logos-forum_module-module.drv'...
logos-forum_module-module> Normalized LIDL: /nix/var/nix/builds/nix-73765-1069486664/tmp.ur9vsZAMqr
logos-forum_module-module> Installed canonical LIDL contract: delivery_module
logos-forum_module-module> Normalized LIDL: /nix/var/nix/builds/nix-73765-1069486664/tmp.tYNYNOQp2m
logos-forum_module-module> Installed canonical LIDL contract: storage_module
logos-forum_module-module> Copied QML view directory from src/qml
logos-forum_module-module> Generated qmldir at qml/qmldir (module com.logos.module.forum_module)
building '/nix/store/af2j3y8z7aibq1b956hj765d04l508p1-run-standalone.drv'...
building '/nix/store/d2rvmafzf1bj6j078wf1wwy59r94a3m9-forum_module-integration-test.drv'...
forum_module-integration-test> Running integration tests: forum_module-integration-test (1 file(s), timeout: 120s per file)...
forum_module-integration-test> Running: ui-tests.mjs
forum_module-integration-test> Launching: /nix/store/wbci1vz7iwchf849g9w86f5bxxb37pnx-run-standalone -platform offscreen
forum_module-integration-test> Waiting for inspector to become available...
forum_module-integration-test> [app:err] Session directory: "/var/empty/Library/Application Support/Logos/LogosStandalone"
forum_module-integration-test> [app:err] InstancePersistence::resolveInstance: failed to create directory: "/var/empty/Library/Application Support/Logos/LogosStandalone/module_data/capability_module/179898a84465"
forum_module-integration-test> [app:err] [2026-10-07 12:01:48.820] [info] [logos] Granting host services to 'capability_module': token_registry,token_delivery
forum_module-integration-test> [app:out] [2026-10-07 12:01:51.517] [out] [capability_module] [2026-10-07 12:01:51.504] [info] Granting host services to capability_module: ["token_registry","token_delivery"]
forum_module-integration-test> [app:err] RemoteTransportConnection: Connecting to registry: "local:logos_capability_module_086a57290008" at "12:01:51.536"
forum_module-integration-test> [app:err] RemoteTransportConnection: Registry connect attempt started (no peer contact yet): "local:logos_capability_module_086a57290008"
forum_module-integration-test> [app:err] LogosAPIConsumer: Informing module token for module: "capability_module" with token: "redacted:fa0b31e0…"
forum_module-integration-test> [app:err] RemoteTransportConnection: Requesting object: "capability_module" at "12:01:51.552"
forum_module-integration-test> [app:err] [LogosObject] RemoteTransportConnection: returning RemoteLogosObject for: "capability_module"
forum_module-integration-test> [LogosObject] Created RemoteLogosObject wrapping QRemoteObjectReplica 105553159826304
forum_module-integration-test> [LogosObject] LogosAPIConsumer: calling LogosObject::informModuleToken for "capability_module"
forum_module-integration-test> LogosAPIConsumer: informModuleToken completed with result: true
forum_module-integration-test> [LogosObject] Destroying RemoteLogosObject 0
forum_module-integration-test> [2026-10-07 12:01:51.608] [info] [logos] Module loaded: capability_module
forum_module-integration-test> InstancePersistence::resolveInstance: failed to create directory: "/var/empty/Library/Application Support/Logos/LogosStandalone/module_data/modules_state/5a5867fe5ad8"
forum_module-integration-test> [app:err] LogosAPIConsumer: Informing module token for module: "modules_state" with token: "redacted:157ca455…"
forum_module-integration-test> RemoteTransportConnection: Requesting object: "capability_module" at "12:01:52.805"
forum_module-integration-test> [LogosObject] RemoteTransportConnection: returning RemoteLogosObject for: "capability_module"
forum_module-integration-test> [LogosObject] Created RemoteLogosObject wrapping QRemoteObjectReplica 105553159897184
forum_module-integration-test> [LogosObject] LogosAPIConsumer: calling LogosObject::informModuleToken for "modules_state"
forum_module-integration-test> [app:err] LogosAPIConsumer: informModuleToken completed with result: true
forum_module-integration-test> [LogosObject] Destroying RemoteLogosObject 0
forum_module-integration-test> [2026-10-07 12:01:52.805] [info] [logos] Module loaded: modules_state
forum_module-integration-test> [app:err] RemoteTransportConnection: Connecting to registry: "local:logos_modules_state_086a57290008" at "12:01:52.806"
forum_module-integration-test> [app:err] RemoteTransportConnection: Registry connect attempt started (no peer contact yet): "local:logos_modules_state_086a57290008"
forum_module-integration-test> RemoteTransportConnection: Connecting to registry: "local:logos_capability_module_086a57290008" at "12:01:52.806"
forum_module-integration-test> RemoteTransportConnection: Registry connect attempt started (no peer contact yet): "local:logos_capability_module_086a57290008"
forum_module-integration-test> LogosAPIConsumer: '"modules_state"::""' deferred pending the module becoming reachable
forum_module-integration-test> LogosAPIConsumer: '"modules_state"::""' deferred pending the module becoming reachable
forum_module-integration-test> Logos Core started (modules dir: "/nix/store/s5zmxsd6619z2sr65lbwrjjcb23gpymh-forum_module-integration-test-modules" )
forum_module-integration-test> [app:err] Set app icon from metadata: "/nix/store/2dj7wg38s6g6xw3c1wfkbpfyzipdgwz6-logos-forum_module-module/lib/src/icons/icon.png"
forum_module-integration-test> [app:err] InstancePersistence::resolveInstance: failed to create directory: "/var/empty/Library/Application Support/Logos/LogosStandalone/module_data/delivery_module/5ca35c0fc861"
forum_module-integration-test> [app:err] [2026-10-07 12:01:54.316] [info] [logos] [delivery_module] DeliveryModuleImpl: Initializing...
forum_module-integration-test> [app:err] LogosAPIConsumer: Informing module token for module: "delivery_module" with token: "redacted:7ebc872a…"
forum_module-integration-test> [app:err] RemoteTransportConnection: Requesting object: "capability_module" at "12:01:54.378"
forum_module-integration-test> [LogosObject] RemoteTransportConnection: returning RemoteLogosObject for: "capability_module"
forum_module-integration-test> [LogosObject] Created RemoteLogosObject wrapping QRemoteObjectReplica 105553159788672
forum_module-integration-test> [LogosObject] LogosAPIConsumer: calling LogosObject::informModuleToken for "delivery_module"
forum_module-integration-test> [app:err] LogosAPIConsumer: informModuleToken completed with result: true
forum_module-integration-test> [LogosObject] Destroying RemoteLogosObject 0
forum_module-integration-test> [2026-10-07 12:01:54.380] [info] [logos] Module loaded: delivery_module
forum_module-integration-test> RemoteTransportConnection: Connecting to registry: "local:logos_delivery_module_086a57290008" at "12:01:54.381"
forum_module-integration-test> RemoteTransportConnection: Registry connect attempt started (no peer contact yet): "local:logos_delivery_module_086a57290008"
forum_module-integration-test> RemoteTransportConnection: Connecting to registry: "local:logos_capability_module_086a57290008" at "12:01:54.381"
forum_module-integration-test> RemoteTransportConnection: Registry connect attempt started (no peer contact yet): "local:logos_capability_module_086a57290008"
forum_module-integration-test> LogosAPIConsumer: '"delivery_module"::""' deferred pending the module becoming reachable
forum_module-integration-test> LogosAPIClient: getToken for module: "modules_state"
forum_module-integration-test> LogosAPIClient: Found token for module: "modules_state"
forum_module-integration-test> RemoteTransportConnection: Requesting object: "modules_state" at "12:01:54.382"
forum_module-integration-test> [LogosObject] RemoteTransportConnection: returning RemoteLogosObject for: "modules_state"
forum_module-integration-test> [LogosObject] Created RemoteLogosObject wrapping QRemoteObjectReplica 105553159838656
forum_module-integration-test> [LogosObject] LogosAPIConsumer: async calling via LogosObject::callMethodAsync "note_transition"
forum_module-integration-test> [LogosObject] RemoteLogosObject::callMethodAsync "note_transition" args: 7
forum_module-integration-test> LogosAPIClient: getToken for module: "modules_state"
forum_module-integration-test> LogosAPIClient: Found token for module: "modules_state"
forum_module-integration-test> [LogosObject] LogosAPIConsumer: async calling via LogosObject::callMethodAsync "note_transition"
forum_module-integration-test> [LogosObject] RemoteLogosObject::callMethodAsync "note_transition" args: 7
forum_module-integration-test> Loaded dependency (with transitive deps): "delivery_module"
forum_module-integration-test> InstancePersistence::resolveInstance: failed to create directory: "/var/empty/Library/Application Support/Logos/LogosStandalone/module_data/storage_module/5187f6511e28"
forum_module-integration-test> [app:err] [2026-10-07 12:01:55.225] [info] [logos] [storage_module] StorageModuleImpl: Initializing...
forum_module-integration-test> [app:err] LogosAPIConsumer: Informing module token for module: "storage_module" with token: "redacted:5cb76616…"
forum_module-integration-test> [app:err] RemoteTransportConnection: Requesting object: "capability_module" at "12:01:55.296"
forum_module-integration-test> [LogosObject] RemoteTransportConnection: returning RemoteLogosObject for: "capability_module"
forum_module-integration-test> [LogosObject] Created RemoteLogosObject wrapping QRemoteObjectReplica 105553159839232
forum_module-integration-test> [LogosObject] LogosAPIConsumer: calling LogosObject::informModuleToken for "storage_module"
forum_module-integration-test> [LogosObject] Created RemoteLogosObject wrapping QRemoteObjectReplica 105553159897888
forum_module-integration-test> [app:err] LogosAPIClient: invoking remote method "modules_state" "apply_snapshot" args_count: 1
forum_module-integration-test> LogosAPIClient: getToken for module: "modules_state"
forum_module-integration-test> LogosAPIClient: Found token for module: "modules_state"
forum_module-integration-test> LogosAPIConsumer: Calling invokeRemoteMethod: "modules_state" "apply_snapshot" args_count: 1 timeout: 20000
forum_module-integration-test> [LogosObject] LogosAPIConsumer: calling via LogosObject::callMethod "apply_snapshot"
forum_module-integration-test> [LogosObject] RemoteLogosObject::callMethod "apply_snapshot" args: 1
forum_module-integration-test> [app:err] [LogosObject] Created RemoteLogosObject wrapping QRemoteObjectReplica 105553159789472
forum_module-integration-test> [app:err] LogosAPIClient: getToken for module: "modules_state"
forum_module-integration-test> LogosAPIClient: Found token for module: "modules_state"
forum_module-integration-test> [LogosObject] LogosAPIConsumer: async calling via LogosObject::callMethodAsync "note_transition"
forum_module-integration-test> [LogosObject] RemoteLogosObject::callMethodAsync "note_transition" args: 7
forum_module-integration-test> LogosAPIClient: getToken for module: "modules_state"
forum_module-integration-test> LogosAPIClient: Found token for module: "modules_state"
forum_module-integration-test> [LogosObject] LogosAPIConsumer: async calling via LogosObject::callMethodAsync "note_transition"
forum_module-integration-test> [LogosObject] RemoteLogosObject::callMethodAsync "note_transition" args: 7
forum_module-integration-test> [app:err] [2026-10-07 12:01:55.319] [info] [logos] Pushed module snapshot to modules_state
forum_module-integration-test> [app:err] LogosAPIClient: getToken for module: "modules_state"
forum_module-integration-test> LogosAPIClient: Found token for module: "modules_state"
forum_module-integration-test> [LogosObject] LogosAPIConsumer: async calling via LogosObject::callMethodAsync "note_transition"
forum_module-integration-test> [LogosObject] RemoteLogosObject::callMethodAsync "note_transition" args: 7
forum_module-integration-test> LogosAPIConsumer: informModuleToken completed with result: true
forum_module-integration-test> [LogosObject] Destroying RemoteLogosObject 0
forum_module-integration-test> [2026-10-07 12:01:55.319] [info] [logos] Module loaded: storage_module
forum_module-integration-test> RemoteTransportConnection: Connecting to registry: "local:logos_storage_module_086a57290008" at "12:01:55.319"
forum_module-integration-test> [app:err] RemoteTransportConnection: Registry connect attempt started (no peer contact yet): "local:logos_storage_module_086a57290008"
forum_module-integration-test> RemoteTransportConnection: Connecting to registry: "local:logos_capability_module_086a57290008" at "12:01:55.320"
forum_module-integration-test> RemoteTransportConnection: Registry connect attempt started (no peer contact yet): "local:logos_capability_module_086a57290008"
forum_module-integration-test> LogosAPIConsumer: '"storage_module"::""' deferred pending the module becoming reachable
forum_module-integration-test> LogosAPIClient: getToken for module: "modules_state"
forum_module-integration-test> LogosAPIClient: Found token for module: "modules_state"
forum_module-integration-test> [LogosObject] LogosAPIConsumer: async calling via LogosObject::callMethodAsync "note_transition"
forum_module-integration-test> [LogosObject] RemoteLogosObject::callMethodAsync "note_transition" args: 7
forum_module-integration-test> Loaded dependency (with transitive deps): "storage_module"
forum_module-integration-test> [app:err] RemoteTransportConnection: Connecting to registry: "local:logos_capability_module_086a57290008" at "12:01:55.325"
forum_module-integration-test> RemoteTransportConnection: Registry connect attempt started (no peer contact yet): "local:logos_capability_module_086a57290008"
forum_module-integration-test> LogosAPIConsumer: Informing module token for module: "forum_module" with token: "redacted:e95840da…"
forum_module-integration-test> [app:err] RemoteTransportConnection: Requesting object: "capability_module" at "12:01:55.326"
forum_module-integration-test> [app:err] [LogosObject] RemoteTransportConnection: returning RemoteLogosObject for: "capability_module"
forum_module-integration-test> [LogosObject] Created RemoteLogosObject wrapping QRemoteObjectReplica 105553159788768
forum_module-integration-test> [LogosObject] LogosAPIConsumer: calling LogosObject::informModuleToken for "forum_module"
forum_module-integration-test> [LogosObject] Created RemoteLogosObject wrapping QRemoteObjectReplica 105553159804288
forum_module-integration-test> [app:err] LogosAPIClient: getToken for module: "modules_state"
forum_module-integration-test> LogosAPIClient: Found token for module: "modules_state"
forum_module-integration-test> [LogosObject] LogosAPIConsumer: async calling via LogosObject::callMethodAsync "note_transition"
forum_module-integration-test> [LogosObject] RemoteLogosObject::callMethodAsync "note_transition" args: 7
forum_module-integration-test> [app:err] LogosAPIConsumer: informModuleToken completed with result: true
forum_module-integration-test> [LogosObject] Destroying RemoteLogosObject 0
forum_module-integration-test> [app:err] qt.qpa.fonts: Populating font family aliases took 330 ms. Replace uses of missing font family "Sans Serif" with one that exists to avoid this cost.
forum_module-integration-test> Inspector not available at localhost:3768 after 15000ms
❌ path:<repo>#integration-test
error: Cannot build '/nix/store/d2rvmafzf1bj6j078wf1wwy59r94a3m9-forum_module-integration-test.drv'.
       Reason: builder failed with exit code 1.
       Output paths:
         /nix/store/2dy2f8fkv18qvhzq21c4md7ixv59is14-forum_module-integration-test
       Last 25 log lines:
       > [app:err] RemoteTransportConnection: Registry connect attempt started (no peer contact yet): "local:logos_storage_module_086a57290008"
       > RemoteTransportConnection: Connecting to registry: "local:logos_capability_module_086a57290008" at "12:01:55.320"
       > RemoteTransportConnection: Registry connect attempt started (no peer contact yet): "local:logos_capability_module_086a57290008"
       > LogosAPIConsumer: '"storage_module"::""' deferred pending the module becoming reachable
       > LogosAPIClient: getToken for module: "modules_state"
       > LogosAPIClient: Found token for module: "modules_state"
       > [LogosObject] LogosAPIConsumer: async calling via LogosObject::callMethodAsync "note_transition"
       > [LogosObject] RemoteLogosObject::callMethodAsync "note_transition" args: 7
       > Loaded dependency (with transitive deps): "storage_module"
       > [app:err] RemoteTransportConnection: Connecting to registry: "local:logos_capability_module_086a57290008" at "12:01:55.325"
       > RemoteTransportConnection: Registry connect attempt started (no peer contact yet): "local:logos_capability_module_086a57290008"
       > LogosAPIConsumer: Informing module token for module: "forum_module" with token: "redacted:e95840da…"
       > [app:err] RemoteTransportConnection: Requesting object: "capability_module" at "12:01:55.326"
       > [app:err] [LogosObject] RemoteTransportConnection: returning RemoteLogosObject for: "capability_module"
       > [LogosObject] Created RemoteLogosObject wrapping QRemoteObjectReplica 105553159788768
       > [LogosObject] LogosAPIConsumer: calling LogosObject::informModuleToken for "forum_module"
       > [LogosObject] Created RemoteLogosObject wrapping QRemoteObjectReplica 105553159804288
       > [app:err] LogosAPIClient: getToken for module: "modules_state"
       > LogosAPIClient: Found token for module: "modules_state"
       > [LogosObject] LogosAPIConsumer: async calling via LogosObject::callMethodAsync "note_transition"
       > [LogosObject] RemoteLogosObject::callMethodAsync "note_transition" args: 7
       > [app:err] LogosAPIConsumer: informModuleToken completed with result: true
       > [LogosObject] Destroying RemoteLogosObject 0
       > [app:err] qt.qpa.fonts: Populating font family aliases took 330 ms. Replace uses of missing font family "Sans Serif" with one that exists to avoid this cost.
       > Inspector not available at localhost:3768 after 15000ms
       For full logs, run:
         nix log /nix/store/d2rvmafzf1bj6j078wf1wwy59r94a3m9-forum_module-integration-test.drv
FAIL ui (exit 1) — see <repo>/evidence/verify-runs/verify-ui-20261007-133823.log
