== verify: store-probe
=== 1/6 install layout ===
  seeded forum_module (plugins, darwin-arm64-dev)
  seeded delivery_module (modules, darwin-arm64-dev)
  seeded storage_module (modules, darwin-arm64-dev)
=== 2/6 bisect toggle (FORUM_BISECT=open) ===
=== 3/6 launch host (offscreen) ===
=== 4/6 stage 1 (Check transport → outbox) ===
{
  "stage1": "FAIL",
  "direct_slot_return": "<QRemoteObjectPendingReply<QString>>",
  "direct_has_outbox": false,
  "outcome": "(empty — QML watch success callback did not fire)",
  "outcome_has_outbox": false,
  "transportState_before": "no transport configured — posting unavailable (Required policy)",
  "transportState_after": "no transport configured — posting unavailable (Required policy)",
  "transportState_changed": false,
  "accounts": [],
  "topics": [],
  "threadPosts_count": 0,
  "diagnosis": "no observable outbox from stage1 (slot-return/callback path wedged or source dispatch absent)"
}=== 5/6 stage 2 (Add alias → PROP sync test) — runs even if stage 1 wedged ===
{
  "stage2": "FAIL",
  "backend_alive_after_stage1": true,
  "textfield_found": true,
  "textfield_text_before_set": "",
  "textfield_text_after_set": "demo",
  "button_enabled_before_click": true,
  "click_result": {
    "clicked": true,
    "id": 2009,
    "matchedId": "5",
    "matchedText": "Add alias",
    "matchedType": "Button_QMLTYPE_6",
    "ok": true,
    "widget": "QQuickWidget",
    "x": 459,
    "y": 70
  },
  "direct_slot_return": "{\"id\":2010,\"ok\":true,\"result\":null,\"undefined\":true}",
  "echo_slot_return": "{\"id\":2011,\"ok\":true,\"result\":null,\"undefined\":true}",
  "accounts_before": [],
  "accounts_after": [],
  "accounts_prop_has_demo": false,
  "prop_sync_works": false,
  "outcome": "(empty)",
  "channel": "wedged",
  "interpretation_hint": "PROP-sync also wedged → first slot call kills the QtRO source-replica connection; all subsequent slot calls are no-ops; need source-side fix (worker-thread dispatch + marshalled PROP updates) OR upstream capability_module eventResponse fix"
}=== 6/6 stage 3 (topic + post) — runs even if earlier stages wedged ===
{"stage3":"FAIL","reason":"topic outcome never updated"}<repo>/tools/store_probe.sh: line 422: 89769 Terminated: 15          LOGOS_NO_SCHEME_REGISTER=1 QML_INSPECTOR_PORT=$PORT FORUM_DB_PATH="$DBPATH" "$BC" -platform offscreen > "$EVID/host.log" 2>&1
{
  "status": "PASS",
  "s1": "1",
  "s2": "1",
  "s3": "1",
  "s1_slot_return": "WEDGED",
  "s2_prop_sync": "WEDGED",
  "s3_post_path": "WEDGED",
  "eventResponse_warnings": 2,
  "evidence": "<repo>/evidence/m5-package/store-probe-20261003-202243",
  "gate_label": "M2-GUI BLOCKED-with-receipts (see diagnosis)"
}
PASS store-probe
