INF 2026-10-02 16:15:28.321+02:00 Creating a private key and saving it       tid=43878832
WRN 2026-10-02 16:15:28.321+02:00 Node has been marked with --no-bootstrap-node and will NOT be bootstrapped topics="libstorage libstoragelifecycle" tid=43878832
INF 2026-10-02 16:15:28.322+02:00 Threadpool started                         topics="libstorage libstoragelifecycle" tid=43878832 numThreads=12
WRN 2026-10-02 16:15:28.347+02:00 No key for a QueryResponse                 topics="storage repostore" tid=43878832
NTC 2026-10-02 16:15:28.348+02:00 Started Storage node                       topics="storage node" tid=43878832 id=16U*rZiWWu addrs="[/ip4/127.0.0.1/tcp/63631]"
INF 2026-10-02 16:16:15.049+02:00 Storing data                               topics="storage node" tid=43878832
INF 2026-10-02 16:16:15.051+02:00 Stored data                                topics="storage node" tid=43878832 manifestCid=zDv*NTPyS7 treeCid=zDz*GPTj9o blocks=1 datasetSize=1629'NByte filename=some("corpus.txt") mimetype=some("text/plain")
WRN 2026-10-02 16:16:28.348+02:00 No key for a QueryResponse                 topics="storage repostore" tid=43878832
NTC 2026-10-02 16:17:00.839+02:00 Stopping Storage node                      topics="storage node" tid=43878832
INF 2026-10-02 16:17:00.839+02:00 Timer loop has stopped                     tid=43878832 name=maintenance
WRN 2026-10-02 16:17:00.839+02:00 Cancelled advertise task runner            topics="storage discoveryengine advertiser" tid=43878832
INF 2026-10-02 16:17:00.839+02:00 Exiting advertise task runner              topics="storage discoveryengine advertiser" tid=43878832
WRN 2026-10-02 16:17:00.839+02:00 Cancelled advertise local store loop       topics="storage discoveryengine advertiser" tid=43878832
INF 2026-10-02 16:17:00.839+02:00 Exiting advertise task loop                topics="storage discoveryengine advertiser" tid=43878832
WRN 2026-10-02 16:17:00.839+02:00 Cancelled advertise task runner            topics="storage discoveryengine advertiser" tid=43878832
INF 2026-10-02 16:17:00.839+02:00 Exiting advertise task runner              topics="storage discoveryengine advertiser" tid=43878832
WRN 2026-10-02 16:17:00.839+02:00 Cancelled advertise task runner            topics="storage discoveryengine advertiser" tid=43878832
INF 2026-10-02 16:17:00.839+02:00 Exiting advertise task runner              topics="storage discoveryengine advertiser" tid=43878832
WRN 2026-10-02 16:17:00.839+02:00 Cancelled advertise task runner            topics="storage discoveryengine advertiser" tid=43878832
INF 2026-10-02 16:17:00.839+02:00 Exiting advertise task runner              topics="storage discoveryengine advertiser" tid=43878832
WRN 2026-10-02 16:17:00.839+02:00 Cancelled advertise task runner            topics="storage discoveryengine advertiser" tid=43878832
INF 2026-10-02 16:17:00.839+02:00 Exiting advertise task runner              topics="storage discoveryengine advertiser" tid=43878832
WRN 2026-10-02 16:17:00.839+02:00 Cancelled advertise task runner            topics="storage discoveryengine advertiser" tid=43878832
INF 2026-10-02 16:17:00.839+02:00 Exiting advertise task runner              topics="storage discoveryengine advertiser" tid=43878832
WRN 2026-10-02 16:17:00.839+02:00 Cancelled advertise task runner            topics="storage discoveryengine advertiser" tid=43878832
INF 2026-10-02 16:17:00.839+02:00 Exiting advertise task runner              topics="storage discoveryengine advertiser" tid=43878832
WRN 2026-10-02 16:17:00.839+02:00 Cancelled advertise task runner            topics="storage discoveryengine advertiser" tid=43878832
INF 2026-10-02 16:17:00.839+02:00 Exiting advertise task runner              topics="storage discoveryengine advertiser" tid=43878832
WRN 2026-10-02 16:17:00.839+02:00 Cancelled advertise task runner            topics="storage discoveryengine advertiser" tid=43878832
INF 2026-10-02 16:17:00.839+02:00 Exiting advertise task runner              topics="storage discoveryengine advertiser" tid=43878832
WRN 2026-10-02 16:17:00.839+02:00 Cancelled advertise task runner            topics="storage discoveryengine advertiser" tid=43878832
INF 2026-10-02 16:17:00.839+02:00 Exiting advertise task runner              topics="storage discoveryengine advertiser" tid=43878832
