run-logos-standalone-ui: hot-reloading QML from <repo>/src/qml
  (export DEV_QML_PATH to override, or LOGOS_QML_HOT_RELOAD=0 to disable)
Session directory: "~/Library/Application Support/Logos/LogosStandalone"
[2026-10-02 10:06:16.432] [info] [logos] Granting host services to 'capability_module': token_registry,token_delivery
[2026-10-02 10:06:16.462] [out] [capability_module] [2026-10-02 10:06:16.461] [info] Granting host services to capability_module: ["token_registry","token_delivery"]
RemoteTransportConnection: Connecting to registry: "local:logos_capability_module_3438fab95874" at "10:06:16.463"
RemoteTransportConnection: Registry connect attempt started (no peer contact yet): "local:logos_capability_module_3438fab95874"
LogosAPIConsumer: Informing module token for module: "capability_module" with token: "redacted:19cf76e2…"
RemoteTransportConnection: Requesting object: "capability_module" at "10:06:16.463"
[LogosObject] RemoteTransportConnection: returning RemoteLogosObject for: "capability_module"
[LogosObject] Created RemoteLogosObject wrapping QRemoteObjectReplica 105553150698912
[LogosObject] LogosAPIConsumer: calling LogosObject::informModuleToken for "capability_module"
LogosAPIConsumer: informModuleToken completed with result: true
[LogosObject] Destroying RemoteLogosObject 0
[2026-10-02 10:06:16.463] [info] [logos] Module loaded: capability_module
LogosAPIConsumer: Informing module token for module: "modules_state" with token: "redacted:e40a3baa…"
RemoteTransportConnection: Requesting object: "capability_module" at "10:06:16.492"
[LogosObject] RemoteTransportConnection: returning RemoteLogosObject for: "capability_module"
[LogosObject] Created RemoteLogosObject wrapping QRemoteObjectReplica 105553150674944
[LogosObject] LogosAPIConsumer: calling LogosObject::informModuleToken for "modules_state"
LogosAPIConsumer: informModuleToken completed with result: true
[LogosObject] Destroying RemoteLogosObject 0
[2026-10-02 10:06:16.492] [info] [logos] Module loaded: modules_state
RemoteTransportConnection: Connecting to registry: "local:logos_modules_state_3438fab95874" at "10:06:16.492"
RemoteTransportConnection: Registry connect attempt started (no peer contact yet): "local:logos_modules_state_3438fab95874"
RemoteTransportConnection: Connecting to registry: "local:logos_capability_module_3438fab95874" at "10:06:16.492"
RemoteTransportConnection: Registry connect attempt started (no peer contact yet): "local:logos_capability_module_3438fab95874"
LogosAPIConsumer: '"modules_state"::""' deferred pending the module becoming reachable
LogosAPIConsumer: '"modules_state"::""' deferred pending the module becoming reachable
Logos Core started (modules dir: "/nix/store/4v2cj5cr5dlsjb9cl0blr0cds0qf07iv-logos-forum_module-plugin-dir-modules" )
Set app icon from metadata: "/nix/store/bsan64ld93pjyzdxsj3my1ia2jhfghl0-logos-forum_module-plugin-dir/src/icons/icon.png"
[2026-10-02 10:06:16.524] [info] [logos] [delivery_module] DeliveryModuleImpl: Initializing...
LogosAPIConsumer: Informing module token for module: "delivery_module" with token: "redacted:f9237f58…"
RemoteTransportConnection: Requesting object: "capability_module" at "10:06:16.525"
[LogosObject] RemoteTransportConnection: returning RemoteLogosObject for: "capability_module"
[LogosObject] Created RemoteLogosObject wrapping QRemoteObjectReplica 105553150708832
[LogosObject] LogosAPIConsumer: calling LogosObject::informModuleToken for "delivery_module"
LogosAPIConsumer: informModuleToken completed with result: true
[LogosObject] Destroying RemoteLogosObject 0
[2026-10-02 10:06:16.525] [info] [logos] Module loaded: delivery_module
RemoteTransportConnection: Connecting to registry: "local:logos_delivery_module_3438fab95874" at "10:06:16.526"
RemoteTransportConnection: Registry connect attempt started (no peer contact yet): "local:logos_delivery_module_3438fab95874"
RemoteTransportConnection: Connecting to registry: "local:logos_capability_module_3438fab95874" at "10:06:16.526"
RemoteTransportConnection: Registry connect attempt started (no peer contact yet): "local:logos_capability_module_3438fab95874"
LogosAPIConsumer: '"delivery_module"::""' deferred pending the module becoming reachable
LogosAPIClient: getToken for module: "modules_state"
LogosAPIClient: Found token for module: "modules_state"
RemoteTransportConnection: Requesting object: "modules_state" at "10:06:16.526"
[LogosObject] RemoteTransportConnection: returning RemoteLogosObject for: "modules_state"
[LogosObject] Created RemoteLogosObject wrapping QRemoteObjectReplica 105553150710976
[LogosObject] LogosAPIConsumer: async calling via LogosObject::callMethodAsync "note_transition"
[LogosObject] RemoteLogosObject::callMethodAsync "note_transition" args: 7
LogosAPIClient: getToken for module: "modules_state"
LogosAPIClient: Found token for module: "modules_state"
[LogosObject] LogosAPIConsumer: async calling via LogosObject::callMethodAsync "note_transition"
[LogosObject] RemoteLogosObject::callMethodAsync "note_transition" args: 7
Loaded dependency (with transitive deps): "delivery_module"
[2026-10-02 10:06:16.555] [info] [logos] [storage_module] StorageModuleImpl: Initializing...
LogosAPIConsumer: Informing module token for module: "storage_module" with token: "redacted:40daf1fc…"
RemoteTransportConnection: Requesting object: "capability_module" at "10:06:16.555"
[LogosObject] Created RemoteLogosObject wrapping QRemoteObjectReplica 105553150676192
LogosAPIClient: invoking remote method "modules_state" "apply_snapshot" args_count: 1
LogosAPIClient: getToken for module: "modules_state"
LogosAPIClient: Found token for module: "modules_state"
LogosAPIConsumer: Calling invokeRemoteMethod: "modules_state" "apply_snapshot" args_count: 1 timeout: 20000
[LogosObject] LogosAPIConsumer: calling via LogosObject::callMethod "apply_snapshot"
[LogosObject] RemoteLogosObject::callMethod "apply_snapshot" args: 1
[LogosObject] Created RemoteLogosObject wrapping QRemoteObjectReplica 105553150710720
LogosAPIClient: getToken for module: "modules_state"
LogosAPIClient: Found token for module: "modules_state"
[LogosObject] LogosAPIConsumer: async calling via LogosObject::callMethodAsync "note_transition"
[LogosObject] RemoteLogosObject::callMethodAsync "note_transition" args: 7
LogosAPIClient: getToken for module: "modules_state"
LogosAPIClient: Found token for module: "modules_state"
[LogosObject] LogosAPIConsumer: async calling via LogosObject::callMethodAsync "note_transition"
[LogosObject] RemoteLogosObject::callMethodAsync "note_transition" args: 7
[2026-10-02 10:06:16.555] [info] [logos] Pushed module snapshot to modules_state
LogosAPIClient: getToken for module: "modules_state"
LogosAPIClient: Found token for module: "modules_state"
[LogosObject] LogosAPIConsumer: async calling via LogosObject::callMethodAsync "note_transition"
[LogosObject] RemoteLogosObject::callMethodAsync "note_transition" args: 7
[LogosObject] RemoteTransportConnection: returning RemoteLogosObject for: "capability_module"
[LogosObject] Created RemoteLogosObject wrapping QRemoteObjectReplica 105553150711584
[LogosObject] LogosAPIConsumer: calling LogosObject::informModuleToken for "storage_module"
LogosAPIConsumer: informModuleToken completed with result: true
[LogosObject] Destroying RemoteLogosObject 0
[2026-10-02 10:06:16.556] [info] [logos] Module loaded: storage_module
RemoteTransportConnection: Connecting to registry: "local:logos_storage_module_3438fab95874" at "10:06:16.556"
RemoteTransportConnection: Registry connect attempt started (no peer contact yet): "local:logos_storage_module_3438fab95874"
RemoteTransportConnection: Connecting to registry: "local:logos_capability_module_3438fab95874" at "10:06:16.556"
RemoteTransportConnection: Registry connect attempt started (no peer contact yet): "local:logos_capability_module_3438fab95874"
LogosAPIConsumer: '"storage_module"::""' deferred pending the module becoming reachable
LogosAPIClient: getToken for module: "modules_state"
LogosAPIClient: Found token for module: "modules_state"
[LogosObject] LogosAPIConsumer: async calling via LogosObject::callMethodAsync "note_transition"
[LogosObject] RemoteLogosObject::callMethodAsync "note_transition" args: 7
Loaded dependency (with transitive deps): "storage_module"
DEV_QML_PATH override active: <repo>/src/qml/Main.qml
RemoteTransportConnection: Connecting to registry: "local:logos_capability_module_3438fab95874" at "10:06:16.556"
RemoteTransportConnection: Registry connect attempt started (no peer contact yet): "local:logos_capability_module_3438fab95874"
LogosAPIConsumer: Informing module token for module: "forum_module" with token: "redacted:7a6238bc…"
RemoteTransportConnection: Requesting object: "capability_module" at "10:06:16.556"
[LogosObject] Created RemoteLogosObject wrapping QRemoteObjectReplica 105553150633760
LogosAPIClient: getToken for module: "modules_state"
LogosAPIClient: Found token for module: "modules_state"
[LogosObject] LogosAPIConsumer: async calling via LogosObject::callMethodAsync "note_transition"
[LogosObject] RemoteLogosObject::callMethodAsync "note_transition" args: 7
[LogosObject] RemoteTransportConnection: returning RemoteLogosObject for: "capability_module"
[LogosObject] Created RemoteLogosObject wrapping QRemoteObjectReplica 105553150634848
[LogosObject] LogosAPIConsumer: calling LogosObject::informModuleToken for "forum_module"
LogosAPIConsumer: informModuleToken completed with result: true
[LogosObject] Destroying RemoteLogosObject 0
[2026-10-02 10:06:16.781] [warning] [logos] [capability_module] Warning: QObject::connect: No such signal ::eventResponse(QString,QVariantList)
[2026-10-02 10:06:16.781] [info] [logos] [delivery_module] DeliveryModuleImpl::getNodeInfo called with nodeInfoId: MyPeerId
[2026-10-02 10:06:16.781] [info] [logos] [delivery_module] DeliveryModuleImpl: Cannot get node info - context not initialized. Call createNode first.
[2026-10-02 10:06:16.781] [info] [logos] [delivery_module] DeliveryModuleImpl::createNode called
[2026-10-02 10:06:16.788] [info] [logos] [delivery_module] DeliveryModuleImpl: Waiting for createNode callback...
[2026-10-02 10:06:16.789] [out] [delivery_module] DBG 2026-10-02 10:06:16.789+02:00 Whether to mount storeSync is not specified, defaulting to not mounting topics="waku conf builder" tid=42731187
[2026-10-02 10:06:16.789] [out] [delivery_module] INF 2026-10-02 10:06:16.789+02:00 Sharding configuration:                    topics="waku conf builder" tid=42731187 shardingConf="(kind: AutoSharding, numShardsInCluster: 1)" subscribeShards=@[0]
[2026-10-02 10:06:16.789] [out] [delivery_module] INF 2026-10-02 10:06:16.789+02:00 Configuration: Enabled protocols           topics="waku conf" tid=42731187 relay=true rlnRelay=false store=false filter=false lightPush=false peerExchange=false rendezvous=false
[2026-10-02 10:06:16.789] [out] [delivery_module] INF 2026-10-02 10:06:16.789+02:00 Configuration. Network                     topics="waku conf" tid=42731187 cluster=42
[2026-10-02 10:06:16.789] [out] [delivery_module] DBG 2026-10-02 10:06:16.789+02:00 Configuration. Active Relay Shards         topics="waku conf" tid=42731187 shard=0
[2026-10-02 10:06:16.789] [out] [delivery_module] INF 2026-10-02 10:06:16.789+02:00 Setting up storage                         tid=42731187
[2026-10-02 10:06:16.789] [out] [delivery_module] INF 2026-10-02 10:06:16.789+02:00 Initializing node                          tid=42731187
[2026-10-02 10:06:16.790] [out] [delivery_module] INF 2026-10-02 10:06:16.790+02:00 Initializing networking                    tid=42731187 addrs=@[/ip4/127.0.0.1/tcp/64360]
[2026-10-02 10:06:16.790] [out] [delivery_module] INF 2026-10-02 10:06:16.790+02:00 Mounting protocols                         tid=42731187
[2026-10-02 10:06:16.790] [out] [delivery_module] INF 2026-10-02 10:06:16.790+02:00 Created WakuMetadata protocol              topics="waku node" tid=42731187 clusterId=42 shards="[0]"
[2026-10-02 10:06:16.790] [out] [delivery_module] INF 2026-10-02 10:06:16.790+02:00 mounting store client                      topics="waku node store api" tid=42731187
[2026-10-02 10:06:16.790] [out] [delivery_module] INF 2026-10-02 10:06:16.790+02:00 Mounting auto sharding                     topics="waku node" tid=42731187 clusterId=42 shardCount=1
[2026-10-02 10:06:16.790] [out] [delivery_module] DBG 2026-10-02 10:06:16.790+02:00 Shards created from content topics         tid=42731187 contentTopics=[] shards=[]
[2026-10-02 10:06:16.790] [out] [delivery_module] DBG 2026-10-02 10:06:16.790+02:00 Setting max message size                   tid=42731187 num_bytes=153600
[2026-10-02 10:06:16.790] [out] [delivery_module] INF 2026-10-02 10:06:16.790+02:00 mounting relay protocol                    topics="waku node relay api" tid=42731187
[2026-10-02 10:06:16.790] [out] [delivery_module] DBG 2026-10-02 10:06:16.790+02:00 relay mounted successfully                 topics="waku node relay api" tid=42731187
[2026-10-02 10:06:16.790] [out] [delivery_module] DBG 2026-10-02 10:06:16.790+02:00 Adding validator to signed shards          tid=42731187 protectedShards=[] clusterId=42
[2026-10-02 10:06:16.790] [out] [delivery_module] INF 2026-10-02 10:06:16.790+02:00 mounting libp2p ping protocol              topics="waku node ping api" tid=42731187
[2026-10-02 10:06:16.790] [out] [delivery_module] INF 2026-10-02 10:06:16.790+02:00 mounting light push client                 topics="waku node lightpush api" tid=42731187
[2026-10-02 10:06:16.790] [out] [delivery_module] INF 2026-10-02 10:06:16.790+02:00 mounting legacy light push client          topics="waku node lightpush api" tid=42731187
[2026-10-02 10:06:16.790] [out] [delivery_module] INF 2026-10-02 10:06:16.790+02:00 mounting filter client                     topics="waku node filter api" tid=42731187
[2026-10-02 10:06:16.790] [out] [delivery_module] INF 2026-10-02 10:06:16.790+02:00 mounting waku peer exchange client         topics="waku node peerexchange api" tid=42731187
[2026-10-02 10:06:16.790] [out] [delivery_module] INF 2026-10-02 10:06:16.790+02:00 No external callbacks to be set            topics="wakunode waku" tid=42731187
[2026-10-02 10:06:16.790] [out] [delivery_module] INF 2026-10-02 10:06:16.790+02:00 Setting up AutonatService                  topics="libp2p autonatservice" tid=42731187
[2026-10-02 10:06:16.790] [info] [logos] [delivery_module] DeliveryModuleImpl::createNode callback called with ret: 0
[2026-10-02 10:06:16.791] [info] [logos] [delivery_module] DeliveryModuleImpl: Delivery context created successfully
[2026-10-02 10:06:16.791] [info] [logos] [delivery_module] DeliveryModuleImpl::start called
[2026-10-02 10:06:16.791] [out] [delivery_module] INF 2026-10-02 10:06:16.791+02:00 Retrieve dynamic bootstrap nodes           topics="wakunode waku" tid=42731187
[2026-10-02 10:06:16.791] [out] [delivery_module] INF 2026-10-02 10:06:16.791+02:00 Running nwaku node                         tid=42731187 version=v0.39.0-gca2814
[2026-10-02 10:06:16.791] [out] [delivery_module] INF 2026-10-02 10:06:16.791+02:00 Starting Waku node                         topics="waku node" tid=42731187 version=v0.39.0-gca2814
[2026-10-02 10:06:16.791] [info] [logos] [delivery_module] DeliveryModuleImpl::getNodeInfo called with nodeInfoId: MyPeerId
[2026-10-02 10:06:16.791] [out] [delivery_module] DBG 2026-10-02 10:06:16.791+02:00 starting switch for peer                   topics="libp2p switch" tid=42731187 peerInfo="(peerId: 16Uiu2HAm1phALnhWkireustn3Egon2ckQmeYsBS1Px7wmpGHeYHE, listenAddrs: [/ip4/127.0.0.1/tcp/64360], addrs: [], protocols: [/ipfs/id/1.0.0, /libp2p/autonat/1.0.0, /libp2p/circuit/relay/0.2.0/hop, /vac/waku/metadata/1.0.0, /vac/waku/relay/2.0.0, /ipfs/ping/1.0.0, /vac/waku/filter-push/2.0.0-beta1], protoVersion: ipfs/0.1.0, agentVersion: logos-delivery-v0.39.0-gca2814)"
[2026-10-02 10:06:16.791] [out] [delivery_module] DBG 2026-10-02 10:06:16.791+02:00 About to accept incoming connection        topics="libp2p switch" tid=42731187
[2026-10-02 10:06:16.791] [out] [delivery_module] INF 2026-10-02 10:06:16.791+02:00 start                                      topics="waku relay" tid=42731187
[2026-10-02 10:06:16.791] [out] [delivery_module] DBG 2026-10-02 10:06:16.791+02:00 Started libp2p node                        topics="libp2p switch" tid=42731187 peer="(peerId: 16Uiu2HAm1phALnhWkireustn3Egon2ckQmeYsBS1Px7wmpGHeYHE, listenAddrs: [/ip4/127.0.0.1/tcp/64360], addrs: [/ip4/127.0.0.1/tcp/64360], protocols: [/ipfs/id/1.0.0, /libp2p/autonat/1.0.0, /libp2p/circuit/relay/0.2.0/hop, /vac/waku/metadata/1.0.0, /vac/waku/relay/2.0.0, /ipfs/ping/1.0.0, /vac/waku/filter-push/2.0.0-beta1], protoVersion: ipfs/0.1.0, agentVersion: logos-delivery-v0.39.0-gca2814)"
[2026-10-02 10:06:16.792] [out] [delivery_module] INF 2026-10-02 10:06:16.792+02:00 Announced base resolved                    topics="waku node" tid=42731187 addrs=@[/ip4/127.0.0.1/tcp/64360] explicit=@[/ip4/127.0.0.1/tcp/64360]
[2026-10-02 10:06:16.792] [out] [delivery_module] DBG 2026-10-02 10:06:16.792+02:00 ENR addresses updated                      topics="waku enr" tid=42731187 retained=1 total=1
[2026-10-02 10:06:16.792] [out] [delivery_module] INF 2026-10-02 10:06:16.792+02:00 Node started successfully                  topics="waku node" tid=42731187
[2026-10-02 10:06:16.792] [out] [delivery_module] DBG 2026-10-02 10:06:16.792+02:00 Dialing multiple peers                     tid=42731187 numOfPeers=4 nodes="@[\"/ip4/127.0.0.1/tcp/64355/p2p/16Uiu2HAmDSxtt7hwooRgDeiA6P11A4in4eAz5PsBDiMnBfY9HYmY\", \"/ip4/127.0.0.1/tcp/64356/p2p/16Uiu2HAmG5rWJw11eyijpaZhmMojf8gdehZWDrjiWiuuV7YE5QBd\", \"/ip4/127.0.0.1/tcp/64357/p2p/16Uiu2HAkudzkcbzpRLFKUuumW8Y3RQWGFirTvFyWxD5Tjd4WTCZa\", \"/ip4/127.0.0.1/tcp/64358/p2p/16Uiu2HAkvHYAY1CB9HgneMAWauz4gY9ztaaMxVeYTsxgDR6bo61Y\"]"
[2026-10-02 10:06:16.793] [out] [delivery_module] DBG 2026-10-02 10:06:16.793+02:00 Dialing peer                               topics="libp2p dialer" tid=42731187 peerId=16U*Y9HYmY addrs="[/ip4/127.0.0.1/tcp/64355]"
[2026-10-02 10:06:16.793] [out] [delivery_module] DBG 2026-10-02 10:06:16.793+02:00 Expanded address and hostname              topics="libp2p dialer" tid=42731187 expandedAddress=/ip4/127.0.0.1/tcp/64355 hostname=127.0.0.1 resolvedAddresses="[/ip4/127.0.0.1/tcp/64355]"
[2026-10-02 10:06:16.793] [out] [delivery_module] DBG 2026-10-02 10:06:16.793+02:00 Dialing peer                               topics="libp2p dialer" tid=42731187 peerId=16U*YE5QBd addrs="[/ip4/127.0.0.1/tcp/64356]"
[2026-10-02 10:06:16.793] [out] [delivery_module] DBG 2026-10-02 10:06:16.793+02:00 Expanded address and hostname              topics="libp2p dialer" tid=42731187 expandedAddress=/ip4/127.0.0.1/tcp/64356 hostname=127.0.0.1 resolvedAddresses="[/ip4/127.0.0.1/tcp/64356]"
[2026-10-02 10:06:16.793] [out] [delivery_module] DBG 2026-10-02 10:06:16.793+02:00 Dialing peer                               topics="libp2p dialer" tid=42731187 peerId=16U*4WTCZa addrs="[/ip4/127.0.0.1/tcp/64357]"
[2026-10-02 10:06:16.793] [out] [delivery_module] DBG 2026-10-02 10:06:16.793+02:00 Expanded address and hostname              topics="libp2p dialer" tid=42731187 expandedAddress=/ip4/127.0.0.1/tcp/64357 hostname=127.0.0.1 resolvedAddresses="[/ip4/127.0.0.1/tcp/64357]"
[2026-10-02 10:06:16.793] [out] [delivery_module] DBG 2026-10-02 10:06:16.793+02:00 Dialing peer                               topics="libp2p dialer" tid=42731187 peerId=16U*6bo61Y addrs="[/ip4/127.0.0.1/tcp/64358]"
[2026-10-02 10:06:16.793] [out] [delivery_module] DBG 2026-10-02 10:06:16.793+02:00 Expanded address and hostname              topics="libp2p dialer" tid=42731187 expandedAddress=/ip4/127.0.0.1/tcp/64358 hostname=127.0.0.1 resolvedAddresses="[/ip4/127.0.0.1/tcp/64358]"
[2026-10-02 10:06:16.794] [info] [logos] [delivery_module] DeliveryModuleImpl::subscribe called with contentTopic: /lp0026forum/1/general/text
[2026-10-02 10:06:16.795] [out] [delivery_module] DBG 2026-10-02 10:06:16.795+02:00 Subscribing to pubsub topic                topics="waku relay" tid=42731187 pubsubTopic=/waku/2/rs/42/0
[2026-10-02 10:06:16.795] [info] [logos] [delivery_module] DeliveryModuleImpl: Subscribe completed for topic: /lp0026forum/1/general/text with success
[2026-10-02 10:06:16.795] [out] [delivery_module] DBG 2026-10-02 10:06:16.795+02:00 No mesh peer for the given pubsub topic    topics="waku relay" tid=42731187 pubsubTopic=/waku/2/rs/42/0
[2026-10-02 10:06:16.796] [out] [delivery_module] DBG 2026-10-02 10:06:16.796+02:00 Dial successful                            topics="libp2p dialer" tid=42731187 peerId=16U*Y9HYmY
[2026-10-02 10:06:16.796] [out] [delivery_module] DBG 2026-10-02 10:06:16.796+02:00 starting sendNonHighPriorityTask           topics="libp2p pubsubpeer" tid=42731187 p=16U*Y9HYmY
[2026-10-02 10:06:16.796] [out] [delivery_module] DBG 2026-10-02 10:06:16.796+02:00 created new pubsub peer                    topics="libp2p pubsub" tid=42731187 peerId=16U*Y9HYmY
[2026-10-02 10:06:16.796] [out] [delivery_module] DBG 2026-10-02 10:06:16.796+02:00 no listener registered                     tid=42731188 event=onConnectionChange
[2026-10-02 10:06:16.796] [out] [delivery_module] DBG 2026-10-02 10:06:16.796+02:00 Incoming WakuRelay connection              topics="waku relay" tid=42731187 connection=16U*Y9HYmY:6abf65f8242ce6eba19466fa protocol=/vac/waku/relay/2.0.0
[2026-10-02 10:06:16.796] [out] [delivery_module] DBG 2026-10-02 10:06:16.796+02:00 starting pubsub read loop                  topics="libp2p pubsubpeer" tid=42731187 stream=16U*Y9HYmY:6abf65f8242ce6eba19466fa peer=16U*Y9HYmY closed=false
[2026-10-02 10:06:16.796] [out] [delivery_module] DBG 2026-10-02 10:06:16.796+02:00 identify: info sent                        topics="libp2p identify" tid=42731187 stream=16U*Y9HYmY:6abf65f8242ce6eba19466fb info="(peerId: 16Uiu2HAm1phALnhWkireustn3Egon2ckQmeYsBS1Px7wmpGHeYHE, listenAddrs: [/ip4/127.0.0.1/tcp/64360], addrs: [/ip4/127.0.0.1/tcp/64360], protocols: [/ipfs/id/1.0.0, /libp2p/autonat/1.0.0, /libp2p/circuit/relay/0.2.0/hop, /vac/waku/metadata/1.0.0, /vac/waku/relay/2.0.0, /ipfs/ping/1.0.0, /vac/waku/filter-push/2.0.0-beta1], protoVersion: ipfs/0.1.0, agentVersion: logos-delivery-v0.39.0-gca2814)"
[2026-10-02 10:06:16.796] [out] [delivery_module] DBG 2026-10-02 10:06:16.796+02:00 Dial successful                            topics="libp2p dialer" tid=42731187 peerId=16U*YE5QBd
[2026-10-02 10:06:16.797] [out] [delivery_module] DBG 2026-10-02 10:06:16.797+02:00 starting sendNonHighPriorityTask           topics="libp2p pubsubpeer" tid=42731187 p=16U*YE5QBd
[2026-10-02 10:06:16.797] [out] [delivery_module] DBG 2026-10-02 10:06:16.797+02:00 created new pubsub peer                    topics="libp2p pubsub" tid=42731187 peerId=16U*YE5QBd
[2026-10-02 10:06:16.797] [out] [delivery_module] DBG 2026-10-02 10:06:16.797+02:00 no listener registered                     tid=42731188 event=onConnectionChange
[2026-10-02 10:06:16.797] [out] [delivery_module] DBG 2026-10-02 10:06:16.797+02:00 Incoming WakuRelay connection              topics="waku relay" tid=42731187 connection=16U*YE5QBd:6abf65f8242ce6eba19466fe protocol=/vac/waku/relay/2.0.0
[2026-10-02 10:06:16.797] [out] [delivery_module] DBG 2026-10-02 10:06:16.797+02:00 starting pubsub read loop                  topics="libp2p pubsubpeer" tid=42731187 stream=16U*YE5QBd:6abf65f8242ce6eba19466fe peer=16U*YE5QBd closed=false
[2026-10-02 10:06:16.797] [out] [delivery_module] DBG 2026-10-02 10:06:16.797+02:00 identify: info sent                        topics="libp2p identify" tid=42731187 stream=16U*YE5QBd:6abf65f8242ce6eba19466ff info="(peerId: 16Uiu2HAm1phALnhWkireustn3Egon2ckQmeYsBS1Px7wmpGHeYHE, listenAddrs: [/ip4/127.0.0.1/tcp/64360], addrs: [/ip4/127.0.0.1/tcp/64360], protocols: [/ipfs/id/1.0.0, /libp2p/autonat/1.0.0, /libp2p/circuit/relay/0.2.0/hop, /vac/waku/metadata/1.0.0, /vac/waku/relay/2.0.0, /ipfs/ping/1.0.0, /vac/waku/filter-push/2.0.0-beta1], protoVersion: ipfs/0.1.0, agentVersion: logos-delivery-v0.39.0-gca2814)"
[2026-10-02 10:06:16.797] [out] [delivery_module] DBG 2026-10-02 10:06:16.797+02:00 Dial successful                            topics="libp2p dialer" tid=42731187 peerId=16U*4WTCZa
[2026-10-02 10:06:16.797] [out] [delivery_module] DBG 2026-10-02 10:06:16.797+02:00 starting sendNonHighPriorityTask           topics="libp2p pubsubpeer" tid=42731187 p=16U*4WTCZa
[2026-10-02 10:06:16.797] [out] [delivery_module] DBG 2026-10-02 10:06:16.797+02:00 created new pubsub peer                    topics="libp2p pubsub" tid=42731187 peerId=16U*4WTCZa
[2026-10-02 10:06:16.797] [out] [delivery_module] DBG 2026-10-02 10:06:16.797+02:00 no listener registered                     tid=42731188 event=onConnectionChange
[2026-10-02 10:06:16.797] [out] [delivery_module] DBG 2026-10-02 10:06:16.797+02:00 Dial successful                            topics="libp2p dialer" tid=42731187 peerId=16U*6bo61Y
[2026-10-02 10:06:16.797] [out] [delivery_module] DBG 2026-10-02 10:06:16.797+02:00 starting sendNonHighPriorityTask           topics="libp2p pubsubpeer" tid=42731187 p=16U*6bo61Y
[2026-10-02 10:06:16.797] [out] [delivery_module] DBG 2026-10-02 10:06:16.797+02:00 created new pubsub peer                    topics="libp2p pubsub" tid=42731187 peerId=16U*6bo61Y
[2026-10-02 10:06:16.797] [out] [delivery_module] DBG 2026-10-02 10:06:16.797+02:00 no listener registered                     tid=42731188 event=onConnectionChange
[2026-10-02 10:06:16.798] [out] [delivery_module] DBG 2026-10-02 10:06:16.798+02:00 Incoming WakuRelay connection              topics="waku relay" tid=42731187 connection=16U*4WTCZa:6abf65f8242ce6eba1946702 protocol=/vac/waku/relay/2.0.0
[2026-10-02 10:06:16.798] [out] [delivery_module] DBG 2026-10-02 10:06:16.798+02:00 starting pubsub read loop                  topics="libp2p pubsubpeer" tid=42731187 stream=16U*4WTCZa:6abf65f8242ce6eba1946702 peer=16U*4WTCZa closed=false
[2026-10-02 10:06:16.798] [out] [delivery_module] DBG 2026-10-02 10:06:16.798+02:00 identify: info sent                        topics="libp2p identify" tid=42731187 stream=16U*4WTCZa:6abf65f8242ce6eba1946703 info="(peerId: 16Uiu2HAm1phALnhWkireustn3Egon2ckQmeYsBS1Px7wmpGHeYHE, listenAddrs: [/ip4/127.0.0.1/tcp/64360], addrs: [/ip4/127.0.0.1/tcp/64360], protocols: [/ipfs/id/1.0.0, /libp2p/autonat/1.0.0, /libp2p/circuit/relay/0.2.0/hop, /vac/waku/metadata/1.0.0, /vac/waku/relay/2.0.0, /ipfs/ping/1.0.0, /vac/waku/filter-push/2.0.0-beta1], protoVersion: ipfs/0.1.0, agentVersion: logos-delivery-v0.39.0-gca2814)"
[2026-10-02 10:06:16.798] [out] [delivery_module] DBG 2026-10-02 10:06:16.798+02:00 Incoming WakuRelay connection              topics="waku relay" tid=42731187 connection=16U*6bo61Y:6abf65f8242ce6eba1946704 protocol=/vac/waku/relay/2.0.0
[2026-10-02 10:06:16.798] [out] [delivery_module] DBG 2026-10-02 10:06:16.798+02:00 starting pubsub read loop                  topics="libp2p pubsubpeer" tid=42731187 stream=16U*6bo61Y:6abf65f8242ce6eba1946704 peer=16U*6bo61Y closed=false
[2026-10-02 10:06:16.798] [out] [delivery_module] DBG 2026-10-02 10:06:16.798+02:00 identify: info sent                        topics="libp2p identify" tid=42731187 stream=16U*6bo61Y:6abf65f8242ce6eba1946705 info="(peerId: 16Uiu2HAm1phALnhWkireustn3Egon2ckQmeYsBS1Px7wmpGHeYHE, listenAddrs: [/ip4/127.0.0.1/tcp/64360], addrs: [/ip4/127.0.0.1/tcp/64360], protocols: [/ipfs/id/1.0.0, /libp2p/autonat/1.0.0, /libp2p/circuit/relay/0.2.0/hop, /vac/waku/metadata/1.0.0, /vac/waku/relay/2.0.0, /ipfs/ping/1.0.0, /vac/waku/filter-push/2.0.0-beta1], protoVersion: ipfs/0.1.0, agentVersion: logos-delivery-v0.39.0-gca2814)"
[2026-10-02 10:06:16.798] [out] [delivery_module] DBG 2026-10-02 10:06:16.798+02:00 identify: info received                    topics="libp2p identify" tid=42731187 stream=16U*Y9HYmY:6abf65f8242ce6eba19466fd pubkey=ok(sec...214b)) addresses=/ip4/127.0.0.1/tcp/64355 protocols=/ipfs/id/1.0.0,/libp2p/autonat/1.0.0,/libp2p/circuit/relay/0.2.0/hop,/vac/waku/metadata/1.0.0,/mix/1.0.0,/vac/waku/relay/2.0.0,/ipfs/ping/1.0.0,/vac/waku/lightpush/3.0.0,/vac/waku/lightpush/2.0.0-beta1,/vac/waku/filter-push/2.0.0-beta1 observable_address=ok(/ip4/127.0.0.1/tcp/64420) proto_version=ipfs/0.1.0 agent_version=logos-delivery-v0.39.0-gca2814 signedPeerRecord=None
[2026-10-02 10:06:16.798] [out] [delivery_module] DBG 2026-10-02 10:06:16.798+02:00 starting pubsub read loop                  topics="libp2p pubsubpeer" tid=42731187 stream=16U*Y9HYmY:6abf65f8242ce6eba19466fc peer=16U*Y9HYmY closed=false
[2026-10-02 10:06:16.799] [out] [delivery_module] DBG 2026-10-02 10:06:16.799+02:00 Event identified                           topics="waku node peer_manager" tid=42731187 peerId=16U*Y9HYmY
[2026-10-02 10:06:16.799] [out] [delivery_module] DBG 2026-10-02 10:06:16.799+02:00 no listener registered                     tid=42731188 event=onConnectionChange
[2026-10-02 10:06:16.799] [out] [delivery_module] DBG 2026-10-02 10:06:16.799+02:00 identify: info received                    topics="libp2p identify" tid=42731187 stream=16U*YE5QBd:6abf65f8242ce6eba1946701 pubkey=ok(sec...42bd)) addresses=/ip4/127.0.0.1/tcp/64356 protocols=/ipfs/id/1.0.0,/libp2p/autonat/1.0.0,/libp2p/circuit/relay/0.2.0/hop,/vac/waku/metadata/1.0.0,/mix/1.0.0,/vac/waku/relay/2.0.0,/ipfs/ping/1.0.0,/vac/waku/lightpush/3.0.0,/vac/waku/lightpush/2.0.0-beta1,/vac/waku/filter-push/2.0.0-beta1 observable_address=ok(/ip4/127.0.0.1/tcp/64421) proto_version=ipfs/0.1.0 agent_version=logos-delivery-v0.39.0-gca2814 signedPeerRecord=None
[2026-10-02 10:06:16.799] [out] [delivery_module] DBG 2026-10-02 10:06:16.799+02:00 starting pubsub read loop                  topics="libp2p pubsubpeer" tid=42731187 stream=16U*YE5QBd:6abf65f8242ce6eba1946700 peer=16U*YE5QBd closed=false
[2026-10-02 10:06:16.800] [out] [delivery_module] DBG 2026-10-02 10:06:16.800+02:00 Event identified                           topics="waku node peer_manager" tid=42731187 peerId=16U*YE5QBd
[2026-10-02 10:06:16.800] [out] [delivery_module] DBG 2026-10-02 10:06:16.800+02:00 no listener registered                     tid=42731188 event=onConnectionChange
[2026-10-02 10:06:16.800] [out] [delivery_module] DBG 2026-10-02 10:06:16.800+02:00 identify: info received                    topics="libp2p identify" tid=42731187 stream=16U*4WTCZa:6abf65f8242ce6eba1946707 pubkey=ok(sec...bc2e)) addresses=/ip4/127.0.0.1/tcp/64357 protocols=/ipfs/id/1.0.0,/libp2p/autonat/1.0.0,/libp2p/circuit/relay/0.2.0/hop,/vac/waku/metadata/1.0.0,/mix/1.0.0,/vac/waku/relay/2.0.0,/ipfs/ping/1.0.0,/vac/waku/lightpush/3.0.0,/vac/waku/lightpush/2.0.0-beta1,/vac/waku/filter-push/2.0.0-beta1 observable_address=ok(/ip4/127.0.0.1/tcp/64422) proto_version=ipfs/0.1.0 agent_version=logos-delivery-v0.39.0-gca2814 signedPeerRecord=None
[2026-10-02 10:06:16.800] [out] [delivery_module] DBG 2026-10-02 10:06:16.800+02:00 identify: info received                    topics="libp2p identify" tid=42731187 stream=16U*6bo61Y:6abf65f8242ce6eba1946709 pubkey=ok(sec...93c8)) addresses=/ip4/127.0.0.1/tcp/64358 protocols=/ipfs/id/1.0.0,/libp2p/autonat/1.0.0,/libp2p/circuit/relay/0.2.0/hop,/vac/waku/metadata/1.0.0,/mix/1.0.0,/vac/waku/relay/2.0.0,/ipfs/ping/1.0.0,/vac/waku/lightpush/3.0.0,/vac/waku/lightpush/2.0.0-beta1,/vac/waku/filter-push/2.0.0-beta1 observable_address=ok(/ip4/127.0.0.1/tcp/64423) proto_version=ipfs/0.1.0 agent_version=logos-delivery-v0.39.0-gca2814 signedPeerRecord=None
[2026-10-02 10:06:16.800] [out] [delivery_module] DBG 2026-10-02 10:06:16.800+02:00 starting pubsub read loop                  topics="libp2p pubsubpeer" tid=42731187 stream=16U*4WTCZa:6abf65f8242ce6eba1946706 peer=16U*4WTCZa closed=false
[2026-10-02 10:06:16.800] [out] [delivery_module] DBG 2026-10-02 10:06:16.800+02:00 starting pubsub read loop                  topics="libp2p pubsubpeer" tid=42731187 stream=16U*6bo61Y:6abf65f8242ce6eba1946708 peer=16U*6bo61Y closed=false
[2026-10-02 10:06:16.800] [out] [delivery_module] DBG 2026-10-02 10:06:16.800+02:00 Event identified                           topics="waku node peer_manager" tid=42731187 peerId=16U*4WTCZa
[2026-10-02 10:06:16.801] [out] [delivery_module] DBG 2026-10-02 10:06:16.801+02:00 no listener registered                     tid=42731188 event=onConnectionChange
[2026-10-02 10:06:16.801] [out] [delivery_module] DBG 2026-10-02 10:06:16.801+02:00 Event identified                           topics="waku node peer_manager" tid=42731187 peerId=16U*6bo61Y
[2026-10-02 10:06:16.801] [out] [delivery_module] DBG 2026-10-02 10:06:16.801+02:00 no listener registered                     tid=42731188 event=onConnectionChange
[2026-10-02 10:06:16.801] [out] [delivery_module] DBG 2026-10-02 10:06:16.801+02:00 Received WakuMetadata request              topics="waku metadata" tid=42731187 remoteClusterId=ok(42) remoteShards="[0]" localClusterId=42 localShards="[0]" peer=16U*Y9HYmY
[2026-10-02 10:06:16.802] [out] [delivery_module] DBG 2026-10-02 10:06:16.802+02:00 Received WakuMetadata request              topics="waku metadata" tid=42731187 remoteClusterId=ok(42) remoteShards="[0]" localClusterId=42 localShards="[0]" peer=16U*YE5QBd
[2026-10-02 10:06:16.802] [out] [delivery_module] DBG 2026-10-02 10:06:16.802+02:00 Received WakuMetadata request              topics="waku metadata" tid=42731187 remoteClusterId=ok(42) remoteShards="[0]" localClusterId=42 localShards="[0]" peer=16U*4WTCZa
[2026-10-02 10:06:16.802] [out] [delivery_module] DBG 2026-10-02 10:06:16.802+02:00 no listener registered                     tid=42731188 event=onConnectionChange
[2026-10-02 10:06:16.802] [out] [delivery_module] DBG 2026-10-02 10:06:16.802+02:00 Received WakuMetadata request              topics="waku metadata" tid=42731187 remoteClusterId=ok(42) remoteShards="[0]" localClusterId=42 localShards="[0]" peer=16U*6bo61Y
[2026-10-02 10:06:16.802] [out] [delivery_module] DBG 2026-10-02 10:06:16.802+02:00 no listener registered                     tid=42731188 event=onConnectionChange
[2026-10-02 10:06:16.803] [out] [delivery_module] DBG 2026-10-02 10:06:16.803+02:00 no listener registered                     tid=42731188 event=onConnectionChange
[2026-10-02 10:06:16.803] [out] [delivery_module] DBG 2026-10-02 10:06:16.803+02:00 no listener registered                     tid=42731188 event=onConnectionChange
[2026-10-02 10:06:16.803] [out] [delivery_module] DBG 2026-10-02 10:06:16.803+02:00 Finished dialing multiple peers            tid=42731187 successfulConns=4 attempted=4
[2026-10-02 10:06:16.803] [out] [delivery_module] DBG 2026-10-02 10:06:16.803+02:00 Starting peer exchange loop                topics="waku node peerexchange api" tid=42731187
[2026-10-02 10:06:16.803] [out] [delivery_module] DBG 2026-10-02 10:06:16.803+02:00 Retrieving peer info via peer exchange protocol topics="waku node peerexchange api" tid=42731187 amount=5
[2026-10-02 10:06:16.803] [out] [delivery_module] DBG 2026-10-02 10:06:16.803+02:00 Peer exchange request could not be made as no peer exchange peers found topics="waku peer_exchange client" tid=42731187
[2026-10-02 10:06:16.803] [out] [delivery_module] DBG 2026-10-02 10:06:16.803+02:00 Failed to retrieve peer info via peer exchange protocol topics="waku node peerexchange api" tid=42731187 error="(status_code: SERVICE_UNAVAILABLE, status_desc: ok(peer_not_found_failure))"
[2026-10-02 10:06:16.803] [out] [delivery_module] DBG 2026-10-02 10:06:16.803+02:00 Cannot fetch peers from peer exchange      topics="waku node peerexchange api" tid=42731187 cause="(status_code: SERVICE_UNAVAILABLE, status_desc: ok(peer_not_found_failure))"
[2026-10-02 10:06:16.804] [out] [delivery_module] INF 2026-10-02 10:06:16.804+02:00 Relay peer connections                     topics="waku node peer_manager" tid=42731187 inRelayConns=0/50 outRelayConns=4/25 totalConnections=4/150 notConnectedPeers=0 outsideBackoffPeers=0
[2026-10-02 10:06:16.804] [out] [delivery_module] DBG 2026-10-02 10:06:16.804+02:00 ENR addresses updated                      topics="waku enr" tid=42731187 retained=1 total=1
[2026-10-02 10:06:16.804] [out] [delivery_module] INF 2026-10-02 10:06:16.804+02:00 Node is online                             topics="waku online monitor" tid=42731187
[2026-10-02 10:06:16.804] [out] [delivery_module] INF 2026-10-02 10:06:16.804+02:00 Health monitor loop start                  tid=42731187
[2026-10-02 10:06:16.804] [out] [delivery_module] DBG 2026-10-02 10:06:16.804+02:00 calculateConnectionState                   tid=42731187 relayCount=4 storeClientCount=0 lightpushCount=4 filterCount=0
[2026-10-02 10:06:16.804] [out] [delivery_module] DBG 2026-10-02 10:06:16.804+02:00 connectionStatus change                    tid=42731187 oldstatus=Disconnected newstatus=Connected
[2026-10-02 10:06:16.804] [out] [delivery_module] INF 2026-10-02 10:06:16.804+02:00 starting keepalive                         tid=42731187 randomPeersKeepalive=10s allPeersKeepalive=2m
[2026-10-02 10:06:16.895] [out] [delivery_module] DBG 2026-10-02 10:06:16.895+02:00 no listener registered                     tid=42731188 event=onTopicHealthChange
[2026-10-02 10:06:16.906] [out] [delivery_module] DBG 2026-10-02 10:06:16.906+02:00 calculateConnectionState                   tid=42731187 relayCount=4 storeClientCount=0 lightpushCount=4 filterCount=0
qt.qpa.fonts: Populating font family aliases took 43 ms. Replace uses of missing font family "Sans Serif" with one that exists to avoid this cost. 
Loaded UI plugin: "/nix/store/bsan64ld93pjyzdxsj3my1ia2jhfghl0-logos-forum_module-plugin-dir"
[QmlInspector] Inspector server listening on port 3769
[QmlInspector] Client connected from "::1"
[QmlInspector] Client disconnected
[QmlInspector] Client connected from "::1"
[QmlInspector] Client disconnected
[2026-10-02 10:06:46.794] [out] [delivery_module] DBG 2026-10-02 10:06:46.794+02:00 Accepted an incoming connection            topics="libp2p switch" tid=42731187 conn=:6abf6616242ce6eba1946727
[2026-10-02 10:06:46.794] [out] [delivery_module] DBG 2026-10-02 10:06:46.794+02:00 About to accept incoming connection        topics="libp2p switch" tid=42731187
[2026-10-02 10:06:46.796] [out] [delivery_module] DBG 2026-10-02 10:06:46.796+02:00 dialMe answer is reachable                 topics="libp2p autonatservice" tid=42731187 peerId=16Uiu2HAmDSxtt7hwooRgDeiA6P11A4in4eAz5PsBDiMnBfY9HYmY
[2026-10-02 10:06:46.796] [out] [delivery_module] DBG 2026-10-02 10:06:46.796+02:00 Current status                             topics="libp2p autonatservice" tid=42731187 currentStats=Unknown confidence=none() answers=[Reachable]
[2026-10-02 10:06:46.798] [out] [delivery_module] DBG 2026-10-02 10:06:46.798+02:00 Accepted an incoming connection            topics="libp2p switch" tid=42731187 conn=:6abf6616242ce6eba194672b
[2026-10-02 10:06:46.798] [out] [delivery_module] DBG 2026-10-02 10:06:46.798+02:00 About to accept incoming connection        topics="libp2p switch" tid=42731187
[2026-10-02 10:06:46.800] [out] [delivery_module] DBG 2026-10-02 10:06:46.800+02:00 dialMe answer is reachable                 topics="libp2p autonatservice" tid=42731187 peerId=16Uiu2HAkudzkcbzpRLFKUuumW8Y3RQWGFirTvFyWxD5Tjd4WTCZa
[2026-10-02 10:06:46.800] [out] [delivery_module] DBG 2026-10-02 10:06:46.800+02:00 Current status                             topics="libp2p autonatservice" tid=42731187 currentStats=Unknown confidence=none() answers=[Reachable, Reachable]
[2026-10-02 10:06:46.802] [out] [delivery_module] DBG 2026-10-02 10:06:46.802+02:00 Accepted an incoming connection            topics="libp2p switch" tid=42731187 conn=:6abf6616242ce6eba194672f
[2026-10-02 10:06:46.802] [out] [delivery_module] DBG 2026-10-02 10:06:46.802+02:00 About to accept incoming connection        topics="libp2p switch" tid=42731187
[2026-10-02 10:06:46.804] [out] [delivery_module] DBG 2026-10-02 10:06:46.804+02:00 dialMe answer is reachable                 topics="libp2p autonatservice" tid=42731187 peerId=16Uiu2HAkvHYAY1CB9HgneMAWauz4gY9ztaaMxVeYTsxgDR6bo61Y
[2026-10-02 10:06:46.804] [out] [delivery_module] DBG 2026-10-02 10:06:46.804+02:00 Current status                             topics="libp2p autonatservice" tid=42731187 currentStats=Reachable confidence=ok(1.0) answers=[Reachable, Reachable, Reachable]
[2026-10-02 10:06:46.804] [out] [delivery_module] DBG 2026-10-02 10:06:46.804+02:00 Peer reachability status                   tid=42731187 networkReachability=Reachable confidence=1.0
[2026-10-02 10:07:16.795] [out] [delivery_module] DBG 2026-10-02 10:07:16.795+02:00 Accepted an incoming connection            topics="libp2p switch" tid=42731187 conn=:6abf6634242ce6eba194674b
[2026-10-02 10:07:16.795] [out] [delivery_module] DBG 2026-10-02 10:07:16.795+02:00 About to accept incoming connection        topics="libp2p switch" tid=42731187
[2026-10-02 10:07:16.797] [out] [delivery_module] DBG 2026-10-02 10:07:16.797+02:00 dialMe answer is reachable                 topics="libp2p autonatservice" tid=42731187 peerId=16Uiu2HAkudzkcbzpRLFKUuumW8Y3RQWGFirTvFyWxD5Tjd4WTCZa
[2026-10-02 10:07:16.797] [out] [delivery_module] DBG 2026-10-02 10:07:16.797+02:00 Current status                             topics="libp2p autonatservice" tid=42731187 currentStats=Reachable confidence=ok(1.0) answers=[Reachable, Reachable, Reachable]
[2026-10-02 10:07:16.798] [out] [delivery_module] DBG 2026-10-02 10:07:16.798+02:00 Accepted an incoming connection            topics="libp2p switch" tid=42731187 conn=:6abf6634242ce6eba194674f
[2026-10-02 10:07:16.798] [out] [delivery_module] DBG 2026-10-02 10:07:16.798+02:00 About to accept incoming connection        topics="libp2p switch" tid=42731187
[2026-10-02 10:07:16.801] [out] [delivery_module] DBG 2026-10-02 10:07:16.801+02:00 dialMe answer is reachable                 topics="libp2p autonatservice" tid=42731187 peerId=16Uiu2HAkvHYAY1CB9HgneMAWauz4gY9ztaaMxVeYTsxgDR6bo61Y
[2026-10-02 10:07:16.801] [out] [delivery_module] DBG 2026-10-02 10:07:16.801+02:00 Current status                             topics="libp2p autonatservice" tid=42731187 currentStats=Reachable confidence=ok(1.0) answers=[Reachable, Reachable, Reachable]
[2026-10-02 10:07:16.802] [out] [delivery_module] DBG 2026-10-02 10:07:16.802+02:00 Accepted an incoming connection            topics="libp2p switch" tid=42731187 conn=:6abf6634242ce6eba1946753
[2026-10-02 10:07:16.802] [out] [delivery_module] DBG 2026-10-02 10:07:16.802+02:00 About to accept incoming connection        topics="libp2p switch" tid=42731187
[2026-10-02 10:07:16.804] [out] [delivery_module] DBG 2026-10-02 10:07:16.804+02:00 dialMe answer is reachable                 topics="libp2p autonatservice" tid=42731187 peerId=16Uiu2HAmDSxtt7hwooRgDeiA6P11A4in4eAz5PsBDiMnBfY9HYmY
[2026-10-02 10:07:16.804] [out] [delivery_module] DBG 2026-10-02 10:07:16.804+02:00 Current status                             topics="libp2p autonatservice" tid=42731187 currentStats=Reachable confidence=ok(1.0) answers=[Reachable, Reachable, Reachable]
[2026-10-02 10:07:16.804] [out] [delivery_module] DBG 2026-10-02 10:07:16.804+02:00 Retrieving peer info via peer exchange protocol topics="waku node peerexchange api" tid=42731187 amount=5
[2026-10-02 10:07:16.804] [out] [delivery_module] DBG 2026-10-02 10:07:16.804+02:00 Peer exchange request could not be made as no peer exchange peers found topics="waku peer_exchange client" tid=42731187
[2026-10-02 10:07:16.804] [out] [delivery_module] DBG 2026-10-02 10:07:16.804+02:00 Failed to retrieve peer info via peer exchange protocol topics="waku node peerexchange api" tid=42731187 error="(status_code: SERVICE_UNAVAILABLE, status_desc: ok(peer_not_found_failure))"
[2026-10-02 10:07:16.804] [out] [delivery_module] DBG 2026-10-02 10:07:16.804+02:00 Cannot fetch peers from peer exchange      topics="waku node peerexchange api" tid=42731187 cause="(status_code: SERVICE_UNAVAILABLE, status_desc: ok(peer_not_found_failure))"
[2026-10-02 10:07:46.795] [out] [delivery_module] DBG 2026-10-02 10:07:46.795+02:00 Accepted an incoming connection            topics="libp2p switch" tid=42731187 conn=:6abf6652242ce6eba194676e
[2026-10-02 10:07:46.795] [out] [delivery_module] DBG 2026-10-02 10:07:46.795+02:00 About to accept incoming connection        topics="libp2p switch" tid=42731187
[2026-10-02 10:07:46.797] [out] [delivery_module] DBG 2026-10-02 10:07:46.797+02:00 dialMe answer is reachable                 topics="libp2p autonatservice" tid=42731187 peerId=16Uiu2HAkudzkcbzpRLFKUuumW8Y3RQWGFirTvFyWxD5Tjd4WTCZa
[2026-10-02 10:07:46.797] [out] [delivery_module] DBG 2026-10-02 10:07:46.797+02:00 Current status                             topics="libp2p autonatservice" tid=42731187 currentStats=Reachable confidence=ok(1.0) answers=[Reachable, Reachable, Reachable]
[2026-10-02 10:07:46.799] [out] [delivery_module] DBG 2026-10-02 10:07:46.799+02:00 Accepted an incoming connection            topics="libp2p switch" tid=42731187 conn=:6abf6652242ce6eba1946772
[2026-10-02 10:07:46.799] [out] [delivery_module] DBG 2026-10-02 10:07:46.799+02:00 About to accept incoming connection        topics="libp2p switch" tid=42731187
[2026-10-02 10:07:46.801] [out] [delivery_module] DBG 2026-10-02 10:07:46.801+02:00 dialMe answer is reachable                 topics="libp2p autonatservice" tid=42731187 peerId=16Uiu2HAmG5rWJw11eyijpaZhmMojf8gdehZWDrjiWiuuV7YE5QBd
[2026-10-02 10:07:46.801] [out] [delivery_module] DBG 2026-10-02 10:07:46.801+02:00 Current status                             topics="libp2p autonatservice" tid=42731187 currentStats=Reachable confidence=ok(1.0) answers=[Reachable, Reachable, Reachable]
[2026-10-02 10:07:46.803] [out] [delivery_module] DBG 2026-10-02 10:07:46.803+02:00 Accepted an incoming connection            topics="libp2p switch" tid=42731187 conn=:6abf6652242ce6eba1946776
[2026-10-02 10:07:46.803] [out] [delivery_module] DBG 2026-10-02 10:07:46.803+02:00 About to accept incoming connection        topics="libp2p switch" tid=42731187
[2026-10-02 10:07:46.805] [out] [delivery_module] DBG 2026-10-02 10:07:46.805+02:00 dialMe answer is reachable                 topics="libp2p autonatservice" tid=42731187 peerId=16Uiu2HAkvHYAY1CB9HgneMAWauz4gY9ztaaMxVeYTsxgDR6bo61Y
[2026-10-02 10:07:46.805] [out] [delivery_module] DBG 2026-10-02 10:07:46.805+02:00 Current status                             topics="libp2p autonatservice" tid=42731187 currentStats=Reachable confidence=ok(1.0) answers=[Reachable, Reachable, Reachable]
[2026-10-02 10:08:16.796] [out] [delivery_module] DBG 2026-10-02 10:08:16.796+02:00 Accepted an incoming connection            topics="libp2p switch" tid=42731187 conn=:6abf6670242ce6eba194678f
[2026-10-02 10:08:16.796] [out] [delivery_module] DBG 2026-10-02 10:08:16.796+02:00 About to accept incoming connection        topics="libp2p switch" tid=42731187
[2026-10-02 10:08:16.798] [out] [delivery_module] DBG 2026-10-02 10:08:16.798+02:00 dialMe answer is reachable                 topics="libp2p autonatservice" tid=42731187 peerId=16Uiu2HAmG5rWJw11eyijpaZhmMojf8gdehZWDrjiWiuuV7YE5QBd
[2026-10-02 10:08:16.798] [out] [delivery_module] DBG 2026-10-02 10:08:16.798+02:00 Current status                             topics="libp2p autonatservice" tid=42731187 currentStats=Reachable confidence=ok(1.0) answers=[Reachable, Reachable, Reachable]
[2026-10-02 10:08:16.800] [out] [delivery_module] DBG 2026-10-02 10:08:16.800+02:00 Accepted an incoming connection            topics="libp2p switch" tid=42731187 conn=:6abf6670242ce6eba1946793
[2026-10-02 10:08:16.800] [out] [delivery_module] DBG 2026-10-02 10:08:16.800+02:00 About to accept incoming connection        topics="libp2p switch" tid=42731187
[2026-10-02 10:08:16.802] [out] [delivery_module] DBG 2026-10-02 10:08:16.802+02:00 dialMe answer is reachable                 topics="libp2p autonatservice" tid=42731187 peerId=16Uiu2HAkudzkcbzpRLFKUuumW8Y3RQWGFirTvFyWxD5Tjd4WTCZa
[2026-10-02 10:08:16.802] [out] [delivery_module] DBG 2026-10-02 10:08:16.802+02:00 Current status                             topics="libp2p autonatservice" tid=42731187 currentStats=Reachable confidence=ok(1.0) answers=[Reachable, Reachable, Reachable]
[2026-10-02 10:08:16.804] [out] [delivery_module] DBG 2026-10-02 10:08:16.803+02:00 Accepted an incoming connection            topics="libp2p switch" tid=42731187 conn=:6abf6670242ce6eba1946797
[2026-10-02 10:08:16.804] [out] [delivery_module] DBG 2026-10-02 10:08:16.804+02:00 About to accept incoming connection        topics="libp2p switch" tid=42731187
[2026-10-02 10:08:16.805] [out] [delivery_module] DBG 2026-10-02 10:08:16.805+02:00 Retrieving peer info via peer exchange protocol topics="waku node peerexchange api" tid=42731187 amount=5
[2026-10-02 10:08:16.805] [out] [delivery_module] DBG 2026-10-02 10:08:16.805+02:00 Peer exchange request could not be made as no peer exchange peers found topics="waku peer_exchange client" tid=42731187
[2026-10-02 10:08:16.805] [out] [delivery_module] DBG 2026-10-02 10:08:16.805+02:00 Failed to retrieve peer info via peer exchange protocol topics="waku node peerexchange api" tid=42731187 error="(status_code: SERVICE_UNAVAILABLE, status_desc: ok(peer_not_found_failure))"
[2026-10-02 10:08:16.805] [out] [delivery_module] DBG 2026-10-02 10:08:16.805+02:00 Cannot fetch peers from peer exchange      topics="waku node peerexchange api" tid=42731187 cause="(status_code: SERVICE_UNAVAILABLE, status_desc: ok(peer_not_found_failure))"
[2026-10-02 10:08:16.806] [out] [delivery_module] DBG 2026-10-02 10:08:16.806+02:00 dialMe answer is reachable                 topics="libp2p autonatservice" tid=42731187 peerId=16Uiu2HAmDSxtt7hwooRgDeiA6P11A4in4eAz5PsBDiMnBfY9HYmY
[2026-10-02 10:08:16.806] [out] [delivery_module] DBG 2026-10-02 10:08:16.806+02:00 Current status                             topics="libp2p autonatservice" tid=42731187 currentStats=Reachable confidence=ok(1.0) answers=[Reachable, Reachable, Reachable]
