run-logos-standalone-ui: hot-reloading QML from <repo>/src/qml
  (export DEV_QML_PATH to override, or LOGOS_QML_HOT_RELOAD=0 to disable)
Session directory: "~/Library/Application Support/Logos/LogosStandalone"
[2026-10-10 15:49:16.712] [info] [logos] Granting host services to 'capability_module': token_registry,token_delivery
[2026-10-10 15:49:16.753] [out] [capability_module] [2026-10-10 15:49:16.753] [info] Granting host services to capability_module: ["token_registry","token_delivery"]
RemoteTransportConnection: Connecting to registry: "local:logos_capability_module_1715be1969c0" at "15:49:16.754"
RemoteTransportConnection: Registry connect attempt started (no peer contact yet): "local:logos_capability_module_1715be1969c0"
LogosAPIConsumer: Informing module token for module: "capability_module" with token: "redacted:0027fec3…"
RemoteTransportConnection: Requesting object: "capability_module" at "15:49:16.754"
[LogosObject] RemoteTransportConnection: returning RemoteLogosObject for: "capability_module"
[LogosObject] Created RemoteLogosObject wrapping QRemoteObjectReplica 105553127301568
[LogosObject] LogosAPIConsumer: calling LogosObject::informModuleToken for "capability_module"
LogosAPIConsumer: informModuleToken completed with result: true
[LogosObject] Destroying RemoteLogosObject 0
[2026-10-10 15:49:16.788] [info] [logos] Module loaded: capability_module
LogosAPIConsumer: Informing module token for module: "modules_state" with token: "redacted:b6099ebb…"
RemoteTransportConnection: Requesting object: "capability_module" at "15:49:16.831"
[LogosObject] RemoteTransportConnection: returning RemoteLogosObject for: "capability_module"
[LogosObject] Created RemoteLogosObject wrapping QRemoteObjectReplica 105553127785184
[LogosObject] LogosAPIConsumer: calling LogosObject::informModuleToken for "modules_state"
LogosAPIConsumer: informModuleToken completed with result: true
[LogosObject] Destroying RemoteLogosObject 0
[2026-10-10 15:49:16.831] [info] [logos] Module loaded: modules_state
RemoteTransportConnection: Connecting to registry: "local:logos_modules_state_1715be1969c0" at "15:49:16.831"
RemoteTransportConnection: Registry connect attempt started (no peer contact yet): "local:logos_modules_state_1715be1969c0"
RemoteTransportConnection: Connecting to registry: "local:logos_capability_module_1715be1969c0" at "15:49:16.831"
RemoteTransportConnection: Registry connect attempt started (no peer contact yet): "local:logos_capability_module_1715be1969c0"
LogosAPIConsumer: '"modules_state"::""' deferred pending the module becoming reachable
LogosAPIConsumer: '"modules_state"::""' deferred pending the module becoming reachable
Logos Core started (modules dir: "/nix/store/gxna1vv93drk0r01vph163c8q3dw4ng4-logos-forum_module-plugin-dir-modules" )
Set app icon from metadata: "/nix/store/dj1dbv54hiyk0yh2haw00wlyjl28ngnq-logos-forum_module-plugin-dir/src/icons/icon.png"
[2026-10-10 15:49:16.896] [info] [logos] [delivery_module] DeliveryModuleImpl: Initializing...
LogosAPIConsumer: Informing module token for module: "delivery_module" with token: "redacted:240d729f…"
RemoteTransportConnection: Requesting object: "capability_module" at "15:49:16.898"
[LogosObject] RemoteTransportConnection: returning RemoteLogosObject for: "capability_module"
[LogosObject] Created RemoteLogosObject wrapping QRemoteObjectReplica 105553127355840
[LogosObject] LogosAPIConsumer: calling LogosObject::informModuleToken for "delivery_module"
LogosAPIConsumer: informModuleToken completed with result: true
[LogosObject] Destroying RemoteLogosObject 0
[2026-10-10 15:49:16.898] [info] [logos] Module loaded: delivery_module
RemoteTransportConnection: Connecting to registry: "local:logos_delivery_module_1715be1969c0" at "15:49:16.899"
RemoteTransportConnection: Registry connect attempt started (no peer contact yet): "local:logos_delivery_module_1715be1969c0"
RemoteTransportConnection: Connecting to registry: "local:logos_capability_module_1715be1969c0" at "15:49:16.899"
RemoteTransportConnection: Registry connect attempt started (no peer contact yet): "local:logos_capability_module_1715be1969c0"
LogosAPIConsumer: '"delivery_module"::""' deferred pending the module becoming reachable
LogosAPIClient: getToken for module: "modules_state"
LogosAPIClient: Found token for module: "modules_state"
RemoteTransportConnection: Requesting object: "modules_state" at "15:49:16.899"
[LogosObject] RemoteTransportConnection: returning RemoteLogosObject for: "modules_state"
[LogosObject] Created RemoteLogosObject wrapping QRemoteObjectReplica 105553127451872
[LogosObject] LogosAPIConsumer: async calling via LogosObject::callMethodAsync "note_transition"
[LogosObject] RemoteLogosObject::callMethodAsync "note_transition" args: 7
LogosAPIClient: getToken for module: "modules_state"
LogosAPIClient: Found token for module: "modules_state"
[LogosObject] LogosAPIConsumer: async calling via LogosObject::callMethodAsync "note_transition"
[LogosObject] RemoteLogosObject::callMethodAsync "note_transition" args: 7
Loaded dependency (with transitive deps): "delivery_module"
[2026-10-10 15:49:16.962] [info] [logos] [storage_module] StorageModuleImpl: Initializing...
LogosAPIConsumer: Informing module token for module: "storage_module" with token: "redacted:da54b2fc…"
RemoteTransportConnection: Requesting object: "capability_module" at "15:49:16.963"
[LogosObject] Created RemoteLogosObject wrapping QRemoteObjectReplica 105553127787872
LogosAPIClient: invoking remote method "modules_state" "apply_snapshot" args_count: 1
LogosAPIClient: getToken for module: "modules_state"
LogosAPIClient: Found token for module: "modules_state"
LogosAPIConsumer: Calling invokeRemoteMethod: "modules_state" "apply_snapshot" args_count: 1 timeout: 20000
[LogosObject] LogosAPIConsumer: calling via LogosObject::callMethod "apply_snapshot"
[LogosObject] RemoteLogosObject::callMethod "apply_snapshot" args: 1
[LogosObject] Created RemoteLogosObject wrapping QRemoteObjectReplica 105553127451648
LogosAPIClient: getToken for module: "modules_state"
LogosAPIClient: Found token for module: "modules_state"
[LogosObject] LogosAPIConsumer: async calling via LogosObject::callMethodAsync "note_transition"
[LogosObject] RemoteLogosObject::callMethodAsync "note_transition" args: 7
LogosAPIClient: getToken for module: "modules_state"
LogosAPIClient: Found token for module: "modules_state"
[LogosObject] LogosAPIConsumer: async calling via LogosObject::callMethodAsync "note_transition"
[LogosObject] RemoteLogosObject::callMethodAsync "note_transition" args: 7
[2026-10-10 15:49:16.965] [info] [logos] Pushed module snapshot to modules_state
LogosAPIClient: getToken for module: "modules_state"
LogosAPIClient: Found token for module: "modules_state"
[LogosObject] LogosAPIConsumer: async calling via LogosObject::callMethodAsync "note_transition"
[LogosObject] RemoteLogosObject::callMethodAsync "note_transition" args: 7
[LogosObject] RemoteTransportConnection: returning RemoteLogosObject for: "capability_module"
[LogosObject] Created RemoteLogosObject wrapping QRemoteObjectReplica 105553127452640
[LogosObject] LogosAPIConsumer: calling LogosObject::informModuleToken for "storage_module"
LogosAPIConsumer: informModuleToken completed with result: true
[LogosObject] Destroying RemoteLogosObject 0
[2026-10-10 15:49:16.966] [info] [logos] Module loaded: storage_module
RemoteTransportConnection: Connecting to registry: "local:logos_storage_module_1715be1969c0" at "15:49:16.966"
RemoteTransportConnection: Registry connect attempt started (no peer contact yet): "local:logos_storage_module_1715be1969c0"
RemoteTransportConnection: Connecting to registry: "local:logos_capability_module_1715be1969c0" at "15:49:16.966"
RemoteTransportConnection: Registry connect attempt started (no peer contact yet): "local:logos_capability_module_1715be1969c0"
LogosAPIConsumer: '"storage_module"::""' deferred pending the module becoming reachable
LogosAPIClient: getToken for module: "modules_state"
LogosAPIClient: Found token for module: "modules_state"
[LogosObject] LogosAPIConsumer: async calling via LogosObject::callMethodAsync "note_transition"
[LogosObject] RemoteLogosObject::callMethodAsync "note_transition" args: 7
Loaded dependency (with transitive deps): "storage_module"
DEV_QML_PATH override active: <repo>/src/qml/Main.qml
RemoteTransportConnection: Connecting to registry: "local:logos_capability_module_1715be1969c0" at "15:49:16.966"
RemoteTransportConnection: Registry connect attempt started (no peer contact yet): "local:logos_capability_module_1715be1969c0"
LogosAPIConsumer: Informing module token for module: "forum_module" with token: "redacted:821f49c0…"
RemoteTransportConnection: Requesting object: "capability_module" at "15:49:16.966"
[LogosObject] RemoteTransportConnection: returning RemoteLogosObject for: "capability_module"
[LogosObject] Created RemoteLogosObject wrapping QRemoteObjectReplica 105553127358208
[LogosObject] LogosAPIConsumer: calling LogosObject::informModuleToken for "forum_module"
[LogosObject] Created RemoteLogosObject wrapping QRemoteObjectReplica 105553127357376
LogosAPIClient: getToken for module: "modules_state"
LogosAPIClient: Found token for module: "modules_state"
[LogosObject] LogosAPIConsumer: async calling via LogosObject::callMethodAsync "note_transition"
[LogosObject] RemoteLogosObject::callMethodAsync "note_transition" args: 7
LogosAPIConsumer: informModuleToken completed with result: true
[LogosObject] Destroying RemoteLogosObject 0
qt.qpa.fonts: Populating font family aliases took 58 ms. Replace uses of missing font family "Public Sans" with one that exists to avoid this cost. 
Loaded UI plugin: "/nix/store/dj1dbv54hiyk0yh2haw00wlyjl28ngnq-logos-forum_module-plugin-dir"
[QmlInspector] Inspector server listening on port 3769
[QmlInspector] Client connected from "::1"
[2026-10-10 15:49:25.268] [warning] [logos] [capability_module] Warning: QObject::connect: No such signal ::eventResponse(QString,QVariantList)
[2026-10-10 15:49:25.270] [info] [logos] [delivery_module] DeliveryModuleImpl::getNodeInfo called with nodeInfoId: MyPeerId
[2026-10-10 15:49:25.270] [info] [logos] [delivery_module] DeliveryModuleImpl: Cannot get node info - context not initialized. Call createNode first.
[2026-10-10 15:49:25.270] [info] [logos] [delivery_module] DeliveryModuleImpl::createNode called
[2026-10-10 15:49:25.323] [info] [logos] [delivery_module] DeliveryModuleImpl: Waiting for createNode callback...
[2026-10-10 15:49:25.329] [out] [delivery_module] DBG 2026-10-10 15:49:25.328+02:00 Whether to mount storeSync is not specified, defaulting to not mounting topics="waku conf builder" tid=19458451
[2026-10-10 15:49:25.329] [out] [delivery_module] NTC 2026-10-10 15:49:25.329+02:00 No node key provided, generated a new one; identity will not persist across restarts topics="waku conf builder" tid=19458451
[2026-10-10 15:49:25.329] [out] [delivery_module] INF 2026-10-10 15:49:25.329+02:00 Sharding configuration:                    topics="waku conf builder" tid=19458451 shardingConf="(kind: AutoSharding, numShardsInCluster: 8)" subscribeShards="@[0, 1, 2, 3, 4, 5, 6, 7]"
[2026-10-10 15:49:25.331] [out] [delivery_module] WRN 2026-10-10 15:49:25.331+02:00 configuration flag ignored                 topics="waku cli args" tid=19458451 detail="--websocket-port is ignored: --websocket-support is not enabled"
[2026-10-10 15:49:25.331] [out] [delivery_module] INF 2026-10-10 15:49:25.331+02:00 Configuration: Enabled protocols           topics="waku conf" tid=19458451 relay=true rlnRelay=false store=false filter=true lightPush=true peerExchange=true rendezvous=true
[2026-10-10 15:49:25.331] [out] [delivery_module] INF 2026-10-10 15:49:25.331+02:00 Configuration. Network                     topics="waku conf" tid=19458451 cluster=3
[2026-10-10 15:49:25.331] [out] [delivery_module] DBG 2026-10-10 15:49:25.331+02:00 Configuration. Active Relay Shards         topics="waku conf" tid=19458451 shard=0
[2026-10-10 15:49:25.331] [out] [delivery_module] DBG 2026-10-10 15:49:25.331+02:00 Configuration. Active Relay Shards         topics="waku conf" tid=19458451 shard=1
[2026-10-10 15:49:25.331] [out] [delivery_module] DBG 2026-10-10 15:49:25.331+02:00 Configuration. Active Relay Shards         topics="waku conf" tid=19458451 shard=2
[2026-10-10 15:49:25.331] [out] [delivery_module] DBG 2026-10-10 15:49:25.331+02:00 Configuration. Active Relay Shards         topics="waku conf" tid=19458451 shard=3
[2026-10-10 15:49:25.331] [out] [delivery_module] DBG 2026-10-10 15:49:25.331+02:00 Configuration. Active Relay Shards         topics="waku conf" tid=19458451 shard=4
[2026-10-10 15:49:25.331] [out] [delivery_module] DBG 2026-10-10 15:49:25.331+02:00 Configuration. Active Relay Shards         topics="waku conf" tid=19458451 shard=5
[2026-10-10 15:49:25.331] [out] [delivery_module] DBG 2026-10-10 15:49:25.331+02:00 Configuration. Active Relay Shards         topics="waku conf" tid=19458451 shard=6
[2026-10-10 15:49:25.331] [out] [delivery_module] DBG 2026-10-10 15:49:25.331+02:00 Configuration. Active Relay Shards         topics="waku conf" tid=19458451 shard=7
[2026-10-10 15:49:25.331] [out] [delivery_module] INF 2026-10-10 15:49:25.331+02:00 Setting up storage                         tid=19458451
[2026-10-10 15:49:25.331] [out] [delivery_module] INF 2026-10-10 15:49:25.331+02:00 Initializing node                          tid=19458451
[2026-10-10 15:49:25.332] [out] [delivery_module] INF 2026-10-10 15:49:25.332+02:00 Setting up NATService                      topics="libp2p natservice" tid=19458451 portMapping=true reachability=false holePunching=false
[2026-10-10 15:49:25.333] [out] [delivery_module] INF 2026-10-10 15:49:25.333+02:00 Initializing networking                    tid=19458451 addrs="@[/ip4/0.0.0.0/tcp/0, /ip4/0.0.0.0/udp/0/quic-v1]"
[2026-10-10 15:49:25.333] [out] [delivery_module] INF 2026-10-10 15:49:25.333+02:00 Mounting protocols                         tid=19458451
[2026-10-10 15:49:25.333] [out] [delivery_module] INF 2026-10-10 15:49:25.333+02:00 Created WakuMetadata protocol              topics="waku node" tid=19458451 clusterId=3 shards="[0, 1, 2, 3, 4, 5, 6, 7]"
[2026-10-10 15:49:25.333] [out] [delivery_module] INF 2026-10-10 15:49:25.333+02:00 Mounting mix protocol                      topics="waku node" tid=19458451INF 2026-10-10 15:49:25.333+02:00 node info                                  topics="waku node" tid=19458451 wakuInfo="(listenAddresses: [/ip4/0.0.0.0/tcp/0/p2p/16Uiu2HAmJxDBoxGjP6CTQuQigNstyXUxF8P6ypMyA5jUcss3TSyR, /ip4/0.0.0.0/udp/0/quic-v1/p2p/16Uiu2HAmJxDBoxGjP6CTQuQigNstyXUxF8P6ypMyA5jUcss3TSyR], enrUri: enr:-JO4QNkADI_e6ReUcBnDjpfLl-x6YFu4ekmPToRiFHd1xdwSLPMHxWqxj6W1vp0GQhywb2r2_Iy9uydBM4qBz16sKJABgmlkgnY0gnJzkwADCAAAAAEAAgADAAQABQAGAAeJc2VjcDI1NmsxoQNdj4J44IfXQwRIY7OSY0kNcQb3d2vJM8aTlrVwXEQPvIV3YWt1Mi0, mixPubKey: none())"
[2026-10-10 15:49:25.333] [out] [delivery_module]  nodeId="(listenAddresses: [/ip4/0.0.0.0/tcp/0/p2p/16Uiu2HAmJxDBoxGjP6CTQuQigNstyXUxF8P6ypMyA5jUcss3TSyR, /ip4/0.0.0.0/udp/0/quic-v1/p2p/16Uiu2HAmJxDBoxGjP6CTQuQigNstyXUxF8P6ypMyA5jUcss3TSyR], enrUri: enr:-JO4QNkADI_e6ReUcBnDjpfLl-x6YFu4ekmPToRiFHd1xdwSLPMHxWqxj6W1vp0GQhywb2r2_Iy9uydBM4qBz16sKJABgmlkgnY0gnJzkwADCAAAAAEAAgADAAQABQAGAAeJc2VjcDI1NmsxoQNdj4J44IfXQwRIY7OSY0kNcQb3d2vJM8aTlrVwXEQPvIV3YWt1Mi0, mixPubKey: none())"
[2026-10-10 15:49:25.333] [out] [delivery_module] INF 2026-10-10 15:49:25.333+02:00 local addr                                 topics="waku node" tid=19458451 localaddr=/ip4/0.0.0.0/tcp/0
[2026-10-10 15:49:25.333] [out] [delivery_module] INF 2026-10-10 15:49:25.333+02:00 mixPubKey                                  topics="waku node" tid=19458451 mixPubKey="[13, 62, 227, 114, 182, 36, 209, 55, 211, 177, 232, 221, 6, 21, 145, 116, 128, 28, 132, 105, 129, 127, 224, 180, 248, 8, 31, 60, 234, 185, 12, 56]"
[2026-10-10 15:49:25.334] [out] [delivery_module] INF 2026-10-10 15:49:25.334+02:00 Using mix bootstrap nodes                  topics="waku mix" tid=19458451 entries=0 poolSize=0
[2026-10-10 15:49:25.334] [out] [delivery_module] INF 2026-10-10 15:49:25.334+02:00 Mix cannot publish yet, waiting for more mix nodes topics="waku node" tid=19458451 poolSize=0 required=4
[2026-10-10 15:49:25.336] [out] [delivery_module] INF 2026-10-10 15:49:25.336+02:00 mounting store client                      topics="waku node store api" tid=19458451
[2026-10-10 15:49:25.336] [out] [delivery_module] INF 2026-10-10 15:49:25.336+02:00 Mounting auto sharding                     topics="waku node" tid=19458451 clusterId=3 shardCount=8
[2026-10-10 15:49:25.336] [out] [delivery_module] DBG 2026-10-10 15:49:25.336+02:00 Setting max message size                   tid=19458451 num_bytes=153600
[2026-10-10 15:49:25.336] [out] [delivery_module] INF 2026-10-10 15:49:25.336+02:00 mounting relay protocol                    topics="waku node relay api" tid=19458451
[2026-10-10 15:49:25.337] [out] [delivery_module] DBG 2026-10-10 15:49:25.337+02:00 relay mounted successfully                 topics="waku node relay api" tid=19458451
[2026-10-10 15:49:25.337] [out] [delivery_module] DBG 2026-10-10 15:49:25.337+02:00 Adding validator to signed shards          tid=19458451 protectedShards=[] clusterId=3
[2026-10-10 15:49:25.337] [out] [delivery_module] INF 2026-10-10 15:49:25.337+02:00 Mounting rendezvous discovery protocol     topics="waku node" tid=19458451
[2026-10-10 15:49:25.338] [out] [delivery_module] INF 2026-10-10 15:49:25.337+02:00 Waku rendezvous initialized                topics="waku node" tid=19458451 clusterId=3 shards="[0, 1, 2, 3, 4, 5, 6, 7]" capabilities="[Relay, Filter, Lightpush, Mix]" wakuPeerRecord="(peerId: 16Uiu2...s3TSyR, seqNo: 1791640165, addresses: [/ip4/0.0.0.0/tcp/0, /ip4/0.0.0.0/udp/0/quic-v1], mixKey: 0x0d3ee372b624d137d3b1e8dd06159174801c8469817fe0b4f8081f3ceab90c38)"
[2026-10-10 15:49:25.338] [out] [delivery_module] INF 2026-10-10 15:49:25.338+02:00 Mounting rendezvous client                 topics="waku node" tid=19458451
[2026-10-10 15:49:25.338] [out] [delivery_module] INF 2026-10-10 15:49:25.338+02:00 Waku rendezvous client initialized         topics="waku node" tid=19458451 clusterId=3
[2026-10-10 15:49:25.338] [out] [delivery_module] INF 2026-10-10 15:49:25.338+02:00 mounting libp2p ping protocol              topics="waku node ping api" tid=19458451
[2026-10-10 15:49:25.338] [out] [delivery_module] INF 2026-10-10 15:49:25.338+02:00 No RLN backend configured; RLN is off      tid=19458451
[2026-10-10 15:49:25.338] [out] [delivery_module] INF 2026-10-10 15:49:25.338+02:00 mounting light push                        topics="waku node lightpush api" tid=19458451
[2026-10-10 15:49:25.338] [out] [delivery_module] INF 2026-10-10 15:49:25.338+02:00 mounting lightpush with relay              topics="waku node lightpush api" tid=19458451
[2026-10-10 15:49:25.338] [out] [delivery_module] DBG 2026-10-10 15:49:25.338+02:00 lightpush mounted successfully             topics="waku node lightpush api" tid=19458451
[2026-10-10 15:49:25.338] [out] [delivery_module] INF 2026-10-10 15:49:25.338+02:00 mounting legacy light push                 topics="waku node lightpush api" tid=19458451
[2026-10-10 15:49:25.338] [out] [delivery_module] INF 2026-10-10 15:49:25.338+02:00 mounting legacy lightpush with relay       topics="waku node lightpush api" tid=19458451
[2026-10-10 15:49:25.338] [out] [delivery_module] DBG 2026-10-10 15:49:25.338+02:00 legacy lightpush mounted successfully      topics="waku node lightpush api" tid=19458451
[2026-10-10 15:49:25.338] [out] [delivery_module] INF 2026-10-10 15:49:25.338+02:00 mounting light push client                 topics="waku node lightpush api" tid=19458451
[2026-10-10 15:49:25.338] [out] [delivery_module] INF 2026-10-10 15:49:25.338+02:00 mounting legacy light push client          topics="waku node lightpush api" tid=19458451
[2026-10-10 15:49:25.338] [out] [delivery_module] INF 2026-10-10 15:49:25.338+02:00 mounting filter protocol                   topics="waku node filter api" tid=19458451
[2026-10-10 15:49:25.339] [out] [delivery_module] INF 2026-10-10 15:49:25.339+02:00 Starting filter protocol                   topics="waku filter" tid=19458451
[2026-10-10 15:49:25.339] [out] [delivery_module] DBG 2026-10-10 15:49:25.339+02:00 Starting to maintain subscriptions         topics="waku filter" tid=19458451
[2026-10-10 15:49:25.339] [out] [delivery_module] DBG 2026-10-10 15:49:25.339+02:00 Maintaining subscriptions                  topics="waku filter" tid=19458451
[2026-10-10 15:49:25.339] [out] [delivery_module] DBG 2026-10-10 15:49:25.339+02:00 Cleanup                                    topics="waku filter subscriptions" tid=19458451 currentPeerIds=[]
[2026-10-10 15:49:25.339] [out] [delivery_module] DBG 2026-10-10 15:49:25.339+02:00 After cleanup                              topics="waku filter subscriptions" tid=19458451 currentPeerIds=[]
[2026-10-10 15:49:25.339] [out] [delivery_module] INF 2026-10-10 15:49:25.339+02:00 mounting filter client                     topics="waku node filter api" tid=19458451
[2026-10-10 15:49:25.339] [out] [delivery_module] INF 2026-10-10 15:49:25.339+02:00 mounting waku peer exchange                topics="waku node peerexchange api" tid=19458451
[2026-10-10 15:49:25.339] [out] [delivery_module] INF 2026-10-10 15:49:25.339+02:00 mounting waku peer exchange client         topics="waku node peerexchange api" tid=19458451
[2026-10-10 15:49:25.339] [out] [delivery_module] INF 2026-10-10 15:49:25.339+02:00 No external callbacks to be set            topics="wakunode waku" tid=19458451
[2026-10-10 15:49:25.339] [out] [delivery_module] INF 2026-10-10 15:49:25.339+02:00 Setting up AutonatService                  topics="libp2p autonatservice" tid=19458451
[2026-10-10 15:49:25.339] [out] [delivery_module] INF 2026-10-10 15:49:25.339+02:00 Messaging API settings                     topics="logosdelivery" tid=19458451 reliability=true anonymityLevel=Required rateLimitEnabled=false rateLimitEpochPeriodSec=600 rateLimitMessagesPerEpoch=1 maxParkedAgeSec=1800 sendQueueCapacity=1000 backfillEnabled=true backfillRequestTimeout=10s
[2026-10-10 15:49:25.340] [info] [logos] [delivery_module] DeliveryModuleImpl::createNode callback called with ret: 0
[2026-10-10 15:49:25.348] [info] [logos] [delivery_module] DeliveryModuleImpl: Delivery context created successfully
[2026-10-10 15:49:25.348] [info] [logos] [delivery_module] DeliveryModuleImpl::start called
[2026-10-10 15:49:25.348] [out] [delivery_module] INF 2026-10-10 15:49:25.348+02:00 Retrieve dynamic bootstrap nodes           topics="wakunode waku" tid=19458451
[2026-10-10 15:49:25.348] [out] [delivery_module] INF 2026-10-10 15:49:25.348+02:00 Running nwaku node                         tid=19458451 version=v0.39.0-g3a478e
[2026-10-10 15:49:25.348] [out] [delivery_module] INF 2026-10-10 15:49:25.348+02:00 Starting Waku node                         topics="waku node" tid=19458451 version=v0.39.0-g3a478e
[2026-10-10 15:49:25.348] [out] [delivery_module] DBG 2026-10-10 15:49:25.348+02:00 Waku rendezvous periodic requests started  topics="waku rendezvous client" tid=19458451 interval=10s
[2026-10-10 15:49:25.348] [info] [logos] [delivery_module] DeliveryModuleImpl::getNodeInfo called with nodeInfoId: MyPeerId
[2026-10-10 15:49:25.348] [out] [delivery_module] INF 2026-10-10 15:49:25.348+02:00 Waku rendezvous client started             topics="waku rendezvous client" tid=19458451
[2026-10-10 15:49:25.348] [out] [delivery_module] INF 2026-10-10 15:49:25.348+02:00 Starting switch for peer                   topics="libp2p switch" tid=19458451 peerInfo="(peerId: 16Uiu2HAmJxDBoxGjP6CTQuQigNstyXUxF8P6ypMyA5jUcss3TSyR, listenAddrs: [/ip4/0.0.0.0/tcp/0, /ip4/0.0.0.0/udp/0/quic-v1], addrs: [], protocols: [/ipfs/id/1.0.0, /libp2p/autonat/1.0.0, /libp2p/circuit/relay/0.2.0/hop, /vac/waku/metadata/1.0.0, /mix/1.0.0, /logos/service-discovery/1.0.0, /vac/waku/relay/2.0.0, /vac/waku/rendezvous/1.0.0, /ipfs/ping/1.0.0, /vac/waku/lightpush/3.0.0, /vac/waku/lightpush/2.0.0-beta1, /vac/waku/filter-subscribe/2.0.0-beta1, /vac/waku/filter-push/2.0.0-beta1, /vac/waku/peer-exchange/2.0.0-alpha1], protoVersion: ipfs/0.1.0, agentVersion: logos-delivery-v0.39.0-g3a478e)"
[2026-10-10 15:49:25.348] [out] [delivery_module] INF 2026-10-10 15:49:25.348+02:00 Starting NATService                        topics="libp2p natservice" tid=19458451
[2026-10-10 15:49:25.348] [out] [delivery_module] INF 2026-10-10 15:49:25.348+02:00 Running AutonatService                     topics="libp2p autonatservice" tid=19458451
[2026-10-10 15:49:25.350] [out] [delivery_module] DBG 2026-10-10 15:49:25.350+02:00 No private listen addresses to map; releasing any prior mappings topics="libp2p natservice" tid=19458451
[2026-10-10 15:49:25.350] [out] [delivery_module] INF 2026-10-10 15:49:25.350+02:00 Starting TCP transport                     topics="libp2p tcptransport" tid=19458451
[2026-10-10 15:49:25.350] [out] [delivery_module] INF 2026-10-10 15:49:25.350+02:00 Transport starting                         topics="libp2p transport" tid=19458451 addresses=[/ip4/0.0.0.0/tcp/57736]
[2026-10-10 15:49:25.354] [out] [delivery_module] DBG 2026-10-10 15:49:25.354+02:00 Configured QUIC UDP receive buffer         tid=19458451 requestedBytes=8388608 effectiveBytes=8388608
[2026-10-10 15:49:25.354] [out] [delivery_module] INF 2026-10-10 15:49:25.354+02:00 Transport starting                         topics="libp2p transport" tid=19458451 addresses=[/ip4/0.0.0.0/udp/63140/quic-v1]
[2026-10-10 15:49:25.354] [out] [delivery_module] DBG 2026-10-10 15:49:25.354+02:00 Transport connection acceptance started    topics="libp2p switch" tid=19458451
[2026-10-10 15:49:25.354] [out] [delivery_module] DBG 2026-10-10 15:49:25.354+02:00 Transport connection acceptance started    topics="libp2p switch" tid=19458451
[2026-10-10 15:49:25.357] [info] [logos] [delivery_module] DeliveryModuleImpl::subscribe called with contentTopic: /lp0026forum/1/general/text
[2026-10-10 15:49:25.358] [out] [delivery_module] DBG 2026-10-10 15:49:25.358+02:00 Subscribing to pubsub topic                topics="waku relay" tid=19458451 pubsubTopic=/waku/2/rs/3/7
[2026-10-10 15:49:25.359] [info] [logos] [delivery_module] DeliveryModuleImpl: Subscribe completed for topic: /lp0026forum/1/general/text with success
[2026-10-10 15:49:25.714] [out] [delivery_module] INF 2026-10-10 15:49:25.714+02:00 Using mix bootstrap nodes                  topics="waku mix" tid=19458451 entries=1 poolSize=1
[2026-10-10 15:49:25.714] [out] [delivery_module] INF 2026-10-10 15:49:25.714+02:00 Using mix bootstrap nodes                  topics="waku mix" tid=19458451 entries=1 poolSize=2
[2026-10-10 15:49:25.714] [out] [delivery_module] INF 2026-10-10 15:49:25.714+02:00 Using mix bootstrap nodes                  topics="waku mix" tid=19458451 entries=1 poolSize=3
[2026-10-10 15:49:25.714] [out] [delivery_module] INF 2026-10-10 15:49:25.714+02:00 Using mix bootstrap nodes                  topics="waku mix" tid=19458451 entries=1 poolSize=4
[2026-10-10 15:49:25.715] [out] [delivery_module] INF 2026-10-10 15:49:25.715+02:00 Using mix bootstrap nodes                  topics="waku mix" tid=19458451 entries=1 poolSize=5
[2026-10-10 15:49:25.715] [out] [delivery_module] INF 2026-10-10 15:49:25.715+02:00 Using mix bootstrap nodes                  topics="waku mix" tid=19458451 entries=1 poolSize=6
[2026-10-10 15:49:27.358] [out] [delivery_module] WRN 2026-10-10 15:49:27.358+02:00 NAT port mapping failed                    topics="libp2p natservice" tid=19458451 port=57736 protocol=mpTcp err="plum: mapping 0 failed"
[2026-10-10 15:49:29.361] [out] [delivery_module] WRN 2026-10-10 15:49:29.361+02:00 NAT port mapping failed                    topics="libp2p natservice" tid=19458451 port=63140 protocol=mpUdp err="plum: mapping 0 failed"
[2026-10-10 15:49:29.361] [out] [delivery_module] INF 2026-10-10 15:49:29.361+02:00 Mix self hop set                           topics="waku node" tid=19458451 hop=/ip4/172.20.10.14/tcp/57736 before=/ip4/0.0.0.0/tcp/0
[2026-10-10 15:49:29.361] [out] [delivery_module] DBG 2026-10-10 15:49:29.361+02:00 ENR addresses updated                      topics="waku enr" tid=19458451 retained=0 total=0
[2026-10-10 15:49:29.362] [out] [delivery_module] DBG 2026-10-10 15:49:29.362+02:00 Peer dial started                          topics="libp2p dialer" tid=19458451 peerId=16Uiu2...kGyuEP addresses="[/ip4/47.242.130.189/tcp/30303, /dns4/delivery-01.ac-cn-hongkong-c.logos.dev.status.im/tcp/30303]"
[2026-10-10 15:49:29.362] [out] [delivery_module] DBG 2026-10-10 15:49:29.362+02:00 Peer dial started                          topics="libp2p dialer" tid=19458451 peerId=16Uiu2...T3UNSE addresses="[/ip4/43.99.103.10/tcp/30303, /dns4/delivery-02.ac-cn-hongkong-c.logos.dev.status.im/tcp/30303]"
[2026-10-10 15:49:29.362] [out] [delivery_module] DBG 2026-10-10 15:49:29.362+02:00 Peer dial started                          topics="libp2p dialer" tid=19458451 peerId=16Uiu2...P1S397 addresses="[/ip4/136.119.156.87/tcp/30303, /dns4/delivery-01.gc-us-central1-a.logos.dev.status.im/tcp/30303]"
[2026-10-10 15:49:29.363] [out] [delivery_module] DBG 2026-10-10 15:49:29.363+02:00 Peer dial started                          topics="libp2p dialer" tid=19458451 peerId=16Uiu2...VpJprH addresses="[/ip4/174.138.106.244/tcp/30303, /dns4/delivery-02.do-ams3.logos.dev.status.im/tcp/30303]"
[2026-10-10 15:49:29.363] [out] [delivery_module] DBG 2026-10-10 15:49:29.363+02:00 Peer dial started                          topics="libp2p dialer" tid=19458451 peerId=16Uiu2...TwqBiH addresses="[/ip4/34.123.201.25/tcp/30303, /dns4/delivery-02.gc-us-central1-a.logos.dev.status.im/tcp/30303]"
[2026-10-10 15:49:29.363] [out] [delivery_module] DBG 2026-10-10 15:49:29.363+02:00 Peer dial started                          topics="libp2p dialer" tid=19458451 peerId=16Uiu2...NSkuby addresses="[/ip4/138.68.122.137/tcp/30303, /dns4/delivery-01.do-ams3.logos.dev.status.im/tcp/30303]"
[2026-10-10 15:49:29.363] [out] [delivery_module] INF 2026-10-10 15:49:29.363+02:00 Kademlia DHT started                       topics="kad-dht" tid=19458451
[2026-10-10 15:49:29.363] [out] [delivery_module] DBG 2026-10-10 15:49:29.363+02:00 Publishing Signed XPR                      topics="service-discovery" tid=19458451 xpr="(envelope: (publicKey: secp256k1 key (045d8f8278e087d743044863b39263490d7106f7776bc933c69396b5705c440fbc355780f95823e86f3cd078142b5f170d49c08c5dd9e1f83ae655f7668eb12299), payloadType: @[3, 1], payload: @[10, 39, 0, 37, 8, 2, 18, 33, 3, 93, 143, 130, 120, 224, 135, 215, 67, 4, 72, 99, 179, 146, 99, 73, 13, 113, 6, 247, 119, 107, 201, 51, 198, 147, 150, 181, 112, 92, 68, 15, 188, 16, 249, 168, 18, 26, 10, 10, 8, 4, 172, 20, 10, 14, 6, 225, 136, 26, 13, 10, 11, 4, 172, 20, 10, 14, 145, 2, 246, 164, 205, 3], signature: 304402200D018D40BF45DB01AF059708F0B16FEB317FD7BC29B9778F11A03630D7C84CC202206EE233653BDF0AF4ECA564D8DE74556DA8D6CA955B2D914B719F3944DFD8CBDF), data: (peerId: 16Uiu2HAmJxDBoxGjP6CTQuQigNstyXUxF8P6ypMyA5jUcss3TSyR, seqNo: 300153, addresses: @[(address: /ip4/172.20.10.14/tcp/57736), (address: /ip4/172.20.10.14/udp/63140/quic-v1)], services: @[]))"
[2026-10-10 15:49:29.364] [out] [delivery_module] INF 2026-10-10 15:49:29.364+02:00 Service Discovery started                  topics="service-discovery" tid=19458451
[2026-10-10 15:49:29.364] [out] [delivery_module] INF 2026-10-10 15:49:29.364+02:00 start                                      topics="waku relay" tid=19458451
[2026-10-10 15:49:29.364] [out] [delivery_module] INF 2026-10-10 15:49:29.364+02:00 gossipsub start                            topics="libp2p gossipsub" tid=19458451
[2026-10-10 15:49:29.364] [out] [delivery_module] DBG 2026-10-10 15:49:29.364+02:00 No mesh peer for the given pubsub topic    topics="waku relay" tid=19458451 pubsubTopic=/waku/2/rs/3/7
[2026-10-10 15:49:29.364] [out] [delivery_module] DBG 2026-10-10 15:49:29.364+02:00 Waku rendezvous periodic registration started topics="waku rendezvous" tid=19458451 interval=10s
[2026-10-10 15:49:29.364] [out] [delivery_module] INF 2026-10-10 15:49:29.364+02:00 Waku rendezvous discovery started          topics="waku rendezvous" tid=19458451
[2026-10-10 15:49:29.364] [out] [delivery_module] INF 2026-10-10 15:49:29.364+02:00 Started libp2p node                        topics="libp2p switch" tid=19458451 peerId="(peerId: 16Uiu2HAmJxDBoxGjP6CTQuQigNstyXUxF8P6ypMyA5jUcss3TSyR, listenAddrs: [/ip4/0.0.0.0/tcp/57736, /ip4/0.0.0.0/udp/63140/quic-v1], addrs: [/ip4/172.20.10.14/tcp/57736, /ip4/172.20.10.14/udp/63140/quic-v1], protocols: [/ipfs/id/1.0.0, /libp2p/autonat/1.0.0, /libp2p/circuit/relay/0.2.0/hop, /vac/waku/metadata/1.0.0, /mix/1.0.0, /logos/service-discovery/1.0.0, /vac/waku/relay/2.0.0, /vac/waku/rendezvous/1.0.0, /ipfs/ping/1.0.0, /vac/waku/lightpush/3.0.0, /vac/waku/lightpush/2.0.0-beta1, /vac/waku/filter-subscribe/2.0.0-beta1, /vac/waku/filter-push/2.0.0-beta1, /vac/waku/peer-exchange/2.0.0-alpha1], protoVersion: ipfs/0.1.0, agentVersion: logos-delivery-v0.39.0-g3a478e)"
[2026-10-10 15:49:29.364] [out] [delivery_module] DBG 2026-10-10 15:49:29.364+02:00 ENR addresses updated                      topics="waku enr" tid=19458451 retained=0 total=0
[2026-10-10 15:49:29.364] [out] [delivery_module] INF 2026-10-10 15:49:29.364+02:00 Announced addresses resolved               topics="waku node" tid=19458451 addrs="@[/ip4/172.20.10.14/tcp/57736, /ip4/172.20.10.14/udp/63140/quic-v1]"
[2026-10-10 15:49:29.364] [out] [delivery_module] INF 2026-10-10 15:49:29.364+02:00 Random kademlia lookups disabled           topics="waku service discovery" tid=19458451
[2026-10-10 15:49:29.364] [out] [delivery_module] DBG 2026-10-10 15:49:29.364+02:00 Periodic service lookup started            topics="waku service discovery" tid=19458451 interval=1m services={}
[2026-10-10 15:49:29.364] [out] [delivery_module] INF 2026-10-10 15:49:29.364+02:00 Kademlia discovery started                 topics="waku service discovery" tid=19458451
[2026-10-10 15:49:29.364] [out] [delivery_module] INF 2026-10-10 15:49:29.364+02:00 Discovery ENR initialized                  topics="eth p2p discv5" tid=19458451 enrAutoUpdate=false seqNum=4 ip=none() tcpPort=none() udpPort=none() customEnrFields=@[] uri=enr:-Ka4QDgM_TyKysbWGpqUbLdiUf3m7mZNbqXT4PrxnFs_GsPhQkMl3wXT5ZxKg4fn0-dAB2LnjTSQPHku3UTAmdUvJ9UEgmlkgnY0im11bHRpYWRkcnOAgnJzkwADCAAAAAEAAgADAAQABQAGAAeJc2VjcDI1NmsxoQNdj4J44IfXQwRIY7OSY0kNcQb3d2vJM8aTlrVwXEQPvIN0Y3CC4YiFd2FrdTIt
[2026-10-10 15:49:29.364] [out] [delivery_module] WRN 2026-10-10 15:49:29.364+02:00 No external IP provided for the ENR, this node will not be discoverable topics="eth p2p discv5" tid=19458451
[2026-10-10 15:49:29.364] [out] [delivery_module] DBG 2026-10-10 15:49:29.364+02:00 peer filtering updated                     topics="waku discv5" tid=19458451
[2026-10-10 15:49:29.364] [out] [delivery_module] INF 2026-10-10 15:49:29.364+02:00 Starting discovery v5 service              topics="waku discv5" tid=19458451
[2026-10-10 15:49:29.364] [out] [delivery_module] INF 2026-10-10 15:49:29.364+02:00 Start listening on udp port                topics="waku discv5" tid=19458451 address=0.0.0.0 port=52659
[2026-10-10 15:49:29.364] [out] [delivery_module] INF 2026-10-10 15:49:29.364+02:00 Starting discovery node                    topics="eth p2p discv5" tid=19458451 node=17*9c8632:unaddressable bindAddress=0.0.0.0:52659
[2026-10-10 15:49:29.364] [out] [delivery_module] DBG 2026-10-10 15:49:29.364+02:00 Total nodes in routing table after populate topics="eth p2p discv5" tid=19458451 total=0
[2026-10-10 15:49:29.364] [out] [delivery_module] DBG 2026-10-10 15:49:29.364+02:00 Starting discovery v5 search               topics="waku discv5" tid=19458451
[2026-10-10 15:49:29.365] [out] [delivery_module] DBG 2026-10-10 15:49:29.365+02:00 Successfully started discovery v5 service  topics="waku discv5" tid=19458451
[2026-10-10 15:49:29.365] [out] [delivery_module] INF 2026-10-10 15:49:29.365+02:00 Discv5: discoverable ENR                   topics="waku discv5" tid=19458451 enrUri=enr:-Ka4QDgM_TyKysbWGpqUbLdiUf3m7mZNbqXT4PrxnFs_GsPhQkMl3wXT5ZxKg4fn0-dAB2LnjTSQPHku3UTAmdUvJ9UEgmlkgnY0im11bHRpYWRkcnOAgnJzkwADCAAAAAEAAgADAAQABQAGAAeJc2VjcDI1NmsxoQNdj4J44IfXQwRIY7OSY0kNcQb3d2vJM8aTlrVwXEQPvIN0Y3CC4YiFd2FrdTIt enr="(4, id: \"v4\", multiaddrs: 0x, rs: 0x00030800000001000200030004000500060007, secp256k1: 0x035D8F8278E087D743044863B39263490D7106F7776BC933C69396B5705C440FBC, tcp: 57736, waku2: 0x2D)"
[2026-10-10 15:49:29.365] [out] [delivery_module] INF 2026-10-10 15:49:29.365+02:00 Node started successfully                  topics="waku node" tid=19458451
[2026-10-10 15:49:29.365] [out] [delivery_module] DBG 2026-10-10 15:49:29.365+02:00 Dialing multiple peers                     tid=19458451 numOfPeers=6 nodes="@[\"/dns4/delivery-01.do-ams3.logos.dev.status.im/tcp/30303/p2p/16Uiu2HAmTUbnxLGT9JvV6mu9oPyDjqHK4Phs1VDJNUgESgNSkuby\", \"/dns4/delivery-02.do-ams3.logos.dev.status.im/tcp/30303/p2p/16Uiu2HAmMK7PYygBtKUQ8EHp7EfaD3bCEsJrkFooK8RQ2PVpJprH\", \"/dns4/delivery-01.gc-us-central1-a.logos.dev.status.im/tcp/30303/p2p/16Uiu2HAm4S1JYkuzDKLKQvwgAhZKs9otxXqt8SCGtB4hoJP1S397\", \"/dns4/delivery-02.gc-us-central1-a.logos.dev.status.im/tcp/30303/p2p/16Uiu2HAm8Y9kgBNtjxvCnf1X6gnZJW5EGE4UwwCL3CCm55TwqBiH\", \"/dns4/delivery-01.ac-cn-hongkong-c.logos.dev.status.im/tcp/30303/p2p/16Uiu2HAm8YokiNun9BkeA1ZRmhLbtNUvcwRr64F69tYj9fkGyuEP\", \"/dns4/delivery-02.ac-cn-hongkong-c.logos.dev.status.im/tcp/30303/p2p/16Uiu2HAkvwhGHKNry6LACrB8TmEFoCJKEX29XR5dDUzk3UT3UNSE\"]"
[2026-10-10 15:49:29.879] [out] [delivery_module] DBG 2026-10-10 15:49:29.879+02:00 created new pubsub peer                    topics="libp2p pubsub" tid=19458451 peerId=16Uiu2...NSkuby
[2026-10-10 15:49:29.879] [out] [delivery_module] DBG 2026-10-10 15:49:29.879+02:00 no listener registered                     tid=19458453 event=onConnectionChange
[2026-10-10 15:49:29.888] [out] [delivery_module] DBG 2026-10-10 15:49:29.888+02:00 Incoming WakuRelay connection              topics="waku relay" tid=19458451 connection=16Uiu2...NSkuby:6aca426997e1e6e861372803 protocol=/vac/waku/relay/2.0.0
[2026-10-10 15:49:30.064] [out] [delivery_module] DBG 2026-10-10 15:49:30.064+02:00 created new pubsub peer                    topics="libp2p pubsub" tid=19458451 peerId=16Uiu2...VpJprH
[2026-10-10 15:49:30.064] [out] [delivery_module] DBG 2026-10-10 15:49:30.064+02:00 no listener registered                     tid=19458453 event=onConnectionChange
[2026-10-10 15:49:30.065] [out] [delivery_module] DBG 2026-10-10 15:49:30.064+02:00 Incoming WakuRelay connection              topics="waku relay" tid=19458451 connection=16Uiu2...VpJprH:6aca426a97e1e6e861372806 protocol=/vac/waku/relay/2.0.0
[2026-10-10 15:49:30.114] [out] [delivery_module] DBG 2026-10-10 15:49:30.114+02:00 Event identified                           topics="waku node peer_manager" tid=19458451 peerId=16Uiu2...NSkuby
[2026-10-10 15:49:30.114] [out] [delivery_module] DBG 2026-10-10 15:49:30.114+02:00 no listener registered                     tid=19458453 event=onConnectionChange
[2026-10-10 15:49:30.240] [out] [delivery_module] DBG 2026-10-10 15:49:30.240+02:00 Event identified                           topics="waku node peer_manager" tid=19458451 peerId=16Uiu2...VpJprH
[2026-10-10 15:49:30.240] [out] [delivery_module] DBG 2026-10-10 15:49:30.240+02:00 no listener registered                     tid=19458453 event=onConnectionChange
[2026-10-10 15:49:30.338] [out] [delivery_module] DBG 2026-10-10 15:49:30.338+02:00 created new pubsub peer                    topics="libp2p pubsub" tid=19458451 peerId=16Uiu2...TwqBiH
[2026-10-10 15:49:30.338] [out] [delivery_module] DBG 2026-10-10 15:49:30.338+02:00 no listener registered                     tid=19458453 event=onConnectionChange
[2026-10-10 15:49:30.338] [out] [delivery_module] DBG 2026-10-10 15:49:30.338+02:00 Incoming WakuRelay connection              topics="waku relay" tid=19458451 connection=16Uiu2...TwqBiH:6aca426a97e1e6e86137280f protocol=/vac/waku/relay/2.0.0
[2026-10-10 15:49:30.357] [out] [delivery_module] WRN 2026-10-10 15:49:30.357+02:00 ffi request still in flight; caller notified via RET_STALE_WARN tid=19458451 reqId=LogosdeliveryStartNodeReq elapsedMs=5000
[2026-10-10 15:49:30.369] [out] [delivery_module] DBG 2026-10-10 15:49:30.369+02:00 Received WakuMetadata request              topics="waku metadata" tid=19458451 remoteClusterId=ok(3) remoteShards="[5, 0, 2, 1, 4, 7, 3, 6]" localClusterId=3 localShards="[7]" peer=16Uiu2...NSkuby
[2026-10-10 15:49:30.395] [out] [delivery_module] DBG 2026-10-10 15:49:30.395+02:00 no listener registered                     tid=19458453 event=onConnectionChange
[2026-10-10 15:49:30.395] [out] [delivery_module] DBG 2026-10-10 15:49:30.395+02:00 created new pubsub peer                    topics="libp2p pubsub" tid=19458451 peerId=16Uiu2...P1S397
[2026-10-10 15:49:30.412] [out] [delivery_module] DBG 2026-10-10 15:49:30.412+02:00 Incoming WakuRelay connection              topics="waku relay" tid=19458451 connection=16Uiu2...P1S397:6aca426a97e1e6e861372815 protocol=/vac/waku/relay/2.0.0
[2026-10-10 15:49:30.447] [out] [delivery_module] DBG 2026-10-10 15:49:30.446+02:00 Received WakuMetadata request              topics="waku metadata" tid=19458451 remoteClusterId=ok(3) remoteShards="[5, 0, 2, 1, 4, 7, 3, 6]" localClusterId=3 localShards="[7]" peer=16Uiu2...VpJprH
[2026-10-10 15:49:30.486] [out] [delivery_module] DBG 2026-10-10 15:49:30.486+02:00 no listener registered                     tid=19458453 event=onConnectionChange
[2026-10-10 15:49:30.556] [out] [delivery_module] DBG 2026-10-10 15:49:30.556+02:00 no listener registered                     tid=19458453 event=onConnectionChange
[2026-10-10 15:49:30.585] [out] [delivery_module] DBG 2026-10-10 15:49:30.585+02:00 Event identified                           topics="waku node peer_manager" tid=19458451 peerId=16Uiu2...TwqBiH
[2026-10-10 15:49:30.585] [out] [delivery_module] DBG 2026-10-10 15:49:30.585+02:00 no listener registered                     tid=19458453 event=onConnectionChange
[2026-10-10 15:49:30.676] [out] [delivery_module] DBG 2026-10-10 15:49:30.676+02:00 Event identified                           topics="waku node peer_manager" tid=19458451 peerId=16Uiu2...P1S397
[2026-10-10 15:49:30.676] [out] [delivery_module] DBG 2026-10-10 15:49:30.676+02:00 no listener registered                     tid=19458453 event=onConnectionChange
[2026-10-10 15:49:30.793] [out] [delivery_module] DBG 2026-10-10 15:49:30.793+02:00 created new pubsub peer                    topics="libp2p pubsub" tid=19458451 peerId=16Uiu2...kGyuEP
[2026-10-10 15:49:30.793] [out] [delivery_module] DBG 2026-10-10 15:49:30.793+02:00 no listener registered                     tid=19458453 event=onConnectionChange
[2026-10-10 15:49:30.793] [out] [delivery_module] DBG 2026-10-10 15:49:30.793+02:00 Incoming WakuRelay connection              topics="waku relay" tid=19458451 connection=16Uiu2...kGyuEP:6aca426a97e1e6e86137281f protocol=/vac/waku/relay/2.0.0
[2026-10-10 15:49:30.802] [out] [delivery_module] DBG 2026-10-10 15:49:30.802+02:00 created new pubsub peer                    topics="libp2p pubsub" tid=19458451 peerId=16Uiu2...T3UNSE
[2026-10-10 15:49:30.802] [out] [delivery_module] DBG 2026-10-10 15:49:30.802+02:00 no listener registered                     tid=19458453 event=onConnectionChange
[2026-10-10 15:49:30.823] [out] [delivery_module] DBG 2026-10-10 15:49:30.823+02:00 Incoming WakuRelay connection              topics="waku relay" tid=19458451 connection=16Uiu2...T3UNSE:6aca426a97e1e6e861372825 protocol=/vac/waku/relay/2.0.0
[2026-10-10 15:49:30.827] [out] [delivery_module] DBG 2026-10-10 15:49:30.827+02:00 Peer dial started                          topics="libp2p dialer" tid=19458451 peerId=16Uiu2...Gas9Zu addresses="[/ip4/172.20.10.14/udp/58926/quic-v1, /ip4/172.20.10.14/tcp/52205]"
[2026-10-10 15:49:30.827] [out] [delivery_module] DBG 2026-10-10 15:49:30.827+02:00 New connection established: client         tid=19458451
[2026-10-10 15:49:30.828] [out] [delivery_module] DBG 2026-10-10 15:49:30.828+02:00 Peer dial started                          topics="libp2p dialer" tid=19458451 peerId=16Uiu2...bHQ8Hg addresses="[/ip4/172.20.10.14/udp/57136/quic-v1, /ip4/172.20.10.14/tcp/52288]"
[2026-10-10 15:49:30.828] [out] [delivery_module] DBG 2026-10-10 15:49:30.828+02:00 New connection established: client         tid=19458451
[2026-10-10 15:49:30.829] [out] [delivery_module] DBG 2026-10-10 15:49:30.829+02:00 Peer dial started                          topics="libp2p dialer" tid=19458451 peerId=16Uiu2...BjtNZZ addresses=[/ip4/173.42.114.210/tcp/46341]
[2026-10-10 15:49:30.829] [out] [delivery_module] DBG 2026-10-10 15:49:30.829+02:00 Peer dial started                          topics="libp2p dialer" tid=19458451 peerId=16Uiu2...C2W9C5 addresses="[/ip4/172.20.10.14/udp/49215/quic-v1, /ip4/172.20.10.14/tcp/52228]"
[2026-10-10 15:49:30.829] [out] [delivery_module] DBG 2026-10-10 15:49:30.829+02:00 New connection established: client         tid=19458451
[2026-10-10 15:49:30.831] [out] [delivery_module] DBG 2026-10-10 15:49:30.831+02:00 Peer dial started                          topics="libp2p dialer" tid=19458451 peerId=16Uiu2...NmmnVv addresses="[/ip4/172.16.134.165/udp/60401/quic-v1, /ip4/172.16.134.165/tcp/61976, /ip4/143.105.219.245/tcp/61976]"
[2026-10-10 15:49:30.832] [out] [delivery_module] DBG 2026-10-10 15:49:30.832+02:00 New connection established: client         tid=19458451
[2026-10-10 15:49:30.832] [out] [delivery_module] DBG 2026-10-10 15:49:30.832+02:00 Peer dial started                          topics="libp2p dialer" tid=19458451 peerId=16Uiu2...BGbc3h addresses="[/ip4/172.20.10.14/udp/62748/quic-v1, /ip4/172.20.10.14/tcp/57735]"
[2026-10-10 15:49:30.832] [out] [delivery_module] DBG 2026-10-10 15:49:30.832+02:00 New connection established: client         tid=19458451
[2026-10-10 15:49:30.834] [out] [delivery_module] DBG 2026-10-10 15:49:30.834+02:00 Peer dial started                          topics="libp2p dialer" tid=19458451 peerId=16Uiu2...sR6GDs addresses="[/ip4/100.126.175.80/udp/56339/quic-v1, /ip4/100.126.175.80/tcp/49964]"
[2026-10-10 15:49:30.834] [out] [delivery_module] DBG 2026-10-10 15:49:30.834+02:00 New connection established: client         tid=19458451
[2026-10-10 15:49:30.835] [out] [delivery_module] DBG 2026-10-10 15:49:30.835+02:00 Peer dial started                          topics="libp2p dialer" tid=19458451 peerId=16Uiu2...JuYMPY addresses="[/ip4/172.20.10.14/udp/53720/quic-v1, /ip4/172.20.10.14/tcp/52306]"
[2026-10-10 15:49:30.835] [out] [delivery_module] DBG 2026-10-10 15:49:30.835+02:00 New connection established: client         tid=19458451
[2026-10-10 15:49:30.835] [out] [delivery_module] DBG 2026-10-10 15:49:30.835+02:00 Peer dial started                          topics="libp2p dialer" tid=19458451 peerId=16Uiu2...3H7QUd addresses="[/ip4/172.20.10.14/udp/52662/quic-v1, /ip4/172.20.10.14/tcp/52206]"
[2026-10-10 15:49:30.835] [out] [delivery_module] DBG 2026-10-10 15:49:30.835+02:00 New connection established: client         tid=19458451
[2026-10-10 15:49:30.837] [out] [delivery_module] DBG 2026-10-10 15:49:30.837+02:00 Handshake done                             tid=19458451 status=1
[2026-10-10 15:49:30.837] [out] [delivery_module] DBG 2026-10-10 15:49:30.837+02:00 created new pubsub peer                    topics="libp2p pubsub" tid=19458451 peerId=16Uiu2...BGbc3h
[2026-10-10 15:49:30.837] [out] [delivery_module] DBG 2026-10-10 15:49:30.837+02:00 Creating stream                            tid=19458451
[2026-10-10 15:49:30.837] [out] [delivery_module] DBG 2026-10-10 15:49:30.837+02:00 no listener registered                     tid=19458453 event=onConnectionChange
[2026-10-10 15:49:30.837] [out] [delivery_module] DBG 2026-10-10 15:49:30.837+02:00 New stream created                         tid=19458451
[2026-10-10 15:49:30.837] [out] [delivery_module] DBG 2026-10-10 15:49:30.837+02:00 Creating stream                            tid=19458451
[2026-10-10 15:49:30.837] [out] [delivery_module] DBG 2026-10-10 15:49:30.837+02:00 New stream created                         tid=19458451
[2026-10-10 15:49:30.838] [out] [delivery_module] DBG 2026-10-10 15:49:30.838+02:00 New stream created                         tid=19458451
[2026-10-10 15:49:30.838] [out] [delivery_module] DBG 2026-10-10 15:49:30.838+02:00 New stream created                         tid=19458451
[2026-10-10 15:49:30.838] [out] [delivery_module] DBG 2026-10-10 15:49:30.838+02:00 Incoming WakuRelay connection              topics="waku relay" tid=19458451 connection=16Uiu2...BGbc3h:6aca426a97e1e6e86137282b protocol=/vac/waku/relay/2.0.0
[2026-10-10 15:49:30.839] [out] [delivery_module] DBG 2026-10-10 15:49:30.839+02:00 Event identified                           topics="waku node peer_manager" tid=19458451 peerId=16Uiu2...BGbc3h
[2026-10-10 15:49:30.839] [out] [delivery_module] DBG 2026-10-10 15:49:30.839+02:00 Creating stream                            tid=19458451
[2026-10-10 15:49:30.839] [out] [delivery_module] DBG 2026-10-10 15:49:30.839+02:00 New stream created                         tid=19458451
[2026-10-10 15:49:30.839] [out] [delivery_module] DBG 2026-10-10 15:49:30.839+02:00 no listener registered                     tid=19458453 event=onConnectionChange
[2026-10-10 15:49:30.839] [out] [delivery_module] DBG 2026-10-10 15:49:30.839+02:00 New stream created                         tid=19458451
[2026-10-10 15:49:30.840] [out] [delivery_module] DBG 2026-10-10 15:49:30.840+02:00 Received WakuMetadata request              topics="waku metadata" tid=19458451 remoteClusterId=ok(3) remoteShards="[5, 0, 2, 1, 4, 7, 3, 6]" localClusterId=3 localShards="[7]" peer=16Uiu2...TwqBiH
[2026-10-10 15:49:30.840] [out] [delivery_module] DBG 2026-10-10 15:49:30.840+02:00 Received WakuMetadata request              topics="waku metadata" tid=19458451 remoteClusterId=ok(3) remoteShards="[5, 0, 2, 1, 4, 7, 3, 6]" localClusterId=3 localShards="[7]" peer=16Uiu2...BGbc3h
[2026-10-10 15:49:30.842] [out] [delivery_module] DBG 2026-10-10 15:49:30.842+02:00 no listener registered                     tid=19458453 event=onConnectionChange
[2026-10-10 15:49:30.842] [out] [delivery_module] DBG 2026-10-10 15:49:30.842+02:00 Creating stream                            tid=19458451
[2026-10-10 15:49:30.842] [out] [delivery_module] DBG 2026-10-10 15:49:30.842+02:00 New stream created                         tid=19458451
[2026-10-10 15:49:30.844] [out] [delivery_module] DBG 2026-10-10 15:49:30.844+02:00 New stream created                         tid=19458451
[2026-10-10 15:49:31.103] [out] [delivery_module] DBG 2026-10-10 15:49:31.103+02:00 Received WakuMetadata request              topics="waku metadata" tid=19458451 remoteClusterId=ok(3) remoteShards="[5, 0, 2, 1, 4, 7, 3, 6]" localClusterId=3 localShards="[7]" peer=16Uiu2...P1S397
[2026-10-10 15:49:31.174] [out] [delivery_module] DBG 2026-10-10 15:49:31.174+02:00 no listener registered                     tid=19458453 event=onConnectionChange
[2026-10-10 15:49:31.199] [out] [delivery_module] DBG 2026-10-10 15:49:31.199+02:00 Event identified                           topics="waku node peer_manager" tid=19458451 peerId=16Uiu2...kGyuEP
[2026-10-10 15:49:31.199] [out] [delivery_module] DBG 2026-10-10 15:49:31.199+02:00 no listener registered                     tid=19458453 event=onConnectionChange
[2026-10-10 15:49:31.246] [out] [delivery_module] DBG 2026-10-10 15:49:31.246+02:00 Event identified                           topics="waku node peer_manager" tid=19458451 peerId=16Uiu2...T3UNSE
[2026-10-10 15:49:31.246] [out] [delivery_module] DBG 2026-10-10 15:49:31.246+02:00 no listener registered                     tid=19458453 event=onConnectionChange
[2026-10-10 15:49:31.328] [out] [delivery_module] DBG 2026-10-10 15:49:31.328+02:00 no listener registered                     tid=19458453 event=onConnectionChange
[2026-10-10 15:49:31.688] [out] [delivery_module] DBG 2026-10-10 15:49:31.688+02:00 Received WakuMetadata request              topics="waku metadata" tid=19458451 remoteClusterId=ok(3) remoteShards="[5, 0, 2, 1, 4, 7, 3, 6]" localClusterId=3 localShards="[7]" peer=16Uiu2...kGyuEP
[2026-10-10 15:49:32.059] [out] [delivery_module] DBG 2026-10-10 15:49:32.059+02:00 no listener registered                     tid=19458453 event=onConnectionChange
[2026-10-10 15:49:32.111] [out] [delivery_module] DBG 2026-10-10 15:49:32.111+02:00 Received WakuMetadata request              topics="waku metadata" tid=19458451 remoteClusterId=ok(3) remoteShards="[5, 0, 2, 1, 4, 7, 3, 6]" localClusterId=3 localShards="[7]" peer=16Uiu2...T3UNSE
[2026-10-10 15:49:32.185] [out] [delivery_module] DBG 2026-10-10 15:49:32.185+02:00 created new pubsub peer                    topics="libp2p pubsub" tid=19458451 peerId=16Uiu2...BjtNZZ
[2026-10-10 15:49:32.185] [out] [delivery_module] DBG 2026-10-10 15:49:32.185+02:00 no listener registered                     tid=19458453 event=onConnectionChange
[2026-10-10 15:49:32.185] [out] [delivery_module] DBG 2026-10-10 15:49:32.185+02:00 Incoming WakuRelay connection              topics="waku relay" tid=19458451 connection=16Uiu2...BjtNZZ:6aca426c97e1e6e86137283d protocol=/vac/waku/relay/2.0.0
[2026-10-10 15:49:32.520] [out] [delivery_module] DBG 2026-10-10 15:49:32.520+02:00 no listener registered                     tid=19458453 event=onConnectionChange
[2026-10-10 15:49:32.520] [out] [delivery_module] DBG 2026-10-10 15:49:32.520+02:00 Finished dialing multiple peers            tid=19458451 successfulConns=6 attempted=6
[2026-10-10 15:49:32.520] [out] [delivery_module] DBG 2026-10-10 15:49:32.520+02:00 Dialing multiple peers                     topics="waku node peer_manager" tid=19458451 numOfPeers=7 nodes="@[16Uiu2HAm4mBUgFqkwfcuxo9zTsXDDfh33SrXo3LgHdgyG9sR6GDs, 16Uiu2HAmVfTJLvFx1TDN2nRMJV4gc9xATd7PhmA3mD65AXGas9Zu, 16Uiu2HAm4pwESJJjm9qDBo6jj7vxbBTXfu2rqbZ4y9MDiAJuYMPY, 16Uiu2HAmJNrJiCcwCCpBL47CYGnAtsfxPBz3ta8Yb4BzUqC2W9C5, 16Uiu2HAmFRyUMY6bBFLzSuAm9C1CqEj7Dm8Yvv5cRsLLPXbHQ8Hg, 16Uiu2HAmDxFW65dZVPRDVknRWBzq4XjYHeWT3uc9rEzXpx3H7QUd, 16Uiu2HAm1MeL9HxBACouZAWXsHDmSwVU2VcV6VZ3UXp1qNNmmnVv]"
[2026-10-10 15:49:32.521] [out] [delivery_module] INF 2026-10-10 15:49:32.521+02:00 Relay peer connections                     topics="waku node peer_manager" tid=19458451 inRelayConns=0/50 outRelayConns=8/25 totalConnections=8/150 notConnectedPeers=7 outsideBackoffPeers=7
[2026-10-10 15:49:32.522] [out] [delivery_module] DBG 2026-10-10 15:49:32.522+02:00 ENR addresses updated                      topics="waku enr" tid=19458451 retained=0 total=0
[2026-10-10 15:49:32.522] [out] [delivery_module] DBG 2026-10-10 15:49:32.522+02:00 Subscribing to pubsub topic                topics="waku relay" tid=19458451 pubsubTopic=/waku/2/rs/3/0
[2026-10-10 15:49:32.523] [out] [delivery_module] DBG 2026-10-10 15:49:32.523+02:00 peer filtering updated                     topics="waku discv5" tid=19458451
[2026-10-10 15:49:32.523] [out] [delivery_module] DBG 2026-10-10 15:49:32.523+02:00 ENR shards updated                         topics="waku discv5" tid=19458451 enrUri=enr:-K24QPXjrOrHqXsZ3QifCoAbZEKKYGpFTHxInYbWSdqtwCDDI8DdrQnJA0p_FHzn7OBf_ZPTSqui_5zO6YXAagj7AAoHgmlkgnY0im11bHRpYWRkcnOAgnJzkwADCAAAAAEAAgADAAQABQAGAAeJc2VjcDI1NmsxoQNdj4J44IfXQwRIY7OSY0kNcQb3d2vJM8aTlrVwXEQPvIN0Y3CC4YiDdWRwgs2zhXdha3UyLQ add=true
[2026-10-10 15:49:32.523] [out] [delivery_module] DBG 2026-10-10 15:49:32.523+02:00 Subscribing to pubsub topic                topics="waku relay" tid=19458451 pubsubTopic=/waku/2/rs/3/1
[2026-10-10 15:49:32.523] [out] [delivery_module] DBG 2026-10-10 15:49:32.523+02:00 peer filtering updated                     topics="waku discv5" tid=19458451
[2026-10-10 15:49:32.523] [out] [delivery_module] DBG 2026-10-10 15:49:32.523+02:00 ENR shards updated                         topics="waku discv5" tid=19458451 enrUri=enr:-K24QCs7lnUHmShhrNQWFQmUx6PYDeoMeL3qhiDDRAQ3wcltFQwExDSd6096aXz4DCkb25IpYxleuM6x344lKWFw-KQIgmlkgnY0im11bHRpYWRkcnOAgnJzkwADCAAAAAEAAgADAAQABQAGAAeJc2VjcDI1NmsxoQNdj4J44IfXQwRIY7OSY0kNcQb3d2vJM8aTlrVwXEQPvIN0Y3CC4YiDdWRwgs2zhXdha3UyLQ add=true
[2026-10-10 15:49:32.523] [out] [delivery_module] DBG 2026-10-10 15:49:32.523+02:00 Subscribing to pubsub topic                topics="waku relay" tid=19458451 pubsubTopic=/waku/2/rs/3/2
[2026-10-10 15:49:32.523] [out] [delivery_module] DBG 2026-10-10 15:49:32.523+02:00 peer filtering updated                     topics="waku discv5" tid=19458451
[2026-10-10 15:49:32.523] [out] [delivery_module] DBG 2026-10-10 15:49:32.523+02:00 ENR shards updated                         topics="waku discv5" tid=19458451 enrUri=enr:-K24QCaYHfBhdbm1wa4n6oZd_lnurdU3lF9HNqHnQfbtOEX1CDPQ6cyEWBL7GH2x6m9vpxe4yTKS_gYPwEKXarRAGG8JgmlkgnY0im11bHRpYWRkcnOAgnJzkwADCAAAAAEAAgADAAQABQAGAAeJc2VjcDI1NmsxoQNdj4J44IfXQwRIY7OSY0kNcQb3d2vJM8aTlrVwXEQPvIN0Y3CC4YiDdWRwgs2zhXdha3UyLQ add=true
[2026-10-10 15:49:32.523] [out] [delivery_module] DBG 2026-10-10 15:49:32.523+02:00 Subscribing to pubsub topic                topics="waku relay" tid=19458451 pubsubTopic=/waku/2/rs/3/3
[2026-10-10 15:49:32.523] [out] [delivery_module] DBG 2026-10-10 15:49:32.523+02:00 peer filtering updated                     topics="waku discv5" tid=19458451
[2026-10-10 15:49:32.524] [out] [delivery_module] DBG 2026-10-10 15:49:32.523+02:00 ENR shards updated                         topics="waku discv5" tid=19458451 enrUri=enr:-K24QBNzVvMaHmcfn8O3UlwqRNPWRfvV3cvz3k-L5YiVLQbab9Gvke-VROq_kyQGQgSAnfCNdv-dIkehxWCuZyAIHT0KgmlkgnY0im11bHRpYWRkcnOAgnJzkwADCAAAAAEAAgADAAQABQAGAAeJc2VjcDI1NmsxoQNdj4J44IfXQwRIY7OSY0kNcQb3d2vJM8aTlrVwXEQPvIN0Y3CC4YiDdWRwgs2zhXdha3UyLQ add=true
[2026-10-10 15:49:32.524] [out] [delivery_module] DBG 2026-10-10 15:49:32.524+02:00 Subscribing to pubsub topic                topics="waku relay" tid=19458451 pubsubTopic=/waku/2/rs/3/4
[2026-10-10 15:49:32.524] [out] [delivery_module] DBG 2026-10-10 15:49:32.524+02:00 peer filtering updated                     topics="waku discv5" tid=19458451
[2026-10-10 15:49:32.524] [out] [delivery_module] DBG 2026-10-10 15:49:32.524+02:00 ENR shards updated                         topics="waku discv5" tid=19458451 enrUri=enr:-K24QLk9n4Ujv-jml0Djhi73mLkhtWrWZQQlqFTyrnvRf6KXWALwUcSkE7VVVHgpmhsfPtQc1huVwYcfyruMOj22q08LgmlkgnY0im11bHRpYWRkcnOAgnJzkwADCAAAAAEAAgADAAQABQAGAAeJc2VjcDI1NmsxoQNdj4J44IfXQwRIY7OSY0kNcQb3d2vJM8aTlrVwXEQPvIN0Y3CC4YiDdWRwgs2zhXdha3UyLQ add=true
[2026-10-10 15:49:32.524] [out] [delivery_module] DBG 2026-10-10 15:49:32.524+02:00 Subscribing to pubsub topic                topics="waku relay" tid=19458451 pubsubTopic=/waku/2/rs/3/5
[2026-10-10 15:49:32.524] [out] [delivery_module] DBG 2026-10-10 15:49:32.524+02:00 peer filtering updated                     topics="waku discv5" tid=19458451
[2026-10-10 15:49:32.524] [out] [delivery_module] DBG 2026-10-10 15:49:32.524+02:00 ENR shards updated                         topics="waku discv5" tid=19458451 enrUri=enr:-K24QHaFFeaI0YGc6Vq6wEvddYizELpBu5AY8WoV4EpoJfJlCiRUE-DtP69-de95J2ezHyGtp_tHZ7YHEYzTAJ0zkkoMgmlkgnY0im11bHRpYWRkcnOAgnJzkwADCAAAAAEAAgADAAQABQAGAAeJc2VjcDI1NmsxoQNdj4J44IfXQwRIY7OSY0kNcQb3d2vJM8aTlrVwXEQPvIN0Y3CC4YiDdWRwgs2zhXdha3UyLQ add=true
[2026-10-10 15:49:32.524] [out] [delivery_module] DBG 2026-10-10 15:49:32.524+02:00 Subscribing to pubsub topic                topics="waku relay" tid=19458451 pubsubTopic=/waku/2/rs/3/6
[2026-10-10 15:49:32.524] [out] [delivery_module] DBG 2026-10-10 15:49:32.524+02:00 peer filtering updated                     topics="waku discv5" tid=19458451
[2026-10-10 15:49:32.524] [out] [delivery_module] DBG 2026-10-10 15:49:32.524+02:00 ENR shards updated                         topics="waku discv5" tid=19458451 enrUri=enr:-K24QD5JT77ueKIbLnxxSodWXiqC-V3MOktdOffrm_S0L73qTKxMGf-XZlircSnt8ft94sKaMQVNpy17TOJaqVotVE8NgmlkgnY0im11bHRpYWRkcnOAgnJzkwADCAAAAAEAAgADAAQABQAGAAeJc2VjcDI1NmsxoQNdj4J44IfXQwRIY7OSY0kNcQb3d2vJM8aTlrVwXEQPvIN0Y3CC4YiDdWRwgs2zhXdha3UyLQ add=true
[2026-10-10 15:49:32.525] [out] [delivery_module] NTC 2026-10-10 15:49:32.524+02:00 ENR carries no reachable host, so peers cannot dial this node. Set --nat, --ext-ip, --dns4-domain-name or --ext-multiaddr to advertise one topics="wakunode waku" tid=19458451
[2026-10-10 15:49:32.525] [out] [delivery_module] DBG 2026-10-10 15:49:32.525+02:00 Register interest                          topics="service-disco discoverer" tid=19458451 service=/logos/delivery serviceId=e6738033b5d4...cb0431b2f5d8
[2026-10-10 15:49:32.525] [out] [delivery_module] DBG 2026-10-10 15:49:32.525+02:00 Added service to discover                  topics="waku service discovery" tid=19458451 service=/logos/delivery
[2026-10-10 15:49:32.525] [out] [delivery_module] DBG 2026-10-10 15:49:32.525+02:00 Added provided service                     topics="service-disco advertiser" tid=19458451 service=/logos/delivery serviceId=e6738033b5d4...cb0431b2f5d8
[2026-10-10 15:49:32.525] [out] [delivery_module] DBG 2026-10-10 15:49:32.525+02:00 Creating stream                            tid=19458451
[2026-10-10 15:49:32.525] [out] [delivery_module] DBG 2026-10-10 15:49:32.525+02:00 New stream created                         tid=19458451
[2026-10-10 15:49:32.526] [out] [delivery_module] DBG 2026-10-10 15:49:32.526+02:00 Cannot insert self in routing table        topics="kad-dht rtable" tid=19458451 nodeId=002508021221...b5705c440fbc
[2026-10-10 15:49:32.527] [out] [delivery_module] DBG 2026-10-10 15:49:32.527+02:00 Added service to advertise                 topics="waku service discovery" tid=19458451 service=/logos/delivery
[2026-10-10 15:49:32.527] [out] [delivery_module] INF 2026-10-10 15:49:32.527+02:00 advertising this node on the delivery network topics="waku discovery advertise" tid=19458451 backend=service protocols="[/vac/waku/relay/2.0.0, /vac/waku/filter-subscribe/2.0.0-beta1, /vac/waku/lightpush/3.0.0, /mix/1.0.0]"
[2026-10-10 15:49:32.527] [out] [delivery_module] DBG 2026-10-10 15:49:32.527+02:00 Register interest                          topics="service-disco discoverer" tid=19458451 service=/mix/1.0.0 serviceId=913b5c5dbe69...6f90568cea40
[2026-10-10 15:49:32.528] [out] [delivery_module] DBG 2026-10-10 15:49:32.528+02:00 Added service to discover                  topics="waku service discovery" tid=19458451 service=/mix/1.0.0
[2026-10-10 15:49:32.528] [out] [delivery_module] DBG 2026-10-10 15:49:32.528+02:00 Added provided service                     topics="service-disco advertiser" tid=19458451 service=/mix/1.0.0 serviceId=913b5c5dbe69...6f90568cea40
[2026-10-10 15:49:32.528] [out] [delivery_module] DBG 2026-10-10 15:49:32.528+02:00 Creating stream                            tid=19458451
[2026-10-10 15:49:32.528] [out] [delivery_module] DBG 2026-10-10 15:49:32.528+02:00 New stream created                         tid=19458451
[2026-10-10 15:49:32.529] [out] [delivery_module] DBG 2026-10-10 15:49:32.529+02:00 Added service to advertise                 topics="waku service discovery" tid=19458451 service=/mix/1.0.0
[2026-10-10 15:49:32.529] [out] [delivery_module] INF 2026-10-10 15:49:32.529+02:00 advertising this node as a mix node        topics="waku discovery advertise" tid=19458451 backend=service
[2026-10-10 15:49:32.529] [out] [delivery_module] INF 2026-10-10 15:49:32.529+02:00 Node is online                             topics="waku online monitor" tid=19458451
[2026-10-10 15:49:32.529] [out] [delivery_module] INF 2026-10-10 15:49:32.529+02:00 Health monitor loop start                  tid=19458451
[2026-10-10 15:49:32.530] [out] [delivery_module] DBG 2026-10-10 15:49:32.530+02:00 calculateConnectionState                   tid=19458451 relayCount=7 storeClientCount=6 lightpushCount=7 filterCount=7
[2026-10-10 15:49:32.530] [out] [delivery_module] DBG 2026-10-10 15:49:32.530+02:00 connectionStatus change                    tid=19458451 oldstatus=Disconnected newstatus=Connected
[2026-10-10 15:49:32.530] [out] [delivery_module] INF 2026-10-10 15:49:32.530+02:00 starting keepalive                         tid=19458451 randomPeersKeepalive=10s allPeersKeepalive=2m
[2026-10-10 15:49:32.531] [out] [delivery_module] DBG 2026-10-10 15:49:32.530+02:00 no listener registered                     tid=19458453 event=onTopicHealthChange
[2026-10-10 15:49:32.531] [out] [delivery_module] DBG 2026-10-10 15:49:32.530+02:00 no listener registered                     tid=19458453 event=onTopicHealthChange
[2026-10-10 15:49:32.531] [out] [delivery_module] DBG 2026-10-10 15:49:32.530+02:00 no listener registered                     tid=19458453 event=onTopicHealthChange
[2026-10-10 15:49:32.531] [out] [delivery_module] DBG 2026-10-10 15:49:32.531+02:00 no listener registered                     tid=19458453 event=onTopicHealthChange
[2026-10-10 15:49:32.531] [out] [delivery_module] DBG 2026-10-10 15:49:32.531+02:00 no listener registered                     tid=19458453 event=onTopicHealthChange
[2026-10-10 15:49:32.531] [out] [delivery_module] DBG 2026-10-10 15:49:32.531+02:00 no listener registered                     tid=19458453 event=onTopicHealthChange
[2026-10-10 15:49:32.531] [out] [delivery_module] DBG 2026-10-10 15:49:32.531+02:00 no listener registered                     tid=19458453 event=onTopicHealthChange
[2026-10-10 15:49:32.538] [out] [delivery_module] DBG 2026-10-10 15:49:32.538+02:00 Event identified                           topics="waku node peer_manager" tid=19458451 peerId=16Uiu2...BjtNZZ
[2026-10-10 15:49:32.538] [out] [delivery_module] DBG 2026-10-10 15:49:32.538+02:00 no listener registered                     tid=19458453 event=onConnectionChange
[2026-10-10 15:49:32.634] [out] [delivery_module] DBG 2026-10-10 15:49:32.634+02:00 calculateConnectionState                   tid=19458451 relayCount=8 storeClientCount=6 lightpushCount=8 filterCount=8
[2026-10-10 15:49:32.806] [out] [delivery_module] DBG 2026-10-10 15:49:32.806+02:00 Received WakuMetadata request              topics="waku metadata" tid=19458451 remoteClusterId=ok(3) remoteShards="[5, 0, 2, 1, 4, 7, 3, 6]" localClusterId=3 localShards="[5, 0, 2, 1, 4, 7, 3, 6]" peer=16Uiu2...BjtNZZ
[2026-10-10 15:49:32.964] [out] [delivery_module] INF 2026-10-10 15:49:32.964+02:00 Message received                           tid=19458451 msg_hash=0x6f9acedfa53d7de2af115da6c2f76866082ea6d88f046acba4aafeb0b1616bc2 contentTopic=/lp0026forum/1/general/text pubsubTopic=/waku/2/rs/3/7 source=history
[2026-10-10 15:49:33.160] [out] [delivery_module] DBG 2026-10-10 15:49:33.160+02:00 no listener registered                     tid=19458453 event=onConnectionChange
[2026-10-10 15:49:33.162] [out] [delivery_module] DBG 2026-10-10 15:49:33.162+02:00 calculateConnectionState                   tid=19458451 relayCount=8 storeClientCount=6 lightpushCount=8 filterCount=8
[QmlInspector] Client disconnected
