INF 2026-10-02 17:31:40.120+02:00 Creating a private key and saving it       tid=44019872
WRN 2026-10-02 17:31:40.120+02:00 Node has been marked with --no-bootstrap-node and will NOT be bootstrapped topics="libstorage libstoragelifecycle" tid=44019872
INF 2026-10-02 17:31:40.121+02:00 Threadpool started                         topics="libstorage libstoragelifecycle" tid=44019872 numThreads=12
WRN 2026-10-02 17:31:40.146+02:00 No key for a QueryResponse                 topics="storage repostore" tid=44019872
NTC 2026-10-02 17:31:40.147+02:00 Started Storage node                       topics="storage node" tid=44019872 id=16U*pjJr2f addrs="[/ip4/127.0.0.1/tcp/52933]"
INF 2026-10-02 17:31:40.217+02:00 Storing data                               topics="storage node" tid=44019872
INF 2026-10-02 17:31:40.219+02:00 Stored data                                topics="storage node" tid=44019872 manifestCid=zDv*rU3BAk treeCid=zDz*HapDG6 blocks=1 datasetSize=980'NByte filename=some("corpus.txt") mimetype=some("text/plain")
WRN 2026-10-02 17:32:40.147+02:00 No key for a QueryResponse                 topics="storage repostore" tid=44019872
NTC 2026-10-02 17:32:55.095+02:00 Stopping Storage node                      topics="storage node" tid=44019872
INF 2026-10-02 17:32:55.095+02:00 Timer loop has stopped                     tid=44019872 name=maintenance
WRN 2026-10-02 17:32:55.095+02:00 Cancelled advertise task runner            topics="storage discoveryengine advertiser" tid=44019872
INF 2026-10-02 17:32:55.095+02:00 Exiting advertise task runner              topics="storage discoveryengine advertiser" tid=44019872
WRN 2026-10-02 17:32:55.095+02:00 Cancelled advertise task runner            topics="storage discoveryengine advertiser" tid=44019872
INF 2026-10-02 17:32:55.096+02:00 Exiting advertise task runner              topics="storage discoveryengine advertiser" tid=44019872
WRN 2026-10-02 17:32:55.096+02:00 Cancelled advertise task runner            topics="storage discoveryengine advertiser" tid=44019872
INF 2026-10-02 17:32:55.096+02:00 Exiting advertise task runner              topics="storage discoveryengine advertiser" tid=44019872
WRN 2026-10-02 17:32:55.096+02:00 Cancelled advertise task runner            topics="storage discoveryengine advertiser" tid=44019872
INF 2026-10-02 17:32:55.096+02:00 Exiting advertise task runner              topics="storage discoveryengine advertiser" tid=44019872
WRN 2026-10-02 17:32:55.096+02:00 Cancelled advertise task runner            topics="storage discoveryengine advertiser" tid=44019872
INF 2026-10-02 17:32:55.096+02:00 Exiting advertise task runner              topics="storage discoveryengine advertiser" tid=44019872
WRN 2026-10-02 17:32:55.096+02:00 Cancelled advertise task runner            topics="storage discoveryengine advertiser" tid=44019872
INF 2026-10-02 17:32:55.096+02:00 Exiting advertise task runner              topics="storage discoveryengine advertiser" tid=44019872
WRN 2026-10-02 17:32:55.096+02:00 Cancelled advertise local store loop       topics="storage discoveryengine advertiser" tid=44019872
INF 2026-10-02 17:32:55.096+02:00 Exiting advertise task loop                topics="storage discoveryengine advertiser" tid=44019872
WRN 2026-10-02 17:32:55.096+02:00 Cancelled advertise task runner            topics="storage discoveryengine advertiser" tid=44019872
INF 2026-10-02 17:32:55.096+02:00 Exiting advertise task runner              topics="storage discoveryengine advertiser" tid=44019872
WRN 2026-10-02 17:32:55.096+02:00 Cancelled advertise task runner            topics="storage discoveryengine advertiser" tid=44019872
INF 2026-10-02 17:32:55.096+02:00 Exiting advertise task runner              topics="storage discoveryengine advertiser" tid=44019872
WRN 2026-10-02 17:32:55.096+02:00 Cancelled advertise task runner            topics="storage discoveryengine advertiser" tid=44019872
INF 2026-10-02 17:32:55.096+02:00 Exiting advertise task runner              topics="storage discoveryengine advertiser" tid=44019872
WRN 2026-10-02 17:32:55.096+02:00 Cancelled advertise task runner            topics="storage discoveryengine advertiser" tid=44019872
INF 2026-10-02 17:32:55.096+02:00 Exiting advertise task runner              topics="storage discoveryengine advertiser" tid=44019872
