INF 2026-10-02 16:32:16.677+02:00 Creating a private key and saving it       tid=43954211
WRN 2026-10-02 16:32:16.677+02:00 Node has been marked with --no-bootstrap-node and will NOT be bootstrapped topics="libstorage libstoragelifecycle" tid=43954211
INF 2026-10-02 16:32:16.678+02:00 Threadpool started                         topics="libstorage libstoragelifecycle" tid=43954211 numThreads=12
WRN 2026-10-02 16:32:16.706+02:00 No key for a QueryResponse                 topics="storage repostore" tid=43954211
NTC 2026-10-02 16:32:16.707+02:00 Started Storage node                       topics="storage node" tid=43954211 id=16U*C2bBrf addrs="[/ip4/127.0.0.1/tcp/64679]"
INF 2026-10-02 16:32:17.917+02:00 Storing data                               topics="storage node" tid=43954211
INF 2026-10-02 16:32:17.919+02:00 Stored data                                topics="storage node" tid=43954211 manifestCid=zDv*eBK36W treeCid=zDz*vLq3py blocks=1 datasetSize=1629'NByte filename=some("corpus.txt") mimetype=some("text/plain")
WRN 2026-10-02 16:33:16.716+02:00 No key for a QueryResponse                 topics="storage repostore" tid=43954211
WRN 2026-10-02 16:34:16.721+02:00 No key for a QueryResponse                 topics="storage repostore" tid=43954211
WRN 2026-10-02 16:35:16.724+02:00 No key for a QueryResponse                 topics="storage repostore" tid=43954211
NTC 2026-10-02 16:35:56.759+02:00 Stopping Storage node                      topics="storage node" tid=43954211
INF 2026-10-02 16:35:56.759+02:00 Timer loop has stopped                     tid=43954211 name=maintenance
WRN 2026-10-02 16:35:56.759+02:00 Cancelled advertise task runner            topics="storage discoveryengine advertiser" tid=43954211
INF 2026-10-02 16:35:56.759+02:00 Exiting advertise task runner              topics="storage discoveryengine advertiser" tid=43954211
WRN 2026-10-02 16:35:56.759+02:00 Cancelled advertise task runner            topics="storage discoveryengine advertiser" tid=43954211
INF 2026-10-02 16:35:56.759+02:00 Exiting advertise task runner              topics="storage discoveryengine advertiser" tid=43954211
WRN 2026-10-02 16:35:56.759+02:00 Cancelled advertise task runner            topics="storage discoveryengine advertiser" tid=43954211
INF 2026-10-02 16:35:56.759+02:00 Exiting advertise task runner              topics="storage discoveryengine advertiser" tid=43954211
WRN 2026-10-02 16:35:56.759+02:00 Cancelled advertise task runner            topics="storage discoveryengine advertiser" tid=43954211
INF 2026-10-02 16:35:56.759+02:00 Exiting advertise task runner              topics="storage discoveryengine advertiser" tid=43954211
WRN 2026-10-02 16:35:56.759+02:00 Cancelled advertise task runner            topics="storage discoveryengine advertiser" tid=43954211
INF 2026-10-02 16:35:56.759+02:00 Exiting advertise task runner              topics="storage discoveryengine advertiser" tid=43954211
WRN 2026-10-02 16:35:56.759+02:00 Cancelled advertise task runner            topics="storage discoveryengine advertiser" tid=43954211
INF 2026-10-02 16:35:56.759+02:00 Exiting advertise task runner              topics="storage discoveryengine advertiser" tid=43954211
WRN 2026-10-02 16:35:56.759+02:00 Cancelled advertise task runner            topics="storage discoveryengine advertiser" tid=43954211
INF 2026-10-02 16:35:56.759+02:00 Exiting advertise task runner              topics="storage discoveryengine advertiser" tid=43954211
WRN 2026-10-02 16:35:56.759+02:00 Cancelled advertise task runner            topics="storage discoveryengine advertiser" tid=43954211
INF 2026-10-02 16:35:56.759+02:00 Exiting advertise task runner              topics="storage discoveryengine advertiser" tid=43954211
WRN 2026-10-02 16:35:56.759+02:00 Cancelled advertise task runner            topics="storage discoveryengine advertiser" tid=43954211
INF 2026-10-02 16:35:56.759+02:00 Exiting advertise task runner              topics="storage discoveryengine advertiser" tid=43954211
WRN 2026-10-02 16:35:56.759+02:00 Cancelled advertise local store loop       topics="storage discoveryengine advertiser" tid=43954211
INF 2026-10-02 16:35:56.759+02:00 Exiting advertise task loop                topics="storage discoveryengine advertiser" tid=43954211
WRN 2026-10-02 16:35:56.759+02:00 Cancelled advertise task runner            topics="storage discoveryengine advertiser" tid=43954211
INF 2026-10-02 16:35:56.759+02:00 Exiting advertise task runner              topics="storage discoveryengine advertiser" tid=43954211
