run-logos-standalone-ui: hot-reloading QML from <repo>/src/qml
  (export DEV_QML_PATH to override, or LOGOS_QML_HOT_RELOAD=0 to disable)
Session directory: "~/Library/Application Support/Logos/LogosStandalone"
[2026-10-07 10:36:08.976] [info] [logos] Granting host services to 'capability_module': token_registry,token_delivery
[2026-10-07 10:36:09.001] [out] [capability_module] [2026-10-07 10:36:09.001] [info] Granting host services to capability_module: ["token_registry","token_delivery"]
RemoteTransportConnection: Connecting to registry: "local:logos_capability_module_b0d4f13d68a4" at "10:36:09.002"
RemoteTransportConnection: Registry connect attempt started (no peer contact yet): "local:logos_capability_module_b0d4f13d68a4"
LogosAPIConsumer: Informing module token for module: "capability_module" with token: "redacted:9d42cfb0…"
RemoteTransportConnection: Requesting object: "capability_module" at "10:36:09.002"
[LogosObject] RemoteTransportConnection: returning RemoteLogosObject for: "capability_module"
[LogosObject] Created RemoteLogosObject wrapping QRemoteObjectReplica 105553116734464
[LogosObject] LogosAPIConsumer: calling LogosObject::informModuleToken for "capability_module"
LogosAPIConsumer: informModuleToken completed with result: true
[LogosObject] Destroying RemoteLogosObject 0
[2026-10-07 10:36:09.024] [info] [logos] Module loaded: capability_module
LogosAPIConsumer: Informing module token for module: "modules_state" with token: "redacted:f9ccbcb7…"
RemoteTransportConnection: Requesting object: "capability_module" at "10:36:09.050"
[LogosObject] RemoteTransportConnection: returning RemoteLogosObject for: "capability_module"
[LogosObject] Created RemoteLogosObject wrapping QRemoteObjectReplica 105553116283104
[LogosObject] LogosAPIConsumer: calling LogosObject::informModuleToken for "modules_state"
LogosAPIConsumer: informModuleToken completed with result: true
[LogosObject] Destroying RemoteLogosObject 0
[2026-10-07 10:36:09.050] [info] [logos] Module loaded: modules_state
RemoteTransportConnection: Connecting to registry: "local:logos_modules_state_b0d4f13d68a4" at "10:36:09.051"
RemoteTransportConnection: Registry connect attempt started (no peer contact yet): "local:logos_modules_state_b0d4f13d68a4"
RemoteTransportConnection: Connecting to registry: "local:logos_capability_module_b0d4f13d68a4" at "10:36:09.051"
RemoteTransportConnection: Registry connect attempt started (no peer contact yet): "local:logos_capability_module_b0d4f13d68a4"
LogosAPIConsumer: '"modules_state"::""' deferred pending the module becoming reachable
LogosAPIConsumer: '"modules_state"::""' deferred pending the module becoming reachable
Logos Core started (modules dir: "/nix/store/4v2cj5cr5dlsjb9cl0blr0cds0qf07iv-logos-forum_module-plugin-dir-modules" )
Set app icon from metadata: "/nix/store/xgd8k2vxqbzz6vqxbaqmxvq0fyb20zz0-logos-forum_module-plugin-dir/src/icons/icon.png"
[2026-10-07 10:36:09.086] [info] [logos] [delivery_module] DeliveryModuleImpl: Initializing...
LogosAPIConsumer: Informing module token for module: "delivery_module" with token: "redacted:62426c07…"
RemoteTransportConnection: Requesting object: "capability_module" at "10:36:09.087"
[LogosObject] RemoteTransportConnection: returning RemoteLogosObject for: "capability_module"
[LogosObject] Created RemoteLogosObject wrapping QRemoteObjectReplica 105553116765600
[LogosObject] LogosAPIConsumer: calling LogosObject::informModuleToken for "delivery_module"
LogosAPIConsumer: informModuleToken completed with result: true
[LogosObject] Destroying RemoteLogosObject 0
[2026-10-07 10:36:09.090] [info] [logos] Module loaded: delivery_module
RemoteTransportConnection: Connecting to registry: "local:logos_delivery_module_b0d4f13d68a4" at "10:36:09.091"
RemoteTransportConnection: Registry connect attempt started (no peer contact yet): "local:logos_delivery_module_b0d4f13d68a4"
RemoteTransportConnection: Connecting to registry: "local:logos_capability_module_b0d4f13d68a4" at "10:36:09.091"
RemoteTransportConnection: Registry connect attempt started (no peer contact yet): "local:logos_capability_module_b0d4f13d68a4"
LogosAPIConsumer: '"delivery_module"::""' deferred pending the module becoming reachable
LogosAPIClient: getToken for module: "modules_state"
LogosAPIClient: Found token for module: "modules_state"
RemoteTransportConnection: Requesting object: "modules_state" at "10:36:09.091"
[LogosObject] RemoteTransportConnection: returning RemoteLogosObject for: "modules_state"
[LogosObject] Created RemoteLogosObject wrapping QRemoteObjectReplica 105553116769152
[LogosObject] LogosAPIConsumer: async calling via LogosObject::callMethodAsync "note_transition"
[LogosObject] RemoteLogosObject::callMethodAsync "note_transition" args: 7
LogosAPIClient: getToken for module: "modules_state"
LogosAPIClient: Found token for module: "modules_state"
[LogosObject] LogosAPIConsumer: async calling via LogosObject::callMethodAsync "note_transition"
[LogosObject] RemoteLogosObject::callMethodAsync "note_transition" args: 7
Loaded dependency (with transitive deps): "delivery_module"
[2026-10-07 10:36:09.117] [info] [logos] [storage_module] StorageModuleImpl: Initializing...
LogosAPIConsumer: Informing module token for module: "storage_module" with token: "redacted:33ef1648…"
RemoteTransportConnection: Requesting object: "capability_module" at "10:36:09.118"
[LogosObject] Created RemoteLogosObject wrapping QRemoteObjectReplica 105553116284224
LogosAPIClient: invoking remote method "modules_state" "apply_snapshot" args_count: 1
LogosAPIClient: getToken for module: "modules_state"
LogosAPIClient: Found token for module: "modules_state"
LogosAPIConsumer: Calling invokeRemoteMethod: "modules_state" "apply_snapshot" args_count: 1 timeout: 20000
[LogosObject] LogosAPIConsumer: calling via LogosObject::callMethod "apply_snapshot"
[LogosObject] RemoteLogosObject::callMethod "apply_snapshot" args: 1
[LogosObject] Created RemoteLogosObject wrapping QRemoteObjectReplica 105553116768960
LogosAPIClient: getToken for module: "modules_state"
LogosAPIClient: Found token for module: "modules_state"
[LogosObject] LogosAPIConsumer: async calling via LogosObject::callMethodAsync "note_transition"
[LogosObject] RemoteLogosObject::callMethodAsync "note_transition" args: 7
LogosAPIClient: getToken for module: "modules_state"
LogosAPIClient: Found token for module: "modules_state"
[LogosObject] LogosAPIConsumer: async calling via LogosObject::callMethodAsync "note_transition"
[LogosObject] RemoteLogosObject::callMethodAsync "note_transition" args: 7
[2026-10-07 10:36:09.118] [info] [logos] Pushed module snapshot to modules_state
LogosAPIClient: getToken for module: "modules_state"
LogosAPIClient: Found token for module: "modules_state"
[LogosObject] LogosAPIConsumer: async calling via LogosObject::callMethodAsync "note_transition"
[LogosObject] RemoteLogosObject::callMethodAsync "note_transition" args: 7
[LogosObject] RemoteTransportConnection: returning RemoteLogosObject for: "capability_module"
[LogosObject] Created RemoteLogosObject wrapping QRemoteObjectReplica 105553116310816
[LogosObject] LogosAPIConsumer: calling LogosObject::informModuleToken for "storage_module"
LogosAPIConsumer: informModuleToken completed with result: true
[LogosObject] Destroying RemoteLogosObject 0
[2026-10-07 10:36:09.119] [info] [logos] Module loaded: storage_module
RemoteTransportConnection: Connecting to registry: "local:logos_storage_module_b0d4f13d68a4" at "10:36:09.119"
RemoteTransportConnection: Registry connect attempt started (no peer contact yet): "local:logos_storage_module_b0d4f13d68a4"
RemoteTransportConnection: Connecting to registry: "local:logos_capability_module_b0d4f13d68a4" at "10:36:09.119"
RemoteTransportConnection: Registry connect attempt started (no peer contact yet): "local:logos_capability_module_b0d4f13d68a4"
LogosAPIConsumer: '"storage_module"::""' deferred pending the module becoming reachable
LogosAPIClient: getToken for module: "modules_state"
LogosAPIClient: Found token for module: "modules_state"
[LogosObject] LogosAPIConsumer: async calling via LogosObject::callMethodAsync "note_transition"
[LogosObject] RemoteLogosObject::callMethodAsync "note_transition" args: 7
Loaded dependency (with transitive deps): "storage_module"
DEV_QML_PATH override active: <repo>/src/qml/Main.qml
RemoteTransportConnection: Connecting to registry: "local:logos_capability_module_b0d4f13d68a4" at "10:36:09.119"
RemoteTransportConnection: Registry connect attempt started (no peer contact yet): "local:logos_capability_module_b0d4f13d68a4"
LogosAPIConsumer: Informing module token for module: "forum_module" with token: "redacted:a60db2da…"
RemoteTransportConnection: Requesting object: "capability_module" at "10:36:09.119"
[LogosObject] RemoteTransportConnection: returning RemoteLogosObject for: "capability_module"
[LogosObject] Created RemoteLogosObject wrapping QRemoteObjectReplica 105553116269344
[LogosObject] LogosAPIConsumer: calling LogosObject::informModuleToken for "forum_module"
[LogosObject] Created RemoteLogosObject wrapping QRemoteObjectReplica 105553116268320
LogosAPIClient: getToken for module: "modules_state"
LogosAPIClient: Found token for module: "modules_state"
[LogosObject] LogosAPIConsumer: async calling via LogosObject::callMethodAsync "note_transition"
[LogosObject] RemoteLogosObject::callMethodAsync "note_transition" args: 7
LogosAPIConsumer: informModuleToken completed with result: true
[LogosObject] Destroying RemoteLogosObject 0
qt.qpa.fonts: Populating font family aliases took 40 ms. Replace uses of missing font family "Public Sans" with one that exists to avoid this cost. 
Loaded UI plugin: "/nix/store/xgd8k2vxqbzz6vqxbaqmxvq0fyb20zz0-logos-forum_module-plugin-dir"
[QmlInspector] Inspector server listening on port 3769
[QmlInspector] Client connected from "::ffff:127.0.0.1"
[2026-10-07 10:36:16.904] [warning] [logos] [capability_module] Warning: QObject::connect: No such signal ::eventResponse(QString,QVariantList)
[2026-10-07 10:36:16.904] [info] [logos] [storage_module] StorageModuleImpl::init called
[2026-10-07 10:36:16.906] [out] [storage_module] WRN 2026-10-07 10:36:16.906+02:00 Data directory has insecure permissions. Correcting them. tid=1152972 data_dir=~/.local/share/lp0026-forum-dev/m7-storage/b-storage current_permissions=0755 required_permissions=0700
[2026-10-07 10:36:16.906] [out] [storage_module] INF 2026-10-07 10:36:16.906+02:00 Creating a private key and saving it       tid=1152972
[2026-10-07 10:36:16.906] [out] [storage_module] WRN 2026-10-07 10:36:16.906+02:00 Node has been marked with --no-bootstrap-node and will NOT be bootstrapped topics="libstorage libstoragelifecycle" tid=1152972
[2026-10-07 10:36:16.906] [out] [storage_module] INF 2026-10-07 10:36:16.906+02:00 Threadpool started                         topics="libstorage libstoragelifecycle" tid=1152972 numThreads=12
[2026-10-07 10:36:16.908] [info] [logos] [storage_module] StorageModuleImpl::start called
[2026-10-07 10:36:16.908] [out] [storage_module] WRN 2026-10-07 10:36:16.908+02:00 No key for a QueryResponse                 topics="storage repostore" tid=1152972
[2026-10-07 10:36:16.908] [out] [storage_module] NTC 2026-10-07 10:36:16.908+02:00 Started Storage node                       topics="storage node" tid=1152972 id=16U*mRwHSg addrs="[/ip4/127.0.0.1/tcp/8572]"
[2026-10-07 10:36:44.197] [out] [storage_module] ERR 2026-10-07 10:36:44.197+02:00 Failed to MANIFEST.                        topics="libstorage libstoragedownload" tid=1152972 error="Failed to fetch manifest: Failed to fetch manifest zDvZRwzmAdF67g93aYRTLpC2y9w6cmdwBJfVmjrXzSinKgmaQCsf after 10 attempts: Key doesn't exist"
[2026-10-07 10:36:44.197] [info] [logos] [storage_module] StorageModuleImpl::downloadChunksInternal: failed to get manifest for zDvZRwzmAdF67g93aYRTLpC2y9w6cmdwBJfVmjrXzSinKgmaQCsf
[QmlInspector] Client disconnected
