INF 2026-10-02 17:18:54.103+02:00 Creating a private key and saving it       tid=44007739
WRN 2026-10-02 17:18:54.104+02:00 Node has been marked with --no-bootstrap-node and will NOT be bootstrapped topics="libstorage libstoragelifecycle" tid=44007739
INF 2026-10-02 17:18:54.104+02:00 Threadpool started                         topics="libstorage libstoragelifecycle" tid=44007739 numThreads=12
WRN 2026-10-02 17:18:54.141+02:00 No key for a QueryResponse                 topics="storage repostore" tid=44007739
NTC 2026-10-02 17:18:54.142+02:00 Started Storage node                       topics="storage node" tid=44007739 id=16U*wiU5em addrs="[/ip4/127.0.0.1/tcp/51418]"
INF 2026-10-02 17:18:54.243+02:00 Storing data                               topics="storage node" tid=44007739
INF 2026-10-02 17:18:54.245+02:00 Stored data                                topics="storage node" tid=44007739 manifestCid=zDv*MjmopF treeCid=zDz*qd838r blocks=1 datasetSize=980'NByte filename=some("corpus.txt") mimetype=some("text/plain")
WRN 2026-10-02 17:19:54.142+02:00 No key for a QueryResponse                 topics="storage repostore" tid=44007739
NTC 2026-10-02 17:20:19.563+02:00 Stopping Storage node                      topics="storage node" tid=44007739
INF 2026-10-02 17:20:19.563+02:00 Timer loop has stopped                     tid=44007739 name=maintenance
WRN 2026-10-02 17:20:19.563+02:00 Cancelled advertise local store loop       topics="storage discoveryengine advertiser" tid=44007739
INF 2026-10-02 17:20:19.563+02:00 Exiting advertise task loop                topics="storage discoveryengine advertiser" tid=44007739
WRN 2026-10-02 17:20:19.564+02:00 Cancelled advertise task runner            topics="storage discoveryengine advertiser" tid=44007739
INF 2026-10-02 17:20:19.564+02:00 Exiting advertise task runner              topics="storage discoveryengine advertiser" tid=44007739
WRN 2026-10-02 17:20:19.564+02:00 Cancelled advertise task runner            topics="storage discoveryengine advertiser" tid=44007739
INF 2026-10-02 17:20:19.564+02:00 Exiting advertise task runner              topics="storage discoveryengine advertiser" tid=44007739
WRN 2026-10-02 17:20:19.564+02:00 Cancelled advertise task runner            topics="storage discoveryengine advertiser" tid=44007739
INF 2026-10-02 17:20:19.564+02:00 Exiting advertise task runner              topics="storage discoveryengine advertiser" tid=44007739
WRN 2026-10-02 17:20:19.564+02:00 Cancelled advertise task runner            topics="storage discoveryengine advertiser" tid=44007739
INF 2026-10-02 17:20:19.564+02:00 Exiting advertise task runner              topics="storage discoveryengine advertiser" tid=44007739
WRN 2026-10-02 17:20:19.564+02:00 Cancelled advertise task runner            topics="storage discoveryengine advertiser" tid=44007739
INF 2026-10-02 17:20:19.564+02:00 Exiting advertise task runner              topics="storage discoveryengine advertiser" tid=44007739
WRN 2026-10-02 17:20:19.564+02:00 Cancelled advertise task runner            topics="storage discoveryengine advertiser" tid=44007739
INF 2026-10-02 17:20:19.564+02:00 Exiting advertise task runner              topics="storage discoveryengine advertiser" tid=44007739
WRN 2026-10-02 17:20:19.564+02:00 Cancelled advertise task runner            topics="storage discoveryengine advertiser" tid=44007739
INF 2026-10-02 17:20:19.564+02:00 Exiting advertise task runner              topics="storage discoveryengine advertiser" tid=44007739
WRN 2026-10-02 17:20:19.564+02:00 Cancelled advertise task runner            topics="storage discoveryengine advertiser" tid=44007739
INF 2026-10-02 17:20:19.564+02:00 Exiting advertise task runner              topics="storage discoveryengine advertiser" tid=44007739
WRN 2026-10-02 17:20:19.564+02:00 Cancelled advertise task runner            topics="storage discoveryengine advertiser" tid=44007739
INF 2026-10-02 17:20:19.564+02:00 Exiting advertise task runner              topics="storage discoveryengine advertiser" tid=44007739
WRN 2026-10-02 17:20:19.564+02:00 Cancelled advertise task runner            topics="storage discoveryengine advertiser" tid=44007739
INF 2026-10-02 17:20:19.564+02:00 Exiting advertise task runner              topics="storage discoveryengine advertiser" tid=44007739
