run-logos-standalone-ui: hot-reloading QML from <repo>/src/qml
  (export DEV_QML_PATH to override, or LOGOS_QML_HOT_RELOAD=0 to disable)
Session directory: "~/Library/Application Support/Logos/LogosStandalone"
[2026-10-06 14:12:25.901] [info] [logos] Granting host services to 'capability_module': token_registry,token_delivery
[2026-10-06 14:12:25.926] [out] [capability_module] [2026-10-06 14:12:25.925] [info] Granting host services to capability_module: ["token_registry","token_delivery"]
RemoteTransportConnection: Connecting to registry: "local:logos_capability_module_745da42d50a0" at "14:12:25.927"
RemoteTransportConnection: Registry connect attempt started (no peer contact yet): "local:logos_capability_module_745da42d50a0"
LogosAPIConsumer: Informing module token for module: "capability_module" with token: "redacted:ebffd785…"
RemoteTransportConnection: Requesting object: "capability_module" at "14:12:25.927"
[LogosObject] RemoteTransportConnection: returning RemoteLogosObject for: "capability_module"
[LogosObject] Created RemoteLogosObject wrapping QRemoteObjectReplica 105553143233024
[LogosObject] LogosAPIConsumer: calling LogosObject::informModuleToken for "capability_module"
LogosAPIConsumer: informModuleToken completed with result: true
[LogosObject] Destroying RemoteLogosObject 0
[2026-10-06 14:12:25.950] [info] [logos] Module loaded: capability_module
LogosAPIConsumer: Informing module token for module: "modules_state" with token: "redacted:d76e86c0…"
RemoteTransportConnection: Requesting object: "capability_module" at "14:12:25.976"
[LogosObject] RemoteTransportConnection: returning RemoteLogosObject for: "capability_module"
[LogosObject] Created RemoteLogosObject wrapping QRemoteObjectReplica 105553143162080
[LogosObject] LogosAPIConsumer: calling LogosObject::informModuleToken for "modules_state"
LogosAPIConsumer: informModuleToken completed with result: true
[LogosObject] Destroying RemoteLogosObject 0
[2026-10-06 14:12:25.976] [info] [logos] Module loaded: modules_state
RemoteTransportConnection: Connecting to registry: "local:logos_modules_state_745da42d50a0" at "14:12:25.976"
RemoteTransportConnection: Registry connect attempt started (no peer contact yet): "local:logos_modules_state_745da42d50a0"
RemoteTransportConnection: Connecting to registry: "local:logos_capability_module_745da42d50a0" at "14:12:25.976"
RemoteTransportConnection: Registry connect attempt started (no peer contact yet): "local:logos_capability_module_745da42d50a0"
LogosAPIConsumer: '"modules_state"::""' deferred pending the module becoming reachable
LogosAPIConsumer: '"modules_state"::""' deferred pending the module becoming reachable
Logos Core started (modules dir: "/nix/store/4v2cj5cr5dlsjb9cl0blr0cds0qf07iv-logos-forum_module-plugin-dir-modules" )
Set app icon from metadata: "/nix/store/2cf2rignr2kkmi3zdzsjhi0v9v7mcv58-logos-forum_module-plugin-dir/src/icons/icon.png"
[2026-10-06 14:12:26.011] [info] [logos] [delivery_module] DeliveryModuleImpl: Initializing...
LogosAPIConsumer: Informing module token for module: "delivery_module" with token: "redacted:781d0a97…"
RemoteTransportConnection: Requesting object: "capability_module" at "14:12:26.011"
[LogosObject] RemoteTransportConnection: returning RemoteLogosObject for: "capability_module"
[LogosObject] Created RemoteLogosObject wrapping QRemoteObjectReplica 105553143343360
[LogosObject] LogosAPIConsumer: calling LogosObject::informModuleToken for "delivery_module"
LogosAPIConsumer: informModuleToken completed with result: true
[LogosObject] Destroying RemoteLogosObject 0
[2026-10-06 14:12:26.011] [info] [logos] Module loaded: delivery_module
RemoteTransportConnection: Connecting to registry: "local:logos_delivery_module_745da42d50a0" at "14:12:26.012"
RemoteTransportConnection: Registry connect attempt started (no peer contact yet): "local:logos_delivery_module_745da42d50a0"
RemoteTransportConnection: Connecting to registry: "local:logos_capability_module_745da42d50a0" at "14:12:26.012"
RemoteTransportConnection: Registry connect attempt started (no peer contact yet): "local:logos_capability_module_745da42d50a0"
LogosAPIConsumer: '"delivery_module"::""' deferred pending the module becoming reachable
LogosAPIClient: getToken for module: "modules_state"
LogosAPIClient: Found token for module: "modules_state"
RemoteTransportConnection: Requesting object: "modules_state" at "14:12:26.012"
[LogosObject] RemoteTransportConnection: returning RemoteLogosObject for: "modules_state"
[LogosObject] Created RemoteLogosObject wrapping QRemoteObjectReplica 105553143343168
[LogosObject] LogosAPIConsumer: async calling via LogosObject::callMethodAsync "note_transition"
[LogosObject] RemoteLogosObject::callMethodAsync "note_transition" args: 7
LogosAPIClient: getToken for module: "modules_state"
LogosAPIClient: Found token for module: "modules_state"
[LogosObject] LogosAPIConsumer: async calling via LogosObject::callMethodAsync "note_transition"
[LogosObject] RemoteLogosObject::callMethodAsync "note_transition" args: 7
Loaded dependency (with transitive deps): "delivery_module"
[2026-10-06 14:12:26.038] [info] [logos] [storage_module] StorageModuleImpl: Initializing...
LogosAPIConsumer: Informing module token for module: "storage_module" with token: "redacted:78a21d86…"
RemoteTransportConnection: Requesting object: "capability_module" at "14:12:26.039"
[LogosObject] Created RemoteLogosObject wrapping QRemoteObjectReplica 105553143185536
LogosAPIClient: invoking remote method "modules_state" "apply_snapshot" args_count: 1
LogosAPIClient: getToken for module: "modules_state"
LogosAPIClient: Found token for module: "modules_state"
LogosAPIConsumer: Calling invokeRemoteMethod: "modules_state" "apply_snapshot" args_count: 1 timeout: 20000
[LogosObject] LogosAPIConsumer: calling via LogosObject::callMethod "apply_snapshot"
[LogosObject] RemoteLogosObject::callMethod "apply_snapshot" args: 1
[LogosObject] Created RemoteLogosObject wrapping QRemoteObjectReplica 105553143346208
LogosAPIClient: getToken for module: "modules_state"
LogosAPIClient: Found token for module: "modules_state"
[LogosObject] LogosAPIConsumer: async calling via LogosObject::callMethodAsync "note_transition"
[LogosObject] RemoteLogosObject::callMethodAsync "note_transition" args: 7
LogosAPIClient: getToken for module: "modules_state"
LogosAPIClient: Found token for module: "modules_state"
[LogosObject] LogosAPIConsumer: async calling via LogosObject::callMethodAsync "note_transition"
[LogosObject] RemoteLogosObject::callMethodAsync "note_transition" args: 7
[2026-10-06 14:12:26.039] [info] [logos] Pushed module snapshot to modules_state
LogosAPIClient: getToken for module: "modules_state"
LogosAPIClient: Found token for module: "modules_state"
[LogosObject] LogosAPIConsumer: async calling via LogosObject::callMethodAsync "note_transition"
[LogosObject] RemoteLogosObject::callMethodAsync "note_transition" args: 7
[LogosObject] RemoteTransportConnection: returning RemoteLogosObject for: "capability_module"
[LogosObject] Created RemoteLogosObject wrapping QRemoteObjectReplica 105553143169696
[LogosObject] LogosAPIConsumer: calling LogosObject::informModuleToken for "storage_module"
LogosAPIConsumer: informModuleToken completed with result: true
[LogosObject] Destroying RemoteLogosObject 0
[2026-10-06 14:12:26.039] [info] [logos] Module loaded: storage_module
RemoteTransportConnection: Connecting to registry: "local:logos_storage_module_745da42d50a0" at "14:12:26.040"
RemoteTransportConnection: Registry connect attempt started (no peer contact yet): "local:logos_storage_module_745da42d50a0"
RemoteTransportConnection: Connecting to registry: "local:logos_capability_module_745da42d50a0" at "14:12:26.040"
RemoteTransportConnection: Registry connect attempt started (no peer contact yet): "local:logos_capability_module_745da42d50a0"
LogosAPIConsumer: '"storage_module"::""' deferred pending the module becoming reachable
LogosAPIClient: getToken for module: "modules_state"
LogosAPIClient: Found token for module: "modules_state"
[LogosObject] LogosAPIConsumer: async calling via LogosObject::callMethodAsync "note_transition"
[LogosObject] RemoteLogosObject::callMethodAsync "note_transition" args: 7
Loaded dependency (with transitive deps): "storage_module"
DEV_QML_PATH override active: <repo>/src/qml/Main.qml
RemoteTransportConnection: Connecting to registry: "local:logos_capability_module_745da42d50a0" at "14:12:26.040"
RemoteTransportConnection: Registry connect attempt started (no peer contact yet): "local:logos_capability_module_745da42d50a0"
LogosAPIConsumer: Informing module token for module: "forum_module" with token: "redacted:8b1d0299…"
RemoteTransportConnection: Requesting object: "capability_module" at "14:12:26.040"
[LogosObject] RemoteTransportConnection: returning RemoteLogosObject for: "capability_module"
[LogosObject] Created RemoteLogosObject wrapping QRemoteObjectReplica 105553143164256
[LogosObject] LogosAPIConsumer: calling LogosObject::informModuleToken for "forum_module"
[LogosObject] Created RemoteLogosObject wrapping QRemoteObjectReplica 105553143165568
LogosAPIClient: getToken for module: "modules_state"
LogosAPIClient: Found token for module: "modules_state"
[LogosObject] LogosAPIConsumer: async calling via LogosObject::callMethodAsync "note_transition"
[LogosObject] RemoteLogosObject::callMethodAsync "note_transition" args: 7
LogosAPIConsumer: informModuleToken completed with result: true
[LogosObject] Destroying RemoteLogosObject 0
Loaded UI plugin: "/nix/store/2cf2rignr2kkmi3zdzsjhi0v9v7mcv58-logos-forum_module-plugin-dir"
[QmlInspector] Inspector server listening on port 3769
[QmlInspector] Client connected from "::1"
[2026-10-06 14:12:33.832] [warning] [logos] [capability_module] Warning: QObject::connect: No such signal ::eventResponse(QString,QVariantList)
[2026-10-06 14:12:33.832] [info] [logos] [storage_module] StorageModuleImpl::init called
[2026-10-06 14:12:33.833] [out] [storage_module] WRN 2026-10-06 14:12:33.833+02:00 Data directory has insecure permissions. Correcting them. tid=17261070 data_dir=~/.local/share/lp0026-forum-dev/m7-storage/b-storage current_permissions=0755 required_permissions=0700
[2026-10-06 14:12:33.834] [out] [storage_module] INF 2026-10-06 14:12:33.834+02:00 Creating a private key and saving it       tid=17261070
[2026-10-06 14:12:33.834] [out] [storage_module] WRN 2026-10-06 14:12:33.834+02:00 Node has been marked with --no-bootstrap-node and will NOT be bootstrapped topics="libstorage libstoragelifecycle" tid=17261070
[2026-10-06 14:12:33.834] [out] [storage_module] INF 2026-10-06 14:12:33.834+02:00 Threadpool started                         topics="libstorage libstoragelifecycle" tid=17261070 numThreads=12
[2026-10-06 14:12:33.836] [info] [logos] [storage_module] StorageModuleImpl::start called
[2026-10-06 14:12:33.836] [out] [storage_module] WRN 2026-10-06 14:12:33.836+02:00 No key for a QueryResponse                 topics="storage repostore" tid=17261070
[2026-10-06 14:12:33.836] [out] [storage_module] NTC 2026-10-06 14:12:33.836+02:00 Started Storage node                       topics="storage node" tid=17261070 id=16U*JuyHHr addrs="[/ip4/127.0.0.1/tcp/8572]"
[2026-10-06 14:13:01.108] [out] [storage_module] ERR 2026-10-06 14:13:01.108+02:00 Failed to MANIFEST.                        topics="libstorage libstoragedownload" tid=17261070 error="Failed to fetch manifest: Failed to fetch manifest zDvZRwzkyp9P3fxnwNEt1qSJ24rCgUCF31qAYWt4UFawemeTtroe after 10 attempts: Key doesn't exist"
[2026-10-06 14:13:01.108] [info] [logos] [storage_module] StorageModuleImpl::downloadChunksInternal: failed to get manifest for zDvZRwzkyp9P3fxnwNEt1qSJ24rCgUCF31qAYWt4UFawemeTtroe
[QmlInspector] Client disconnected
