warning: ignoring untrusted substituter 'https://cache.nix.logos.co/public', you are not a trusted user.
Run `man nix.conf` for more information on the `substituters` configuration option.
warning: ignoring the client-specified setting 'trusted-public-keys', because it is a restricted setting and you are not a trusted user
warning: ignoring untrusted substituter 'https://cache.nix.logos.co/public', you are not a trusted user.
Run `man nix.conf` for more information on the `substituters` configuration option.
warning: ignoring the client-specified setting 'trusted-public-keys', because it is a restricted setting and you are not a trusted user
warning: ignoring untrusted substituter 'https://cache.nix.logos.co/public', you are not a trusted user.
Run `man nix.conf` for more information on the `substituters` configuration option.
warning: ignoring the client-specified setting 'trusted-public-keys', because it is a restricted setting and you are not a trusted user
unpacking 'github:oxalica/rust-overlay/8d6387ed6d8e6e6672fd3ed4b61b59d44b124d99?narHash=sha256-3xBsGnGDLOFtnPZ1D3j2LU19wpAlYefRKTlkv648rU0%3D' into the Git cache...
unpacking 'github:oxalica/rust-overlay/755d3669699a7c62aef35af187d75dc2728cfd85?narHash=sha256-wieWskQxZLPlNXX06JEB0bMoS/ZYQ89xBzF0RL9lyLs%3D' into the Git cache...
unpacking 'github:logos-co/logos-plugin-qt/e46678a23af5f1a5892874750e48e2ef3ac314cb?narHash=sha256-7twWE6sY/ljsjeVr/dcfl7XJ8TtrEnG%2BE51j%2BXBX4zU%3D' into the Git cache...
unpacking 'github:logos-co/logos-cpp-sdk/50017552279f12c3866877a128df651930c0943e?narHash=sha256-ocxZx0K3Rp6KIp5P%2Bygeh8eFlwjPnWKUKVapedYWZEg%3D' into the Git cache...
unpacking 'github:logos-co/logos-qt-sdk/0e88cfd1bc041bac278ac30b4ece2ee7a009cd27?narHash=sha256-YI39WNO9DUKr4GKdTDUOdAYEy1Pnuw1dU9JVGqNyaac%3D' into the Git cache...
unpacking 'github:NixOS/nixpkgs/cd648d6ea62bc0ffba91e61fcfe5e33c1e2004b1?narHash=sha256-pg6hLjDeAWaUOzh2JM2Cw0BwYpGtOyNr6A4FBwP9Ymo%3D' into the Git cache...
these 5 derivations will be built:
  /nix/store/s83f8i6m8v2icmr84nh140kwnfq5d0yc-logos-forum_module-module-lib-0.1.0.drv
  /nix/store/3zlpgvkkln97vd722xc0llplk2j8x216-logos-forum_module-module.drv
  /nix/store/gxd62ypka1il73w5f8fwzqpzw5jbygsj-forum_module-integration-test-modules.drv
  /nix/store/g5aff87fqs4qa85kbg6r7pimc755m17l-run-standalone.drv
  /nix/store/rd25dkfcl0q0xlb8f8irhwydjn1iblb3-forum_module-integration-test.drv
these 3 paths will be fetched (8.5 MiB download, 53.5 MiB unpacked):
  /nix/store/8lr8mcmajchrv5ahskzxmhihbjn7wy7p-libsodium-1.0.20-dev
  /nix/store/2haz1qvxgshwfnf34ds3ldhrw1fr19xl-nodejs-22.19.0-dev
  /nix/store/kmhffby6w41av1g7x31fsbbjin0aazam-stdenv-darwin
copying path '/nix/store/2haz1qvxgshwfnf34ds3ldhrw1fr19xl-nodejs-22.19.0-dev' from 'https://cache.nixos.org'...
copying path '/nix/store/kmhffby6w41av1g7x31fsbbjin0aazam-stdenv-darwin' from 'https://cache.nixos.org'...
copying path '/nix/store/8lr8mcmajchrv5ahskzxmhihbjn7wy7p-libsodium-1.0.20-dev' from 'https://cache.nixos.org'...
building '/nix/store/gxd62ypka1il73w5f8fwzqpzw5jbygsj-forum_module-integration-test-modules.drv'...
building '/nix/store/s83f8i6m8v2icmr84nh140kwnfq5d0yc-logos-forum_module-module-lib-0.1.0.drv'...
forum_module-integration-test-modules> Bundled delivery_module from LGX into /nix/store/lij9cs9brhb2v8wxpybkj7vhin4srri2-forum_module-integration-test-modules/delivery_module/
forum_module-integration-test-modules> Bundled storage_module from LGX into /nix/store/lij9cs9brhb2v8wxpybkj7vhin4srri2-forum_module-integration-test-modules/storage_module/
logos-forum_module-module-lib> Running phase: qtPreHook
logos-forum_module-module-lib> Running phase: unpackPhase
logos-forum_module-module-lib> unpacking source archive /nix/store/9yzz06m9ghwahaf8nrvhdmhcxxyz68qv-szh05j1x8ac57gl1018jkhw6vgqr23s8-source
logos-forum_module-module-lib> source root is szh05j1x8ac57gl1018jkhw6vgqr23s8-source
logos-forum_module-module-lib> Running phase: patchPhase
logos-forum_module-module-lib> Running phase: updateAutotoolsGnuConfigScriptsPhase
logos-forum_module-module-lib> Running phase: configurePhase
logos-forum_module-module-lib> Running logos-cpp-generator (api-style=qt)...
logos-forum_module-module-lib> Generating deps from LIDL: delivery_module, storage_module
logos-forum_module-module-lib> Generated logos_sdk.h and logos_sdk.cpp
logos-forum_module-module-lib> Running logos-qt-generator --backend consumer for the Qt-typed dependency wrappers...
logos-forum_module-module-lib> Generated: ./generated_code/delivery_module_api.h
logos-forum_module-module-lib> Generated: ./generated_code/delivery_module_api.cpp
logos-forum_module-module-lib> Generated: ./generated_code/storage_module_api.h
logos-forum_module-module-lib> Generated: ./generated_code/storage_module_api.cpp
logos-forum_module-module-lib> Checking generated files in generated_code:
logos-forum_module-module-lib> total 188
logos-forum_module-module-lib> drwxr-xr-x  8 _nixbld2 nixbld   256 Oct  6 09:37 .
logos-forum_module-module-lib> drwxr-xr-x 30 _nixbld2 nixbld   960 Oct  6 09:37 ..
logos-forum_module-module-lib> -rw-r--r--  1 _nixbld2 nixbld 61780 Oct  6 09:37 delivery_module_api.cpp
logos-forum_module-module-lib> -rw-r--r--  1 _nixbld2 nixbld 12269 Oct  6 09:37 delivery_module_api.h
logos-forum_module-module-lib> -rw-r--r--  1 _nixbld2 nixbld    94 Oct  6 09:37 logos_sdk.cpp
logos-forum_module-module-lib> -rw-r--r--  1 _nixbld2 nixbld   363 Oct  6 09:37 logos_sdk.h
logos-forum_module-module-lib> -rw-r--r--  1 _nixbld2 nixbld 87563 Oct  6 09:37 storage_module_api.cpp
logos-forum_module-module-lib> -rw-r--r--  1 _nixbld2 nixbld 15623 Oct  6 09:37 storage_module_api.h
logos-forum_module-module-lib> Creating include directory and moving generated files...
logos-forum_module-module-lib> Generated include directory:
logos-forum_module-module-lib> total 188
logos-forum_module-module-lib> drwxr-xr-x 8 _nixbld2 nixbld   256 Oct  6 09:37 .
logos-forum_module-module-lib> drwxr-xr-x 6 _nixbld2 nixbld   192 Oct  6 09:37 ..
logos-forum_module-module-lib> -rw-r--r-- 1 _nixbld2 nixbld 61780 Oct  6 09:37 delivery_module_api.cpp
logos-forum_module-module-lib> -rw-r--r-- 1 _nixbld2 nixbld 12269 Oct  6 09:37 delivery_module_api.h
logos-forum_module-module-lib> -rw-r--r-- 1 _nixbld2 nixbld    94 Oct  6 09:37 logos_sdk.cpp
logos-forum_module-module-lib> -rw-r--r-- 1 _nixbld2 nixbld   363 Oct  6 09:37 logos_sdk.h
logos-forum_module-module-lib> -rw-r--r-- 1 _nixbld2 nixbld 87563 Oct  6 09:37 storage_module_api.cpp
logos-forum_module-module-lib> -rw-r--r-- 1 _nixbld2 nixbld 15623 Oct  6 09:37 storage_module_api.h
logos-forum_module-module-lib> Stamped logos_protocol_version=0.9.0 into metadata.json
logos-forum_module-module-lib> logos-module-builder: generating ui plugin glue (forum_module)...
logos-forum_module-module-lib> Generated: ./generated_code/forum_module_ui_interface.h
logos-forum_module-module-lib> Generated: ./generated_code/forum_module_ui_glue.h
logos-forum_module-module-lib> Generated: ./generated_code/forum_module_ui_glue.cpp
logos-forum_module-module-lib> fixing cmake files...
logos-forum_module-module-lib> cmake flags: -GNinja -DCMAKE_FIND_USE_SYSTEM_PACKAGE_REGISTRY=OFF -DCMAKE_FIND_USE_PACKAGE_REGISTRY=OFF -DCMAKE_EXPORT_NO_PACKAGE_REGISTRY=ON -DCMAKE_BUILD_TYPE=Release -DBUILD_TESTING=OFF -DCMAKE_INSTALL_LOCALEDIR=/nix/store/1mbsnw8l285zalzjnfv183ywkg49z0mc-logos-forum_module-module-lib-0.1.0/share/locale -DCMAKE_INSTALL_LIBEXECDIR=/nix/store/1mbsnw8l285zalzjnfv183ywkg49z0mc-logos-forum_module-module-lib-0.1.0/libexec -DCMAKE_INSTALL_LIBDIR=/nix/store/1mbsnw8l285zalzjnfv183ywkg49z0mc-logos-forum_module-module-lib-0.1.0/lib -DCMAKE_INSTALL_DOCDIR=/nix/store/1mbsnw8l285zalzjnfv183ywkg49z0mc-logos-forum_module-module-lib-0.1.0/share/doc/ForumPlugin -DCMAKE_INSTALL_INFODIR=/nix/store/1mbsnw8l285zalzjnfv183ywkg49z0mc-logos-forum_module-module-lib-0.1.0/share/info -DCMAKE_INSTALL_MANDIR=/nix/store/1mbsnw8l285zalzjnfv183ywkg49z0mc-logos-forum_module-module-lib-0.1.0/share/man -DCMAKE_INSTALL_INCLUDEDIR=/nix/store/1mbsnw8l285zalzjnfv183ywkg49z0mc-logos-forum_module-module-lib-0.1.0/include -DCMAKE_INSTALL_SBINDIR=/nix/store/1mbsnw8l285zalzjnfv183ywkg49z0mc-logos-forum_module-module-lib-0.1.0/sbin -DCMAKE_INSTALL_BINDIR=/nix/store/1mbsnw8l285zalzjnfv183ywkg49z0mc-logos-forum_module-module-lib-0.1.0/bin -DCMAKE_INSTALL_NAME_DIR=/nix/store/1mbsnw8l285zalzjnfv183ywkg49z0mc-logos-forum_module-module-lib-0.1.0/lib -DCMAKE_POLICY_DEFAULT_CMP0025=NEW -DCMAKE_FIND_FRAMEWORK=LAST -DCMAKE_STRIP=/nix/store/zzx6cfl99zknfrj9v7lmrshwzslfjv26-clang-wrapper-19.1.7/bin/strip -DCMAKE_RANLIB=/nix/store/zzx6cfl99zknfrj9v7lmrshwzslfjv26-clang-wrapper-19.1.7/bin/ranlib -DCMAKE_AR=/nix/store/zzx6cfl99zknfrj9v7lmrshwzslfjv26-clang-wrapper-19.1.7/bin/ar -DCMAKE_C_COMPILER=clang -DCMAKE_CXX_COMPILER=clang++ -DCMAKE_INSTALL_PREFIX=/nix/store/1mbsnw8l285zalzjnfv183ywkg49z0mc-logos-forum_module-module-lib-0.1.0 -GNinja -DLOGOS_MODULE_ROOT=/nix/store/82rsdw74zycrwvy6aad94jnrg27f9a9a-logos-module-0.1.0 -DLOGOS_CPP_SDK_ROOT=/nix/store/a33v9dppa4k88xlv8cbls5n67vdrsik0-logos-cpp-sdk -DLOGOS_QT_SDK_ROOT=/nix/store/rwvd3ymqb9qq9z1pifq6gynvgwp07493-logos-qt-sdk -DLOGOS_QT_HOST_ROOT=/nix/store/awgcgwqqr529fg6lph2mhb3mjscs0a73-logos-qt-host-0.1.0 -DLOGOS_PROTOCOL_ROOT=/nix/store/l61qallmailjkxr24ynyi91hq2cy96qm-logos-protocol -DLOGOS_VIEW_TEMPLATE_DIR=/nix/store/py6wzmragypgh2lbaimz1z23qzcv8ckr-logos-view-templates -DLOGOS_VIEW_INCLUDE_DIR=/nix/store/ndn52sc7anhfvn2h047ffwsqn25hs62i-logos-view-module-include
logos-forum_module-module-lib> -- The CXX compiler identification is Clang 19.1.7
logos-forum_module-module-lib> -- Detecting CXX compiler ABI info
logos-forum_module-module-lib> -- Detecting CXX compiler ABI info - done
logos-forum_module-module-lib> -- Check for working CXX compiler: /nix/store/zzx6cfl99zknfrj9v7lmrshwzslfjv26-clang-wrapper-19.1.7/bin/clang++ - skipped
logos-forum_module-module-lib> -- Detecting CXX compile features
logos-forum_module-module-lib> -- Detecting CXX compile features - done
logos-forum_module-module-lib> -- LogosModule.cmake: /nix/store/wfvnsjzflhgh2mihmj16yx655x8zqhk3-fi97x4xl2saxayr1qrynyycm45ifshqg-source/cmake/LogosModule.cmake
logos-forum_module-module-lib> -- Found logos-module at: /nix/store/82rsdw74zycrwvy6aad94jnrg27f9a9a-logos-module-0.1.0
logos-forum_module-module-lib> -- Found logos-cpp-sdk at: /nix/store/a33v9dppa4k88xlv8cbls5n67vdrsik0-logos-cpp-sdk
logos-forum_module-module-lib> -- Found logos-qt-sdk at: /nix/store/rwvd3ymqb9qq9z1pifq6gynvgwp07493-logos-qt-sdk
logos-forum_module-module-lib> -- Found logos-protocol at: /nix/store/l61qallmailjkxr24ynyi91hq2cy96qm-logos-protocol
logos-forum_module-module-lib> -- Qt host runtime: logos-qt-host::logos_qt_host at /nix/store/awgcgwqqr529fg6lph2mhb3mjscs0a73-logos-qt-host-0.1.0
logos-forum_module-module-lib> -- Performing Test CMAKE_HAVE_LIBC_PTHREAD
logos-forum_module-module-lib> -- Performing Test CMAKE_HAVE_LIBC_PTHREAD - Success
logos-forum_module-module-lib> -- Found Threads: TRUE
logos-forum_module-module-lib> -- Performing Test HAVE_STDATOMIC
logos-forum_module-module-lib> -- Performing Test HAVE_STDATOMIC - Success
logos-forum_module-module-lib> -- Found WrapAtomic: TRUE
logos-forum_module-module-lib> CMake Warning (dev) at /nix/store/qvv2ddin29xa8fqmsv567b6xlnhbvpv0-cmake-3.31.7/share/cmake-3.31/Modules/CMakeFindDependencyMacro.cmake:76 (find_package):
logos-forum_module-module-lib>   Policy CMP0167 is not set: The FindBoost module is removed.  Run "cmake
logos-forum_module-module-lib>   --help-policy CMP0167" for policy details.  Use the cmake_policy command to
logos-forum_module-module-lib>   set the policy and suppress this warning.
logos-forum_module-module-lib> 
logos-forum_module-module-lib> Call Stack (most recent call first):
logos-forum_module-module-lib>   /nix/store/l61qallmailjkxr24ynyi91hq2cy96qm-logos-protocol/lib/cmake/logos-protocol/logos-protocolConfig.cmake:48 (find_dependency)
logos-forum_module-module-lib>   /nix/store/wfvnsjzflhgh2mihmj16yx655x8zqhk3-fi97x4xl2saxayr1qrynyycm45ifshqg-source/cmake/LogosModule.cmake:622 (find_package)
logos-forum_module-module-lib>   CMakeLists.txt:16 (logos_module)
logos-forum_module-module-lib> This warning is for project developers.  Use -Wno-dev to suppress it.
logos-forum_module-module-lib> 
logos-forum_module-module-lib> -- Found Boost: /nix/store/2blqfsz18yp066ky15nvkihcvwqq7bqz-boost-1.87.0-dev/lib/cmake/Boost-1.87.0/BoostConfig.cmake (found version "1.87.0")
logos-forum_module-module-lib> CMake Warning (dev) at /nix/store/l61qallmailjkxr24ynyi91hq2cy96qm-logos-protocol/lib/cmake/logos-protocol/logos-protocolConfig.cmake:49 (find_package):
logos-forum_module-module-lib>   Policy CMP0167 is not set: The FindBoost module is removed.  Run "cmake
logos-forum_module-module-lib>   --help-policy CMP0167" for policy details.  Use the cmake_policy command to
logos-forum_module-module-lib>   set the policy and suppress this warning.
logos-forum_module-module-lib> 
logos-forum_module-module-lib> Call Stack (most recent call first):
logos-forum_module-module-lib>   /nix/store/wfvnsjzflhgh2mihmj16yx655x8zqhk3-fi97x4xl2saxayr1qrynyycm45ifshqg-source/cmake/LogosModule.cmake:622 (find_package)
logos-forum_module-module-lib>   CMakeLists.txt:16 (logos_module)
logos-forum_module-module-lib> This warning is for project developers.  Use -Wno-dev to suppress it.
logos-forum_module-module-lib> 
logos-forum_module-module-lib> -- Found OpenSSL: /nix/store/0ais7wnqw8xzj0331c2jka53s6g14wqb-openssl-3.5.1/lib/libcrypto.dylib (found version "3.5.1")
logos-forum_module-module-lib> -- Found nlohmann_json: /nix/store/hs7wcady8i97dqq7qiaiaq05srnq6yih-nlohmann_json-3.11.3/share/cmake/nlohmann_json/nlohmann_jsonConfig.cmake (found version "3.11.3")
logos-forum_module-module-lib> CMake Warning (dev) at /nix/store/l61qallmailjkxr24ynyi91hq2cy96qm-logos-protocol/lib/cmake/logos-protocol/logos-protocolConfig.cmake:49 (find_package):
logos-forum_module-module-lib>   Policy CMP0167 is not set: The FindBoost module is removed.  Run "cmake
logos-forum_module-module-lib>   --help-policy CMP0167" for policy details.  Use the cmake_policy command to
logos-forum_module-module-lib>   set the policy and suppress this warning.
logos-forum_module-module-lib> 
logos-forum_module-module-lib> Call Stack (most recent call first):
logos-forum_module-module-lib>   /nix/store/qvv2ddin29xa8fqmsv567b6xlnhbvpv0-cmake-3.31.7/share/cmake-3.31/Modules/CMakeFindDependencyMacro.cmake:76 (find_package)
logos-forum_module-module-lib>   /nix/store/awgcgwqqr529fg6lph2mhb3mjscs0a73-logos-qt-host-0.1.0/lib/cmake/logos-qt-host/logos-qt-hostConfig.cmake:34 (find_dependency)
logos-forum_module-module-lib>   /nix/store/wfvnsjzflhgh2mihmj16yx655x8zqhk3-fi97x4xl2saxayr1qrynyycm45ifshqg-source/cmake/LogosModule.cmake:625 (find_package)
logos-forum_module-module-lib>   CMakeLists.txt:16 (logos_module)
logos-forum_module-module-lib> This warning is for project developers.  Use -Wno-dev to suppress it.
logos-forum_module-module-lib> 
logos-forum_module-module-lib> -- Logos module forum_module: replica factory plugin from src/forum_module.rep (class Forum, QML Logos.Forum.Forum)
logos-forum_module-module-lib> -- Logos module forum_module configured successfully
logos-forum_module-module-lib> -- Configuring done (4.9s)
logos-forum_module-module-lib> -- Generating done (0.1s)
logos-forum_module-module-lib> CMake Warning:
logos-forum_module-module-lib>   Manually-specified variables were not used by the project:
logos-forum_module-module-lib> 
logos-forum_module-module-lib>     BUILD_TESTING
logos-forum_module-module-lib>     CMAKE_C_COMPILER
logos-forum_module-module-lib>     CMAKE_EXPORT_NO_PACKAGE_REGISTRY
logos-forum_module-module-lib>     CMAKE_POLICY_DEFAULT_CMP0025
logos-forum_module-module-lib> 
logos-forum_module-module-lib> 
logos-forum_module-module-lib> -- Build files have been written to: /nix/var/nix/builds/nix-1080-229325160/szh05j1x8ac57gl1018jkhw6vgqr23s8-source/build
logos-forum_module-module-lib> cmake: enabled parallel building
logos-forum_module-module-lib> cmake: enabled parallel installing
logos-forum_module-module-lib> Running phase: buildPhase
logos-forum_module-module-lib> build flags: -j4
logos-forum_module-module-lib> [0/2] Re-checking globbed directories...
logos-forum_module-module-lib> [1/20] Automatic MOC for target forum_module_replica_factory
logos-forum_module-module-lib> [2/20] Automatic MOC for target forum_module_module_plugin
logos-forum_module-module-lib> [3/20] Generating rep_forum_module_replica.h
logos-forum_module-module-lib> [4/20] Generating rep_forum_module_source.h
logos-forum_module-module-lib> [5/20] Generating moc_rep_forum_module_replica.cpp
logos-forum_module-module-lib> [6/20] Generating moc_rep_forum_module_source.cpp
logos-forum_module-module-lib> [7/20] Building CXX object CMakeFiles/forum_module_replica_factory.dir/forum_module_replica_factory_autogen/mocs_compilation.cpp.o
logos-forum_module-module-lib> [8/20] Building CXX object CMakeFiles/forum_module_module_plugin.dir/forum_module_module_plugin_autogen/mocs_compilation.cpp.o
logos-forum_module-module-lib> [9/20] Building CXX object CMakeFiles/forum_module_replica_factory.dir/replica_factory_forum_module/LogosViewReplicaFactory.cpp.o
logos-forum_module-module-lib> [10/20] Building CXX object CMakeFiles/forum_module_replica_factory.dir/moc_rep_forum_module_replica.cpp.o
logos-forum_module-module-lib> [11/20] Building CXX object CMakeFiles/forum_module_module_plugin.dir/src/archive/archive_core.cpp.o
logos-forum_module-module-lib> [12/20] Building CXX object CMakeFiles/forum_module_module_plugin.dir/src/core/forum_core.cpp.o
logos-forum_module-module-lib> [13/20] Building CXX object CMakeFiles/forum_module_module_plugin.dir/moc_rep_forum_module_source.cpp.o
logos-forum_module-module-lib> [14/20] Building CXX object CMakeFiles/forum_module_module_plugin.dir/generated_code/forum_module_ui_glue.cpp.o
logos-forum_module-module-lib> [15/20] Linking CXX shared library modules/forum_module_replica_factory.dylib
logos-forum_module-module-lib> ld: warning: dylib (/nix/store/a9aq909fc6ymnawnk877qcs4gklzm1c1-qtbase-6.9.2/lib/QtCore.framework/Versions/A/QtCore) was built for newer macOS version (12.0) than being linked (11.3)
logos-forum_module-module-lib> ld: warning: dylib (/nix/store/a0z4ipq0hcakknsi5f1icgpdmch3simf-qtremoteobjects-6.9.2/lib/QtRemoteObjects.framework/Versions/A/QtRemoteObjects) was built for newer macOS version (12.0) than being linked (11.3)
logos-forum_module-module-lib> ld: warning: dylib (/nix/store/fn7iqppsl6z7ikbspxnjirwdz345w8mj-qtdeclarative-6.9.2/lib/QtQml.framework/Versions/A/QtQml) was built for newer macOS version (12.0) than being linked (11.3)
logos-forum_module-module-lib> ld: warning: dylib (/nix/store/a9aq909fc6ymnawnk877qcs4gklzm1c1-qtbase-6.9.2/lib/QtNetwork.framework/Versions/A/QtNetwork) was built for newer macOS version (12.0) than being linked (11.3)
logos-forum_module-module-lib> [16/20] Building CXX object CMakeFiles/forum_module_module_plugin.dir/view_plugin_base_forum_module/LogosViewPluginBase.cpp.o
logos-forum_module-module-lib> [17/20] Building CXX object CMakeFiles/forum_module_module_plugin.dir/src/forum_module_backend.cpp.o
logos-forum_module-module-lib> [18/20] Building CXX object CMakeFiles/forum_module_module_plugin.dir/generated_code/logos_sdk.cpp.o
logos-forum_module-module-lib> [19/20] Linking CXX shared library modules/forum_module_plugin.dylib
logos-forum_module-module-lib> ld: warning: dylib (/nix/store/a0z4ipq0hcakknsi5f1icgpdmch3simf-qtremoteobjects-6.9.2/lib/QtRemoteObjects.framework/Versions/A/QtRemoteObjects) was built for newer macOS version (12.0) than being linked (11.3)
logos-forum_module-module-lib> ld: warning: dylib (/nix/store/a9aq909fc6ymnawnk877qcs4gklzm1c1-qtbase-6.9.2/lib/QtNetwork.framework/Versions/A/QtNetwork) was built for newer macOS version (12.0) than being linked (11.3)
logos-forum_module-module-lib> ld: warning: dylib (/nix/store/a9aq909fc6ymnawnk877qcs4gklzm1c1-qtbase-6.9.2/lib/QtCore.framework/Versions/A/QtCore) was built for newer macOS version (12.0) than being linked (11.3)
logos-forum_module-module-lib> Running phase: glibPreInstallPhase
logos-forum_module-module-lib> Running phase: installPhase
logos-forum_module-module-lib> Copying replica factory plugin: forum_module_replica_factory.dylib
logos-forum_module-module-lib> Running phase: qtOwnPathsHook
logos-forum_module-module-lib> Running phase: fixupPhase
logos-forum_module-module-lib> checking for references to /nix/var/nix/builds/nix-1080-229325160/ in /nix/store/1mbsnw8l285zalzjnfv183ywkg49z0mc-logos-forum_module-module-lib-0.1.0...
logos-forum_module-module-lib> patching script interpreter paths in /nix/store/1mbsnw8l285zalzjnfv183ywkg49z0mc-logos-forum_module-module-lib-0.1.0
logos-forum_module-module-lib> Running phase: postPatchMkspecs
building '/nix/store/3zlpgvkkln97vd722xc0llplk2j8x216-logos-forum_module-module.drv'...
logos-forum_module-module> Normalized LIDL: /nix/var/nix/builds/nix-1080-229325161/tmp.5ApRJcxjMp
logos-forum_module-module> Installed canonical LIDL contract: delivery_module
logos-forum_module-module> Normalized LIDL: /nix/var/nix/builds/nix-1080-229325161/tmp.bURoE0kp1E
logos-forum_module-module> Installed canonical LIDL contract: storage_module
logos-forum_module-module> Copied QML view directory from src/qml
logos-forum_module-module> Generated qmldir at qml/qmldir (module com.logos.module.forum_module)
building '/nix/store/g5aff87fqs4qa85kbg6r7pimc755m17l-run-standalone.drv'...
building '/nix/store/rd25dkfcl0q0xlb8f8irhwydjn1iblb3-forum_module-integration-test.drv'...
forum_module-integration-test> Running integration tests: forum_module-integration-test (1 file(s), timeout: 120s per file)...
forum_module-integration-test> Running: ui-tests.mjs
forum_module-integration-test> Launching: /nix/store/kbf0m9k16cmdm2rw0ajn5mk044kzdf80-run-standalone -platform offscreen
forum_module-integration-test> Waiting for inspector to become available...
forum_module-integration-test> [app:err] Session directory: "/var/empty/Library/Application Support/Logos/LogosStandalone"
forum_module-integration-test> [app:err] InstancePersistence::resolveInstance: failed to create directory: "/var/empty/Library/Application Support/Logos/LogosStandalone/module_data/capability_module/685379818635"
forum_module-integration-test> [app:err] [2026-10-06 09:37:54.516] [info] [logos] Granting host services to 'capability_module': token_registry,token_delivery
forum_module-integration-test> [app:out] [2026-10-06 09:37:54.844] [out] [capability_module] [2026-10-06 09:37:54.843] [info] Granting host services to capability_module: ["token_registry","token_delivery"]
forum_module-integration-test> [app:err] RemoteTransportConnection: Connecting to registry: "local:logos_capability_module_c35b978f9703" at "09:37:54.849"
forum_module-integration-test> [app:err] RemoteTransportConnection: Registry connect attempt started (no peer contact yet): "local:logos_capability_module_c35b978f9703"
forum_module-integration-test> [app:err] LogosAPIConsumer: Informing module token for module: "capability_module" with token: "redacted:2b5e1e09…"
forum_module-integration-test> [app:err] RemoteTransportConnection: Requesting object: "capability_module" at "09:37:54.850"
forum_module-integration-test> [app:err] [LogosObject] RemoteTransportConnection: returning RemoteLogosObject for: "capability_module"
forum_module-integration-test> [LogosObject] Created RemoteLogosObject wrapping QRemoteObjectReplica 105553124082528
forum_module-integration-test> [app:err] [LogosObject] LogosAPIConsumer: calling LogosObject::informModuleToken for "capability_module"
forum_module-integration-test> LogosAPIConsumer: informModuleToken completed with result: true
forum_module-integration-test> [LogosObject] Destroying RemoteLogosObject 0
forum_module-integration-test> [2026-10-06 09:37:54.851] [info] [logos] Module loaded: capability_module
forum_module-integration-test> [app:err] InstancePersistence::resolveInstance: failed to create directory: "/var/empty/Library/Application Support/Logos/LogosStandalone/module_data/modules_state/27f6fa530817"
forum_module-integration-test> [app:err] LogosAPIConsumer: Informing module token for module: "modules_state" with token: "redacted:879c3e79…"
forum_module-integration-test> [app:err] RemoteTransportConnection: Requesting object: "capability_module" at "09:37:55.185"
forum_module-integration-test> [LogosObject] RemoteTransportConnection: returning RemoteLogosObject for: "capability_module"
forum_module-integration-test> [LogosObject] Created RemoteLogosObject wrapping QRemoteObjectReplica 105553123901568
forum_module-integration-test> [LogosObject] LogosAPIConsumer: calling LogosObject::informModuleToken for "modules_state"
forum_module-integration-test> [app:err] LogosAPIConsumer: informModuleToken completed with result: true
forum_module-integration-test> [LogosObject] Destroying RemoteLogosObject 0
forum_module-integration-test> [2026-10-06 09:37:55.185] [info] [logos] Module loaded: modules_state
forum_module-integration-test> [app:err] RemoteTransportConnection: Connecting to registry: "local:logos_modules_state_c35b978f9703" at "09:37:55.185"
forum_module-integration-test> RemoteTransportConnection: Registry connect attempt started (no peer contact yet): "local:logos_modules_state_c35b978f9703"
forum_module-integration-test> [app:err] RemoteTransportConnection: Connecting to registry: "local:logos_capability_module_c35b978f9703" at "09:37:55.186"
forum_module-integration-test> RemoteTransportConnection: Registry connect attempt started (no peer contact yet): "local:logos_capability_module_c35b978f9703"
forum_module-integration-test> [app:err] LogosAPIConsumer: '"modules_state"::""' deferred pending the module becoming reachable
forum_module-integration-test> [app:err] LogosAPIConsumer: '"modules_state"::""' deferred pending the module becoming reachable
forum_module-integration-test> Logos Core started (modules dir: "/nix/store/lij9cs9brhb2v8wxpybkj7vhin4srri2-forum_module-integration-test-modules" )
forum_module-integration-test> [app:err] Set app icon from metadata: "/nix/store/s91q2vc24mm283151sk50493iiprhc40-logos-forum_module-module/lib/src/icons/icon.png"
forum_module-integration-test> [app:err] InstancePersistence::resolveInstance: failed to create directory: "/var/empty/Library/Application Support/Logos/LogosStandalone/module_data/delivery_module/4c4e940a3180"
forum_module-integration-test> [app:err] [2026-10-06 09:37:57.076] [info] [logos] [delivery_module] DeliveryModuleImpl: Initializing...
forum_module-integration-test> [app:err] LogosAPIConsumer: Informing module token for module: "delivery_module" with token: "redacted:c21b26a7…"
forum_module-integration-test> [app:err] RemoteTransportConnection: Requesting object: "capability_module" at "09:37:57.078"
forum_module-integration-test> [LogosObject] RemoteTransportConnection: returning RemoteLogosObject for: "capability_module"
forum_module-integration-test> [LogosObject] Created RemoteLogosObject wrapping QRemoteObjectReplica 105553123918464
forum_module-integration-test> [LogosObject] LogosAPIConsumer: calling LogosObject::informModuleToken for "delivery_module"
forum_module-integration-test> [app:err] LogosAPIConsumer: informModuleToken completed with result: true
forum_module-integration-test> [app:err] [LogosObject] Destroying RemoteLogosObject 0
forum_module-integration-test> [2026-10-06 09:37:57.078] [info] [logos] Module loaded: delivery_module
forum_module-integration-test> RemoteTransportConnection: Connecting to registry: "local:logos_delivery_module_c35b978f9703" at "09:37:57.079"
forum_module-integration-test> [app:err] RemoteTransportConnection: Registry connect attempt started (no peer contact yet): "local:logos_delivery_module_c35b978f9703"
forum_module-integration-test> RemoteTransportConnection: Connecting to registry: "local:logos_capability_module_c35b978f9703" at "09:37:57.079"
forum_module-integration-test> [app:err] RemoteTransportConnection: Registry connect attempt started (no peer contact yet): "local:logos_capability_module_c35b978f9703"
forum_module-integration-test> LogosAPIConsumer: '"delivery_module"::""' deferred pending the module becoming reachable
forum_module-integration-test> LogosAPIClient: getToken for module: "modules_state"
forum_module-integration-test> LogosAPIClient: Found token for module: "modules_state"
forum_module-integration-test> [app:err] RemoteTransportConnection: Requesting object: "modules_state" at "09:37:57.079"
forum_module-integration-test> [app:err] [LogosObject] RemoteTransportConnection: returning RemoteLogosObject for: "modules_state"
forum_module-integration-test> [LogosObject] Created RemoteLogosObject wrapping QRemoteObjectReplica 105553123918528
forum_module-integration-test> [app:err] [LogosObject] LogosAPIConsumer: async calling via LogosObject::callMethodAsync "note_transition"
forum_module-integration-test> [LogosObject] RemoteLogosObject::callMethodAsync "note_transition" args: 7
forum_module-integration-test> [app:err] LogosAPIClient: getToken for module: "modules_state"
forum_module-integration-test> [app:err] LogosAPIClient: Found token for module: "modules_state"
forum_module-integration-test> [LogosObject] LogosAPIConsumer: async calling via LogosObject::callMethodAsync "note_transition"
forum_module-integration-test> [LogosObject] RemoteLogosObject::callMethodAsync "note_transition" args: 7
forum_module-integration-test> Loaded dependency (with transitive deps): "delivery_module"
forum_module-integration-test> [app:err] InstancePersistence::resolveInstance: failed to create directory: "/var/empty/Library/Application Support/Logos/LogosStandalone/module_data/storage_module/472aa01c5400"
forum_module-integration-test> [app:err] [2026-10-06 09:37:58.008] [info] [logos] [storage_module] StorageModuleImpl: Initializing...
forum_module-integration-test> [app:err] LogosAPIConsumer: Informing module token for module: "storage_module" with token: "redacted:eda130d0…"
forum_module-integration-test> [app:err] RemoteTransportConnection: Requesting object: "capability_module" at "09:37:58.010"
forum_module-integration-test> [app:err] [LogosObject] Created RemoteLogosObject wrapping QRemoteObjectReplica 105553123902048
forum_module-integration-test> [app:err] LogosAPIClient: invoking remote method "modules_state" "apply_snapshot" args_count: 1
forum_module-integration-test> LogosAPIClient: getToken for module: "modules_state"
forum_module-integration-test> LogosAPIClient: Found token for module: "modules_state"
forum_module-integration-test> LogosAPIConsumer: Calling invokeRemoteMethod: "modules_state" "apply_snapshot" args_count: 1 timeout: 20000
forum_module-integration-test> [LogosObject] LogosAPIConsumer: calling via LogosObject::callMethod "apply_snapshot"
forum_module-integration-test> [LogosObject] RemoteLogosObject::callMethod "apply_snapshot" args: 1
forum_module-integration-test> [app:err] [LogosObject] Created RemoteLogosObject wrapping QRemoteObjectReplica 105553124083840
forum_module-integration-test> LogosAPIClient: getToken for module: "modules_state"
forum_module-integration-test> LogosAPIClient: Found token for module: "modules_state"
forum_module-integration-test> [LogosObject] LogosAPIConsumer: async calling via LogosObject::callMethodAsync "note_transition"
forum_module-integration-test> [LogosObject] RemoteLogosObject::callMethodAsync "note_transition" args: 7
forum_module-integration-test> [app:err] LogosAPIClient: getToken for module: "modules_state"
forum_module-integration-test> LogosAPIClient: Found token for module: "modules_state"
forum_module-integration-test> [LogosObject] LogosAPIConsumer: async calling via LogosObject::callMethodAsync "note_transition"
forum_module-integration-test> [LogosObject] RemoteLogosObject::callMethodAsync "note_transition" args: 7
forum_module-integration-test> [app:err] [2026-10-06 09:37:58.033] [info] [logos] Pushed module snapshot to modules_state
forum_module-integration-test> LogosAPIClient: getToken for module: "modules_state"
forum_module-integration-test> LogosAPIClient: Found token for module: "modules_state"
forum_module-integration-test> [LogosObject] LogosAPIConsumer: async calling via LogosObject::callMethodAsync "note_transition"
forum_module-integration-test> [LogosObject] RemoteLogosObject::callMethodAsync "note_transition" args: 7
forum_module-integration-test> [app:err] [LogosObject] RemoteTransportConnection: returning RemoteLogosObject for: "capability_module"
forum_module-integration-test> [LogosObject] Created RemoteLogosObject wrapping QRemoteObjectReplica 105553123903104
forum_module-integration-test> [LogosObject] LogosAPIConsumer: calling LogosObject::informModuleToken for "storage_module"
forum_module-integration-test> [app:err] LogosAPIConsumer: informModuleToken completed with result: true
forum_module-integration-test> [LogosObject] Destroying RemoteLogosObject 0
forum_module-integration-test> [app:err] [2026-10-06 09:37:58.034] [info] [logos] Module loaded: storage_module
forum_module-integration-test> RemoteTransportConnection: Connecting to registry: "local:logos_storage_module_c35b978f9703" at "09:37:58.035"
forum_module-integration-test> [app:err] RemoteTransportConnection: Registry connect attempt started (no peer contact yet): "local:logos_storage_module_c35b978f9703"
forum_module-integration-test> RemoteTransportConnection: Connecting to registry: "local:logos_capability_module_c35b978f9703" at "09:37:58.035"
forum_module-integration-test> [app:err] RemoteTransportConnection: Registry connect attempt started (no peer contact yet): "local:logos_capability_module_c35b978f9703"
forum_module-integration-test> LogosAPIConsumer: '"storage_module"::""' deferred pending the module becoming reachable
forum_module-integration-test> LogosAPIClient: getToken for module: "modules_state"
forum_module-integration-test> LogosAPIClient: Found token for module: "modules_state"
forum_module-integration-test> [LogosObject] LogosAPIConsumer: async calling via LogosObject::callMethodAsync "note_transition"
forum_module-integration-test> [LogosObject] RemoteLogosObject::callMethodAsync "note_transition" args: 7
forum_module-integration-test> Loaded dependency (with transitive deps): "storage_module"
forum_module-integration-test> [app:err] RemoteTransportConnection: Connecting to registry: "local:logos_capability_module_c35b978f9703" at "09:37:58.052"
forum_module-integration-test> [app:err] RemoteTransportConnection: Registry connect attempt started (no peer contact yet): "local:logos_capability_module_c35b978f9703"
forum_module-integration-test> [app:err] LogosAPIConsumer: Informing module token for module: "forum_module" with token: "redacted:c93bdefc…"
forum_module-integration-test> [app:err] RemoteTransportConnection: Requesting object: "capability_module" at "09:37:58.052"
forum_module-integration-test> [app:err] [LogosObject] RemoteTransportConnection: returning RemoteLogosObject for: "capability_module"
forum_module-integration-test> [LogosObject] Created RemoteLogosObject wrapping QRemoteObjectReplica 105553123920384
forum_module-integration-test> [LogosObject] LogosAPIConsumer: calling LogosObject::informModuleToken for "forum_module"
forum_module-integration-test> [LogosObject] Created RemoteLogosObject wrapping QRemoteObjectReplica 105553123904448
forum_module-integration-test> LogosAPIClient: getToken for module: "modules_state"
forum_module-integration-test> LogosAPIClient: Found token for module: "modules_state"
forum_module-integration-test> [LogosObject] LogosAPIConsumer: async calling via LogosObject::callMethodAsync "note_transition"
forum_module-integration-test> [LogosObject] RemoteLogosObject::callMethodAsync "note_transition" args: 7
forum_module-integration-test> [app:err] LogosAPIConsumer: informModuleToken completed with result: true
forum_module-integration-test> [LogosObject] Destroying RemoteLogosObject 0
forum_module-integration-test> [app:err] qt.qpa.fonts: Populating font family aliases took 45 ms. Replace uses of missing font family "Sans Serif" with one that exists to avoid this cost.
forum_module-integration-test> [app:err] Loaded UI plugin: "/nix/store/s91q2vc24mm283151sk50493iiprhc40-logos-forum_module-module/lib"
forum_module-integration-test> [app:err] [QmlInspector] Inspector server listening on port 3768
forum_module-integration-test> Inspector connected.
forum_module-integration-test> [app:err] [QmlInspector] Client connected from "::1"
forum_module-integration-test> [QmlInspector] Client disconnected
forum_module-integration-test> 
forum_module-integration-test> Running 13 test(s)...
forum_module-integration-test> 
forum_module-integration-test> [app:err] [QmlInspector] Client connected from "::1"
forum_module-integration-test>   ✓ forum_module: UI loads
forum_module-integration-test>   ✓ forum_module: backend connects
forum_module-integration-test>   ✓ forum_module: alias account is created, selected and listed
forum_module-integration-test>   ✓ forum_module: topic is created and listed
forum_module-integration-test>   ✗ forum_module: offline post is saved and waits for the connection
forum_module-integration-test>     outcome: {"id":49,"ok":true,"result":"Saved — it will be sent through Mix as soon as you are connected.","undefined":false}
forum_module-integration-test>   ✓ forum_module: browsing topics switches the thread
forum_module-integration-test>   ✓ forum_module: offline post is stored and shown as waiting in the thread
forum_module-integration-test>   ✓ forum_module: identity modes — alias + id, id only, anonymous
forum_module-integration-test>   ✓ forum_module: alias key rotation — manual, by posts and by age
forum_module-integration-test>   ✓ forum_module: search filters topics and posts
forum_module-integration-test>   ✓ forum_module: storage snapshot controls are honest offline
forum_module-integration-test>   ✓ forum_module: network join is offered, not automatic
forum_module-integration-test> [app:err] [2026-10-06 09:38:26.319] [warning] [logos] [capability_module] Warning: QObject::connect: No such signal ::eventResponse(QString,QVariantList)
forum_module-integration-test> [app:err] [2026-10-06 09:38:26.320] [info] [logos] [delivery_module] DeliveryModuleImpl::getAvailableConfigs called
forum_module-integration-test> [2026-10-06 09:38:26.320] [info] [logos] [delivery_module] DeliveryModuleImpl: Cannot get available configs - context not initialized. Call createNode first.
forum_module-integration-test> [app:err] [2026-10-06 09:38:26.323] [warning] [logos] [capability_module] Warning: QObject::connect: No such signal ::eventResponse(QString,QVariantList)
forum_module-integration-test>   ✓ forum_module: transport status honest
forum_module-integration-test> 
forum_module-integration-test> 12 passed, 1 failed
forum_module-integration-test> 
❌ path:<repo>#integration-test
error: Cannot build '/nix/store/rd25dkfcl0q0xlb8f8irhwydjn1iblb3-forum_module-integration-test.drv'.
       Reason: builder failed with exit code 1.
       Output paths:
         /nix/store/y1ihbd1ywg8yh3m1nhlwzr49wnp8pli6-forum_module-integration-test
       Last 25 log lines:
       >
       > Running 13 test(s)...
       >
       > [app:err] [QmlInspector] Client connected from "::1"
       >   ✓ forum_module: UI loads
       >   ✓ forum_module: backend connects
       >   ✓ forum_module: alias account is created, selected and listed
       >   ✓ forum_module: topic is created and listed
       >   ✗ forum_module: offline post is saved and waits for the connection
       >     outcome: {"id":49,"ok":true,"result":"Saved — it will be sent through Mix as soon as you are connected.","undefined":false}
       >   ✓ forum_module: browsing topics switches the thread
       >   ✓ forum_module: offline post is stored and shown as waiting in the thread
       >   ✓ forum_module: identity modes — alias + id, id only, anonymous
       >   ✓ forum_module: alias key rotation — manual, by posts and by age
       >   ✓ forum_module: search filters topics and posts
       >   ✓ forum_module: storage snapshot controls are honest offline
       >   ✓ forum_module: network join is offered, not automatic
       > [app:err] [2026-10-06 09:38:26.319] [warning] [logos] [capability_module] Warning: QObject::connect: No such signal ::eventResponse(QString,QVariantList)
       > [app:err] [2026-10-06 09:38:26.320] [info] [logos] [delivery_module] DeliveryModuleImpl::getAvailableConfigs called
       > [2026-10-06 09:38:26.320] [info] [logos] [delivery_module] DeliveryModuleImpl: Cannot get available configs - context not initialized. Call createNode first.
       > [app:err] [2026-10-06 09:38:26.323] [warning] [logos] [capability_module] Warning: QObject::connect: No such signal ::eventResponse(QString,QVariantList)
       >   ✓ forum_module: transport status honest
       >
       > 12 passed, 1 failed
       >
       For full logs, run:
         nix log /nix/store/rd25dkfcl0q0xlb8f8irhwydjn1iblb3-forum_module-integration-test.drv
