run-logos-standalone-ui: hot-reloading QML from <repo>/src/qml
  (export DEV_QML_PATH to override, or LOGOS_QML_HOT_RELOAD=0 to disable)
Session directory: "~/Library/Application Support/Logos/LogosStandalone"
[2026-10-04 18:58:06.589] [info] [logos] Granting host services to 'capability_module': token_registry,token_delivery
[2026-10-04 18:58:06.612] [out] [capability_module] [2026-10-04 18:58:06.612] [info] Granting host services to capability_module: ["token_registry","token_delivery"]
RemoteTransportConnection: Connecting to registry: "local:logos_capability_module_3911a9d1f493" at "18:58:06.613"
RemoteTransportConnection: Registry connect attempt started (no peer contact yet): "local:logos_capability_module_3911a9d1f493"
LogosAPIConsumer: Informing module token for module: "capability_module" with token: "redacted:05a3df94…"
RemoteTransportConnection: Requesting object: "capability_module" at "18:58:06.613"
[LogosObject] RemoteTransportConnection: returning RemoteLogosObject for: "capability_module"
[LogosObject] Created RemoteLogosObject wrapping QRemoteObjectReplica 105553133800704
[LogosObject] LogosAPIConsumer: calling LogosObject::informModuleToken for "capability_module"
LogosAPIConsumer: informModuleToken completed with result: true
[LogosObject] Destroying RemoteLogosObject 0
[2026-10-04 18:58:06.630] [info] [logos] Module loaded: capability_module
LogosAPIConsumer: Informing module token for module: "modules_state" with token: "redacted:6812b9d0…"
RemoteTransportConnection: Requesting object: "capability_module" at "18:58:06.656"
[LogosObject] RemoteTransportConnection: returning RemoteLogosObject for: "capability_module"
[LogosObject] Created RemoteLogosObject wrapping QRemoteObjectReplica 105553133802784
[LogosObject] LogosAPIConsumer: calling LogosObject::informModuleToken for "modules_state"
LogosAPIConsumer: informModuleToken completed with result: true
[LogosObject] Destroying RemoteLogosObject 0
[2026-10-04 18:58:06.658] [info] [logos] Module loaded: modules_state
RemoteTransportConnection: Connecting to registry: "local:logos_modules_state_3911a9d1f493" at "18:58:06.658"
RemoteTransportConnection: Registry connect attempt started (no peer contact yet): "local:logos_modules_state_3911a9d1f493"
RemoteTransportConnection: Connecting to registry: "local:logos_capability_module_3911a9d1f493" at "18:58:06.658"
RemoteTransportConnection: Registry connect attempt started (no peer contact yet): "local:logos_capability_module_3911a9d1f493"
LogosAPIConsumer: '"modules_state"::""' deferred pending the module becoming reachable
LogosAPIConsumer: '"modules_state"::""' deferred pending the module becoming reachable
Logos Core started (modules dir: "/nix/store/4v2cj5cr5dlsjb9cl0blr0cds0qf07iv-logos-forum_module-plugin-dir-modules" )
Set app icon from metadata: "/nix/store/a520x5a79fn5a479j7jly13nzv3iln5x-logos-forum_module-plugin-dir/src/icons/icon.png"
[2026-10-04 18:58:06.692] [info] [logos] [delivery_module] DeliveryModuleImpl: Initializing...
LogosAPIConsumer: Informing module token for module: "delivery_module" with token: "redacted:d1818b73…"
RemoteTransportConnection: Requesting object: "capability_module" at "18:58:06.692"
[LogosObject] RemoteTransportConnection: returning RemoteLogosObject for: "capability_module"
[LogosObject] Created RemoteLogosObject wrapping QRemoteObjectReplica 105553133802304
[LogosObject] LogosAPIConsumer: calling LogosObject::informModuleToken for "delivery_module"
LogosAPIConsumer: informModuleToken completed with result: true
[LogosObject] Destroying RemoteLogosObject 0
[2026-10-04 18:58:06.692] [info] [logos] Module loaded: delivery_module
RemoteTransportConnection: Connecting to registry: "local:logos_delivery_module_3911a9d1f493" at "18:58:06.693"
RemoteTransportConnection: Registry connect attempt started (no peer contact yet): "local:logos_delivery_module_3911a9d1f493"
RemoteTransportConnection: Connecting to registry: "local:logos_capability_module_3911a9d1f493" at "18:58:06.693"
RemoteTransportConnection: Registry connect attempt started (no peer contact yet): "local:logos_capability_module_3911a9d1f493"
LogosAPIConsumer: '"delivery_module"::""' deferred pending the module becoming reachable
LogosAPIClient: getToken for module: "modules_state"
LogosAPIClient: Found token for module: "modules_state"
RemoteTransportConnection: Requesting object: "modules_state" at "18:58:06.693"
[LogosObject] RemoteTransportConnection: returning RemoteLogosObject for: "modules_state"
[LogosObject] Created RemoteLogosObject wrapping QRemoteObjectReplica 105553133803936
[LogosObject] LogosAPIConsumer: async calling via LogosObject::callMethodAsync "note_transition"
[LogosObject] RemoteLogosObject::callMethodAsync "note_transition" args: 7
LogosAPIClient: getToken for module: "modules_state"
LogosAPIClient: Found token for module: "modules_state"
[LogosObject] LogosAPIConsumer: async calling via LogosObject::callMethodAsync "note_transition"
[LogosObject] RemoteLogosObject::callMethodAsync "note_transition" args: 7
Loaded dependency (with transitive deps): "delivery_module"
[2026-10-04 18:58:06.717] [info] [logos] [storage_module] StorageModuleImpl: Initializing...
LogosAPIConsumer: Informing module token for module: "storage_module" with token: "redacted:486974da…"
RemoteTransportConnection: Requesting object: "capability_module" at "18:58:06.718"
[LogosObject] Created RemoteLogosObject wrapping QRemoteObjectReplica 105553133623072
LogosAPIClient: invoking remote method "modules_state" "apply_snapshot" args_count: 1
LogosAPIClient: getToken for module: "modules_state"
LogosAPIClient: Found token for module: "modules_state"
LogosAPIConsumer: Calling invokeRemoteMethod: "modules_state" "apply_snapshot" args_count: 1 timeout: 20000
[LogosObject] LogosAPIConsumer: calling via LogosObject::callMethod "apply_snapshot"
[LogosObject] RemoteLogosObject::callMethod "apply_snapshot" args: 1
[LogosObject] Created RemoteLogosObject wrapping QRemoteObjectReplica 105553133802528
LogosAPIClient: getToken for module: "modules_state"
LogosAPIClient: Found token for module: "modules_state"
[LogosObject] LogosAPIConsumer: async calling via LogosObject::callMethodAsync "note_transition"
[LogosObject] RemoteLogosObject::callMethodAsync "note_transition" args: 7
LogosAPIClient: getToken for module: "modules_state"
LogosAPIClient: Found token for module: "modules_state"
[LogosObject] LogosAPIConsumer: async calling via LogosObject::callMethodAsync "note_transition"
[LogosObject] RemoteLogosObject::callMethodAsync "note_transition" args: 7
[2026-10-04 18:58:06.718] [info] [logos] Pushed module snapshot to modules_state
LogosAPIClient: getToken for module: "modules_state"
LogosAPIClient: Found token for module: "modules_state"
[LogosObject] LogosAPIConsumer: async calling via LogosObject::callMethodAsync "note_transition"
[LogosObject] RemoteLogosObject::callMethodAsync "note_transition" args: 7
[LogosObject] RemoteTransportConnection: returning RemoteLogosObject for: "capability_module"
[LogosObject] Created RemoteLogosObject wrapping QRemoteObjectReplica 105553133804096
[LogosObject] LogosAPIConsumer: calling LogosObject::informModuleToken for "storage_module"
LogosAPIConsumer: informModuleToken completed with result: true
[LogosObject] Destroying RemoteLogosObject 0
[2026-10-04 18:58:06.718] [info] [logos] Module loaded: storage_module
RemoteTransportConnection: Connecting to registry: "local:logos_storage_module_3911a9d1f493" at "18:58:06.719"
RemoteTransportConnection: Registry connect attempt started (no peer contact yet): "local:logos_storage_module_3911a9d1f493"
RemoteTransportConnection: Connecting to registry: "local:logos_capability_module_3911a9d1f493" at "18:58:06.719"
RemoteTransportConnection: Registry connect attempt started (no peer contact yet): "local:logos_capability_module_3911a9d1f493"
LogosAPIConsumer: '"storage_module"::""' deferred pending the module becoming reachable
LogosAPIClient: getToken for module: "modules_state"
LogosAPIClient: Found token for module: "modules_state"
[LogosObject] LogosAPIConsumer: async calling via LogosObject::callMethodAsync "note_transition"
[LogosObject] RemoteLogosObject::callMethodAsync "note_transition" args: 7
Loaded dependency (with transitive deps): "storage_module"
DEV_QML_PATH override active: <repo>/src/qml/Main.qml
RemoteTransportConnection: Connecting to registry: "local:logos_capability_module_3911a9d1f493" at "18:58:06.719"
RemoteTransportConnection: Registry connect attempt started (no peer contact yet): "local:logos_capability_module_3911a9d1f493"
LogosAPIConsumer: Informing module token for module: "forum_module" with token: "redacted:6227b02b…"
RemoteTransportConnection: Requesting object: "capability_module" at "18:58:06.719"
[LogosObject] RemoteTransportConnection: returning RemoteLogosObject for: "capability_module"
[LogosObject] Created RemoteLogosObject wrapping QRemoteObjectReplica 105553133721632
[LogosObject] LogosAPIConsumer: calling LogosObject::informModuleToken for "forum_module"
[LogosObject] Created RemoteLogosObject wrapping QRemoteObjectReplica 105553133720608
LogosAPIClient: getToken for module: "modules_state"
LogosAPIClient: Found token for module: "modules_state"
[LogosObject] LogosAPIConsumer: async calling via LogosObject::callMethodAsync "note_transition"
[LogosObject] RemoteLogosObject::callMethodAsync "note_transition" args: 7
LogosAPIConsumer: informModuleToken completed with result: true
[LogosObject] Destroying RemoteLogosObject 0
Loaded UI plugin: "/nix/store/a520x5a79fn5a479j7jly13nzv3iln5x-logos-forum_module-plugin-dir"
[QmlInspector] Inspector server listening on port 3769
[QmlInspector] Client connected from "::1"
[2026-10-04 18:58:14.536] [warning] [logos] [capability_module] Warning: QObject::connect: No such signal ::eventResponse(QString,QVariantList)
[2026-10-04 18:58:14.536] [info] [logos] [storage_module] StorageModuleImpl::init called
[2026-10-04 18:58:14.538] [out] [storage_module] WRN 2026-10-04 18:58:14.538+02:00 Data directory has insecure permissions. Correcting them. tid=6157748 data_dir=~/.local/share/lp0026-forum-dev/m7-storage/b-storage current_permissions=0755 required_permissions=0700
[2026-10-04 18:58:14.538] [out] [storage_module] INF 2026-10-04 18:58:14.538+02:00 Creating a private key and saving it       tid=6157748
[2026-10-04 18:58:14.538] [out] [storage_module] WRN 2026-10-04 18:58:14.538+02:00 Node has been marked with --no-bootstrap-node and will NOT be bootstrapped topics="libstorage libstoragelifecycle" tid=6157748
[2026-10-04 18:58:14.538] [out] [storage_module] INF 2026-10-04 18:58:14.538+02:00 Threadpool started                         topics="libstorage libstoragelifecycle" tid=6157748 numThreads=12
[2026-10-04 18:58:14.540] [info] [logos] [storage_module] StorageModuleImpl::start called
[2026-10-04 18:58:14.540] [out] [storage_module] WRN 2026-10-04 18:58:14.540+02:00 No key for a QueryResponse                 topics="storage repostore" tid=6157748
[2026-10-04 18:58:14.540] [out] [storage_module] NTC 2026-10-04 18:58:14.540+02:00 Started Storage node                       topics="storage node" tid=6157748 id=16U*qj3g4U addrs="[/ip4/127.0.0.1/tcp/8572]"
[2026-10-04 18:58:41.814] [out] [storage_module] ERR 2026-10-04 18:58:41.814+02:00 Failed to MANIFEST.                        topics="libstorage libstoragedownload" tid=6157748 error="Failed to fetch manifest: Failed to fetch manifest zDvZRwzm2Vo9Wk4MW3cdPfCxJopBPMjLyYiNVcFWSq9H8UcuMjQh after 10 attempts: Key doesn't exist"
[2026-10-04 18:58:41.814] [info] [logos] [storage_module] StorageModuleImpl::downloadChunksInternal: failed to get manifest for zDvZRwzm2Vo9Wk4MW3cdPfCxJopBPMjLyYiNVcFWSq9H8UcuMjQh
[QmlInspector] Client disconnected
