run-logos-standalone-ui: hot-reloading QML from <repo>/src/qml
  (export DEV_QML_PATH to override, or LOGOS_QML_HOT_RELOAD=0 to disable)
Session directory: "~/Library/Application Support/Logos/LogosStandalone"
[2026-10-10 15:51:07.222] [info] [logos] Granting host services to 'capability_module': token_registry,token_delivery
[2026-10-10 15:51:07.258] [out] [capability_module] [2026-10-10 15:51:07.258] [info] Granting host services to capability_module: ["token_registry","token_delivery"]
RemoteTransportConnection: Connecting to registry: "local:logos_capability_module_fbc82a79897b" at "15:51:07.259"
RemoteTransportConnection: Registry connect attempt started (no peer contact yet): "local:logos_capability_module_fbc82a79897b"
LogosAPIConsumer: Informing module token for module: "capability_module" with token: "redacted:f8bf3f34…"
RemoteTransportConnection: Requesting object: "capability_module" at "15:51:07.260"
[LogosObject] RemoteTransportConnection: returning RemoteLogosObject for: "capability_module"
[LogosObject] Created RemoteLogosObject wrapping QRemoteObjectReplica 105553118822048
[LogosObject] LogosAPIConsumer: calling LogosObject::informModuleToken for "capability_module"
LogosAPIConsumer: informModuleToken completed with result: true
[LogosObject] Destroying RemoteLogosObject 0
[2026-10-10 15:51:07.285] [info] [logos] Module loaded: capability_module
LogosAPIConsumer: Informing module token for module: "modules_state" with token: "redacted:fbfbbd24…"
RemoteTransportConnection: Requesting object: "capability_module" at "15:51:07.323"
[LogosObject] RemoteTransportConnection: returning RemoteLogosObject for: "capability_module"
[LogosObject] Created RemoteLogosObject wrapping QRemoteObjectReplica 105553118822464
[LogosObject] LogosAPIConsumer: calling LogosObject::informModuleToken for "modules_state"
LogosAPIConsumer: informModuleToken completed with result: true
[LogosObject] Destroying RemoteLogosObject 0
[2026-10-10 15:51:07.323] [info] [logos] Module loaded: modules_state
RemoteTransportConnection: Connecting to registry: "local:logos_modules_state_fbc82a79897b" at "15:51:07.324"
RemoteTransportConnection: Registry connect attempt started (no peer contact yet): "local:logos_modules_state_fbc82a79897b"
RemoteTransportConnection: Connecting to registry: "local:logos_capability_module_fbc82a79897b" at "15:51:07.324"
RemoteTransportConnection: Registry connect attempt started (no peer contact yet): "local:logos_capability_module_fbc82a79897b"
LogosAPIConsumer: '"modules_state"::""' deferred pending the module becoming reachable
LogosAPIConsumer: '"modules_state"::""' deferred pending the module becoming reachable
Logos Core started (modules dir: "/nix/store/gxna1vv93drk0r01vph163c8q3dw4ng4-logos-forum_module-plugin-dir-modules" )
Set app icon from metadata: "/nix/store/dj1dbv54hiyk0yh2haw00wlyjl28ngnq-logos-forum_module-plugin-dir/src/icons/icon.png"
[2026-10-10 15:51:07.375] [info] [logos] [delivery_module] DeliveryModuleImpl: Initializing...
LogosAPIConsumer: Informing module token for module: "delivery_module" with token: "redacted:afa3b10b…"
RemoteTransportConnection: Requesting object: "capability_module" at "15:51:07.375"
[LogosObject] RemoteTransportConnection: returning RemoteLogosObject for: "capability_module"
[LogosObject] Created RemoteLogosObject wrapping QRemoteObjectReplica 105553118663104
[LogosObject] LogosAPIConsumer: calling LogosObject::informModuleToken for "delivery_module"
LogosAPIConsumer: informModuleToken completed with result: true
[LogosObject] Destroying RemoteLogosObject 0
[2026-10-10 15:51:07.376] [info] [logos] Module loaded: delivery_module
RemoteTransportConnection: Connecting to registry: "local:logos_delivery_module_fbc82a79897b" at "15:51:07.376"
RemoteTransportConnection: Registry connect attempt started (no peer contact yet): "local:logos_delivery_module_fbc82a79897b"
RemoteTransportConnection: Connecting to registry: "local:logos_capability_module_fbc82a79897b" at "15:51:07.376"
RemoteTransportConnection: Registry connect attempt started (no peer contact yet): "local:logos_capability_module_fbc82a79897b"
LogosAPIConsumer: '"delivery_module"::""' deferred pending the module becoming reachable
LogosAPIClient: getToken for module: "modules_state"
LogosAPIClient: Found token for module: "modules_state"
RemoteTransportConnection: Requesting object: "modules_state" at "15:51:07.376"
[LogosObject] RemoteTransportConnection: returning RemoteLogosObject for: "modules_state"
[LogosObject] Created RemoteLogosObject wrapping QRemoteObjectReplica 105553118666336
[LogosObject] LogosAPIConsumer: async calling via LogosObject::callMethodAsync "note_transition"
[LogosObject] RemoteLogosObject::callMethodAsync "note_transition" args: 7
LogosAPIClient: getToken for module: "modules_state"
LogosAPIClient: Found token for module: "modules_state"
[LogosObject] LogosAPIConsumer: async calling via LogosObject::callMethodAsync "note_transition"
[LogosObject] RemoteLogosObject::callMethodAsync "note_transition" args: 7
Loaded dependency (with transitive deps): "delivery_module"
[2026-10-10 15:51:07.413] [info] [logos] [storage_module] StorageModuleImpl: Initializing...
LogosAPIConsumer: Informing module token for module: "storage_module" with token: "redacted:e2f1ce91…"
RemoteTransportConnection: Requesting object: "capability_module" at "15:51:07.414"
[LogosObject] Created RemoteLogosObject wrapping QRemoteObjectReplica 105553118873504
LogosAPIClient: invoking remote method "modules_state" "apply_snapshot" args_count: 1
LogosAPIClient: getToken for module: "modules_state"
LogosAPIClient: Found token for module: "modules_state"
LogosAPIConsumer: Calling invokeRemoteMethod: "modules_state" "apply_snapshot" args_count: 1 timeout: 20000
[LogosObject] LogosAPIConsumer: calling via LogosObject::callMethod "apply_snapshot"
[LogosObject] RemoteLogosObject::callMethod "apply_snapshot" args: 1
[LogosObject] Created RemoteLogosObject wrapping QRemoteObjectReplica 105553118666080
LogosAPIClient: getToken for module: "modules_state"
LogosAPIClient: Found token for module: "modules_state"
[LogosObject] LogosAPIConsumer: async calling via LogosObject::callMethodAsync "note_transition"
[LogosObject] RemoteLogosObject::callMethodAsync "note_transition" args: 7
LogosAPIClient: getToken for module: "modules_state"
LogosAPIClient: Found token for module: "modules_state"
[LogosObject] LogosAPIConsumer: async calling via LogosObject::callMethodAsync "note_transition"
[LogosObject] RemoteLogosObject::callMethodAsync "note_transition" args: 7
[2026-10-10 15:51:07.415] [info] [logos] Pushed module snapshot to modules_state
LogosAPIClient: getToken for module: "modules_state"
LogosAPIClient: Found token for module: "modules_state"
[LogosObject] LogosAPIConsumer: async calling via LogosObject::callMethodAsync "note_transition"
[LogosObject] RemoteLogosObject::callMethodAsync "note_transition" args: 7
[LogosObject] RemoteTransportConnection: returning RemoteLogosObject for: "capability_module"
[LogosObject] Created RemoteLogosObject wrapping QRemoteObjectReplica 105553118843008
[LogosObject] LogosAPIConsumer: calling LogosObject::informModuleToken for "storage_module"
LogosAPIConsumer: informModuleToken completed with result: true
[LogosObject] Destroying RemoteLogosObject 0
[2026-10-10 15:51:07.415] [info] [logos] Module loaded: storage_module
RemoteTransportConnection: Connecting to registry: "local:logos_storage_module_fbc82a79897b" at "15:51:07.416"
RemoteTransportConnection: Registry connect attempt started (no peer contact yet): "local:logos_storage_module_fbc82a79897b"
RemoteTransportConnection: Connecting to registry: "local:logos_capability_module_fbc82a79897b" at "15:51:07.416"
RemoteTransportConnection: Registry connect attempt started (no peer contact yet): "local:logos_capability_module_fbc82a79897b"
LogosAPIConsumer: '"storage_module"::""' deferred pending the module becoming reachable
LogosAPIClient: getToken for module: "modules_state"
LogosAPIClient: Found token for module: "modules_state"
[LogosObject] LogosAPIConsumer: async calling via LogosObject::callMethodAsync "note_transition"
[LogosObject] RemoteLogosObject::callMethodAsync "note_transition" args: 7
Loaded dependency (with transitive deps): "storage_module"
DEV_QML_PATH override active: <repo>/src/qml/Main.qml
RemoteTransportConnection: Connecting to registry: "local:logos_capability_module_fbc82a79897b" at "15:51:07.416"
RemoteTransportConnection: Registry connect attempt started (no peer contact yet): "local:logos_capability_module_fbc82a79897b"
LogosAPIConsumer: Informing module token for module: "forum_module" with token: "redacted:4ff6fc88…"
RemoteTransportConnection: Requesting object: "capability_module" at "15:51:07.416"
[LogosObject] RemoteTransportConnection: returning RemoteLogosObject for: "capability_module"
[LogosObject] Created RemoteLogosObject wrapping QRemoteObjectReplica 105553118828896
[LogosObject] LogosAPIConsumer: calling LogosObject::informModuleToken for "forum_module"
[LogosObject] Created RemoteLogosObject wrapping QRemoteObjectReplica 105553118823552
LogosAPIClient: getToken for module: "modules_state"
LogosAPIClient: Found token for module: "modules_state"
[LogosObject] LogosAPIConsumer: async calling via LogosObject::callMethodAsync "note_transition"
[LogosObject] RemoteLogosObject::callMethodAsync "note_transition" args: 7
LogosAPIConsumer: informModuleToken completed with result: true
[LogosObject] Destroying RemoteLogosObject 0
qt.qpa.fonts: Populating font family aliases took 68 ms. Replace uses of missing font family "Public Sans" with one that exists to avoid this cost. 
Loaded UI plugin: "/nix/store/dj1dbv54hiyk0yh2haw00wlyjl28ngnq-logos-forum_module-plugin-dir"
[QmlInspector] Inspector server listening on port 3768
[QmlInspector] Client connected from "::1"
[2026-10-10 15:51:15.634] [warning] [logos] [capability_module] Warning: QObject::connect: No such signal ::eventResponse(QString,QVariantList)
[2026-10-10 15:51:15.634] [info] [logos] [delivery_module] DeliveryModuleImpl::getNodeInfo called with nodeInfoId: MyPeerId
[2026-10-10 15:51:15.634] [info] [logos] [delivery_module] DeliveryModuleImpl: Cannot get node info - context not initialized. Call createNode first.
[2026-10-10 15:51:15.634] [info] [logos] [delivery_module] DeliveryModuleImpl::createNode called
[2026-10-10 15:51:15.641] [info] [logos] [delivery_module] DeliveryModuleImpl: Waiting for createNode callback...
[2026-10-10 15:51:15.643] [out] [delivery_module] DBG 2026-10-10 15:51:15.642+02:00 Whether to mount storeSync is not specified, defaulting to not mounting topics="waku conf builder" tid=19476994
[2026-10-10 15:51:15.643] [out] [delivery_module] NTC 2026-10-10 15:51:15.643+02:00 No node key provided, generated a new one; identity will not persist across restarts topics="waku conf builder" tid=19476994
[2026-10-10 15:51:15.643] [out] [delivery_module] INF 2026-10-10 15:51:15.643+02:00 Sharding configuration:                    topics="waku conf builder" tid=19476994 shardingConf="(kind: AutoSharding, numShardsInCluster: 8)" subscribeShards="@[0, 1, 2, 3, 4, 5, 6, 7]"
[2026-10-10 15:51:15.643] [out] [delivery_module] WRN 2026-10-10 15:51:15.643+02:00 configuration flag ignored                 topics="waku cli args" tid=19476994 detail="--websocket-port is ignored: --websocket-support is not enabled"
[2026-10-10 15:51:15.643] [out] [delivery_module] INF 2026-10-10 15:51:15.643+02:00 Configuration: Enabled protocols           topics="waku conf" tid=19476994 relay=true rlnRelay=false store=false filter=true lightPush=true peerExchange=true rendezvous=true
[2026-10-10 15:51:15.643] [out] [delivery_module] INF 2026-10-10 15:51:15.643+02:00 Configuration. Network                     topics="waku conf" tid=19476994 cluster=3
[2026-10-10 15:51:15.643] [out] [delivery_module] DBG 2026-10-10 15:51:15.643+02:00 Configuration. Active Relay Shards         topics="waku conf" tid=19476994 shard=0
[2026-10-10 15:51:15.643] [out] [delivery_module] DBG 2026-10-10 15:51:15.643+02:00 Configuration. Active Relay Shards         topics="waku conf" tid=19476994 shard=1
[2026-10-10 15:51:15.643] [out] [delivery_module] DBG 2026-10-10 15:51:15.643+02:00 Configuration. Active Relay Shards         topics="waku conf" tid=19476994 shard=2
[2026-10-10 15:51:15.643] [out] [delivery_module] DBG 2026-10-10 15:51:15.643+02:00 Configuration. Active Relay Shards         topics="waku conf" tid=19476994 shard=3
[2026-10-10 15:51:15.643] [out] [delivery_module] DBG 2026-10-10 15:51:15.643+02:00 Configuration. Active Relay Shards         topics="waku conf" tid=19476994 shard=4
[2026-10-10 15:51:15.643] [out] [delivery_module] DBG 2026-10-10 15:51:15.643+02:00 Configuration. Active Relay Shards         topics="waku conf" tid=19476994 shard=5
[2026-10-10 15:51:15.643] [out] [delivery_module] DBG 2026-10-10 15:51:15.643+02:00 Configuration. Active Relay Shards         topics="waku conf" tid=19476994 shard=6
[2026-10-10 15:51:15.643] [out] [delivery_module] DBG 2026-10-10 15:51:15.643+02:00 Configuration. Active Relay Shards         topics="waku conf" tid=19476994 shard=7
[2026-10-10 15:51:15.643] [out] [delivery_module] INF 2026-10-10 15:51:15.643+02:00 Setting up storage                         tid=19476994
[2026-10-10 15:51:15.643] [out] [delivery_module] INF 2026-10-10 15:51:15.643+02:00 Initializing node                          tid=19476994
[2026-10-10 15:51:15.644] [out] [delivery_module] INF 2026-10-10 15:51:15.644+02:00 Setting up NATService                      topics="libp2p natservice" tid=19476994 portMapping=true reachability=false holePunching=false
[2026-10-10 15:51:15.644] [out] [delivery_module] INF 2026-10-10 15:51:15.644+02:00 Initializing networking                    tid=19476994 addrs="@[/ip4/0.0.0.0/tcp/0, /ip4/0.0.0.0/udp/0/quic-v1]"
[2026-10-10 15:51:15.644] [out] [delivery_module] INF 2026-10-10 15:51:15.644+02:00 Mounting protocols                         tid=19476994
[2026-10-10 15:51:15.644] [out] [delivery_module] INF 2026-10-10 15:51:15.644+02:00 Created WakuMetadata protocol              topics="waku node" tid=19476994 clusterId=3 shards="[0, 1, 2, 3, 4, 5, 6, 7]"
[2026-10-10 15:51:15.644] [out] [delivery_module] INF 2026-10-10 15:51:15.644+02:00 Mounting mix protocol                      topics="waku node" tid=19476994INF 2026-10-10 15:51:15.644+02:00 node info                                  topics="waku node" tid=19476994 wakuInfo="(listenAddresses: [/ip4/0.0.0.0/tcp/0/p2p/16Uiu2HAmDPbttdkejTkQgjb7UL2jZpFs6nJC6F8ZbMqv2nTaWeKu, /ip4/0.0.0.0/udp/0/quic-v1/p2p/16Uiu2HAmDPbttdkejTkQgjb7UL2jZpFs6nJC6F8ZbMqv2nTaWeKu], enrUri: enr:-JO4QBZL8QCRiXrwVy_xDZExY-l1-lbOe8rXXNVZ5auS81Q8OZIEju8tQCH8zsnjkxr7j3q8nMUC9pVagxatpUeaBm8BgmlkgnY0gnJzkwADCAAAAAEAAgADAAQABQAGAAeJc2VjcDI1NmsxoQMK6pWs2g3zHkWCCe60BrevTdD14j8UH1NX7GmwNHgbFIV3YWt1Mi0, mixPubKey: none())"
[2026-10-10 15:51:15.644] [out] [delivery_module]  nodeId="(listenAddresses: [/ip4/0.0.0.0/tcp/0/p2p/16Uiu2HAmDPbttdkejTkQgjb7UL2jZpFs6nJC6F8ZbMqv2nTaWeKu, /ip4/0.0.0.0/udp/0/quic-v1/p2p/16Uiu2HAmDPbttdkejTkQgjb7UL2jZpFs6nJC6F8ZbMqv2nTaWeKu], enrUri: enr:-JO4QBZL8QCRiXrwVy_xDZExY-l1-lbOe8rXXNVZ5auS81Q8OZIEju8tQCH8zsnjkxr7j3q8nMUC9pVagxatpUeaBm8BgmlkgnY0gnJzkwADCAAAAAEAAgADAAQABQAGAAeJc2VjcDI1NmsxoQMK6pWs2g3zHkWCCe60BrevTdD14j8UH1NX7GmwNHgbFIV3YWt1Mi0, mixPubKey: none())"
[2026-10-10 15:51:15.644] [out] [delivery_module] INF 2026-10-10 15:51:15.644+02:00 local addr                                 topics="waku node" tid=19476994 localaddr=/ip4/0.0.0.0/tcp/0
[2026-10-10 15:51:15.644] [out] [delivery_module] INF 2026-10-10 15:51:15.644+02:00 mixPubKey                                  topics="waku node" tid=19476994 mixPubKey="[238, 196, 218, 17, 163, 85, 39, 247, 221, 109, 116, 195, 35, 199, 240, 61, 53, 170, 91, 248, 244, 200, 217, 18, 25, 244, 167, 232, 11, 141, 249, 8]"
[2026-10-10 15:51:15.644] [out] [delivery_module] INF 2026-10-10 15:51:15.644+02:00 Using mix bootstrap nodes                  topics="waku mix" tid=19476994 entries=0 poolSize=0
[2026-10-10 15:51:15.644] [out] [delivery_module] INF 2026-10-10 15:51:15.644+02:00 Mix cannot publish yet, waiting for more mix nodes topics="waku node" tid=19476994 poolSize=0 required=4
[2026-10-10 15:51:15.645] [out] [delivery_module] INF 2026-10-10 15:51:15.645+02:00 mounting store client                      topics="waku node store api" tid=19476994
[2026-10-10 15:51:15.645] [out] [delivery_module] INF 2026-10-10 15:51:15.645+02:00 Mounting auto sharding                     topics="waku node" tid=19476994 clusterId=3 shardCount=8
[2026-10-10 15:51:15.645] [out] [delivery_module] DBG 2026-10-10 15:51:15.645+02:00 Setting max message size                   tid=19476994 num_bytes=153600
[2026-10-10 15:51:15.645] [out] [delivery_module] INF 2026-10-10 15:51:15.645+02:00 mounting relay protocol                    topics="waku node relay api" tid=19476994
[2026-10-10 15:51:15.645] [out] [delivery_module] DBG 2026-10-10 15:51:15.645+02:00 relay mounted successfully                 topics="waku node relay api" tid=19476994
[2026-10-10 15:51:15.645] [out] [delivery_module] DBG 2026-10-10 15:51:15.645+02:00 Adding validator to signed shards          tid=19476994 protectedShards=[] clusterId=3
[2026-10-10 15:51:15.645] [out] [delivery_module] INF 2026-10-10 15:51:15.645+02:00 Mounting rendezvous discovery protocol     topics="waku node" tid=19476994
[2026-10-10 15:51:15.645] [out] [delivery_module] INF 2026-10-10 15:51:15.645+02:00 Waku rendezvous initialized                topics="waku node" tid=19476994 clusterId=3 shards="[0, 1, 2, 3, 4, 5, 6, 7]" capabilities="[Relay, Filter, Lightpush, Mix]" wakuPeerRecord="(peerId: 16Uiu2...TaWeKu, seqNo: 1791640275, addresses: [/ip4/0.0.0.0/tcp/0, /ip4/0.0.0.0/udp/0/quic-v1], mixKey: 0xeec4da11a35527f7dd6d74c323c7f03d35aa5bf8f4c8d91219f4a7e80b8df908)"
[2026-10-10 15:51:15.645] [out] [delivery_module] INF 2026-10-10 15:51:15.645+02:00 Mounting rendezvous client                 topics="waku node" tid=19476994
[2026-10-10 15:51:15.645] [out] [delivery_module] INF 2026-10-10 15:51:15.645+02:00 Waku rendezvous client initialized         topics="waku node" tid=19476994 clusterId=3
[2026-10-10 15:51:15.645] [out] [delivery_module] INF 2026-10-10 15:51:15.645+02:00 mounting libp2p ping protocol              topics="waku node ping api" tid=19476994
[2026-10-10 15:51:15.645] [out] [delivery_module] INF 2026-10-10 15:51:15.645+02:00 No RLN backend configured; RLN is off      tid=19476994
[2026-10-10 15:51:15.645] [out] [delivery_module] INF 2026-10-10 15:51:15.645+02:00 mounting light push                        topics="waku node lightpush api" tid=19476994
[2026-10-10 15:51:15.645] [out] [delivery_module] INF 2026-10-10 15:51:15.645+02:00 mounting lightpush with relay              topics="waku node lightpush api" tid=19476994
[2026-10-10 15:51:15.645] [out] [delivery_module] DBG 2026-10-10 15:51:15.645+02:00 lightpush mounted successfully             topics="waku node lightpush api" tid=19476994
[2026-10-10 15:51:15.645] [out] [delivery_module] INF 2026-10-10 15:51:15.645+02:00 mounting legacy light push                 topics="waku node lightpush api" tid=19476994
[2026-10-10 15:51:15.645] [out] [delivery_module] INF 2026-10-10 15:51:15.645+02:00 mounting legacy lightpush with relay       topics="waku node lightpush api" tid=19476994
[2026-10-10 15:51:15.645] [out] [delivery_module] DBG 2026-10-10 15:51:15.645+02:00 legacy lightpush mounted successfully      topics="waku node lightpush api" tid=19476994
[2026-10-10 15:51:15.645] [out] [delivery_module] INF 2026-10-10 15:51:15.645+02:00 mounting light push client                 topics="waku node lightpush api" tid=19476994
[2026-10-10 15:51:15.645] [out] [delivery_module] INF 2026-10-10 15:51:15.645+02:00 mounting legacy light push client          topics="waku node lightpush api" tid=19476994
[2026-10-10 15:51:15.645] [out] [delivery_module] INF 2026-10-10 15:51:15.645+02:00 mounting filter protocol                   topics="waku node filter api" tid=19476994
[2026-10-10 15:51:15.645] [out] [delivery_module] INF 2026-10-10 15:51:15.645+02:00 Starting filter protocol                   topics="waku filter" tid=19476994
[2026-10-10 15:51:15.645] [out] [delivery_module] DBG 2026-10-10 15:51:15.645+02:00 Starting to maintain subscriptions         topics="waku filter" tid=19476994
[2026-10-10 15:51:15.645] [out] [delivery_module] DBG 2026-10-10 15:51:15.645+02:00 Maintaining subscriptions                  topics="waku filter" tid=19476994
[2026-10-10 15:51:15.645] [out] [delivery_module] DBG 2026-10-10 15:51:15.645+02:00 Cleanup                                    topics="waku filter subscriptions" tid=19476994 currentPeerIds=[]
[2026-10-10 15:51:15.645] [out] [delivery_module] DBG 2026-10-10 15:51:15.645+02:00 After cleanup                              topics="waku filter subscriptions" tid=19476994 currentPeerIds=[]
[2026-10-10 15:51:15.645] [out] [delivery_module] INF 2026-10-10 15:51:15.645+02:00 mounting filter client                     topics="waku node filter api" tid=19476994
[2026-10-10 15:51:15.645] [out] [delivery_module] INF 2026-10-10 15:51:15.645+02:00 mounting waku peer exchange                topics="waku node peerexchange api" tid=19476994
[2026-10-10 15:51:15.645] [out] [delivery_module] INF 2026-10-10 15:51:15.645+02:00 mounting waku peer exchange client         topics="waku node peerexchange api" tid=19476994
[2026-10-10 15:51:15.645] [out] [delivery_module] INF 2026-10-10 15:51:15.645+02:00 No external callbacks to be set            topics="wakunode waku" tid=19476994
[2026-10-10 15:51:15.645] [out] [delivery_module] INF 2026-10-10 15:51:15.645+02:00 Setting up AutonatService                  topics="libp2p autonatservice" tid=19476994
[2026-10-10 15:51:15.645] [out] [delivery_module] INF 2026-10-10 15:51:15.645+02:00 Messaging API settings                     topics="logosdelivery" tid=19476994 reliability=true anonymityLevel=Required rateLimitEnabled=false rateLimitEpochPeriodSec=600 rateLimitMessagesPerEpoch=1 maxParkedAgeSec=1800 sendQueueCapacity=1000 backfillEnabled=true backfillRequestTimeout=10s
[2026-10-10 15:51:15.645] [info] [logos] [delivery_module] DeliveryModuleImpl::createNode callback called with ret: 0
[2026-10-10 15:51:15.647] [info] [logos] [delivery_module] DeliveryModuleImpl: Delivery context created successfully
[2026-10-10 15:51:15.647] [info] [logos] [delivery_module] DeliveryModuleImpl::start called
[2026-10-10 15:51:15.647] [out] [delivery_module] INF 2026-10-10 15:51:15.647+02:00 Retrieve dynamic bootstrap nodes           topics="wakunode waku" tid=19476994
[2026-10-10 15:51:15.648] [out] [delivery_module] INF 2026-10-10 15:51:15.647+02:00 Running nwaku node                         tid=19476994 version=v0.39.0-g3a478e
[2026-10-10 15:51:15.648] [out] [delivery_module] INF 2026-10-10 15:51:15.648+02:00 Starting Waku node                         topics="waku node" tid=19476994 version=v0.39.0-g3a478e
[2026-10-10 15:51:15.648] [out] [delivery_module] DBG 2026-10-10 15:51:15.648+02:00 Waku rendezvous periodic requests started  topics="waku rendezvous client" tid=19476994 interval=10s
[2026-10-10 15:51:15.648] [out] [delivery_module] INF 2026-10-10 15:51:15.648+02:00 Waku rendezvous client started             topics="waku rendezvous client" tid=19476994
[2026-10-10 15:51:15.648] [info] [logos] [delivery_module] DeliveryModuleImpl::getNodeInfo called with nodeInfoId: MyPeerId
[2026-10-10 15:51:15.648] [out] [delivery_module] INF 2026-10-10 15:51:15.648+02:00 Starting switch for peer                   topics="libp2p switch" tid=19476994 peerInfo="(peerId: 16Uiu2HAmDPbttdkejTkQgjb7UL2jZpFs6nJC6F8ZbMqv2nTaWeKu, listenAddrs: [/ip4/0.0.0.0/tcp/0, /ip4/0.0.0.0/udp/0/quic-v1], addrs: [], protocols: [/ipfs/id/1.0.0, /libp2p/autonat/1.0.0, /libp2p/circuit/relay/0.2.0/hop, /vac/waku/metadata/1.0.0, /mix/1.0.0, /logos/service-discovery/1.0.0, /vac/waku/relay/2.0.0, /vac/waku/rendezvous/1.0.0, /ipfs/ping/1.0.0, /vac/waku/lightpush/3.0.0, /vac/waku/lightpush/2.0.0-beta1, /vac/waku/filter-subscribe/2.0.0-beta1, /vac/waku/filter-push/2.0.0-beta1, /vac/waku/peer-exchange/2.0.0-alpha1], protoVersion: ipfs/0.1.0, agentVersion: logos-delivery-v0.39.0-g3a478e)"
[2026-10-10 15:51:15.648] [out] [delivery_module] INF 2026-10-10 15:51:15.648+02:00 Starting NATService                        topics="libp2p natservice" tid=19476994
[2026-10-10 15:51:15.648] [out] [delivery_module] INF 2026-10-10 15:51:15.648+02:00 Running AutonatService                     topics="libp2p autonatservice" tid=19476994
[2026-10-10 15:51:15.649] [out] [delivery_module] DBG 2026-10-10 15:51:15.649+02:00 No private listen addresses to map; releasing any prior mappings topics="libp2p natservice" tid=19476994
[2026-10-10 15:51:15.649] [out] [delivery_module] INF 2026-10-10 15:51:15.649+02:00 Starting TCP transport                     topics="libp2p tcptransport" tid=19476994
[2026-10-10 15:51:15.649] [out] [delivery_module] INF 2026-10-10 15:51:15.649+02:00 Transport starting                         topics="libp2p transport" tid=19476994 addresses=[/ip4/0.0.0.0/tcp/58681]
[2026-10-10 15:51:15.650] [out] [delivery_module] DBG 2026-10-10 15:51:15.650+02:00 Configured QUIC UDP receive buffer         tid=19476994 requestedBytes=8388608 effectiveBytes=8388608
[2026-10-10 15:51:15.650] [out] [delivery_module] INF 2026-10-10 15:51:15.650+02:00 Transport starting                         topics="libp2p transport" tid=19476994 addresses=[/ip4/0.0.0.0/udp/54671/quic-v1]
[2026-10-10 15:51:15.650] [out] [delivery_module] DBG 2026-10-10 15:51:15.650+02:00 Transport connection acceptance started    topics="libp2p switch" tid=19476994
[2026-10-10 15:51:15.650] [out] [delivery_module] DBG 2026-10-10 15:51:15.650+02:00 Transport connection acceptance started    topics="libp2p switch" tid=19476994
[2026-10-10 15:51:15.651] [info] [logos] [delivery_module] DeliveryModuleImpl::subscribe called with contentTopic: /lp0026forum/1/general/text
[2026-10-10 15:51:15.652] [out] [delivery_module] DBG 2026-10-10 15:51:15.652+02:00 Subscribing to pubsub topic                topics="waku relay" tid=19476994 pubsubTopic=/waku/2/rs/3/7
[2026-10-10 15:51:15.652] [info] [logos] [delivery_module] DeliveryModuleImpl: Subscribe completed for topic: /lp0026forum/1/general/text with success
[2026-10-10 15:51:16.199] [out] [delivery_module] INF 2026-10-10 15:51:16.199+02:00 Using mix bootstrap nodes                  topics="waku mix" tid=19476994 entries=1 poolSize=1
[2026-10-10 15:51:16.200] [out] [delivery_module] INF 2026-10-10 15:51:16.200+02:00 Using mix bootstrap nodes                  topics="waku mix" tid=19476994 entries=1 poolSize=2
[2026-10-10 15:51:16.200] [out] [delivery_module] INF 2026-10-10 15:51:16.200+02:00 Using mix bootstrap nodes                  topics="waku mix" tid=19476994 entries=1 poolSize=3
[2026-10-10 15:51:16.200] [out] [delivery_module] INF 2026-10-10 15:51:16.200+02:00 Using mix bootstrap nodes                  topics="waku mix" tid=19476994 entries=1 poolSize=4
[2026-10-10 15:51:16.203] [out] [delivery_module] INF 2026-10-10 15:51:16.203+02:00 Using mix bootstrap nodes                  topics="waku mix" tid=19476994 entries=1 poolSize=5
[2026-10-10 15:51:16.203] [out] [delivery_module] INF 2026-10-10 15:51:16.203+02:00 Using mix bootstrap nodes                  topics="waku mix" tid=19476994 entries=1 poolSize=6
[2026-10-10 15:51:17.654] [out] [delivery_module] WRN 2026-10-10 15:51:17.654+02:00 NAT port mapping failed                    topics="libp2p natservice" tid=19476994 port=58681 protocol=mpTcp err="plum: mapping 0 failed"
[2026-10-10 15:51:19.657] [out] [delivery_module] WRN 2026-10-10 15:51:19.656+02:00 NAT port mapping failed                    topics="libp2p natservice" tid=19476994 port=54671 protocol=mpUdp err="plum: mapping 0 failed"
[2026-10-10 15:51:19.658] [out] [delivery_module] INF 2026-10-10 15:51:19.658+02:00 Mix self hop set                           topics="waku node" tid=19476994 hop=/ip4/172.20.10.14/tcp/58681 before=/ip4/0.0.0.0/tcp/0
[2026-10-10 15:51:19.658] [out] [delivery_module] DBG 2026-10-10 15:51:19.658+02:00 ENR addresses updated                      topics="waku enr" tid=19476994 retained=0 total=0
[2026-10-10 15:51:19.659] [out] [delivery_module] DBG 2026-10-10 15:51:19.659+02:00 Peer dial started                          topics="libp2p dialer" tid=19476994 peerId=16Uiu2...TwqBiH addresses="[/ip4/34.123.201.25/tcp/30303, /dns4/delivery-02.gc-us-central1-a.logos.dev.status.im/tcp/30303]"
[2026-10-10 15:51:19.660] [out] [delivery_module] DBG 2026-10-10 15:51:19.660+02:00 Peer dial started                          topics="libp2p dialer" tid=19476994 peerId=16Uiu2...NSkuby addresses="[/ip4/138.68.122.137/tcp/30303, /dns4/delivery-01.do-ams3.logos.dev.status.im/tcp/30303]"
[2026-10-10 15:51:19.660] [out] [delivery_module] DBG 2026-10-10 15:51:19.660+02:00 Peer dial started                          topics="libp2p dialer" tid=19476994 peerId=16Uiu2...kGyuEP addresses="[/ip4/47.242.130.189/tcp/30303, /dns4/delivery-01.ac-cn-hongkong-c.logos.dev.status.im/tcp/30303]"
[2026-10-10 15:51:19.661] [out] [delivery_module] DBG 2026-10-10 15:51:19.661+02:00 Peer dial started                          topics="libp2p dialer" tid=19476994 peerId=16Uiu2...VpJprH addresses="[/ip4/174.138.106.244/tcp/30303, /dns4/delivery-02.do-ams3.logos.dev.status.im/tcp/30303]"
[2026-10-10 15:51:19.661] [out] [delivery_module] DBG 2026-10-10 15:51:19.661+02:00 Peer dial started                          topics="libp2p dialer" tid=19476994 peerId=16Uiu2...T3UNSE addresses="[/ip4/43.99.103.10/tcp/30303, /dns4/delivery-02.ac-cn-hongkong-c.logos.dev.status.im/tcp/30303]"
[2026-10-10 15:51:19.662] [out] [delivery_module] DBG 2026-10-10 15:51:19.662+02:00 Peer dial started                          topics="libp2p dialer" tid=19476994 peerId=16Uiu2...P1S397 addresses="[/ip4/136.119.156.87/tcp/30303, /dns4/delivery-01.gc-us-central1-a.logos.dev.status.im/tcp/30303]"
[2026-10-10 15:51:19.662] [out] [delivery_module] INF 2026-10-10 15:51:19.662+02:00 Kademlia DHT started                       topics="kad-dht" tid=19476994
[2026-10-10 15:51:19.662] [out] [delivery_module] DBG 2026-10-10 15:51:19.662+02:00 Publishing Signed XPR                      topics="service-discovery" tid=19476994 xpr="(envelope: (publicKey: secp256k1 key (040aea95acda0df31e458209eeb406b7af4dd0f5e23f141f5357ec69b034781b14e82e78f8919eea05d5433b0e284bf308eb5938269d318e1d19700a6cb720eed7), payloadType: @[3, 1], payload: @[10, 39, 0, 37, 8, 2, 18, 33, 3, 10, 234, 149, 172, 218, 13, 243, 30, 69, 130, 9, 238, 180, 6, 183, 175, 77, 208, 245, 226, 63, 20, 31, 83, 87, 236, 105, 176, 52, 120, 27, 20, 16, 231, 169, 18, 26, 10, 10, 8, 4, 172, 20, 10, 14, 6, 229, 57, 26, 13, 10, 11, 4, 172, 20, 10, 14, 145, 2, 213, 143, 205, 3], signature: 304402201BE82FB25A30E2176E87F9462A3FFD7AA67AEC781C38CB34FF044808B1F85F84022016EE960A83856644AC17695BA73B940F8E1BC87DF0708665E60D4519B6985477), data: (peerId: 16Uiu2HAmDPbttdkejTkQgjb7UL2jZpFs6nJC6F8ZbMqv2nTaWeKu, seqNo: 300263, addresses: @[(address: /ip4/172.20.10.14/tcp/58681), (address: /ip4/172.20.10.14/udp/54671/quic-v1)], services: @[]))"
[2026-10-10 15:51:19.663] [out] [delivery_module] INF 2026-10-10 15:51:19.663+02:00 Service Discovery started                  topics="service-discovery" tid=19476994
[2026-10-10 15:51:19.663] [out] [delivery_module] INF 2026-10-10 15:51:19.663+02:00 start                                      topics="waku relay" tid=19476994
[2026-10-10 15:51:19.663] [out] [delivery_module] INF 2026-10-10 15:51:19.663+02:00 gossipsub start                            topics="libp2p gossipsub" tid=19476994
[2026-10-10 15:51:19.663] [out] [delivery_module] DBG 2026-10-10 15:51:19.663+02:00 No mesh peer for the given pubsub topic    topics="waku relay" tid=19476994 pubsubTopic=/waku/2/rs/3/7
[2026-10-10 15:51:19.663] [out] [delivery_module] DBG 2026-10-10 15:51:19.663+02:00 Waku rendezvous periodic registration started topics="waku rendezvous" tid=19476994 interval=10s
[2026-10-10 15:51:19.663] [out] [delivery_module] INF 2026-10-10 15:51:19.663+02:00 Waku rendezvous discovery started          topics="waku rendezvous" tid=19476994
[2026-10-10 15:51:19.663] [out] [delivery_module] INF 2026-10-10 15:51:19.663+02:00 Started libp2p node                        topics="libp2p switch" tid=19476994 peerId="(peerId: 16Uiu2HAmDPbttdkejTkQgjb7UL2jZpFs6nJC6F8ZbMqv2nTaWeKu, listenAddrs: [/ip4/0.0.0.0/tcp/58681, /ip4/0.0.0.0/udp/54671/quic-v1], addrs: [/ip4/172.20.10.14/tcp/58681, /ip4/172.20.10.14/udp/54671/quic-v1], protocols: [/ipfs/id/1.0.0, /libp2p/autonat/1.0.0, /libp2p/circuit/relay/0.2.0/hop, /vac/waku/metadata/1.0.0, /mix/1.0.0, /logos/service-discovery/1.0.0, /vac/waku/relay/2.0.0, /vac/waku/rendezvous/1.0.0, /ipfs/ping/1.0.0, /vac/waku/lightpush/3.0.0, /vac/waku/lightpush/2.0.0-beta1, /vac/waku/filter-subscribe/2.0.0-beta1, /vac/waku/filter-push/2.0.0-beta1, /vac/waku/peer-exchange/2.0.0-alpha1], protoVersion: ipfs/0.1.0, agentVersion: logos-delivery-v0.39.0-g3a478e)"
[2026-10-10 15:51:19.663] [out] [delivery_module] DBG 2026-10-10 15:51:19.663+02:00 ENR addresses updated                      topics="waku enr" tid=19476994 retained=0 total=0
[2026-10-10 15:51:19.663] [out] [delivery_module] INF 2026-10-10 15:51:19.663+02:00 Announced addresses resolved               topics="waku node" tid=19476994 addrs="@[/ip4/172.20.10.14/tcp/58681, /ip4/172.20.10.14/udp/54671/quic-v1]"
[2026-10-10 15:51:19.663] [out] [delivery_module] INF 2026-10-10 15:51:19.663+02:00 Random kademlia lookups disabled           topics="waku service discovery" tid=19476994
[2026-10-10 15:51:19.663] [out] [delivery_module] DBG 2026-10-10 15:51:19.663+02:00 Periodic service lookup started            topics="waku service discovery" tid=19476994 interval=1m services={}
[2026-10-10 15:51:19.663] [out] [delivery_module] INF 2026-10-10 15:51:19.663+02:00 Kademlia discovery started                 topics="waku service discovery" tid=19476994
[2026-10-10 15:51:19.664] [out] [delivery_module] INF 2026-10-10 15:51:19.663+02:00 Discovery ENR initialized                  topics="eth p2p discv5" tid=19476994 enrAutoUpdate=false seqNum=4 ip=none() tcpPort=none() udpPort=none() customEnrFields=@[] uri=enr:-Ka4QJpo1f2nxDFtuEagVIiYHWD06v8e2nlKgAsCrWWYuYwRMpC-B7OyaADyPMDPyZrreITRdK4hK9UzuMzXimod43UEgmlkgnY0im11bHRpYWRkcnOAgnJzkwADCAAAAAEAAgADAAQABQAGAAeJc2VjcDI1NmsxoQMK6pWs2g3zHkWCCe60BrevTdD14j8UH1NX7GmwNHgbFIN0Y3CC5TmFd2FrdTIt
[2026-10-10 15:51:19.664] [out] [delivery_module] WRN 2026-10-10 15:51:19.663+02:00 No external IP provided for the ENR, this node will not be discoverable topics="eth p2p discv5" tid=19476994
[2026-10-10 15:51:19.664] [out] [delivery_module] DBG 2026-10-10 15:51:19.664+02:00 peer filtering updated                     topics="waku discv5" tid=19476994
[2026-10-10 15:51:19.664] [out] [delivery_module] INF 2026-10-10 15:51:19.664+02:00 Starting discovery v5 service              topics="waku discv5" tid=19476994
[2026-10-10 15:51:19.664] [out] [delivery_module] INF 2026-10-10 15:51:19.664+02:00 Start listening on udp port                topics="waku discv5" tid=19476994 address=0.0.0.0 port=54640
[2026-10-10 15:51:19.664] [out] [delivery_module] INF 2026-10-10 15:51:19.664+02:00 Starting discovery node                    topics="eth p2p discv5" tid=19476994 node=9b*cc8104:unaddressable bindAddress=0.0.0.0:54640
[2026-10-10 15:51:19.664] [out] [delivery_module] DBG 2026-10-10 15:51:19.664+02:00 Total nodes in routing table after populate topics="eth p2p discv5" tid=19476994 total=0
[2026-10-10 15:51:19.664] [out] [delivery_module] DBG 2026-10-10 15:51:19.664+02:00 Starting discovery v5 search               topics="waku discv5" tid=19476994
[2026-10-10 15:51:19.664] [out] [delivery_module] DBG 2026-10-10 15:51:19.664+02:00 Successfully started discovery v5 service  topics="waku discv5" tid=19476994
[2026-10-10 15:51:19.664] [out] [delivery_module] INF 2026-10-10 15:51:19.664+02:00 Discv5: discoverable ENR                   topics="waku discv5" tid=19476994 enrUri=enr:-Ka4QJpo1f2nxDFtuEagVIiYHWD06v8e2nlKgAsCrWWYuYwRMpC-B7OyaADyPMDPyZrreITRdK4hK9UzuMzXimod43UEgmlkgnY0im11bHRpYWRkcnOAgnJzkwADCAAAAAEAAgADAAQABQAGAAeJc2VjcDI1NmsxoQMK6pWs2g3zHkWCCe60BrevTdD14j8UH1NX7GmwNHgbFIN0Y3CC5TmFd2FrdTIt enr="(4, id: \"v4\", multiaddrs: 0x, rs: 0x00030800000001000200030004000500060007, secp256k1: 0x030AEA95ACDA0DF31E458209EEB406B7AF4DD0F5E23F141F5357EC69B034781B14, tcp: 58681, waku2: 0x2D)"
[2026-10-10 15:51:19.664] [out] [delivery_module] INF 2026-10-10 15:51:19.664+02:00 Node started successfully                  topics="waku node" tid=19476994
[2026-10-10 15:51:19.664] [out] [delivery_module] DBG 2026-10-10 15:51:19.664+02:00 Dialing multiple peers                     tid=19476994 numOfPeers=6 nodes="@[\"/dns4/delivery-01.do-ams3.logos.dev.status.im/tcp/30303/p2p/16Uiu2HAmTUbnxLGT9JvV6mu9oPyDjqHK4Phs1VDJNUgESgNSkuby\", \"/dns4/delivery-02.do-ams3.logos.dev.status.im/tcp/30303/p2p/16Uiu2HAmMK7PYygBtKUQ8EHp7EfaD3bCEsJrkFooK8RQ2PVpJprH\", \"/dns4/delivery-01.gc-us-central1-a.logos.dev.status.im/tcp/30303/p2p/16Uiu2HAm4S1JYkuzDKLKQvwgAhZKs9otxXqt8SCGtB4hoJP1S397\", \"/dns4/delivery-02.gc-us-central1-a.logos.dev.status.im/tcp/30303/p2p/16Uiu2HAm8Y9kgBNtjxvCnf1X6gnZJW5EGE4UwwCL3CCm55TwqBiH\", \"/dns4/delivery-01.ac-cn-hongkong-c.logos.dev.status.im/tcp/30303/p2p/16Uiu2HAm8YokiNun9BkeA1ZRmhLbtNUvcwRr64F69tYj9fkGyuEP\", \"/dns4/delivery-02.ac-cn-hongkong-c.logos.dev.status.im/tcp/30303/p2p/16Uiu2HAkvwhGHKNry6LACrB8TmEFoCJKEX29XR5dDUzk3UT3UNSE\"]"
[2026-10-10 15:51:20.651] [out] [delivery_module] WRN 2026-10-10 15:51:20.651+02:00 ffi request still in flight; caller notified via RET_STALE_WARN tid=19476994 reqId=LogosdeliveryStartNodeReq elapsedMs=5000
[2026-10-10 15:51:20.714] [out] [delivery_module] DBG 2026-10-10 15:51:20.714+02:00 created new pubsub peer                    topics="libp2p pubsub" tid=19476994 peerId=16Uiu2...VpJprH
[2026-10-10 15:51:20.714] [out] [delivery_module] DBG 2026-10-10 15:51:20.714+02:00 no listener registered                     tid=19476995 event=onConnectionChange
[2026-10-10 15:51:20.715] [out] [delivery_module] DBG 2026-10-10 15:51:20.715+02:00 created new pubsub peer                    topics="libp2p pubsub" tid=19476994 peerId=16Uiu2...NSkuby
[2026-10-10 15:51:20.715] [out] [delivery_module] DBG 2026-10-10 15:51:20.715+02:00 no listener registered                     tid=19476995 event=onConnectionChange
[2026-10-10 15:51:20.718] [out] [delivery_module] DBG 2026-10-10 15:51:20.718+02:00 Incoming WakuRelay connection              topics="waku relay" tid=19476994 connection=16Uiu2...NSkuby:6aca42d823d407fd940120c3 protocol=/vac/waku/relay/2.0.0
[2026-10-10 15:51:20.718] [out] [delivery_module] DBG 2026-10-10 15:51:20.718+02:00 Incoming WakuRelay connection              topics="waku relay" tid=19476994 connection=16Uiu2...VpJprH:6aca42d823d407fd940120c5 protocol=/vac/waku/relay/2.0.0
[2026-10-10 15:51:21.171] [out] [delivery_module] DBG 2026-10-10 15:51:21.171+02:00 Event identified                           topics="waku node peer_manager" tid=19476994 peerId=16Uiu2...VpJprH
[2026-10-10 15:51:21.171] [out] [delivery_module] DBG 2026-10-10 15:51:21.171+02:00 no listener registered                     tid=19476995 event=onConnectionChange
[2026-10-10 15:51:21.213] [out] [delivery_module] DBG 2026-10-10 15:51:21.213+02:00 Event identified                           topics="waku node peer_manager" tid=19476994 peerId=16Uiu2...NSkuby
[2026-10-10 15:51:21.213] [out] [delivery_module] DBG 2026-10-10 15:51:21.213+02:00 no listener registered                     tid=19476995 event=onConnectionChange
[2026-10-10 15:51:21.308] [out] [delivery_module] DBG 2026-10-10 15:51:21.308+02:00 created new pubsub peer                    topics="libp2p pubsub" tid=19476994 peerId=16Uiu2...P1S397
[2026-10-10 15:51:21.309] [out] [delivery_module] DBG 2026-10-10 15:51:21.309+02:00 no listener registered                     tid=19476995 event=onConnectionChange
[2026-10-10 15:51:21.317] [out] [delivery_module] DBG 2026-10-10 15:51:21.316+02:00 created new pubsub peer                    topics="libp2p pubsub" tid=19476994 peerId=16Uiu2...TwqBiH
[2026-10-10 15:51:21.317] [out] [delivery_module] DBG 2026-10-10 15:51:21.317+02:00 no listener registered                     tid=19476995 event=onConnectionChange
[2026-10-10 15:51:21.317] [out] [delivery_module] DBG 2026-10-10 15:51:21.317+02:00 Incoming WakuRelay connection              topics="waku relay" tid=19476994 connection=16Uiu2...P1S397:6aca42d923d407fd940120d1 protocol=/vac/waku/relay/2.0.0
[2026-10-10 15:51:21.318] [out] [delivery_module] DBG 2026-10-10 15:51:21.317+02:00 Incoming WakuRelay connection              topics="waku relay" tid=19476994 connection=16Uiu2...TwqBiH:6aca42d923d407fd940120d3 protocol=/vac/waku/relay/2.0.0
[2026-10-10 15:51:21.927] [out] [delivery_module] DBG 2026-10-10 15:51:21.926+02:00 Received WakuMetadata request              topics="waku metadata" tid=19476994 remoteClusterId=ok(3) remoteShards="[5, 0, 2, 1, 4, 7, 3, 6]" localClusterId=3 localShards="[7]" peer=16Uiu2...VpJprH
[2026-10-10 15:51:22.019] [out] [delivery_module] DBG 2026-10-10 15:51:22.019+02:00 created new pubsub peer                    topics="libp2p pubsub" tid=19476994 peerId=16Uiu2...kGyuEP
[2026-10-10 15:51:22.019] [out] [delivery_module] DBG 2026-10-10 15:51:22.019+02:00 no listener registered                     tid=19476995 event=onConnectionChange
[2026-10-10 15:51:22.028] [out] [delivery_module] DBG 2026-10-10 15:51:22.028+02:00 Incoming WakuRelay connection              topics="waku relay" tid=19476994 connection=16Uiu2...kGyuEP:6aca42da23d407fd940120d7 protocol=/vac/waku/relay/2.0.0
[2026-10-10 15:51:22.038] [out] [delivery_module] DBG 2026-10-10 15:51:22.038+02:00 Received WakuMetadata request              topics="waku metadata" tid=19476994 remoteClusterId=ok(3) remoteShards="[5, 0, 2, 1, 4, 7, 3, 6]" localClusterId=3 localShards="[7]" peer=16Uiu2...NSkuby
[2026-10-10 15:51:22.041] [out] [delivery_module] DBG 2026-10-10 15:51:22.041+02:00 no listener registered                     tid=19476995 event=onConnectionChange
[2026-10-10 15:51:22.041] [out] [delivery_module] DBG 2026-10-10 15:51:22.041+02:00 created new pubsub peer                    topics="libp2p pubsub" tid=19476994 peerId=16Uiu2...T3UNSE
[2026-10-10 15:51:22.042] [out] [delivery_module] DBG 2026-10-10 15:51:22.042+02:00 Incoming WakuRelay connection              topics="waku relay" tid=19476994 connection=16Uiu2...T3UNSE:6aca42da23d407fd940120db protocol=/vac/waku/relay/2.0.0
[2026-10-10 15:51:22.411] [out] [delivery_module] DBG 2026-10-10 15:51:22.410+02:00 Event identified                           topics="waku node peer_manager" tid=19476994 peerId=16Uiu2...TwqBiH
[2026-10-10 15:51:22.411] [out] [delivery_module] DBG 2026-10-10 15:51:22.411+02:00 no listener registered                     tid=19476995 event=onConnectionChange
[2026-10-10 15:51:22.411] [out] [delivery_module] DBG 2026-10-10 15:51:22.411+02:00 Event identified                           topics="waku node peer_manager" tid=19476994 peerId=16Uiu2...P1S397
[2026-10-10 15:51:22.411] [out] [delivery_module] DBG 2026-10-10 15:51:22.411+02:00 no listener registered                     tid=19476995 event=onConnectionChange
[2026-10-10 15:51:22.951] [out] [delivery_module] DBG 2026-10-10 15:51:22.950+02:00 no listener registered                     tid=19476995 event=onConnectionChange
[2026-10-10 15:51:23.327] [out] [delivery_module] DBG 2026-10-10 15:51:23.327+02:00 no listener registered                     tid=19476995 event=onConnectionChange
[2026-10-10 15:51:23.481] [out] [delivery_module] DBG 2026-10-10 15:51:23.481+02:00 Event identified                           topics="waku node peer_manager" tid=19476994 peerId=16Uiu2...T3UNSE
[2026-10-10 15:51:23.481] [out] [delivery_module] DBG 2026-10-10 15:51:23.481+02:00 no listener registered                     tid=19476995 event=onConnectionChange
[2026-10-10 15:51:23.529] [out] [delivery_module] DBG 2026-10-10 15:51:23.529+02:00 Received WakuMetadata request              topics="waku metadata" tid=19476994 remoteClusterId=ok(3) remoteShards="[5, 0, 2, 1, 4, 7, 3, 6]" localClusterId=3 localShards="[7]" peer=16Uiu2...TwqBiH
[2026-10-10 15:51:23.529] [out] [delivery_module] DBG 2026-10-10 15:51:23.529+02:00 Received WakuMetadata request              topics="waku metadata" tid=19476994 remoteClusterId=ok(3) remoteShards="[5, 0, 2, 1, 4, 7, 3, 6]" localClusterId=3 localShards="[7]" peer=16Uiu2...P1S397
[2026-10-10 15:51:24.587] [out] [delivery_module] DBG 2026-10-10 15:51:24.587+02:00 Event identified                           topics="waku node peer_manager" tid=19476994 peerId=16Uiu2...kGyuEP
[2026-10-10 15:51:24.588] [out] [delivery_module] DBG 2026-10-10 15:51:24.588+02:00 no listener registered                     tid=19476995 event=onConnectionChange
[2026-10-10 15:51:24.597] [out] [delivery_module] DBG 2026-10-10 15:51:24.597+02:00 Received WakuMetadata request              topics="waku metadata" tid=19476994 remoteClusterId=ok(3) remoteShards="[5, 0, 2, 1, 4, 7, 3, 6]" localClusterId=3 localShards="[7]" peer=16Uiu2...T3UNSE
[2026-10-10 15:51:24.604] [out] [delivery_module] DBG 2026-10-10 15:51:24.604+02:00 no listener registered                     tid=19476995 event=onConnectionChange
[2026-10-10 15:51:24.605] [out] [delivery_module] DBG 2026-10-10 15:51:24.605+02:00 no listener registered                     tid=19476995 event=onConnectionChange
[2026-10-10 15:51:25.652] [out] [delivery_module] WRN 2026-10-10 15:51:25.652+02:00 ffi request still in flight; caller notified via RET_STALE_WARN tid=19476994 reqId=LogosdeliveryStartNodeReq elapsedMs=10000
[2026-10-10 15:51:25.760] [out] [delivery_module] DBG 2026-10-10 15:51:25.760+02:00 Received WakuMetadata request              topics="waku metadata" tid=19476994 remoteClusterId=ok(3) remoteShards="[5, 0, 2, 1, 4, 7, 3, 6]" localClusterId=3 localShards="[7]" peer=16Uiu2...kGyuEP
[2026-10-10 15:51:25.807] [out] [delivery_module] DBG 2026-10-10 15:51:25.807+02:00 no listener registered                     tid=19476995 event=onConnectionChange
[2026-10-10 15:51:26.627] [out] [delivery_module] DBG 2026-10-10 15:51:26.627+02:00 Peer dial started                          topics="libp2p dialer" tid=19476994 peerId=16Uiu2...BGbc3h addresses="[/ip4/172.20.10.14/udp/62748/quic-v1, /ip4/172.20.10.14/tcp/57735]"
[2026-10-10 15:51:26.627] [out] [delivery_module] DBG 2026-10-10 15:51:26.627+02:00 New connection established: client         tid=19476994
[2026-10-10 15:51:26.629] [out] [delivery_module] DBG 2026-10-10 15:51:26.629+02:00 Peer dial started                          topics="libp2p dialer" tid=19476994 peerId=16Uiu2...NmmnVv addresses="[/ip4/172.16.134.165/udp/60401/quic-v1, /ip4/172.16.134.165/tcp/61976, /ip4/143.105.219.245/tcp/61976]"
[2026-10-10 15:51:26.629] [out] [delivery_module] DBG 2026-10-10 15:51:26.629+02:00 New connection established: client         tid=19476994
[2026-10-10 15:51:26.630] [out] [delivery_module] DBG 2026-10-10 15:51:26.630+02:00 Peer dial started                          topics="libp2p dialer" tid=19476994 peerId=16Uiu2...C2W9C5 addresses="[/ip4/172.20.10.14/udp/49215/quic-v1, /ip4/172.20.10.14/tcp/52228]"
[2026-10-10 15:51:26.630] [out] [delivery_module] DBG 2026-10-10 15:51:26.630+02:00 New connection established: client         tid=19476994
[2026-10-10 15:51:26.630] [out] [delivery_module] DBG 2026-10-10 15:51:26.630+02:00 Peer dial started                          topics="libp2p dialer" tid=19476994 peerId=16Uiu2...3H7QUd addresses="[/ip4/172.20.10.14/udp/52662/quic-v1, /ip4/172.20.10.14/tcp/52206]"
[2026-10-10 15:51:26.631] [out] [delivery_module] DBG 2026-10-10 15:51:26.631+02:00 New connection established: client         tid=19476994
[2026-10-10 15:51:26.631] [out] [delivery_module] DBG 2026-10-10 15:51:26.631+02:00 Peer dial started                          topics="libp2p dialer" tid=19476994 peerId=16Uiu2...JuYMPY addresses="[/ip4/172.20.10.14/udp/53720/quic-v1, /ip4/172.20.10.14/tcp/52306]"
[2026-10-10 15:51:26.631] [out] [delivery_module] DBG 2026-10-10 15:51:26.631+02:00 New connection established: client         tid=19476994
[2026-10-10 15:51:26.633] [out] [delivery_module] DBG 2026-10-10 15:51:26.633+02:00 Peer dial started                          topics="libp2p dialer" tid=19476994 peerId=16Uiu2...sR6GDs addresses="[/ip4/100.126.175.80/udp/56339/quic-v1, /ip4/100.126.175.80/tcp/49964]"
[2026-10-10 15:51:26.633] [out] [delivery_module] DBG 2026-10-10 15:51:26.633+02:00 New connection established: client         tid=19476994
[2026-10-10 15:51:26.634] [out] [delivery_module] DBG 2026-10-10 15:51:26.633+02:00 Peer dial started                          topics="libp2p dialer" tid=19476994 peerId=16Uiu2...HZTWbR addresses="[/ip4/172.20.10.14/udp/56528/quic-v1, /ip4/172.20.10.14/tcp/57915]"
[2026-10-10 15:51:26.634] [out] [delivery_module] DBG 2026-10-10 15:51:26.634+02:00 New connection established: client         tid=19476994
[2026-10-10 15:51:26.636] [out] [delivery_module] DBG 2026-10-10 15:51:26.636+02:00 Peer dial started                          topics="libp2p dialer" tid=19476994 peerId=16Uiu2...BjtNZZ addresses=[/ip4/173.42.114.210/tcp/46341]
[2026-10-10 15:51:26.636] [out] [delivery_module] DBG 2026-10-10 15:51:26.636+02:00 Peer dial started                          topics="libp2p dialer" tid=19476994 peerId=16Uiu2...s3TSyR addresses="[/ip4/172.20.10.14/udp/63140/quic-v1, /ip4/172.20.10.14/tcp/57736]"
[2026-10-10 15:51:26.636] [out] [delivery_module] DBG 2026-10-10 15:51:26.636+02:00 New connection established: client         tid=19476994
[2026-10-10 15:51:26.637] [out] [delivery_module] DBG 2026-10-10 15:51:26.637+02:00 Peer dial started                          topics="libp2p dialer" tid=19476994 peerId=16Uiu2...Gas9Zu addresses="[/ip4/172.20.10.14/udp/58926/quic-v1, /ip4/172.20.10.14/tcp/52205]"
[2026-10-10 15:51:26.637] [out] [delivery_module] DBG 2026-10-10 15:51:26.637+02:00 New connection established: client         tid=19476994
[2026-10-10 15:51:26.637] [out] [delivery_module] DBG 2026-10-10 15:51:26.637+02:00 Peer dial started                          topics="libp2p dialer" tid=19476994 peerId=16Uiu2...bHQ8Hg addresses="[/ip4/172.20.10.14/udp/57136/quic-v1, /ip4/172.20.10.14/tcp/52288]"
[2026-10-10 15:51:26.637] [out] [delivery_module] DBG 2026-10-10 15:51:26.637+02:00 New connection established: client         tid=19476994
[2026-10-10 15:51:26.898] [out] [delivery_module] DBG 2026-10-10 15:51:26.898+02:00 no listener registered                     tid=19476995 event=onConnectionChange
[2026-10-10 15:51:26.899] [out] [delivery_module] DBG 2026-10-10 15:51:26.899+02:00 Finished dialing multiple peers            tid=19476994 successfulConns=6 attempted=6
[2026-10-10 15:51:26.899] [out] [delivery_module] DBG 2026-10-10 15:51:26.899+02:00 Dialing multiple peers                     topics="waku node peer_manager" tid=19476994 numOfPeers=10 nodes="@[16Uiu2HAm7uc7YVTuYjmzK9GjneLZtCRWGqJv4BXfJhCR7dBjtNZZ, 16Uiu2HAmUPi43VSrBqCKDwJRYXyR4QvoK5dq35zKgN8CWgHZTWbR, 16Uiu2HAmDxFW65dZVPRDVknRWBzq4XjYHeWT3uc9rEzXpx3H7QUd, 16Uiu2HAmJNrJiCcwCCpBL47CYGnAtsfxPBz3ta8Yb4BzUqC2W9C5, 16Uiu2HAm4mBUgFqkwfcuxo9zTsXDDfh33SrXo3LgHdgyG9sR6GDs, 16Uiu2HAm4pwESJJjm9qDBo6jj7vxbBTXfu2rqbZ4y9MDiAJuYMPY, 16Uiu2HAmUUJaxzkjLqJtAsUJFADKn88qE1EYHUnzvhJWwPBGbc3h, 16Uiu2HAmVfTJLvFx1TDN2nRMJV4gc9xATd7PhmA3mD65AXGas9Zu, 16Uiu2HAm1MeL9HxBACouZAWXsHDmSwVU2VcV6VZ3UXp1qNNmmnVv, 16Uiu2HAmFRyUMY6bBFLzSuAm9C1CqEj7Dm8Yvv5cRsLLPXbHQ8Hg]"
[2026-10-10 15:51:26.899] [out] [delivery_module] INF 2026-10-10 15:51:26.899+02:00 Relay peer connections                     topics="waku node peer_manager" tid=19476994 inRelayConns=0/50 outRelayConns=6/25 totalConnections=6/150 notConnectedPeers=11 outsideBackoffPeers=11
[2026-10-10 15:51:26.901] [out] [delivery_module] DBG 2026-10-10 15:51:26.901+02:00 ENR addresses updated                      topics="waku enr" tid=19476994 retained=0 total=0
[2026-10-10 15:51:26.901] [out] [delivery_module] DBG 2026-10-10 15:51:26.901+02:00 Subscribing to pubsub topic                topics="waku relay" tid=19476994 pubsubTopic=/waku/2/rs/3/0
[2026-10-10 15:51:26.901] [out] [delivery_module] DBG 2026-10-10 15:51:26.901+02:00 peer filtering updated                     topics="waku discv5" tid=19476994
[2026-10-10 15:51:26.901] [out] [delivery_module] DBG 2026-10-10 15:51:26.901+02:00 ENR shards updated                         topics="waku discv5" tid=19476994 enrUri=enr:-K24QHPxLg7zLYiSYbZ0ZGTUv9MAbh5PaQB5esPEq7jGogIqKMyltAsbc4V-toIji22bLCZH0Z_qHGBvjKntxjNtf8gHgmlkgnY0im11bHRpYWRkcnOAgnJzkwADCAAAAAEAAgADAAQABQAGAAeJc2VjcDI1NmsxoQMK6pWs2g3zHkWCCe60BrevTdD14j8UH1NX7GmwNHgbFIN0Y3CC5TmDdWRwgtVwhXdha3UyLQ add=true
[2026-10-10 15:51:26.901] [out] [delivery_module] DBG 2026-10-10 15:51:26.901+02:00 Subscribing to pubsub topic                topics="waku relay" tid=19476994 pubsubTopic=/waku/2/rs/3/1
[2026-10-10 15:51:26.901] [out] [delivery_module] DBG 2026-10-10 15:51:26.901+02:00 peer filtering updated                     topics="waku discv5" tid=19476994
[2026-10-10 15:51:26.901] [out] [delivery_module] DBG 2026-10-10 15:51:26.901+02:00 ENR shards updated                         topics="waku discv5" tid=19476994 enrUri=enr:-K24QBN7t839C7WtQ56I_kieGaRoXUxoi-KLglhukjG6b3qGXBlejTJLZY6LNf_q-jDTya1lICUsUWoP6yLaytpjOEoIgmlkgnY0im11bHRpYWRkcnOAgnJzkwADCAAAAAEAAgADAAQABQAGAAeJc2VjcDI1NmsxoQMK6pWs2g3zHkWCCe60BrevTdD14j8UH1NX7GmwNHgbFIN0Y3CC5TmDdWRwgtVwhXdha3UyLQ add=true
[2026-10-10 15:51:26.901] [out] [delivery_module] DBG 2026-10-10 15:51:26.901+02:00 Subscribing to pubsub topic                topics="waku relay" tid=19476994 pubsubTopic=/waku/2/rs/3/2
[2026-10-10 15:51:26.902] [out] [delivery_module] DBG 2026-10-10 15:51:26.902+02:00 peer filtering updated                     topics="waku discv5" tid=19476994
[2026-10-10 15:51:26.902] [out] [delivery_module] DBG 2026-10-10 15:51:26.902+02:00 ENR shards updated                         topics="waku discv5" tid=19476994 enrUri=enr:-K24QJ_MX_P9cSq6ixayq7ADXwCyeX3FDK88jqc-lQcBENhiVFUFolv7349tX1VZcJkMWi4bV_z5wnG8vMEhmWpphNkJgmlkgnY0im11bHRpYWRkcnOAgnJzkwADCAAAAAEAAgADAAQABQAGAAeJc2VjcDI1NmsxoQMK6pWs2g3zHkWCCe60BrevTdD14j8UH1NX7GmwNHgbFIN0Y3CC5TmDdWRwgtVwhXdha3UyLQ add=true
[2026-10-10 15:51:26.902] [out] [delivery_module] DBG 2026-10-10 15:51:26.902+02:00 Subscribing to pubsub topic                topics="waku relay" tid=19476994 pubsubTopic=/waku/2/rs/3/3
[2026-10-10 15:51:26.902] [out] [delivery_module] DBG 2026-10-10 15:51:26.902+02:00 peer filtering updated                     topics="waku discv5" tid=19476994
[2026-10-10 15:51:26.902] [out] [delivery_module] DBG 2026-10-10 15:51:26.902+02:00 ENR shards updated                         topics="waku discv5" tid=19476994 enrUri=enr:-K24QDk5C8XHg2pIRRADruhTT-BsNDZha45qDXck9iJNBkXRKAsAbE73T2YCdeEDrp9R_7zt6HvYJqPKPH9J57KVSEAKgmlkgnY0im11bHRpYWRkcnOAgnJzkwADCAAAAAEAAgADAAQABQAGAAeJc2VjcDI1NmsxoQMK6pWs2g3zHkWCCe60BrevTdD14j8UH1NX7GmwNHgbFIN0Y3CC5TmDdWRwgtVwhXdha3UyLQ add=true
[2026-10-10 15:51:26.902] [out] [delivery_module] DBG 2026-10-10 15:51:26.902+02:00 Subscribing to pubsub topic                topics="waku relay" tid=19476994 pubsubTopic=/waku/2/rs/3/4
[2026-10-10 15:51:26.902] [out] [delivery_module] DBG 2026-10-10 15:51:26.902+02:00 peer filtering updated                     topics="waku discv5" tid=19476994
[2026-10-10 15:51:26.902] [out] [delivery_module] DBG 2026-10-10 15:51:26.902+02:00 ENR shards updated                         topics="waku discv5" tid=19476994 enrUri=enr:-K24QA7uFUAluFuMd2Ox4ZA-GhMO-oba6I5RghE_z1A7IWJHIB7KPvtClgZFXtbuuJ08NPnxV4r1GKaqGfMaaHvmu2MLgmlkgnY0im11bHRpYWRkcnOAgnJzkwADCAAAAAEAAgADAAQABQAGAAeJc2VjcDI1NmsxoQMK6pWs2g3zHkWCCe60BrevTdD14j8UH1NX7GmwNHgbFIN0Y3CC5TmDdWRwgtVwhXdha3UyLQ add=true
[2026-10-10 15:51:26.902] [out] [delivery_module] DBG 2026-10-10 15:51:26.902+02:00 Subscribing to pubsub topic                topics="waku relay" tid=19476994 pubsubTopic=/waku/2/rs/3/5
[2026-10-10 15:51:26.903] [out] [delivery_module] DBG 2026-10-10 15:51:26.903+02:00 peer filtering updated                     topics="waku discv5" tid=19476994
[2026-10-10 15:51:26.903] [out] [delivery_module] DBG 2026-10-10 15:51:26.903+02:00 ENR shards updated                         topics="waku discv5" tid=19476994 enrUri=enr:-K24QBkTNYqTU1ZaNnuxd4oCohox3wGkxbRX6bedpdkm6SqCHWD_uoaCLjyuB-K4uGILD0og1Zaxg0xZrzEpDiHtLJMMgmlkgnY0im11bHRpYWRkcnOAgnJzkwADCAAAAAEAAgADAAQABQAGAAeJc2VjcDI1NmsxoQMK6pWs2g3zHkWCCe60BrevTdD14j8UH1NX7GmwNHgbFIN0Y3CC5TmDdWRwgtVwhXdha3UyLQ add=true
[2026-10-10 15:51:26.903] [out] [delivery_module] DBG 2026-10-10 15:51:26.903+02:00 Subscribing to pubsub topic                topics="waku relay" tid=19476994 pubsubTopic=/waku/2/rs/3/6
[2026-10-10 15:51:26.903] [out] [delivery_module] DBG 2026-10-10 15:51:26.903+02:00 peer filtering updated                     topics="waku discv5" tid=19476994
[2026-10-10 15:51:26.903] [out] [delivery_module] DBG 2026-10-10 15:51:26.903+02:00 ENR shards updated                         topics="waku discv5" tid=19476994 enrUri=enr:-K24QFZdvPAEmia8LGW9lFYsFJ-cuK58UOAeq8HVAJf-r5fRXne9GP-wV4nK6utsG_lREUhvuigCWDekkDygSJBbWlwNgmlkgnY0im11bHRpYWRkcnOAgnJzkwADCAAAAAEAAgADAAQABQAGAAeJc2VjcDI1NmsxoQMK6pWs2g3zHkWCCe60BrevTdD14j8UH1NX7GmwNHgbFIN0Y3CC5TmDdWRwgtVwhXdha3UyLQ add=true
[2026-10-10 15:51:26.903] [out] [delivery_module] NTC 2026-10-10 15:51:26.903+02:00 ENR carries no reachable host, so peers cannot dial this node. Set --nat, --ext-ip, --dns4-domain-name or --ext-multiaddr to advertise one topics="wakunode waku" tid=19476994
[2026-10-10 15:51:26.903] [out] [delivery_module] DBG 2026-10-10 15:51:26.903+02:00 Register interest                          topics="service-disco discoverer" tid=19476994 service=/logos/delivery serviceId=e6738033b5d4...cb0431b2f5d8
[2026-10-10 15:51:26.903] [out] [delivery_module] DBG 2026-10-10 15:51:26.903+02:00 Added service to discover                  topics="waku service discovery" tid=19476994 service=/logos/delivery
[2026-10-10 15:51:26.904] [out] [delivery_module] DBG 2026-10-10 15:51:26.904+02:00 Added provided service                     topics="service-disco advertiser" tid=19476994 service=/logos/delivery serviceId=e6738033b5d4...cb0431b2f5d8
[2026-10-10 15:51:26.905] [out] [delivery_module] DBG 2026-10-10 15:51:26.905+02:00 Cannot insert self in routing table        topics="kad-dht rtable" tid=19476994 nodeId=002508021221...69b034781b14
[2026-10-10 15:51:26.905] [out] [delivery_module] DBG 2026-10-10 15:51:26.905+02:00 Added service to advertise                 topics="waku service discovery" tid=19476994 service=/logos/delivery
[2026-10-10 15:51:26.905] [out] [delivery_module] INF 2026-10-10 15:51:26.905+02:00 advertising this node on the delivery network topics="waku discovery advertise" tid=19476994 backend=service protocols="[/vac/waku/relay/2.0.0, /vac/waku/filter-subscribe/2.0.0-beta1, /vac/waku/lightpush/3.0.0, /mix/1.0.0]"
[2026-10-10 15:51:26.905] [out] [delivery_module] DBG 2026-10-10 15:51:26.905+02:00 Register interest                          topics="service-disco discoverer" tid=19476994 service=/mix/1.0.0 serviceId=913b5c5dbe69...6f90568cea40
[2026-10-10 15:51:26.906] [out] [delivery_module] DBG 2026-10-10 15:51:26.906+02:00 Added service to discover                  topics="waku service discovery" tid=19476994 service=/mix/1.0.0
[2026-10-10 15:51:26.906] [out] [delivery_module] DBG 2026-10-10 15:51:26.906+02:00 Added provided service                     topics="service-disco advertiser" tid=19476994 service=/mix/1.0.0 serviceId=913b5c5dbe69...6f90568cea40
[2026-10-10 15:51:26.906] [out] [delivery_module] DBG 2026-10-10 15:51:26.906+02:00 Added service to advertise                 topics="waku service discovery" tid=19476994 service=/mix/1.0.0
[2026-10-10 15:51:26.906] [out] [delivery_module] INF 2026-10-10 15:51:26.906+02:00 advertising this node as a mix node        topics="waku discovery advertise" tid=19476994 backend=service
[2026-10-10 15:51:26.907] [out] [delivery_module] INF 2026-10-10 15:51:26.907+02:00 Node is online                             topics="waku online monitor" tid=19476994
[2026-10-10 15:51:26.907] [out] [delivery_module] INF 2026-10-10 15:51:26.907+02:00 Health monitor loop start                  tid=19476994
[2026-10-10 15:51:26.908] [out] [delivery_module] DBG 2026-10-10 15:51:26.908+02:00 calculateConnectionState                   tid=19476994 relayCount=6 storeClientCount=6 lightpushCount=6 filterCount=6
[2026-10-10 15:51:26.908] [out] [delivery_module] DBG 2026-10-10 15:51:26.908+02:00 connectionStatus change                    tid=19476994 oldstatus=Disconnected newstatus=Connected
[2026-10-10 15:51:26.908] [out] [delivery_module] INF 2026-10-10 15:51:26.908+02:00 starting keepalive                         tid=19476994 randomPeersKeepalive=10s allPeersKeepalive=2m
[2026-10-10 15:51:26.908] [out] [delivery_module] DBG 2026-10-10 15:51:26.908+02:00 no listener registered                     tid=19476995 event=onTopicHealthChange
[2026-10-10 15:51:26.908] [out] [delivery_module] DBG 2026-10-10 15:51:26.908+02:00 no listener registered                     tid=19476995 event=onTopicHealthChange
[2026-10-10 15:51:26.908] [out] [delivery_module] DBG 2026-10-10 15:51:26.908+02:00 no listener registered                     tid=19476995 event=onTopicHealthChange
[2026-10-10 15:51:26.908] [out] [delivery_module] DBG 2026-10-10 15:51:26.908+02:00 no listener registered                     tid=19476995 event=onTopicHealthChange
[2026-10-10 15:51:26.908] [out] [delivery_module] DBG 2026-10-10 15:51:26.908+02:00 no listener registered                     tid=19476995 event=onTopicHealthChange
[2026-10-10 15:51:26.908] [out] [delivery_module] DBG 2026-10-10 15:51:26.908+02:00 no listener registered                     tid=19476995 event=onTopicHealthChange
[2026-10-10 15:51:26.908] [out] [delivery_module] DBG 2026-10-10 15:51:26.908+02:00 no listener registered                     tid=19476995 event=onTopicHealthChange
[2026-10-10 15:51:27.010] [out] [delivery_module] DBG 2026-10-10 15:51:27.010+02:00 calculateConnectionState                   tid=19476994 relayCount=6 storeClientCount=6 lightpushCount=6 filterCount=6
[2026-10-10 15:51:27.657] [out] [delivery_module] DBG 2026-10-10 15:51:27.657+02:00 calculateConnectionState                   tid=19476994 relayCount=6 storeClientCount=6 lightpushCount=6 filterCount=6
[2026-10-10 15:51:29.238] [out] [delivery_module] INF 2026-10-10 15:51:29.237+02:00 Message received                           tid=19476994 msg_hash=0x54f575b7f4ba09686a05cd3a4a8051a8b76faab246236a840901791a4cf6cb70 contentTopic=/lp0026forum/1/general/text pubsubTopic=/waku/2/rs/3/7 source=history
[2026-10-10 15:51:29.641] [out] [delivery_module] DBG 2026-10-10 15:51:29.641+02:00 Address dial failed                        topics="libp2p dialer" tid=19476994 err="quic dial timed out after 3s" peerId=16Uiu2...BGbc3h address=/ip4/172.20.10.14/udp/62748/quic-v1 hostname=172.20.10.14
[2026-10-10 15:51:29.641] [out] [delivery_module] DBG 2026-10-10 15:51:29.641+02:00 Address dial failed                        topics="libp2p dialer" tid=19476994 err="quic dial timed out after 3s" peerId=16Uiu2...NmmnVv address=/ip4/172.16.134.165/udp/60401/quic-v1 hostname=172.16.134.165
[2026-10-10 15:51:29.641] [out] [delivery_module] DBG 2026-10-10 15:51:29.641+02:00 Address dial failed                        topics="libp2p dialer" tid=19476994 err="quic dial timed out after 3s" peerId=16Uiu2...C2W9C5 address=/ip4/172.20.10.14/udp/49215/quic-v1 hostname=172.20.10.14
[2026-10-10 15:51:29.641] [out] [delivery_module] DBG 2026-10-10 15:51:29.641+02:00 Address dial failed                        topics="libp2p dialer" tid=19476994 err="quic dial timed out after 3s" peerId=16Uiu2...3H7QUd address=/ip4/172.20.10.14/udp/52662/quic-v1 hostname=172.20.10.14
[2026-10-10 15:51:29.641] [out] [delivery_module] DBG 2026-10-10 15:51:29.641+02:00 Address dial failed                        topics="libp2p dialer" tid=19476994 err="quic dial timed out after 3s" peerId=16Uiu2...JuYMPY address=/ip4/172.20.10.14/udp/53720/quic-v1 hostname=172.20.10.14
[2026-10-10 15:51:29.641] [out] [delivery_module] DBG 2026-10-10 15:51:29.641+02:00 Address dial failed                        topics="libp2p dialer" tid=19476994 err="quic dial timed out after 3s" peerId=16Uiu2...sR6GDs address=/ip4/100.126.175.80/udp/56339/quic-v1 hostname=100.126.175.80
[2026-10-10 15:51:29.641] [out] [delivery_module] DBG 2026-10-10 15:51:29.641+02:00 Address dial failed                        topics="libp2p dialer" tid=19476994 err="quic dial timed out after 3s" peerId=16Uiu2...HZTWbR address=/ip4/172.20.10.14/udp/56528/quic-v1 hostname=172.20.10.14
[2026-10-10 15:51:29.641] [out] [delivery_module] DBG 2026-10-10 15:51:29.641+02:00 Address dial failed                        topics="libp2p dialer" tid=19476994 err="quic dial timed out after 3s" peerId=16Uiu2...s3TSyR address=/ip4/172.20.10.14/udp/63140/quic-v1 hostname=172.20.10.14
[2026-10-10 15:51:29.641] [out] [delivery_module] DBG 2026-10-10 15:51:29.641+02:00 Address dial failed                        topics="libp2p dialer" tid=19476994 err="quic dial timed out after 3s" peerId=16Uiu2...Gas9Zu address=/ip4/172.20.10.14/udp/58926/quic-v1 hostname=172.20.10.14
[2026-10-10 15:51:29.641] [out] [delivery_module] DBG 2026-10-10 15:51:29.641+02:00 Address dial failed                        topics="libp2p dialer" tid=19476994 err="quic dial timed out after 3s" peerId=16Uiu2...bHQ8Hg address=/ip4/172.20.10.14/udp/57136/quic-v1 hostname=172.20.10.14
[2026-10-10 15:51:29.643] [out] [delivery_module] DBG 2026-10-10 15:51:29.643+02:00 Address dial failed                        topics="libp2p dialer" tid=19476994 err="TcpTransport dial error: (61) Connection refused" peerId=16Uiu2...BGbc3h address=/ip4/172.20.10.14/tcp/57735 hostname=172.20.10.14
[2026-10-10 15:51:29.643] [out] [delivery_module] DBG 2026-10-10 15:51:29.643+02:00 Address dial failed                        topics="libp2p dialer" tid=19476994 err="TcpTransport dial error: (61) Connection refused" peerId=16Uiu2...C2W9C5 address=/ip4/172.20.10.14/tcp/52228 hostname=172.20.10.14
[2026-10-10 15:51:29.643] [out] [delivery_module] DBG 2026-10-10 15:51:29.643+02:00 Address dial failed                        topics="libp2p dialer" tid=19476994 err="TcpTransport dial error: (61) Connection refused" peerId=16Uiu2...3H7QUd address=/ip4/172.20.10.14/tcp/52206 hostname=172.20.10.14
[2026-10-10 15:51:29.643] [out] [delivery_module] DBG 2026-10-10 15:51:29.643+02:00 Address dial failed                        topics="libp2p dialer" tid=19476994 err="TcpTransport dial error: (61) Connection refused" peerId=16Uiu2...JuYMPY address=/ip4/172.20.10.14/tcp/52306 hostname=172.20.10.14
[2026-10-10 15:51:29.643] [out] [delivery_module] DBG 2026-10-10 15:51:29.643+02:00 Address dial failed                        topics="libp2p dialer" tid=19476994 err="TcpTransport dial error: (61) Connection refused" peerId=16Uiu2...HZTWbR address=/ip4/172.20.10.14/tcp/57915 hostname=172.20.10.14
[2026-10-10 15:51:29.643] [out] [delivery_module] DBG 2026-10-10 15:51:29.643+02:00 Address dial failed                        topics="libp2p dialer" tid=19476994 err="TcpTransport dial error: (61) Connection refused" peerId=16Uiu2...s3TSyR address=/ip4/172.20.10.14/tcp/57736 hostname=172.20.10.14
[2026-10-10 15:51:29.643] [out] [delivery_module] DBG 2026-10-10 15:51:29.643+02:00 Address dial failed                        topics="libp2p dialer" tid=19476994 err="TcpTransport dial error: (61) Connection refused" peerId=16Uiu2...Gas9Zu address=/ip4/172.20.10.14/tcp/52205 hostname=172.20.10.14
[2026-10-10 15:51:29.643] [out] [delivery_module] DBG 2026-10-10 15:51:29.643+02:00 Address dial failed                        topics="libp2p dialer" tid=19476994 err="TcpTransport dial error: (61) Connection refused" peerId=16Uiu2...bHQ8Hg address=/ip4/172.20.10.14/tcp/52288 hostname=172.20.10.14
[2026-10-10 15:51:29.643] [out] [delivery_module] DBG 2026-10-10 15:51:29.643+02:00 Protocol stream establishment failed       topics="libp2p dialer" tid=19476994 err="Unable to establish outgoing link in establishConnection: peer_id=16Uiu2...BGbc3h addrs=[/ip4/172.20.10.14/udp/62748/quic-v1, /ip4/172.20.10.14/tcp/57735]" peerId=16Uiu2...BGbc3h protocols="[/logos/service-discovery/1.0.0]" addresses="[/ip4/172.20.10.14/udp/62748/quic-v1, /ip4/172.20.10.14/tcp/57735]" conn=nil
[2026-10-10 15:51:29.643] [out] [delivery_module] DBG 2026-10-10 15:51:29.643+02:00 Protocol stream establishment failed       topics="libp2p dialer" tid=19476994 err="Unable to establish outgoing link in establishConnection: peer_id=16Uiu2...C2W9C5 addrs=[/ip4/172.20.10.14/udp/49215/quic-v1, /ip4/172.20.10.14/tcp/52228]" peerId=16Uiu2...C2W9C5 protocols="[/logos/service-discovery/1.0.0]" addresses="[/ip4/172.20.10.14/udp/49215/quic-v1, /ip4/172.20.10.14/tcp/52228]" conn=nil
[2026-10-10 15:51:29.643] [out] [delivery_module] DBG 2026-10-10 15:51:29.643+02:00 Protocol stream establishment failed       topics="libp2p dialer" tid=19476994 err="Unable to establish outgoing link in establishConnection: peer_id=16Uiu2...3H7QUd addrs=[/ip4/172.20.10.14/udp/52662/quic-v1, /ip4/172.20.10.14/tcp/52206]" peerId=16Uiu2...3H7QUd protocols="[/logos/service-discovery/1.0.0]" addresses="[/ip4/172.20.10.14/udp/52662/quic-v1, /ip4/172.20.10.14/tcp/52206]" conn=nil
[2026-10-10 15:51:29.643] [out] [delivery_module] DBG 2026-10-10 15:51:29.643+02:00 Protocol stream establishment failed       topics="libp2p dialer" tid=19476994 err="Unable to establish outgoing link in establishConnection: peer_id=16Uiu2...JuYMPY addrs=[/ip4/172.20.10.14/udp/53720/quic-v1, /ip4/172.20.10.14/tcp/52306]" peerId=16Uiu2...JuYMPY protocols="[/logos/service-discovery/1.0.0]" addresses="[/ip4/172.20.10.14/udp/53720/quic-v1, /ip4/172.20.10.14/tcp/52306]" conn=nil
[2026-10-10 15:51:29.643] [out] [delivery_module] DBG 2026-10-10 15:51:29.643+02:00 Protocol stream establishment failed       topics="libp2p dialer" tid=19476994 err="Unable to establish outgoing link in establishConnection: peer_id=16Uiu2...HZTWbR addrs=[/ip4/172.20.10.14/udp/56528/quic-v1, /ip4/172.20.10.14/tcp/57915]" peerId=16Uiu2...HZTWbR protocols="[/logos/service-discovery/1.0.0]" addresses="[/ip4/172.20.10.14/udp/56528/quic-v1, /ip4/172.20.10.14/tcp/57915]" conn=nil
[2026-10-10 15:51:29.643] [out] [delivery_module] DBG 2026-10-10 15:51:29.643+02:00 Protocol stream establishment failed       topics="libp2p dialer" tid=19476994 err="Unable to establish outgoing link in establishConnection: peer_id=16Uiu2...s3TSyR addrs=[/ip4/172.20.10.14/udp/63140/quic-v1, /ip4/172.20.10.14/tcp/57736]" peerId=16Uiu2...s3TSyR protocols="[/logos/service-discovery/1.0.0]" addresses="[/ip4/172.20.10.14/udp/63140/quic-v1, /ip4/172.20.10.14/tcp/57736]" conn=nil
[2026-10-10 15:51:29.643] [out] [delivery_module] DBG 2026-10-10 15:51:29.643+02:00 Protocol stream establishment failed       topics="libp2p dialer" tid=19476994 err="Unable to establish outgoing link in establishConnection: peer_id=16Uiu2...Gas9Zu addrs=[/ip4/172.20.10.14/udp/58926/quic-v1, /ip4/172.20.10.14/tcp/52205]" peerId=16Uiu2...Gas9Zu protocols="[/logos/service-discovery/1.0.0]" addresses="[/ip4/172.20.10.14/udp/58926/quic-v1, /ip4/172.20.10.14/tcp/52205]" conn=nil
[2026-10-10 15:51:29.643] [out] [delivery_module] DBG 2026-10-10 15:51:29.643+02:00 Peer dial started                          topics="libp2p dialer" tid=19476994 peerId=16Uiu2...BGbc3h addresses="[/ip4/172.20.10.14/udp/62748/quic-v1, /ip4/172.20.10.14/tcp/57735]"
[2026-10-10 15:51:29.644] [out] [delivery_module] DBG 2026-10-10 15:51:29.644+02:00 New connection established: client         tid=19476994
[2026-10-10 15:51:29.644] [out] [delivery_module] DBG 2026-10-10 15:51:29.644+02:00 Peer dial started                          topics="libp2p dialer" tid=19476994 peerId=16Uiu2...C2W9C5 addresses="[/ip4/172.20.10.14/udp/49215/quic-v1, /ip4/172.20.10.14/tcp/52228]"
[2026-10-10 15:51:29.644] [out] [delivery_module] DBG 2026-10-10 15:51:29.644+02:00 New connection established: client         tid=19476994
[2026-10-10 15:51:29.644] [out] [delivery_module] DBG 2026-10-10 15:51:29.644+02:00 Peer dial started                          topics="libp2p dialer" tid=19476994 peerId=16Uiu2...3H7QUd addresses="[/ip4/172.20.10.14/udp/52662/quic-v1, /ip4/172.20.10.14/tcp/52206]"
[2026-10-10 15:51:29.644] [out] [delivery_module] DBG 2026-10-10 15:51:29.644+02:00 New connection established: client         tid=19476994
[2026-10-10 15:51:29.644] [out] [delivery_module] DBG 2026-10-10 15:51:29.644+02:00 Peer dial started                          topics="libp2p dialer" tid=19476994 peerId=16Uiu2...JuYMPY addresses="[/ip4/172.20.10.14/udp/53720/quic-v1, /ip4/172.20.10.14/tcp/52306]"
[2026-10-10 15:51:29.645] [out] [delivery_module] DBG 2026-10-10 15:51:29.645+02:00 New connection established: client         tid=19476994
[2026-10-10 15:51:29.645] [out] [delivery_module] DBG 2026-10-10 15:51:29.645+02:00 Peer dial started                          topics="libp2p dialer" tid=19476994 peerId=16Uiu2...HZTWbR addresses="[/ip4/172.20.10.14/udp/56528/quic-v1, /ip4/172.20.10.14/tcp/57915]"
[2026-10-10 15:51:29.645] [out] [delivery_module] DBG 2026-10-10 15:51:29.645+02:00 New connection established: client         tid=19476994
[2026-10-10 15:51:29.645] [out] [delivery_module] DBG 2026-10-10 15:51:29.645+02:00 Peer dial started                          topics="libp2p dialer" tid=19476994 peerId=16Uiu2...Gas9Zu addresses="[/ip4/172.20.10.14/udp/58926/quic-v1, /ip4/172.20.10.14/tcp/52205]"
[2026-10-10 15:51:29.645] [out] [delivery_module] DBG 2026-10-10 15:51:29.645+02:00 New connection established: client         tid=19476994
[2026-10-10 15:51:29.645] [out] [delivery_module] DBG 2026-10-10 15:51:29.645+02:00 Protocol stream establishment failed       topics="libp2p dialer" tid=19476994 err="Unable to establish outgoing link in establishConnection: peer_id=16Uiu2...bHQ8Hg addrs=[/ip4/172.20.10.14/udp/57136/quic-v1, /ip4/172.20.10.14/tcp/52288]" peerId=16Uiu2...bHQ8Hg protocols="[/logos/service-discovery/1.0.0]" addresses="[/ip4/172.20.10.14/udp/57136/quic-v1, /ip4/172.20.10.14/tcp/52288]" conn=nil
[2026-10-10 15:51:29.645] [out] [delivery_module] DBG 2026-10-10 15:51:29.645+02:00 Peer dial started                          topics="libp2p dialer" tid=19476994 peerId=16Uiu2...bHQ8Hg addresses="[/ip4/172.20.10.14/udp/57136/quic-v1, /ip4/172.20.10.14/tcp/52288]"
[2026-10-10 15:51:29.646] [out] [delivery_module] DBG 2026-10-10 15:51:29.646+02:00 New connection established: client         tid=19476994
[2026-10-10 15:51:29.646] [out] [delivery_module] DBG 2026-10-10 15:51:29.646+02:00 Peer dial started                          topics="libp2p dialer" tid=19476994 peerId=16Uiu2...s3TSyR addresses="[/ip4/172.20.10.14/udp/63140/quic-v1, /ip4/172.20.10.14/tcp/57736]"
[2026-10-10 15:51:29.647] [out] [delivery_module] DBG 2026-10-10 15:51:29.647+02:00 New connection established: client         tid=19476994
[2026-10-10 15:51:29.681] [info] [logos] [delivery_module] DeliveryModuleImpl::storeQuery called with peerAddr: /dns4/delivery-01.do-ams3.logos.dev.status.im/tcp/30303/p2p/16Uiu2HAmTUbnxLGT9JvV6mu9oPyDjqHK4Phs1VDJNUgESgNSkuby
[2026-10-10 15:51:30.878] [out] [delivery_module] DBG 2026-10-10 15:51:30.878+02:00 created new pubsub peer                    topics="libp2p pubsub" tid=19476994 peerId=16Uiu2...BjtNZZ
[2026-10-10 15:51:30.878] [out] [delivery_module] DBG 2026-10-10 15:51:30.878+02:00 no listener registered                     tid=19476995 event=onConnectionChange
[2026-10-10 15:51:30.881] [out] [delivery_module] DBG 2026-10-10 15:51:30.881+02:00 calculateConnectionState                   tid=19476994 relayCount=6 storeClientCount=6 lightpushCount=6 filterCount=6
[2026-10-10 15:51:30.881] [out] [delivery_module] DBG 2026-10-10 15:51:30.881+02:00 Incoming WakuRelay connection              topics="waku relay" tid=19476994 connection=16Uiu2...BjtNZZ:6aca42e223d407fd94012116 protocol=/vac/waku/relay/2.0.0
[QmlInspector] Client disconnected
