run-logos-standalone-ui: hot-reloading QML from <repo>/src/qml
  (export DEV_QML_PATH to override, or LOGOS_QML_HOT_RELOAD=0 to disable)
Session directory: "~/Library/Application Support/Logos/LogosStandalone"
[2026-10-10 16:13:45.673] [info] [logos] Granting host services to 'capability_module': token_registry,token_delivery
[2026-10-10 16:13:45.705] [out] [capability_module] [2026-10-10 16:13:45.704] [info] Granting host services to capability_module: ["token_registry","token_delivery"]
RemoteTransportConnection: Connecting to registry: "local:logos_capability_module_110f72bf6864" at "16:13:45.706"
RemoteTransportConnection: Registry connect attempt started (no peer contact yet): "local:logos_capability_module_110f72bf6864"
LogosAPIConsumer: Informing module token for module: "capability_module" with token: "redacted:1e6c0f86…"
RemoteTransportConnection: Requesting object: "capability_module" at "16:13:45.706"
[LogosObject] RemoteTransportConnection: returning RemoteLogosObject for: "capability_module"
[LogosObject] Created RemoteLogosObject wrapping QRemoteObjectReplica 105553161520736
[LogosObject] LogosAPIConsumer: calling LogosObject::informModuleToken for "capability_module"
LogosAPIConsumer: informModuleToken completed with result: true
[LogosObject] Destroying RemoteLogosObject 0
[2026-10-10 16:13:45.729] [info] [logos] Module loaded: capability_module
LogosAPIConsumer: Informing module token for module: "modules_state" with token: "redacted:a86ca1ad…"
RemoteTransportConnection: Requesting object: "capability_module" at "16:13:45.764"
[LogosObject] RemoteTransportConnection: returning RemoteLogosObject for: "capability_module"
[LogosObject] Created RemoteLogosObject wrapping QRemoteObjectReplica 105553161830464
[LogosObject] LogosAPIConsumer: calling LogosObject::informModuleToken for "modules_state"
LogosAPIConsumer: informModuleToken completed with result: true
[LogosObject] Destroying RemoteLogosObject 0
[2026-10-10 16:13:45.764] [info] [logos] Module loaded: modules_state
RemoteTransportConnection: Connecting to registry: "local:logos_modules_state_110f72bf6864" at "16:13:45.764"
RemoteTransportConnection: Registry connect attempt started (no peer contact yet): "local:logos_modules_state_110f72bf6864"
RemoteTransportConnection: Connecting to registry: "local:logos_capability_module_110f72bf6864" at "16:13:45.764"
RemoteTransportConnection: Registry connect attempt started (no peer contact yet): "local:logos_capability_module_110f72bf6864"
LogosAPIConsumer: '"modules_state"::""' deferred pending the module becoming reachable
LogosAPIConsumer: '"modules_state"::""' deferred pending the module becoming reachable
Logos Core started (modules dir: "/nix/store/gxna1vv93drk0r01vph163c8q3dw4ng4-logos-forum_module-plugin-dir-modules" )
Set app icon from metadata: "/nix/store/wd83ygnz6jpfs1xvl899azdz7a723s4n-logos-forum_module-plugin-dir/src/icons/icon.png"
[2026-10-10 16:13:45.804] [info] [logos] [delivery_module] DeliveryModuleImpl: Initializing...
LogosAPIConsumer: Informing module token for module: "delivery_module" with token: "redacted:26b26b05…"
RemoteTransportConnection: Requesting object: "capability_module" at "16:13:45.805"
[LogosObject] RemoteTransportConnection: returning RemoteLogosObject for: "capability_module"
[LogosObject] Created RemoteLogosObject wrapping QRemoteObjectReplica 105553161557408
[LogosObject] LogosAPIConsumer: calling LogosObject::informModuleToken for "delivery_module"
LogosAPIConsumer: informModuleToken completed with result: true
[LogosObject] Destroying RemoteLogosObject 0
[2026-10-10 16:13:45.805] [info] [logos] Module loaded: delivery_module
RemoteTransportConnection: Connecting to registry: "local:logos_delivery_module_110f72bf6864" at "16:13:45.806"
RemoteTransportConnection: Registry connect attempt started (no peer contact yet): "local:logos_delivery_module_110f72bf6864"
RemoteTransportConnection: Connecting to registry: "local:logos_capability_module_110f72bf6864" at "16:13:45.806"
RemoteTransportConnection: Registry connect attempt started (no peer contact yet): "local:logos_capability_module_110f72bf6864"
LogosAPIConsumer: '"delivery_module"::""' deferred pending the module becoming reachable
LogosAPIClient: getToken for module: "modules_state"
LogosAPIClient: Found token for module: "modules_state"
RemoteTransportConnection: Requesting object: "modules_state" at "16:13:45.806"
[LogosObject] RemoteTransportConnection: returning RemoteLogosObject for: "modules_state"
[LogosObject] Created RemoteLogosObject wrapping QRemoteObjectReplica 105553161552384
[LogosObject] LogosAPIConsumer: async calling via LogosObject::callMethodAsync "note_transition"
[LogosObject] RemoteLogosObject::callMethodAsync "note_transition" args: 7
LogosAPIClient: getToken for module: "modules_state"
LogosAPIClient: Found token for module: "modules_state"
[LogosObject] LogosAPIConsumer: async calling via LogosObject::callMethodAsync "note_transition"
[LogosObject] RemoteLogosObject::callMethodAsync "note_transition" args: 7
Loaded dependency (with transitive deps): "delivery_module"
[2026-10-10 16:13:45.841] [info] [logos] [storage_module] StorageModuleImpl: Initializing...
LogosAPIConsumer: Informing module token for module: "storage_module" with token: "redacted:fe48e9be…"
RemoteTransportConnection: Requesting object: "capability_module" at "16:13:45.841"
[LogosObject] Created RemoteLogosObject wrapping QRemoteObjectReplica 105553161814208
LogosAPIClient: invoking remote method "modules_state" "apply_snapshot" args_count: 1
LogosAPIClient: getToken for module: "modules_state"
LogosAPIClient: Found token for module: "modules_state"
LogosAPIConsumer: Calling invokeRemoteMethod: "modules_state" "apply_snapshot" args_count: 1 timeout: 20000
[LogosObject] LogosAPIConsumer: calling via LogosObject::callMethod "apply_snapshot"
[LogosObject] RemoteLogosObject::callMethod "apply_snapshot" args: 1
[LogosObject] Created RemoteLogosObject wrapping QRemoteObjectReplica 105553161561472
LogosAPIClient: getToken for module: "modules_state"
LogosAPIClient: Found token for module: "modules_state"
[LogosObject] LogosAPIConsumer: async calling via LogosObject::callMethodAsync "note_transition"
[LogosObject] RemoteLogosObject::callMethodAsync "note_transition" args: 7
LogosAPIClient: getToken for module: "modules_state"
LogosAPIClient: Found token for module: "modules_state"
[LogosObject] LogosAPIConsumer: async calling via LogosObject::callMethodAsync "note_transition"
[LogosObject] RemoteLogosObject::callMethodAsync "note_transition" args: 7
[2026-10-10 16:13:45.845] [info] [logos] Pushed module snapshot to modules_state
LogosAPIClient: getToken for module: "modules_state"
LogosAPIClient: Found token for module: "modules_state"
[LogosObject] LogosAPIConsumer: async calling via LogosObject::callMethodAsync "note_transition"
[LogosObject] RemoteLogosObject::callMethodAsync "note_transition" args: 7
[LogosObject] RemoteTransportConnection: returning RemoteLogosObject for: "capability_module"
[LogosObject] Created RemoteLogosObject wrapping QRemoteObjectReplica 105553161848608
[LogosObject] LogosAPIConsumer: calling LogosObject::informModuleToken for "storage_module"
LogosAPIConsumer: informModuleToken completed with result: true
[LogosObject] Destroying RemoteLogosObject 0
[2026-10-10 16:13:45.845] [info] [logos] Module loaded: storage_module
RemoteTransportConnection: Connecting to registry: "local:logos_storage_module_110f72bf6864" at "16:13:45.846"
RemoteTransportConnection: Registry connect attempt started (no peer contact yet): "local:logos_storage_module_110f72bf6864"
RemoteTransportConnection: Connecting to registry: "local:logos_capability_module_110f72bf6864" at "16:13:45.846"
RemoteTransportConnection: Registry connect attempt started (no peer contact yet): "local:logos_capability_module_110f72bf6864"
LogosAPIConsumer: '"storage_module"::""' deferred pending the module becoming reachable
LogosAPIClient: getToken for module: "modules_state"
LogosAPIClient: Found token for module: "modules_state"
[LogosObject] LogosAPIConsumer: async calling via LogosObject::callMethodAsync "note_transition"
[LogosObject] RemoteLogosObject::callMethodAsync "note_transition" args: 7
Loaded dependency (with transitive deps): "storage_module"
DEV_QML_PATH override active: <repo>/src/qml/Main.qml
RemoteTransportConnection: Connecting to registry: "local:logos_capability_module_110f72bf6864" at "16:13:45.846"
RemoteTransportConnection: Registry connect attempt started (no peer contact yet): "local:logos_capability_module_110f72bf6864"
LogosAPIConsumer: Informing module token for module: "forum_module" with token: "redacted:39d1fac8…"
RemoteTransportConnection: Requesting object: "capability_module" at "16:13:45.846"
[LogosObject] Created RemoteLogosObject wrapping QRemoteObjectReplica 105553161850304
LogosAPIClient: getToken for module: "modules_state"
LogosAPIClient: Found token for module: "modules_state"
[LogosObject] LogosAPIConsumer: async calling via LogosObject::callMethodAsync "note_transition"
[LogosObject] RemoteLogosObject::callMethodAsync "note_transition" args: 7
[LogosObject] RemoteTransportConnection: returning RemoteLogosObject for: "capability_module"
[LogosObject] Created RemoteLogosObject wrapping QRemoteObjectReplica 105553161849120
[LogosObject] LogosAPIConsumer: calling LogosObject::informModuleToken for "forum_module"
LogosAPIConsumer: informModuleToken completed with result: true
[LogosObject] Destroying RemoteLogosObject 0
qt.qpa.fonts: Populating font family aliases took 46 ms. Replace uses of missing font family "Public Sans" with one that exists to avoid this cost. 
Loaded UI plugin: "/nix/store/wd83ygnz6jpfs1xvl899azdz7a723s4n-logos-forum_module-plugin-dir"
[QmlInspector] Inspector server listening on port 3769
[QmlInspector] Client connected from "::1"
[2026-10-10 16:13:54.075] [warning] [logos] [capability_module] Warning: QObject::connect: No such signal ::eventResponse(QString,QVariantList)
[2026-10-10 16:13:54.075] [info] [logos] [storage_module] StorageModuleImpl::init called
[2026-10-10 16:13:54.077] [out] [storage_module] WRN 2026-10-10 16:13:54.077+02:00 Data directory has insecure permissions. Correcting them. tid=19703069 data_dir=~/.local/share/lp0026-forum-dev/m7-storage/b-storage current_permissions=0755 required_permissions=0700
[2026-10-10 16:13:54.077] [out] [storage_module] INF 2026-10-10 16:13:54.077+02:00 Creating a private key and saving it       tid=19703069
[2026-10-10 16:13:54.078] [out] [storage_module] WRN 2026-10-10 16:13:54.077+02:00 Node has been marked with --no-bootstrap-node and will NOT be bootstrapped topics="libstorage libstoragelifecycle" tid=19703069
[2026-10-10 16:13:54.078] [out] [storage_module] INF 2026-10-10 16:13:54.078+02:00 Threadpool started                         topics="libstorage libstoragelifecycle" tid=19703069 numThreads=12
[2026-10-10 16:13:54.080] [info] [logos] [storage_module] StorageModuleImpl::start called
[2026-10-10 16:13:54.080] [out] [storage_module] WRN 2026-10-10 16:13:54.080+02:00 No key for a QueryResponse                 topics="storage repostore" tid=19703069
[2026-10-10 16:13:54.081] [out] [storage_module] NTC 2026-10-10 16:13:54.081+02:00 Started Storage node                       topics="storage node" tid=19703069 id=16U*2mSXDr addrs="[/ip4/127.0.0.1/tcp/8572]"
[2026-10-10 16:14:21.367] [out] [storage_module] ERR 2026-10-10 16:14:21.367+02:00 Failed to MANIFEST.                        topics="libstorage libstoragedownload" tid=19703069 error="Failed to fetch manifest: Failed to fetch manifest zDvZRwzkxzbS4oQ7rAhqrQ8EJez1WXFty6S2aNNHG5TM8aWpeeZF after 10 attempts: Key doesn't exist"
[2026-10-10 16:14:21.367] [info] [logos] [storage_module] StorageModuleImpl::downloadChunksInternal: failed to get manifest for zDvZRwzkxzbS4oQ7rAhqrQ8EJez1WXFty6S2aNNHG5TM8aWpeeZF
[QmlInspector] Client disconnected
