run-logos-standalone-ui: hot-reloading QML from <repo>/src/qml
  (export DEV_QML_PATH to override, or LOGOS_QML_HOT_RELOAD=0 to disable)
Session directory: "~/Library/Application Support/Logos/LogosStandalone"
[2026-10-10 15:54:41.148] [info] [logos] Granting host services to 'capability_module': token_registry,token_delivery
[2026-10-10 15:54:41.188] [out] [capability_module] [2026-10-10 15:54:41.187] [info] Granting host services to capability_module: ["token_registry","token_delivery"]
RemoteTransportConnection: Connecting to registry: "local:logos_capability_module_914ffd233758" at "15:54:41.189"
RemoteTransportConnection: Registry connect attempt started (no peer contact yet): "local:logos_capability_module_914ffd233758"
LogosAPIConsumer: Informing module token for module: "capability_module" with token: "redacted:8f117f71…"
RemoteTransportConnection: Requesting object: "capability_module" at "15:54:41.189"
[LogosObject] RemoteTransportConnection: returning RemoteLogosObject for: "capability_module"
[LogosObject] Created RemoteLogosObject wrapping QRemoteObjectReplica 105553134745184
[LogosObject] LogosAPIConsumer: calling LogosObject::informModuleToken for "capability_module"
LogosAPIConsumer: informModuleToken completed with result: true
[LogosObject] Destroying RemoteLogosObject 0
[2026-10-10 15:54:41.214] [info] [logos] Module loaded: capability_module
LogosAPIConsumer: Informing module token for module: "modules_state" with token: "redacted:9c43141b…"
RemoteTransportConnection: Requesting object: "capability_module" at "15:54:41.253"
[LogosObject] RemoteTransportConnection: returning RemoteLogosObject for: "capability_module"
[LogosObject] Created RemoteLogosObject wrapping QRemoteObjectReplica 105553134783584
[LogosObject] LogosAPIConsumer: calling LogosObject::informModuleToken for "modules_state"
LogosAPIConsumer: informModuleToken completed with result: true
[LogosObject] Destroying RemoteLogosObject 0
[2026-10-10 15:54:41.255] [info] [logos] Module loaded: modules_state
RemoteTransportConnection: Connecting to registry: "local:logos_modules_state_914ffd233758" at "15:54:41.256"
RemoteTransportConnection: Registry connect attempt started (no peer contact yet): "local:logos_modules_state_914ffd233758"
RemoteTransportConnection: Connecting to registry: "local:logos_capability_module_914ffd233758" at "15:54:41.256"
RemoteTransportConnection: Registry connect attempt started (no peer contact yet): "local:logos_capability_module_914ffd233758"
LogosAPIConsumer: '"modules_state"::""' deferred pending the module becoming reachable
LogosAPIConsumer: '"modules_state"::""' deferred pending the module becoming reachable
Logos Core started (modules dir: "/nix/store/gxna1vv93drk0r01vph163c8q3dw4ng4-logos-forum_module-plugin-dir-modules" )
Set app icon from metadata: "/nix/store/dj1dbv54hiyk0yh2haw00wlyjl28ngnq-logos-forum_module-plugin-dir/src/icons/icon.png"
[2026-10-10 15:54:41.308] [info] [logos] [delivery_module] DeliveryModuleImpl: Initializing...
LogosAPIConsumer: Informing module token for module: "delivery_module" with token: "redacted:2490d8a5…"
RemoteTransportConnection: Requesting object: "capability_module" at "15:54:41.309"
[LogosObject] RemoteTransportConnection: returning RemoteLogosObject for: "capability_module"
[LogosObject] Created RemoteLogosObject wrapping QRemoteObjectReplica 105553134865440
[LogosObject] LogosAPIConsumer: calling LogosObject::informModuleToken for "delivery_module"
LogosAPIConsumer: informModuleToken completed with result: true
[LogosObject] Destroying RemoteLogosObject 0
[2026-10-10 15:54:41.310] [info] [logos] Module loaded: delivery_module
RemoteTransportConnection: Connecting to registry: "local:logos_delivery_module_914ffd233758" at "15:54:41.310"
RemoteTransportConnection: Registry connect attempt started (no peer contact yet): "local:logos_delivery_module_914ffd233758"
RemoteTransportConnection: Connecting to registry: "local:logos_capability_module_914ffd233758" at "15:54:41.310"
RemoteTransportConnection: Registry connect attempt started (no peer contact yet): "local:logos_capability_module_914ffd233758"
LogosAPIConsumer: '"delivery_module"::""' deferred pending the module becoming reachable
LogosAPIClient: getToken for module: "modules_state"
LogosAPIClient: Found token for module: "modules_state"
RemoteTransportConnection: Requesting object: "modules_state" at "15:54:41.310"
[LogosObject] RemoteTransportConnection: returning RemoteLogosObject for: "modules_state"
[LogosObject] Created RemoteLogosObject wrapping QRemoteObjectReplica 105553134788576
[LogosObject] LogosAPIConsumer: async calling via LogosObject::callMethodAsync "note_transition"
[LogosObject] RemoteLogosObject::callMethodAsync "note_transition" args: 7
LogosAPIClient: getToken for module: "modules_state"
LogosAPIClient: Found token for module: "modules_state"
[LogosObject] LogosAPIConsumer: async calling via LogosObject::callMethodAsync "note_transition"
[LogosObject] RemoteLogosObject::callMethodAsync "note_transition" args: 7
Loaded dependency (with transitive deps): "delivery_module"
[2026-10-10 15:54:41.350] [info] [logos] [storage_module] StorageModuleImpl: Initializing...
LogosAPIConsumer: Informing module token for module: "storage_module" with token: "redacted:1451d087…"
RemoteTransportConnection: Requesting object: "capability_module" at "15:54:41.351"
[LogosObject] Created RemoteLogosObject wrapping QRemoteObjectReplica 105553134866784
LogosAPIClient: invoking remote method "modules_state" "apply_snapshot" args_count: 1
LogosAPIClient: getToken for module: "modules_state"
LogosAPIClient: Found token for module: "modules_state"
LogosAPIConsumer: Calling invokeRemoteMethod: "modules_state" "apply_snapshot" args_count: 1 timeout: 20000
[LogosObject] LogosAPIConsumer: calling via LogosObject::callMethod "apply_snapshot"
[LogosObject] RemoteLogosObject::callMethod "apply_snapshot" args: 1
[LogosObject] Created RemoteLogosObject wrapping QRemoteObjectReplica 105553134731136
LogosAPIClient: getToken for module: "modules_state"
LogosAPIClient: Found token for module: "modules_state"
[LogosObject] LogosAPIConsumer: async calling via LogosObject::callMethodAsync "note_transition"
[LogosObject] RemoteLogosObject::callMethodAsync "note_transition" args: 7
LogosAPIClient: getToken for module: "modules_state"
LogosAPIClient: Found token for module: "modules_state"
[LogosObject] LogosAPIConsumer: async calling via LogosObject::callMethodAsync "note_transition"
[LogosObject] RemoteLogosObject::callMethodAsync "note_transition" args: 7
[2026-10-10 15:54:41.356] [info] [logos] Pushed module snapshot to modules_state
LogosAPIClient: getToken for module: "modules_state"
LogosAPIClient: Found token for module: "modules_state"
[LogosObject] LogosAPIConsumer: async calling via LogosObject::callMethodAsync "note_transition"
[LogosObject] RemoteLogosObject::callMethodAsync "note_transition" args: 7
[LogosObject] RemoteTransportConnection: returning RemoteLogosObject for: "capability_module"
[LogosObject] Created RemoteLogosObject wrapping QRemoteObjectReplica 105553134782912
[LogosObject] LogosAPIConsumer: calling LogosObject::informModuleToken for "storage_module"
LogosAPIConsumer: informModuleToken completed with result: true
[LogosObject] Destroying RemoteLogosObject 0
[2026-10-10 15:54:41.357] [info] [logos] Module loaded: storage_module
RemoteTransportConnection: Connecting to registry: "local:logos_storage_module_914ffd233758" at "15:54:41.357"
RemoteTransportConnection: Registry connect attempt started (no peer contact yet): "local:logos_storage_module_914ffd233758"
RemoteTransportConnection: Connecting to registry: "local:logos_capability_module_914ffd233758" at "15:54:41.357"
RemoteTransportConnection: Registry connect attempt started (no peer contact yet): "local:logos_capability_module_914ffd233758"
LogosAPIConsumer: '"storage_module"::""' deferred pending the module becoming reachable
LogosAPIClient: getToken for module: "modules_state"
LogosAPIClient: Found token for module: "modules_state"
[LogosObject] LogosAPIConsumer: async calling via LogosObject::callMethodAsync "note_transition"
[LogosObject] RemoteLogosObject::callMethodAsync "note_transition" args: 7
Loaded dependency (with transitive deps): "storage_module"
DEV_QML_PATH override active: <repo>/src/qml/Main.qml
RemoteTransportConnection: Connecting to registry: "local:logos_capability_module_914ffd233758" at "15:54:41.357"
RemoteTransportConnection: Registry connect attempt started (no peer contact yet): "local:logos_capability_module_914ffd233758"
LogosAPIConsumer: Informing module token for module: "forum_module" with token: "redacted:0a8ca3bb…"
RemoteTransportConnection: Requesting object: "capability_module" at "15:54:41.357"
[LogosObject] RemoteTransportConnection: returning RemoteLogosObject for: "capability_module"
[LogosObject] Created RemoteLogosObject wrapping QRemoteObjectReplica 105553134708928
[LogosObject] LogosAPIConsumer: calling LogosObject::informModuleToken for "forum_module"
[LogosObject] Created RemoteLogosObject wrapping QRemoteObjectReplica 105553134782848
LogosAPIClient: getToken for module: "modules_state"
LogosAPIClient: Found token for module: "modules_state"
[LogosObject] LogosAPIConsumer: async calling via LogosObject::callMethodAsync "note_transition"
[LogosObject] RemoteLogosObject::callMethodAsync "note_transition" args: 7
LogosAPIConsumer: informModuleToken completed with result: true
[LogosObject] Destroying RemoteLogosObject 0
[2026-10-10 15:54:41.400] [warning] [logos] [capability_module] Warning: QObject::connect: No such signal ::eventResponse(QString,QVariantList)
[2026-10-10 15:54:41.400] [info] [logos] [delivery_module] DeliveryModuleImpl::getNodeInfo called with nodeInfoId: MyPeerId
[2026-10-10 15:54:41.400] [info] [logos] [delivery_module] DeliveryModuleImpl: Cannot get node info - context not initialized. Call createNode first.
[2026-10-10 15:54:41.400] [info] [logos] [delivery_module] DeliveryModuleImpl::createNode called
[2026-10-10 15:54:41.408] [info] [logos] [delivery_module] DeliveryModuleImpl: Waiting for createNode callback...
[2026-10-10 15:54:41.410] [out] [delivery_module] DBG 2026-10-10 15:54:41.410+02:00 Whether to mount storeSync is not specified, defaulting to not mounting topics="waku conf builder" tid=19509045
[2026-10-10 15:54:41.410] [out] [delivery_module] INF 2026-10-10 15:54:41.410+02:00 Sharding configuration:                    topics="waku conf builder" tid=19509045 shardingConf="(kind: AutoSharding, numShardsInCluster: 1)" subscribeShards=@[0]
[2026-10-10 15:54:41.410] [out] [delivery_module] INF 2026-10-10 15:54:41.410+02:00 Configuration: Enabled protocols           topics="waku conf" tid=19509045 relay=true rlnRelay=false store=false filter=false lightPush=false peerExchange=false rendezvous=false
[2026-10-10 15:54:41.410] [out] [delivery_module] INF 2026-10-10 15:54:41.410+02:00 Configuration. Network                     topics="waku conf" tid=19509045 cluster=42
[2026-10-10 15:54:41.410] [out] [delivery_module] DBG 2026-10-10 15:54:41.410+02:00 Configuration. Active Relay Shards         topics="waku conf" tid=19509045 shard=0
[2026-10-10 15:54:41.410] [out] [delivery_module] INF 2026-10-10 15:54:41.410+02:00 Setting up storage                         tid=19509045
[2026-10-10 15:54:41.410] [out] [delivery_module] INF 2026-10-10 15:54:41.410+02:00 Initializing node                          tid=19509045
[2026-10-10 15:54:41.411] [out] [delivery_module] INF 2026-10-10 15:54:41.411+02:00 Initializing networking                    tid=19509045 addrs=@[/ip4/127.0.0.1/tcp/59720]
[2026-10-10 15:54:41.411] [out] [delivery_module] INF 2026-10-10 15:54:41.411+02:00 Mounting protocols                         tid=19509045
[2026-10-10 15:54:41.411] [out] [delivery_module] INF 2026-10-10 15:54:41.411+02:00 Created WakuMetadata protocol              topics="waku node" tid=19509045 clusterId=42 shards="[0]"
[2026-10-10 15:54:41.411] [out] [delivery_module] INF 2026-10-10 15:54:41.411+02:00 Mounting mix protocol                      topics="waku node" tid=19509045INF 2026-10-10 15:54:41.411+02:00 node info                                  topics="waku node" tid=19509045 wakuInfo="(listenAddresses: [/ip4/127.0.0.1/tcp/59720/p2p/16Uiu2HAkue1CcxcSUJa55kSRamCz8Rewa83VzY4zcyq3Np4G3dgZ], enrUri: enr:-JS4QGmNZj_PtcdJ4Fd93Qb7MpX__0dofyGUaZL9dvqYSX0uB0PNfZHO3Fk5SnIRByKdU2jZsoWHgEzwJ-5P0CHbb8YBgmlkgnY0gmlwhH8AAAGCcnOFACoBAACJc2VjcDI1NmsxoQIDKLQBOwm44JTx0-quE0z9UqquFAawzEFxw9ZDN-THZoN0Y3CC6UiFd2FrdTIh, mixPubKey: none())"
[2026-10-10 15:54:41.411] [out] [delivery_module]  nodeId="(listenAddresses: [/ip4/127.0.0.1/tcp/59720/p2p/16Uiu2HAkue1CcxcSUJa55kSRamCz8Rewa83VzY4zcyq3Np4G3dgZ], enrUri: enr:-JS4QGmNZj_PtcdJ4Fd93Qb7MpX__0dofyGUaZL9dvqYSX0uB0PNfZHO3Fk5SnIRByKdU2jZsoWHgEzwJ-5P0CHbb8YBgmlkgnY0gmlwhH8AAAGCcnOFACoBAACJc2VjcDI1NmsxoQIDKLQBOwm44JTx0-quE0z9UqquFAawzEFxw9ZDN-THZoN0Y3CC6UiFd2FrdTIh, mixPubKey: none())"
[2026-10-10 15:54:41.411] [out] [delivery_module] INF 2026-10-10 15:54:41.411+02:00 local addr                                 topics="waku node" tid=19509045 localaddr=/ip4/127.0.0.1/tcp/59720
[2026-10-10 15:54:41.411] [out] [delivery_module] INF 2026-10-10 15:54:41.411+02:00 mixPubKey                                  topics="waku node" tid=19509045 mixPubKey="[53, 88, 23, 124, 21, 94, 216, 146, 99, 139, 205, 252, 178, 124, 239, 68, 78, 128, 192, 216, 166, 32, 48, 102, 44, 96, 179, 199, 220, 237, 156, 109]"
[2026-10-10 15:54:41.412] [out] [delivery_module] INF 2026-10-10 15:54:41.412+02:00 Using mix bootstrap nodes                  topics="waku mix" tid=19509045 entries=4 poolSize=4
[2026-10-10 15:54:41.412] [out] [delivery_module] INF 2026-10-10 15:54:41.412+02:00 mounting store client                      topics="waku node store api" tid=19509045
[2026-10-10 15:54:41.412] [out] [delivery_module] INF 2026-10-10 15:54:41.412+02:00 Mounting auto sharding                     topics="waku node" tid=19509045 clusterId=42 shardCount=1
[2026-10-10 15:54:41.412] [out] [delivery_module] DBG 2026-10-10 15:54:41.412+02:00 Setting max message size                   tid=19509045 num_bytes=153600
[2026-10-10 15:54:41.412] [out] [delivery_module] INF 2026-10-10 15:54:41.412+02:00 mounting relay protocol                    topics="waku node relay api" tid=19509045
[2026-10-10 15:54:41.412] [out] [delivery_module] DBG 2026-10-10 15:54:41.412+02:00 relay mounted successfully                 topics="waku node relay api" tid=19509045
[2026-10-10 15:54:41.412] [out] [delivery_module] DBG 2026-10-10 15:54:41.412+02:00 Adding validator to signed shards          tid=19509045 protectedShards=[] clusterId=42
[2026-10-10 15:54:41.412] [out] [delivery_module] INF 2026-10-10 15:54:41.412+02:00 mounting libp2p ping protocol              topics="waku node ping api" tid=19509045
[2026-10-10 15:54:41.412] [out] [delivery_module] INF 2026-10-10 15:54:41.412+02:00 No RLN backend configured; RLN is off      tid=19509045
[2026-10-10 15:54:41.412] [out] [delivery_module] INF 2026-10-10 15:54:41.412+02:00 mounting light push client                 topics="waku node lightpush api" tid=19509045
[2026-10-10 15:54:41.412] [out] [delivery_module] INF 2026-10-10 15:54:41.412+02:00 mounting legacy light push client          topics="waku node lightpush api" tid=19509045
[2026-10-10 15:54:41.412] [out] [delivery_module] DBG 2026-10-10 15:54:41.412+02:00 Adding peer to service slots               topics="waku node peer_manager" tid=19509045 peerId=16Uiu2...45QRUf addr=[/ip4/127.0.0.1/tcp/59716] service=/vac/waku/lightpush/3.0.0
[2026-10-10 15:54:41.412] [out] [delivery_module] DBG 2026-10-10 15:54:41.412+02:00 Adding peer to service slots               topics="waku node peer_manager" tid=19509045 peerId=16Uiu2...45QRUf addr=[/ip4/127.0.0.1/tcp/59716] service=/vac/waku/lightpush/2.0.0-beta1
[2026-10-10 15:54:41.412] [out] [delivery_module] INF 2026-10-10 15:54:41.412+02:00 mounting filter client                     topics="waku node filter api" tid=19509045
[2026-10-10 15:54:41.412] [out] [delivery_module] INF 2026-10-10 15:54:41.412+02:00 mounting waku peer exchange client         topics="waku node peerexchange api" tid=19509045
[2026-10-10 15:54:41.412] [out] [delivery_module] INF 2026-10-10 15:54:41.412+02:00 No external callbacks to be set            topics="wakunode waku" tid=19509045
[2026-10-10 15:54:41.412] [out] [delivery_module] INF 2026-10-10 15:54:41.412+02:00 Setting up AutonatService                  topics="libp2p autonatservice" tid=19509045
[2026-10-10 15:54:41.412] [out] [delivery_module] INF 2026-10-10 15:54:41.412+02:00 Messaging API settings                     topics="logosdelivery" tid=19509045 reliability=false anonymityLevel=Required rateLimitEnabled=false rateLimitEpochPeriodSec=600 rateLimitMessagesPerEpoch=1 maxParkedAgeSec=1800 sendQueueCapacity=1000 backfillEnabled=true backfillRequestTimeout=10s
[2026-10-10 15:54:41.412] [info] [logos] [delivery_module] DeliveryModuleImpl::createNode callback called with ret: 0
[2026-10-10 15:54:41.414] [info] [logos] [delivery_module] DeliveryModuleImpl: Delivery context created successfully
[2026-10-10 15:54:41.415] [info] [logos] [delivery_module] DeliveryModuleImpl::start called
[2026-10-10 15:54:41.415] [out] [delivery_module] INF 2026-10-10 15:54:41.415+02:00 Retrieve dynamic bootstrap nodes           topics="wakunode waku" tid=19509045
[2026-10-10 15:54:41.415] [out] [delivery_module] INF 2026-10-10 15:54:41.415+02:00 Running nwaku node                         tid=19509045 version=v0.39.0-g3a478e
[2026-10-10 15:54:41.415] [out] [delivery_module] INF 2026-10-10 15:54:41.415+02:00 Starting Waku node                         topics="waku node" tid=19509045 version=v0.39.0-g3a478e
[2026-10-10 15:54:41.415] [out] [delivery_module] INF 2026-10-10 15:54:41.415+02:00 Starting switch for peer                   topics="libp2p switch" tid=19509045 peerInfo="(peerId: 16Uiu2HAkue1CcxcSUJa55kSRamCz8Rewa83VzY4zcyq3Np4G3dgZ, listenAddrs: [/ip4/127.0.0.1/tcp/59720], addrs: [], protocols: [/ipfs/id/1.0.0, /libp2p/autonat/1.0.0, /libp2p/circuit/relay/0.2.0/hop, /vac/waku/metadata/1.0.0, /mix/1.0.0, /vac/waku/relay/2.0.0, /ipfs/ping/1.0.0, /vac/waku/filter-push/2.0.0-beta1], protoVersion: ipfs/0.1.0, agentVersion: logos-delivery-v0.39.0-g3a478e)"
[2026-10-10 15:54:41.415] [out] [delivery_module] INF 2026-10-10 15:54:41.415+02:00 Running AutonatService                     topics="libp2p autonatservice" tid=19509045
[2026-10-10 15:54:41.415] [info] [logos] [delivery_module] DeliveryModuleImpl::getNodeInfo called with nodeInfoId: MyPeerId
[2026-10-10 15:54:41.415] [out] [delivery_module] DBG 2026-10-10 15:54:41.415+02:00 ENR addresses updated                      topics="waku enr" tid=19509045 retained=1 total=1
[2026-10-10 15:54:41.415] [out] [delivery_module] INF 2026-10-10 15:54:41.415+02:00 Starting TCP transport                     topics="libp2p tcptransport" tid=19509045
[2026-10-10 15:54:41.415] [out] [delivery_module] INF 2026-10-10 15:54:41.415+02:00 Transport starting                         topics="libp2p transport" tid=19509045 addresses=[/ip4/127.0.0.1/tcp/59720]
[2026-10-10 15:54:41.415] [out] [delivery_module] DBG 2026-10-10 15:54:41.415+02:00 Transport connection acceptance started    topics="libp2p switch" tid=19509045
[2026-10-10 15:54:41.416] [out] [delivery_module] INF 2026-10-10 15:54:41.416+02:00 start                                      topics="waku relay" tid=19509045
[2026-10-10 15:54:41.416] [out] [delivery_module] INF 2026-10-10 15:54:41.416+02:00 gossipsub start                            topics="libp2p gossipsub" tid=19509045
[2026-10-10 15:54:41.416] [out] [delivery_module] INF 2026-10-10 15:54:41.416+02:00 Started libp2p node                        topics="libp2p switch" tid=19509045 peerId="(peerId: 16Uiu2HAkue1CcxcSUJa55kSRamCz8Rewa83VzY4zcyq3Np4G3dgZ, listenAddrs: [/ip4/127.0.0.1/tcp/59720], addrs: [/ip4/127.0.0.1/tcp/59720], protocols: [/ipfs/id/1.0.0, /libp2p/autonat/1.0.0, /libp2p/circuit/relay/0.2.0/hop, /vac/waku/metadata/1.0.0, /mix/1.0.0, /vac/waku/relay/2.0.0, /ipfs/ping/1.0.0, /vac/waku/filter-push/2.0.0-beta1], protoVersion: ipfs/0.1.0, agentVersion: logos-delivery-v0.39.0-g3a478e)"
[2026-10-10 15:54:41.416] [out] [delivery_module] DBG 2026-10-10 15:54:41.416+02:00 ENR addresses updated                      topics="waku enr" tid=19509045 retained=1 total=1
[2026-10-10 15:54:41.416] [out] [delivery_module] INF 2026-10-10 15:54:41.416+02:00 Announced addresses resolved               topics="waku node" tid=19509045 addrs=@[/ip4/127.0.0.1/tcp/59720]
[2026-10-10 15:54:41.416] [out] [delivery_module] INF 2026-10-10 15:54:41.416+02:00 Node started successfully                  topics="waku node" tid=19509045
[2026-10-10 15:54:41.416] [out] [delivery_module] DBG 2026-10-10 15:54:41.416+02:00 Dialing multiple peers                     tid=19509045 numOfPeers=4 nodes="@[\"/ip4/127.0.0.1/tcp/59716/p2p/16Uiu2HAkyB6TR997VVKy93MNdp85hJyuMZBMuqDMEbjfr445QRUf\", \"/ip4/127.0.0.1/tcp/59717/p2p/16Uiu2HAm1NFhbe7qJQEK9vXvqdazmzwsDA7aqVbFG4nCuDp3ZiE6\", \"/ip4/127.0.0.1/tcp/59718/p2p/16Uiu2HAmTZEzrzJy9g8BPcmfSczD9pnS6RpFimFDnYyg8ravPM2L\", \"/ip4/127.0.0.1/tcp/59719/p2p/16Uiu2HAmE7aJ7GVBBG976HMRATnywEEt1qKaT6TwsajwJfzxaay7\"]"
[2026-10-10 15:54:41.416] [out] [delivery_module] DBG 2026-10-10 15:54:41.416+02:00 Peer dial started                          topics="libp2p dialer" tid=19509045 peerId=16Uiu2...45QRUf addresses=[/ip4/127.0.0.1/tcp/59716]
[2026-10-10 15:54:41.416] [out] [delivery_module] DBG 2026-10-10 15:54:41.416+02:00 Peer dial started                          topics="libp2p dialer" tid=19509045 peerId=16Uiu2...p3ZiE6 addresses=[/ip4/127.0.0.1/tcp/59717]
[2026-10-10 15:54:41.416] [out] [delivery_module] DBG 2026-10-10 15:54:41.416+02:00 Peer dial started                          topics="libp2p dialer" tid=19509045 peerId=16Uiu2...avPM2L addresses=[/ip4/127.0.0.1/tcp/59718]
[2026-10-10 15:54:41.417] [out] [delivery_module] DBG 2026-10-10 15:54:41.417+02:00 Peer dial started                          topics="libp2p dialer" tid=19509045 peerId=16Uiu2...zxaay7 addresses=[/ip4/127.0.0.1/tcp/59719]
[2026-10-10 15:54:41.418] [info] [logos] [delivery_module] DeliveryModuleImpl::subscribe called with contentTopic: /lp0026forum/1/general/text
[2026-10-10 15:54:41.418] [out] [delivery_module] DBG 2026-10-10 15:54:41.418+02:00 Subscribing to pubsub topic                topics="waku relay" tid=19509045 pubsubTopic=/waku/2/rs/42/0
[2026-10-10 15:54:41.418] [out] [delivery_module] DBG 2026-10-10 15:54:41.418+02:00 No mesh peer for the given pubsub topic    topics="waku relay" tid=19509045 pubsubTopic=/waku/2/rs/42/0
[2026-10-10 15:54:41.418] [info] [logos] [delivery_module] DeliveryModuleImpl: Subscribe completed for topic: /lp0026forum/1/general/text with success
[2026-10-10 15:54:41.422] [out] [delivery_module] DBG 2026-10-10 15:54:41.422+02:00 created new pubsub peer                    topics="libp2p pubsub" tid=19509045 peerId=16Uiu2...45QRUf
[2026-10-10 15:54:41.422] [out] [delivery_module] DBG 2026-10-10 15:54:41.422+02:00 no listener registered                     tid=19509046 event=onConnectionChange
[2026-10-10 15:54:41.423] [out] [delivery_module] DBG 2026-10-10 15:54:41.423+02:00 Incoming WakuRelay connection              topics="waku relay" tid=19509045 connection=16Uiu2...45QRUf:6aca43a14c7effb66c14e523 protocol=/vac/waku/relay/2.0.0
[2026-10-10 15:54:41.424] [out] [delivery_module] DBG 2026-10-10 15:54:41.424+02:00 created new pubsub peer                    topics="libp2p pubsub" tid=19509045 peerId=16Uiu2...zxaay7
[2026-10-10 15:54:41.424] [out] [delivery_module] DBG 2026-10-10 15:54:41.424+02:00 no listener registered                     tid=19509046 event=onConnectionChange
[2026-10-10 15:54:41.424] [out] [delivery_module] DBG 2026-10-10 15:54:41.424+02:00 Incoming WakuRelay connection              topics="waku relay" tid=19509045 connection=16Uiu2...zxaay7:6aca43a14c7effb66c14e527 protocol=/vac/waku/relay/2.0.0
[2026-10-10 15:54:41.425] [out] [delivery_module] DBG 2026-10-10 15:54:41.425+02:00 created new pubsub peer                    topics="libp2p pubsub" tid=19509045 peerId=16Uiu2...avPM2L
[2026-10-10 15:54:41.425] [out] [delivery_module] DBG 2026-10-10 15:54:41.425+02:00 no listener registered                     tid=19509046 event=onConnectionChange
[2026-10-10 15:54:41.425] [out] [delivery_module] DBG 2026-10-10 15:54:41.425+02:00 created new pubsub peer                    topics="libp2p pubsub" tid=19509045 peerId=16Uiu2...p3ZiE6
[2026-10-10 15:54:41.425] [out] [delivery_module] DBG 2026-10-10 15:54:41.425+02:00 no listener registered                     tid=19509046 event=onConnectionChange
[2026-10-10 15:54:41.425] [out] [delivery_module] DBG 2026-10-10 15:54:41.425+02:00 Incoming WakuRelay connection              topics="waku relay" tid=19509045 connection=16Uiu2...avPM2L:6aca43a14c7effb66c14e529 protocol=/vac/waku/relay/2.0.0
[2026-10-10 15:54:41.425] [out] [delivery_module] DBG 2026-10-10 15:54:41.425+02:00 Incoming WakuRelay connection              topics="waku relay" tid=19509045 connection=16Uiu2...p3ZiE6:6aca43a14c7effb66c14e52d protocol=/vac/waku/relay/2.0.0
[2026-10-10 15:54:41.427] [out] [delivery_module] DBG 2026-10-10 15:54:41.427+02:00 Event identified                           topics="waku node peer_manager" tid=19509045 peerId=16Uiu2...45QRUf
[2026-10-10 15:54:41.427] [out] [delivery_module] DBG 2026-10-10 15:54:41.427+02:00 no listener registered                     tid=19509046 event=onConnectionChange
[2026-10-10 15:54:41.428] [out] [delivery_module] DBG 2026-10-10 15:54:41.428+02:00 Event identified                           topics="waku node peer_manager" tid=19509045 peerId=16Uiu2...zxaay7
[2026-10-10 15:54:41.428] [out] [delivery_module] DBG 2026-10-10 15:54:41.428+02:00 no listener registered                     tid=19509046 event=onConnectionChange
[2026-10-10 15:54:41.429] [out] [delivery_module] DBG 2026-10-10 15:54:41.429+02:00 Event identified                           topics="waku node peer_manager" tid=19509045 peerId=16Uiu2...avPM2L
[2026-10-10 15:54:41.429] [out] [delivery_module] DBG 2026-10-10 15:54:41.429+02:00 no listener registered                     tid=19509046 event=onConnectionChange
[2026-10-10 15:54:41.429] [out] [delivery_module] DBG 2026-10-10 15:54:41.429+02:00 Event identified                           topics="waku node peer_manager" tid=19509045 peerId=16Uiu2...p3ZiE6
[2026-10-10 15:54:41.429] [out] [delivery_module] DBG 2026-10-10 15:54:41.429+02:00 no listener registered                     tid=19509046 event=onConnectionChange
[2026-10-10 15:54:41.430] [out] [delivery_module] DBG 2026-10-10 15:54:41.430+02:00 Received WakuMetadata request              topics="waku metadata" tid=19509045 remoteClusterId=ok(42) remoteShards="[0]" localClusterId=42 localShards="[0]" peer=16Uiu2...45QRUf
[2026-10-10 15:54:41.430] [out] [delivery_module] DBG 2026-10-10 15:54:41.430+02:00 Received WakuMetadata request              topics="waku metadata" tid=19509045 remoteClusterId=ok(42) remoteShards="[0]" localClusterId=42 localShards="[0]" peer=16Uiu2...zxaay7
[2026-10-10 15:54:41.431] [out] [delivery_module] DBG 2026-10-10 15:54:41.431+02:00 Received WakuMetadata request              topics="waku metadata" tid=19509045 remoteClusterId=ok(42) remoteShards="[0]" localClusterId=42 localShards="[0]" peer=16Uiu2...p3ZiE6
[2026-10-10 15:54:41.431] [out] [delivery_module] DBG 2026-10-10 15:54:41.431+02:00 Received WakuMetadata request              topics="waku metadata" tid=19509045 remoteClusterId=ok(42) remoteShards="[0]" localClusterId=42 localShards="[0]" peer=16Uiu2...avPM2L
[2026-10-10 15:54:41.431] [out] [delivery_module] DBG 2026-10-10 15:54:41.431+02:00 no listener registered                     tid=19509046 event=onConnectionChange
[2026-10-10 15:54:41.431] [out] [delivery_module] DBG 2026-10-10 15:54:41.431+02:00 no listener registered                     tid=19509046 event=onConnectionChange
[2026-10-10 15:54:41.432] [out] [delivery_module] DBG 2026-10-10 15:54:41.432+02:00 no listener registered                     tid=19509046 event=onConnectionChange
[2026-10-10 15:54:41.432] [out] [delivery_module] DBG 2026-10-10 15:54:41.432+02:00 no listener registered                     tid=19509046 event=onConnectionChange
[2026-10-10 15:54:41.433] [out] [delivery_module] DBG 2026-10-10 15:54:41.432+02:00 Finished dialing multiple peers            tid=19509045 successfulConns=4 attempted=4
[2026-10-10 15:54:41.433] [out] [delivery_module] DBG 2026-10-10 15:54:41.433+02:00 Starting peer exchange loop                topics="waku node peerexchange api" tid=19509045
[2026-10-10 15:54:41.433] [out] [delivery_module] DBG 2026-10-10 15:54:41.433+02:00 Retrieving peer info via peer exchange protocol topics="waku node peerexchange api" tid=19509045 amount=5
[2026-10-10 15:54:41.433] [out] [delivery_module] DBG 2026-10-10 15:54:41.433+02:00 Peer exchange request could not be made as no peer exchange peers found topics="waku peer_exchange client" tid=19509045
[2026-10-10 15:54:41.433] [out] [delivery_module] DBG 2026-10-10 15:54:41.433+02:00 Failed to retrieve peer info via peer exchange protocol topics="waku node peerexchange api" tid=19509045 error="(status_code: SERVICE_UNAVAILABLE, status_desc: ok(peer_not_found_failure))"
[2026-10-10 15:54:41.433] [out] [delivery_module] DBG 2026-10-10 15:54:41.433+02:00 Cannot fetch peers from peer exchange      topics="waku node peerexchange api" tid=19509045 cause="(status_code: SERVICE_UNAVAILABLE, status_desc: ok(peer_not_found_failure))"
[2026-10-10 15:54:41.433] [out] [delivery_module] INF 2026-10-10 15:54:41.433+02:00 Relay peer connections                     topics="waku node peer_manager" tid=19509045 inRelayConns=0/50 outRelayConns=4/25 totalConnections=4/150 notConnectedPeers=0 outsideBackoffPeers=0
[2026-10-10 15:54:41.434] [out] [delivery_module] DBG 2026-10-10 15:54:41.434+02:00 ENR addresses updated                      topics="waku enr" tid=19509045 retained=1 total=1
[2026-10-10 15:54:41.434] [out] [delivery_module] INF 2026-10-10 15:54:41.434+02:00 Node is online                             topics="waku online monitor" tid=19509045
[2026-10-10 15:54:41.434] [out] [delivery_module] INF 2026-10-10 15:54:41.434+02:00 Health monitor loop start                  tid=19509045
[2026-10-10 15:54:41.434] [out] [delivery_module] DBG 2026-10-10 15:54:41.434+02:00 calculateConnectionState                   tid=19509045 relayCount=4 storeClientCount=0 lightpushCount=4 filterCount=0
[2026-10-10 15:54:41.434] [out] [delivery_module] DBG 2026-10-10 15:54:41.434+02:00 connectionStatus change                    tid=19509045 oldstatus=Disconnected newstatus=Connected
[2026-10-10 15:54:41.434] [out] [delivery_module] INF 2026-10-10 15:54:41.434+02:00 starting keepalive                         tid=19509045 randomPeersKeepalive=10s allPeersKeepalive=2m
qt.qpa.fonts: Populating font family aliases took 90 ms. Replace uses of missing font family "Public Sans" with one that exists to avoid this cost. 
Loaded UI plugin: "/nix/store/dj1dbv54hiyk0yh2haw00wlyjl28ngnq-logos-forum_module-plugin-dir"
[QmlInspector] Inspector server listening on port 3768
[QmlInspector] Client connected from "::1"
[2026-10-10 15:54:49.045] [info] [logos] [delivery_module] DeliveryModuleImpl::send called with contentTopic: /lp0026forum/1/general/text
[2026-10-10 15:54:49.045] [out] [delivery_module] DBG 2026-10-10 15:54:49.045+02:00 SendService.send: processing delivery task topics="send service" tid=19509045 requestId=ebfc820ba89ed4079ba7 msgHash=0xb0ac57aebd3a268a7090833d74b4ffcb8b8ae2ef6dd610c7ded06cf15c90b96a
[2026-10-10 15:54:49.045] [info] [logos] [delivery_module] DeliveryModuleImpl: Send initiated for topic: /lp0026forum/1/general/text, with success, requestId: ebfc820ba89ed4079ba7
[2026-10-10 15:54:49.045] [out] [delivery_module] DBG 2026-10-10 15:54:49.045+02:00 Trying message delivery via Mix            topics="send service mix processor" tid=19509045 requestId=ebfc820ba89ed4079ba7 msgHash=0xb0ac57aebd3a268a7090833d74b4ffcb8b8ae2ef6dd610c7ded06cf15c90b96a tryCount=1
[2026-10-10 15:54:49.045] [out] [delivery_module] DBG 2026-10-10 15:54:49.045+02:00 Publishing message with lightpush          topics="waku node lightpush api" tid=19509045 pubsubTopic=/waku/2/rs/42/0 contentTopic=/lp0026forum/1/general/text target_peer_id=16Uiu2...45QRUf msg_hash=0xb0ac57aebd3a268a7090833d74b4ffcb8b8ae2ef6dd610c7ded06cf15c90b96a mixify=true
[2026-10-10 15:54:49.045] [out] [delivery_module] DBG 2026-10-10 15:54:49.045+02:00 Publish                                    topics="waku lightpush client" tid=19509045 myPeerId=16Uiu2...4G3dgZ peerId= msgHash=0xb0ac57aebd3a268a7090833d74b4ffcb8b8ae2ef6dd610c7ded06cf15c90b96a sentTime=1791640489045892096
[2026-10-10 15:54:49.045] [out] [delivery_module] DBG 2026-10-10 15:54:49.045+02:00 Destination data                           tid=19509045 destination=MixDestination[MixNode](16Uiu2HAkyB6TR997VVKy93MNdp85hJyuMZBMuqDMEbjfr445QRUf)
[2026-10-10 15:54:49.045] [out] [delivery_module] DBG 2026-10-10 15:54:49.045+02:00 Selected mix node:                         tid=19509045 indexInPath=0 peerId=16Uiu2...avPM2L
[2026-10-10 15:54:49.046] [out] [delivery_module] DBG 2026-10-10 15:54:49.046+02:00 Selected mix node:                         tid=19509045 indexInPath=1 peerId=16Uiu2...p3ZiE6
[2026-10-10 15:54:49.046] [out] [delivery_module] DBG 2026-10-10 15:54:49.046+02:00 Selected mix node:                         tid=19509045 indexInPath=2 peerId=16Uiu2...45QRUf
[2026-10-10 15:54:49.046] [out] [delivery_module] DBG 2026-10-10 15:54:49.046+02:00 Selected mix node for surbs:               tid=19509045 indexInPath=0 peerId=16Uiu2...zxaay7
[2026-10-10 15:54:49.046] [out] [delivery_module] DBG 2026-10-10 15:54:49.046+02:00 Selected mix node for surbs:               tid=19509045 indexInPath=1 peerId=16Uiu2...avPM2L
[2026-10-10 15:54:49.365] [out] [delivery_module] INF 2026-10-10 15:54:49.365+02:00 Message received                           tid=19509045 msg_hash=0xb0ac57aebd3a268a7090833d74b4ffcb8b8ae2ef6dd610c7ded06cf15c90b96a contentTopic=/lp0026forum/1/general/text pubsubTopic=/waku/2/rs/42/0 source=live
[2026-10-10 15:54:49.442] [out] [delivery_module] DBG 2026-10-10 15:54:49.442+02:00 Message propagated via Mix                 topics="send service mix processor" tid=19509045 requestId=ebfc820ba89ed4079ba7 msgHash=0xb0ac57aebd3a268a7090833d74b4ffcb8b8ae2ef6dd610c7ded06cf15c90b96a
[2026-10-10 15:54:49.442] [out] [delivery_module] INF 2026-10-10 15:54:49.442+02:00 Message successfully propagated            topics="send service" tid=19509045 requestId=ebfc820ba89ed4079ba7 msgHash=withheld
[2026-10-10 15:54:49.546] [info] [logos] [delivery_module] DeliveryModuleImpl::getNodeInfo called with nodeInfoId: MyPeerId
[QmlInspector] Client disconnected
