run-logos-standalone-ui: hot-reloading QML from <repo>/src/qml
  (export DEV_QML_PATH to override, or LOGOS_QML_HOT_RELOAD=0 to disable)
Session directory: "~/Library/Application Support/Logos/LogosStandalone"
[2026-10-04 18:16:55.277] [info] [logos] Granting host services to 'capability_module': token_registry,token_delivery
[2026-10-04 18:16:55.303] [out] [capability_module] [2026-10-04 18:16:55.303] [info] Granting host services to capability_module: ["token_registry","token_delivery"]
RemoteTransportConnection: Connecting to registry: "local:logos_capability_module_95b2711d042d" at "18:16:55.304"
RemoteTransportConnection: Registry connect attempt started (no peer contact yet): "local:logos_capability_module_95b2711d042d"
LogosAPIConsumer: Informing module token for module: "capability_module" with token: "redacted:0f16630b…"
RemoteTransportConnection: Requesting object: "capability_module" at "18:16:55.304"
[LogosObject] RemoteTransportConnection: returning RemoteLogosObject for: "capability_module"
[LogosObject] Created RemoteLogosObject wrapping QRemoteObjectReplica 105553136104768
[LogosObject] LogosAPIConsumer: calling LogosObject::informModuleToken for "capability_module"
LogosAPIConsumer: informModuleToken completed with result: true
[LogosObject] Destroying RemoteLogosObject 0
[2026-10-04 18:16:55.326] [info] [logos] Module loaded: capability_module
LogosAPIConsumer: Informing module token for module: "modules_state" with token: "redacted:a1bff350…"
RemoteTransportConnection: Requesting object: "capability_module" at "18:16:55.354"
[LogosObject] RemoteTransportConnection: returning RemoteLogosObject for: "capability_module"
[LogosObject] Created RemoteLogosObject wrapping QRemoteObjectReplica 105553135739360
[LogosObject] LogosAPIConsumer: calling LogosObject::informModuleToken for "modules_state"
LogosAPIConsumer: informModuleToken completed with result: true
[LogosObject] Destroying RemoteLogosObject 0
[2026-10-04 18:16:55.354] [info] [logos] Module loaded: modules_state
RemoteTransportConnection: Connecting to registry: "local:logos_modules_state_95b2711d042d" at "18:16:55.354"
RemoteTransportConnection: Registry connect attempt started (no peer contact yet): "local:logos_modules_state_95b2711d042d"
RemoteTransportConnection: Connecting to registry: "local:logos_capability_module_95b2711d042d" at "18:16:55.354"
RemoteTransportConnection: Registry connect attempt started (no peer contact yet): "local:logos_capability_module_95b2711d042d"
LogosAPIConsumer: '"modules_state"::""' deferred pending the module becoming reachable
LogosAPIConsumer: '"modules_state"::""' deferred pending the module becoming reachable
Logos Core started (modules dir: "/nix/store/4v2cj5cr5dlsjb9cl0blr0cds0qf07iv-logos-forum_module-plugin-dir-modules" )
Set app icon from metadata: "/nix/store/hm2v6s8qm0jgxswq3kdn2jyyw3jnbjsz-logos-forum_module-plugin-dir/src/icons/icon.png"
[2026-10-04 18:16:55.389] [info] [logos] [delivery_module] DeliveryModuleImpl: Initializing...
LogosAPIConsumer: Informing module token for module: "delivery_module" with token: "redacted:7ebab5f9…"
RemoteTransportConnection: Requesting object: "capability_module" at "18:16:55.390"
[LogosObject] RemoteTransportConnection: returning RemoteLogosObject for: "capability_module"
[LogosObject] Created RemoteLogosObject wrapping QRemoteObjectReplica 105553135732448
[LogosObject] LogosAPIConsumer: calling LogosObject::informModuleToken for "delivery_module"
LogosAPIConsumer: informModuleToken completed with result: true
[LogosObject] Destroying RemoteLogosObject 0
[2026-10-04 18:16:55.390] [info] [logos] Module loaded: delivery_module
RemoteTransportConnection: Connecting to registry: "local:logos_delivery_module_95b2711d042d" at "18:16:55.391"
RemoteTransportConnection: Registry connect attempt started (no peer contact yet): "local:logos_delivery_module_95b2711d042d"
RemoteTransportConnection: Connecting to registry: "local:logos_capability_module_95b2711d042d" at "18:16:55.391"
RemoteTransportConnection: Registry connect attempt started (no peer contact yet): "local:logos_capability_module_95b2711d042d"
LogosAPIConsumer: '"delivery_module"::""' deferred pending the module becoming reachable
LogosAPIClient: getToken for module: "modules_state"
LogosAPIClient: Found token for module: "modules_state"
RemoteTransportConnection: Requesting object: "modules_state" at "18:16:55.391"
[LogosObject] RemoteTransportConnection: returning RemoteLogosObject for: "modules_state"
[LogosObject] Created RemoteLogosObject wrapping QRemoteObjectReplica 105553135740512
[LogosObject] LogosAPIConsumer: async calling via LogosObject::callMethodAsync "note_transition"
[LogosObject] RemoteLogosObject::callMethodAsync "note_transition" args: 7
LogosAPIClient: getToken for module: "modules_state"
LogosAPIClient: Found token for module: "modules_state"
[LogosObject] LogosAPIConsumer: async calling via LogosObject::callMethodAsync "note_transition"
[LogosObject] RemoteLogosObject::callMethodAsync "note_transition" args: 7
Loaded dependency (with transitive deps): "delivery_module"
[2026-10-04 18:16:55.417] [info] [logos] [storage_module] StorageModuleImpl: Initializing...
LogosAPIConsumer: Informing module token for module: "storage_module" with token: "redacted:b7526a13…"
RemoteTransportConnection: Requesting object: "capability_module" at "18:16:55.418"
[LogosObject] Created RemoteLogosObject wrapping QRemoteObjectReplica 105553136057696
LogosAPIClient: invoking remote method "modules_state" "apply_snapshot" args_count: 1
LogosAPIClient: getToken for module: "modules_state"
LogosAPIClient: Found token for module: "modules_state"
LogosAPIConsumer: Calling invokeRemoteMethod: "modules_state" "apply_snapshot" args_count: 1 timeout: 20000
[LogosObject] LogosAPIConsumer: calling via LogosObject::callMethod "apply_snapshot"
[LogosObject] RemoteLogosObject::callMethod "apply_snapshot" args: 1
[LogosObject] Created RemoteLogosObject wrapping QRemoteObjectReplica 105553135740288
LogosAPIClient: getToken for module: "modules_state"
LogosAPIClient: Found token for module: "modules_state"
[LogosObject] LogosAPIConsumer: async calling via LogosObject::callMethodAsync "note_transition"
[LogosObject] RemoteLogosObject::callMethodAsync "note_transition" args: 7
LogosAPIClient: getToken for module: "modules_state"
LogosAPIClient: Found token for module: "modules_state"
[LogosObject] LogosAPIConsumer: async calling via LogosObject::callMethodAsync "note_transition"
[LogosObject] RemoteLogosObject::callMethodAsync "note_transition" args: 7
[2026-10-04 18:16:55.420] [info] [logos] Pushed module snapshot to modules_state
LogosAPIClient: getToken for module: "modules_state"
LogosAPIClient: Found token for module: "modules_state"
[LogosObject] LogosAPIConsumer: async calling via LogosObject::callMethodAsync "note_transition"
[LogosObject] RemoteLogosObject::callMethodAsync "note_transition" args: 7
[LogosObject] RemoteTransportConnection: returning RemoteLogosObject for: "capability_module"
[LogosObject] Created RemoteLogosObject wrapping QRemoteObjectReplica 105553136115040
[LogosObject] LogosAPIConsumer: calling LogosObject::informModuleToken for "storage_module"
LogosAPIConsumer: informModuleToken completed with result: true
[LogosObject] Destroying RemoteLogosObject 0
[2026-10-04 18:16:55.421] [info] [logos] Module loaded: storage_module
RemoteTransportConnection: Connecting to registry: "local:logos_storage_module_95b2711d042d" at "18:16:55.421"
RemoteTransportConnection: Registry connect attempt started (no peer contact yet): "local:logos_storage_module_95b2711d042d"
RemoteTransportConnection: Connecting to registry: "local:logos_capability_module_95b2711d042d" at "18:16:55.421"
RemoteTransportConnection: Registry connect attempt started (no peer contact yet): "local:logos_capability_module_95b2711d042d"
LogosAPIConsumer: '"storage_module"::""' deferred pending the module becoming reachable
LogosAPIClient: getToken for module: "modules_state"
LogosAPIClient: Found token for module: "modules_state"
[LogosObject] LogosAPIConsumer: async calling via LogosObject::callMethodAsync "note_transition"
[LogosObject] RemoteLogosObject::callMethodAsync "note_transition" args: 7
Loaded dependency (with transitive deps): "storage_module"
DEV_QML_PATH override active: <repo>/src/qml/Main.qml
RemoteTransportConnection: Connecting to registry: "local:logos_capability_module_95b2711d042d" at "18:16:55.421"
RemoteTransportConnection: Registry connect attempt started (no peer contact yet): "local:logos_capability_module_95b2711d042d"
LogosAPIConsumer: Informing module token for module: "forum_module" with token: "redacted:0278d6ed…"
RemoteTransportConnection: Requesting object: "capability_module" at "18:16:55.421"
[LogosObject] RemoteTransportConnection: returning RemoteLogosObject for: "capability_module"
[LogosObject] Created RemoteLogosObject wrapping QRemoteObjectReplica 105553136106496
[LogosObject] LogosAPIConsumer: calling LogosObject::informModuleToken for "forum_module"
[LogosObject] Created RemoteLogosObject wrapping QRemoteObjectReplica 105553135966944
LogosAPIClient: getToken for module: "modules_state"
LogosAPIClient: Found token for module: "modules_state"
[LogosObject] LogosAPIConsumer: async calling via LogosObject::callMethodAsync "note_transition"
[LogosObject] RemoteLogosObject::callMethodAsync "note_transition" args: 7
LogosAPIConsumer: informModuleToken completed with result: true
[LogosObject] Destroying RemoteLogosObject 0
[2026-10-04 18:16:55.450] [warning] [logos] [capability_module] Warning: QObject::connect: No such signal ::eventResponse(QString,QVariantList)
[2026-10-04 18:16:55.451] [info] [logos] [delivery_module] DeliveryModuleImpl::getNodeInfo called with nodeInfoId: MyPeerId
[2026-10-04 18:16:55.451] [info] [logos] [delivery_module] DeliveryModuleImpl: Cannot get node info - context not initialized. Call createNode first.
[2026-10-04 18:16:55.451] [info] [logos] [delivery_module] DeliveryModuleImpl::createNode called
[2026-10-04 18:16:55.456] [info] [logos] [delivery_module] DeliveryModuleImpl: Waiting for createNode callback...
[2026-10-04 18:16:55.457] [out] [delivery_module] DBG 2026-10-04 18:16:55.457+02:00 Whether to mount storeSync is not specified, defaulting to not mounting topics="waku conf builder" tid=6035270
[2026-10-04 18:16:55.457] [out] [delivery_module] INF 2026-10-04 18:16:55.457+02:00 Sharding configuration:                    topics="waku conf builder" tid=6035270 shardingConf="(kind: AutoSharding, numShardsInCluster: 1)" subscribeShards=@[0]
[2026-10-04 18:16:55.457] [out] [delivery_module] INF 2026-10-04 18:16:55.457+02:00 Configuration: Enabled protocols           topics="waku conf" tid=6035270 relay=true rlnRelay=false store=false filter=false lightPush=false peerExchange=false rendezvous=false
[2026-10-04 18:16:55.457] [out] [delivery_module] INF 2026-10-04 18:16:55.457+02:00 Configuration. Network                     topics="waku conf" tid=6035270 cluster=42
[2026-10-04 18:16:55.457] [out] [delivery_module] DBG 2026-10-04 18:16:55.457+02:00 Configuration. Active Relay Shards         topics="waku conf" tid=6035270 shard=0
[2026-10-04 18:16:55.457] [out] [delivery_module] INF 2026-10-04 18:16:55.457+02:00 Setting up storage                         tid=6035270
[2026-10-04 18:16:55.457] [out] [delivery_module] INF 2026-10-04 18:16:55.457+02:00 Initializing node                          tid=6035270
[2026-10-04 18:16:55.457] [out] [delivery_module] INF 2026-10-04 18:16:55.457+02:00 Initializing networking                    tid=6035270 addrs=@[/ip4/127.0.0.1/tcp/51462]
[2026-10-04 18:16:55.457] [out] [delivery_module] INF 2026-10-04 18:16:55.457+02:00 Mounting protocols                         tid=6035270
[2026-10-04 18:16:55.457] [out] [delivery_module] INF 2026-10-04 18:16:55.457+02:00 Created WakuMetadata protocol              topics="waku node" tid=6035270 clusterId=42 shards="[0]"
[2026-10-04 18:16:55.457] [out] [delivery_module] INF 2026-10-04 18:16:55.457+02:00 mounting store client                      topics="waku node store api" tid=6035270
[2026-10-04 18:16:55.457] [out] [delivery_module] INF 2026-10-04 18:16:55.457+02:00 Mounting auto sharding                     topics="waku node" tid=6035270 clusterId=42 shardCount=1
[2026-10-04 18:16:55.457] [out] [delivery_module] DBG 2026-10-04 18:16:55.457+02:00 Shards created from content topics         tid=6035270 contentTopics=[] shards=[]
[2026-10-04 18:16:55.457] [out] [delivery_module] DBG 2026-10-04 18:16:55.457+02:00 Setting max message size                   tid=6035270 num_bytes=153600
[2026-10-04 18:16:55.457] [out] [delivery_module] INF 2026-10-04 18:16:55.457+02:00 mounting relay protocol                    topics="waku node relay api" tid=6035270
[2026-10-04 18:16:55.457] [out] [delivery_module] DBG 2026-10-04 18:16:55.457+02:00 relay mounted successfully                 topics="waku node relay api" tid=6035270
[2026-10-04 18:16:55.457] [out] [delivery_module] DBG 2026-10-04 18:16:55.457+02:00 Adding validator to signed shards          tid=6035270 protectedShards=[] clusterId=42
[2026-10-04 18:16:55.457] [out] [delivery_module] INF 2026-10-04 18:16:55.457+02:00 mounting libp2p ping protocol              topics="waku node ping api" tid=6035270
[2026-10-04 18:16:55.457] [out] [delivery_module] INF 2026-10-04 18:16:55.457+02:00 mounting light push client                 topics="waku node lightpush api" tid=6035270
[2026-10-04 18:16:55.457] [out] [delivery_module] INF 2026-10-04 18:16:55.457+02:00 mounting legacy light push client          topics="waku node lightpush api" tid=6035270
[2026-10-04 18:16:55.457] [out] [delivery_module] INF 2026-10-04 18:16:55.457+02:00 mounting filter client                     topics="waku node filter api" tid=6035270
[2026-10-04 18:16:55.457] [out] [delivery_module] INF 2026-10-04 18:16:55.457+02:00 mounting waku peer exchange client         topics="waku node peerexchange api" tid=6035270
[2026-10-04 18:16:55.457] [out] [delivery_module] INF 2026-10-04 18:16:55.457+02:00 No external callbacks to be set            topics="wakunode waku" tid=6035270
[2026-10-04 18:16:55.457] [out] [delivery_module] INF 2026-10-04 18:16:55.457+02:00 Setting up AutonatService                  topics="libp2p autonatservice" tid=6035270
[2026-10-04 18:16:55.457] [info] [logos] [delivery_module] DeliveryModuleImpl::createNode callback called with ret: 0
[2026-10-04 18:16:55.458] [info] [logos] [delivery_module] DeliveryModuleImpl: Delivery context created successfully
[2026-10-04 18:16:55.458] [info] [logos] [delivery_module] DeliveryModuleImpl::start called
[2026-10-04 18:16:55.458] [out] [delivery_module] INF 2026-10-04 18:16:55.458+02:00 Retrieve dynamic bootstrap nodes           topics="wakunode waku" tid=6035270
[2026-10-04 18:16:55.458] [info] [logos] [delivery_module] DeliveryModuleImpl::getNodeInfo called with nodeInfoId: MyPeerId
[2026-10-04 18:16:55.458] [out] [delivery_module] INF 2026-10-04 18:16:55.458+02:00 Running nwaku node                         tid=6035270 version=v0.39.0-gca2814
[2026-10-04 18:16:55.458] [out] [delivery_module] INF 2026-10-04 18:16:55.458+02:00 Starting Waku node                         topics="waku node" tid=6035270 version=v0.39.0-gca2814
[2026-10-04 18:16:55.458] [out] [delivery_module] DBG 2026-10-04 18:16:55.458+02:00 starting switch for peer                   topics="libp2p switch" tid=6035270 peerInfo="(peerId: 16Uiu2HAmUis9DyNw7S9uDqjNhSTQ8VTtj3y3QLmHLJrcyQsoowAa, listenAddrs: [/ip4/127.0.0.1/tcp/51462], addrs: [], protocols: [/ipfs/id/1.0.0, /libp2p/autonat/1.0.0, /libp2p/circuit/relay/0.2.0/hop, /vac/waku/metadata/1.0.0, /vac/waku/relay/2.0.0, /ipfs/ping/1.0.0, /vac/waku/filter-push/2.0.0-beta1], protoVersion: ipfs/0.1.0, agentVersion: logos-delivery-v0.39.0-gca2814)"
[2026-10-04 18:16:55.458] [out] [delivery_module] DBG 2026-10-04 18:16:55.458+02:00 About to accept incoming connection        topics="libp2p switch" tid=6035270
[2026-10-04 18:16:55.458] [out] [delivery_module] INF 2026-10-04 18:16:55.458+02:00 start                                      topics="waku relay" tid=6035270
[2026-10-04 18:16:55.458] [out] [delivery_module] DBG 2026-10-04 18:16:55.458+02:00 Started libp2p node                        topics="libp2p switch" tid=6035270 peer="(peerId: 16Uiu2HAmUis9DyNw7S9uDqjNhSTQ8VTtj3y3QLmHLJrcyQsoowAa, listenAddrs: [/ip4/127.0.0.1/tcp/51462], addrs: [/ip4/127.0.0.1/tcp/51462], protocols: [/ipfs/id/1.0.0, /libp2p/autonat/1.0.0, /libp2p/circuit/relay/0.2.0/hop, /vac/waku/metadata/1.0.0, /vac/waku/relay/2.0.0, /ipfs/ping/1.0.0, /vac/waku/filter-push/2.0.0-beta1], protoVersion: ipfs/0.1.0, agentVersion: logos-delivery-v0.39.0-gca2814)"
[2026-10-04 18:16:55.459] [out] [delivery_module] INF 2026-10-04 18:16:55.459+02:00 Announced base resolved                    topics="waku node" tid=6035270 addrs=@[/ip4/127.0.0.1/tcp/51462] explicit=@[/ip4/127.0.0.1/tcp/51462]
[2026-10-04 18:16:55.459] [out] [delivery_module] DBG 2026-10-04 18:16:55.459+02:00 ENR addresses updated                      topics="waku enr" tid=6035270 retained=1 total=1
[2026-10-04 18:16:55.459] [out] [delivery_module] INF 2026-10-04 18:16:55.459+02:00 Node started successfully                  topics="waku node" tid=6035270
[2026-10-04 18:16:55.459] [out] [delivery_module] DBG 2026-10-04 18:16:55.459+02:00 Dialing multiple peers                     tid=6035270 numOfPeers=4 nodes="@[\"/ip4/127.0.0.1/tcp/51457/p2p/16Uiu2HAmJdFTkUcLzC3oKqcAjzXLCJZyQCRMnLjY1oHHo7CwjR5K\", \"/ip4/127.0.0.1/tcp/51458/p2p/16Uiu2HAm2zzaKGDnFTtdEcpZKJDDcZB1p6kSX7n2kJdfbteCzKmr\", \"/ip4/127.0.0.1/tcp/51459/p2p/16Uiu2HAmFgZ2E8TquDrYKAhq7ZUGYoUwCaC4iQzJVvg5Vs1y8N7s\", \"/ip4/127.0.0.1/tcp/51460/p2p/16Uiu2HAkwLhwQ3ma9Qo6jpTJxUwt8tgEjrofGSf5LFW7tQbSHhB2\"]"
[2026-10-04 18:16:55.459] [out] [delivery_module] DBG 2026-10-04 18:16:55.459+02:00 Dialing peer                               topics="libp2p dialer" tid=6035270 peerId=16U*CwjR5K addrs="[/ip4/127.0.0.1/tcp/51457]"
[2026-10-04 18:16:55.459] [out] [delivery_module] DBG 2026-10-04 18:16:55.459+02:00 Expanded address and hostname              topics="libp2p dialer" tid=6035270 expandedAddress=/ip4/127.0.0.1/tcp/51457 hostname=127.0.0.1 resolvedAddresses="[/ip4/127.0.0.1/tcp/51457]"
[2026-10-04 18:16:55.460] [out] [delivery_module] DBG 2026-10-04 18:16:55.460+02:00 Dialing peer                               topics="libp2p dialer" tid=6035270 peerId=16U*eCzKmr addrs="[/ip4/127.0.0.1/tcp/51458]"
[2026-10-04 18:16:55.460] [out] [delivery_module] DBG 2026-10-04 18:16:55.460+02:00 Expanded address and hostname              topics="libp2p dialer" tid=6035270 expandedAddress=/ip4/127.0.0.1/tcp/51458 hostname=127.0.0.1 resolvedAddresses="[/ip4/127.0.0.1/tcp/51458]"
[2026-10-04 18:16:55.460] [out] [delivery_module] DBG 2026-10-04 18:16:55.460+02:00 Dialing peer                               topics="libp2p dialer" tid=6035270 peerId=16U*1y8N7s addrs="[/ip4/127.0.0.1/tcp/51459]"
[2026-10-04 18:16:55.460] [out] [delivery_module] DBG 2026-10-04 18:16:55.460+02:00 Expanded address and hostname              topics="libp2p dialer" tid=6035270 expandedAddress=/ip4/127.0.0.1/tcp/51459 hostname=127.0.0.1 resolvedAddresses="[/ip4/127.0.0.1/tcp/51459]"
[2026-10-04 18:16:55.460] [out] [delivery_module] DBG 2026-10-04 18:16:55.460+02:00 Dialing peer                               topics="libp2p dialer" tid=6035270 peerId=16U*bSHhB2 addrs="[/ip4/127.0.0.1/tcp/51460]"
[2026-10-04 18:16:55.460] [out] [delivery_module] DBG 2026-10-04 18:16:55.460+02:00 Expanded address and hostname              topics="libp2p dialer" tid=6035270 expandedAddress=/ip4/127.0.0.1/tcp/51460 hostname=127.0.0.1 resolvedAddresses="[/ip4/127.0.0.1/tcp/51460]"
[2026-10-04 18:16:55.460] [info] [logos] [delivery_module] DeliveryModuleImpl::subscribe called with contentTopic: /lp0026forum/1/general/text
[2026-10-04 18:16:55.460] [out] [delivery_module] DBG 2026-10-04 18:16:55.460+02:00 Subscribing to pubsub topic                topics="waku relay" tid=6035270 pubsubTopic=/waku/2/rs/42/0
[2026-10-04 18:16:55.460] [info] [logos] [delivery_module] DeliveryModuleImpl: Subscribe completed for topic: /lp0026forum/1/general/text with success
[2026-10-04 18:16:55.460] [out] [delivery_module] DBG 2026-10-04 18:16:55.460+02:00 No mesh peer for the given pubsub topic    topics="waku relay" tid=6035270 pubsubTopic=/waku/2/rs/42/0
[2026-10-04 18:16:55.463] [out] [delivery_module] DBG 2026-10-04 18:16:55.463+02:00 Dial successful                            topics="libp2p dialer" tid=6035270 peerId=16U*CwjR5K
[2026-10-04 18:16:55.463] [out] [delivery_module] DBG 2026-10-04 18:16:55.463+02:00 Dial successful                            topics="libp2p dialer" tid=6035270 peerId=16U*1y8N7s
[2026-10-04 18:16:55.463] [out] [delivery_module] DBG 2026-10-04 18:16:55.463+02:00 starting sendNonHighPriorityTask           topics="libp2p pubsubpeer" tid=6035270 p=16U*CwjR5K
[2026-10-04 18:16:55.463] [out] [delivery_module] DBG 2026-10-04 18:16:55.463+02:00 created new pubsub peer                    topics="libp2p pubsub" tid=6035270 peerId=16U*CwjR5K
[2026-10-04 18:16:55.463] [out] [delivery_module] DBG 2026-10-04 18:16:55.463+02:00 no listener registered                     tid=6035271 event=onConnectionChange
[2026-10-04 18:16:55.463] [out] [delivery_module] DBG 2026-10-04 18:16:55.463+02:00 starting sendNonHighPriorityTask           topics="libp2p pubsubpeer" tid=6035270 p=16U*1y8N7s
[2026-10-04 18:16:55.463] [out] [delivery_module] DBG 2026-10-04 18:16:55.463+02:00 created new pubsub peer                    topics="libp2p pubsub" tid=6035270 peerId=16U*1y8N7s
[2026-10-04 18:16:55.463] [out] [delivery_module] DBG 2026-10-04 18:16:55.463+02:00 no listener registered                     tid=6035271 event=onConnectionChange
[2026-10-04 18:16:55.464] [out] [delivery_module] DBG 2026-10-04 18:16:55.464+02:00 Incoming WakuRelay connection              topics="waku relay" tid=6035270 connection=16U*CwjR5K:6ac27bf7d419f8860b9e6d32 protocol=/vac/waku/relay/2.0.0
[2026-10-04 18:16:55.464] [out] [delivery_module] DBG 2026-10-04 18:16:55.464+02:00 starting pubsub read loop                  topics="libp2p pubsubpeer" tid=6035270 stream=16U*CwjR5K:6ac27bf7d419f8860b9e6d32 peer=16U*CwjR5K closed=false
[2026-10-04 18:16:55.464] [out] [delivery_module] DBG 2026-10-04 18:16:55.464+02:00 identify: info sent                        topics="libp2p identify" tid=6035270 stream=16U*CwjR5K:6ac27bf7d419f8860b9e6d33 info="(peerId: 16Uiu2HAmUis9DyNw7S9uDqjNhSTQ8VTtj3y3QLmHLJrcyQsoowAa, listenAddrs: [/ip4/127.0.0.1/tcp/51462], addrs: [/ip4/127.0.0.1/tcp/51462], protocols: [/ipfs/id/1.0.0, /libp2p/autonat/1.0.0, /libp2p/circuit/relay/0.2.0/hop, /vac/waku/metadata/1.0.0, /vac/waku/relay/2.0.0, /ipfs/ping/1.0.0, /vac/waku/filter-push/2.0.0-beta1], protoVersion: ipfs/0.1.0, agentVersion: logos-delivery-v0.39.0-gca2814)"
[2026-10-04 18:16:55.464] [out] [delivery_module] DBG 2026-10-04 18:16:55.464+02:00 Dial successful                            topics="libp2p dialer" tid=6035270 peerId=16U*eCzKmr
[2026-10-04 18:16:55.464] [out] [delivery_module] DBG 2026-10-04 18:16:55.464+02:00 starting sendNonHighPriorityTask           topics="libp2p pubsubpeer" tid=6035270 p=16U*eCzKmr
[2026-10-04 18:16:55.464] [out] [delivery_module] DBG 2026-10-04 18:16:55.464+02:00 created new pubsub peer                    topics="libp2p pubsub" tid=6035270 peerId=16U*eCzKmr
[2026-10-04 18:16:55.464] [out] [delivery_module] DBG 2026-10-04 18:16:55.464+02:00 no listener registered                     tid=6035271 event=onConnectionChange
[2026-10-04 18:16:55.464] [out] [delivery_module] DBG 2026-10-04 18:16:55.464+02:00 Dial successful                            topics="libp2p dialer" tid=6035270 peerId=16U*bSHhB2
[2026-10-04 18:16:55.465] [out] [delivery_module] DBG 2026-10-04 18:16:55.464+02:00 Incoming WakuRelay connection              topics="waku relay" tid=6035270 connection=16U*eCzKmr:6ac27bf7d419f8860b9e6d38 protocol=/vac/waku/relay/2.0.0
[2026-10-04 18:16:55.465] [out] [delivery_module] DBG 2026-10-04 18:16:55.465+02:00 starting pubsub read loop                  topics="libp2p pubsubpeer" tid=6035270 stream=16U*eCzKmr:6ac27bf7d419f8860b9e6d38 peer=16U*eCzKmr closed=false
[2026-10-04 18:16:55.465] [out] [delivery_module] DBG 2026-10-04 18:16:55.465+02:00 identify: info sent                        topics="libp2p identify" tid=6035270 stream=16U*eCzKmr:6ac27bf7d419f8860b9e6d39 info="(peerId: 16Uiu2HAmUis9DyNw7S9uDqjNhSTQ8VTtj3y3QLmHLJrcyQsoowAa, listenAddrs: [/ip4/127.0.0.1/tcp/51462], addrs: [/ip4/127.0.0.1/tcp/51462], protocols: [/ipfs/id/1.0.0, /libp2p/autonat/1.0.0, /libp2p/circuit/relay/0.2.0/hop, /vac/waku/metadata/1.0.0, /vac/waku/relay/2.0.0, /ipfs/ping/1.0.0, /vac/waku/filter-push/2.0.0-beta1], protoVersion: ipfs/0.1.0, agentVersion: logos-delivery-v0.39.0-gca2814)"
[2026-10-04 18:16:55.465] [out] [delivery_module] DBG 2026-10-04 18:16:55.465+02:00 Incoming WakuRelay connection              topics="waku relay" tid=6035270 connection=16U*1y8N7s:6ac27bf7d419f8860b9e6d3a protocol=/vac/waku/relay/2.0.0
[2026-10-04 18:16:55.465] [out] [delivery_module] DBG 2026-10-04 18:16:55.465+02:00 starting pubsub read loop                  topics="libp2p pubsubpeer" tid=6035270 stream=16U*1y8N7s:6ac27bf7d419f8860b9e6d3a peer=16U*1y8N7s closed=false
[2026-10-04 18:16:55.465] [out] [delivery_module] DBG 2026-10-04 18:16:55.465+02:00 identify: info sent                        topics="libp2p identify" tid=6035270 stream=16U*1y8N7s:6ac27bf7d419f8860b9e6d3b info="(peerId: 16Uiu2HAmUis9DyNw7S9uDqjNhSTQ8VTtj3y3QLmHLJrcyQsoowAa, listenAddrs: [/ip4/127.0.0.1/tcp/51462], addrs: [/ip4/127.0.0.1/tcp/51462], protocols: [/ipfs/id/1.0.0, /libp2p/autonat/1.0.0, /libp2p/circuit/relay/0.2.0/hop, /vac/waku/metadata/1.0.0, /vac/waku/relay/2.0.0, /ipfs/ping/1.0.0, /vac/waku/filter-push/2.0.0-beta1], protoVersion: ipfs/0.1.0, agentVersion: logos-delivery-v0.39.0-gca2814)"
[2026-10-04 18:16:55.465] [out] [delivery_module] DBG 2026-10-04 18:16:55.465+02:00 starting sendNonHighPriorityTask           topics="libp2p pubsubpeer" tid=6035270 p=16U*bSHhB2
[2026-10-04 18:16:55.465] [out] [delivery_module] DBG 2026-10-04 18:16:55.465+02:00 created new pubsub peer                    topics="libp2p pubsub" tid=6035270 peerId=16U*bSHhB2
[2026-10-04 18:16:55.465] [out] [delivery_module] DBG 2026-10-04 18:16:55.465+02:00 no listener registered                     tid=6035271 event=onConnectionChange
[2026-10-04 18:16:55.465] [out] [delivery_module] DBG 2026-10-04 18:16:55.465+02:00 Incoming WakuRelay connection              topics="waku relay" tid=6035270 connection=16U*bSHhB2:6ac27bf7d419f8860b9e6d3e protocol=/vac/waku/relay/2.0.0
[2026-10-04 18:16:55.465] [out] [delivery_module] DBG 2026-10-04 18:16:55.465+02:00 starting pubsub read loop                  topics="libp2p pubsubpeer" tid=6035270 stream=16U*bSHhB2:6ac27bf7d419f8860b9e6d3e peer=16U*bSHhB2 closed=false
[2026-10-04 18:16:55.465] [out] [delivery_module] DBG 2026-10-04 18:16:55.465+02:00 identify: info sent                        topics="libp2p identify" tid=6035270 stream=16U*bSHhB2:6ac27bf7d419f8860b9e6d3f info="(peerId: 16Uiu2HAmUis9DyNw7S9uDqjNhSTQ8VTtj3y3QLmHLJrcyQsoowAa, listenAddrs: [/ip4/127.0.0.1/tcp/51462], addrs: [/ip4/127.0.0.1/tcp/51462], protocols: [/ipfs/id/1.0.0, /libp2p/autonat/1.0.0, /libp2p/circuit/relay/0.2.0/hop, /vac/waku/metadata/1.0.0, /vac/waku/relay/2.0.0, /ipfs/ping/1.0.0, /vac/waku/filter-push/2.0.0-beta1], protoVersion: ipfs/0.1.0, agentVersion: logos-delivery-v0.39.0-gca2814)"
[2026-10-04 18:16:55.465] [out] [delivery_module] DBG 2026-10-04 18:16:55.465+02:00 identify: info received                    topics="libp2p identify" tid=6035270 stream=16U*CwjR5K:6ac27bf7d419f8860b9e6d35 pubkey=ok(sec...8b09)) addresses=/ip4/127.0.0.1/tcp/51457 protocols=/ipfs/id/1.0.0,/libp2p/autonat/1.0.0,/libp2p/circuit/relay/0.2.0/hop,/vac/waku/metadata/1.0.0,/mix/1.0.0,/vac/waku/relay/2.0.0,/ipfs/ping/1.0.0,/vac/waku/lightpush/3.0.0,/vac/waku/lightpush/2.0.0-beta1,/vac/waku/filter-push/2.0.0-beta1 observable_address=ok(/ip4/127.0.0.1/tcp/51537) proto_version=ipfs/0.1.0 agent_version=logos-delivery-v0.39.0-gca2814 signedPeerRecord=None
[2026-10-04 18:16:55.466] [out] [delivery_module] DBG 2026-10-04 18:16:55.466+02:00 identify: info received                    topics="libp2p identify" tid=6035270 stream=16U*1y8N7s:6ac27bf7d419f8860b9e6d37 pubkey=ok(sec...72af)) addresses=/ip4/127.0.0.1/tcp/51459 protocols=/ipfs/id/1.0.0,/libp2p/autonat/1.0.0,/libp2p/circuit/relay/0.2.0/hop,/vac/waku/metadata/1.0.0,/mix/1.0.0,/vac/waku/relay/2.0.0,/ipfs/ping/1.0.0,/vac/waku/lightpush/3.0.0,/vac/waku/lightpush/2.0.0-beta1,/vac/waku/filter-push/2.0.0-beta1 observable_address=ok(/ip4/127.0.0.1/tcp/51539) proto_version=ipfs/0.1.0 agent_version=logos-delivery-v0.39.0-gca2814 signedPeerRecord=None
[2026-10-04 18:16:55.466] [out] [delivery_module] DBG 2026-10-04 18:16:55.466+02:00 starting pubsub read loop                  topics="libp2p pubsubpeer" tid=6035270 stream=16U*CwjR5K:6ac27bf7d419f8860b9e6d34 peer=16U*CwjR5K closed=false
[2026-10-04 18:16:55.466] [out] [delivery_module] DBG 2026-10-04 18:16:55.466+02:00 Event identified                           topics="waku node peer_manager" tid=6035270 peerId=16U*CwjR5K
[2026-10-04 18:16:55.466] [out] [delivery_module] DBG 2026-10-04 18:16:55.466+02:00 starting pubsub read loop                  topics="libp2p pubsubpeer" tid=6035270 stream=16U*1y8N7s:6ac27bf7d419f8860b9e6d36 peer=16U*1y8N7s closed=false
[2026-10-04 18:16:55.466] [out] [delivery_module] DBG 2026-10-04 18:16:55.466+02:00 no listener registered                     tid=6035271 event=onConnectionChange
[2026-10-04 18:16:55.466] [out] [delivery_module] DBG 2026-10-04 18:16:55.466+02:00 Event identified                           topics="waku node peer_manager" tid=6035270 peerId=16U*1y8N7s
[2026-10-04 18:16:55.466] [out] [delivery_module] DBG 2026-10-04 18:16:55.466+02:00 no listener registered                     tid=6035271 event=onConnectionChange
[2026-10-04 18:16:55.466] [out] [delivery_module] DBG 2026-10-04 18:16:55.466+02:00 identify: info received                    topics="libp2p identify" tid=6035270 stream=16U*eCzKmr:6ac27bf7d419f8860b9e6d3d pubkey=ok(sec...d58c)) addresses=/ip4/127.0.0.1/tcp/51458 protocols=/ipfs/id/1.0.0,/libp2p/autonat/1.0.0,/libp2p/circuit/relay/0.2.0/hop,/vac/waku/metadata/1.0.0,/mix/1.0.0,/vac/waku/relay/2.0.0,/ipfs/ping/1.0.0,/vac/waku/lightpush/3.0.0,/vac/waku/lightpush/2.0.0-beta1,/vac/waku/filter-push/2.0.0-beta1 observable_address=ok(/ip4/127.0.0.1/tcp/51538) proto_version=ipfs/0.1.0 agent_version=logos-delivery-v0.39.0-gca2814 signedPeerRecord=None
[2026-10-04 18:16:55.467] [out] [delivery_module] DBG 2026-10-04 18:16:55.467+02:00 starting pubsub read loop                  topics="libp2p pubsubpeer" tid=6035270 stream=16U*eCzKmr:6ac27bf7d419f8860b9e6d3c peer=16U*eCzKmr closed=false
[2026-10-04 18:16:55.467] [out] [delivery_module] DBG 2026-10-04 18:16:55.467+02:00 Event identified                           topics="waku node peer_manager" tid=6035270 peerId=16U*eCzKmr
[2026-10-04 18:16:55.467] [out] [delivery_module] DBG 2026-10-04 18:16:55.467+02:00 no listener registered                     tid=6035271 event=onConnectionChange
[2026-10-04 18:16:55.467] [out] [delivery_module] DBG 2026-10-04 18:16:55.467+02:00 identify: info received                    topics="libp2p identify" tid=6035270 stream=16U*bSHhB2:6ac27bf7d419f8860b9e6d41 pubkey=ok(sec...3818)) addresses=/ip4/127.0.0.1/tcp/51460 protocols=/ipfs/id/1.0.0,/libp2p/autonat/1.0.0,/libp2p/circuit/relay/0.2.0/hop,/vac/waku/metadata/1.0.0,/mix/1.0.0,/vac/waku/relay/2.0.0,/ipfs/ping/1.0.0,/vac/waku/lightpush/3.0.0,/vac/waku/lightpush/2.0.0-beta1,/vac/waku/filter-push/2.0.0-beta1 observable_address=ok(/ip4/127.0.0.1/tcp/51540) proto_version=ipfs/0.1.0 agent_version=logos-delivery-v0.39.0-gca2814 signedPeerRecord=None
[2026-10-04 18:16:55.468] [out] [delivery_module] DBG 2026-10-04 18:16:55.468+02:00 starting pubsub read loop                  topics="libp2p pubsubpeer" tid=6035270 stream=16U*bSHhB2:6ac27bf7d419f8860b9e6d40 peer=16U*bSHhB2 closed=false
[2026-10-04 18:16:55.468] [out] [delivery_module] DBG 2026-10-04 18:16:55.468+02:00 Event identified                           topics="waku node peer_manager" tid=6035270 peerId=16U*bSHhB2
[2026-10-04 18:16:55.468] [out] [delivery_module] DBG 2026-10-04 18:16:55.468+02:00 no listener registered                     tid=6035271 event=onConnectionChange
[2026-10-04 18:16:55.468] [out] [delivery_module] DBG 2026-10-04 18:16:55.468+02:00 Received WakuMetadata request              topics="waku metadata" tid=6035270 remoteClusterId=ok(42) remoteShards="[0]" localClusterId=42 localShards="[0]" peer=16U*CwjR5K
[2026-10-04 18:16:55.469] [out] [delivery_module] DBG 2026-10-04 18:16:55.469+02:00 Received WakuMetadata request              topics="waku metadata" tid=6035270 remoteClusterId=ok(42) remoteShards="[0]" localClusterId=42 localShards="[0]" peer=16U*eCzKmr
[2026-10-04 18:16:55.469] [out] [delivery_module] DBG 2026-10-04 18:16:55.469+02:00 Received WakuMetadata request              topics="waku metadata" tid=6035270 remoteClusterId=ok(42) remoteShards="[0]" localClusterId=42 localShards="[0]" peer=16U*1y8N7s
[2026-10-04 18:16:55.469] [out] [delivery_module] DBG 2026-10-04 18:16:55.469+02:00 no listener registered                     tid=6035271 event=onConnectionChange
[2026-10-04 18:16:55.469] [out] [delivery_module] DBG 2026-10-04 18:16:55.469+02:00 no listener registered                     tid=6035271 event=onConnectionChange
[2026-10-04 18:16:55.469] [out] [delivery_module] DBG 2026-10-04 18:16:55.469+02:00 Received WakuMetadata request              topics="waku metadata" tid=6035270 remoteClusterId=ok(42) remoteShards="[0]" localClusterId=42 localShards="[0]" peer=16U*bSHhB2
[2026-10-04 18:16:55.470] [out] [delivery_module] DBG 2026-10-04 18:16:55.470+02:00 no listener registered                     tid=6035271 event=onConnectionChange
[2026-10-04 18:16:55.470] [out] [delivery_module] DBG 2026-10-04 18:16:55.470+02:00 no listener registered                     tid=6035271 event=onConnectionChange
[2026-10-04 18:16:55.470] [out] [delivery_module] DBG 2026-10-04 18:16:55.470+02:00 Finished dialing multiple peers            tid=6035270 successfulConns=4 attempted=4
[2026-10-04 18:16:55.471] [out] [delivery_module] DBG 2026-10-04 18:16:55.470+02:00 Starting peer exchange loop                topics="waku node peerexchange api" tid=6035270
[2026-10-04 18:16:55.471] [out] [delivery_module] DBG 2026-10-04 18:16:55.471+02:00 Retrieving peer info via peer exchange protocol topics="waku node peerexchange api" tid=6035270 amount=5
[2026-10-04 18:16:55.471] [out] [delivery_module] DBG 2026-10-04 18:16:55.471+02:00 Peer exchange request could not be made as no peer exchange peers found topics="waku peer_exchange client" tid=6035270
[2026-10-04 18:16:55.471] [out] [delivery_module] DBG 2026-10-04 18:16:55.471+02:00 Failed to retrieve peer info via peer exchange protocol topics="waku node peerexchange api" tid=6035270 error="(status_code: SERVICE_UNAVAILABLE, status_desc: ok(peer_not_found_failure))"
[2026-10-04 18:16:55.471] [out] [delivery_module] DBG 2026-10-04 18:16:55.471+02:00 Cannot fetch peers from peer exchange      topics="waku node peerexchange api" tid=6035270 cause="(status_code: SERVICE_UNAVAILABLE, status_desc: ok(peer_not_found_failure))"
[2026-10-04 18:16:55.471] [out] [delivery_module] INF 2026-10-04 18:16:55.471+02:00 Relay peer connections                     topics="waku node peer_manager" tid=6035270 inRelayConns=0/50 outRelayConns=4/25 totalConnections=4/150 notConnectedPeers=0 outsideBackoffPeers=0
[2026-10-04 18:16:55.471] [out] [delivery_module] DBG 2026-10-04 18:16:55.471+02:00 ENR addresses updated                      topics="waku enr" tid=6035270 retained=1 total=1
[2026-10-04 18:16:55.471] [out] [delivery_module] INF 2026-10-04 18:16:55.471+02:00 Node is online                             topics="waku online monitor" tid=6035270
[2026-10-04 18:16:55.471] [out] [delivery_module] INF 2026-10-04 18:16:55.471+02:00 Health monitor loop start                  tid=6035270
[2026-10-04 18:16:55.471] [out] [delivery_module] DBG 2026-10-04 18:16:55.471+02:00 calculateConnectionState                   tid=6035270 relayCount=4 storeClientCount=0 lightpushCount=4 filterCount=0
[2026-10-04 18:16:55.471] [out] [delivery_module] DBG 2026-10-04 18:16:55.471+02:00 connectionStatus change                    tid=6035270 oldstatus=Disconnected newstatus=Connected
[2026-10-04 18:16:55.472] [out] [delivery_module] INF 2026-10-04 18:16:55.471+02:00 starting keepalive                         tid=6035270 randomPeersKeepalive=10s allPeersKeepalive=2m
Loaded UI plugin: "/nix/store/hm2v6s8qm0jgxswq3kdn2jyyw3jnbjsz-logos-forum_module-plugin-dir"
[2026-10-04 18:16:55.562] [out] [delivery_module] DBG 2026-10-04 18:16:55.562+02:00 no listener registered                     tid=6035271 event=onTopicHealthChange
[2026-10-04 18:16:55.573] [out] [delivery_module] DBG 2026-10-04 18:16:55.573+02:00 calculateConnectionState                   tid=6035270 relayCount=4 storeClientCount=0 lightpushCount=4 filterCount=0
[QmlInspector] Inspector server listening on port 3769
[QmlInspector] Client connected from "::1"
[2026-10-04 18:17:03.272] [out] [delivery_module] INF 2026-10-04 18:17:03.272+02:00 Message received                           tid=6035270 msg_hash=0xa922aa66b87a832cfcf3f57af7823b25b80d4b8332178a36812e39e30cc62f16 contentTopic=/lp0026forum/1/general/text pubsubTopic=/waku/2/rs/42/0 source=live
[QmlInspector] Client disconnected
