run-logos-standalone-ui: hot-reloading QML from <repo>/src/qml
  (export DEV_QML_PATH to override, or LOGOS_QML_HOT_RELOAD=0 to disable)
Session directory: "~/Library/Application Support/Logos/LogosStandalone"
[2026-10-04 18:16:55.277] [info] [logos] Granting host services to 'capability_module': token_registry,token_delivery
[2026-10-04 18:16:55.303] [out] [capability_module] [2026-10-04 18:16:55.303] [info] Granting host services to capability_module: ["token_registry","token_delivery"]
RemoteTransportConnection: Connecting to registry: "local:logos_capability_module_1dbae52f450c" at "18:16:55.304"
RemoteTransportConnection: Registry connect attempt started (no peer contact yet): "local:logos_capability_module_1dbae52f450c"
LogosAPIConsumer: Informing module token for module: "capability_module" with token: "redacted:35f79a40…"
RemoteTransportConnection: Requesting object: "capability_module" at "18:16:55.304"
[LogosObject] RemoteTransportConnection: returning RemoteLogosObject for: "capability_module"
[LogosObject] Created RemoteLogosObject wrapping QRemoteObjectReplica 105553175672896
[LogosObject] LogosAPIConsumer: calling LogosObject::informModuleToken for "capability_module"
LogosAPIConsumer: informModuleToken completed with result: true
[LogosObject] Destroying RemoteLogosObject 0
[2026-10-04 18:16:55.327] [info] [logos] Module loaded: capability_module
LogosAPIConsumer: Informing module token for module: "modules_state" with token: "redacted:300bbafc…"
RemoteTransportConnection: Requesting object: "capability_module" at "18:16:55.354"
[LogosObject] RemoteTransportConnection: returning RemoteLogosObject for: "capability_module"
[LogosObject] Created RemoteLogosObject wrapping QRemoteObjectReplica 105553175686624
[LogosObject] LogosAPIConsumer: calling LogosObject::informModuleToken for "modules_state"
LogosAPIConsumer: informModuleToken completed with result: true
[LogosObject] Destroying RemoteLogosObject 0
[2026-10-04 18:16:55.354] [info] [logos] Module loaded: modules_state
RemoteTransportConnection: Connecting to registry: "local:logos_modules_state_1dbae52f450c" at "18:16:55.354"
RemoteTransportConnection: Registry connect attempt started (no peer contact yet): "local:logos_modules_state_1dbae52f450c"
RemoteTransportConnection: Connecting to registry: "local:logos_capability_module_1dbae52f450c" at "18:16:55.354"
RemoteTransportConnection: Registry connect attempt started (no peer contact yet): "local:logos_capability_module_1dbae52f450c"
LogosAPIConsumer: '"modules_state"::""' deferred pending the module becoming reachable
LogosAPIConsumer: '"modules_state"::""' deferred pending the module becoming reachable
Logos Core started (modules dir: "/nix/store/4v2cj5cr5dlsjb9cl0blr0cds0qf07iv-logos-forum_module-plugin-dir-modules" )
Set app icon from metadata: "/nix/store/hm2v6s8qm0jgxswq3kdn2jyyw3jnbjsz-logos-forum_module-plugin-dir/src/icons/icon.png"
[2026-10-04 18:16:55.389] [info] [logos] [delivery_module] DeliveryModuleImpl: Initializing...
LogosAPIConsumer: Informing module token for module: "delivery_module" with token: "redacted:913d6568…"
RemoteTransportConnection: Requesting object: "capability_module" at "18:16:55.390"
[LogosObject] RemoteTransportConnection: returning RemoteLogosObject for: "capability_module"
[LogosObject] Created RemoteLogosObject wrapping QRemoteObjectReplica 105553175879840
[LogosObject] LogosAPIConsumer: calling LogosObject::informModuleToken for "delivery_module"
LogosAPIConsumer: informModuleToken completed with result: true
[LogosObject] Destroying RemoteLogosObject 0
[2026-10-04 18:16:55.390] [info] [logos] Module loaded: delivery_module
RemoteTransportConnection: Connecting to registry: "local:logos_delivery_module_1dbae52f450c" at "18:16:55.391"
RemoteTransportConnection: Registry connect attempt started (no peer contact yet): "local:logos_delivery_module_1dbae52f450c"
RemoteTransportConnection: Connecting to registry: "local:logos_capability_module_1dbae52f450c" at "18:16:55.391"
RemoteTransportConnection: Registry connect attempt started (no peer contact yet): "local:logos_capability_module_1dbae52f450c"
LogosAPIConsumer: '"delivery_module"::""' deferred pending the module becoming reachable
LogosAPIClient: getToken for module: "modules_state"
LogosAPIClient: Found token for module: "modules_state"
RemoteTransportConnection: Requesting object: "modules_state" at "18:16:55.391"
[LogosObject] RemoteTransportConnection: returning RemoteLogosObject for: "modules_state"
[LogosObject] Created RemoteLogosObject wrapping QRemoteObjectReplica 105553175879552
[LogosObject] LogosAPIConsumer: async calling via LogosObject::callMethodAsync "note_transition"
[LogosObject] RemoteLogosObject::callMethodAsync "note_transition" args: 7
LogosAPIClient: getToken for module: "modules_state"
LogosAPIClient: Found token for module: "modules_state"
[LogosObject] LogosAPIConsumer: async calling via LogosObject::callMethodAsync "note_transition"
[LogosObject] RemoteLogosObject::callMethodAsync "note_transition" args: 7
Loaded dependency (with transitive deps): "delivery_module"
[2026-10-04 18:16:55.417] [info] [logos] [storage_module] StorageModuleImpl: Initializing...
LogosAPIConsumer: Informing module token for module: "storage_module" with token: "redacted:a4d93740…"
RemoteTransportConnection: Requesting object: "capability_module" at "18:16:55.418"
[LogosObject] Created RemoteLogosObject wrapping QRemoteObjectReplica 105553175695456
LogosAPIClient: invoking remote method "modules_state" "apply_snapshot" args_count: 1
LogosAPIClient: getToken for module: "modules_state"
LogosAPIClient: Found token for module: "modules_state"
LogosAPIConsumer: Calling invokeRemoteMethod: "modules_state" "apply_snapshot" args_count: 1 timeout: 20000
[LogosObject] LogosAPIConsumer: calling via LogosObject::callMethod "apply_snapshot"
[LogosObject] RemoteLogosObject::callMethod "apply_snapshot" args: 1
[2026-10-04 18:16:55.420] [info] [logos] Pushed module snapshot to modules_state
LogosAPIClient: getToken for module: "modules_state"
LogosAPIClient: Found token for module: "modules_state"
[LogosObject] LogosAPIConsumer: async calling via LogosObject::callMethodAsync "note_transition"
[LogosObject] RemoteLogosObject::callMethodAsync "note_transition" args: 7
LogosAPIClient: getToken for module: "modules_state"
LogosAPIClient: Found token for module: "modules_state"
[LogosObject] LogosAPIConsumer: async calling via LogosObject::callMethodAsync "note_transition"
[LogosObject] RemoteLogosObject::callMethodAsync "note_transition" args: 7
[LogosObject] Created RemoteLogosObject wrapping QRemoteObjectReplica 105553175882592
LogosAPIClient: getToken for module: "modules_state"
LogosAPIClient: Found token for module: "modules_state"
[LogosObject] LogosAPIConsumer: async calling via LogosObject::callMethodAsync "note_transition"
[LogosObject] RemoteLogosObject::callMethodAsync "note_transition" args: 7
[LogosObject] RemoteTransportConnection: returning RemoteLogosObject for: "capability_module"
[LogosObject] Created RemoteLogosObject wrapping QRemoteObjectReplica 105553175879584
[LogosObject] LogosAPIConsumer: calling LogosObject::informModuleToken for "storage_module"
LogosAPIConsumer: informModuleToken completed with result: true
[LogosObject] Destroying RemoteLogosObject 0
[2026-10-04 18:16:55.421] [info] [logos] Module loaded: storage_module
RemoteTransportConnection: Connecting to registry: "local:logos_storage_module_1dbae52f450c" at "18:16:55.421"
RemoteTransportConnection: Registry connect attempt started (no peer contact yet): "local:logos_storage_module_1dbae52f450c"
RemoteTransportConnection: Connecting to registry: "local:logos_capability_module_1dbae52f450c" at "18:16:55.421"
RemoteTransportConnection: Registry connect attempt started (no peer contact yet): "local:logos_capability_module_1dbae52f450c"
LogosAPIConsumer: '"storage_module"::""' deferred pending the module becoming reachable
LogosAPIClient: getToken for module: "modules_state"
LogosAPIClient: Found token for module: "modules_state"
[LogosObject] LogosAPIConsumer: async calling via LogosObject::callMethodAsync "note_transition"
[LogosObject] RemoteLogosObject::callMethodAsync "note_transition" args: 7
Loaded dependency (with transitive deps): "storage_module"
DEV_QML_PATH override active: <repo>/src/qml/Main.qml
RemoteTransportConnection: Connecting to registry: "local:logos_capability_module_1dbae52f450c" at "18:16:55.421"
RemoteTransportConnection: Registry connect attempt started (no peer contact yet): "local:logos_capability_module_1dbae52f450c"
LogosAPIConsumer: Informing module token for module: "forum_module" with token: "redacted:0b43580a…"
RemoteTransportConnection: Requesting object: "capability_module" at "18:16:55.421"
[LogosObject] RemoteTransportConnection: returning RemoteLogosObject for: "capability_module"
[LogosObject] Created RemoteLogosObject wrapping QRemoteObjectReplica 105553175760608
[LogosObject] LogosAPIConsumer: calling LogosObject::informModuleToken for "forum_module"
[LogosObject] Created RemoteLogosObject wrapping QRemoteObjectReplica 105553175695488
LogosAPIClient: getToken for module: "modules_state"
LogosAPIClient: Found token for module: "modules_state"
[LogosObject] LogosAPIConsumer: async calling via LogosObject::callMethodAsync "note_transition"
[LogosObject] RemoteLogosObject::callMethodAsync "note_transition" args: 7
LogosAPIConsumer: informModuleToken completed with result: true
[LogosObject] Destroying RemoteLogosObject 0
[2026-10-04 18:16:55.451] [warning] [logos] [capability_module] Warning: QObject::connect: No such signal ::eventResponse(QString,QVariantList)
[2026-10-04 18:16:55.451] [info] [logos] [delivery_module] DeliveryModuleImpl::getNodeInfo called with nodeInfoId: MyPeerId
[2026-10-04 18:16:55.451] [info] [logos] [delivery_module] DeliveryModuleImpl: Cannot get node info - context not initialized. Call createNode first.
[2026-10-04 18:16:55.451] [info] [logos] [delivery_module] DeliveryModuleImpl::createNode called
[2026-10-04 18:16:55.455] [info] [logos] [delivery_module] DeliveryModuleImpl: Waiting for createNode callback...
[2026-10-04 18:16:55.457] [out] [delivery_module] DBG 2026-10-04 18:16:55.457+02:00 Whether to mount storeSync is not specified, defaulting to not mounting topics="waku conf builder" tid=6035268
[2026-10-04 18:16:55.457] [out] [delivery_module] INF 2026-10-04 18:16:55.457+02:00 Sharding configuration:                    topics="waku conf builder" tid=6035268 shardingConf="(kind: AutoSharding, numShardsInCluster: 1)" subscribeShards=@[0]
[2026-10-04 18:16:55.457] [out] [delivery_module] INF 2026-10-04 18:16:55.457+02:00 Configuration: Enabled protocols           topics="waku conf" tid=6035268 relay=true rlnRelay=false store=false filter=false lightPush=false peerExchange=false rendezvous=false
[2026-10-04 18:16:55.457] [out] [delivery_module] INF 2026-10-04 18:16:55.457+02:00 Configuration. Network                     topics="waku conf" tid=6035268 cluster=42
[2026-10-04 18:16:55.457] [out] [delivery_module] DBG 2026-10-04 18:16:55.457+02:00 Configuration. Active Relay Shards         topics="waku conf" tid=6035268 shard=0
[2026-10-04 18:16:55.457] [out] [delivery_module] INF 2026-10-04 18:16:55.457+02:00 Setting up storage                         tid=6035268
[2026-10-04 18:16:55.457] [out] [delivery_module] INF 2026-10-04 18:16:55.457+02:00 Initializing node                          tid=6035268
[2026-10-04 18:16:55.457] [out] [delivery_module] INF 2026-10-04 18:16:55.457+02:00 Initializing networking                    tid=6035268 addrs=@[/ip4/127.0.0.1/tcp/51461]
[2026-10-04 18:16:55.457] [out] [delivery_module] INF 2026-10-04 18:16:55.457+02:00 Mounting protocols                         tid=6035268
[2026-10-04 18:16:55.457] [out] [delivery_module] INF 2026-10-04 18:16:55.457+02:00 Created WakuMetadata protocol              topics="waku node" tid=6035268 clusterId=42 shards="[0]"
[2026-10-04 18:16:55.457] [out] [delivery_module] INF 2026-10-04 18:16:55.457+02:00 Mounting mix protocol                      topics="waku node" tid=6035268INF 2026-10-04 18:16:55.457+02:00 node info                                  topics="waku node" tid=6035268 wakuInfo="(listenAddresses: [/ip4/127.0.0.1/tcp/51461/p2p/16Uiu2HAm5ZQQ9y2w2VysmmN1o2QArMdnbsEDFuLFL1meqwz4V5fn], enrUri: enr:-JS4QPMgDvrA3rh2obzpCEr_pwbAtSuyXaIacP3rdlclvKAhXlcOHDBuBtiuzXnNUh8Ssr3RHqB9AQtq8h08bWHoxF4BgmlkgnY0gmlwhH8AAAGCcnOFACoBAACJc2VjcDI1NmsxoQKWj-Y_yHXiAmMVOeRawk-MytEoVfDX4AE-q7cnAyaQCYN0Y3CCyQWFd2FrdTIh, mixPubKey: none())"
[2026-10-04 18:16:55.457] [out] [delivery_module]  nodeId="(listenAddresses: [/ip4/127.0.0.1/tcp/51461/p2p/16Uiu2HAm5ZQQ9y2w2VysmmN1o2QArMdnbsEDFuLFL1meqwz4V5fn], enrUri: enr:-JS4QPMgDvrA3rh2obzpCEr_pwbAtSuyXaIacP3rdlclvKAhXlcOHDBuBtiuzXnNUh8Ssr3RHqB9AQtq8h08bWHoxF4BgmlkgnY0gmlwhH8AAAGCcnOFACoBAACJc2VjcDI1NmsxoQKWj-Y_yHXiAmMVOeRawk-MytEoVfDX4AE-q7cnAyaQCYN0Y3CCyQWFd2FrdTIh, mixPubKey: none())"
[2026-10-04 18:16:55.457] [out] [delivery_module] INF 2026-10-04 18:16:55.457+02:00 local addr                                 topics="waku node" tid=6035268 localaddr=/ip4/127.0.0.1/tcp/51461
[2026-10-04 18:16:55.457] [out] [delivery_module] INF 2026-10-04 18:16:55.457+02:00 mixPubKey                                  topics="waku node" tid=6035268 mixPubKey="[165, 114, 93, 13, 228, 150, 226, 83, 197, 139, 230, 75, 206, 136, 8, 1, 203, 134, 129, 38, 158, 167, 237, 164, 92, 156, 51, 102, 57, 152, 54, 49]"
[2026-10-04 18:16:55.458] [out] [delivery_module] INF 2026-10-04 18:16:55.458+02:00 Using mix bootstrap nodes                  topics="waku mix" tid=6035268 entries=4 poolSize=4
[2026-10-04 18:16:55.458] [out] [delivery_module] INF 2026-10-04 18:16:55.458+02:00 mounting store client                      topics="waku node store api" tid=6035268
[2026-10-04 18:16:55.458] [out] [delivery_module] INF 2026-10-04 18:16:55.458+02:00 Mounting auto sharding                     topics="waku node" tid=6035268 clusterId=42 shardCount=1
[2026-10-04 18:16:55.458] [out] [delivery_module] DBG 2026-10-04 18:16:55.458+02:00 Shards created from content topics         tid=6035268 contentTopics=[] shards=[]
[2026-10-04 18:16:55.458] [out] [delivery_module] DBG 2026-10-04 18:16:55.458+02:00 Setting max message size                   tid=6035268 num_bytes=153600
[2026-10-04 18:16:55.458] [out] [delivery_module] INF 2026-10-04 18:16:55.458+02:00 mounting relay protocol                    topics="waku node relay api" tid=6035268
[2026-10-04 18:16:55.458] [out] [delivery_module] DBG 2026-10-04 18:16:55.458+02:00 relay mounted successfully                 topics="waku node relay api" tid=6035268
[2026-10-04 18:16:55.458] [out] [delivery_module] DBG 2026-10-04 18:16:55.458+02:00 Adding validator to signed shards          tid=6035268 protectedShards=[] clusterId=42
[2026-10-04 18:16:55.458] [out] [delivery_module] INF 2026-10-04 18:16:55.458+02:00 mounting libp2p ping protocol              topics="waku node ping api" tid=6035268
[2026-10-04 18:16:55.458] [out] [delivery_module] INF 2026-10-04 18:16:55.458+02:00 mounting light push client                 topics="waku node lightpush api" tid=6035268
[2026-10-04 18:16:55.458] [out] [delivery_module] INF 2026-10-04 18:16:55.458+02:00 mounting legacy light push client          topics="waku node lightpush api" tid=6035268
[2026-10-04 18:16:55.458] [out] [delivery_module] DBG 2026-10-04 18:16:55.458+02:00 Adding peer to service slots               topics="waku node peer_manager" tid=6035268 peerId=16U*CwjR5K addr=/ip4/127.0.0.1/tcp/51457 service=/vac/waku/lightpush/3.0.0
[2026-10-04 18:16:55.458] [out] [delivery_module] DBG 2026-10-04 18:16:55.458+02:00 Adding peer to service slots               topics="waku node peer_manager" tid=6035268 peerId=16U*CwjR5K addr=/ip4/127.0.0.1/tcp/51457 service=/vac/waku/lightpush/2.0.0-beta1
[2026-10-04 18:16:55.458] [out] [delivery_module] INF 2026-10-04 18:16:55.458+02:00 mounting filter client                     topics="waku node filter api" tid=6035268
[2026-10-04 18:16:55.458] [out] [delivery_module] INF 2026-10-04 18:16:55.458+02:00 mounting waku peer exchange client         topics="waku node peerexchange api" tid=6035268
[2026-10-04 18:16:55.458] [out] [delivery_module] INF 2026-10-04 18:16:55.458+02:00 No external callbacks to be set            topics="wakunode waku" tid=6035268
[2026-10-04 18:16:55.458] [out] [delivery_module] INF 2026-10-04 18:16:55.458+02:00 Setting up AutonatService                  topics="libp2p autonatservice" tid=6035268
[2026-10-04 18:16:55.458] [info] [logos] [delivery_module] DeliveryModuleImpl::createNode callback called with ret: 0
[2026-10-04 18:16:55.459] [info] [logos] [delivery_module] DeliveryModuleImpl: Delivery context created successfully
[2026-10-04 18:16:55.459] [info] [logos] [delivery_module] DeliveryModuleImpl::start called
[2026-10-04 18:16:55.459] [out] [delivery_module] INF 2026-10-04 18:16:55.459+02:00 Retrieve dynamic bootstrap nodes           topics="wakunode waku" tid=6035268
[2026-10-04 18:16:55.459] [out] [delivery_module] INF 2026-10-04 18:16:55.459+02:00 Running nwaku node                         tid=6035268 version=v0.39.0-gca2814
[2026-10-04 18:16:55.459] [info] [logos] [delivery_module] DeliveryModuleImpl::getNodeInfo called with nodeInfoId: MyPeerId
[2026-10-04 18:16:55.459] [out] [delivery_module] INF 2026-10-04 18:16:55.459+02:00 Starting Waku node                         topics="waku node" tid=6035268 version=v0.39.0-gca2814
[2026-10-04 18:16:55.459] [out] [delivery_module] DBG 2026-10-04 18:16:55.459+02:00 starting switch for peer                   topics="libp2p switch" tid=6035268 peerInfo="(peerId: 16Uiu2HAm5ZQQ9y2w2VysmmN1o2QArMdnbsEDFuLFL1meqwz4V5fn, listenAddrs: [/ip4/127.0.0.1/tcp/51461], addrs: [], protocols: [/ipfs/id/1.0.0, /libp2p/autonat/1.0.0, /libp2p/circuit/relay/0.2.0/hop, /vac/waku/metadata/1.0.0, /mix/1.0.0, /vac/waku/relay/2.0.0, /ipfs/ping/1.0.0, /vac/waku/filter-push/2.0.0-beta1], protoVersion: ipfs/0.1.0, agentVersion: logos-delivery-v0.39.0-gca2814)"
[2026-10-04 18:16:55.459] [out] [delivery_module] DBG 2026-10-04 18:16:55.459+02:00 About to accept incoming connection        topics="libp2p switch" tid=6035268
[2026-10-04 18:16:55.460] [out] [delivery_module] INF 2026-10-04 18:16:55.460+02:00 start                                      topics="waku relay" tid=6035268
[2026-10-04 18:16:55.460] [out] [delivery_module] DBG 2026-10-04 18:16:55.460+02:00 Started libp2p node                        topics="libp2p switch" tid=6035268 peer="(peerId: 16Uiu2HAm5ZQQ9y2w2VysmmN1o2QArMdnbsEDFuLFL1meqwz4V5fn, listenAddrs: [/ip4/127.0.0.1/tcp/51461], addrs: [/ip4/127.0.0.1/tcp/51461], protocols: [/ipfs/id/1.0.0, /libp2p/autonat/1.0.0, /libp2p/circuit/relay/0.2.0/hop, /vac/waku/metadata/1.0.0, /mix/1.0.0, /vac/waku/relay/2.0.0, /ipfs/ping/1.0.0, /vac/waku/filter-push/2.0.0-beta1], protoVersion: ipfs/0.1.0, agentVersion: logos-delivery-v0.39.0-gca2814)"
[2026-10-04 18:16:55.460] [out] [delivery_module] INF 2026-10-04 18:16:55.460+02:00 Announced base resolved                    topics="waku node" tid=6035268 addrs=@[/ip4/127.0.0.1/tcp/51461] explicit=@[/ip4/127.0.0.1/tcp/51461]
[2026-10-04 18:16:55.460] [out] [delivery_module] DBG 2026-10-04 18:16:55.460+02:00 ENR addresses updated                      topics="waku enr" tid=6035268 retained=1 total=1
[2026-10-04 18:16:55.460] [out] [delivery_module] INF 2026-10-04 18:16:55.460+02:00 Node started successfully                  topics="waku node" tid=6035268
[2026-10-04 18:16:55.460] [out] [delivery_module] DBG 2026-10-04 18:16:55.460+02:00 Dialing multiple peers                     tid=6035268 numOfPeers=4 nodes="@[\"/ip4/127.0.0.1/tcp/51457/p2p/16Uiu2HAmJdFTkUcLzC3oKqcAjzXLCJZyQCRMnLjY1oHHo7CwjR5K\", \"/ip4/127.0.0.1/tcp/51458/p2p/16Uiu2HAm2zzaKGDnFTtdEcpZKJDDcZB1p6kSX7n2kJdfbteCzKmr\", \"/ip4/127.0.0.1/tcp/51459/p2p/16Uiu2HAmFgZ2E8TquDrYKAhq7ZUGYoUwCaC4iQzJVvg5Vs1y8N7s\", \"/ip4/127.0.0.1/tcp/51460/p2p/16Uiu2HAkwLhwQ3ma9Qo6jpTJxUwt8tgEjrofGSf5LFW7tQbSHhB2\"]"
[2026-10-04 18:16:55.461] [out] [delivery_module] DBG 2026-10-04 18:16:55.461+02:00 Dialing peer                               topics="libp2p dialer" tid=6035268 peerId=16U*CwjR5K addrs="[/ip4/127.0.0.1/tcp/51457]"
[2026-10-04 18:16:55.461] [out] [delivery_module] DBG 2026-10-04 18:16:55.461+02:00 Expanded address and hostname              topics="libp2p dialer" tid=6035268 expandedAddress=/ip4/127.0.0.1/tcp/51457 hostname=127.0.0.1 resolvedAddresses="[/ip4/127.0.0.1/tcp/51457]"
[2026-10-04 18:16:55.461] [out] [delivery_module] DBG 2026-10-04 18:16:55.461+02:00 Dialing peer                               topics="libp2p dialer" tid=6035268 peerId=16U*eCzKmr addrs="[/ip4/127.0.0.1/tcp/51458]"
[2026-10-04 18:16:55.461] [out] [delivery_module] DBG 2026-10-04 18:16:55.461+02:00 Expanded address and hostname              topics="libp2p dialer" tid=6035268 expandedAddress=/ip4/127.0.0.1/tcp/51458 hostname=127.0.0.1 resolvedAddresses="[/ip4/127.0.0.1/tcp/51458]"
[2026-10-04 18:16:55.461] [out] [delivery_module] DBG 2026-10-04 18:16:55.461+02:00 Dialing peer                               topics="libp2p dialer" tid=6035268 peerId=16U*1y8N7s addrs="[/ip4/127.0.0.1/tcp/51459]"
[2026-10-04 18:16:55.461] [out] [delivery_module] DBG 2026-10-04 18:16:55.461+02:00 Expanded address and hostname              topics="libp2p dialer" tid=6035268 expandedAddress=/ip4/127.0.0.1/tcp/51459 hostname=127.0.0.1 resolvedAddresses="[/ip4/127.0.0.1/tcp/51459]"
[2026-10-04 18:16:55.461] [out] [delivery_module] DBG 2026-10-04 18:16:55.461+02:00 Dialing peer                               topics="libp2p dialer" tid=6035268 peerId=16U*bSHhB2 addrs="[/ip4/127.0.0.1/tcp/51460]"
[2026-10-04 18:16:55.461] [out] [delivery_module] DBG 2026-10-04 18:16:55.461+02:00 Expanded address and hostname              topics="libp2p dialer" tid=6035268 expandedAddress=/ip4/127.0.0.1/tcp/51460 hostname=127.0.0.1 resolvedAddresses="[/ip4/127.0.0.1/tcp/51460]"
[2026-10-04 18:16:55.461] [info] [logos] [delivery_module] DeliveryModuleImpl::subscribe called with contentTopic: /lp0026forum/1/general/text
[2026-10-04 18:16:55.461] [out] [delivery_module] DBG 2026-10-04 18:16:55.461+02:00 Subscribing to pubsub topic                topics="waku relay" tid=6035268 pubsubTopic=/waku/2/rs/42/0
[2026-10-04 18:16:55.462] [out] [delivery_module] DBG 2026-10-04 18:16:55.462+02:00 No mesh peer for the given pubsub topic    topics="waku relay" tid=6035268 pubsubTopic=/waku/2/rs/42/0
[2026-10-04 18:16:55.462] [info] [logos] [delivery_module] DeliveryModuleImpl: Subscribe completed for topic: /lp0026forum/1/general/text with success
[2026-10-04 18:16:55.465] [out] [delivery_module] DBG 2026-10-04 18:16:55.465+02:00 Dial successful                            topics="libp2p dialer" tid=6035268 peerId=16U*eCzKmr
[2026-10-04 18:16:55.465] [out] [delivery_module] DBG 2026-10-04 18:16:55.465+02:00 Dial successful                            topics="libp2p dialer" tid=6035268 peerId=16U*1y8N7s
[2026-10-04 18:16:55.465] [out] [delivery_module] DBG 2026-10-04 18:16:55.465+02:00 starting sendNonHighPriorityTask           topics="libp2p pubsubpeer" tid=6035268 p=16U*eCzKmr
[2026-10-04 18:16:55.465] [out] [delivery_module] DBG 2026-10-04 18:16:55.465+02:00 created new pubsub peer                    topics="libp2p pubsub" tid=6035268 peerId=16U*eCzKmr
[2026-10-04 18:16:55.466] [out] [delivery_module] DBG 2026-10-04 18:16:55.466+02:00 starting sendNonHighPriorityTask           topics="libp2p pubsubpeer" tid=6035268 p=16U*1y8N7s
[2026-10-04 18:16:55.466] [out] [delivery_module] DBG 2026-10-04 18:16:55.466+02:00 created new pubsub peer                    topics="libp2p pubsub" tid=6035268 peerId=16U*1y8N7s
[2026-10-04 18:16:55.466] [out] [delivery_module] DBG 2026-10-04 18:16:55.465+02:00 no listener registered                     tid=6035269 event=onConnectionChange
[2026-10-04 18:16:55.466] [out] [delivery_module] DBG 2026-10-04 18:16:55.466+02:00 no listener registered                     tid=6035269 event=onConnectionChange
[2026-10-04 18:16:55.466] [out] [delivery_module] DBG 2026-10-04 18:16:55.466+02:00 Incoming WakuRelay connection              topics="waku relay" tid=6035268 connection=16U*eCzKmr:6ac27bf7d419f8860b9e6d32 protocol=/vac/waku/relay/2.0.0
[2026-10-04 18:16:55.466] [out] [delivery_module] DBG 2026-10-04 18:16:55.466+02:00 starting pubsub read loop                  topics="libp2p pubsubpeer" tid=6035268 stream=16U*eCzKmr:6ac27bf7d419f8860b9e6d32 peer=16U*eCzKmr closed=false
[2026-10-04 18:16:55.466] [out] [delivery_module] DBG 2026-10-04 18:16:55.466+02:00 identify: info sent                        topics="libp2p identify" tid=6035268 stream=16U*eCzKmr:6ac27bf7d419f8860b9e6d33 info="(peerId: 16Uiu2HAm5ZQQ9y2w2VysmmN1o2QArMdnbsEDFuLFL1meqwz4V5fn, listenAddrs: [/ip4/127.0.0.1/tcp/51461], addrs: [/ip4/127.0.0.1/tcp/51461], protocols: [/ipfs/id/1.0.0, /libp2p/autonat/1.0.0, /libp2p/circuit/relay/0.2.0/hop, /vac/waku/metadata/1.0.0, /mix/1.0.0, /vac/waku/relay/2.0.0, /ipfs/ping/1.0.0, /vac/waku/filter-push/2.0.0-beta1], protoVersion: ipfs/0.1.0, agentVersion: logos-delivery-v0.39.0-gca2814)"
[2026-10-04 18:16:55.466] [out] [delivery_module] DBG 2026-10-04 18:16:55.466+02:00 Incoming WakuRelay connection              topics="waku relay" tid=6035268 connection=16U*1y8N7s:6ac27bf7d419f8860b9e6d34 protocol=/vac/waku/relay/2.0.0
[2026-10-04 18:16:55.466] [out] [delivery_module] DBG 2026-10-04 18:16:55.466+02:00 starting pubsub read loop                  topics="libp2p pubsubpeer" tid=6035268 stream=16U*1y8N7s:6ac27bf7d419f8860b9e6d34 peer=16U*1y8N7s closed=false
[2026-10-04 18:16:55.466] [out] [delivery_module] DBG 2026-10-04 18:16:55.466+02:00 identify: info sent                        topics="libp2p identify" tid=6035268 stream=16U*1y8N7s:6ac27bf7d419f8860b9e6d35 info="(peerId: 16Uiu2HAm5ZQQ9y2w2VysmmN1o2QArMdnbsEDFuLFL1meqwz4V5fn, listenAddrs: [/ip4/127.0.0.1/tcp/51461], addrs: [/ip4/127.0.0.1/tcp/51461], protocols: [/ipfs/id/1.0.0, /libp2p/autonat/1.0.0, /libp2p/circuit/relay/0.2.0/hop, /vac/waku/metadata/1.0.0, /mix/1.0.0, /vac/waku/relay/2.0.0, /ipfs/ping/1.0.0, /vac/waku/filter-push/2.0.0-beta1], protoVersion: ipfs/0.1.0, agentVersion: logos-delivery-v0.39.0-gca2814)"
[2026-10-04 18:16:55.466] [out] [delivery_module] DBG 2026-10-04 18:16:55.466+02:00 Dial successful                            topics="libp2p dialer" tid=6035268 peerId=16U*bSHhB2
[2026-10-04 18:16:55.466] [out] [delivery_module] DBG 2026-10-04 18:16:55.466+02:00 starting sendNonHighPriorityTask           topics="libp2p pubsubpeer" tid=6035268 p=16U*bSHhB2
[2026-10-04 18:16:55.466] [out] [delivery_module] DBG 2026-10-04 18:16:55.466+02:00 created new pubsub peer                    topics="libp2p pubsub" tid=6035268 peerId=16U*bSHhB2
[2026-10-04 18:16:55.467] [out] [delivery_module] DBG 2026-10-04 18:16:55.467+02:00 no listener registered                     tid=6035269 event=onConnectionChange
[2026-10-04 18:16:55.467] [out] [delivery_module] DBG 2026-10-04 18:16:55.467+02:00 Dial successful                            topics="libp2p dialer" tid=6035268 peerId=16U*CwjR5K
[2026-10-04 18:16:55.467] [out] [delivery_module] DBG 2026-10-04 18:16:55.467+02:00 Incoming WakuRelay connection              topics="waku relay" tid=6035268 connection=16U*bSHhB2:6ac27bf7d419f8860b9e6d3a protocol=/vac/waku/relay/2.0.0
[2026-10-04 18:16:55.467] [out] [delivery_module] DBG 2026-10-04 18:16:55.467+02:00 starting pubsub read loop                  topics="libp2p pubsubpeer" tid=6035268 stream=16U*bSHhB2:6ac27bf7d419f8860b9e6d3a peer=16U*bSHhB2 closed=false
[2026-10-04 18:16:55.467] [out] [delivery_module] DBG 2026-10-04 18:16:55.467+02:00 identify: info sent                        topics="libp2p identify" tid=6035268 stream=16U*bSHhB2:6ac27bf7d419f8860b9e6d3b info="(peerId: 16Uiu2HAm5ZQQ9y2w2VysmmN1o2QArMdnbsEDFuLFL1meqwz4V5fn, listenAddrs: [/ip4/127.0.0.1/tcp/51461], addrs: [/ip4/127.0.0.1/tcp/51461], protocols: [/ipfs/id/1.0.0, /libp2p/autonat/1.0.0, /libp2p/circuit/relay/0.2.0/hop, /vac/waku/metadata/1.0.0, /mix/1.0.0, /vac/waku/relay/2.0.0, /ipfs/ping/1.0.0, /vac/waku/filter-push/2.0.0-beta1], protoVersion: ipfs/0.1.0, agentVersion: logos-delivery-v0.39.0-gca2814)"
[2026-10-04 18:16:55.467] [out] [delivery_module] DBG 2026-10-04 18:16:55.467+02:00 starting sendNonHighPriorityTask           topics="libp2p pubsubpeer" tid=6035268 p=16U*CwjR5K
[2026-10-04 18:16:55.467] [out] [delivery_module] DBG 2026-10-04 18:16:55.467+02:00 created new pubsub peer                    topics="libp2p pubsub" tid=6035268 peerId=16U*CwjR5K
[2026-10-04 18:16:55.467] [out] [delivery_module] DBG 2026-10-04 18:16:55.467+02:00 no listener registered                     tid=6035269 event=onConnectionChange
[2026-10-04 18:16:55.467] [out] [delivery_module] DBG 2026-10-04 18:16:55.467+02:00 Incoming WakuRelay connection              topics="waku relay" tid=6035268 connection=16U*CwjR5K:6ac27bf7d419f8860b9e6d3e protocol=/vac/waku/relay/2.0.0
[2026-10-04 18:16:55.467] [out] [delivery_module] DBG 2026-10-04 18:16:55.467+02:00 starting pubsub read loop                  topics="libp2p pubsubpeer" tid=6035268 stream=16U*CwjR5K:6ac27bf7d419f8860b9e6d3e peer=16U*CwjR5K closed=false
[2026-10-04 18:16:55.467] [out] [delivery_module] DBG 2026-10-04 18:16:55.467+02:00 identify: info sent                        topics="libp2p identify" tid=6035268 stream=16U*CwjR5K:6ac27bf7d419f8860b9e6d3f info="(peerId: 16Uiu2HAm5ZQQ9y2w2VysmmN1o2QArMdnbsEDFuLFL1meqwz4V5fn, listenAddrs: [/ip4/127.0.0.1/tcp/51461], addrs: [/ip4/127.0.0.1/tcp/51461], protocols: [/ipfs/id/1.0.0, /libp2p/autonat/1.0.0, /libp2p/circuit/relay/0.2.0/hop, /vac/waku/metadata/1.0.0, /mix/1.0.0, /vac/waku/relay/2.0.0, /ipfs/ping/1.0.0, /vac/waku/filter-push/2.0.0-beta1], protoVersion: ipfs/0.1.0, agentVersion: logos-delivery-v0.39.0-gca2814)"
[2026-10-04 18:16:55.468] [out] [delivery_module] DBG 2026-10-04 18:16:55.468+02:00 identify: info received                    topics="libp2p identify" tid=6035268 stream=16U*1y8N7s:6ac27bf7d419f8860b9e6d39 pubkey=ok(sec...72af)) addresses=/ip4/127.0.0.1/tcp/51459 protocols=/ipfs/id/1.0.0,/libp2p/autonat/1.0.0,/libp2p/circuit/relay/0.2.0/hop,/vac/waku/metadata/1.0.0,/mix/1.0.0,/vac/waku/relay/2.0.0,/ipfs/ping/1.0.0,/vac/waku/lightpush/3.0.0,/vac/waku/lightpush/2.0.0-beta1,/vac/waku/filter-push/2.0.0-beta1 observable_address=ok(/ip4/127.0.0.1/tcp/51543) proto_version=ipfs/0.1.0 agent_version=logos-delivery-v0.39.0-gca2814 signedPeerRecord=None
[2026-10-04 18:16:55.468] [out] [delivery_module] DBG 2026-10-04 18:16:55.468+02:00 starting pubsub read loop                  topics="libp2p pubsubpeer" tid=6035268 stream=16U*eCzKmr:6ac27bf7d419f8860b9e6d36 peer=16U*eCzKmr closed=false
[2026-10-04 18:16:55.468] [out] [delivery_module] DBG 2026-10-04 18:16:55.468+02:00 starting pubsub read loop                  topics="libp2p pubsubpeer" tid=6035268 stream=16U*1y8N7s:6ac27bf7d419f8860b9e6d38 peer=16U*1y8N7s closed=false
[2026-10-04 18:16:55.468] [out] [delivery_module] DBG 2026-10-04 18:16:55.468+02:00 identify: info received                    topics="libp2p identify" tid=6035268 stream=16U*bSHhB2:6ac27bf7d419f8860b9e6d3d pubkey=ok(sec...3818)) addresses=/ip4/127.0.0.1/tcp/51460 protocols=/ipfs/id/1.0.0,/libp2p/autonat/1.0.0,/libp2p/circuit/relay/0.2.0/hop,/vac/waku/metadata/1.0.0,/mix/1.0.0,/vac/waku/relay/2.0.0,/ipfs/ping/1.0.0,/vac/waku/lightpush/3.0.0,/vac/waku/lightpush/2.0.0-beta1,/vac/waku/filter-push/2.0.0-beta1 observable_address=ok(/ip4/127.0.0.1/tcp/51544) proto_version=ipfs/0.1.0 agent_version=logos-delivery-v0.39.0-gca2814 signedPeerRecord=None
[2026-10-04 18:16:55.468] [out] [delivery_module] DBG 2026-10-04 18:16:55.468+02:00 identify: info received                    topics="libp2p identify" tid=6035268 stream=16U*eCzKmr:6ac27bf7d419f8860b9e6d37 pubkey=ok(sec...d58c)) addresses=/ip4/127.0.0.1/tcp/51458 protocols=/ipfs/id/1.0.0,/libp2p/autonat/1.0.0,/libp2p/circuit/relay/0.2.0/hop,/vac/waku/metadata/1.0.0,/mix/1.0.0,/vac/waku/relay/2.0.0,/ipfs/ping/1.0.0,/vac/waku/lightpush/3.0.0,/vac/waku/lightpush/2.0.0-beta1,/vac/waku/filter-push/2.0.0-beta1 observable_address=ok(/ip4/127.0.0.1/tcp/51542) proto_version=ipfs/0.1.0 agent_version=logos-delivery-v0.39.0-gca2814 signedPeerRecord=None
[2026-10-04 18:16:55.468] [out] [delivery_module] DBG 2026-10-04 18:16:55.468+02:00 Event identified                           topics="waku node peer_manager" tid=6035268 peerId=16U*1y8N7s
[2026-10-04 18:16:55.468] [out] [delivery_module] DBG 2026-10-04 18:16:55.468+02:00 no listener registered                     tid=6035269 event=onConnectionChange
[2026-10-04 18:16:55.469] [out] [delivery_module] DBG 2026-10-04 18:16:55.469+02:00 starting pubsub read loop                  topics="libp2p pubsubpeer" tid=6035268 stream=16U*bSHhB2:6ac27bf7d419f8860b9e6d3c peer=16U*bSHhB2 closed=false
[2026-10-04 18:16:55.469] [out] [delivery_module] DBG 2026-10-04 18:16:55.469+02:00 Event identified                           topics="waku node peer_manager" tid=6035268 peerId=16U*bSHhB2
[2026-10-04 18:16:55.469] [out] [delivery_module] DBG 2026-10-04 18:16:55.469+02:00 no listener registered                     tid=6035269 event=onConnectionChange
[2026-10-04 18:16:55.469] [out] [delivery_module] DBG 2026-10-04 18:16:55.469+02:00 Event identified                           topics="waku node peer_manager" tid=6035268 peerId=16U*eCzKmr
[2026-10-04 18:16:55.469] [out] [delivery_module] DBG 2026-10-04 18:16:55.469+02:00 no listener registered                     tid=6035269 event=onConnectionChange
[2026-10-04 18:16:55.469] [out] [delivery_module] DBG 2026-10-04 18:16:55.469+02:00 starting pubsub read loop                  topics="libp2p pubsubpeer" tid=6035268 stream=16U*CwjR5K:6ac27bf7d419f8860b9e6d40 peer=16U*CwjR5K closed=false
[2026-10-04 18:16:55.470] [out] [delivery_module] DBG 2026-10-04 18:16:55.470+02:00 identify: info received                    topics="libp2p identify" tid=6035268 stream=16U*CwjR5K:6ac27bf7d419f8860b9e6d41 pubkey=ok(sec...8b09)) addresses=/ip4/127.0.0.1/tcp/51457 protocols=/ipfs/id/1.0.0,/libp2p/autonat/1.0.0,/libp2p/circuit/relay/0.2.0/hop,/vac/waku/metadata/1.0.0,/mix/1.0.0,/vac/waku/relay/2.0.0,/ipfs/ping/1.0.0,/vac/waku/lightpush/3.0.0,/vac/waku/lightpush/2.0.0-beta1,/vac/waku/filter-push/2.0.0-beta1 observable_address=ok(/ip4/127.0.0.1/tcp/51541) proto_version=ipfs/0.1.0 agent_version=logos-delivery-v0.39.0-gca2814 signedPeerRecord=None
[2026-10-04 18:16:55.470] [out] [delivery_module] DBG 2026-10-04 18:16:55.470+02:00 Event identified                           topics="waku node peer_manager" tid=6035268 peerId=16U*CwjR5K
[2026-10-04 18:16:55.470] [out] [delivery_module] DBG 2026-10-04 18:16:55.470+02:00 no listener registered                     tid=6035269 event=onConnectionChange
[2026-10-04 18:16:55.470] [out] [delivery_module] DBG 2026-10-04 18:16:55.470+02:00 Received WakuMetadata request              topics="waku metadata" tid=6035268 remoteClusterId=ok(42) remoteShards="[0]" localClusterId=42 localShards="[0]" peer=16U*eCzKmr
[2026-10-04 18:16:55.470] [out] [delivery_module] DBG 2026-10-04 18:16:55.470+02:00 Received WakuMetadata request              topics="waku metadata" tid=6035268 remoteClusterId=ok(42) remoteShards="[0]" localClusterId=42 localShards="[0]" peer=16U*1y8N7s
[2026-10-04 18:16:55.471] [out] [delivery_module] DBG 2026-10-04 18:16:55.471+02:00 Received WakuMetadata request              topics="waku metadata" tid=6035268 remoteClusterId=ok(42) remoteShards="[0]" localClusterId=42 localShards="[0]" peer=16U*CwjR5K
[2026-10-04 18:16:55.471] [out] [delivery_module] DBG 2026-10-04 18:16:55.471+02:00 Received WakuMetadata request              topics="waku metadata" tid=6035268 remoteClusterId=ok(42) remoteShards="[0]" localClusterId=42 localShards="[0]" peer=16U*bSHhB2
[2026-10-04 18:16:55.471] [out] [delivery_module] DBG 2026-10-04 18:16:55.471+02:00 no listener registered                     tid=6035269 event=onConnectionChange
[2026-10-04 18:16:55.471] [out] [delivery_module] DBG 2026-10-04 18:16:55.471+02:00 no listener registered                     tid=6035269 event=onConnectionChange
[2026-10-04 18:16:55.472] [out] [delivery_module] DBG 2026-10-04 18:16:55.472+02:00 no listener registered                     tid=6035269 event=onConnectionChange
[2026-10-04 18:16:55.472] [out] [delivery_module] DBG 2026-10-04 18:16:55.472+02:00 no listener registered                     tid=6035269 event=onConnectionChange
[2026-10-04 18:16:55.472] [out] [delivery_module] DBG 2026-10-04 18:16:55.472+02:00 Finished dialing multiple peers            tid=6035268 successfulConns=4 attempted=4
[2026-10-04 18:16:55.472] [out] [delivery_module] DBG 2026-10-04 18:16:55.472+02:00 Starting peer exchange loop                topics="waku node peerexchange api" tid=6035268
[2026-10-04 18:16:55.472] [out] [delivery_module] DBG 2026-10-04 18:16:55.472+02:00 Retrieving peer info via peer exchange protocol topics="waku node peerexchange api" tid=6035268 amount=5
[2026-10-04 18:16:55.472] [out] [delivery_module] DBG 2026-10-04 18:16:55.472+02:00 Peer exchange request could not be made as no peer exchange peers found topics="waku peer_exchange client" tid=6035268
[2026-10-04 18:16:55.472] [out] [delivery_module] DBG 2026-10-04 18:16:55.472+02:00 Failed to retrieve peer info via peer exchange protocol topics="waku node peerexchange api" tid=6035268 error="(status_code: SERVICE_UNAVAILABLE, status_desc: ok(peer_not_found_failure))"
[2026-10-04 18:16:55.472] [out] [delivery_module] DBG 2026-10-04 18:16:55.472+02:00 Cannot fetch peers from peer exchange      topics="waku node peerexchange api" tid=6035268 cause="(status_code: SERVICE_UNAVAILABLE, status_desc: ok(peer_not_found_failure))"
[2026-10-04 18:16:55.472] [out] [delivery_module] INF 2026-10-04 18:16:55.472+02:00 Relay peer connections                     topics="waku node peer_manager" tid=6035268 inRelayConns=0/50 outRelayConns=4/25 totalConnections=4/150 notConnectedPeers=0 outsideBackoffPeers=0
[2026-10-04 18:16:55.473] [out] [delivery_module] DBG 2026-10-04 18:16:55.473+02:00 ENR addresses updated                      topics="waku enr" tid=6035268 retained=1 total=1
[2026-10-04 18:16:55.473] [out] [delivery_module] INF 2026-10-04 18:16:55.473+02:00 Node is online                             topics="waku online monitor" tid=6035268
[2026-10-04 18:16:55.473] [out] [delivery_module] INF 2026-10-04 18:16:55.473+02:00 Health monitor loop start                  tid=6035268
[2026-10-04 18:16:55.473] [out] [delivery_module] DBG 2026-10-04 18:16:55.473+02:00 calculateConnectionState                   tid=6035268 relayCount=4 storeClientCount=0 lightpushCount=4 filterCount=0
[2026-10-04 18:16:55.473] [out] [delivery_module] DBG 2026-10-04 18:16:55.473+02:00 connectionStatus change                    tid=6035268 oldstatus=Disconnected newstatus=Connected
[2026-10-04 18:16:55.473] [out] [delivery_module] INF 2026-10-04 18:16:55.473+02:00 starting keepalive                         tid=6035268 randomPeersKeepalive=10s allPeersKeepalive=2m
Loaded UI plugin: "/nix/store/hm2v6s8qm0jgxswq3kdn2jyyw3jnbjsz-logos-forum_module-plugin-dir"
[QmlInspector] Inspector server listening on port 3768
[QmlInspector] Client connected from "::1"
[2026-10-04 18:17:03.225] [info] [logos] [delivery_module] DeliveryModuleImpl::send called with contentTopic: /lp0026forum/1/general/text
[2026-10-04 18:17:03.226] [out] [delivery_module] DBG 2026-10-04 18:17:03.226+02:00 SendService.send: processing delivery task topics="send service" tid=6035268 requestId=a0f3248635ebbe358d02 msgHash=0xa922aa66b87a832cfcf3f57af7823b25b80d4b8332178a36812e39e30cc62f16
[2026-10-04 18:17:03.226] [info] [logos] [delivery_module] DeliveryModuleImpl: Send initiated for topic: /lp0026forum/1/general/text, with success, requestId: a0f3248635ebbe358d02
[2026-10-04 18:17:03.226] [out] [delivery_module] DBG 2026-10-04 18:17:03.226+02:00 Trying message delivery via Mix            topics="send service mix processor" tid=6035268 requestId=a0f3248635ebbe358d02 msgHash=0xa922aa66b87a832cfcf3f57af7823b25b80d4b8332178a36812e39e30cc62f16 tryCount=1
[2026-10-04 18:17:03.226] [out] [delivery_module] DBG 2026-10-04 18:17:03.226+02:00 Publishing message without RLN proof       tid=6035268
[2026-10-04 18:17:03.226] [out] [delivery_module] DBG 2026-10-04 18:17:03.226+02:00 Publishing message with lightpush          topics="waku node lightpush api" tid=6035268 pubsubTopic=/waku/2/rs/42/0 contentTopic=/lp0026forum/1/general/text target_peer_id=16U*CwjR5K msg_hash=0xa922aa66b87a832cfcf3f57af7823b25b80d4b8332178a36812e39e30cc62f16 mixify=true
[2026-10-04 18:17:03.226] [out] [delivery_module] DBG 2026-10-04 18:17:03.226+02:00 Publish                                    topics="waku lightpush client" tid=6035268 myPeerId=16U*z4V5fn peerId= msgHash=0xa922aa66b87a832cfcf3f57af7823b25b80d4b8332178a36812e39e30cc62f16 sentTime=1791130623226334976
[2026-10-04 18:17:03.226] [out] [delivery_module] DBG 2026-10-04 18:17:03.226+02:00 Destination data                           tid=6035268 destination=MixDestination[MixNode](16Uiu2HAmJdFTkUcLzC3oKqcAjzXLCJZyQCRMnLjY1oHHo7CwjR5K)
[2026-10-04 18:17:03.226] [out] [delivery_module] DBG 2026-10-04 18:17:03.226+02:00 Selected mix node:                         tid=6035268 indexInPath=0 peerId=16U*eCzKmr
[2026-10-04 18:17:03.226] [out] [delivery_module] DBG 2026-10-04 18:17:03.226+02:00 Selected mix node:                         tid=6035268 indexInPath=1 peerId=16U*bSHhB2
[2026-10-04 18:17:03.226] [out] [delivery_module] DBG 2026-10-04 18:17:03.226+02:00 Selected mix node:                         tid=6035268 indexInPath=2 peerId=16U*CwjR5K
[2026-10-04 18:17:03.226] [out] [delivery_module] DBG 2026-10-04 18:17:03.226+02:00 Selected mix node for surbs:               tid=6035268 indexInPath=0 peerId=16U*1y8N7s
[2026-10-04 18:17:03.226] [out] [delivery_module] DBG 2026-10-04 18:17:03.226+02:00 Selected mix node for surbs:               tid=6035268 indexInPath=1 peerId=16U*eCzKmr
[2026-10-04 18:17:03.272] [out] [delivery_module] INF 2026-10-04 18:17:03.272+02:00 Message received                           tid=6035268 msg_hash=0xa922aa66b87a832cfcf3f57af7823b25b80d4b8332178a36812e39e30cc62f16 contentTopic=/lp0026forum/1/general/text pubsubTopic=/waku/2/rs/42/0 source=live
[2026-10-04 18:17:03.474] [out] [delivery_module] DBG 2026-10-04 18:17:03.474+02:00 Message propagated via Mix                 topics="send service mix processor" tid=6035268 requestId=a0f3248635ebbe358d02 msgHash=0xa922aa66b87a832cfcf3f57af7823b25b80d4b8332178a36812e39e30cc62f16
[2026-10-04 18:17:03.474] [out] [delivery_module] INF 2026-10-04 18:17:03.474+02:00 Message successfully propagated            topics="send service" tid=6035268 requestId=a0f3248635ebbe358d02 msgHash=withheld
[2026-10-04 18:17:03.730] [info] [logos] [delivery_module] DeliveryModuleImpl::getNodeInfo called with nodeInfoId: MyPeerId
[QmlInspector] Client disconnected
