run-logos-standalone-ui: hot-reloading QML from <repo>/src/qml
  (export DEV_QML_PATH to override, or LOGOS_QML_HOT_RELOAD=0 to disable)
Session directory: "~/Library/Application Support/Logos/LogosStandalone"
[2026-10-02 00:25:00.920] [info] [logos] Granting host services to 'capability_module': token_registry,token_delivery
[2026-10-02 00:25:00.948] [out] [capability_module] [2026-10-02 00:25:00.948] [info] Granting host services to capability_module: ["token_registry","token_delivery"]
RemoteTransportConnection: Connecting to registry: "local:logos_capability_module_365fae6b0264" at "00:25:00.949"
RemoteTransportConnection: Registry connect attempt started (no peer contact yet): "local:logos_capability_module_365fae6b0264"
LogosAPIConsumer: Informing module token for module: "capability_module" with token: "redacted:145cccfb…"
RemoteTransportConnection: Requesting object: "capability_module" at "00:25:00.949"
[LogosObject] RemoteTransportConnection: returning RemoteLogosObject for: "capability_module"
[LogosObject] Created RemoteLogosObject wrapping QRemoteObjectReplica 105553150280416
[LogosObject] LogosAPIConsumer: calling LogosObject::informModuleToken for "capability_module"
LogosAPIConsumer: informModuleToken completed with result: true
[LogosObject] Destroying RemoteLogosObject 0
[2026-10-02 00:25:00.949] [info] [logos] Module loaded: capability_module
LogosAPIConsumer: Informing module token for module: "modules_state" with token: "redacted:11b72fda…"
RemoteTransportConnection: Requesting object: "capability_module" at "00:25:00.978"
[LogosObject] RemoteTransportConnection: returning RemoteLogosObject for: "capability_module"
[LogosObject] Created RemoteLogosObject wrapping QRemoteObjectReplica 105553150268544
[LogosObject] LogosAPIConsumer: calling LogosObject::informModuleToken for "modules_state"
LogosAPIConsumer: informModuleToken completed with result: true
[LogosObject] Destroying RemoteLogosObject 0
[2026-10-02 00:25:00.977] [info] [logos] Module loaded: modules_state
RemoteTransportConnection: Connecting to registry: "local:logos_modules_state_365fae6b0264" at "00:25:00.978"
RemoteTransportConnection: Registry connect attempt started (no peer contact yet): "local:logos_modules_state_365fae6b0264"
RemoteTransportConnection: Connecting to registry: "local:logos_capability_module_365fae6b0264" at "00:25:00.978"
RemoteTransportConnection: Registry connect attempt started (no peer contact yet): "local:logos_capability_module_365fae6b0264"
LogosAPIConsumer: '"modules_state"::""' deferred pending the module becoming reachable
LogosAPIConsumer: '"modules_state"::""' deferred pending the module becoming reachable
Logos Core started (modules dir: "/nix/store/4v2cj5cr5dlsjb9cl0blr0cds0qf07iv-logos-forum_module-plugin-dir-modules" )
Set app icon from metadata: "/nix/store/lpw6vdhviy85qzljih8n5agnv7yv5mvx-logos-forum_module-plugin-dir/src/icons/icon.png"
[2026-10-02 00:25:01.008] [info] [logos] [delivery_module] DeliveryModuleImpl: Initializing...
LogosAPIConsumer: Informing module token for module: "delivery_module" with token: "redacted:4500cbde…"
RemoteTransportConnection: Requesting object: "capability_module" at "00:25:01.009"
[LogosObject] RemoteTransportConnection: returning RemoteLogosObject for: "capability_module"
[LogosObject] Created RemoteLogosObject wrapping QRemoteObjectReplica 105553150282048
[LogosObject] LogosAPIConsumer: calling LogosObject::informModuleToken for "delivery_module"
LogosAPIConsumer: informModuleToken completed with result: true
[LogosObject] Destroying RemoteLogosObject 0
[2026-10-02 00:25:01.009] [info] [logos] Module loaded: delivery_module
RemoteTransportConnection: Connecting to registry: "local:logos_delivery_module_365fae6b0264" at "00:25:01.009"
RemoteTransportConnection: Registry connect attempt started (no peer contact yet): "local:logos_delivery_module_365fae6b0264"
RemoteTransportConnection: Connecting to registry: "local:logos_capability_module_365fae6b0264" at "00:25:01.009"
RemoteTransportConnection: Registry connect attempt started (no peer contact yet): "local:logos_capability_module_365fae6b0264"
LogosAPIConsumer: '"delivery_module"::""' deferred pending the module becoming reachable
LogosAPIClient: getToken for module: "modules_state"
LogosAPIClient: Found token for module: "modules_state"
RemoteTransportConnection: Requesting object: "modules_state" at "00:25:01.010"
[LogosObject] RemoteTransportConnection: returning RemoteLogosObject for: "modules_state"
[LogosObject] Created RemoteLogosObject wrapping QRemoteObjectReplica 105553150329824
[LogosObject] LogosAPIConsumer: async calling via LogosObject::callMethodAsync "note_transition"
[LogosObject] RemoteLogosObject::callMethodAsync "note_transition" args: 7
LogosAPIClient: getToken for module: "modules_state"
LogosAPIClient: Found token for module: "modules_state"
[LogosObject] LogosAPIConsumer: async calling via LogosObject::callMethodAsync "note_transition"
[LogosObject] RemoteLogosObject::callMethodAsync "note_transition" args: 7
Loaded dependency (with transitive deps): "delivery_module"
[2026-10-02 00:25:01.038] [info] [logos] [storage_module] StorageModuleImpl: Initializing...
LogosAPIConsumer: Informing module token for module: "storage_module" with token: "redacted:c7068b5f…"
RemoteTransportConnection: Requesting object: "capability_module" at "00:25:01.039"
[LogosObject] Created RemoteLogosObject wrapping QRemoteObjectReplica 105553150281856
LogosAPIClient: invoking remote method "modules_state" "apply_snapshot" args_count: 1
LogosAPIClient: getToken for module: "modules_state"
LogosAPIClient: Found token for module: "modules_state"
LogosAPIConsumer: Calling invokeRemoteMethod: "modules_state" "apply_snapshot" args_count: 1 timeout: 20000
[LogosObject] LogosAPIConsumer: calling via LogosObject::callMethod "apply_snapshot"
[LogosObject] RemoteLogosObject::callMethod "apply_snapshot" args: 1
[LogosObject] Created RemoteLogosObject wrapping QRemoteObjectReplica 105553150329312
LogosAPIClient: getToken for module: "modules_state"
LogosAPIClient: Found token for module: "modules_state"
[LogosObject] LogosAPIConsumer: async calling via LogosObject::callMethodAsync "note_transition"
[LogosObject] RemoteLogosObject::callMethodAsync "note_transition" args: 7
LogosAPIClient: getToken for module: "modules_state"
LogosAPIClient: Found token for module: "modules_state"
[LogosObject] LogosAPIConsumer: async calling via LogosObject::callMethodAsync "note_transition"
[LogosObject] RemoteLogosObject::callMethodAsync "note_transition" args: 7
[2026-10-02 00:25:01.039] [info] [logos] Pushed module snapshot to modules_state
LogosAPIClient: getToken for module: "modules_state"
LogosAPIClient: Found token for module: "modules_state"
[LogosObject] LogosAPIConsumer: async calling via LogosObject::callMethodAsync "note_transition"
[LogosObject] RemoteLogosObject::callMethodAsync "note_transition" args: 7
[LogosObject] RemoteTransportConnection: returning RemoteLogosObject for: "capability_module"
[LogosObject] Created RemoteLogosObject wrapping QRemoteObjectReplica 105553150235360
[LogosObject] LogosAPIConsumer: calling LogosObject::informModuleToken for "storage_module"
LogosAPIConsumer: informModuleToken completed with result: true
[LogosObject] Destroying RemoteLogosObject 0
[2026-10-02 00:25:01.039] [info] [logos] Module loaded: storage_module
RemoteTransportConnection: Connecting to registry: "local:logos_storage_module_365fae6b0264" at "00:25:01.039"
RemoteTransportConnection: Registry connect attempt started (no peer contact yet): "local:logos_storage_module_365fae6b0264"
RemoteTransportConnection: Connecting to registry: "local:logos_capability_module_365fae6b0264" at "00:25:01.039"
RemoteTransportConnection: Registry connect attempt started (no peer contact yet): "local:logos_capability_module_365fae6b0264"
LogosAPIConsumer: '"storage_module"::""' deferred pending the module becoming reachable
LogosAPIClient: getToken for module: "modules_state"
LogosAPIClient: Found token for module: "modules_state"
[LogosObject] LogosAPIConsumer: async calling via LogosObject::callMethodAsync "note_transition"
[LogosObject] RemoteLogosObject::callMethodAsync "note_transition" args: 7
Loaded dependency (with transitive deps): "storage_module"
DEV_QML_PATH override active: <repo>/src/qml/Main.qml
RemoteTransportConnection: Connecting to registry: "local:logos_capability_module_365fae6b0264" at "00:25:01.040"
RemoteTransportConnection: Registry connect attempt started (no peer contact yet): "local:logos_capability_module_365fae6b0264"
LogosAPIConsumer: Informing module token for module: "forum_module" with token: "redacted:72fb4254…"
RemoteTransportConnection: Requesting object: "capability_module" at "00:25:01.040"
[LogosObject] RemoteTransportConnection: returning RemoteLogosObject for: "capability_module"
[LogosObject] Created RemoteLogosObject wrapping QRemoteObjectReplica 105553150332160
[LogosObject] LogosAPIConsumer: calling LogosObject::informModuleToken for "forum_module"
[LogosObject] Created RemoteLogosObject wrapping QRemoteObjectReplica 105553150331200
LogosAPIClient: getToken for module: "modules_state"
LogosAPIClient: Found token for module: "modules_state"
[LogosObject] LogosAPIConsumer: async calling via LogosObject::callMethodAsync "note_transition"
[LogosObject] RemoteLogosObject::callMethodAsync "note_transition" args: 7
LogosAPIConsumer: informModuleToken completed with result: true
[LogosObject] Destroying RemoteLogosObject 0
[2026-10-02 00:25:01.084] [warning] [logos] [capability_module] Warning: QObject::connect: No such signal ::eventResponse(QString,QVariantList)
[2026-10-02 00:25:01.085] [info] [logos] [delivery_module] DeliveryModuleImpl::getNodeInfo called with nodeInfoId: MyPeerId
[2026-10-02 00:25:01.085] [info] [logos] [delivery_module] DeliveryModuleImpl: Cannot get node info - context not initialized. Call createNode first.
[2026-10-02 00:25:01.085] [info] [logos] [delivery_module] DeliveryModuleImpl::createNode called
[2026-10-02 00:25:01.091] [info] [logos] [delivery_module] DeliveryModuleImpl: Waiting for createNode callback...
[2026-10-02 00:25:01.092] [out] [delivery_module] DBG 2026-10-02 00:25:01.092+02:00 Whether to mount storeSync is not specified, defaulting to not mounting topics="waku conf builder" tid=41922882
[2026-10-02 00:25:01.092] [out] [delivery_module] INF 2026-10-02 00:25:01.092+02:00 Sharding configuration:                    topics="waku conf builder" tid=41922882 shardingConf="(kind: AutoSharding, numShardsInCluster: 1)" subscribeShards=@[0]
[2026-10-02 00:25:01.092] [out] [delivery_module] INF 2026-10-02 00:25:01.092+02:00 Configuration: Enabled protocols           topics="waku conf" tid=41922882 relay=true rlnRelay=false store=false filter=false lightPush=false peerExchange=false rendezvous=false
[2026-10-02 00:25:01.092] [out] [delivery_module] INF 2026-10-02 00:25:01.092+02:00 Configuration. Network                     topics="waku conf" tid=41922882 cluster=42
[2026-10-02 00:25:01.092] [out] [delivery_module] DBG 2026-10-02 00:25:01.092+02:00 Configuration. Active Relay Shards         topics="waku conf" tid=41922882 shard=0
[2026-10-02 00:25:01.093] [out] [delivery_module] INF 2026-10-02 00:25:01.093+02:00 Setting up storage                         tid=41922882
[2026-10-02 00:25:01.093] [out] [delivery_module] INF 2026-10-02 00:25:01.093+02:00 Initializing node                          tid=41922882
[2026-10-02 00:25:01.093] [out] [delivery_module] INF 2026-10-02 00:25:01.093+02:00 Initializing networking                    tid=41922882 addrs=@[/ip4/127.0.0.1/tcp/62621]
[2026-10-02 00:25:01.093] [out] [delivery_module] INF 2026-10-02 00:25:01.093+02:00 Mounting protocols                         tid=41922882
[2026-10-02 00:25:01.093] [out] [delivery_module] INF 2026-10-02 00:25:01.093+02:00 Created WakuMetadata protocol              topics="waku node" tid=41922882 clusterId=42 shards="[0]"
[2026-10-02 00:25:01.093] [out] [delivery_module] INF 2026-10-02 00:25:01.093+02:00 Mounting mix protocol                      topics="waku node" tid=41922882INF 2026-10-02 00:25:01.093+02:00 node info                                  topics="waku node" tid=41922882 wakuInfo="(listenAddresses: [/ip4/127.0.0.1/tcp/62621/p2p/16Uiu2HAmLqNLLLtohpXzkQ8RkwDiAc8WHj8we6gnVGr3jj2B5TEG], enrUri: enr:-JS4QNmC6VvLx4NB-6eagc6fwhV97aAJHwm2d03Y3SS6jrm7HLfzj_IHevxDcz2nFLnp_wCiCWAbKkOvFhnr_Vl45hcBgmlkgnY0gmlwhH8AAAGCcnOFACoBAACJc2VjcDI1NmsxoQN5hikM2dTNWX_AP4uGkeGCyuRAj1jv-Ud6wdwUVgoBCYN0Y3CC9J2Fd2FrdTIh, mixPubKey: none())"
[2026-10-02 00:25:01.093] [out] [delivery_module]  nodeId="(listenAddresses: [/ip4/127.0.0.1/tcp/62621/p2p/16Uiu2HAmLqNLLLtohpXzkQ8RkwDiAc8WHj8we6gnVGr3jj2B5TEG], enrUri: enr:-JS4QNmC6VvLx4NB-6eagc6fwhV97aAJHwm2d03Y3SS6jrm7HLfzj_IHevxDcz2nFLnp_wCiCWAbKkOvFhnr_Vl45hcBgmlkgnY0gmlwhH8AAAGCcnOFACoBAACJc2VjcDI1NmsxoQN5hikM2dTNWX_AP4uGkeGCyuRAj1jv-Ud6wdwUVgoBCYN0Y3CC9J2Fd2FrdTIh, mixPubKey: none())"
[2026-10-02 00:25:01.093] [out] [delivery_module] INF 2026-10-02 00:25:01.093+02:00 local addr                                 topics="waku node" tid=41922882 localaddr=/ip4/127.0.0.1/tcp/62621
[2026-10-02 00:25:01.093] [out] [delivery_module] INF 2026-10-02 00:25:01.093+02:00 mixPubKey                                  topics="waku node" tid=41922882 mixPubKey="[95, 181, 244, 30, 39, 243, 219, 11, 84, 15, 6, 204, 129, 139, 161, 78, 20, 70, 4, 86, 152, 75, 225, 84, 122, 171, 164, 31, 30, 244, 26, 10]"
[2026-10-02 00:25:01.093] [out] [delivery_module] INF 2026-10-02 00:25:01.093+02:00 Using mix bootstrap nodes                  topics="waku mix" tid=41922882 entries=4 poolSize=4
[2026-10-02 00:25:01.093] [out] [delivery_module] INF 2026-10-02 00:25:01.093+02:00 mounting store client                      topics="waku node store api" tid=41922882
[2026-10-02 00:25:01.093] [out] [delivery_module] INF 2026-10-02 00:25:01.093+02:00 Mounting auto sharding                     topics="waku node" tid=41922882 clusterId=42 shardCount=1
[2026-10-02 00:25:01.093] [out] [delivery_module] DBG 2026-10-02 00:25:01.093+02:00 Shards created from content topics         tid=41922882 contentTopics=[] shards=[]
[2026-10-02 00:25:01.093] [out] [delivery_module] DBG 2026-10-02 00:25:01.093+02:00 Setting max message size                   tid=41922882 num_bytes=153600
[2026-10-02 00:25:01.093] [out] [delivery_module] INF 2026-10-02 00:25:01.093+02:00 mounting relay protocol                    topics="waku node relay api" tid=41922882
[2026-10-02 00:25:01.093] [out] [delivery_module] DBG 2026-10-02 00:25:01.093+02:00 relay mounted successfully                 topics="waku node relay api" tid=41922882
[2026-10-02 00:25:01.093] [out] [delivery_module] DBG 2026-10-02 00:25:01.093+02:00 Adding validator to signed shards          tid=41922882 protectedShards=[] clusterId=42
[2026-10-02 00:25:01.093] [out] [delivery_module] INF 2026-10-02 00:25:01.093+02:00 mounting libp2p ping protocol              topics="waku node ping api" tid=41922882
[2026-10-02 00:25:01.093] [out] [delivery_module] INF 2026-10-02 00:25:01.093+02:00 mounting light push client                 topics="waku node lightpush api" tid=41922882
[2026-10-02 00:25:01.093] [out] [delivery_module] INF 2026-10-02 00:25:01.093+02:00 mounting legacy light push client          topics="waku node lightpush api" tid=41922882
[2026-10-02 00:25:01.093] [out] [delivery_module] DBG 2026-10-02 00:25:01.093+02:00 Adding peer to service slots               topics="waku node peer_manager" tid=41922882 peerId=16U*eonjku addr=/ip4/127.0.0.1/tcp/62617 service=/vac/waku/lightpush/3.0.0
[2026-10-02 00:25:01.093] [out] [delivery_module] DBG 2026-10-02 00:25:01.093+02:00 Adding peer to service slots               topics="waku node peer_manager" tid=41922882 peerId=16U*eonjku addr=/ip4/127.0.0.1/tcp/62617 service=/vac/waku/lightpush/2.0.0-beta1
[2026-10-02 00:25:01.093] [out] [delivery_module] INF 2026-10-02 00:25:01.093+02:00 mounting filter client                     topics="waku node filter api" tid=41922882
[2026-10-02 00:25:01.093] [out] [delivery_module] INF 2026-10-02 00:25:01.093+02:00 mounting waku peer exchange client         topics="waku node peerexchange api" tid=41922882
[2026-10-02 00:25:01.093] [out] [delivery_module] INF 2026-10-02 00:25:01.093+02:00 No external callbacks to be set            topics="wakunode waku" tid=41922882
[2026-10-02 00:25:01.093] [out] [delivery_module] INF 2026-10-02 00:25:01.093+02:00 Setting up AutonatService                  topics="libp2p autonatservice" tid=41922882
[2026-10-02 00:25:01.094] [info] [logos] [delivery_module] DeliveryModuleImpl::createNode callback called with ret: 0
[2026-10-02 00:25:01.095] [info] [logos] [delivery_module] DeliveryModuleImpl: Delivery context created successfully
[2026-10-02 00:25:01.095] [info] [logos] [delivery_module] DeliveryModuleImpl::start called
[2026-10-02 00:25:01.095] [out] [delivery_module] INF 2026-10-02 00:25:01.095+02:00 Retrieve dynamic bootstrap nodes           topics="wakunode waku" tid=41922882
[2026-10-02 00:25:01.095] [info] [logos] [delivery_module] DeliveryModuleImpl::getNodeInfo called with nodeInfoId: MyPeerId
[2026-10-02 00:25:01.095] [out] [delivery_module] INF 2026-10-02 00:25:01.095+02:00 Running nwaku node                         tid=41922882 version=v0.39.0-gca2814
[2026-10-02 00:25:01.095] [out] [delivery_module] INF 2026-10-02 00:25:01.095+02:00 Starting Waku node                         topics="waku node" tid=41922882 version=v0.39.0-gca2814
[2026-10-02 00:25:01.095] [out] [delivery_module] DBG 2026-10-02 00:25:01.095+02:00 starting switch for peer                   topics="libp2p switch" tid=41922882 peerInfo="(peerId: 16Uiu2HAmLqNLLLtohpXzkQ8RkwDiAc8WHj8we6gnVGr3jj2B5TEG, listenAddrs: [/ip4/127.0.0.1/tcp/62621], addrs: [], protocols: [/ipfs/id/1.0.0, /libp2p/autonat/1.0.0, /libp2p/circuit/relay/0.2.0/hop, /vac/waku/metadata/1.0.0, /mix/1.0.0, /vac/waku/relay/2.0.0, /ipfs/ping/1.0.0, /vac/waku/filter-push/2.0.0-beta1], protoVersion: ipfs/0.1.0, agentVersion: logos-delivery-v0.39.0-gca2814)"
[2026-10-02 00:25:01.095] [out] [delivery_module] DBG 2026-10-02 00:25:01.095+02:00 About to accept incoming connection        topics="libp2p switch" tid=41922882
[2026-10-02 00:25:01.095] [out] [delivery_module] INF 2026-10-02 00:25:01.095+02:00 start                                      topics="waku relay" tid=41922882
[2026-10-02 00:25:01.095] [out] [delivery_module] DBG 2026-10-02 00:25:01.095+02:00 Started libp2p node                        topics="libp2p switch" tid=41922882 peer="(peerId: 16Uiu2HAmLqNLLLtohpXzkQ8RkwDiAc8WHj8we6gnVGr3jj2B5TEG, listenAddrs: [/ip4/127.0.0.1/tcp/62621], addrs: [/ip4/127.0.0.1/tcp/62621], protocols: [/ipfs/id/1.0.0, /libp2p/autonat/1.0.0, /libp2p/circuit/relay/0.2.0/hop, /vac/waku/metadata/1.0.0, /mix/1.0.0, /vac/waku/relay/2.0.0, /ipfs/ping/1.0.0, /vac/waku/filter-push/2.0.0-beta1], protoVersion: ipfs/0.1.0, agentVersion: logos-delivery-v0.39.0-gca2814)"
[2026-10-02 00:25:01.096] [out] [delivery_module] INF 2026-10-02 00:25:01.096+02:00 Announced base resolved                    topics="waku node" tid=41922882 addrs=@[/ip4/127.0.0.1/tcp/62621] explicit=@[/ip4/127.0.0.1/tcp/62621]
[2026-10-02 00:25:01.096] [out] [delivery_module] DBG 2026-10-02 00:25:01.096+02:00 ENR addresses updated                      topics="waku enr" tid=41922882 retained=1 total=1
[2026-10-02 00:25:01.096] [out] [delivery_module] INF 2026-10-02 00:25:01.096+02:00 Node started successfully                  topics="waku node" tid=41922882
[2026-10-02 00:25:01.096] [out] [delivery_module] DBG 2026-10-02 00:25:01.096+02:00 Dialing multiple peers                     tid=41922882 numOfPeers=4 nodes="@[\"/ip4/127.0.0.1/tcp/62617/p2p/16Uiu2HAm9kvKfRQbohQiX3wB1WykLBePfPAsTaRuKpt21feonjku\", \"/ip4/127.0.0.1/tcp/62618/p2p/16Uiu2HAkymyJCczJNKBYKeyvPDwc3JjfHsUPyFjdS19oqAgT11Bi\", \"/ip4/127.0.0.1/tcp/62619/p2p/16Uiu2HAkyWbogqXXZzPHN2fDDqxFHfjNTosRGje3X2c2yBtyjqZp\", \"/ip4/127.0.0.1/tcp/62620/p2p/16Uiu2HAkvjdukRKrz7VESd6Ab1iADzfqMi8YgRxnAHUp7kmh4NaK\"]"
[2026-10-02 00:25:01.096] [out] [delivery_module] DBG 2026-10-02 00:25:01.096+02:00 Dialing peer                               topics="libp2p dialer" tid=41922882 peerId=16U*eonjku addrs="[/ip4/127.0.0.1/tcp/62617]"
[2026-10-02 00:25:01.096] [out] [delivery_module] DBG 2026-10-02 00:25:01.096+02:00 Expanded address and hostname              topics="libp2p dialer" tid=41922882 expandedAddress=/ip4/127.0.0.1/tcp/62617 hostname=127.0.0.1 resolvedAddresses="[/ip4/127.0.0.1/tcp/62617]"
[2026-10-02 00:25:01.097] [out] [delivery_module] DBG 2026-10-02 00:25:01.097+02:00 Dialing peer                               topics="libp2p dialer" tid=41922882 peerId=16U*gT11Bi addrs="[/ip4/127.0.0.1/tcp/62618]"
[2026-10-02 00:25:01.097] [out] [delivery_module] DBG 2026-10-02 00:25:01.097+02:00 Expanded address and hostname              topics="libp2p dialer" tid=41922882 expandedAddress=/ip4/127.0.0.1/tcp/62618 hostname=127.0.0.1 resolvedAddresses="[/ip4/127.0.0.1/tcp/62618]"
[2026-10-02 00:25:01.097] [out] [delivery_module] DBG 2026-10-02 00:25:01.097+02:00 Dialing peer                               topics="libp2p dialer" tid=41922882 peerId=16U*tyjqZp addrs="[/ip4/127.0.0.1/tcp/62619]"
[2026-10-02 00:25:01.097] [out] [delivery_module] DBG 2026-10-02 00:25:01.097+02:00 Expanded address and hostname              topics="libp2p dialer" tid=41922882 expandedAddress=/ip4/127.0.0.1/tcp/62619 hostname=127.0.0.1 resolvedAddresses="[/ip4/127.0.0.1/tcp/62619]"
[2026-10-02 00:25:01.097] [out] [delivery_module] DBG 2026-10-02 00:25:01.097+02:00 Dialing peer                               topics="libp2p dialer" tid=41922882 peerId=16U*mh4NaK addrs="[/ip4/127.0.0.1/tcp/62620]"
[2026-10-02 00:25:01.097] [out] [delivery_module] DBG 2026-10-02 00:25:01.097+02:00 Expanded address and hostname              topics="libp2p dialer" tid=41922882 expandedAddress=/ip4/127.0.0.1/tcp/62620 hostname=127.0.0.1 resolvedAddresses="[/ip4/127.0.0.1/tcp/62620]"
[2026-10-02 00:25:01.098] [info] [logos] [delivery_module] DeliveryModuleImpl::subscribe called with contentTopic: /lp0026forum/1/general/text
[2026-10-02 00:25:01.098] [out] [delivery_module] DBG 2026-10-02 00:25:01.098+02:00 Subscribing to pubsub topic                topics="waku relay" tid=41922882 pubsubTopic=/waku/2/rs/42/0
[2026-10-02 00:25:01.098] [info] [logos] [delivery_module] DeliveryModuleImpl: Subscribe completed for topic: /lp0026forum/1/general/text with success
[2026-10-02 00:25:01.098] [out] [delivery_module] DBG 2026-10-02 00:25:01.098+02:00 No mesh peer for the given pubsub topic    topics="waku relay" tid=41922882 pubsubTopic=/waku/2/rs/42/0
[2026-10-02 00:25:01.099] [out] [delivery_module] DBG 2026-10-02 00:25:01.099+02:00 Dial successful                            topics="libp2p dialer" tid=41922882 peerId=16U*mh4NaK
[2026-10-02 00:25:01.100] [out] [delivery_module] DBG 2026-10-02 00:25:01.099+02:00 starting sendNonHighPriorityTask           topics="libp2p pubsubpeer" tid=41922882 p=16U*mh4NaK
[2026-10-02 00:25:01.100] [out] [delivery_module] DBG 2026-10-02 00:25:01.099+02:00 created new pubsub peer                    topics="libp2p pubsub" tid=41922882 peerId=16U*mh4NaK
[2026-10-02 00:25:01.100] [out] [delivery_module] DBG 2026-10-02 00:25:01.100+02:00 no listener registered                     tid=41922883 event=onConnectionChange
[2026-10-02 00:25:01.100] [out] [delivery_module] DBG 2026-10-02 00:25:01.100+02:00 Dial successful                            topics="libp2p dialer" tid=41922882 peerId=16U*gT11Bi
[2026-10-02 00:25:01.100] [out] [delivery_module] DBG 2026-10-02 00:25:01.100+02:00 starting sendNonHighPriorityTask           topics="libp2p pubsubpeer" tid=41922882 p=16U*gT11Bi
[2026-10-02 00:25:01.100] [out] [delivery_module] DBG 2026-10-02 00:25:01.100+02:00 created new pubsub peer                    topics="libp2p pubsub" tid=41922882 peerId=16U*gT11Bi
[2026-10-02 00:25:01.100] [out] [delivery_module] DBG 2026-10-02 00:25:01.100+02:00 no listener registered                     tid=41922883 event=onConnectionChange
[2026-10-02 00:25:01.100] [out] [delivery_module] DBG 2026-10-02 00:25:01.100+02:00 Dial successful                            topics="libp2p dialer" tid=41922882 peerId=16U*tyjqZp
[2026-10-02 00:25:01.100] [out] [delivery_module] DBG 2026-10-02 00:25:01.100+02:00 Incoming WakuRelay connection              topics="waku relay" tid=41922882 connection=16U*gT11Bi:6abeddbd496eb23f5815c68c protocol=/vac/waku/relay/2.0.0
[2026-10-02 00:25:01.100] [out] [delivery_module] DBG 2026-10-02 00:25:01.100+02:00 starting pubsub read loop                  topics="libp2p pubsubpeer" tid=41922882 stream=16U*gT11Bi:6abeddbd496eb23f5815c68c peer=16U*gT11Bi closed=false
[2026-10-02 00:25:01.100] [out] [delivery_module] DBG 2026-10-02 00:25:01.100+02:00 identify: info sent                        topics="libp2p identify" tid=41922882 stream=16U*gT11Bi:6abeddbd496eb23f5815c68d info="(peerId: 16Uiu2HAmLqNLLLtohpXzkQ8RkwDiAc8WHj8we6gnVGr3jj2B5TEG, listenAddrs: [/ip4/127.0.0.1/tcp/62621], addrs: [/ip4/127.0.0.1/tcp/62621], protocols: [/ipfs/id/1.0.0, /libp2p/autonat/1.0.0, /libp2p/circuit/relay/0.2.0/hop, /vac/waku/metadata/1.0.0, /mix/1.0.0, /vac/waku/relay/2.0.0, /ipfs/ping/1.0.0, /vac/waku/filter-push/2.0.0-beta1], protoVersion: ipfs/0.1.0, agentVersion: logos-delivery-v0.39.0-gca2814)"
[2026-10-02 00:25:01.101] [out] [delivery_module] DBG 2026-10-02 00:25:01.101+02:00 starting sendNonHighPriorityTask           topics="libp2p pubsubpeer" tid=41922882 p=16U*tyjqZp
[2026-10-02 00:25:01.101] [out] [delivery_module] DBG 2026-10-02 00:25:01.101+02:00 created new pubsub peer                    topics="libp2p pubsub" tid=41922882 peerId=16U*tyjqZp
[2026-10-02 00:25:01.101] [out] [delivery_module] DBG 2026-10-02 00:25:01.101+02:00 no listener registered                     tid=41922883 event=onConnectionChange
[2026-10-02 00:25:01.101] [out] [delivery_module] DBG 2026-10-02 00:25:01.101+02:00 Incoming WakuRelay connection              topics="waku relay" tid=41922882 connection=16U*mh4NaK:6abeddbd496eb23f5815c68e protocol=/vac/waku/relay/2.0.0
[2026-10-02 00:25:01.101] [out] [delivery_module] DBG 2026-10-02 00:25:01.101+02:00 starting pubsub read loop                  topics="libp2p pubsubpeer" tid=41922882 stream=16U*mh4NaK:6abeddbd496eb23f5815c68e peer=16U*mh4NaK closed=false
[2026-10-02 00:25:01.101] [out] [delivery_module] DBG 2026-10-02 00:25:01.101+02:00 identify: info sent                        topics="libp2p identify" tid=41922882 stream=16U*mh4NaK:6abeddbd496eb23f5815c68f info="(peerId: 16Uiu2HAmLqNLLLtohpXzkQ8RkwDiAc8WHj8we6gnVGr3jj2B5TEG, listenAddrs: [/ip4/127.0.0.1/tcp/62621], addrs: [/ip4/127.0.0.1/tcp/62621], protocols: [/ipfs/id/1.0.0, /libp2p/autonat/1.0.0, /libp2p/circuit/relay/0.2.0/hop, /vac/waku/metadata/1.0.0, /mix/1.0.0, /vac/waku/relay/2.0.0, /ipfs/ping/1.0.0, /vac/waku/filter-push/2.0.0-beta1], protoVersion: ipfs/0.1.0, agentVersion: logos-delivery-v0.39.0-gca2814)"
[2026-10-02 00:25:01.101] [out] [delivery_module] DBG 2026-10-02 00:25:01.101+02:00 Incoming WakuRelay connection              topics="waku relay" tid=41922882 connection=16U*tyjqZp:6abeddbd496eb23f5815c692 protocol=/vac/waku/relay/2.0.0
[2026-10-02 00:25:01.101] [out] [delivery_module] DBG 2026-10-02 00:25:01.101+02:00 starting pubsub read loop                  topics="libp2p pubsubpeer" tid=41922882 stream=16U*tyjqZp:6abeddbd496eb23f5815c692 peer=16U*tyjqZp closed=false
[2026-10-02 00:25:01.101] [out] [delivery_module] DBG 2026-10-02 00:25:01.101+02:00 identify: info sent                        topics="libp2p identify" tid=41922882 stream=16U*tyjqZp:6abeddbd496eb23f5815c693 info="(peerId: 16Uiu2HAmLqNLLLtohpXzkQ8RkwDiAc8WHj8we6gnVGr3jj2B5TEG, listenAddrs: [/ip4/127.0.0.1/tcp/62621], addrs: [/ip4/127.0.0.1/tcp/62621], protocols: [/ipfs/id/1.0.0, /libp2p/autonat/1.0.0, /libp2p/circuit/relay/0.2.0/hop, /vac/waku/metadata/1.0.0, /mix/1.0.0, /vac/waku/relay/2.0.0, /ipfs/ping/1.0.0, /vac/waku/filter-push/2.0.0-beta1], protoVersion: ipfs/0.1.0, agentVersion: logos-delivery-v0.39.0-gca2814)"
[2026-10-02 00:25:01.101] [out] [delivery_module] DBG 2026-10-02 00:25:01.101+02:00 Dial successful                            topics="libp2p dialer" tid=41922882 peerId=16U*eonjku
[2026-10-02 00:25:01.102] [out] [delivery_module] DBG 2026-10-02 00:25:01.102+02:00 identify: info received                    topics="libp2p identify" tid=41922882 stream=16U*mh4NaK:6abeddbd496eb23f5815c68b pubkey=ok(sec...8ef4)) addresses=/ip4/127.0.0.1/tcp/62620 protocols=/ipfs/id/1.0.0,/libp2p/autonat/1.0.0,/libp2p/circuit/relay/0.2.0/hop,/vac/waku/metadata/1.0.0,/mix/1.0.0,/vac/waku/relay/2.0.0,/ipfs/ping/1.0.0,/vac/waku/lightpush/3.0.0,/vac/waku/lightpush/2.0.0-beta1,/vac/waku/filter-push/2.0.0-beta1 observable_address=ok(/ip4/127.0.0.1/tcp/62671) proto_version=ipfs/0.1.0 agent_version=logos-delivery-v0.39.0-gca2814 signedPeerRecord=None
[2026-10-02 00:25:01.102] [out] [delivery_module] DBG 2026-10-02 00:25:01.102+02:00 starting sendNonHighPriorityTask           topics="libp2p pubsubpeer" tid=41922882 p=16U*eonjku
[2026-10-02 00:25:01.102] [out] [delivery_module] DBG 2026-10-02 00:25:01.102+02:00 created new pubsub peer                    topics="libp2p pubsub" tid=41922882 peerId=16U*eonjku
[2026-10-02 00:25:01.102] [out] [delivery_module] DBG 2026-10-02 00:25:01.102+02:00 no listener registered                     tid=41922883 event=onConnectionChange
[2026-10-02 00:25:01.102] [out] [delivery_module] DBG 2026-10-02 00:25:01.102+02:00 starting pubsub read loop                  topics="libp2p pubsubpeer" tid=41922882 stream=16U*mh4NaK:6abeddbd496eb23f5815c68a peer=16U*mh4NaK closed=false
[2026-10-02 00:25:01.102] [out] [delivery_module] DBG 2026-10-02 00:25:01.102+02:00 Incoming WakuRelay connection              topics="waku relay" tid=41922882 connection=16U*eonjku:6abeddbd496eb23f5815c696 protocol=/vac/waku/relay/2.0.0
[2026-10-02 00:25:01.102] [out] [delivery_module] DBG 2026-10-02 00:25:01.102+02:00 starting pubsub read loop                  topics="libp2p pubsubpeer" tid=41922882 stream=16U*eonjku:6abeddbd496eb23f5815c696 peer=16U*eonjku closed=false
[2026-10-02 00:25:01.102] [out] [delivery_module] DBG 2026-10-02 00:25:01.102+02:00 identify: info sent                        topics="libp2p identify" tid=41922882 stream=16U*eonjku:6abeddbd496eb23f5815c697 info="(peerId: 16Uiu2HAmLqNLLLtohpXzkQ8RkwDiAc8WHj8we6gnVGr3jj2B5TEG, listenAddrs: [/ip4/127.0.0.1/tcp/62621], addrs: [/ip4/127.0.0.1/tcp/62621], protocols: [/ipfs/id/1.0.0, /libp2p/autonat/1.0.0, /libp2p/circuit/relay/0.2.0/hop, /vac/waku/metadata/1.0.0, /mix/1.0.0, /vac/waku/relay/2.0.0, /ipfs/ping/1.0.0, /vac/waku/filter-push/2.0.0-beta1], protoVersion: ipfs/0.1.0, agentVersion: logos-delivery-v0.39.0-gca2814)"
[2026-10-02 00:25:01.102] [out] [delivery_module] DBG 2026-10-02 00:25:01.102+02:00 identify: info received                    topics="libp2p identify" tid=41922882 stream=16U*gT11Bi:6abeddbd496eb23f5815c691 pubkey=ok(sec...ae24)) addresses=/ip4/127.0.0.1/tcp/62618 protocols=/ipfs/id/1.0.0,/libp2p/autonat/1.0.0,/libp2p/circuit/relay/0.2.0/hop,/vac/waku/metadata/1.0.0,/mix/1.0.0,/vac/waku/relay/2.0.0,/ipfs/ping/1.0.0,/vac/waku/lightpush/3.0.0,/vac/waku/lightpush/2.0.0-beta1,/vac/waku/filter-push/2.0.0-beta1 observable_address=ok(/ip4/127.0.0.1/tcp/62669) proto_version=ipfs/0.1.0 agent_version=logos-delivery-v0.39.0-gca2814 signedPeerRecord=None
[2026-10-02 00:25:01.102] [out] [delivery_module] DBG 2026-10-02 00:25:01.102+02:00 Event identified                           topics="waku node peer_manager" tid=41922882 peerId=16U*mh4NaK
[2026-10-02 00:25:01.102] [out] [delivery_module] DBG 2026-10-02 00:25:01.102+02:00 no listener registered                     tid=41922883 event=onConnectionChange
[2026-10-02 00:25:01.103] [out] [delivery_module] DBG 2026-10-02 00:25:01.103+02:00 starting pubsub read loop                  topics="libp2p pubsubpeer" tid=41922882 stream=16U*gT11Bi:6abeddbd496eb23f5815c690 peer=16U*gT11Bi closed=false
[2026-10-02 00:25:01.103] [out] [delivery_module] DBG 2026-10-02 00:25:01.103+02:00 Event identified                           topics="waku node peer_manager" tid=41922882 peerId=16U*gT11Bi
[2026-10-02 00:25:01.103] [out] [delivery_module] DBG 2026-10-02 00:25:01.103+02:00 identify: info received                    topics="libp2p identify" tid=41922882 stream=16U*tyjqZp:6abeddbd496eb23f5815c695 pubkey=ok(sec...459a)) addresses=/ip4/127.0.0.1/tcp/62619 protocols=/ipfs/id/1.0.0,/libp2p/autonat/1.0.0,/libp2p/circuit/relay/0.2.0/hop,/vac/waku/metadata/1.0.0,/mix/1.0.0,/vac/waku/relay/2.0.0,/ipfs/ping/1.0.0,/vac/waku/lightpush/3.0.0,/vac/waku/lightpush/2.0.0-beta1,/vac/waku/filter-push/2.0.0-beta1 observable_address=ok(/ip4/127.0.0.1/tcp/62670) proto_version=ipfs/0.1.0 agent_version=logos-delivery-v0.39.0-gca2814 signedPeerRecord=None
[2026-10-02 00:25:01.103] [out] [delivery_module] DBG 2026-10-02 00:25:01.103+02:00 no listener registered                     tid=41922883 event=onConnectionChange
[2026-10-02 00:25:01.103] [out] [delivery_module] DBG 2026-10-02 00:25:01.103+02:00 starting pubsub read loop                  topics="libp2p pubsubpeer" tid=41922882 stream=16U*tyjqZp:6abeddbd496eb23f5815c694 peer=16U*tyjqZp closed=false
[2026-10-02 00:25:01.103] [out] [delivery_module] DBG 2026-10-02 00:25:01.103+02:00 Event identified                           topics="waku node peer_manager" tid=41922882 peerId=16U*tyjqZp
[2026-10-02 00:25:01.104] [out] [delivery_module] DBG 2026-10-02 00:25:01.104+02:00 no listener registered                     tid=41922883 event=onConnectionChange
[2026-10-02 00:25:01.104] [out] [delivery_module] DBG 2026-10-02 00:25:01.104+02:00 identify: info received                    topics="libp2p identify" tid=41922882 stream=16U*eonjku:6abeddbd496eb23f5815c699 pubkey=ok(sec...c76a)) addresses=/ip4/127.0.0.1/tcp/62617 protocols=/ipfs/id/1.0.0,/libp2p/autonat/1.0.0,/libp2p/circuit/relay/0.2.0/hop,/vac/waku/metadata/1.0.0,/mix/1.0.0,/vac/waku/relay/2.0.0,/ipfs/ping/1.0.0,/vac/waku/lightpush/3.0.0,/vac/waku/lightpush/2.0.0-beta1,/vac/waku/filter-push/2.0.0-beta1 observable_address=ok(/ip4/127.0.0.1/tcp/62668) proto_version=ipfs/0.1.0 agent_version=logos-delivery-v0.39.0-gca2814 signedPeerRecord=None
[2026-10-02 00:25:01.104] [out] [delivery_module] DBG 2026-10-02 00:25:01.104+02:00 starting pubsub read loop                  topics="libp2p pubsubpeer" tid=41922882 stream=16U*eonjku:6abeddbd496eb23f5815c698 peer=16U*eonjku closed=false
[2026-10-02 00:25:01.104] [out] [delivery_module] DBG 2026-10-02 00:25:01.104+02:00 Event identified                           topics="waku node peer_manager" tid=41922882 peerId=16U*eonjku
[2026-10-02 00:25:01.104] [out] [delivery_module] DBG 2026-10-02 00:25:01.104+02:00 no listener registered                     tid=41922883 event=onConnectionChange
[2026-10-02 00:25:01.105] [out] [delivery_module] DBG 2026-10-02 00:25:01.105+02:00 Received WakuMetadata request              topics="waku metadata" tid=41922882 remoteClusterId=ok(42) remoteShards="[0]" localClusterId=42 localShards="[0]" peer=16U*gT11Bi
[2026-10-02 00:25:01.105] [out] [delivery_module] DBG 2026-10-02 00:25:01.105+02:00 Received WakuMetadata request              topics="waku metadata" tid=41922882 remoteClusterId=ok(42) remoteShards="[0]" localClusterId=42 localShards="[0]" peer=16U*mh4NaK
[2026-10-02 00:25:01.105] [out] [delivery_module] DBG 2026-10-02 00:25:01.105+02:00 Received WakuMetadata request              topics="waku metadata" tid=41922882 remoteClusterId=ok(42) remoteShards="[0]" localClusterId=42 localShards="[0]" peer=16U*tyjqZp
[2026-10-02 00:25:01.105] [out] [delivery_module] DBG 2026-10-02 00:25:01.105+02:00 Received WakuMetadata request              topics="waku metadata" tid=41922882 remoteClusterId=ok(42) remoteShards="[0]" localClusterId=42 localShards="[0]" peer=16U*eonjku
[2026-10-02 00:25:01.106] [out] [delivery_module] DBG 2026-10-02 00:25:01.106+02:00 no listener registered                     tid=41922883 event=onConnectionChange
[2026-10-02 00:25:01.106] [out] [delivery_module] DBG 2026-10-02 00:25:01.106+02:00 no listener registered                     tid=41922883 event=onConnectionChange
[2026-10-02 00:25:01.106] [out] [delivery_module] DBG 2026-10-02 00:25:01.106+02:00 no listener registered                     tid=41922883 event=onConnectionChange
[2026-10-02 00:25:01.106] [out] [delivery_module] DBG 2026-10-02 00:25:01.106+02:00 no listener registered                     tid=41922883 event=onConnectionChange
[2026-10-02 00:25:01.106] [out] [delivery_module] DBG 2026-10-02 00:25:01.106+02:00 Finished dialing multiple peers            tid=41922882 successfulConns=4 attempted=4
[2026-10-02 00:25:01.106] [out] [delivery_module] DBG 2026-10-02 00:25:01.106+02:00 Starting peer exchange loop                topics="waku node peerexchange api" tid=41922882
[2026-10-02 00:25:01.106] [out] [delivery_module] DBG 2026-10-02 00:25:01.106+02:00 Retrieving peer info via peer exchange protocol topics="waku node peerexchange api" tid=41922882 amount=5
[2026-10-02 00:25:01.107] [out] [delivery_module] DBG 2026-10-02 00:25:01.107+02:00 Peer exchange request could not be made as no peer exchange peers found topics="waku peer_exchange client" tid=41922882
[2026-10-02 00:25:01.107] [out] [delivery_module] DBG 2026-10-02 00:25:01.107+02:00 Failed to retrieve peer info via peer exchange protocol topics="waku node peerexchange api" tid=41922882 error="(status_code: SERVICE_UNAVAILABLE, status_desc: ok(peer_not_found_failure))"
[2026-10-02 00:25:01.107] [out] [delivery_module] DBG 2026-10-02 00:25:01.107+02:00 Cannot fetch peers from peer exchange      topics="waku node peerexchange api" tid=41922882 cause="(status_code: SERVICE_UNAVAILABLE, status_desc: ok(peer_not_found_failure))"
[2026-10-02 00:25:01.107] [out] [delivery_module] INF 2026-10-02 00:25:01.107+02:00 Relay peer connections                     topics="waku node peer_manager" tid=41922882 inRelayConns=0/50 outRelayConns=4/25 totalConnections=4/150 notConnectedPeers=0 outsideBackoffPeers=0
[2026-10-02 00:25:01.107] [out] [delivery_module] DBG 2026-10-02 00:25:01.107+02:00 ENR addresses updated                      topics="waku enr" tid=41922882 retained=1 total=1
[2026-10-02 00:25:01.107] [out] [delivery_module] INF 2026-10-02 00:25:01.107+02:00 Node is online                             topics="waku online monitor" tid=41922882
[2026-10-02 00:25:01.107] [out] [delivery_module] INF 2026-10-02 00:25:01.107+02:00 Health monitor loop start                  tid=41922882
[2026-10-02 00:25:01.107] [out] [delivery_module] DBG 2026-10-02 00:25:01.107+02:00 calculateConnectionState                   tid=41922882 relayCount=4 storeClientCount=0 lightpushCount=4 filterCount=0
[2026-10-02 00:25:01.107] [out] [delivery_module] DBG 2026-10-02 00:25:01.107+02:00 connectionStatus change                    tid=41922882 oldstatus=Disconnected newstatus=Connected
[2026-10-02 00:25:01.108] [out] [delivery_module] INF 2026-10-02 00:25:01.108+02:00 starting keepalive                         tid=41922882 randomPeersKeepalive=10s allPeersKeepalive=2m
qt.qpa.fonts: Populating font family aliases took 40 ms. Replace uses of missing font family "Sans Serif" with one that exists to avoid this cost. 
[2026-10-02 00:25:01.200] [out] [delivery_module] DBG 2026-10-02 00:25:01.200+02:00 no listener registered                     tid=41922883 event=onTopicHealthChange
[2026-10-02 00:25:01.209] [out] [delivery_module] DBG 2026-10-02 00:25:01.209+02:00 calculateConnectionState                   tid=41922882 relayCount=4 storeClientCount=0 lightpushCount=4 filterCount=0
Loaded UI plugin: "/nix/store/lpw6vdhviy85qzljih8n5agnv7yv5mvx-logos-forum_module-plugin-dir"
[QmlInspector] Inspector server listening on port 3768
[QmlInspector] Client connected from "::1"
[QmlInspector] Client disconnected
[QmlInspector] Client connected from "::1"
[2026-10-02 00:25:31.100] [out] [delivery_module] DBG 2026-10-02 00:25:31.100+02:00 Accepted an incoming connection            topics="libp2p switch" tid=41922882 conn=:6abedddb496eb23f5815c6b7
[2026-10-02 00:25:31.100] [out] [delivery_module] DBG 2026-10-02 00:25:31.100+02:00 About to accept incoming connection        topics="libp2p switch" tid=41922882
[2026-10-02 00:25:31.102] [out] [delivery_module] DBG 2026-10-02 00:25:31.102+02:00 dialMe answer is reachable                 topics="libp2p autonatservice" tid=41922882 peerId=16Uiu2HAm9kvKfRQbohQiX3wB1WykLBePfPAsTaRuKpt21feonjku
[2026-10-02 00:25:31.102] [out] [delivery_module] DBG 2026-10-02 00:25:31.102+02:00 Current status                             topics="libp2p autonatservice" tid=41922882 currentStats=Unknown confidence=none() answers=[Reachable]
[2026-10-02 00:25:31.104] [out] [delivery_module] DBG 2026-10-02 00:25:31.104+02:00 Accepted an incoming connection            topics="libp2p switch" tid=41922882 conn=:6abedddb496eb23f5815c6bb
[2026-10-02 00:25:31.104] [out] [delivery_module] DBG 2026-10-02 00:25:31.104+02:00 About to accept incoming connection        topics="libp2p switch" tid=41922882
[2026-10-02 00:25:31.107] [out] [delivery_module] DBG 2026-10-02 00:25:31.107+02:00 dialMe answer is reachable                 topics="libp2p autonatservice" tid=41922882 peerId=16Uiu2HAkyWbogqXXZzPHN2fDDqxFHfjNTosRGje3X2c2yBtyjqZp
[2026-10-02 00:25:31.107] [out] [delivery_module] DBG 2026-10-02 00:25:31.107+02:00 Current status                             topics="libp2p autonatservice" tid=41922882 currentStats=Unknown confidence=none() answers=[Reachable, Reachable]
[2026-10-02 00:25:31.109] [out] [delivery_module] DBG 2026-10-02 00:25:31.109+02:00 Accepted an incoming connection            topics="libp2p switch" tid=41922882 conn=:6abedddb496eb23f5815c6bf
[2026-10-02 00:25:31.109] [out] [delivery_module] DBG 2026-10-02 00:25:31.109+02:00 About to accept incoming connection        topics="libp2p switch" tid=41922882
[2026-10-02 00:25:31.111] [out] [delivery_module] DBG 2026-10-02 00:25:31.111+02:00 dialMe answer is reachable                 topics="libp2p autonatservice" tid=41922882 peerId=16Uiu2HAkymyJCczJNKBYKeyvPDwc3JjfHsUPyFjdS19oqAgT11Bi
[2026-10-02 00:25:31.112] [out] [delivery_module] DBG 2026-10-02 00:25:31.111+02:00 Current status                             topics="libp2p autonatservice" tid=41922882 currentStats=Reachable confidence=ok(1.0) answers=[Reachable, Reachable, Reachable]
[2026-10-02 00:25:31.112] [out] [delivery_module] DBG 2026-10-02 00:25:31.111+02:00 Peer reachability status                   tid=41922882 networkReachability=Reachable confidence=1.0
[QmlInspector] Client disconnected
[2026-10-02 00:26:01.103] [out] [delivery_module] DBG 2026-10-02 00:26:01.103+02:00 Accepted an incoming connection            topics="libp2p switch" tid=41922882 conn=:6abeddf9496eb23f5815c6db
[2026-10-02 00:26:01.103] [out] [delivery_module] DBG 2026-10-02 00:26:01.103+02:00 About to accept incoming connection        topics="libp2p switch" tid=41922882
[2026-10-02 00:26:01.107] [out] [delivery_module] DBG 2026-10-02 00:26:01.107+02:00 dialMe answer is reachable                 topics="libp2p autonatservice" tid=41922882 peerId=16Uiu2HAm9kvKfRQbohQiX3wB1WykLBePfPAsTaRuKpt21feonjku
[2026-10-02 00:26:01.107] [out] [delivery_module] DBG 2026-10-02 00:26:01.107+02:00 Current status                             topics="libp2p autonatservice" tid=41922882 currentStats=Reachable confidence=ok(1.0) answers=[Reachable, Reachable, Reachable]
[2026-10-02 00:26:01.107] [out] [delivery_module] DBG 2026-10-02 00:26:01.107+02:00 Retrieving peer info via peer exchange protocol topics="waku node peerexchange api" tid=41922882 amount=5
[2026-10-02 00:26:01.107] [out] [delivery_module] DBG 2026-10-02 00:26:01.107+02:00 Peer exchange request could not be made as no peer exchange peers found topics="waku peer_exchange client" tid=41922882
[2026-10-02 00:26:01.107] [out] [delivery_module] DBG 2026-10-02 00:26:01.107+02:00 Failed to retrieve peer info via peer exchange protocol topics="waku node peerexchange api" tid=41922882 error="(status_code: SERVICE_UNAVAILABLE, status_desc: ok(peer_not_found_failure))"
[2026-10-02 00:26:01.107] [out] [delivery_module] DBG 2026-10-02 00:26:01.107+02:00 Cannot fetch peers from peer exchange      topics="waku node peerexchange api" tid=41922882 cause="(status_code: SERVICE_UNAVAILABLE, status_desc: ok(peer_not_found_failure))"
[2026-10-02 00:26:01.109] [out] [delivery_module] DBG 2026-10-02 00:26:01.109+02:00 Accepted an incoming connection            topics="libp2p switch" tid=41922882 conn=:6abeddf9496eb23f5815c6df
[2026-10-02 00:26:01.109] [out] [delivery_module] DBG 2026-10-02 00:26:01.109+02:00 About to accept incoming connection        topics="libp2p switch" tid=41922882
[2026-10-02 00:26:01.113] [out] [delivery_module] DBG 2026-10-02 00:26:01.113+02:00 dialMe answer is reachable                 topics="libp2p autonatservice" tid=41922882 peerId=16Uiu2HAkvjdukRKrz7VESd6Ab1iADzfqMi8YgRxnAHUp7kmh4NaK
[2026-10-02 00:26:01.113] [out] [delivery_module] DBG 2026-10-02 00:26:01.113+02:00 Current status                             topics="libp2p autonatservice" tid=41922882 currentStats=Reachable confidence=ok(1.0) answers=[Reachable, Reachable, Reachable]
[2026-10-02 00:26:01.115] [out] [delivery_module] DBG 2026-10-02 00:26:01.115+02:00 Accepted an incoming connection            topics="libp2p switch" tid=41922882 conn=:6abeddf9496eb23f5815c6e3
[2026-10-02 00:26:01.115] [out] [delivery_module] DBG 2026-10-02 00:26:01.115+02:00 About to accept incoming connection        topics="libp2p switch" tid=41922882
[2026-10-02 00:26:01.117] [out] [delivery_module] DBG 2026-10-02 00:26:01.117+02:00 dialMe answer is reachable                 topics="libp2p autonatservice" tid=41922882 peerId=16Uiu2HAkyWbogqXXZzPHN2fDDqxFHfjNTosRGje3X2c2yBtyjqZp
[2026-10-02 00:26:01.117] [out] [delivery_module] DBG 2026-10-02 00:26:01.117+02:00 Current status                             topics="libp2p autonatservice" tid=41922882 currentStats=Reachable confidence=ok(1.0) answers=[Reachable, Reachable, Reachable]
