run-logos-standalone-ui: hot-reloading QML from <repo>/src/qml
  (export DEV_QML_PATH to override, or LOGOS_QML_HOT_RELOAD=0 to disable)
Session directory: "~/Library/Application Support/Logos/LogosStandalone"
[2026-10-03 22:11:13.647] [info] [logos] Granting host services to 'capability_module': token_registry,token_delivery
[2026-10-03 22:11:13.687] [out] [capability_module] [2026-10-03 22:11:13.686] [info] Granting host services to capability_module: ["token_registry","token_delivery"]
RemoteTransportConnection: Connecting to registry: "local:logos_capability_module_d172de404c1f" at "22:11:13.688"
RemoteTransportConnection: Registry connect attempt started (no peer contact yet): "local:logos_capability_module_d172de404c1f"
LogosAPIConsumer: Informing module token for module: "capability_module" with token: "redacted:90ed20cc…"
RemoteTransportConnection: Requesting object: "capability_module" at "22:11:13.688"
[LogosObject] RemoteTransportConnection: returning RemoteLogosObject for: "capability_module"
[LogosObject] Created RemoteLogosObject wrapping QRemoteObjectReplica 105553137834592
[LogosObject] LogosAPIConsumer: calling LogosObject::informModuleToken for "capability_module"
LogosAPIConsumer: informModuleToken completed with result: true
[LogosObject] Destroying RemoteLogosObject 0
[2026-10-03 22:11:13.714] [info] [logos] Module loaded: capability_module
LogosAPIConsumer: Informing module token for module: "modules_state" with token: "redacted:d921c493…"
RemoteTransportConnection: Requesting object: "capability_module" at "22:11:13.752"
[LogosObject] RemoteTransportConnection: returning RemoteLogosObject for: "capability_module"
[LogosObject] Created RemoteLogosObject wrapping QRemoteObjectReplica 105553137864192
[LogosObject] LogosAPIConsumer: calling LogosObject::informModuleToken for "modules_state"
LogosAPIConsumer: informModuleToken completed with result: true
[LogosObject] Destroying RemoteLogosObject 0
[2026-10-03 22:11:13.754] [info] [logos] Module loaded: modules_state
RemoteTransportConnection: Connecting to registry: "local:logos_modules_state_d172de404c1f" at "22:11:13.754"
RemoteTransportConnection: Registry connect attempt started (no peer contact yet): "local:logos_modules_state_d172de404c1f"
RemoteTransportConnection: Connecting to registry: "local:logos_capability_module_d172de404c1f" at "22:11:13.754"
RemoteTransportConnection: Registry connect attempt started (no peer contact yet): "local:logos_capability_module_d172de404c1f"
LogosAPIConsumer: '"modules_state"::""' deferred pending the module becoming reachable
LogosAPIConsumer: '"modules_state"::""' deferred pending the module becoming reachable
Logos Core started (modules dir: "/nix/store/4v2cj5cr5dlsjb9cl0blr0cds0qf07iv-logos-forum_module-plugin-dir-modules" )
Set app icon from metadata: "/nix/store/dqc6yddh1zfs3kgbvjyck3pgyz21r83p-logos-forum_module-plugin-dir/src/icons/icon.png"
[2026-10-03 22:11:13.810] [info] [logos] [delivery_module] DeliveryModuleImpl: Initializing...
LogosAPIConsumer: Informing module token for module: "delivery_module" with token: "redacted:af63239b…"
RemoteTransportConnection: Requesting object: "capability_module" at "22:11:13.811"
[LogosObject] RemoteTransportConnection: returning RemoteLogosObject for: "capability_module"
[LogosObject] Created RemoteLogosObject wrapping QRemoteObjectReplica 105553137839584
[LogosObject] LogosAPIConsumer: calling LogosObject::informModuleToken for "delivery_module"
LogosAPIConsumer: informModuleToken completed with result: true
[LogosObject] Destroying RemoteLogosObject 0
[2026-10-03 22:11:13.811] [info] [logos] Module loaded: delivery_module
RemoteTransportConnection: Connecting to registry: "local:logos_delivery_module_d172de404c1f" at "22:11:13.812"
RemoteTransportConnection: Registry connect attempt started (no peer contact yet): "local:logos_delivery_module_d172de404c1f"
RemoteTransportConnection: Connecting to registry: "local:logos_capability_module_d172de404c1f" at "22:11:13.812"
RemoteTransportConnection: Registry connect attempt started (no peer contact yet): "local:logos_capability_module_d172de404c1f"
LogosAPIConsumer: '"delivery_module"::""' deferred pending the module becoming reachable
LogosAPIClient: getToken for module: "modules_state"
LogosAPIClient: Found token for module: "modules_state"
RemoteTransportConnection: Requesting object: "modules_state" at "22:11:13.812"
[LogosObject] RemoteTransportConnection: returning RemoteLogosObject for: "modules_state"
[LogosObject] Created RemoteLogosObject wrapping QRemoteObjectReplica 105553137775456
[LogosObject] LogosAPIConsumer: async calling via LogosObject::callMethodAsync "note_transition"
[LogosObject] RemoteLogosObject::callMethodAsync "note_transition" args: 7
LogosAPIClient: getToken for module: "modules_state"
LogosAPIClient: Found token for module: "modules_state"
[LogosObject] LogosAPIConsumer: async calling via LogosObject::callMethodAsync "note_transition"
[LogosObject] RemoteLogosObject::callMethodAsync "note_transition" args: 7
Loaded dependency (with transitive deps): "delivery_module"
[2026-10-03 22:11:13.852] [info] [logos] [storage_module] StorageModuleImpl: Initializing...
LogosAPIConsumer: Informing module token for module: "storage_module" with token: "redacted:0ea119c6…"
RemoteTransportConnection: Requesting object: "capability_module" at "22:11:13.853"
[LogosObject] Created RemoteLogosObject wrapping QRemoteObjectReplica 105553137934624
LogosAPIClient: invoking remote method "modules_state" "apply_snapshot" args_count: 1
LogosAPIClient: getToken for module: "modules_state"
LogosAPIClient: Found token for module: "modules_state"
LogosAPIConsumer: Calling invokeRemoteMethod: "modules_state" "apply_snapshot" args_count: 1 timeout: 20000
[LogosObject] LogosAPIConsumer: calling via LogosObject::callMethod "apply_snapshot"
[LogosObject] RemoteLogosObject::callMethod "apply_snapshot" args: 1
[LogosObject] Created RemoteLogosObject wrapping QRemoteObjectReplica 105553137778272
LogosAPIClient: getToken for module: "modules_state"
LogosAPIClient: Found token for module: "modules_state"
[LogosObject] LogosAPIConsumer: async calling via LogosObject::callMethodAsync "note_transition"
[LogosObject] RemoteLogosObject::callMethodAsync "note_transition" args: 7
LogosAPIClient: getToken for module: "modules_state"
LogosAPIClient: Found token for module: "modules_state"
[LogosObject] LogosAPIConsumer: async calling via LogosObject::callMethodAsync "note_transition"
[LogosObject] RemoteLogosObject::callMethodAsync "note_transition" args: 7
[2026-10-03 22:11:13.854] [info] [logos] Pushed module snapshot to modules_state
LogosAPIClient: getToken for module: "modules_state"
LogosAPIClient: Found token for module: "modules_state"
[LogosObject] LogosAPIConsumer: async calling via LogosObject::callMethodAsync "note_transition"
[LogosObject] RemoteLogosObject::callMethodAsync "note_transition" args: 7
[LogosObject] RemoteTransportConnection: returning RemoteLogosObject for: "capability_module"
[LogosObject] Created RemoteLogosObject wrapping QRemoteObjectReplica 105553137782816
[LogosObject] LogosAPIConsumer: calling LogosObject::informModuleToken for "storage_module"
LogosAPIConsumer: informModuleToken completed with result: true
[LogosObject] Destroying RemoteLogosObject 0
[2026-10-03 22:11:13.855] [info] [logos] Module loaded: storage_module
RemoteTransportConnection: Connecting to registry: "local:logos_storage_module_d172de404c1f" at "22:11:13.855"
RemoteTransportConnection: Registry connect attempt started (no peer contact yet): "local:logos_storage_module_d172de404c1f"
RemoteTransportConnection: Connecting to registry: "local:logos_capability_module_d172de404c1f" at "22:11:13.855"
RemoteTransportConnection: Registry connect attempt started (no peer contact yet): "local:logos_capability_module_d172de404c1f"
LogosAPIConsumer: '"storage_module"::""' deferred pending the module becoming reachable
LogosAPIClient: getToken for module: "modules_state"
LogosAPIClient: Found token for module: "modules_state"
[LogosObject] LogosAPIConsumer: async calling via LogosObject::callMethodAsync "note_transition"
[LogosObject] RemoteLogosObject::callMethodAsync "note_transition" args: 7
Loaded dependency (with transitive deps): "storage_module"
DEV_QML_PATH override active: <repo>/src/qml/Main.qml
RemoteTransportConnection: Connecting to registry: "local:logos_capability_module_d172de404c1f" at "22:11:13.856"
RemoteTransportConnection: Registry connect attempt started (no peer contact yet): "local:logos_capability_module_d172de404c1f"
LogosAPIConsumer: Informing module token for module: "forum_module" with token: "redacted:dfd5961b…"
RemoteTransportConnection: Requesting object: "capability_module" at "22:11:13.856"
[LogosObject] RemoteTransportConnection: returning RemoteLogosObject for: "capability_module"
[LogosObject] Created RemoteLogosObject wrapping QRemoteObjectReplica 105553137867488
[LogosObject] LogosAPIConsumer: calling LogosObject::informModuleToken for "forum_module"
[LogosObject] Created RemoteLogosObject wrapping QRemoteObjectReplica 105553137866176
LogosAPIClient: getToken for module: "modules_state"
LogosAPIClient: Found token for module: "modules_state"
[LogosObject] LogosAPIConsumer: async calling via LogosObject::callMethodAsync "note_transition"
[LogosObject] RemoteLogosObject::callMethodAsync "note_transition" args: 7
LogosAPIConsumer: informModuleToken completed with result: true
[LogosObject] Destroying RemoteLogosObject 0
[2026-10-03 22:11:13.900] [warning] [logos] [capability_module] Warning: QObject::connect: No such signal ::eventResponse(QString,QVariantList)
[2026-10-03 22:11:13.901] [info] [logos] [delivery_module] DeliveryModuleImpl::getNodeInfo called with nodeInfoId: MyPeerId
[2026-10-03 22:11:13.901] [info] [logos] [delivery_module] DeliveryModuleImpl: Cannot get node info - context not initialized. Call createNode first.
[2026-10-03 22:11:13.901] [info] [logos] [delivery_module] DeliveryModuleImpl::createNode called
[2026-10-03 22:11:13.989] [info] [logos] [delivery_module] DeliveryModuleImpl: Waiting for createNode callback...
[2026-10-03 22:11:13.994] [out] [delivery_module] DBG 2026-10-03 22:11:13.994+02:00 Whether to mount storeSync is not specified, defaulting to not mounting topics="waku conf builder" tid=3593871
[2026-10-03 22:11:13.994] [out] [delivery_module] INF 2026-10-03 22:11:13.994+02:00 Sharding configuration:                    topics="waku conf builder" tid=3593871 shardingConf="(kind: AutoSharding, numShardsInCluster: 1)" subscribeShards=@[0]
[2026-10-03 22:11:13.996] [out] [delivery_module] INF 2026-10-03 22:11:13.996+02:00 Configuration: Enabled protocols           topics="waku conf" tid=3593871 relay=true rlnRelay=false store=false filter=false lightPush=false peerExchange=false rendezvous=false
[2026-10-03 22:11:13.996] [out] [delivery_module] INF 2026-10-03 22:11:13.996+02:00 Configuration. Network                     topics="waku conf" tid=3593871 cluster=42
[2026-10-03 22:11:13.996] [out] [delivery_module] DBG 2026-10-03 22:11:13.996+02:00 Configuration. Active Relay Shards         topics="waku conf" tid=3593871 shard=0
[2026-10-03 22:11:13.997] [out] [delivery_module] INF 2026-10-03 22:11:13.997+02:00 Setting up storage                         tid=3593871
[2026-10-03 22:11:13.997] [out] [delivery_module] INF 2026-10-03 22:11:13.997+02:00 Initializing node                          tid=3593871
[2026-10-03 22:11:13.998] [out] [delivery_module] INF 2026-10-03 22:11:13.998+02:00 Initializing networking                    tid=3593871 addrs=@[/ip4/127.0.0.1/tcp/56362]
[2026-10-03 22:11:13.998] [out] [delivery_module] INF 2026-10-03 22:11:13.998+02:00 Mounting protocols                         tid=3593871
[2026-10-03 22:11:13.999] [out] [delivery_module] INF 2026-10-03 22:11:13.998+02:00 Created WakuMetadata protocol              topics="waku node" tid=3593871 clusterId=42 shards="[0]"
[2026-10-03 22:11:13.999] [out] [delivery_module] INF 2026-10-03 22:11:13.999+02:00 mounting store client                      topics="waku node store api" tid=3593871
[2026-10-03 22:11:13.999] [out] [delivery_module] INF 2026-10-03 22:11:13.999+02:00 Mounting auto sharding                     topics="waku node" tid=3593871 clusterId=42 shardCount=1
[2026-10-03 22:11:13.999] [out] [delivery_module] DBG 2026-10-03 22:11:13.999+02:00 Shards created from content topics         tid=3593871 contentTopics=[] shards=[]
[2026-10-03 22:11:13.999] [out] [delivery_module] DBG 2026-10-03 22:11:13.999+02:00 Setting max message size                   tid=3593871 num_bytes=153600
[2026-10-03 22:11:13.999] [out] [delivery_module] INF 2026-10-03 22:11:13.999+02:00 mounting relay protocol                    topics="waku node relay api" tid=3593871
[2026-10-03 22:11:14.000] [out] [delivery_module] DBG 2026-10-03 22:11:14.000+02:00 relay mounted successfully                 topics="waku node relay api" tid=3593871
[2026-10-03 22:11:14.000] [out] [delivery_module] DBG 2026-10-03 22:11:14.000+02:00 Adding validator to signed shards          tid=3593871 protectedShards=[] clusterId=42
[2026-10-03 22:11:14.000] [out] [delivery_module] INF 2026-10-03 22:11:14.000+02:00 mounting libp2p ping protocol              topics="waku node ping api" tid=3593871
[2026-10-03 22:11:14.000] [out] [delivery_module] INF 2026-10-03 22:11:14.000+02:00 mounting light push client                 topics="waku node lightpush api" tid=3593871
[2026-10-03 22:11:14.000] [out] [delivery_module] INF 2026-10-03 22:11:14.000+02:00 mounting legacy light push client          topics="waku node lightpush api" tid=3593871
[2026-10-03 22:11:14.000] [out] [delivery_module] INF 2026-10-03 22:11:14.000+02:00 mounting filter client                     topics="waku node filter api" tid=3593871
[2026-10-03 22:11:14.000] [out] [delivery_module] INF 2026-10-03 22:11:14.000+02:00 mounting waku peer exchange client         topics="waku node peerexchange api" tid=3593871
[2026-10-03 22:11:14.000] [out] [delivery_module] INF 2026-10-03 22:11:14.000+02:00 No external callbacks to be set            topics="wakunode waku" tid=3593871
[2026-10-03 22:11:14.000] [out] [delivery_module] INF 2026-10-03 22:11:14.000+02:00 Setting up AutonatService                  topics="libp2p autonatservice" tid=3593871
[2026-10-03 22:11:14.001] [info] [logos] [delivery_module] DeliveryModuleImpl::createNode callback called with ret: 0
[2026-10-03 22:11:14.007] [info] [logos] [delivery_module] DeliveryModuleImpl: Delivery context created successfully
[2026-10-03 22:11:14.008] [info] [logos] [delivery_module] DeliveryModuleImpl::start called
[2026-10-03 22:11:14.009] [info] [logos] [delivery_module] DeliveryModuleImpl::getNodeInfo called with nodeInfoId: MyPeerId
[2026-10-03 22:11:14.009] [out] [delivery_module] INF 2026-10-03 22:11:14.009+02:00 Retrieve dynamic bootstrap nodes           topics="wakunode waku" tid=3593871
[2026-10-03 22:11:14.009] [out] [delivery_module] INF 2026-10-03 22:11:14.009+02:00 Running nwaku node                         tid=3593871 version=v0.39.0-gca2814
[2026-10-03 22:11:14.009] [out] [delivery_module] INF 2026-10-03 22:11:14.009+02:00 Starting Waku node                         topics="waku node" tid=3593871 version=v0.39.0-gca2814
[2026-10-03 22:11:14.009] [out] [delivery_module] DBG 2026-10-03 22:11:14.009+02:00 starting switch for peer                   topics="libp2p switch" tid=3593871 peerInfo="(peerId: 16Uiu2HAmKr87YwH7x9qnAzndUTbFwNxXoxwwhiknZoJ6AGZBtswB, listenAddrs: [/ip4/127.0.0.1/tcp/56362], addrs: [], protocols: [/ipfs/id/1.0.0, /libp2p/autonat/1.0.0, /libp2p/circuit/relay/0.2.0/hop, /vac/waku/metadata/1.0.0, /vac/waku/relay/2.0.0, /ipfs/ping/1.0.0, /vac/waku/filter-push/2.0.0-beta1], protoVersion: ipfs/0.1.0, agentVersion: logos-delivery-v0.39.0-gca2814)"
[2026-10-03 22:11:14.011] [out] [delivery_module] DBG 2026-10-03 22:11:14.011+02:00 About to accept incoming connection        topics="libp2p switch" tid=3593871
[2026-10-03 22:11:14.011] [out] [delivery_module] INF 2026-10-03 22:11:14.011+02:00 start                                      topics="waku relay" tid=3593871
[2026-10-03 22:11:14.025] [out] [delivery_module] DBG 2026-10-03 22:11:14.012+02:00 Started libp2p node                        topics="libp2p switch" tid=3593871 peer="(peerId: 16Uiu2HAmKr87YwH7x9qnAzndUTbFwNxXoxwwhiknZoJ6AGZBtswB, listenAddrs: [/ip4/127.0.0.1/tcp/56362], addrs: [/ip4/127.0.0.1/tcp/56362], protocols: [/ipfs/id/1.0.0, /libp2p/autonat/1.0.0, /libp2p/circuit/relay/0.2.0/hop, /vac/waku/metadata/1.0.0, /vac/waku/relay/2.0.0, /ipfs/ping/1.0.0, /vac/waku/filter-push/2.0.0-beta1], protoVersion: ipfs/0.1.0, agentVersion: logos-delivery-v0.39.0-gca2814)"
[2026-10-03 22:11:14.029] [out] [delivery_module] INF 2026-10-03 22:11:14.029+02:00 Announced base resolved                    topics="waku node" tid=3593871 addrs=@[/ip4/127.0.0.1/tcp/56362] explicit=@[/ip4/127.0.0.1/tcp/56362]
[2026-10-03 22:11:14.029] [out] [delivery_module] DBG 2026-10-03 22:11:14.029+02:00 ENR addresses updated                      topics="waku enr" tid=3593871 retained=1 total=1
[2026-10-03 22:11:14.029] [out] [delivery_module] INF 2026-10-03 22:11:14.029+02:00 Node started successfully                  topics="waku node" tid=3593871
[2026-10-03 22:11:14.029] [out] [delivery_module] DBG 2026-10-03 22:11:14.029+02:00 Dialing multiple peers                     tid=3593871 numOfPeers=4 nodes="@[\"/ip4/127.0.0.1/tcp/56357/p2p/16Uiu2HAm731RpPjw2tATS2XWKjFSDDvVJEUfa3h7zy2egJ45xt6z\", \"/ip4/127.0.0.1/tcp/56358/p2p/16Uiu2HAmTDzaKsG5yci8zNCe92oGBHBV623Dcc6ZyP1AwSX9ubxw\", \"/ip4/127.0.0.1/tcp/56359/p2p/16Uiu2HAkztBXXzDu2gzcMLgvM6rwZRePQddnXZPzX4DCUhmzNtJA\", \"/ip4/127.0.0.1/tcp/56360/p2p/16Uiu2HAmQW2NENG9nxpoMx1fBGHBpnSXVUxLsBj6ULzMhbZpArfp\"]"
[2026-10-03 22:11:14.030] [out] [delivery_module] DBG 2026-10-03 22:11:14.030+02:00 Dialing peer                               topics="libp2p dialer" tid=3593871 peerId=16U*45xt6z addrs="[/ip4/127.0.0.1/tcp/56357]"
[2026-10-03 22:11:14.030] [out] [delivery_module] DBG 2026-10-03 22:11:14.030+02:00 Expanded address and hostname              topics="libp2p dialer" tid=3593871 expandedAddress=/ip4/127.0.0.1/tcp/56357 hostname=127.0.0.1 resolvedAddresses="[/ip4/127.0.0.1/tcp/56357]"
[2026-10-03 22:11:14.031] [out] [delivery_module] DBG 2026-10-03 22:11:14.031+02:00 Dialing peer                               topics="libp2p dialer" tid=3593871 peerId=16U*X9ubxw addrs="[/ip4/127.0.0.1/tcp/56358]"
[2026-10-03 22:11:14.031] [out] [delivery_module] DBG 2026-10-03 22:11:14.031+02:00 Expanded address and hostname              topics="libp2p dialer" tid=3593871 expandedAddress=/ip4/127.0.0.1/tcp/56358 hostname=127.0.0.1 resolvedAddresses="[/ip4/127.0.0.1/tcp/56358]"
[2026-10-03 22:11:14.031] [out] [delivery_module] DBG 2026-10-03 22:11:14.031+02:00 Dialing peer                               topics="libp2p dialer" tid=3593871 peerId=16U*mzNtJA addrs="[/ip4/127.0.0.1/tcp/56359]"
[2026-10-03 22:11:14.031] [out] [delivery_module] DBG 2026-10-03 22:11:14.031+02:00 Expanded address and hostname              topics="libp2p dialer" tid=3593871 expandedAddress=/ip4/127.0.0.1/tcp/56359 hostname=127.0.0.1 resolvedAddresses="[/ip4/127.0.0.1/tcp/56359]"
[2026-10-03 22:11:14.031] [out] [delivery_module] DBG 2026-10-03 22:11:14.031+02:00 Dialing peer                               topics="libp2p dialer" tid=3593871 peerId=16U*ZpArfp addrs="[/ip4/127.0.0.1/tcp/56360]"
[2026-10-03 22:11:14.031] [out] [delivery_module] DBG 2026-10-03 22:11:14.031+02:00 Expanded address and hostname              topics="libp2p dialer" tid=3593871 expandedAddress=/ip4/127.0.0.1/tcp/56360 hostname=127.0.0.1 resolvedAddresses="[/ip4/127.0.0.1/tcp/56360]"
[2026-10-03 22:11:14.041] [info] [logos] [delivery_module] DeliveryModuleImpl::subscribe called with contentTopic: /lp0026forum/1/general/text
[2026-10-03 22:11:14.041] [out] [delivery_module] DBG 2026-10-03 22:11:14.041+02:00 Subscribing to pubsub topic                topics="waku relay" tid=3593871 pubsubTopic=/waku/2/rs/42/0
[2026-10-03 22:11:14.042] [info] [logos] [delivery_module] DeliveryModuleImpl: Subscribe completed for topic: /lp0026forum/1/general/text with success
[2026-10-03 22:11:14.042] [out] [delivery_module] DBG 2026-10-03 22:11:14.042+02:00 No mesh peer for the given pubsub topic    topics="waku relay" tid=3593871 pubsubTopic=/waku/2/rs/42/0
[2026-10-03 22:11:14.044] [out] [delivery_module] DBG 2026-10-03 22:11:14.044+02:00 Dial successful                            topics="libp2p dialer" tid=3593871 peerId=16U*mzNtJA
[2026-10-03 22:11:14.045] [out] [delivery_module] DBG 2026-10-03 22:11:14.045+02:00 no listener registered                     tid=3593873 event=onConnectionChange
[2026-10-03 22:11:14.045] [out] [delivery_module] DBG 2026-10-03 22:11:14.045+02:00 starting sendNonHighPriorityTask           topics="libp2p pubsubpeer" tid=3593871 p=16U*mzNtJA
[2026-10-03 22:11:14.045] [out] [delivery_module] DBG 2026-10-03 22:11:14.045+02:00 created new pubsub peer                    topics="libp2p pubsub" tid=3593871 peerId=16U*mzNtJA
[2026-10-03 22:11:14.046] [out] [delivery_module] DBG 2026-10-03 22:11:14.045+02:00 Incoming WakuRelay connection              topics="waku relay" tid=3593871 connection=16U*mzNtJA:6ac16162925727372e036cf3 protocol=/vac/waku/relay/2.0.0
[2026-10-03 22:11:14.046] [out] [delivery_module] DBG 2026-10-03 22:11:14.046+02:00 starting pubsub read loop                  topics="libp2p pubsubpeer" tid=3593871 stream=16U*mzNtJA:6ac16162925727372e036cf3 peer=16U*mzNtJA closed=false
[2026-10-03 22:11:14.046] [out] [delivery_module] DBG 2026-10-03 22:11:14.046+02:00 identify: info sent                        topics="libp2p identify" tid=3593871 stream=16U*mzNtJA:6ac16162925727372e036cf4 info="(peerId: 16Uiu2HAmKr87YwH7x9qnAzndUTbFwNxXoxwwhiknZoJ6AGZBtswB, listenAddrs: [/ip4/127.0.0.1/tcp/56362], addrs: [/ip4/127.0.0.1/tcp/56362], protocols: [/ipfs/id/1.0.0, /libp2p/autonat/1.0.0, /libp2p/circuit/relay/0.2.0/hop, /vac/waku/metadata/1.0.0, /vac/waku/relay/2.0.0, /ipfs/ping/1.0.0, /vac/waku/filter-push/2.0.0-beta1], protoVersion: ipfs/0.1.0, agentVersion: logos-delivery-v0.39.0-gca2814)"
[2026-10-03 22:11:14.047] [out] [delivery_module] DBG 2026-10-03 22:11:14.046+02:00 Dial successful                            topics="libp2p dialer" tid=3593871 peerId=16U*X9ubxw
[2026-10-03 22:11:14.047] [out] [delivery_module] DBG 2026-10-03 22:11:14.047+02:00 Dial successful                            topics="libp2p dialer" tid=3593871 peerId=16U*ZpArfp
[2026-10-03 22:11:14.047] [out] [delivery_module] DBG 2026-10-03 22:11:14.047+02:00 Dial successful                            topics="libp2p dialer" tid=3593871 peerId=16U*45xt6z
[2026-10-03 22:11:14.047] [out] [delivery_module] DBG 2026-10-03 22:11:14.047+02:00 starting sendNonHighPriorityTask           topics="libp2p pubsubpeer" tid=3593871 p=16U*X9ubxw
[2026-10-03 22:11:14.047] [out] [delivery_module] DBG 2026-10-03 22:11:14.047+02:00 created new pubsub peer                    topics="libp2p pubsub" tid=3593871 peerId=16U*X9ubxw
[2026-10-03 22:11:14.047] [out] [delivery_module] DBG 2026-10-03 22:11:14.047+02:00 no listener registered                     tid=3593873 event=onConnectionChange
[2026-10-03 22:11:14.047] [out] [delivery_module] DBG 2026-10-03 22:11:14.047+02:00 starting sendNonHighPriorityTask           topics="libp2p pubsubpeer" tid=3593871 p=16U*ZpArfp
[2026-10-03 22:11:14.047] [out] [delivery_module] DBG 2026-10-03 22:11:14.047+02:00 created new pubsub peer                    topics="libp2p pubsub" tid=3593871 peerId=16U*ZpArfp
[2026-10-03 22:11:14.047] [out] [delivery_module] DBG 2026-10-03 22:11:14.047+02:00 no listener registered                     tid=3593873 event=onConnectionChange
[2026-10-03 22:11:14.047] [out] [delivery_module] DBG 2026-10-03 22:11:14.047+02:00 starting sendNonHighPriorityTask           topics="libp2p pubsubpeer" tid=3593871 p=16U*45xt6z
[2026-10-03 22:11:14.047] [out] [delivery_module] DBG 2026-10-03 22:11:14.047+02:00 created new pubsub peer                    topics="libp2p pubsub" tid=3593871 peerId=16U*45xt6z
[2026-10-03 22:11:14.047] [out] [delivery_module] DBG 2026-10-03 22:11:14.047+02:00 no listener registered                     tid=3593873 event=onConnectionChange
[2026-10-03 22:11:14.048] [out] [delivery_module] DBG 2026-10-03 22:11:14.048+02:00 Incoming WakuRelay connection              topics="waku relay" tid=3593871 connection=16U*X9ubxw:6ac16162925727372e036cf7 protocol=/vac/waku/relay/2.0.0
[2026-10-03 22:11:14.048] [out] [delivery_module] DBG 2026-10-03 22:11:14.048+02:00 starting pubsub read loop                  topics="libp2p pubsubpeer" tid=3593871 stream=16U*X9ubxw:6ac16162925727372e036cf7 peer=16U*X9ubxw closed=false
[2026-10-03 22:11:14.048] [out] [delivery_module] DBG 2026-10-03 22:11:14.048+02:00 identify: info sent                        topics="libp2p identify" tid=3593871 stream=16U*X9ubxw:6ac16162925727372e036cf8 info="(peerId: 16Uiu2HAmKr87YwH7x9qnAzndUTbFwNxXoxwwhiknZoJ6AGZBtswB, listenAddrs: [/ip4/127.0.0.1/tcp/56362], addrs: [/ip4/127.0.0.1/tcp/56362], protocols: [/ipfs/id/1.0.0, /libp2p/autonat/1.0.0, /libp2p/circuit/relay/0.2.0/hop, /vac/waku/metadata/1.0.0, /vac/waku/relay/2.0.0, /ipfs/ping/1.0.0, /vac/waku/filter-push/2.0.0-beta1], protoVersion: ipfs/0.1.0, agentVersion: logos-delivery-v0.39.0-gca2814)"
[2026-10-03 22:11:14.048] [out] [delivery_module] DBG 2026-10-03 22:11:14.048+02:00 Incoming WakuRelay connection              topics="waku relay" tid=3593871 connection=16U*ZpArfp:6ac16162925727372e036cf9 protocol=/vac/waku/relay/2.0.0
[2026-10-03 22:11:14.048] [out] [delivery_module] DBG 2026-10-03 22:11:14.048+02:00 starting pubsub read loop                  topics="libp2p pubsubpeer" tid=3593871 stream=16U*ZpArfp:6ac16162925727372e036cf9 peer=16U*ZpArfp closed=false
[2026-10-03 22:11:14.048] [out] [delivery_module] DBG 2026-10-03 22:11:14.048+02:00 identify: info sent                        topics="libp2p identify" tid=3593871 stream=16U*ZpArfp:6ac16162925727372e036cfa info="(peerId: 16Uiu2HAmKr87YwH7x9qnAzndUTbFwNxXoxwwhiknZoJ6AGZBtswB, listenAddrs: [/ip4/127.0.0.1/tcp/56362], addrs: [/ip4/127.0.0.1/tcp/56362], protocols: [/ipfs/id/1.0.0, /libp2p/autonat/1.0.0, /libp2p/circuit/relay/0.2.0/hop, /vac/waku/metadata/1.0.0, /vac/waku/relay/2.0.0, /ipfs/ping/1.0.0, /vac/waku/filter-push/2.0.0-beta1], protoVersion: ipfs/0.1.0, agentVersion: logos-delivery-v0.39.0-gca2814)"
[2026-10-03 22:11:14.048] [out] [delivery_module] DBG 2026-10-03 22:11:14.048+02:00 Incoming WakuRelay connection              topics="waku relay" tid=3593871 connection=16U*45xt6z:6ac16162925727372e036cfb protocol=/vac/waku/relay/2.0.0
[2026-10-03 22:11:14.048] [out] [delivery_module] DBG 2026-10-03 22:11:14.048+02:00 starting pubsub read loop                  topics="libp2p pubsubpeer" tid=3593871 stream=16U*45xt6z:6ac16162925727372e036cfb peer=16U*45xt6z closed=false
[2026-10-03 22:11:14.048] [out] [delivery_module] DBG 2026-10-03 22:11:14.048+02:00 identify: info sent                        topics="libp2p identify" tid=3593871 stream=16U*45xt6z:6ac16162925727372e036cfc info="(peerId: 16Uiu2HAmKr87YwH7x9qnAzndUTbFwNxXoxwwhiknZoJ6AGZBtswB, listenAddrs: [/ip4/127.0.0.1/tcp/56362], addrs: [/ip4/127.0.0.1/tcp/56362], protocols: [/ipfs/id/1.0.0, /libp2p/autonat/1.0.0, /libp2p/circuit/relay/0.2.0/hop, /vac/waku/metadata/1.0.0, /vac/waku/relay/2.0.0, /ipfs/ping/1.0.0, /vac/waku/filter-push/2.0.0-beta1], protoVersion: ipfs/0.1.0, agentVersion: logos-delivery-v0.39.0-gca2814)"
[2026-10-03 22:11:14.049] [out] [delivery_module] DBG 2026-10-03 22:11:14.049+02:00 identify: info received                    topics="libp2p identify" tid=3593871 stream=16U*mzNtJA:6ac16162925727372e036cf6 pubkey=ok(sec...d888)) addresses=/ip4/127.0.0.1/tcp/56359 protocols=/ipfs/id/1.0.0,/libp2p/autonat/1.0.0,/libp2p/circuit/relay/0.2.0/hop,/vac/waku/metadata/1.0.0,/mix/1.0.0,/vac/waku/relay/2.0.0,/ipfs/ping/1.0.0,/vac/waku/lightpush/3.0.0,/vac/waku/lightpush/2.0.0-beta1,/vac/waku/filter-push/2.0.0-beta1 observable_address=ok(/ip4/127.0.0.1/tcp/56461) proto_version=ipfs/0.1.0 agent_version=logos-delivery-v0.39.0-gca2814 signedPeerRecord=None
[2026-10-03 22:11:14.050] [out] [delivery_module] DBG 2026-10-03 22:11:14.050+02:00 starting pubsub read loop                  topics="libp2p pubsubpeer" tid=3593871 stream=16U*mzNtJA:6ac16162925727372e036cf5 peer=16U*mzNtJA closed=false
[2026-10-03 22:11:14.050] [out] [delivery_module] DBG 2026-10-03 22:11:14.050+02:00 Event identified                           topics="waku node peer_manager" tid=3593871 peerId=16U*mzNtJA
[2026-10-03 22:11:14.050] [out] [delivery_module] DBG 2026-10-03 22:11:14.050+02:00 identify: info received                    topics="libp2p identify" tid=3593871 stream=16U*X9ubxw:6ac16162925727372e036cfe pubkey=ok(sec...bdcb)) addresses=/ip4/127.0.0.1/tcp/56358 protocols=/ipfs/id/1.0.0,/libp2p/autonat/1.0.0,/libp2p/circuit/relay/0.2.0/hop,/vac/waku/metadata/1.0.0,/mix/1.0.0,/vac/waku/relay/2.0.0,/ipfs/ping/1.0.0,/vac/waku/lightpush/3.0.0,/vac/waku/lightpush/2.0.0-beta1,/vac/waku/filter-push/2.0.0-beta1 observable_address=ok(/ip4/127.0.0.1/tcp/56459) proto_version=ipfs/0.1.0 agent_version=logos-delivery-v0.39.0-gca2814 signedPeerRecord=None
[2026-10-03 22:11:14.050] [out] [delivery_module] DBG 2026-10-03 22:11:14.050+02:00 no listener registered                     tid=3593873 event=onConnectionChange
[2026-10-03 22:11:14.051] [out] [delivery_module] DBG 2026-10-03 22:11:14.051+02:00 identify: info received                    topics="libp2p identify" tid=3593871 stream=16U*ZpArfp:6ac16162925727372e036d00 pubkey=ok(sec...e625)) addresses=/ip4/127.0.0.1/tcp/56360 protocols=/ipfs/id/1.0.0,/libp2p/autonat/1.0.0,/libp2p/circuit/relay/0.2.0/hop,/vac/waku/metadata/1.0.0,/mix/1.0.0,/vac/waku/relay/2.0.0,/ipfs/ping/1.0.0,/vac/waku/lightpush/3.0.0,/vac/waku/lightpush/2.0.0-beta1,/vac/waku/filter-push/2.0.0-beta1 observable_address=ok(/ip4/127.0.0.1/tcp/56463) proto_version=ipfs/0.1.0 agent_version=logos-delivery-v0.39.0-gca2814 signedPeerRecord=None
[2026-10-03 22:11:14.052] [out] [delivery_module] DBG 2026-10-03 22:11:14.052+02:00 identify: info received                    topics="libp2p identify" tid=3593871 stream=16U*45xt6z:6ac16162925727372e036d02 pubkey=ok(sec...a4c4)) addresses=/ip4/127.0.0.1/tcp/56357 protocols=/ipfs/id/1.0.0,/libp2p/autonat/1.0.0,/libp2p/circuit/relay/0.2.0/hop,/vac/waku/metadata/1.0.0,/mix/1.0.0,/vac/waku/relay/2.0.0,/ipfs/ping/1.0.0,/vac/waku/lightpush/3.0.0,/vac/waku/lightpush/2.0.0-beta1,/vac/waku/filter-push/2.0.0-beta1 observable_address=ok(/ip4/127.0.0.1/tcp/56456) proto_version=ipfs/0.1.0 agent_version=logos-delivery-v0.39.0-gca2814 signedPeerRecord=None
[2026-10-03 22:11:14.052] [out] [delivery_module] DBG 2026-10-03 22:11:14.052+02:00 starting pubsub read loop                  topics="libp2p pubsubpeer" tid=3593871 stream=16U*X9ubxw:6ac16162925727372e036cfd peer=16U*X9ubxw closed=false
[2026-10-03 22:11:14.052] [out] [delivery_module] DBG 2026-10-03 22:11:14.052+02:00 Event identified                           topics="waku node peer_manager" tid=3593871 peerId=16U*X9ubxw
[2026-10-03 22:11:14.052] [out] [delivery_module] DBG 2026-10-03 22:11:14.052+02:00 no listener registered                     tid=3593873 event=onConnectionChange
[2026-10-03 22:11:14.052] [out] [delivery_module] DBG 2026-10-03 22:11:14.052+02:00 starting pubsub read loop                  topics="libp2p pubsubpeer" tid=3593871 stream=16U*ZpArfp:6ac16162925727372e036cff peer=16U*ZpArfp closed=false
[2026-10-03 22:11:14.052] [out] [delivery_module] DBG 2026-10-03 22:11:14.052+02:00 starting pubsub read loop                  topics="libp2p pubsubpeer" tid=3593871 stream=16U*45xt6z:6ac16162925727372e036d01 peer=16U*45xt6z closed=false
[2026-10-03 22:11:14.053] [out] [delivery_module] DBG 2026-10-03 22:11:14.053+02:00 Event identified                           topics="waku node peer_manager" tid=3593871 peerId=16U*ZpArfp
[2026-10-03 22:11:14.053] [out] [delivery_module] DBG 2026-10-03 22:11:14.053+02:00 Event identified                           topics="waku node peer_manager" tid=3593871 peerId=16U*45xt6z
[2026-10-03 22:11:14.053] [out] [delivery_module] DBG 2026-10-03 22:11:14.053+02:00 no listener registered                     tid=3593873 event=onConnectionChange
[2026-10-03 22:11:14.053] [out] [delivery_module] DBG 2026-10-03 22:11:14.053+02:00 no listener registered                     tid=3593873 event=onConnectionChange
[2026-10-03 22:11:14.055] [out] [delivery_module] DBG 2026-10-03 22:11:14.055+02:00 Received WakuMetadata request              topics="waku metadata" tid=3593871 remoteClusterId=ok(42) remoteShards="[0]" localClusterId=42 localShards="[0]" peer=16U*mzNtJA
[2026-10-03 22:11:14.056] [out] [delivery_module] DBG 2026-10-03 22:11:14.056+02:00 Received WakuMetadata request              topics="waku metadata" tid=3593871 remoteClusterId=ok(42) remoteShards="[0]" localClusterId=42 localShards="[0]" peer=16U*X9ubxw
[2026-10-03 22:11:14.056] [out] [delivery_module] DBG 2026-10-03 22:11:14.056+02:00 Received WakuMetadata request              topics="waku metadata" tid=3593871 remoteClusterId=ok(42) remoteShards="[0]" localClusterId=42 localShards="[0]" peer=16U*ZpArfp
[2026-10-03 22:11:14.056] [out] [delivery_module] DBG 2026-10-03 22:11:14.056+02:00 Received WakuMetadata request              topics="waku metadata" tid=3593871 remoteClusterId=ok(42) remoteShards="[0]" localClusterId=42 localShards="[0]" peer=16U*45xt6z
[2026-10-03 22:11:14.057] [out] [delivery_module] DBG 2026-10-03 22:11:14.057+02:00 no listener registered                     tid=3593873 event=onConnectionChange
[2026-10-03 22:11:14.057] [out] [delivery_module] DBG 2026-10-03 22:11:14.057+02:00 no listener registered                     tid=3593873 event=onConnectionChange
[2026-10-03 22:11:14.058] [out] [delivery_module] DBG 2026-10-03 22:11:14.058+02:00 no listener registered                     tid=3593873 event=onConnectionChange
[2026-10-03 22:11:14.058] [out] [delivery_module] DBG 2026-10-03 22:11:14.058+02:00 no listener registered                     tid=3593873 event=onConnectionChange
[2026-10-03 22:11:14.058] [out] [delivery_module] DBG 2026-10-03 22:11:14.058+02:00 Finished dialing multiple peers            tid=3593871 successfulConns=4 attempted=4
[2026-10-03 22:11:14.058] [out] [delivery_module] DBG 2026-10-03 22:11:14.058+02:00 Starting peer exchange loop                topics="waku node peerexchange api" tid=3593871
[2026-10-03 22:11:14.058] [out] [delivery_module] DBG 2026-10-03 22:11:14.058+02:00 Retrieving peer info via peer exchange protocol topics="waku node peerexchange api" tid=3593871 amount=5
[2026-10-03 22:11:14.058] [out] [delivery_module] DBG 2026-10-03 22:11:14.058+02:00 Peer exchange request could not be made as no peer exchange peers found topics="waku peer_exchange client" tid=3593871
[2026-10-03 22:11:14.059] [out] [delivery_module] DBG 2026-10-03 22:11:14.058+02:00 Failed to retrieve peer info via peer exchange protocol topics="waku node peerexchange api" tid=3593871 error="(status_code: SERVICE_UNAVAILABLE, status_desc: ok(peer_not_found_failure))"
[2026-10-03 22:11:14.059] [out] [delivery_module] DBG 2026-10-03 22:11:14.059+02:00 Cannot fetch peers from peer exchange      topics="waku node peerexchange api" tid=3593871 cause="(status_code: SERVICE_UNAVAILABLE, status_desc: ok(peer_not_found_failure))"
[2026-10-03 22:11:14.059] [out] [delivery_module] INF 2026-10-03 22:11:14.059+02:00 Relay peer connections                     topics="waku node peer_manager" tid=3593871 inRelayConns=0/50 outRelayConns=4/25 totalConnections=4/150 notConnectedPeers=0 outsideBackoffPeers=0
[2026-10-03 22:11:14.060] [out] [delivery_module] DBG 2026-10-03 22:11:14.060+02:00 ENR addresses updated                      topics="waku enr" tid=3593871 retained=1 total=1
[2026-10-03 22:11:14.061] [out] [delivery_module] INF 2026-10-03 22:11:14.061+02:00 Node is online                             topics="waku online monitor" tid=3593871
[2026-10-03 22:11:14.061] [out] [delivery_module] INF 2026-10-03 22:11:14.061+02:00 Health monitor loop start                  tid=3593871
[2026-10-03 22:11:14.062] [out] [delivery_module] DBG 2026-10-03 22:11:14.062+02:00 calculateConnectionState                   tid=3593871 relayCount=4 storeClientCount=0 lightpushCount=4 filterCount=0
[2026-10-03 22:11:14.062] [out] [delivery_module] DBG 2026-10-03 22:11:14.062+02:00 connectionStatus change                    tid=3593871 oldstatus=Disconnected newstatus=Connected
[2026-10-03 22:11:14.063] [out] [delivery_module] INF 2026-10-03 22:11:14.062+02:00 starting keepalive                         tid=3593871 randomPeersKeepalive=10s allPeersKeepalive=2m
[2026-10-03 22:11:14.144] [out] [delivery_module] DBG 2026-10-03 22:11:14.144+02:00 no listener registered                     tid=3593873 event=onTopicHealthChange
[2026-10-03 22:11:14.164] [out] [delivery_module] DBG 2026-10-03 22:11:14.164+02:00 calculateConnectionState                   tid=3593871 relayCount=4 storeClientCount=0 lightpushCount=4 filterCount=0
Loaded UI plugin: "/nix/store/dqc6yddh1zfs3kgbvjyck3pgyz21r83p-logos-forum_module-plugin-dir"
[QmlInspector] Inspector server listening on port 3769
[QmlInspector] Client connected from "::1"
[2026-10-03 22:11:21.567] [out] [delivery_module] INF 2026-10-03 22:11:21.567+02:00 Message received                           tid=3593871 msg_hash=0x139c456bd938ec389df6e681630118bba6b0eacb8db3904ae9f667a8aec6e536 contentTopic=/lp0026forum/1/general/text pubsubTopic=/waku/2/rs/42/0 source=live
[QmlInspector] Client disconnected
