run-logos-standalone-ui: hot-reloading QML from <repo>/src/qml
  (export DEV_QML_PATH to override, or LOGOS_QML_HOT_RELOAD=0 to disable)
Session directory: "~/Library/Application Support/Logos/LogosStandalone"
[2026-10-01 22:20:44.135] [info] [logos] Granting host services to 'capability_module': token_registry,token_delivery
[2026-10-01 22:20:44.176] [out] [capability_module] [2026-10-01 22:20:44.176] [info] Granting host services to capability_module: ["token_registry","token_delivery"]
RemoteTransportConnection: Connecting to registry: "local:logos_capability_module_73f177896761" at "22:20:44.178"
RemoteTransportConnection: Registry connect attempt started (no peer contact yet): "local:logos_capability_module_73f177896761"
LogosAPIConsumer: Informing module token for module: "capability_module" with token: "redacted:37cfc424…"
RemoteTransportConnection: Requesting object: "capability_module" at "22:20:44.178"
[LogosObject] RemoteTransportConnection: returning RemoteLogosObject for: "capability_module"
[LogosObject] Created RemoteLogosObject wrapping QRemoteObjectReplica 105553127654880
[LogosObject] LogosAPIConsumer: calling LogosObject::informModuleToken for "capability_module"
LogosAPIConsumer: informModuleToken completed with result: true
[LogosObject] Destroying RemoteLogosObject 0
[2026-10-01 22:20:44.204] [info] [logos] Module loaded: capability_module
LogosAPIConsumer: Informing module token for module: "modules_state" with token: "redacted:98c13c96…"
RemoteTransportConnection: Requesting object: "capability_module" at "22:20:44.234"
[LogosObject] RemoteTransportConnection: returning RemoteLogosObject for: "capability_module"
[LogosObject] Created RemoteLogosObject wrapping QRemoteObjectReplica 105553127748800
[LogosObject] LogosAPIConsumer: calling LogosObject::informModuleToken for "modules_state"
LogosAPIConsumer: informModuleToken completed with result: true
[LogosObject] Destroying RemoteLogosObject 0
[2026-10-01 22:20:44.237] [info] [logos] Module loaded: modules_state
RemoteTransportConnection: Connecting to registry: "local:logos_modules_state_73f177896761" at "22:20:44.238"
RemoteTransportConnection: Registry connect attempt started (no peer contact yet): "local:logos_modules_state_73f177896761"
RemoteTransportConnection: Connecting to registry: "local:logos_capability_module_73f177896761" at "22:20:44.238"
RemoteTransportConnection: Registry connect attempt started (no peer contact yet): "local:logos_capability_module_73f177896761"
LogosAPIConsumer: '"modules_state"::""' deferred pending the module becoming reachable
LogosAPIConsumer: '"modules_state"::""' deferred pending the module becoming reachable
Logos Core started (modules dir: "/nix/store/4v2cj5cr5dlsjb9cl0blr0cds0qf07iv-logos-forum_module-plugin-dir-modules" )
Set app icon from metadata: "/nix/store/66hmy1akc1bjr0wa85n629s9y1chnimp-logos-forum_module-plugin-dir/src/icons/icon.png"
[2026-10-01 22:20:44.291] [info] [logos] [delivery_module] DeliveryModuleImpl: Initializing...
LogosAPIConsumer: Informing module token for module: "delivery_module" with token: "redacted:ef794d34…"
RemoteTransportConnection: Requesting object: "capability_module" at "22:20:44.293"
[LogosObject] RemoteTransportConnection: returning RemoteLogosObject for: "capability_module"
[LogosObject] Created RemoteLogosObject wrapping QRemoteObjectReplica 105553127293344
[LogosObject] LogosAPIConsumer: calling LogosObject::informModuleToken for "delivery_module"
LogosAPIConsumer: informModuleToken completed with result: true
[LogosObject] Destroying RemoteLogosObject 0
[2026-10-01 22:20:44.296] [info] [logos] Module loaded: delivery_module
RemoteTransportConnection: Connecting to registry: "local:logos_delivery_module_73f177896761" at "22:20:44.296"
RemoteTransportConnection: Registry connect attempt started (no peer contact yet): "local:logos_delivery_module_73f177896761"
RemoteTransportConnection: Connecting to registry: "local:logos_capability_module_73f177896761" at "22:20:44.296"
RemoteTransportConnection: Registry connect attempt started (no peer contact yet): "local:logos_capability_module_73f177896761"
LogosAPIConsumer: '"delivery_module"::""' deferred pending the module becoming reachable
LogosAPIClient: getToken for module: "modules_state"
LogosAPIClient: Found token for module: "modules_state"
RemoteTransportConnection: Requesting object: "modules_state" at "22:20:44.297"
[LogosObject] RemoteTransportConnection: returning RemoteLogosObject for: "modules_state"
[LogosObject] Created RemoteLogosObject wrapping QRemoteObjectReplica 105553127751360
[LogosObject] LogosAPIConsumer: async calling via LogosObject::callMethodAsync "note_transition"
[LogosObject] RemoteLogosObject::callMethodAsync "note_transition" args: 7
LogosAPIClient: getToken for module: "modules_state"
LogosAPIClient: Found token for module: "modules_state"
[LogosObject] LogosAPIConsumer: async calling via LogosObject::callMethodAsync "note_transition"
[LogosObject] RemoteLogosObject::callMethodAsync "note_transition" args: 7
Loaded dependency (with transitive deps): "delivery_module"
[2026-10-01 22:20:44.335] [info] [logos] [storage_module] StorageModuleImpl: Initializing...
LogosAPIConsumer: Informing module token for module: "storage_module" with token: "redacted:c6ec6a53…"
RemoteTransportConnection: Requesting object: "capability_module" at "22:20:44.337"
[LogosObject] Created RemoteLogosObject wrapping QRemoteObjectReplica 105553127281024
LogosAPIClient: invoking remote method "modules_state" "apply_snapshot" args_count: 1
LogosAPIClient: getToken for module: "modules_state"
LogosAPIClient: Found token for module: "modules_state"
LogosAPIConsumer: Calling invokeRemoteMethod: "modules_state" "apply_snapshot" args_count: 1 timeout: 20000
[LogosObject] LogosAPIConsumer: calling via LogosObject::callMethod "apply_snapshot"
[LogosObject] RemoteLogosObject::callMethod "apply_snapshot" args: 1
[LogosObject] Created RemoteLogosObject wrapping QRemoteObjectReplica 105553127749696
LogosAPIClient: getToken for module: "modules_state"
LogosAPIClient: Found token for module: "modules_state"
[LogosObject] LogosAPIConsumer: async calling via LogosObject::callMethodAsync "note_transition"
[LogosObject] RemoteLogosObject::callMethodAsync "note_transition" args: 7
LogosAPIClient: getToken for module: "modules_state"
LogosAPIClient: Found token for module: "modules_state"
[LogosObject] LogosAPIConsumer: async calling via LogosObject::callMethodAsync "note_transition"
[LogosObject] RemoteLogosObject::callMethodAsync "note_transition" args: 7
[2026-10-01 22:20:44.337] [info] [logos] Pushed module snapshot to modules_state
LogosAPIClient: getToken for module: "modules_state"
LogosAPIClient: Found token for module: "modules_state"
[LogosObject] LogosAPIConsumer: async calling via LogosObject::callMethodAsync "note_transition"
[LogosObject] RemoteLogosObject::callMethodAsync "note_transition" args: 7
[LogosObject] RemoteTransportConnection: returning RemoteLogosObject for: "capability_module"
[LogosObject] Created RemoteLogosObject wrapping QRemoteObjectReplica 105553127787872
[LogosObject] LogosAPIConsumer: calling LogosObject::informModuleToken for "storage_module"
LogosAPIConsumer: informModuleToken completed with result: true
[LogosObject] Destroying RemoteLogosObject 0
[2026-10-01 22:20:44.338] [info] [logos] Module loaded: storage_module
RemoteTransportConnection: Connecting to registry: "local:logos_storage_module_73f177896761" at "22:20:44.338"
RemoteTransportConnection: Registry connect attempt started (no peer contact yet): "local:logos_storage_module_73f177896761"
RemoteTransportConnection: Connecting to registry: "local:logos_capability_module_73f177896761" at "22:20:44.338"
RemoteTransportConnection: Registry connect attempt started (no peer contact yet): "local:logos_capability_module_73f177896761"
LogosAPIConsumer: '"storage_module"::""' deferred pending the module becoming reachable
LogosAPIClient: getToken for module: "modules_state"
LogosAPIClient: Found token for module: "modules_state"
[LogosObject] LogosAPIConsumer: async calling via LogosObject::callMethodAsync "note_transition"
[LogosObject] RemoteLogosObject::callMethodAsync "note_transition" args: 7
Loaded dependency (with transitive deps): "storage_module"
DEV_QML_PATH override active: <repo>/src/qml/Main.qml
RemoteTransportConnection: Connecting to registry: "local:logos_capability_module_73f177896761" at "22:20:44.339"
RemoteTransportConnection: Registry connect attempt started (no peer contact yet): "local:logos_capability_module_73f177896761"
LogosAPIConsumer: Informing module token for module: "forum_module" with token: "redacted:1608d443…"
RemoteTransportConnection: Requesting object: "capability_module" at "22:20:44.339"
[LogosObject] RemoteTransportConnection: returning RemoteLogosObject for: "capability_module"
[LogosObject] Created RemoteLogosObject wrapping QRemoteObjectReplica 105553127750880
[LogosObject] LogosAPIConsumer: calling LogosObject::informModuleToken for "forum_module"
[LogosObject] Created RemoteLogosObject wrapping QRemoteObjectReplica 105553127792192
LogosAPIClient: getToken for module: "modules_state"
LogosAPIClient: Found token for module: "modules_state"
[LogosObject] LogosAPIConsumer: async calling via LogosObject::callMethodAsync "note_transition"
[LogosObject] RemoteLogosObject::callMethodAsync "note_transition" args: 7
LogosAPIConsumer: informModuleToken completed with result: true
[LogosObject] Destroying RemoteLogosObject 0
[2026-10-01 22:20:44.746] [warning] [logos] [capability_module] Warning: QObject::connect: No such signal ::eventResponse(QString,QVariantList)
[2026-10-01 22:20:44.747] [info] [logos] [delivery_module] DeliveryModuleImpl::getNodeInfo called with nodeInfoId: MyPeerId
[2026-10-01 22:20:44.747] [info] [logos] [delivery_module] DeliveryModuleImpl: Cannot get node info - context not initialized. Call createNode first.
[2026-10-01 22:20:44.747] [info] [logos] [delivery_module] DeliveryModuleImpl::createNode called
[2026-10-01 22:20:45.111] [info] [logos] [delivery_module] DeliveryModuleImpl: Waiting for createNode callback...
[2026-10-01 22:20:45.116] [out] [delivery_module] DBG 2026-10-01 22:20:45.115+02:00 Whether to mount storeSync is not specified, defaulting to not mounting topics="waku conf builder" tid=41494360
[2026-10-01 22:20:45.116] [out] [delivery_module] INF 2026-10-01 22:20:45.116+02:00 Sharding configuration:                    topics="waku conf builder" tid=41494360 shardingConf="(kind: AutoSharding, numShardsInCluster: 1)" subscribeShards=@[0]
[2026-10-01 22:20:45.118] [out] [delivery_module] INF 2026-10-01 22:20:45.118+02:00 Configuration: Enabled protocols           topics="waku conf" tid=41494360 relay=true rlnRelay=false store=false filter=false lightPush=false peerExchange=false rendezvous=false
[2026-10-01 22:20:45.118] [out] [delivery_module] INF 2026-10-01 22:20:45.118+02:00 Configuration. Network                     topics="waku conf" tid=41494360 cluster=42
[2026-10-01 22:20:45.118] [out] [delivery_module] DBG 2026-10-01 22:20:45.118+02:00 Configuration. Active Relay Shards         topics="waku conf" tid=41494360 shard=0
[2026-10-01 22:20:45.119] [out] [delivery_module] INF 2026-10-01 22:20:45.119+02:00 Setting up storage                         tid=41494360
[2026-10-01 22:20:45.119] [out] [delivery_module] INF 2026-10-01 22:20:45.119+02:00 Initializing node                          tid=41494360
[2026-10-01 22:20:45.120] [out] [delivery_module] INF 2026-10-01 22:20:45.120+02:00 Initializing networking                    tid=41494360 addrs=@[/ip4/127.0.0.1/tcp/63459]
[2026-10-01 22:20:45.120] [out] [delivery_module] INF 2026-10-01 22:20:45.120+02:00 Mounting protocols                         tid=41494360
[2026-10-01 22:20:45.120] [out] [delivery_module] INF 2026-10-01 22:20:45.120+02:00 Created WakuMetadata protocol              topics="waku node" tid=41494360 clusterId=42 shards="[0]"
[2026-10-01 22:20:45.120] [out] [delivery_module] INF 2026-10-01 22:20:45.120+02:00 mounting store client                      topics="waku node store api" tid=41494360
[2026-10-01 22:20:45.120] [out] [delivery_module] INF 2026-10-01 22:20:45.120+02:00 Mounting auto sharding                     topics="waku node" tid=41494360 clusterId=42 shardCount=1
[2026-10-01 22:20:45.120] [out] [delivery_module] DBG 2026-10-01 22:20:45.120+02:00 Shards created from content topics         tid=41494360 contentTopics=[] shards=[]
[2026-10-01 22:20:45.120] [out] [delivery_module] DBG 2026-10-01 22:20:45.120+02:00 Setting max message size                   tid=41494360 num_bytes=153600
[2026-10-01 22:20:45.120] [out] [delivery_module] INF 2026-10-01 22:20:45.120+02:00 mounting relay protocol                    topics="waku node relay api" tid=41494360
[2026-10-01 22:20:45.121] [out] [delivery_module] DBG 2026-10-01 22:20:45.121+02:00 relay mounted successfully                 topics="waku node relay api" tid=41494360
[2026-10-01 22:20:45.121] [out] [delivery_module] DBG 2026-10-01 22:20:45.121+02:00 Adding validator to signed shards          tid=41494360 protectedShards=[] clusterId=42
[2026-10-01 22:20:45.121] [out] [delivery_module] INF 2026-10-01 22:20:45.121+02:00 mounting libp2p ping protocol              topics="waku node ping api" tid=41494360
[2026-10-01 22:20:45.121] [out] [delivery_module] INF 2026-10-01 22:20:45.121+02:00 mounting light push client                 topics="waku node lightpush api" tid=41494360
[2026-10-01 22:20:45.121] [out] [delivery_module] INF 2026-10-01 22:20:45.121+02:00 mounting legacy light push client          topics="waku node lightpush api" tid=41494360
[2026-10-01 22:20:45.121] [out] [delivery_module] INF 2026-10-01 22:20:45.121+02:00 mounting filter client                     topics="waku node filter api" tid=41494360
[2026-10-01 22:20:45.121] [out] [delivery_module] INF 2026-10-01 22:20:45.121+02:00 mounting waku peer exchange client         topics="waku node peerexchange api" tid=41494360
[2026-10-01 22:20:45.121] [out] [delivery_module] INF 2026-10-01 22:20:45.121+02:00 No external callbacks to be set            topics="wakunode waku" tid=41494360
[2026-10-01 22:20:45.121] [out] [delivery_module] INF 2026-10-01 22:20:45.121+02:00 Setting up AutonatService                  topics="libp2p autonatservice" tid=41494360
[2026-10-01 22:20:45.123] [info] [logos] [delivery_module] DeliveryModuleImpl::createNode callback called with ret: 0
[2026-10-01 22:20:45.123] [info] [logos] [delivery_module] DeliveryModuleImpl: Delivery context created successfully
[2026-10-01 22:20:45.124] [info] [logos] [delivery_module] DeliveryModuleImpl::start called
[2026-10-01 22:20:45.124] [out] [delivery_module] INF 2026-10-01 22:20:45.124+02:00 Retrieve dynamic bootstrap nodes           topics="wakunode waku" tid=41494360
[2026-10-01 22:20:45.124] [info] [logos] [delivery_module] DeliveryModuleImpl::subscribe called with contentTopic: /lp0026forum/1/general/text
[2026-10-01 22:20:45.124] [out] [delivery_module] INF 2026-10-01 22:20:45.124+02:00 Running nwaku node                         tid=41494360 version=v0.39.0-gca2814
[2026-10-01 22:20:45.124] [out] [delivery_module] INF 2026-10-01 22:20:45.124+02:00 Starting Waku node                         topics="waku node" tid=41494360 version=v0.39.0-gca2814
[2026-10-01 22:20:45.125] [out] [delivery_module] DBG 2026-10-01 22:20:45.125+02:00 starting switch for peer                   topics="libp2p switch" tid=41494360 peerInfo="(peerId: 16Uiu2HAm7D6ExAdPWey81Mm3cEVfxbMs74eK3W6ez2qhZXWMbDNA, listenAddrs: [/ip4/127.0.0.1/tcp/63459], addrs: [], protocols: [/ipfs/id/1.0.0, /libp2p/autonat/1.0.0, /libp2p/circuit/relay/0.2.0/hop, /vac/waku/metadata/1.0.0, /vac/waku/relay/2.0.0, /ipfs/ping/1.0.0, /vac/waku/filter-push/2.0.0-beta1], protoVersion: ipfs/0.1.0, agentVersion: logos-delivery-v0.39.0-gca2814)"
[2026-10-01 22:20:45.126] [out] [delivery_module] DBG 2026-10-01 22:20:45.126+02:00 About to accept incoming connection        topics="libp2p switch" tid=41494360
[2026-10-01 22:20:45.126] [out] [delivery_module] INF 2026-10-01 22:20:45.126+02:00 start                                      topics="waku relay" tid=41494360
[2026-10-01 22:20:45.127] [out] [delivery_module] DBG 2026-10-01 22:20:45.127+02:00 Started libp2p node                        topics="libp2p switch" tid=41494360 peer="(peerId: 16Uiu2HAm7D6ExAdPWey81Mm3cEVfxbMs74eK3W6ez2qhZXWMbDNA, listenAddrs: [/ip4/127.0.0.1/tcp/63459], addrs: [/ip4/127.0.0.1/tcp/63459], protocols: [/ipfs/id/1.0.0, /libp2p/autonat/1.0.0, /libp2p/circuit/relay/0.2.0/hop, /vac/waku/metadata/1.0.0, /vac/waku/relay/2.0.0, /ipfs/ping/1.0.0, /vac/waku/filter-push/2.0.0-beta1], protoVersion: ipfs/0.1.0, agentVersion: logos-delivery-v0.39.0-gca2814)"
[2026-10-01 22:20:45.128] [out] [delivery_module] INF 2026-10-01 22:20:45.128+02:00 Announced base resolved                    topics="waku node" tid=41494360 addrs=@[/ip4/127.0.0.1/tcp/63459] explicit=@[/ip4/127.0.0.1/tcp/63459]
[2026-10-01 22:20:45.128] [out] [delivery_module] DBG 2026-10-01 22:20:45.128+02:00 ENR addresses updated                      topics="waku enr" tid=41494360 retained=1 total=1
[2026-10-01 22:20:45.128] [out] [delivery_module] INF 2026-10-01 22:20:45.128+02:00 Node started successfully                  topics="waku node" tid=41494360
[2026-10-01 22:20:45.128] [out] [delivery_module] DBG 2026-10-01 22:20:45.128+02:00 Dialing multiple peers                     tid=41494360 numOfPeers=4 nodes="@[\"/ip4/127.0.0.1/tcp/63454/p2p/16Uiu2HAm6pcvku3zrFsRUCiqzPdCvUmq7oiwt9Xcpd4nVRogi5Z5\", \"/ip4/127.0.0.1/tcp/63455/p2p/16Uiu2HAmCcpCqgFsPBLK66wdYQAtsf85CjoK6duAKC1DsYSSwTN5\", \"/ip4/127.0.0.1/tcp/63456/p2p/16Uiu2HAmHqKmaxzWkGNoXKYS84b5gjHkjhyXkwyW18s3T7g1Z8ft\", \"/ip4/127.0.0.1/tcp/63457/p2p/16Uiu2HAm2x8pTLoNcKjfCpH7vDzpcH5miDdtwtAp7VEb6QXFDNTK\"]"
[2026-10-01 22:20:45.128] [out] [delivery_module] DBG 2026-10-01 22:20:45.128+02:00 Dialing peer                               topics="libp2p dialer" tid=41494360 peerId=16U*ogi5Z5 addrs="[/ip4/127.0.0.1/tcp/63454]"
[2026-10-01 22:20:45.129] [out] [delivery_module] DBG 2026-10-01 22:20:45.129+02:00 Expanded address and hostname              topics="libp2p dialer" tid=41494360 expandedAddress=/ip4/127.0.0.1/tcp/63454 hostname=127.0.0.1 resolvedAddresses="[/ip4/127.0.0.1/tcp/63454]"
[2026-10-01 22:20:45.129] [out] [delivery_module] DBG 2026-10-01 22:20:45.129+02:00 Dialing peer                               topics="libp2p dialer" tid=41494360 peerId=16U*SSwTN5 addrs="[/ip4/127.0.0.1/tcp/63455]"
[2026-10-01 22:20:45.129] [out] [delivery_module] DBG 2026-10-01 22:20:45.129+02:00 Expanded address and hostname              topics="libp2p dialer" tid=41494360 expandedAddress=/ip4/127.0.0.1/tcp/63455 hostname=127.0.0.1 resolvedAddresses="[/ip4/127.0.0.1/tcp/63455]"
[2026-10-01 22:20:45.129] [out] [delivery_module] DBG 2026-10-01 22:20:45.129+02:00 Dialing peer                               topics="libp2p dialer" tid=41494360 peerId=16U*g1Z8ft addrs="[/ip4/127.0.0.1/tcp/63456]"
[2026-10-01 22:20:45.129] [out] [delivery_module] DBG 2026-10-01 22:20:45.129+02:00 Expanded address and hostname              topics="libp2p dialer" tid=41494360 expandedAddress=/ip4/127.0.0.1/tcp/63456 hostname=127.0.0.1 resolvedAddresses="[/ip4/127.0.0.1/tcp/63456]"
[2026-10-01 22:20:45.129] [out] [delivery_module] DBG 2026-10-01 22:20:45.129+02:00 Dialing peer                               topics="libp2p dialer" tid=41494360 peerId=16U*XFDNTK addrs="[/ip4/127.0.0.1/tcp/63457]"
[2026-10-01 22:20:45.129] [out] [delivery_module] DBG 2026-10-01 22:20:45.129+02:00 Expanded address and hostname              topics="libp2p dialer" tid=41494360 expandedAddress=/ip4/127.0.0.1/tcp/63457 hostname=127.0.0.1 resolvedAddresses="[/ip4/127.0.0.1/tcp/63457]"
[2026-10-01 22:20:45.130] [out] [delivery_module] DBG 2026-10-01 22:20:45.130+02:00 Subscribing to pubsub topic                topics="waku relay" tid=41494360 pubsubTopic=/waku/2/rs/42/0
[2026-10-01 22:20:45.131] [out] [delivery_module] DBG 2026-10-01 22:20:45.131+02:00 No mesh peer for the given pubsub topic    topics="waku relay" tid=41494360 pubsubTopic=/waku/2/rs/42/0
[2026-10-01 22:20:45.132] [info] [logos] [delivery_module] DeliveryModuleImpl: Subscribe completed for topic: /lp0026forum/1/general/text with success
[2026-10-01 22:20:45.136] [out] [delivery_module] DBG 2026-10-01 22:20:45.136+02:00 Dial successful                            topics="libp2p dialer" tid=41494360 peerId=16U*ogi5Z5
[2026-10-01 22:20:45.137] [out] [delivery_module] DBG 2026-10-01 22:20:45.136+02:00 starting sendNonHighPriorityTask           topics="libp2p pubsubpeer" tid=41494360 p=16U*ogi5Z5
[2026-10-01 22:20:45.137] [out] [delivery_module] DBG 2026-10-01 22:20:45.137+02:00 created new pubsub peer                    topics="libp2p pubsub" tid=41494360 peerId=16U*ogi5Z5
[2026-10-01 22:20:45.137] [out] [delivery_module] DBG 2026-10-01 22:20:45.137+02:00 no listener registered                     tid=41494361 event=onConnectionChange
[2026-10-01 22:20:45.137] [out] [delivery_module] DBG 2026-10-01 22:20:45.137+02:00 Incoming WakuRelay connection              topics="waku relay" tid=41494360 connection=16U*ogi5Z5:6abec09dfea12307cd0f9256 protocol=/vac/waku/relay/2.0.0
[2026-10-01 22:20:45.137] [out] [delivery_module] DBG 2026-10-01 22:20:45.137+02:00 starting pubsub read loop                  topics="libp2p pubsubpeer" tid=41494360 stream=16U*ogi5Z5:6abec09dfea12307cd0f9256 peer=16U*ogi5Z5 closed=false
[2026-10-01 22:20:45.137] [out] [delivery_module] DBG 2026-10-01 22:20:45.137+02:00 identify: info sent                        topics="libp2p identify" tid=41494360 stream=16U*ogi5Z5:6abec09dfea12307cd0f9257 info="(peerId: 16Uiu2HAm7D6ExAdPWey81Mm3cEVfxbMs74eK3W6ez2qhZXWMbDNA, listenAddrs: [/ip4/127.0.0.1/tcp/63459], addrs: [/ip4/127.0.0.1/tcp/63459], protocols: [/ipfs/id/1.0.0, /libp2p/autonat/1.0.0, /libp2p/circuit/relay/0.2.0/hop, /vac/waku/metadata/1.0.0, /vac/waku/relay/2.0.0, /ipfs/ping/1.0.0, /vac/waku/filter-push/2.0.0-beta1], protoVersion: ipfs/0.1.0, agentVersion: logos-delivery-v0.39.0-gca2814)"
[2026-10-01 22:20:45.137] [out] [delivery_module] DBG 2026-10-01 22:20:45.137+02:00 Dial successful                            topics="libp2p dialer" tid=41494360 peerId=16U*SSwTN5
[2026-10-01 22:20:45.137] [out] [delivery_module] DBG 2026-10-01 22:20:45.137+02:00 starting sendNonHighPriorityTask           topics="libp2p pubsubpeer" tid=41494360 p=16U*SSwTN5
[2026-10-01 22:20:45.137] [out] [delivery_module] DBG 2026-10-01 22:20:45.137+02:00 created new pubsub peer                    topics="libp2p pubsub" tid=41494360 peerId=16U*SSwTN5
[2026-10-01 22:20:45.137] [out] [delivery_module] DBG 2026-10-01 22:20:45.137+02:00 no listener registered                     tid=41494361 event=onConnectionChange
[2026-10-01 22:20:45.138] [out] [delivery_module] DBG 2026-10-01 22:20:45.138+02:00 Incoming WakuRelay connection              topics="waku relay" tid=41494360 connection=16U*SSwTN5:6abec09dfea12307cd0f925a protocol=/vac/waku/relay/2.0.0
[2026-10-01 22:20:45.138] [out] [delivery_module] DBG 2026-10-01 22:20:45.138+02:00 starting pubsub read loop                  topics="libp2p pubsubpeer" tid=41494360 stream=16U*SSwTN5:6abec09dfea12307cd0f925a peer=16U*SSwTN5 closed=false
[2026-10-01 22:20:45.138] [out] [delivery_module] DBG 2026-10-01 22:20:45.138+02:00 identify: info sent                        topics="libp2p identify" tid=41494360 stream=16U*SSwTN5:6abec09dfea12307cd0f925b info="(peerId: 16Uiu2HAm7D6ExAdPWey81Mm3cEVfxbMs74eK3W6ez2qhZXWMbDNA, listenAddrs: [/ip4/127.0.0.1/tcp/63459], addrs: [/ip4/127.0.0.1/tcp/63459], protocols: [/ipfs/id/1.0.0, /libp2p/autonat/1.0.0, /libp2p/circuit/relay/0.2.0/hop, /vac/waku/metadata/1.0.0, /vac/waku/relay/2.0.0, /ipfs/ping/1.0.0, /vac/waku/filter-push/2.0.0-beta1], protoVersion: ipfs/0.1.0, agentVersion: logos-delivery-v0.39.0-gca2814)"
[2026-10-01 22:20:45.138] [out] [delivery_module] DBG 2026-10-01 22:20:45.138+02:00 Dial successful                            topics="libp2p dialer" tid=41494360 peerId=16U*g1Z8ft
[2026-10-01 22:20:45.138] [out] [delivery_module] DBG 2026-10-01 22:20:45.138+02:00 starting sendNonHighPriorityTask           topics="libp2p pubsubpeer" tid=41494360 p=16U*g1Z8ft
[2026-10-01 22:20:45.138] [out] [delivery_module] DBG 2026-10-01 22:20:45.138+02:00 created new pubsub peer                    topics="libp2p pubsub" tid=41494360 peerId=16U*g1Z8ft
[2026-10-01 22:20:45.138] [out] [delivery_module] DBG 2026-10-01 22:20:45.138+02:00 no listener registered                     tid=41494361 event=onConnectionChange
[2026-10-01 22:20:45.139] [out] [delivery_module] DBG 2026-10-01 22:20:45.138+02:00 Dial successful                            topics="libp2p dialer" tid=41494360 peerId=16U*XFDNTK
[2026-10-01 22:20:45.139] [out] [delivery_module] DBG 2026-10-01 22:20:45.139+02:00 starting sendNonHighPriorityTask           topics="libp2p pubsubpeer" tid=41494360 p=16U*XFDNTK
[2026-10-01 22:20:45.139] [out] [delivery_module] DBG 2026-10-01 22:20:45.139+02:00 created new pubsub peer                    topics="libp2p pubsub" tid=41494360 peerId=16U*XFDNTK
[2026-10-01 22:20:45.139] [out] [delivery_module] DBG 2026-10-01 22:20:45.139+02:00 no listener registered                     tid=41494361 event=onConnectionChange
[2026-10-01 22:20:45.139] [out] [delivery_module] DBG 2026-10-01 22:20:45.139+02:00 identify: info received                    topics="libp2p identify" tid=41494360 stream=16U*ogi5Z5:6abec09dfea12307cd0f9259 pubkey=ok(sec...b20a)) addresses=/ip4/127.0.0.1/tcp/63454 protocols=/ipfs/id/1.0.0,/libp2p/autonat/1.0.0,/libp2p/circuit/relay/0.2.0/hop,/vac/waku/metadata/1.0.0,/mix/1.0.0,/vac/waku/relay/2.0.0,/ipfs/ping/1.0.0,/vac/waku/lightpush/3.0.0,/vac/waku/lightpush/2.0.0-beta1,/vac/waku/filter-push/2.0.0-beta1 observable_address=ok(/ip4/127.0.0.1/tcp/63547) proto_version=ipfs/0.1.0 agent_version=logos-delivery-v0.39.0-gca2814 signedPeerRecord=None
[2026-10-01 22:20:45.139] [out] [delivery_module] DBG 2026-10-01 22:20:45.139+02:00 Incoming WakuRelay connection              topics="waku relay" tid=41494360 connection=16U*g1Z8ft:6abec09dfea12307cd0f925e protocol=/vac/waku/relay/2.0.0
[2026-10-01 22:20:45.139] [out] [delivery_module] DBG 2026-10-01 22:20:45.139+02:00 starting pubsub read loop                  topics="libp2p pubsubpeer" tid=41494360 stream=16U*g1Z8ft:6abec09dfea12307cd0f925e peer=16U*g1Z8ft closed=false
[2026-10-01 22:20:45.139] [out] [delivery_module] DBG 2026-10-01 22:20:45.139+02:00 identify: info sent                        topics="libp2p identify" tid=41494360 stream=16U*g1Z8ft:6abec09dfea12307cd0f925f info="(peerId: 16Uiu2HAm7D6ExAdPWey81Mm3cEVfxbMs74eK3W6ez2qhZXWMbDNA, listenAddrs: [/ip4/127.0.0.1/tcp/63459], addrs: [/ip4/127.0.0.1/tcp/63459], protocols: [/ipfs/id/1.0.0, /libp2p/autonat/1.0.0, /libp2p/circuit/relay/0.2.0/hop, /vac/waku/metadata/1.0.0, /vac/waku/relay/2.0.0, /ipfs/ping/1.0.0, /vac/waku/filter-push/2.0.0-beta1], protoVersion: ipfs/0.1.0, agentVersion: logos-delivery-v0.39.0-gca2814)"
[2026-10-01 22:20:45.139] [out] [delivery_module] DBG 2026-10-01 22:20:45.139+02:00 Incoming WakuRelay connection              topics="waku relay" tid=41494360 connection=16U*XFDNTK:6abec09dfea12307cd0f9260 protocol=/vac/waku/relay/2.0.0
[2026-10-01 22:20:45.139] [out] [delivery_module] DBG 2026-10-01 22:20:45.139+02:00 starting pubsub read loop                  topics="libp2p pubsubpeer" tid=41494360 stream=16U*XFDNTK:6abec09dfea12307cd0f9260 peer=16U*XFDNTK closed=false
[2026-10-01 22:20:45.139] [out] [delivery_module] DBG 2026-10-01 22:20:45.139+02:00 identify: info sent                        topics="libp2p identify" tid=41494360 stream=16U*XFDNTK:6abec09dfea12307cd0f9261 info="(peerId: 16Uiu2HAm7D6ExAdPWey81Mm3cEVfxbMs74eK3W6ez2qhZXWMbDNA, listenAddrs: [/ip4/127.0.0.1/tcp/63459], addrs: [/ip4/127.0.0.1/tcp/63459], protocols: [/ipfs/id/1.0.0, /libp2p/autonat/1.0.0, /libp2p/circuit/relay/0.2.0/hop, /vac/waku/metadata/1.0.0, /vac/waku/relay/2.0.0, /ipfs/ping/1.0.0, /vac/waku/filter-push/2.0.0-beta1], protoVersion: ipfs/0.1.0, agentVersion: logos-delivery-v0.39.0-gca2814)"
[2026-10-01 22:20:45.140] [out] [delivery_module] DBG 2026-10-01 22:20:45.140+02:00 starting pubsub read loop                  topics="libp2p pubsubpeer" tid=41494360 stream=16U*ogi5Z5:6abec09dfea12307cd0f9258 peer=16U*ogi5Z5 closed=false
[2026-10-01 22:20:45.140] [out] [delivery_module] DBG 2026-10-01 22:20:45.140+02:00 Event identified                           topics="waku node peer_manager" tid=41494360 peerId=16U*ogi5Z5
[2026-10-01 22:20:45.140] [out] [delivery_module] DBG 2026-10-01 22:20:45.140+02:00 no listener registered                     tid=41494361 event=onConnectionChange
[2026-10-01 22:20:45.140] [out] [delivery_module] DBG 2026-10-01 22:20:45.140+02:00 identify: info received                    topics="libp2p identify" tid=41494360 stream=16U*SSwTN5:6abec09dfea12307cd0f925d pubkey=ok(sec...3652)) addresses=/ip4/127.0.0.1/tcp/63455 protocols=/ipfs/id/1.0.0,/libp2p/autonat/1.0.0,/libp2p/circuit/relay/0.2.0/hop,/vac/waku/metadata/1.0.0,/mix/1.0.0,/vac/waku/relay/2.0.0,/ipfs/ping/1.0.0,/vac/waku/lightpush/3.0.0,/vac/waku/lightpush/2.0.0-beta1,/vac/waku/filter-push/2.0.0-beta1 observable_address=ok(/ip4/127.0.0.1/tcp/63548) proto_version=ipfs/0.1.0 agent_version=logos-delivery-v0.39.0-gca2814 signedPeerRecord=None
[2026-10-01 22:20:45.140] [out] [delivery_module] DBG 2026-10-01 22:20:45.140+02:00 starting pubsub read loop                  topics="libp2p pubsubpeer" tid=41494360 stream=16U*SSwTN5:6abec09dfea12307cd0f925c peer=16U*SSwTN5 closed=false
[2026-10-01 22:20:45.141] [out] [delivery_module] DBG 2026-10-01 22:20:45.141+02:00 Event identified                           topics="waku node peer_manager" tid=41494360 peerId=16U*SSwTN5
[2026-10-01 22:20:45.141] [out] [delivery_module] DBG 2026-10-01 22:20:45.141+02:00 no listener registered                     tid=41494361 event=onConnectionChange
[2026-10-01 22:20:45.141] [out] [delivery_module] DBG 2026-10-01 22:20:45.141+02:00 identify: info received                    topics="libp2p identify" tid=41494360 stream=16U*XFDNTK:6abec09dfea12307cd0f9265 pubkey=ok(sec...38ae)) addresses=/ip4/127.0.0.1/tcp/63457 protocols=/ipfs/id/1.0.0,/libp2p/autonat/1.0.0,/libp2p/circuit/relay/0.2.0/hop,/vac/waku/metadata/1.0.0,/mix/1.0.0,/vac/waku/relay/2.0.0,/ipfs/ping/1.0.0,/vac/waku/lightpush/3.0.0,/vac/waku/lightpush/2.0.0-beta1,/vac/waku/filter-push/2.0.0-beta1 observable_address=ok(/ip4/127.0.0.1/tcp/63550) proto_version=ipfs/0.1.0 agent_version=logos-delivery-v0.39.0-gca2814 signedPeerRecord=None
[2026-10-01 22:20:45.141] [out] [delivery_module] DBG 2026-10-01 22:20:45.141+02:00 identify: info received                    topics="libp2p identify" tid=41494360 stream=16U*g1Z8ft:6abec09dfea12307cd0f9263 pubkey=ok(sec...7db7)) addresses=/ip4/127.0.0.1/tcp/63456 protocols=/ipfs/id/1.0.0,/libp2p/autonat/1.0.0,/libp2p/circuit/relay/0.2.0/hop,/vac/waku/metadata/1.0.0,/mix/1.0.0,/vac/waku/relay/2.0.0,/ipfs/ping/1.0.0,/vac/waku/lightpush/3.0.0,/vac/waku/lightpush/2.0.0-beta1,/vac/waku/filter-push/2.0.0-beta1 observable_address=ok(/ip4/127.0.0.1/tcp/63549) proto_version=ipfs/0.1.0 agent_version=logos-delivery-v0.39.0-gca2814 signedPeerRecord=None
[2026-10-01 22:20:45.141] [out] [delivery_module] DBG 2026-10-01 22:20:45.141+02:00 starting pubsub read loop                  topics="libp2p pubsubpeer" tid=41494360 stream=16U*XFDNTK:6abec09dfea12307cd0f9264 peer=16U*XFDNTK closed=false
[2026-10-01 22:20:45.141] [out] [delivery_module] DBG 2026-10-01 22:20:45.141+02:00 starting pubsub read loop                  topics="libp2p pubsubpeer" tid=41494360 stream=16U*g1Z8ft:6abec09dfea12307cd0f9262 peer=16U*g1Z8ft closed=false
[2026-10-01 22:20:45.142] [out] [delivery_module] DBG 2026-10-01 22:20:45.142+02:00 Event identified                           topics="waku node peer_manager" tid=41494360 peerId=16U*XFDNTK
[2026-10-01 22:20:45.142] [out] [delivery_module] DBG 2026-10-01 22:20:45.142+02:00 no listener registered                     tid=41494361 event=onConnectionChange
[2026-10-01 22:20:45.142] [out] [delivery_module] DBG 2026-10-01 22:20:45.142+02:00 Event identified                           topics="waku node peer_manager" tid=41494360 peerId=16U*g1Z8ft
[2026-10-01 22:20:45.142] [out] [delivery_module] DBG 2026-10-01 22:20:45.142+02:00 no listener registered                     tid=41494361 event=onConnectionChange
[2026-10-01 22:20:45.142] [out] [delivery_module] DBG 2026-10-01 22:20:45.142+02:00 Received WakuMetadata request              topics="waku metadata" tid=41494360 remoteClusterId=ok(42) remoteShards="[0]" localClusterId=42 localShards="[0]" peer=16U*SSwTN5
[2026-10-01 22:20:45.142] [out] [delivery_module] DBG 2026-10-01 22:20:45.142+02:00 Received WakuMetadata request              topics="waku metadata" tid=41494360 remoteClusterId=ok(42) remoteShards="[0]" localClusterId=42 localShards="[0]" peer=16U*ogi5Z5
[2026-10-01 22:20:45.143] [out] [delivery_module] DBG 2026-10-01 22:20:45.143+02:00 Received WakuMetadata request              topics="waku metadata" tid=41494360 remoteClusterId=ok(42) remoteShards="[0]" localClusterId=42 localShards="[0]" peer=16U*g1Z8ft
[2026-10-01 22:20:45.143] [out] [delivery_module] DBG 2026-10-01 22:20:45.143+02:00 Received WakuMetadata request              topics="waku metadata" tid=41494360 remoteClusterId=ok(42) remoteShards="[0]" localClusterId=42 localShards="[0]" peer=16U*XFDNTK
[2026-10-01 22:20:45.143] [out] [delivery_module] DBG 2026-10-01 22:20:45.143+02:00 no listener registered                     tid=41494361 event=onConnectionChange
[2026-10-01 22:20:45.144] [out] [delivery_module] DBG 2026-10-01 22:20:45.144+02:00 no listener registered                     tid=41494361 event=onConnectionChange
[2026-10-01 22:20:45.144] [out] [delivery_module] DBG 2026-10-01 22:20:45.144+02:00 no listener registered                     tid=41494361 event=onConnectionChange
[2026-10-01 22:20:45.144] [out] [delivery_module] DBG 2026-10-01 22:20:45.144+02:00 no listener registered                     tid=41494361 event=onConnectionChange
[2026-10-01 22:20:45.144] [out] [delivery_module] DBG 2026-10-01 22:20:45.144+02:00 Finished dialing multiple peers            tid=41494360 successfulConns=4 attempted=4
[2026-10-01 22:20:45.144] [out] [delivery_module] DBG 2026-10-01 22:20:45.144+02:00 Starting peer exchange loop                topics="waku node peerexchange api" tid=41494360
[2026-10-01 22:20:45.144] [out] [delivery_module] DBG 2026-10-01 22:20:45.144+02:00 Retrieving peer info via peer exchange protocol topics="waku node peerexchange api" tid=41494360 amount=5
[2026-10-01 22:20:45.144] [out] [delivery_module] DBG 2026-10-01 22:20:45.144+02:00 Peer exchange request could not be made as no peer exchange peers found topics="waku peer_exchange client" tid=41494360
[2026-10-01 22:20:45.144] [out] [delivery_module] DBG 2026-10-01 22:20:45.144+02:00 Failed to retrieve peer info via peer exchange protocol topics="waku node peerexchange api" tid=41494360 error="(status_code: SERVICE_UNAVAILABLE, status_desc: ok(peer_not_found_failure))"
[2026-10-01 22:20:45.144] [out] [delivery_module] DBG 2026-10-01 22:20:45.144+02:00 Cannot fetch peers from peer exchange      topics="waku node peerexchange api" tid=41494360 cause="(status_code: SERVICE_UNAVAILABLE, status_desc: ok(peer_not_found_failure))"
[2026-10-01 22:20:45.144] [out] [delivery_module] INF 2026-10-01 22:20:45.144+02:00 Relay peer connections                     topics="waku node peer_manager" tid=41494360 inRelayConns=0/50 outRelayConns=4/25 totalConnections=4/150 notConnectedPeers=0 outsideBackoffPeers=0
[2026-10-01 22:20:45.145] [out] [delivery_module] DBG 2026-10-01 22:20:45.145+02:00 ENR addresses updated                      topics="waku enr" tid=41494360 retained=1 total=1
[2026-10-01 22:20:45.145] [out] [delivery_module] INF 2026-10-01 22:20:45.145+02:00 Node is online                             topics="waku online monitor" tid=41494360
[2026-10-01 22:20:45.145] [out] [delivery_module] INF 2026-10-01 22:20:45.145+02:00 Health monitor loop start                  tid=41494360
[2026-10-01 22:20:45.146] [out] [delivery_module] DBG 2026-10-01 22:20:45.146+02:00 calculateConnectionState                   tid=41494360 relayCount=4 storeClientCount=0 lightpushCount=4 filterCount=0
[2026-10-01 22:20:45.146] [out] [delivery_module] DBG 2026-10-01 22:20:45.146+02:00 connectionStatus change                    tid=41494360 oldstatus=Disconnected newstatus=Connected
[2026-10-01 22:20:45.146] [out] [delivery_module] INF 2026-10-01 22:20:45.146+02:00 starting keepalive                         tid=41494360 randomPeersKeepalive=10s allPeersKeepalive=2m
[2026-10-01 22:20:45.233] [out] [delivery_module] DBG 2026-10-01 22:20:45.233+02:00 no listener registered                     tid=41494361 event=onTopicHealthChange
[2026-10-01 22:20:45.248] [out] [delivery_module] DBG 2026-10-01 22:20:45.248+02:00 calculateConnectionState                   tid=41494360 relayCount=4 storeClientCount=0 lightpushCount=4 filterCount=0
Loaded UI plugin: "/nix/store/66hmy1akc1bjr0wa85n629s9y1chnimp-logos-forum_module-plugin-dir"
[QmlInspector] Inspector server listening on port 3769
[QmlInspector] Client connected from "::1"
[2026-10-01 22:20:51.779] [out] [delivery_module] INF 2026-10-01 22:20:51.778+02:00 Message received                           tid=41494360 msg_hash=0xff311b8dcb1cfcb6a6a86a7055d59515d72ac585eeaf05695a8017aa167ee0d0 contentTopic=/lp0026forum/1/general/text pubsubTopic=/waku/2/rs/42/0 source=live
[QmlInspector] Client disconnected
