run-logos-standalone-ui: hot-reloading QML from <repo>/src/qml
  (export DEV_QML_PATH to override, or LOGOS_QML_HOT_RELOAD=0 to disable)
Session directory: "~/Library/Application Support/Logos/LogosStandalone"
[2026-10-03 14:04:02.259] [info] [logos] Granting host services to 'capability_module': token_registry,token_delivery
[2026-10-03 14:04:02.290] [out] [capability_module] [2026-10-03 14:04:02.290] [info] Granting host services to capability_module: ["token_registry","token_delivery"]
RemoteTransportConnection: Connecting to registry: "local:logos_capability_module_ae06bcc6fc5d" at "14:04:02.291"
RemoteTransportConnection: Registry connect attempt started (no peer contact yet): "local:logos_capability_module_ae06bcc6fc5d"
LogosAPIConsumer: Informing module token for module: "capability_module" with token: "redacted:a23b32ae…"
RemoteTransportConnection: Requesting object: "capability_module" at "14:04:02.291"
[LogosObject] RemoteTransportConnection: returning RemoteLogosObject for: "capability_module"
[LogosObject] Created RemoteLogosObject wrapping QRemoteObjectReplica 105553120564640
[LogosObject] LogosAPIConsumer: calling LogosObject::informModuleToken for "capability_module"
LogosAPIConsumer: informModuleToken completed with result: true
[LogosObject] Destroying RemoteLogosObject 0
[2026-10-03 14:04:02.291] [info] [logos] Module loaded: capability_module
LogosAPIConsumer: Informing module token for module: "modules_state" with token: "redacted:35420982…"
RemoteTransportConnection: Requesting object: "capability_module" at "14:04:02.317"
[LogosObject] RemoteTransportConnection: returning RemoteLogosObject for: "capability_module"
[LogosObject] Created RemoteLogosObject wrapping QRemoteObjectReplica 105553120531744
[LogosObject] LogosAPIConsumer: calling LogosObject::informModuleToken for "modules_state"
LogosAPIConsumer: informModuleToken completed with result: true
[LogosObject] Destroying RemoteLogosObject 0
[2026-10-03 14:04:02.317] [info] [logos] Module loaded: modules_state
RemoteTransportConnection: Connecting to registry: "local:logos_modules_state_ae06bcc6fc5d" at "14:04:02.317"
RemoteTransportConnection: Registry connect attempt started (no peer contact yet): "local:logos_modules_state_ae06bcc6fc5d"
RemoteTransportConnection: Connecting to registry: "local:logos_capability_module_ae06bcc6fc5d" at "14:04:02.317"
RemoteTransportConnection: Registry connect attempt started (no peer contact yet): "local:logos_capability_module_ae06bcc6fc5d"
LogosAPIConsumer: '"modules_state"::""' deferred pending the module becoming reachable
LogosAPIConsumer: '"modules_state"::""' deferred pending the module becoming reachable
Logos Core started (modules dir: "/nix/store/4v2cj5cr5dlsjb9cl0blr0cds0qf07iv-logos-forum_module-plugin-dir-modules" )
Set app icon from metadata: "/nix/store/94c8irj0hlxzbcfp202lmgmqqp9xlqj2-logos-forum_module-plugin-dir/src/icons/icon.png"
[2026-10-03 14:04:02.347] [info] [logos] [delivery_module] DeliveryModuleImpl: Initializing...
LogosAPIConsumer: Informing module token for module: "delivery_module" with token: "redacted:4d836632…"
RemoteTransportConnection: Requesting object: "capability_module" at "14:04:02.347"
[LogosObject] RemoteTransportConnection: returning RemoteLogosObject for: "capability_module"
[LogosObject] Created RemoteLogosObject wrapping QRemoteObjectReplica 105553120531680
[LogosObject] LogosAPIConsumer: calling LogosObject::informModuleToken for "delivery_module"
LogosAPIConsumer: informModuleToken completed with result: true
[LogosObject] Destroying RemoteLogosObject 0
[2026-10-03 14:04:02.347] [info] [logos] Module loaded: delivery_module
RemoteTransportConnection: Connecting to registry: "local:logos_delivery_module_ae06bcc6fc5d" at "14:04:02.348"
RemoteTransportConnection: Registry connect attempt started (no peer contact yet): "local:logos_delivery_module_ae06bcc6fc5d"
RemoteTransportConnection: Connecting to registry: "local:logos_capability_module_ae06bcc6fc5d" at "14:04:02.348"
RemoteTransportConnection: Registry connect attempt started (no peer contact yet): "local:logos_capability_module_ae06bcc6fc5d"
LogosAPIConsumer: '"delivery_module"::""' deferred pending the module becoming reachable
LogosAPIClient: getToken for module: "modules_state"
LogosAPIClient: Found token for module: "modules_state"
RemoteTransportConnection: Requesting object: "modules_state" at "14:04:02.348"
[LogosObject] RemoteTransportConnection: returning RemoteLogosObject for: "modules_state"
[LogosObject] Created RemoteLogosObject wrapping QRemoteObjectReplica 105553120478688
[LogosObject] LogosAPIConsumer: async calling via LogosObject::callMethodAsync "note_transition"
[LogosObject] RemoteLogosObject::callMethodAsync "note_transition" args: 7
LogosAPIClient: getToken for module: "modules_state"
LogosAPIClient: Found token for module: "modules_state"
[LogosObject] LogosAPIConsumer: async calling via LogosObject::callMethodAsync "note_transition"
[LogosObject] RemoteLogosObject::callMethodAsync "note_transition" args: 7
Loaded dependency (with transitive deps): "delivery_module"
[2026-10-03 14:04:02.374] [info] [logos] [storage_module] StorageModuleImpl: Initializing...
LogosAPIConsumer: Informing module token for module: "storage_module" with token: "redacted:4bc7e0e8…"
RemoteTransportConnection: Requesting object: "capability_module" at "14:04:02.375"
[LogosObject] Created RemoteLogosObject wrapping QRemoteObjectReplica 105553120513280
LogosAPIClient: invoking remote method "modules_state" "apply_snapshot" args_count: 1
LogosAPIClient: getToken for module: "modules_state"
LogosAPIClient: Found token for module: "modules_state"
LogosAPIConsumer: Calling invokeRemoteMethod: "modules_state" "apply_snapshot" args_count: 1 timeout: 20000
[LogosObject] LogosAPIConsumer: calling via LogosObject::callMethod "apply_snapshot"
[LogosObject] RemoteLogosObject::callMethod "apply_snapshot" args: 1
[LogosObject] Created RemoteLogosObject wrapping QRemoteObjectReplica 105553120478464
LogosAPIClient: getToken for module: "modules_state"
LogosAPIClient: Found token for module: "modules_state"
[LogosObject] LogosAPIConsumer: async calling via LogosObject::callMethodAsync "note_transition"
[LogosObject] RemoteLogosObject::callMethodAsync "note_transition" args: 7
LogosAPIClient: getToken for module: "modules_state"
LogosAPIClient: Found token for module: "modules_state"
[LogosObject] LogosAPIConsumer: async calling via LogosObject::callMethodAsync "note_transition"
[LogosObject] RemoteLogosObject::callMethodAsync "note_transition" args: 7
[2026-10-03 14:04:02.375] [info] [logos] Pushed module snapshot to modules_state
LogosAPIClient: getToken for module: "modules_state"
LogosAPIClient: Found token for module: "modules_state"
[LogosObject] LogosAPIConsumer: async calling via LogosObject::callMethodAsync "note_transition"
[LogosObject] RemoteLogosObject::callMethodAsync "note_transition" args: 7
[LogosObject] RemoteTransportConnection: returning RemoteLogosObject for: "capability_module"
[LogosObject] Created RemoteLogosObject wrapping QRemoteObjectReplica 105553120461952
[LogosObject] LogosAPIConsumer: calling LogosObject::informModuleToken for "storage_module"
LogosAPIConsumer: informModuleToken completed with result: true
[LogosObject] Destroying RemoteLogosObject 0
[2026-10-03 14:04:02.375] [info] [logos] Module loaded: storage_module
RemoteTransportConnection: Connecting to registry: "local:logos_storage_module_ae06bcc6fc5d" at "14:04:02.376"
RemoteTransportConnection: Registry connect attempt started (no peer contact yet): "local:logos_storage_module_ae06bcc6fc5d"
RemoteTransportConnection: Connecting to registry: "local:logos_capability_module_ae06bcc6fc5d" at "14:04:02.376"
RemoteTransportConnection: Registry connect attempt started (no peer contact yet): "local:logos_capability_module_ae06bcc6fc5d"
LogosAPIConsumer: '"storage_module"::""' deferred pending the module becoming reachable
LogosAPIClient: getToken for module: "modules_state"
LogosAPIClient: Found token for module: "modules_state"
[LogosObject] LogosAPIConsumer: async calling via LogosObject::callMethodAsync "note_transition"
[LogosObject] RemoteLogosObject::callMethodAsync "note_transition" args: 7
Loaded dependency (with transitive deps): "storage_module"
DEV_QML_PATH override active: <repo>/src/qml/Main.qml
RemoteTransportConnection: Connecting to registry: "local:logos_capability_module_ae06bcc6fc5d" at "14:04:02.376"
RemoteTransportConnection: Registry connect attempt started (no peer contact yet): "local:logos_capability_module_ae06bcc6fc5d"
LogosAPIConsumer: Informing module token for module: "forum_module" with token: "redacted:97191cfd…"
RemoteTransportConnection: Requesting object: "capability_module" at "14:04:02.376"
[LogosObject] Created RemoteLogosObject wrapping QRemoteObjectReplica 105553120515712
LogosAPIClient: getToken for module: "modules_state"
LogosAPIClient: Found token for module: "modules_state"
[LogosObject] LogosAPIConsumer: async calling via LogosObject::callMethodAsync "note_transition"
[LogosObject] RemoteLogosObject::callMethodAsync "note_transition" args: 7
[LogosObject] RemoteTransportConnection: returning RemoteLogosObject for: "capability_module"
[LogosObject] Created RemoteLogosObject wrapping QRemoteObjectReplica 105553120516544
[LogosObject] LogosAPIConsumer: calling LogosObject::informModuleToken for "forum_module"
LogosAPIConsumer: informModuleToken completed with result: true
[LogosObject] Destroying RemoteLogosObject 0
qt.qpa.fonts: Populating font family aliases took 38 ms. Replace uses of missing font family "Sans Serif" with one that exists to avoid this cost. 
QML hot reload active — watching <repo>/src/qml 
  edit any .qml/.js under it and save; set LOGOS_QML_HOT_RELOAD=0 to disable
Loaded UI plugin: "/nix/store/94c8irj0hlxzbcfp202lmgmqqp9xlqj2-logos-forum_module-plugin-dir"
[QmlInspector] Inspector server listening on port 3768
